WARN [06-01|05:53:51.931] Unknown config environment variable      envvar=GETH_PBT_BIN
WARN [06-01|05:53:51.931] Unknown config environment variable      envvar=GETH_UBT_BIN
INFO [06-01|05:53:51.944] Starting Geth on Ethereum mainnet...
INFO [06-01|05:53:51.946] Maximum peer count                       ETH=0 total=0
INFO [06-01|05:53:51.947] Smartcard socket not found, disabling    err="stat /run/pcscd/pcscd.comm: no such file or directory"
WARN [06-01|05:53:51.950] Option --miner.etherbase is deprecated as the etherbase is set by the consensus client post-merge
WARN [06-01|05:53:51.951] Snap sync requested, resetting --cache.snapshot
INFO [06-01|05:53:51.951] Set global gas cap                       cap=50,000,000
INFO [06-01|05:53:52.745] Using developer account                  address=0xf39Fd6e51aad88F6F4ce6aB8827279cffFb92266
INFO [06-01|05:53:52.789] Using pebble as the backing database
INFO [06-01|05:53:52.790] Allocated cache and file handles         database=/mnt/state_expiry_vol_data/ubt-vs-pbt-dbs/ubt/geth/chaindata cache=16.00MiB handles=262,144
INFO [06-01|05:53:53.002] Opened ancient database                  database=/mnt/state_expiry_vol_data/ubt-vs-pbt-dbs/ubt/geth/chaindata/ancient/chain readonly=true
INFO [06-01|05:53:53.002] Opened Era store                         datadir=/mnt/state_expiry_vol_data/ubt-vs-pbt-dbs/ubt/geth/chaindata/ancient/chain/era
INFO [06-01|05:53:53.009] Initializing the KZG library             backend=gokzg
INFO [06-01|05:53:53.011] Allocated trie memory caches             clean=0.00B dirty=0.00B
INFO [06-01|05:53:53.020] Using pebble as the backing database
INFO [06-01|05:53:53.020] Allocated cache and file handles         database=/mnt/state_expiry_vol_data/ubt-vs-pbt-dbs/ubt/geth/chaindata cache=16.00MiB handles=262,144
INFO [06-01|05:53:53.194] Opened ancient database                  database=/mnt/state_expiry_vol_data/ubt-vs-pbt-dbs/ubt/geth/chaindata/ancient/chain readonly=false
INFO [06-01|05:53:53.194] Opened Era store                         datadir=/mnt/state_expiry_vol_data/ubt-vs-pbt-dbs/ubt/geth/chaindata/ancient/chain/era
INFO [06-01|05:53:53.199] State scheme set to already existing     scheme=path
INFO [06-01|05:53:53.200] Initialising Ethereum protocol           network=1337 dbversion=9
INFO [06-01|05:53:53.200] Load database journal from file          path=/mnt/state_expiry_vol_data/ubt-vs-pbt-dbs/ubt/geth/triedb/verkle.journal
INFO [06-01|05:53:53.265] Opened ancient database                  database=/mnt/state_expiry_vol_data/ubt-vs-pbt-dbs/ubt/geth/chaindata/ancient/state_verkle readonly=false
INFO [06-01|05:53:53.271] State snapshot generator is not compatible
INFO [06-01|05:53:53.271] Initialized path database                triecache=0.00B statecache=0.00B buffer=0.00B state-history="last 90000 blocks" journal-dir=/mnt/state_expiry_vol_data/ubt-vs-pbt-dbs/ubt/geth/triedb verkle=true
INFO [06-01|05:53:53.271] 
INFO [06-01|05:53:53.271] ---------------------------------------------------------------------------------------------------------------------------------------------------------
INFO [06-01|05:53:53.271] Chain ID:  1337 (unknown)
INFO [06-01|05:53:53.271] Consensus: unknown
INFO [06-01|05:53:53.271] 
INFO [06-01|05:53:53.271] Pre-Merge hard forks (block based):
INFO [06-01|05:53:53.271]  - Homestead:                   #0       
INFO [06-01|05:53:53.271]  - Tangerine Whistle (EIP 150): #0       
INFO [06-01|05:53:53.271]  - Spurious Dragon/1 (EIP 155): #0       
INFO [06-01|05:53:53.271]  - Spurious Dragon/2 (EIP 158): #0       
INFO [06-01|05:53:53.271]  - Byzantium:                   #0       
INFO [06-01|05:53:53.271]  - Constantinople:              #0       
INFO [06-01|05:53:53.271]  - Petersburg:                  #0       
INFO [06-01|05:53:53.271]  - Istanbul:                    #0       
INFO [06-01|05:53:53.271]  - Berlin:                      #0       
INFO [06-01|05:53:53.271]  - London:                      #0       
INFO [06-01|05:53:53.271]  - Arrow Glacier:               #0       
INFO [06-01|05:53:53.271]  - Gray Glacier:                #0       
INFO [06-01|05:53:53.271] 
INFO [06-01|05:53:53.271] Merge configured:
INFO [06-01|05:53:53.271]  - Total terminal difficulty:  0
INFO [06-01|05:53:53.271]  - Merge netsplit block:       #0       
INFO [06-01|05:53:53.271] 
INFO [06-01|05:53:53.271] Post-Merge hard forks (timestamp based):
INFO [06-01|05:53:53.271]  - Shanghai:                    @0         
INFO [06-01|05:53:53.271]  - Cancun:                      @0          blob: (target: 3, max: 6, fraction: 3338477)
INFO [06-01|05:53:53.271]  - Prague:                      @0          blob: (target: 6, max: 9, fraction: 5007716)
INFO [06-01|05:53:53.271]  - Osaka:                       @0          blob: (target: 6, max: 9, fraction: 5007716)
INFO [06-01|05:53:53.271]  - UBT:                         @0          blob: (nil)
INFO [06-01|05:53:53.271] 
INFO [06-01|05:53:53.271] All fork specifications can be found at https://ethereum.github.io/execution-specs/src/ethereum/forks/
INFO [06-01|05:53:53.271] 
INFO [06-01|05:53:53.271] ---------------------------------------------------------------------------------------------------------------------------------------------------------
INFO [06-01|05:53:53.271] 
INFO [06-01|05:53:53.272] Loaded most recent local block           number=350 hash=c99b9d..c7f9da age=3s
INFO [06-01|05:53:53.272] Loaded most recent local finalized block number=320 hash=99d785..2808c1 age=50s
INFO [06-01|05:53:53.273] Initialized transaction indexer          range="last 2350000 blocks"
INFO [06-01|05:53:53.273] Initialized log indexer                  firstblock=0 lastblock=350 firstmap=0 lastmap=0 headindexed=true
INFO [06-01|05:53:53.321] Enabled full-sync                        head=350 hash=c99b9d..c7f9da
INFO [06-01|05:53:53.321] Unprotected transactions allowed
INFO [06-01|05:53:53.321] Gasprice oracle is ignoring threshold set threshold=2
INFO [06-01|05:53:53.322] Registered sync override service
WARN [06-01|05:53:53.322] You are running Geth in --dev mode. Please note the following:
WARN [06-01|05:53:53.322] 
WARN [06-01|05:53:53.322]   1. This mode is only intended for fast, iterative development without assumptions on
WARN [06-01|05:53:53.322]      security or persistence.
WARN [06-01|05:53:53.322]   2. The database is created in memory unless specified otherwise. Therefore, shutting down
WARN [06-01|05:53:53.322]      your computer or losing power will wipe your entire block data and chain state for
WARN [06-01|05:53:53.322]      your dev environment.
WARN [06-01|05:53:53.322]   3. A random, pre-allocated developer account will be available and unlocked as
WARN [06-01|05:53:53.322]      eth.coinbase, which can be used for testing. The random dev account is temporary,
WARN [06-01|05:53:53.322]      stored on a ramdisk, and will be lost if your machine is restarted.
WARN [06-01|05:53:53.322]   4. Mining is enabled by default. However, the client will only seal blocks if transactions
WARN [06-01|05:53:53.322]      are pending in the mempool. The miner's minimum accepted gas price is 1.
WARN [06-01|05:53:53.322]   5. Networking is disabled; there is no listen-address, the maximum number of peers is set
WARN [06-01|05:53:53.322]      to 0, and discovery is disabled.
WARN [06-01|05:53:53.322] 
INFO [06-01|05:53:53.322] Starting peer-to-peer node               instance=Geth/v1.17.3-unstable/linux-amd64/go1.24.9
WARN [06-01|05:53:53.322] P2P server will be useless, neither dialing nor listening
INFO [06-01|05:53:53.355] IPC endpoint opened                      url=/mnt/state_expiry_vol_data/ubt-vs-pbt-dbs/ubt/geth.ipc
ERROR[06-01|05:53:53.355] Unavailable modules in HTTP API list     unavailable=[personal] available="[admin debug web3 eth txpool miner net dev testing]"
INFO [06-01|05:53:53.356] New local node record                    seq=1,780,289,664,080 id=c084d8867e8cc127 ip=127.0.0.1 udp=0 tcp=0
INFO [06-01|05:53:53.356] Started P2P networking                   self=enode://ed0ccbffbfc0dc9f1b0f8e55d585ad3e61215b1974f32d9388e7ae53563e3ebe0172c21d754fa202c3a63f95bef3ff3ea24339ffdabd0115c47ec5b8d33136a9@127.0.0.1:0
INFO [06-01|05:53:53.356] HTTP server started                      endpoint=127.0.0.1:8545 auth=false prefix= cors= vhosts=localhost
INFO [06-01|05:53:53.356] WebSocket enabled                        url=ws://127.0.0.1:8546
INFO [06-01|05:53:53.432] Loaded local transaction journal         transactions=657 dropped=0
INFO [06-01|05:53:54.679] Started log indexer
INFO [06-01|05:53:54.723] Starting work on payload                 id=0x033a296fad8682be
INFO [06-01|05:53:54.736] Updated payload                          id=0x033a296fad8682be number=351 hash=4be1d1..c2a378 txs=0 withdrawals=0 gas=0 fees=0 root=d88338..74df87 elapsed=13.037ms
INFO [06-01|05:53:54.736] Stopping work on payload                 id=0x033a296fad8682be reason=delivery
WARN [06-01|05:53:54.741] {"level":"warn","msg":"Slow block","block":{"number":351,"hash":"0x4be1d1fff6093bd624613c73dafe156a34fba3bdd17a7b8cf1247554b4c2a378","gas_used":0,"tx_count":0},"timing":{"execution_ms":0.079162,"state_read_ms":3.58754,"state_hash_ms":0.001536,"commit_ms":0.32686,"total_ms":4.287245},"throughput":{"mgas_per_sec":0},"state_reads":{"accounts":4,"storage_slots":0,"code":0,"code_bytes":0},"state_writes":{"accounts":0,"accounts_deleted":0,"storage_slots":0,"storage_slots_deleted":0,"code":0,"code_bytes":0},"cache":{"account":{"hits":0,"misses":4,"hit_rate":0},"storage":{"hits":0,"misses":0,"hit_rate":0},"code":{"hits":0,"misses":0,"hit_rate":0,"hit_bytes":0,"miss_bytes":0}}}
INFO [06-01|05:53:54.741] Imported new potential chain segment     number=351 hash=4be1d1..c2a378 blocks=1 txs=0 mgas=0.000 elapsed=4.783ms  mgasps=0.000 triediffs=2.06MiB triedirty=0.00B
INFO [06-01|05:53:54.741] Chain head was updated                   number=351 hash=4be1d1..c2a378 root=d88338..74df87 elapsed="71.567µs"
INFO [06-01|05:53:55.747] Starting work on payload                 id=0x03ba18e7a002307b
INFO [06-01|05:53:55.754] Updated payload                          id=0x03ba18e7a002307b number=352 hash=779a81..ac27ed txs=0 withdrawals=0 gas=0 fees=0 root=d88338..74df87 elapsed=7.115ms
INFO [06-01|05:53:55.754] Stopping work on payload                 id=0x03ba18e7a002307b reason=delivery
WARN [06-01|05:53:55.758] {"level":"warn","msg":"Slow block","block":{"number":352,"hash":"0x779a81c9abd4885eda3903c4d2766ce49d0d2dea13346de46e111a481cac27ed","gas_used":0,"tx_count":0},"timing":{"execution_ms":0.058503,"state_read_ms":3.217547,"state_hash_ms":0.002921,"commit_ms":0.173508,"total_ms":3.612272},"throughput":{"mgas_per_sec":0},"state_reads":{"accounts":4,"storage_slots":0,"code":0,"code_bytes":0},"state_writes":{"accounts":0,"accounts_deleted":0,"storage_slots":0,"storage_slots_deleted":0,"code":0,"code_bytes":0},"cache":{"account":{"hits":0,"misses":4,"hit_rate":0},"storage":{"hits":0,"misses":0,"hit_rate":0},"code":{"hits":0,"misses":0,"hit_rate":0,"hit_bytes":0,"miss_bytes":0}}}
INFO [06-01|05:53:55.758] Imported new potential chain segment     number=352 hash=779a81..ac27ed blocks=1 txs=0 mgas=0.000 elapsed=3.833ms    mgasps=0.000 triediffs=2.06MiB triedirty=0.00B
INFO [06-01|05:53:55.758] Chain head was updated                   number=352 hash=779a81..ac27ed root=d88338..74df87 elapsed="34.544µs"
INFO [06-01|05:53:56.785] Starting work on payload                 id=0x038fbb6e1755864c
INFO [06-01|05:53:56.802] Updated payload                          id=0x038fbb6e1755864c number=353 hash=41fe5b..7fe012 txs=0 withdrawals=0 gas=0 fees=0 root=d88338..74df87 elapsed=16.827ms
INFO [06-01|05:53:56.803] Stopping work on payload                 id=0x038fbb6e1755864c reason=delivery
WARN [06-01|05:53:56.808] {"level":"warn","msg":"Slow block","block":{"number":353,"hash":"0x41fe5bc63869046ec46c39e00cdb05f3ee423da5041fa29bff0a34a7107fe012","gas_used":0,"tx_count":0},"timing":{"execution_ms":0.030908,"state_read_ms":3.025208,"state_hash_ms":0.003229,"commit_ms":1.330594,"total_ms":4.891286},"throughput":{"mgas_per_sec":0},"state_reads":{"accounts":4,"storage_slots":0,"code":0,"code_bytes":0},"state_writes":{"accounts":0,"accounts_deleted":0,"storage_slots":0,"storage_slots_deleted":0,"code":0,"code_bytes":0},"cache":{"account":{"hits":0,"misses":4,"hit_rate":0},"storage":{"hits":0,"misses":0,"hit_rate":0},"code":{"hits":0,"misses":0,"hit_rate":0,"hit_bytes":0,"miss_bytes":0}}}
INFO [06-01|05:53:56.808] Imported new potential chain segment     number=353 hash=41fe5b..7fe012 blocks=1 txs=0 mgas=0.000 elapsed=5.086ms    mgasps=0.000 triediffs=2.06MiB triedirty=0.00B
INFO [06-01|05:53:56.808] Chain head was updated                   number=353 hash=41fe5b..7fe012 root=d88338..74df87 elapsed="62.061µs"
INFO [06-01|05:53:56.897] Submitted contract creation              hash=0x129363e5d08c5f4cc310a11df540a9c81b3fcf963bd94de09c1174bc086de23e from=0xf39Fd6e51aad88F6F4ce6aB8827279cffFb92266 nonce=73 contract=0xDC11f7E700A4c898AE5CAddB1082cFfa76512aDD value=0
INFO [06-01|05:53:56.898] Submitted transaction                    hash=0xf892202229fcdaa529000a56a2a7413846540b2e67c59d0ec6114a00d1e5f30b from=0xf39Fd6e51aad88F6F4ce6aB8827279cffFb92266 nonce=74 recipient=0x3A19B520c42854d58b4a7ec099d42fAc2acC4aBB value=78,000,000
INFO [06-01|05:53:57.812] Starting work on payload                 id=0x03afbe6551bfd444
INFO [06-01|05:53:57.841] Updated payload                          id=0x03afbe6551bfd444 number=354 hash=5c6620..54d5ee txs=2 withdrawals=0 gas=86852 fees=5.21112e-13 root=626c5e..d868dd elapsed=28.832ms
INFO [06-01|05:53:57.842] Stopping work on payload                 id=0x03afbe6551bfd444 reason=delivery
INFO [06-01|05:53:57.884] Paused snapshot generation
WARN [06-01|05:53:57.885] {"level":"warn","msg":"Slow block","block":{"number":354,"hash":"0x5c66201250b7095550407a1ff7ab496ce86691eb672494b41f5bbbfcd954d5ee","gas_used":86852,"tx_count":2},"timing":{"execution_ms":0.114738,"state_read_ms":13.950145,"state_hash_ms":24.460304,"commit_ms":4.231709,"total_ms":43.021792},"throughput":{"mgas_per_sec":2.0187908490655153},"state_reads":{"accounts":11,"storage_slots":0,"code":0,"code_bytes":0},"state_writes":{"accounts":3,"accounts_deleted":0,"storage_slots":0,"storage_slots_deleted":0,"code":1,"code_bytes":157},"cache":{"account":{"hits":6,"misses":5,"hit_rate":54.54545454545454},"storage":{"hits":0,"misses":0,"hit_rate":0},"code":{"hits":0,"misses":0,"hit_rate":0,"hit_bytes":0,"miss_bytes":0}}}
INFO [06-01|05:53:57.885] Imported new potential chain segment     number=354 hash=5c6620..54d5ee blocks=1 txs=2 mgas=0.087 elapsed=43.238ms   mgasps=2.009 triediffs=2.03MiB triedirty=0.00B
INFO [06-01|05:53:57.885] Chain head was updated                   number=354 hash=5c6620..54d5ee root=626c5e..d868dd elapsed="162.315µs"
WARN [06-01|05:53:57.905] Snapshot generation is not permitted
INFO [06-01|05:53:57.910] Submitted transaction                    hash=0xf82eb4e21773a01fc7d42154fc9fb638e9794afbc2fb3bcbb9ce33f926c01dab from=0x3A19B520c42854d58b4a7ec099d42fAc2acC4aBB nonce=0  recipient=0xDC11f7E700A4c898AE5CAddB1082cFfa76512aDD value=0
INFO [06-01|05:53:58.889] Starting work on payload                 id=0x031969e91ff2b142
INFO [06-01|05:53:59.079] Updated payload                          id=0x031969e91ff2b142 number=355 hash=bc4a58..1093aa txs=1 withdrawals=0 gas=5,900,128 fees=3.5400768e-11 root=674c4d..9f580b elapsed=189.193ms
INFO [06-01|05:53:59.079] Stopping work on payload                 id=0x031969e91ff2b142 reason=delivery
INFO [06-01|05:53:59.253] Paused snapshot generation
WARN [06-01|05:53:59.253] {"level":"warn","msg":"Slow block","block":{"number":355,"hash":"0xbc4a58a3e54e967e05d61bc69af3b956c0e6b79cb9a5723976467cf2051093aa","gas_used":5900128,"tx_count":1},"timing":{"execution_ms":164.223092,"state_read_ms":5.057422,"state_hash_ms":2.4093,"commit_ms":0.714127,"total_ms":172.545553},"throughput":{"mgas_per_sec":34.19461062551986},"state_reads":{"accounts":17,"storage_slots":258,"code":11,"code_bytes":437},"state_writes":{"accounts":2,"accounts_deleted":0,"storage_slots":0,"storage_slots_deleted":0,"code":0,"code_bytes":0},"cache":{"account":{"hits":6,"misses":11,"hit_rate":35.294117647058826},"storage":{"hits":66,"misses":192,"hit_rate":25.581395348837212},"code":{"hits":11,"misses":0,"hit_rate":100,"hit_bytes":437,"miss_bytes":0}}}
INFO [06-01|05:53:59.253] Imported new potential chain segment     number=355 hash=bc4a58..1093aa blocks=1 txs=1 mgas=5.900 elapsed=173.222ms   mgasps=34.061 triediffs=1.99MiB triedirty=0.00B
INFO [06-01|05:53:59.254] Chain head was updated                   number=355 hash=bc4a58..1093aa root=674c4d..9f580b elapsed="96.135µs"
WARN [06-01|05:53:59.283] Snapshot generation is not permitted
INFO [06-01|05:53:59.927] Submitted transaction                    hash=0x011cf4c6386daa63b2b2b206441feb77b4d2fca7b8d69ca1fe0fff8cc1d4dcf2 from=0x3A19B520c42854d58b4a7ec099d42fAc2acC4aBB nonce=1  recipient=0xf39Fd6e51aad88F6F4ce6aB8827279cffFb92266 value=1,046,336
INFO [06-01|05:54:00.258] Starting work on payload                 id=0x03ceab2f84178bbe
INFO [06-01|05:54:00.271] Updated payload                          id=0x03ceab2f84178bbe number=356 hash=5ca523..58d77c txs=1 withdrawals=0 gas=21000     fees=2.1e-14       root=87f531..58ab6f elapsed=13.510ms
INFO [06-01|05:54:00.272] Stopping work on payload                 id=0x03ceab2f84178bbe reason=delivery
INFO [06-01|05:54:00.293] Paused snapshot generation
WARN [06-01|05:54:00.294] {"level":"warn","msg":"Slow block","block":{"number":356,"hash":"0x5ca523592086bd7a6aa4f1e8df70dea63a602bc7a136ce89214517626758d77c","gas_used":21000,"tx_count":1},"timing":{"execution_ms":0.085486,"state_read_ms":4.62618,"state_hash_ms":16.328199,"commit_ms":0.664624,"total_ms":21.916087},"throughput":{"mgas_per_sec":0.9582002480643557},"state_reads":{"accounts":6,"storage_slots":0,"code":0,"code_bytes":0},"state_writes":{"accounts":2,"accounts_deleted":0,"storage_slots":0,"storage_slots_deleted":0,"code":0,"code_bytes":0},"cache":{"account":{"hits":2,"misses":4,"hit_rate":33.33333333333333},"storage":{"hits":0,"misses":0,"hit_rate":0},"code":{"hits":0,"misses":0,"hit_rate":0,"hit_bytes":0,"miss_bytes":0}}}
INFO [06-01|05:54:00.294] Imported new potential chain segment     number=356 hash=5ca523..58d77c blocks=1 txs=1 mgas=0.021 elapsed=22.050ms    mgasps=0.952  triediffs=1.96MiB triedirty=0.00B
INFO [06-01|05:54:00.294] Chain head was updated                   number=356 hash=5ca523..58d77c root=87f531..58ab6f elapsed="51.16µs"
WARN [06-01|05:54:00.322] Snapshot generation is not permitted
