WARN [06-01|06:17:35.016] Unknown config environment variable      envvar=GETH_PBT_BIN
WARN [06-01|06:17:35.016] Unknown config environment variable      envvar=GETH_UBT_BIN
INFO [06-01|06:17:35.026] Starting Geth on Ethereum mainnet...
INFO [06-01|06:17:35.028] Maximum peer count                       ETH=0 total=0
INFO [06-01|06:17:35.029] Smartcard socket not found, disabling    err="stat /run/pcscd/pcscd.comm: no such file or directory"
WARN [06-01|06:17:35.031] Option --miner.etherbase is deprecated as the etherbase is set by the consensus client post-merge
WARN [06-01|06:17:35.033] Snap sync requested, resetting --cache.snapshot
INFO [06-01|06:17:35.034] Set global gas cap                       cap=50,000,000
INFO [06-01|06:17:35.856] Using developer account                  address=0xf39Fd6e51aad88F6F4ce6aB8827279cffFb92266
INFO [06-01|06:17:35.898] Using pebble as the backing database
INFO [06-01|06:17:35.898] Allocated cache and file handles         database=/mnt/state_expiry_vol_data/ubt-vs-pbt-dbs/ubt/geth/chaindata cache=16.00MiB handles=262,144
INFO [06-01|06:17:36.117] Opened ancient database                  database=/mnt/state_expiry_vol_data/ubt-vs-pbt-dbs/ubt/geth/chaindata/ancient/chain readonly=true
INFO [06-01|06:17:36.117] Opened Era store                         datadir=/mnt/state_expiry_vol_data/ubt-vs-pbt-dbs/ubt/geth/chaindata/ancient/chain/era
INFO [06-01|06:17:36.123] Initializing the KZG library             backend=gokzg
INFO [06-01|06:17:36.125] Allocated trie memory caches             clean=0.00B dirty=0.00B
INFO [06-01|06:17:36.134] Using pebble as the backing database
INFO [06-01|06:17:36.134] Allocated cache and file handles         database=/mnt/state_expiry_vol_data/ubt-vs-pbt-dbs/ubt/geth/chaindata cache=16.00MiB handles=262,144
INFO [06-01|06:17:36.362] Opened ancient database                  database=/mnt/state_expiry_vol_data/ubt-vs-pbt-dbs/ubt/geth/chaindata/ancient/chain readonly=false
INFO [06-01|06:17:36.362] Opened Era store                         datadir=/mnt/state_expiry_vol_data/ubt-vs-pbt-dbs/ubt/geth/chaindata/ancient/chain/era
INFO [06-01|06:17:36.368] State scheme set to already existing     scheme=path
INFO [06-01|06:17:36.368] Initialising Ethereum protocol           network=1337 dbversion=9
INFO [06-01|06:17:36.368] Load database journal from file          path=/mnt/state_expiry_vol_data/ubt-vs-pbt-dbs/ubt/geth/triedb/verkle.journal
INFO [06-01|06:17:36.780] Opened ancient database                  database=/mnt/state_expiry_vol_data/ubt-vs-pbt-dbs/ubt/geth/chaindata/ancient/state_verkle readonly=false
INFO [06-01|06:17:36.782] State snapshot generator is not compatible
INFO [06-01|06:17:36.782] Initialized path database                triecache=0.00B statecache=0.00B buffer=0.00B state-history="last 90000 blocks" journal-dir=/mnt/state_expiry_vol_data/ubt-vs-pbt-dbs/ubt/geth/triedb verkle=true
INFO [06-01|06:17:36.783] 
INFO [06-01|06:17:36.783] ---------------------------------------------------------------------------------------------------------------------------------------------------------
INFO [06-01|06:17:36.783] Chain ID:  1337 (unknown)
INFO [06-01|06:17:36.783] Consensus: unknown
INFO [06-01|06:17:36.783] 
INFO [06-01|06:17:36.783] Pre-Merge hard forks (block based):
INFO [06-01|06:17:36.783]  - Homestead:                   #0       
INFO [06-01|06:17:36.783]  - Tangerine Whistle (EIP 150): #0       
INFO [06-01|06:17:36.783]  - Spurious Dragon/1 (EIP 155): #0       
INFO [06-01|06:17:36.783]  - Spurious Dragon/2 (EIP 158): #0       
INFO [06-01|06:17:36.783]  - Byzantium:                   #0       
INFO [06-01|06:17:36.783]  - Constantinople:              #0       
INFO [06-01|06:17:36.783]  - Petersburg:                  #0       
INFO [06-01|06:17:36.783]  - Istanbul:                    #0       
INFO [06-01|06:17:36.783]  - Berlin:                      #0       
INFO [06-01|06:17:36.783]  - London:                      #0       
INFO [06-01|06:17:36.783]  - Arrow Glacier:               #0       
INFO [06-01|06:17:36.783]  - Gray Glacier:                #0       
INFO [06-01|06:17:36.783] 
INFO [06-01|06:17:36.783] Merge configured:
INFO [06-01|06:17:36.783]  - Total terminal difficulty:  0
INFO [06-01|06:17:36.783]  - Merge netsplit block:       #0       
INFO [06-01|06:17:36.783] 
INFO [06-01|06:17:36.783] Post-Merge hard forks (timestamp based):
INFO [06-01|06:17:36.783]  - Shanghai:                    @0         
INFO [06-01|06:17:36.783]  - Cancun:                      @0          blob: (target: 3, max: 6, fraction: 3338477)
INFO [06-01|06:17:36.783]  - Prague:                      @0          blob: (target: 6, max: 9, fraction: 5007716)
INFO [06-01|06:17:36.783]  - Osaka:                       @0          blob: (target: 6, max: 9, fraction: 5007716)
INFO [06-01|06:17:36.783]  - UBT:                         @0          blob: (nil)
INFO [06-01|06:17:36.783] 
INFO [06-01|06:17:36.783] All fork specifications can be found at https://ethereum.github.io/execution-specs/src/ethereum/forks/
INFO [06-01|06:17:36.783] 
INFO [06-01|06:17:36.783] ---------------------------------------------------------------------------------------------------------------------------------------------------------
INFO [06-01|06:17:36.783] 
INFO [06-01|06:17:36.786] Loaded most recent local block           number=1224 hash=ea1f6e..b96302 age=4s
INFO [06-01|06:17:36.786] Loaded most recent local finalized block number=1216 hash=85f183..dfb388 age=17s
INFO [06-01|06:17:36.787] Initialized transaction indexer          range="last 2350000 blocks"
INFO [06-01|06:17:36.787] Initialized log indexer                  firstblock=0 lastblock=1224 firstmap=0 lastmap=0 headindexed=true
INFO [06-01|06:17:36.806] Enabled full-sync                        head=1224 hash=ea1f6e..b96302
INFO [06-01|06:17:36.806] Unprotected transactions allowed
INFO [06-01|06:17:36.806] Gasprice oracle is ignoring threshold set threshold=2
INFO [06-01|06:17:36.807] Registered sync override service
WARN [06-01|06:17:36.807] You are running Geth in --dev mode. Please note the following:
WARN [06-01|06:17:36.807] 
WARN [06-01|06:17:36.807]   1. This mode is only intended for fast, iterative development without assumptions on
WARN [06-01|06:17:36.807]      security or persistence.
WARN [06-01|06:17:36.807]   2. The database is created in memory unless specified otherwise. Therefore, shutting down
WARN [06-01|06:17:36.807]      your computer or losing power will wipe your entire block data and chain state for
WARN [06-01|06:17:36.807]      your dev environment.
WARN [06-01|06:17:36.807]   3. A random, pre-allocated developer account will be available and unlocked as
WARN [06-01|06:17:36.807]      eth.coinbase, which can be used for testing. The random dev account is temporary,
WARN [06-01|06:17:36.807]      stored on a ramdisk, and will be lost if your machine is restarted.
WARN [06-01|06:17:36.807]   4. Mining is enabled by default. However, the client will only seal blocks if transactions
WARN [06-01|06:17:36.807]      are pending in the mempool. The miner's minimum accepted gas price is 1.
WARN [06-01|06:17:36.807]   5. Networking is disabled; there is no listen-address, the maximum number of peers is set
WARN [06-01|06:17:36.807]      to 0, and discovery is disabled.
WARN [06-01|06:17:36.807] 
INFO [06-01|06:17:36.807] Starting peer-to-peer node               instance=Geth/v1.17.3-unstable/linux-amd64/go1.24.9
WARN [06-01|06:17:36.807] P2P server will be useless, neither dialing nor listening
INFO [06-01|06:17:36.824] IPC endpoint opened                      url=/mnt/state_expiry_vol_data/ubt-vs-pbt-dbs/ubt/geth.ipc
ERROR[06-01|06:17:36.824] Unavailable modules in HTTP API list     unavailable=[personal] available="[admin debug web3 eth txpool miner net dev testing]"
INFO [06-01|06:17:36.824] New local node record                    seq=1,780,289,664,217 id=c084d8867e8cc127 ip=127.0.0.1 udp=0 tcp=0
INFO [06-01|06:17:36.824] Started P2P networking                   self=enode://ed0ccbffbfc0dc9f1b0f8e55d585ad3e61215b1974f32d9388e7ae53563e3ebe0172c21d754fa202c3a63f95bef3ff3ea24339ffdabd0115c47ec5b8d33136a9@127.0.0.1:0
INFO [06-01|06:17:36.825] HTTP server started                      endpoint=127.0.0.1:8545 auth=false prefix= cors= vhosts=localhost
INFO [06-01|06:17:36.825] WebSocket enabled                        url=ws://127.0.0.1:8546
INFO [06-01|06:17:36.938] Loaded local transaction journal         transactions=1205 dropped=0
INFO [06-01|06:17:37.939] Started log indexer
INFO [06-01|06:17:37.974] Starting work on payload                 id=0x03591346490bd0c3
INFO [06-01|06:17:37.977] Updated payload                          id=0x03591346490bd0c3 number=1225 hash=870b2c..99c40b txs=0 withdrawals=0 gas=0 fees=0 root=f8aa91..3b92fc elapsed=3.092ms
INFO [06-01|06:17:37.978] Stopping work on payload                 id=0x03591346490bd0c3 reason=delivery
WARN [06-01|06:17:37.990] {"level":"warn","msg":"Slow block","block":{"number":1225,"hash":"0x870b2c35bd056c94238824e7b0348b3ab0003fca3e27b3f176a1e9f0b199c40b","gas_used":0,"tx_count":0},"timing":{"execution_ms":0.0313,"state_read_ms":8.792596,"state_hash_ms":0.001998,"commit_ms":0.204216,"total_ms":11.918701},"throughput":{"mgas_per_sec":0},"state_reads":{"accounts":4,"storage_slots":0,"code":0,"code_bytes":0},"state_writes":{"accounts":0,"accounts_deleted":0,"storage_slots":0,"storage_slots_deleted":0,"code":0,"code_bytes":0},"cache":{"account":{"hits":0,"misses":4,"hit_rate":0},"storage":{"hits":0,"misses":0,"hit_rate":0},"code":{"hits":0,"misses":0,"hit_rate":0,"hit_bytes":0,"miss_bytes":0}}}
INFO [06-01|06:17:37.990] Imported new potential chain segment     number=1225 hash=870b2c..99c40b blocks=1 txs=0 mgas=0.000 elapsed=12.217ms mgasps=0.000 triediffs=35.02MiB triedirty=0.00B
INFO [06-01|06:17:37.990] Chain head was updated                   number=1225 hash=870b2c..99c40b root=f8aa91..3b92fc elapsed="50.957µs"
INFO [06-01|06:17:38.995] Starting work on payload                 id=0x0313463f6797f81e
INFO [06-01|06:17:38.998] Updated payload                          id=0x0313463f6797f81e number=1226 hash=da95de..c812bb txs=0 withdrawals=0 gas=0 fees=0 root=f8aa91..3b92fc elapsed=2.940ms
INFO [06-01|06:17:38.998] Stopping work on payload                 id=0x0313463f6797f81e reason=delivery
WARN [06-01|06:17:39.004] {"level":"warn","msg":"Slow block","block":{"number":1226,"hash":"0xda95dea88b2c1e123e8799433791171caac982a8f9dfeeed859075774cc812bb","gas_used":0,"tx_count":0},"timing":{"execution_ms":0.025159,"state_read_ms":5.646883,"state_hash_ms":0.001291,"commit_ms":0.141437,"total_ms":5.998392},"throughput":{"mgas_per_sec":0},"state_reads":{"accounts":4,"storage_slots":0,"code":0,"code_bytes":0},"state_writes":{"accounts":0,"accounts_deleted":0,"storage_slots":0,"storage_slots_deleted":0,"code":0,"code_bytes":0},"cache":{"account":{"hits":0,"misses":4,"hit_rate":0},"storage":{"hits":0,"misses":0,"hit_rate":0},"code":{"hits":0,"misses":0,"hit_rate":0,"hit_bytes":0,"miss_bytes":0}}}
INFO [06-01|06:17:39.004] Imported new potential chain segment     number=1226 hash=da95de..c812bb blocks=1 txs=0 mgas=0.000 elapsed=6.172ms    mgasps=0.000 triediffs=35.02MiB triedirty=0.00B
INFO [06-01|06:17:39.004] Chain head was updated                   number=1226 hash=da95de..c812bb root=f8aa91..3b92fc elapsed="76.457µs"
INFO [06-01|06:17:39.865] Submitted contract creation              hash=0xdc6825dcff434ee81aa920f0f6630d4c971b63ae19892ff543b9986c1ae40c58 from=0xf39Fd6e51aad88F6F4ce6aB8827279cffFb92266 nonce=347 contract=0x5322471a7E37Ac2B8902cFcba84d266b37D811A0 value=0
INFO [06-01|06:17:39.865] Submitted transaction                    hash=0xbc63ad22718dcddfaaa1ea00c95d5cfa5786270cc07c970a6b0829e0ce671e99 from=0xf39Fd6e51aad88F6F4ce6aB8827279cffFb92266 nonce=348 recipient=0x41d75ed8c2B9e0119B8B543D204bD84A20F3ef92 value=78,000,000
INFO [06-01|06:17:40.009] Starting work on payload                 id=0x0378b4547ccc2016
INFO [06-01|06:17:40.038] Updated payload                          id=0x0378b4547ccc2016 number=1227 hash=e90b38..736b04 txs=2 withdrawals=0 gas=91678 fees=5.50068e-13 root=cdd7ff..d2a192 elapsed=28.344ms
INFO [06-01|06:17:40.038] Stopping work on payload                 id=0x0378b4547ccc2016 reason=delivery
INFO [06-01|06:17:40.068] Paused snapshot generation
WARN [06-01|06:17:40.069] {"level":"warn","msg":"Slow block","block":{"number":1227,"hash":"0xe90b38486b5fedb502850367181454eb604c71b5a4475875409af90006736b04","gas_used":91678,"tx_count":2},"timing":{"execution_ms":0.111158,"state_read_ms":11.455041,"state_hash_ms":13.672721,"commit_ms":5.447211,"total_ms":30.842579},"throughput":{"mgas_per_sec":2.972449223523104},"state_reads":{"accounts":11,"storage_slots":0,"code":0,"code_bytes":0},"state_writes":{"accounts":3,"accounts_deleted":0,"storage_slots":0,"storage_slots_deleted":0,"code":1,"code_bytes":303},"cache":{"account":{"hits":6,"misses":5,"hit_rate":54.54545454545454},"storage":{"hits":0,"misses":0,"hit_rate":0},"code":{"hits":0,"misses":0,"hit_rate":0,"hit_bytes":0,"miss_bytes":0}}}
INFO [06-01|06:17:40.069] Imported new potential chain segment     number=1227 hash=e90b38..736b04 blocks=1 txs=2 mgas=0.092 elapsed=31.086ms   mgasps=2.949 triediffs=34.38MiB triedirty=0.00B
INFO [06-01|06:17:40.069] Chain head was updated                   number=1227 hash=e90b38..736b04 root=cdd7ff..d2a192 elapsed="155.05µs"
WARN [06-01|06:17:40.092] Snapshot generation is not permitted
INFO [06-01|06:17:40.878] Submitted transaction                    hash=0x9a7282c2751d86854bea75180cba1e6d7300f0c4750980c1c8b977aa0695baf2 from=0x41d75ed8c2B9e0119B8B543D204bD84A20F3ef92 nonce=0   recipient=0x5322471a7E37Ac2B8902cFcba84d266b37D811A0 value=0
INFO [06-01|06:17:41.076] Starting work on payload                 id=0x03f59009df9f1445
INFO [06-01|06:17:41.226] Updated payload                          id=0x03f59009df9f1445 number=1228 hash=84e772..bde217 txs=1 withdrawals=0 gas=5,911,501 fees=3.5469006e-11 root=f470e9..4b3891 elapsed=150.466ms
INFO [06-01|06:17:41.227] Stopping work on payload                 id=0x03f59009df9f1445 reason=delivery
INFO [06-01|06:17:41.299] Paused snapshot generation
WARN [06-01|06:17:41.300] {"level":"warn","msg":"Slow block","block":{"number":1228,"hash":"0x84e77266f8484325d4596204c56604021a72ce574c6b0381eda99d24e2bde217","gas_used":5911501,"tx_count":1},"timing":{"execution_ms":57.383357,"state_read_ms":8.954685,"state_hash_ms":4.76783,"commit_ms":1.165026,"total_ms":72.452314},"throughput":{"mgas_per_sec":81.59161072481412},"state_reads":{"accounts":8,"storage_slots":638,"code":2,"code_bytes":331},"state_writes":{"accounts":3,"accounts_deleted":0,"storage_slots":96,"storage_slots_deleted":0,"code":0,"code_bytes":0},"cache":{"account":{"hits":3,"misses":5,"hit_rate":37.5},"storage":{"hits":168,"misses":470,"hit_rate":26.332288401253916},"code":{"hits":2,"misses":0,"hit_rate":100,"hit_bytes":331,"miss_bytes":0}}}
INFO [06-01|06:17:41.300] Imported new potential chain segment     number=1228 hash=84e772..bde217 blocks=1 txs=1 mgas=5.912 elapsed=72.664ms   mgasps=81.353 triediffs=34.40MiB triedirty=0.00B
INFO [06-01|06:17:41.300] Chain head was updated                   number=1228 hash=84e772..bde217 root=f470e9..4b3891 elapsed="82.893µs"
WARN [06-01|06:17:41.318] Snapshot generation is not permitted
INFO [06-01|06:17:41.892] Submitted transaction                    hash=0x58d7ccf55546e35c289fbcda3ab45fdd6e4c853d2fe5affe3cd712df09e00c1f from=0x41d75ed8c2B9e0119B8B543D204bD84A20F3ef92 nonce=1   recipient=0xf39Fd6e51aad88F6F4ce6aB8827279cffFb92266 value=898,487
INFO [06-01|06:17:42.316] Starting work on payload                 id=0x0386f83dcbe79942
INFO [06-01|06:17:42.342] Updated payload                          id=0x0386f83dcbe79942 number=1229 hash=eb9680..a068b8 txs=1 withdrawals=0 gas=21000     fees=2.1e-14       root=8a1fdb..1890df elapsed=25.545ms
INFO [06-01|06:17:42.342] Stopping work on payload                 id=0x0386f83dcbe79942 reason=delivery
INFO [06-01|06:17:42.348] Paused snapshot generation
WARN [06-01|06:17:42.349] {"level":"warn","msg":"Slow block","block":{"number":1229,"hash":"0xeb9680ea0cdb0a7a8d1a49390760bc7de270339ad54038a7ba099be0cca068b8","gas_used":21000,"tx_count":1},"timing":{"execution_ms":0.061795,"state_read_ms":3.059471,"state_hash_ms":2.391952,"commit_ms":0.648369,"total_ms":6.30209},"throughput":{"mgas_per_sec":3.332227879957284},"state_reads":{"accounts":6,"storage_slots":0,"code":0,"code_bytes":0},"state_writes":{"accounts":2,"accounts_deleted":0,"storage_slots":0,"storage_slots_deleted":0,"code":0,"code_bytes":0},"cache":{"account":{"hits":2,"misses":4,"hit_rate":33.33333333333333},"storage":{"hits":0,"misses":0,"hit_rate":0},"code":{"hits":0,"misses":0,"hit_rate":0,"hit_bytes":0,"miss_bytes":0}}}
INFO [06-01|06:17:42.349] Imported new potential chain segment     number=1229 hash=eb9680..a068b8 blocks=1 txs=1 mgas=0.021 elapsed=6.430ms    mgasps=3.266  triediffs=34.40MiB triedirty=0.00B
INFO [06-01|06:17:42.349] Chain head was updated                   number=1229 hash=eb9680..a068b8 root=8a1fdb..1890df elapsed="53.559µs"
WARN [06-01|06:17:42.387] Snapshot generation is not permitted
