WARN [06-01|05:51:14.536] Unknown config environment variable      envvar=GETH_PBT_BIN
WARN [06-01|05:51:14.536] Unknown config environment variable      envvar=GETH_UBT_BIN
INFO [06-01|05:51:14.547] Starting Geth on Ethereum mainnet...
INFO [06-01|05:51:14.548] Maximum peer count                       ETH=0 total=0
INFO [06-01|05:51:14.550] Smartcard socket not found, disabling    err="stat /run/pcscd/pcscd.comm: no such file or directory"
WARN [06-01|05:51:14.552] Option --miner.etherbase is deprecated as the etherbase is set by the consensus client post-merge
WARN [06-01|05:51:14.554] Snap sync requested, resetting --cache.snapshot
INFO [06-01|05:51:14.554] Set global gas cap                       cap=50,000,000
INFO [06-01|05:51:15.342] Using developer account                  address=0xf39Fd6e51aad88F6F4ce6aB8827279cffFb92266
INFO [06-01|05:51:15.381] Using pebble as the backing database
INFO [06-01|05:51:15.381] Allocated cache and file handles         database=/mnt/state_expiry_vol_data/ubt-vs-pbt-dbs/ubt/geth/chaindata cache=16.00MiB handles=262,144
INFO [06-01|05:51:15.591] Opened ancient database                  database=/mnt/state_expiry_vol_data/ubt-vs-pbt-dbs/ubt/geth/chaindata/ancient/chain readonly=true
INFO [06-01|05:51:15.591] Opened Era store                         datadir=/mnt/state_expiry_vol_data/ubt-vs-pbt-dbs/ubt/geth/chaindata/ancient/chain/era
INFO [06-01|05:51:15.597] Initializing the KZG library             backend=gokzg
INFO [06-01|05:51:15.598] Allocated trie memory caches             clean=0.00B dirty=0.00B
INFO [06-01|05:51:15.613] Using pebble as the backing database
INFO [06-01|05:51:15.613] Allocated cache and file handles         database=/mnt/state_expiry_vol_data/ubt-vs-pbt-dbs/ubt/geth/chaindata cache=16.00MiB handles=262,144
INFO [06-01|05:51:15.784] Opened ancient database                  database=/mnt/state_expiry_vol_data/ubt-vs-pbt-dbs/ubt/geth/chaindata/ancient/chain readonly=false
INFO [06-01|05:51:15.784] Opened Era store                         datadir=/mnt/state_expiry_vol_data/ubt-vs-pbt-dbs/ubt/geth/chaindata/ancient/chain/era
INFO [06-01|05:51:15.790] State scheme set to already existing     scheme=path
INFO [06-01|05:51:15.791] Initialising Ethereum protocol           network=1337 dbversion=9
INFO [06-01|05:51:15.792] Load database journal from file          path=/mnt/state_expiry_vol_data/ubt-vs-pbt-dbs/ubt/geth/triedb/verkle.journal
INFO [06-01|05:51:16.071] Opened ancient database                  database=/mnt/state_expiry_vol_data/ubt-vs-pbt-dbs/ubt/geth/chaindata/ancient/state_verkle readonly=false
INFO [06-01|05:51:16.073] State snapshot generator is not compatible
INFO [06-01|05:51:16.073] Initialized path database                triecache=0.00B statecache=0.00B buffer=0.00B state-history="last 90000 blocks" journal-dir=/mnt/state_expiry_vol_data/ubt-vs-pbt-dbs/ubt/geth/triedb verkle=true
INFO [06-01|05:51:16.073] 
INFO [06-01|05:51:16.073] ---------------------------------------------------------------------------------------------------------------------------------------------------------
INFO [06-01|05:51:16.073] Chain ID:  1337 (unknown)
INFO [06-01|05:51:16.073] Consensus: unknown
INFO [06-01|05:51:16.073] 
INFO [06-01|05:51:16.073] Pre-Merge hard forks (block based):
INFO [06-01|05:51:16.073]  - Homestead:                   #0       
INFO [06-01|05:51:16.073]  - Tangerine Whistle (EIP 150): #0       
INFO [06-01|05:51:16.073]  - Spurious Dragon/1 (EIP 155): #0       
INFO [06-01|05:51:16.073]  - Spurious Dragon/2 (EIP 158): #0       
INFO [06-01|05:51:16.073]  - Byzantium:                   #0       
INFO [06-01|05:51:16.073]  - Constantinople:              #0       
INFO [06-01|05:51:16.073]  - Petersburg:                  #0       
INFO [06-01|05:51:16.073]  - Istanbul:                    #0       
INFO [06-01|05:51:16.073]  - Berlin:                      #0       
INFO [06-01|05:51:16.073]  - London:                      #0       
INFO [06-01|05:51:16.073]  - Arrow Glacier:               #0       
INFO [06-01|05:51:16.073]  - Gray Glacier:                #0       
INFO [06-01|05:51:16.073] 
INFO [06-01|05:51:16.073] Merge configured:
INFO [06-01|05:51:16.073]  - Total terminal difficulty:  0
INFO [06-01|05:51:16.073]  - Merge netsplit block:       #0       
INFO [06-01|05:51:16.073] 
INFO [06-01|05:51:16.073] Post-Merge hard forks (timestamp based):
INFO [06-01|05:51:16.073]  - Shanghai:                    @0         
INFO [06-01|05:51:16.073]  - Cancun:                      @0          blob: (target: 3, max: 6, fraction: 3338477)
INFO [06-01|05:51:16.073]  - Prague:                      @0          blob: (target: 6, max: 9, fraction: 5007716)
INFO [06-01|05:51:16.073]  - Osaka:                       @0          blob: (target: 6, max: 9, fraction: 5007716)
INFO [06-01|05:51:16.073]  - UBT:                         @0          blob: (nil)
INFO [06-01|05:51:16.073] 
INFO [06-01|05:51:16.073] All fork specifications can be found at https://ethereum.github.io/execution-specs/src/ethereum/forks/
INFO [06-01|05:51:16.073] 
INFO [06-01|05:51:16.073] ---------------------------------------------------------------------------------------------------------------------------------------------------------
INFO [06-01|05:51:16.073] 
INFO [06-01|05:51:16.074] Loaded most recent local block           number=251 hash=709b69..0fb412 age=3s
INFO [06-01|05:51:16.074] Loaded most recent local finalized block number=224 hash=a617b6..f9acaa age=49s
INFO [06-01|05:51:16.075] Initialized transaction indexer          range="last 2350000 blocks"
INFO [06-01|05:51:16.075] Initialized log indexer                  firstblock=0 lastblock=251 firstmap=0 lastmap=0 headindexed=true
INFO [06-01|05:51:16.090] Enabled full-sync                        head=251 hash=709b69..0fb412
INFO [06-01|05:51:16.090] Unprotected transactions allowed
INFO [06-01|05:51:16.090] Gasprice oracle is ignoring threshold set threshold=2
INFO [06-01|05:51:16.090] Registered sync override service
WARN [06-01|05:51:16.090] You are running Geth in --dev mode. Please note the following:
WARN [06-01|05:51:16.090] 
WARN [06-01|05:51:16.090]   1. This mode is only intended for fast, iterative development without assumptions on
WARN [06-01|05:51:16.090]      security or persistence.
WARN [06-01|05:51:16.090]   2. The database is created in memory unless specified otherwise. Therefore, shutting down
WARN [06-01|05:51:16.090]      your computer or losing power will wipe your entire block data and chain state for
WARN [06-01|05:51:16.090]      your dev environment.
WARN [06-01|05:51:16.090]   3. A random, pre-allocated developer account will be available and unlocked as
WARN [06-01|05:51:16.090]      eth.coinbase, which can be used for testing. The random dev account is temporary,
WARN [06-01|05:51:16.090]      stored on a ramdisk, and will be lost if your machine is restarted.
WARN [06-01|05:51:16.090]   4. Mining is enabled by default. However, the client will only seal blocks if transactions
WARN [06-01|05:51:16.090]      are pending in the mempool. The miner's minimum accepted gas price is 1.
WARN [06-01|05:51:16.090]   5. Networking is disabled; there is no listen-address, the maximum number of peers is set
WARN [06-01|05:51:16.090]      to 0, and discovery is disabled.
WARN [06-01|05:51:16.090] 
INFO [06-01|05:51:16.090] Starting peer-to-peer node               instance=Geth/v1.17.3-unstable/linux-amd64/go1.24.9
WARN [06-01|05:51:16.090] P2P server will be useless, neither dialing nor listening
INFO [06-01|05:51:16.106] New local node record                    seq=1,780,289,664,065 id=c084d8867e8cc127 ip=127.0.0.1 udp=0 tcp=0
INFO [06-01|05:51:16.106] Started P2P networking                   self=enode://ed0ccbffbfc0dc9f1b0f8e55d585ad3e61215b1974f32d9388e7ae53563e3ebe0172c21d754fa202c3a63f95bef3ff3ea24339ffdabd0115c47ec5b8d33136a9@127.0.0.1:0
INFO [06-01|05:51:16.106] IPC endpoint opened                      url=/mnt/state_expiry_vol_data/ubt-vs-pbt-dbs/ubt/geth.ipc
ERROR[06-01|05:51:16.106] Unavailable modules in HTTP API list     unavailable=[personal] available="[admin debug web3 eth txpool miner net dev testing]"
INFO [06-01|05:51:16.109] HTTP server started                      endpoint=127.0.0.1:8545 auth=false prefix= cors= vhosts=localhost
INFO [06-01|05:51:16.109] WebSocket enabled                        url=ws://127.0.0.1:8546
INFO [06-01|05:51:16.154] Loaded local transaction journal         transactions=597 dropped=0
INFO [06-01|05:51:17.292] Started log indexer
INFO [06-01|05:51:17.342] Starting work on payload                 id=0x035e40b6eef52746
INFO [06-01|05:51:17.345] Updated payload                          id=0x035e40b6eef52746 number=252 hash=c04683..620327 txs=0 withdrawals=0 gas=0 fees=0 root=c0ac3e..4ea7fb elapsed=2.992ms
INFO [06-01|05:51:17.346] Stopping work on payload                 id=0x035e40b6eef52746 reason=delivery
WARN [06-01|05:51:17.356] {"level":"warn","msg":"Slow block","block":{"number":252,"hash":"0xc04683972a4e6c2b535c4c4156b8b3108abe30a83d1431d4a39717a55b620327","gas_used":0,"tx_count":0},"timing":{"execution_ms":1.900825,"state_read_ms":7.214371,"state_hash_ms":0.001325,"commit_ms":0.140577,"total_ms":9.492557},"throughput":{"mgas_per_sec":0},"state_reads":{"accounts":4,"storage_slots":0,"code":0,"code_bytes":0},"state_writes":{"accounts":0,"accounts_deleted":0,"storage_slots":0,"storage_slots_deleted":0,"code":0,"code_bytes":0},"cache":{"account":{"hits":0,"misses":4,"hit_rate":0},"storage":{"hits":0,"misses":0,"hit_rate":0},"code":{"hits":0,"misses":0,"hit_rate":0,"hit_bytes":0,"miss_bytes":0}}}
INFO [06-01|05:51:17.356] Imported new potential chain segment     number=252 hash=c04683..620327 blocks=1 txs=0 mgas=0.000 elapsed=9.846ms mgasps=0.000 triediffs=28.85MiB triedirty=0.00B
INFO [06-01|05:51:17.356] Chain head was updated                   number=252 hash=c04683..620327 root=c0ac3e..4ea7fb elapsed="57.422µs"
INFO [06-01|05:51:18.361] Starting work on payload                 id=0x0387e0e3487f2ba4
INFO [06-01|05:51:18.365] Updated payload                          id=0x0387e0e3487f2ba4 number=253 hash=4d3aeb..e4f40f txs=0 withdrawals=0 gas=0 fees=0 root=c0ac3e..4ea7fb elapsed=3.729ms
INFO [06-01|05:51:18.365] Stopping work on payload                 id=0x0387e0e3487f2ba4 reason=delivery
WARN [06-01|05:51:18.377] {"level":"warn","msg":"Slow block","block":{"number":253,"hash":"0x4d3aebbd6be5d91078735c09498500d01a2266439d24d8210a250c2f8ae4f40f","gas_used":0,"tx_count":0},"timing":{"execution_ms":0.037007,"state_read_ms":11.659655,"state_hash_ms":0.00226,"commit_ms":0.127285,"total_ms":12.007131},"throughput":{"mgas_per_sec":0},"state_reads":{"accounts":4,"storage_slots":0,"code":0,"code_bytes":0},"state_writes":{"accounts":0,"accounts_deleted":0,"storage_slots":0,"storage_slots_deleted":0,"code":0,"code_bytes":0},"cache":{"account":{"hits":0,"misses":4,"hit_rate":0},"storage":{"hits":0,"misses":0,"hit_rate":0},"code":{"hits":0,"misses":0,"hit_rate":0,"hit_bytes":0,"miss_bytes":0}}}
INFO [06-01|05:51:18.377] Imported new potential chain segment     number=253 hash=4d3aeb..e4f40f blocks=1 txs=0 mgas=0.000 elapsed=12.220ms   mgasps=0.000 triediffs=28.85MiB triedirty=0.00B
INFO [06-01|05:51:18.377] Chain head was updated                   number=253 hash=4d3aeb..e4f40f root=c0ac3e..4ea7fb elapsed="62.421µs"
INFO [06-01|05:51:19.386] Starting work on payload                 id=0x039e52a29ddb1928
INFO [06-01|05:51:19.404] Updated payload                          id=0x039e52a29ddb1928 number=254 hash=9ed43f..35aec0 txs=0 withdrawals=0 gas=0 fees=0 root=c0ac3e..4ea7fb elapsed=17.859ms
INFO [06-01|05:51:19.404] Stopping work on payload                 id=0x039e52a29ddb1928 reason=delivery
WARN [06-01|05:51:19.408] {"level":"warn","msg":"Slow block","block":{"number":254,"hash":"0x9ed43fbabf402696743d647db8f5ef1a981593e8f473fa5b69fcfd4c4635aec0","gas_used":0,"tx_count":0},"timing":{"execution_ms":0.026486,"state_read_ms":3.300681,"state_hash_ms":0.001685,"commit_ms":0.117851,"total_ms":3.599763},"throughput":{"mgas_per_sec":0},"state_reads":{"accounts":4,"storage_slots":0,"code":0,"code_bytes":0},"state_writes":{"accounts":0,"accounts_deleted":0,"storage_slots":0,"storage_slots_deleted":0,"code":0,"code_bytes":0},"cache":{"account":{"hits":0,"misses":4,"hit_rate":0},"storage":{"hits":0,"misses":0,"hit_rate":0},"code":{"hits":0,"misses":0,"hit_rate":0,"hit_bytes":0,"miss_bytes":0}}}
INFO [06-01|05:51:19.408] Imported new potential chain segment     number=254 hash=9ed43f..35aec0 blocks=1 txs=0 mgas=0.000 elapsed=3.762ms    mgasps=0.000 triediffs=28.85MiB triedirty=0.00B
INFO [06-01|05:51:19.408] Chain head was updated                   number=254 hash=9ed43f..35aec0 root=c0ac3e..4ea7fb elapsed="52.708µs"
INFO [06-01|05:51:19.487] Submitted contract creation              hash=0x57c56170175798b2bd3bc4c973e7990e912ba90b5d88b3a7cd5061cd63167a1e from=0xf39Fd6e51aad88F6F4ce6aB8827279cffFb92266 nonce=43 contract=0x0E801D84Fa97b50751Dbf25036d067dCf18858bF value=0
INFO [06-01|05:51:19.488] Submitted transaction                    hash=0x03cdc12d415ba11f490a9884d0fca3cd25469b3f94214e72c84935a48da882d5 from=0xf39Fd6e51aad88F6F4ce6aB8827279cffFb92266 nonce=44 recipient=0x15c03070a8152C42a65cE35b3810d6dFED815A6f value=78,000,000
INFO [06-01|05:51:20.412] Starting work on payload                 id=0x0301c892fa373e8b
INFO [06-01|05:51:20.440] Updated payload                          id=0x0301c892fa373e8b number=255 hash=cbeb43..5abdcc txs=2 withdrawals=0 gas=86852 fees=5.21112e-13 root=8a15ef..ec81cb elapsed=27.709ms
INFO [06-01|05:51:20.440] Stopping work on payload                 id=0x0301c892fa373e8b reason=delivery
INFO [06-01|05:51:20.476] Paused snapshot generation
WARN [06-01|05:51:20.477] {"level":"warn","msg":"Slow block","block":{"number":255,"hash":"0xcbeb431b1c9ddae87208c77faa9cbdf76ea29db6a1891c76a9b7edbe395abdcc","gas_used":86852,"tx_count":2},"timing":{"execution_ms":0.133093,"state_read_ms":17.950557,"state_hash_ms":13.171131,"commit_ms":5.175791,"total_ms":36.605277},"throughput":{"mgas_per_sec":2.3726633730978186},"state_reads":{"accounts":11,"storage_slots":0,"code":0,"code_bytes":0},"state_writes":{"accounts":3,"accounts_deleted":0,"storage_slots":0,"storage_slots_deleted":0,"code":1,"code_bytes":157},"cache":{"account":{"hits":5,"misses":6,"hit_rate":45.45454545454545},"storage":{"hits":0,"misses":0,"hit_rate":0},"code":{"hits":0,"misses":0,"hit_rate":0,"hit_bytes":0,"miss_bytes":0}}}
INFO [06-01|05:51:20.477] Imported new potential chain segment     number=255 hash=cbeb43..5abdcc blocks=1 txs=2 mgas=0.087 elapsed=36.775ms   mgasps=2.362 triediffs=25.22MiB triedirty=0.00B
INFO [06-01|05:51:20.477] Chain head was updated                   number=255 hash=cbeb43..5abdcc root=8a15ef..ec81cb elapsed="138.71µs"
INFO [06-01|05:51:20.500] Submitted transaction                    hash=0xb200d18ed5493b4cc6f6134e104fbb07528d9e205783d0c966425ebbf3320a10 from=0x15c03070a8152C42a65cE35b3810d6dFED815A6f nonce=0  recipient=0x0E801D84Fa97b50751Dbf25036d067dCf18858bF value=0
WARN [06-01|05:51:20.521] Snapshot generation is not permitted
INFO [06-01|05:51:21.486] Starting work on payload                 id=0x030217d6b92e1634
INFO [06-01|05:51:21.690] Updated payload                          id=0x030217d6b92e1634 number=256 hash=ddca2f..de6bdf txs=1 withdrawals=0 gas=5,900,128 fees=3.5400768e-11 root=bb23eb..7802a0 elapsed=204.484ms
INFO [06-01|05:51:21.690] Stopping work on payload                 id=0x030217d6b92e1634 reason=delivery
INFO [06-01|05:51:21.836] Paused snapshot generation
WARN [06-01|05:51:21.837] {"level":"warn","msg":"Slow block","block":{"number":256,"hash":"0xddca2f850d17dd59a7e46d293081d818ea30e3a71e27300cfd71a87115de6bdf","gas_used":5900128,"tx_count":1},"timing":{"execution_ms":118.829864,"state_read_ms":6.007523,"state_hash_ms":18.130253,"commit_ms":2.532338,"total_ms":145.850361},"throughput":{"mgas_per_sec":40.45329719821537},"state_reads":{"accounts":17,"storage_slots":258,"code":11,"code_bytes":437},"state_writes":{"accounts":2,"accounts_deleted":0,"storage_slots":0,"storage_slots_deleted":0,"code":0,"code_bytes":0},"cache":{"account":{"hits":5,"misses":12,"hit_rate":29.411764705882355},"storage":{"hits":62,"misses":196,"hit_rate":24.031007751937985},"code":{"hits":11,"misses":0,"hit_rate":100,"hit_bytes":437,"miss_bytes":0}}}
INFO [06-01|05:51:21.837] Imported new potential chain segment     number=256 hash=ddca2f..de6bdf blocks=1 txs=1 mgas=5.900 elapsed=146.032ms  mgasps=40.403 triediffs=21.61MiB triedirty=0.00B
INFO [06-01|05:51:21.837] Chain head was updated                   number=256 hash=ddca2f..de6bdf root=bb23eb..7802a0 elapsed="83.816µs"
WARN [06-01|05:51:21.890] Snapshot generation is not permitted
INFO [06-01|05:51:22.517] Submitted transaction                    hash=0xcfc7641fbfa51853b62f63dfec4fe519c224de7b1b414f40d2cb56a9f6469ff2 from=0x15c03070a8152C42a65cE35b3810d6dFED815A6f nonce=1  recipient=0xf39Fd6e51aad88F6F4ce6aB8827279cffFb92266 value=1,046,336
INFO [06-01|05:51:22.842] Starting work on payload                 id=0x03a8c98c6ef2977b
INFO [06-01|05:51:22.861] Updated payload                          id=0x03a8c98c6ef2977b number=257 hash=938f94..f0aad5 txs=1 withdrawals=0 gas=21000     fees=2.1e-14       root=18c3e5..12d4e0 elapsed=19.180ms
INFO [06-01|05:51:22.861] Stopping work on payload                 id=0x03a8c98c6ef2977b reason=delivery
INFO [06-01|05:51:22.890] Paused snapshot generation
WARN [06-01|05:51:22.891] {"level":"warn","msg":"Slow block","block":{"number":257,"hash":"0x938f94964b881dc5a6dbfad7bf4d95e734d22bb25f0ac845f254006702f0aad5","gas_used":21000,"tx_count":1},"timing":{"execution_ms":0.0739,"state_read_ms":17.325858,"state_hash_ms":2.587431,"commit_ms":3.051291,"total_ms":29.671772},"throughput":{"mgas_per_sec":0.7077433730617774},"state_reads":{"accounts":6,"storage_slots":0,"code":0,"code_bytes":0},"state_writes":{"accounts":2,"accounts_deleted":0,"storage_slots":0,"storage_slots_deleted":0,"code":0,"code_bytes":0},"cache":{"account":{"hits":2,"misses":4,"hit_rate":33.33333333333333},"storage":{"hits":0,"misses":0,"hit_rate":0},"code":{"hits":0,"misses":0,"hit_rate":0,"hit_bytes":0,"miss_bytes":0}}}
INFO [06-01|05:51:22.891] Imported new potential chain segment     number=257 hash=938f94..f0aad5 blocks=1 txs=1 mgas=0.021 elapsed=29.781ms   mgasps=0.705  triediffs=17.98MiB triedirty=0.00B
INFO [06-01|05:51:22.891] Chain head was updated                   number=257 hash=938f94..f0aad5 root=18c3e5..12d4e0 elapsed="57.153µs"
WARN [06-01|05:51:22.942] Snapshot generation is not permitted
