WARN [06-01|06:02:27.867] Unknown config environment variable      envvar=GETH_PBT_BIN
WARN [06-01|06:02:27.867] Unknown config environment variable      envvar=GETH_UBT_BIN
INFO [06-01|06:02:27.878] Starting Geth on Ethereum mainnet...
INFO [06-01|06:02:27.879] Maximum peer count                       ETH=0 total=0
INFO [06-01|06:02:27.881] Smartcard socket not found, disabling    err="stat /run/pcscd/pcscd.comm: no such file or directory"
WARN [06-01|06:02:27.884] Option --miner.etherbase is deprecated as the etherbase is set by the consensus client post-merge
WARN [06-01|06:02:27.886] Snap sync requested, resetting --cache.snapshot
INFO [06-01|06:02:27.886] Set global gas cap                       cap=50,000,000
INFO [06-01|06:02:28.668] Using developer account                  address=0xf39Fd6e51aad88F6F4ce6aB8827279cffFb92266
INFO [06-01|06:02:28.713] Using pebble as the backing database
INFO [06-01|06:02:28.713] Allocated cache and file handles         database=/mnt/state_expiry_vol_data/ubt-vs-pbt-dbs/ubt/geth/chaindata cache=16.00MiB handles=262,144
INFO [06-01|06:02:28.926] Opened ancient database                  database=/mnt/state_expiry_vol_data/ubt-vs-pbt-dbs/ubt/geth/chaindata/ancient/chain readonly=true
INFO [06-01|06:02:28.926] Opened Era store                         datadir=/mnt/state_expiry_vol_data/ubt-vs-pbt-dbs/ubt/geth/chaindata/ancient/chain/era
INFO [06-01|06:02:28.932] Initializing the KZG library             backend=gokzg
INFO [06-01|06:02:28.933] Allocated trie memory caches             clean=0.00B dirty=0.00B
INFO [06-01|06:02:28.943] Using pebble as the backing database
INFO [06-01|06:02:28.943] Allocated cache and file handles         database=/mnt/state_expiry_vol_data/ubt-vs-pbt-dbs/ubt/geth/chaindata cache=16.00MiB handles=262,144
INFO [06-01|06:02:29.119] Opened ancient database                  database=/mnt/state_expiry_vol_data/ubt-vs-pbt-dbs/ubt/geth/chaindata/ancient/chain readonly=false
INFO [06-01|06:02:29.119] Opened Era store                         datadir=/mnt/state_expiry_vol_data/ubt-vs-pbt-dbs/ubt/geth/chaindata/ancient/chain/era
INFO [06-01|06:02:29.125] State scheme set to already existing     scheme=path
INFO [06-01|06:02:29.127] Initialising Ethereum protocol           network=1337 dbversion=9
INFO [06-01|06:02:29.128] Load database journal from file          path=/mnt/state_expiry_vol_data/ubt-vs-pbt-dbs/ubt/geth/triedb/verkle.journal
INFO [06-01|06:02:29.193] Opened ancient database                  database=/mnt/state_expiry_vol_data/ubt-vs-pbt-dbs/ubt/geth/chaindata/ancient/state_verkle readonly=false
INFO [06-01|06:02:29.195] State snapshot generator is not compatible
INFO [06-01|06:02:29.195] Initialized path database                triecache=0.00B statecache=0.00B buffer=0.00B state-history="last 90000 blocks" journal-dir=/mnt/state_expiry_vol_data/ubt-vs-pbt-dbs/ubt/geth/triedb verkle=true
INFO [06-01|06:02:29.195] 
INFO [06-01|06:02:29.195] ---------------------------------------------------------------------------------------------------------------------------------------------------------
INFO [06-01|06:02:29.195] Chain ID:  1337 (unknown)
INFO [06-01|06:02:29.195] Consensus: unknown
INFO [06-01|06:02:29.195] 
INFO [06-01|06:02:29.195] Pre-Merge hard forks (block based):
INFO [06-01|06:02:29.195]  - Homestead:                   #0       
INFO [06-01|06:02:29.195]  - Tangerine Whistle (EIP 150): #0       
INFO [06-01|06:02:29.195]  - Spurious Dragon/1 (EIP 155): #0       
INFO [06-01|06:02:29.195]  - Spurious Dragon/2 (EIP 158): #0       
INFO [06-01|06:02:29.195]  - Byzantium:                   #0       
INFO [06-01|06:02:29.195]  - Constantinople:              #0       
INFO [06-01|06:02:29.195]  - Petersburg:                  #0       
INFO [06-01|06:02:29.195]  - Istanbul:                    #0       
INFO [06-01|06:02:29.195]  - Berlin:                      #0       
INFO [06-01|06:02:29.195]  - London:                      #0       
INFO [06-01|06:02:29.195]  - Arrow Glacier:               #0       
INFO [06-01|06:02:29.195]  - Gray Glacier:                #0       
INFO [06-01|06:02:29.195] 
INFO [06-01|06:02:29.195] Merge configured:
INFO [06-01|06:02:29.195]  - Total terminal difficulty:  0
INFO [06-01|06:02:29.195]  - Merge netsplit block:       #0       
INFO [06-01|06:02:29.195] 
INFO [06-01|06:02:29.195] Post-Merge hard forks (timestamp based):
INFO [06-01|06:02:29.195]  - Shanghai:                    @0         
INFO [06-01|06:02:29.195]  - Cancun:                      @0          blob: (target: 3, max: 6, fraction: 3338477)
INFO [06-01|06:02:29.195]  - Prague:                      @0          blob: (target: 6, max: 9, fraction: 5007716)
INFO [06-01|06:02:29.195]  - Osaka:                       @0          blob: (target: 6, max: 9, fraction: 5007716)
INFO [06-01|06:02:29.195]  - UBT:                         @0          blob: (nil)
INFO [06-01|06:02:29.195] 
INFO [06-01|06:02:29.195] All fork specifications can be found at https://ethereum.github.io/execution-specs/src/ethereum/forks/
INFO [06-01|06:02:29.195] 
INFO [06-01|06:02:29.195] ---------------------------------------------------------------------------------------------------------------------------------------------------------
INFO [06-01|06:02:29.195] 
INFO [06-01|06:02:29.195] Loaded most recent local block           number=678 hash=998aec..6df226 age=3s
INFO [06-01|06:02:29.195] Loaded most recent local finalized block number=672 hash=b189f2..6c5a85 age=10s
INFO [06-01|06:02:29.196] Initialized transaction indexer          range="last 2350000 blocks"
INFO [06-01|06:02:29.196] Initialized log indexer                  firstblock=0 lastblock=678 firstmap=0 lastmap=0 headindexed=true
INFO [06-01|06:02:29.230] Enabled full-sync                        head=678 hash=998aec..6df226
INFO [06-01|06:02:29.231] Unprotected transactions allowed
INFO [06-01|06:02:29.231] Gasprice oracle is ignoring threshold set threshold=2
INFO [06-01|06:02:29.231] Registered sync override service
WARN [06-01|06:02:29.231] You are running Geth in --dev mode. Please note the following:
WARN [06-01|06:02:29.231] 
WARN [06-01|06:02:29.231]   1. This mode is only intended for fast, iterative development without assumptions on
WARN [06-01|06:02:29.231]      security or persistence.
WARN [06-01|06:02:29.231]   2. The database is created in memory unless specified otherwise. Therefore, shutting down
WARN [06-01|06:02:29.231]      your computer or losing power will wipe your entire block data and chain state for
WARN [06-01|06:02:29.231]      your dev environment.
WARN [06-01|06:02:29.231]   3. A random, pre-allocated developer account will be available and unlocked as
WARN [06-01|06:02:29.231]      eth.coinbase, which can be used for testing. The random dev account is temporary,
WARN [06-01|06:02:29.231]      stored on a ramdisk, and will be lost if your machine is restarted.
WARN [06-01|06:02:29.231]   4. Mining is enabled by default. However, the client will only seal blocks if transactions
WARN [06-01|06:02:29.231]      are pending in the mempool. The miner's minimum accepted gas price is 1.
WARN [06-01|06:02:29.231]   5. Networking is disabled; there is no listen-address, the maximum number of peers is set
WARN [06-01|06:02:29.231]      to 0, and discovery is disabled.
WARN [06-01|06:02:29.231] 
INFO [06-01|06:02:29.231] Starting peer-to-peer node               instance=Geth/v1.17.3-unstable/linux-amd64/go1.24.9
WARN [06-01|06:02:29.231] P2P server will be useless, neither dialing nor listening
INFO [06-01|06:02:29.277] IPC endpoint opened                      url=/mnt/state_expiry_vol_data/ubt-vs-pbt-dbs/ubt/geth.ipc
ERROR[06-01|06:02:29.277] Unavailable modules in HTTP API list     unavailable=[personal] available="[admin debug web3 eth txpool miner net dev testing]"
INFO [06-01|06:02:29.277] New local node record                    seq=1,780,289,664,129 id=c084d8867e8cc127 ip=127.0.0.1 udp=0 tcp=0
INFO [06-01|06:02:29.277] Started P2P networking                   self=enode://ed0ccbffbfc0dc9f1b0f8e55d585ad3e61215b1974f32d9388e7ae53563e3ebe0172c21d754fa202c3a63f95bef3ff3ea24339ffdabd0115c47ec5b8d33136a9@127.0.0.1:0
INFO [06-01|06:02:29.278] HTTP server started                      endpoint=127.0.0.1:8545 auth=false prefix= cors= vhosts=localhost
INFO [06-01|06:02:29.278] WebSocket enabled                        url=ws://127.0.0.1:8546
INFO [06-01|06:02:29.354] Loaded local transaction journal         transactions=853 dropped=0
INFO [06-01|06:02:30.548] Started log indexer
INFO [06-01|06:02:30.591] Starting work on payload                 id=0x030eb700052712fc
INFO [06-01|06:02:30.595] Updated payload                          id=0x030eb700052712fc number=679 hash=07b424..d53cda txs=0 withdrawals=0 gas=0 fees=0 root=4db1c2..33cbcd elapsed=3.063ms
INFO [06-01|06:02:30.595] Stopping work on payload                 id=0x030eb700052712fc reason=delivery
WARN [06-01|06:02:30.598] {"level":"warn","msg":"Slow block","block":{"number":679,"hash":"0x07b4249364b1dc9087c860577277fa8aca776de1d2764ecfd831351286d53cda","gas_used":0,"tx_count":0},"timing":{"execution_ms":0.058715,"state_read_ms":2.777711,"state_hash_ms":0.001259,"commit_ms":0.140448,"total_ms":3.182221},"throughput":{"mgas_per_sec":0},"state_reads":{"accounts":4,"storage_slots":0,"code":0,"code_bytes":0},"state_writes":{"accounts":0,"accounts_deleted":0,"storage_slots":0,"storage_slots_deleted":0,"code":0,"code_bytes":0},"cache":{"account":{"hits":0,"misses":4,"hit_rate":0},"storage":{"hits":0,"misses":0,"hit_rate":0},"code":{"hits":0,"misses":0,"hit_rate":0,"hit_bytes":0,"miss_bytes":0}}}
INFO [06-01|06:02:30.598] Imported new potential chain segment     number=679 hash=07b424..d53cda blocks=1 txs=0 mgas=0.000 elapsed=3.498ms mgasps=0.000 triediffs=1.56MiB triedirty=0.00B
INFO [06-01|06:02:30.598] Chain head was updated                   number=679 hash=07b424..d53cda root=4db1c2..33cbcd elapsed="63.945µs"
INFO [06-01|06:02:31.605] Starting work on payload                 id=0x0317f14c104c244e
INFO [06-01|06:02:31.616] Updated payload                          id=0x0317f14c104c244e number=680 hash=d943db..bc7e18 txs=0 withdrawals=0 gas=0 fees=0 root=4db1c2..33cbcd elapsed=11.536ms
INFO [06-01|06:02:31.617] Stopping work on payload                 id=0x0317f14c104c244e reason=delivery
WARN [06-01|06:02:31.620] {"level":"warn","msg":"Slow block","block":{"number":680,"hash":"0xd943db947bb4fb40cd29ba00b31f4bb6757a9e1d1833204c05245ccf9dbc7e18","gas_used":0,"tx_count":0},"timing":{"execution_ms":0.040224,"state_read_ms":2.666156,"state_hash_ms":0.00111,"commit_ms":0.108537,"total_ms":3.111904},"throughput":{"mgas_per_sec":0},"state_reads":{"accounts":4,"storage_slots":0,"code":0,"code_bytes":0},"state_writes":{"accounts":0,"accounts_deleted":0,"storage_slots":0,"storage_slots_deleted":0,"code":0,"code_bytes":0},"cache":{"account":{"hits":0,"misses":4,"hit_rate":0},"storage":{"hits":0,"misses":0,"hit_rate":0},"code":{"hits":0,"misses":0,"hit_rate":0,"hit_bytes":0,"miss_bytes":0}}}
INFO [06-01|06:02:31.620] Imported new potential chain segment     number=680 hash=d943db..bc7e18 blocks=1 txs=0 mgas=0.000 elapsed=3.583ms    mgasps=0.000 triediffs=1.56MiB triedirty=0.00B
INFO [06-01|06:02:31.620] Chain head was updated                   number=680 hash=d943db..bc7e18 root=4db1c2..33cbcd elapsed="29.791µs"
INFO [06-01|06:02:32.626] Starting work on payload                 id=0x03afb27db38e3ce2
INFO [06-01|06:02:32.643] Updated payload                          id=0x03afb27db38e3ce2 number=681 hash=4bc7d6..144c66 txs=0 withdrawals=0 gas=0 fees=0 root=4db1c2..33cbcd elapsed=17.158ms
INFO [06-01|06:02:32.643] Stopping work on payload                 id=0x03afb27db38e3ce2 reason=delivery
WARN [06-01|06:02:32.659] {"level":"warn","msg":"Slow block","block":{"number":681,"hash":"0x4bc7d63cc22d216dc5810d8da67e72a01755512ce9ce77009281088cbe144c66","gas_used":0,"tx_count":0},"timing":{"execution_ms":0.036633,"state_read_ms":15.372285,"state_hash_ms":0.001857,"commit_ms":0.264454,"total_ms":16.090301},"throughput":{"mgas_per_sec":0},"state_reads":{"accounts":4,"storage_slots":0,"code":0,"code_bytes":0},"state_writes":{"accounts":0,"accounts_deleted":0,"storage_slots":0,"storage_slots_deleted":0,"code":0,"code_bytes":0},"cache":{"account":{"hits":0,"misses":4,"hit_rate":0},"storage":{"hits":0,"misses":0,"hit_rate":0},"code":{"hits":0,"misses":0,"hit_rate":0,"hit_bytes":0,"miss_bytes":0}}}
INFO [06-01|06:02:32.659] Imported new potential chain segment     number=681 hash=4bc7d6..144c66 blocks=1 txs=0 mgas=0.000 elapsed=16.237ms   mgasps=0.000 triediffs=1.56MiB triedirty=0.00B
INFO [06-01|06:02:32.659] Chain head was updated                   number=681 hash=4bc7d6..144c66 root=4db1c2..33cbcd elapsed="39.438µs"
INFO [06-01|06:02:32.740] Submitted contract creation              hash=0x40699cc2e4dfd2de832d15e2d906e9d41eaa3c992dd7ba17cf5634a337ce4f31 from=0xf39Fd6e51aad88F6F4ce6aB8827279cffFb92266 nonce=171 contract=0x70bDA08DBe07363968e9EE53d899dFE48560605B value=0
INFO [06-01|06:02:32.741] Submitted transaction                    hash=0x6e0628afe508c28b233402c9bda8e16e6aab62cd594712e149d53c2844d54e66 from=0xf39Fd6e51aad88F6F4ce6aB8827279cffFb92266 nonce=172 recipient=0x8F2E6E75A9aEeb6c065f83B31c13927B8505Dc2F value=78,000,000
INFO [06-01|06:02:33.664] Starting work on payload                 id=0x035db6354407db02
INFO [06-01|06:02:33.699] Updated payload                          id=0x035db6354407db02 number=682 hash=012dc7..fd65a1 txs=2 withdrawals=0 gas=86906 fees=5.21436e-13 root=6b9fcb..b5a106 elapsed=35.211ms
INFO [06-01|06:02:33.699] Stopping work on payload                 id=0x035db6354407db02 reason=delivery
INFO [06-01|06:02:33.722] Paused snapshot generation
WARN [06-01|06:02:33.722] {"level":"warn","msg":"Slow block","block":{"number":682,"hash":"0x012dc7cd6107d80f02c35134196669ad6ce5a9ff7ecd3e25c9c0e1008bfd65a1","gas_used":86906,"tx_count":2},"timing":{"execution_ms":0.100135,"state_read_ms":3.23596,"state_hash_ms":15.109828,"commit_ms":4.327127,"total_ms":22.921422},"throughput":{"mgas_per_sec":3.791475066424762},"state_reads":{"accounts":11,"storage_slots":0,"code":0,"code_bytes":0},"state_writes":{"accounts":3,"accounts_deleted":0,"storage_slots":0,"storage_slots_deleted":0,"code":1,"code_bytes":163},"cache":{"account":{"hits":6,"misses":5,"hit_rate":54.54545454545454},"storage":{"hits":0,"misses":0,"hit_rate":0},"code":{"hits":0,"misses":0,"hit_rate":0,"hit_bytes":0,"miss_bytes":0}}}
INFO [06-01|06:02:33.722] Imported new potential chain segment     number=682 hash=012dc7..fd65a1 blocks=1 txs=2 mgas=0.087 elapsed=23.085ms   mgasps=3.765 triediffs=1.57MiB triedirty=0.00B
INFO [06-01|06:02:33.723] Chain head was updated                   number=682 hash=012dc7..fd65a1 root=6b9fcb..b5a106 elapsed="168.075µs"
WARN [06-01|06:02:33.741] Snapshot generation is not permitted
INFO [06-01|06:02:33.753] Submitted transaction                    hash=0x33fc0e838418c7fb341a01b54b7a0b70e3612e7c496936e5a28dd57423aedfd6 from=0x8F2E6E75A9aEeb6c065f83B31c13927B8505Dc2F nonce=0   recipient=0x70bDA08DBe07363968e9EE53d899dFE48560605B value=0
INFO [06-01|06:02:34.742] Starting work on payload                 id=0x03ca4e225f1f36fc
INFO [06-01|06:02:34.767] Updated payload                          id=0x03ca4e225f1f36fc number=683 hash=564d3f..d777c4 txs=1 withdrawals=0 gas=5,911,431 fees=3.5468586e-11 root=2aa7b8..614f7e elapsed=24.257ms
INFO [06-01|06:02:34.767] Stopping work on payload                 id=0x03ca4e225f1f36fc reason=delivery
INFO [06-01|06:02:34.795] Paused snapshot generation
WARN [06-01|06:02:34.795] {"level":"warn","msg":"Slow block","block":{"number":683,"hash":"0x564d3fce1c6b5025b7592d8cf7a4a24d30b11a2ef69a33d331a96f69bfd777c4","gas_used":5911431,"tx_count":1},"timing":{"execution_ms":4.433584,"state_read_ms":10.265203,"state_hash_ms":3.282028,"commit_ms":1.560615,"total_ms":28.065163},"throughput":{"mgas_per_sec":210.6323415973034},"state_reads":{"accounts":8,"storage_slots":259,"code":2,"code_bytes":191},"state_writes":{"accounts":3,"accounts_deleted":0,"storage_slots":259,"storage_slots_deleted":0,"code":0,"code_bytes":0},"cache":{"account":{"hits":3,"misses":5,"hit_rate":37.5},"storage":{"hits":127,"misses":132,"hit_rate":49.034749034749034},"code":{"hits":2,"misses":0,"hit_rate":100,"hit_bytes":191,"miss_bytes":0}}}
INFO [06-01|06:02:34.795] Imported new potential chain segment     number=683 hash=564d3f..d777c4 blocks=1 txs=1 mgas=5.911 elapsed=28.260ms    mgasps=209.173 triediffs=1.62MiB triedirty=0.00B
INFO [06-01|06:02:34.796] Chain head was updated                   number=683 hash=564d3f..d777c4 root=2aa7b8..614f7e elapsed="85.131µs"
WARN [06-01|06:02:34.826] Snapshot generation is not permitted
INFO [06-01|06:02:35.778] Submitted transaction                    hash=0xb4b6e9e09e45a6fd895c6a5a3f530778b84d07668afe7e58e54a58bf9427891a from=0x8F2E6E75A9aEeb6c065f83B31c13927B8505Dc2F nonce=1   recipient=0xf39Fd6e51aad88F6F4ce6aB8827279cffFb92266 value=899,397
INFO [06-01|06:02:35.801] Starting work on payload                 id=0x03cd7690e6ce306f
INFO [06-01|06:02:35.814] Updated payload                          id=0x03cd7690e6ce306f number=684 hash=4cd985..3760fb txs=1 withdrawals=0 gas=21000     fees=2.1e-14       root=cb1c01..e4964e elapsed=12.880ms
INFO [06-01|06:02:35.814] Stopping work on payload                 id=0x03cd7690e6ce306f reason=delivery
INFO [06-01|06:02:35.827] Paused snapshot generation
WARN [06-01|06:02:35.828] {"level":"warn","msg":"Slow block","block":{"number":684,"hash":"0x4cd9855359db40e4d64a60e9e59e8789587691a789ed2adaca530023d73760fb","gas_used":21000,"tx_count":1},"timing":{"execution_ms":0.07224,"state_read_ms":8.447214,"state_hash_ms":4.247881,"commit_ms":0.5495,"total_ms":13.493256},"throughput":{"mgas_per_sec":1.55633303036717},"state_reads":{"accounts":6,"storage_slots":0,"code":0,"code_bytes":0},"state_writes":{"accounts":2,"accounts_deleted":0,"storage_slots":0,"storage_slots_deleted":0,"code":0,"code_bytes":0},"cache":{"account":{"hits":2,"misses":4,"hit_rate":33.33333333333333},"storage":{"hits":0,"misses":0,"hit_rate":0},"code":{"hits":0,"misses":0,"hit_rate":0,"hit_bytes":0,"miss_bytes":0}}}
INFO [06-01|06:02:35.828] Imported new potential chain segment     number=684 hash=4cd985..3760fb blocks=1 txs=1 mgas=0.021 elapsed=13.626ms    mgasps=1.541   triediffs=1.61MiB triedirty=0.00B
INFO [06-01|06:02:35.828] Chain head was updated                   number=684 hash=4cd985..3760fb root=cb1c01..e4964e elapsed="65.693µs"
WARN [06-01|06:02:35.851] Snapshot generation is not permitted
INFO [06-01|06:02:36.832] Starting work on payload                 id=0x03876ba500799e89
INFO [06-01|06:02:36.840] Updated payload                          id=0x03876ba500799e89 number=685 hash=e0f5dc..1afccf txs=0 withdrawals=0 gas=0         fees=0             root=cb1c01..e4964e elapsed=7.273ms
INFO [06-01|06:02:36.840] Stopping work on payload                 id=0x03876ba500799e89 reason=delivery
WARN [06-01|06:02:36.844] {"level":"warn","msg":"Slow block","block":{"number":685,"hash":"0xe0f5dcb526fcb11a33f2280720d5030541788605ece35462e061b9edf61afccf","gas_used":0,"tx_count":0},"timing":{"execution_ms":0.03787,"state_read_ms":3.397772,"state_hash_ms":0.001639,"commit_ms":0.115425,"total_ms":3.805979},"throughput":{"mgas_per_sec":0},"state_reads":{"accounts":4,"storage_slots":0,"code":0,"code_bytes":0},"state_writes":{"accounts":0,"accounts_deleted":0,"storage_slots":0,"storage_slots_deleted":0,"code":0,"code_bytes":0},"cache":{"account":{"hits":0,"misses":4,"hit_rate":0},"storage":{"hits":0,"misses":0,"hit_rate":0},"code":{"hits":0,"misses":0,"hit_rate":0,"hit_bytes":0,"miss_bytes":0}}}
INFO [06-01|06:02:36.844] Imported new potential chain segment     number=685 hash=e0f5dc..1afccf blocks=1 txs=0 mgas=0.000 elapsed=3.917ms     mgasps=0.000   triediffs=1.61MiB triedirty=0.00B
INFO [06-01|06:02:36.844] Chain head was updated                   number=685 hash=e0f5dc..1afccf root=cb1c01..e4964e elapsed="46.968µs"
