WARN [06-01|06:04:13.766] Unknown config environment variable      envvar=GETH_PBT_BIN
WARN [06-01|06:04:13.766] Unknown config environment variable      envvar=GETH_UBT_BIN
INFO [06-01|06:04:13.777] Starting Geth on Ethereum mainnet...
INFO [06-01|06:04:13.779] Maximum peer count                       ETH=0 total=0
INFO [06-01|06:04:13.780] Smartcard socket not found, disabling    err="stat /run/pcscd/pcscd.comm: no such file or directory"
WARN [06-01|06:04:13.783] Option --miner.etherbase is deprecated as the etherbase is set by the consensus client post-merge
WARN [06-01|06:04:13.784] Snap sync requested, resetting --cache.snapshot
INFO [06-01|06:04:13.785] Set global gas cap                       cap=50,000,000
INFO [06-01|06:04:14.575] Using developer account                  address=0xf39Fd6e51aad88F6F4ce6aB8827279cffFb92266
INFO [06-01|06:04:14.615] Using pebble as the backing database
INFO [06-01|06:04:14.615] Allocated cache and file handles         database=/mnt/state_expiry_vol_data/ubt-vs-pbt-dbs/ubt/geth/chaindata cache=16.00MiB handles=262,144
INFO [06-01|06:04:14.834] Opened ancient database                  database=/mnt/state_expiry_vol_data/ubt-vs-pbt-dbs/ubt/geth/chaindata/ancient/chain readonly=true
INFO [06-01|06:04:14.834] Opened Era store                         datadir=/mnt/state_expiry_vol_data/ubt-vs-pbt-dbs/ubt/geth/chaindata/ancient/chain/era
INFO [06-01|06:04:14.839] Initializing the KZG library             backend=gokzg
INFO [06-01|06:04:14.841] Allocated trie memory caches             clean=0.00B dirty=0.00B
INFO [06-01|06:04:14.850] Using pebble as the backing database
INFO [06-01|06:04:14.850] Allocated cache and file handles         database=/mnt/state_expiry_vol_data/ubt-vs-pbt-dbs/ubt/geth/chaindata cache=16.00MiB handles=262,144
INFO [06-01|06:04:15.024] Opened ancient database                  database=/mnt/state_expiry_vol_data/ubt-vs-pbt-dbs/ubt/geth/chaindata/ancient/chain readonly=false
INFO [06-01|06:04:15.024] Opened Era store                         datadir=/mnt/state_expiry_vol_data/ubt-vs-pbt-dbs/ubt/geth/chaindata/ancient/chain/era
INFO [06-01|06:04:15.031] State scheme set to already existing     scheme=path
INFO [06-01|06:04:15.031] Initialising Ethereum protocol           network=1337 dbversion=9
INFO [06-01|06:04:15.031] Load database journal from file          path=/mnt/state_expiry_vol_data/ubt-vs-pbt-dbs/ubt/geth/triedb/verkle.journal
INFO [06-01|06:04:15.100] Opened ancient database                  database=/mnt/state_expiry_vol_data/ubt-vs-pbt-dbs/ubt/geth/chaindata/ancient/state_verkle readonly=false
INFO [06-01|06:04:15.102] State snapshot generator is not compatible
INFO [06-01|06:04:15.102] Initialized path database                triecache=0.00B statecache=0.00B buffer=0.00B state-history="last 90000 blocks" journal-dir=/mnt/state_expiry_vol_data/ubt-vs-pbt-dbs/ubt/geth/triedb verkle=true
INFO [06-01|06:04:15.103] 
INFO [06-01|06:04:15.103] ---------------------------------------------------------------------------------------------------------------------------------------------------------
INFO [06-01|06:04:15.103] Chain ID:  1337 (unknown)
INFO [06-01|06:04:15.103] Consensus: unknown
INFO [06-01|06:04:15.103] 
INFO [06-01|06:04:15.103] Pre-Merge hard forks (block based):
INFO [06-01|06:04:15.103]  - Homestead:                   #0       
INFO [06-01|06:04:15.103]  - Tangerine Whistle (EIP 150): #0       
INFO [06-01|06:04:15.103]  - Spurious Dragon/1 (EIP 155): #0       
INFO [06-01|06:04:15.103]  - Spurious Dragon/2 (EIP 158): #0       
INFO [06-01|06:04:15.103]  - Byzantium:                   #0       
INFO [06-01|06:04:15.103]  - Constantinople:              #0       
INFO [06-01|06:04:15.103]  - Petersburg:                  #0       
INFO [06-01|06:04:15.103]  - Istanbul:                    #0       
INFO [06-01|06:04:15.103]  - Berlin:                      #0       
INFO [06-01|06:04:15.103]  - London:                      #0       
INFO [06-01|06:04:15.103]  - Arrow Glacier:               #0       
INFO [06-01|06:04:15.103]  - Gray Glacier:                #0       
INFO [06-01|06:04:15.103] 
INFO [06-01|06:04:15.103] Merge configured:
INFO [06-01|06:04:15.103]  - Total terminal difficulty:  0
INFO [06-01|06:04:15.103]  - Merge netsplit block:       #0       
INFO [06-01|06:04:15.103] 
INFO [06-01|06:04:15.103] Post-Merge hard forks (timestamp based):
INFO [06-01|06:04:15.103]  - Shanghai:                    @0         
INFO [06-01|06:04:15.103]  - Cancun:                      @0          blob: (target: 3, max: 6, fraction: 3338477)
INFO [06-01|06:04:15.103]  - Prague:                      @0          blob: (target: 6, max: 9, fraction: 5007716)
INFO [06-01|06:04:15.103]  - Osaka:                       @0          blob: (target: 6, max: 9, fraction: 5007716)
INFO [06-01|06:04:15.103]  - UBT:                         @0          blob: (nil)
INFO [06-01|06:04:15.103] 
INFO [06-01|06:04:15.103] All fork specifications can be found at https://ethereum.github.io/execution-specs/src/ethereum/forks/
INFO [06-01|06:04:15.103] 
INFO [06-01|06:04:15.103] ---------------------------------------------------------------------------------------------------------------------------------------------------------
INFO [06-01|06:04:15.103] 
INFO [06-01|06:04:15.105] Loaded most recent local block           number=748 hash=4397b4..be8cc3 age=3s
INFO [06-01|06:04:15.105] Loaded most recent local finalized block number=736 hash=3d1487..1cc3f7 age=19s
INFO [06-01|06:04:15.106] Initialized transaction indexer          range="last 2350000 blocks"
INFO [06-01|06:04:15.106] Initialized log indexer                  firstblock=0 lastblock=748 firstmap=0 lastmap=0 headindexed=true
INFO [06-01|06:04:15.170] Enabled full-sync                        head=748 hash=4397b4..be8cc3
INFO [06-01|06:04:15.170] Unprotected transactions allowed
INFO [06-01|06:04:15.170] Gasprice oracle is ignoring threshold set threshold=2
INFO [06-01|06:04:15.170] Registered sync override service
WARN [06-01|06:04:15.170] You are running Geth in --dev mode. Please note the following:
WARN [06-01|06:04:15.170] 
WARN [06-01|06:04:15.170]   1. This mode is only intended for fast, iterative development without assumptions on
WARN [06-01|06:04:15.170]      security or persistence.
WARN [06-01|06:04:15.170]   2. The database is created in memory unless specified otherwise. Therefore, shutting down
WARN [06-01|06:04:15.170]      your computer or losing power will wipe your entire block data and chain state for
WARN [06-01|06:04:15.170]      your dev environment.
WARN [06-01|06:04:15.170]   3. A random, pre-allocated developer account will be available and unlocked as
WARN [06-01|06:04:15.170]      eth.coinbase, which can be used for testing. The random dev account is temporary,
WARN [06-01|06:04:15.170]      stored on a ramdisk, and will be lost if your machine is restarted.
WARN [06-01|06:04:15.170]   4. Mining is enabled by default. However, the client will only seal blocks if transactions
WARN [06-01|06:04:15.170]      are pending in the mempool. The miner's minimum accepted gas price is 1.
WARN [06-01|06:04:15.170]   5. Networking is disabled; there is no listen-address, the maximum number of peers is set
WARN [06-01|06:04:15.170]      to 0, and discovery is disabled.
WARN [06-01|06:04:15.170] 
INFO [06-01|06:04:15.170] Starting peer-to-peer node               instance=Geth/v1.17.3-unstable/linux-amd64/go1.24.9
WARN [06-01|06:04:15.170] P2P server will be useless, neither dialing nor listening
INFO [06-01|06:04:15.201] IPC endpoint opened                      url=/mnt/state_expiry_vol_data/ubt-vs-pbt-dbs/ubt/geth.ipc
ERROR[06-01|06:04:15.201] Unavailable modules in HTTP API list     unavailable=[personal] available="[admin debug web3 eth txpool miner net dev testing]"
INFO [06-01|06:04:15.202] New local node record                    seq=1,780,289,664,139 id=c084d8867e8cc127 ip=127.0.0.1 udp=0 tcp=0
INFO [06-01|06:04:15.202] Started P2P networking                   self=enode://ed0ccbffbfc0dc9f1b0f8e55d585ad3e61215b1974f32d9388e7ae53563e3ebe0172c21d754fa202c3a63f95bef3ff3ea24339ffdabd0115c47ec5b8d33136a9@127.0.0.1:0
INFO [06-01|06:04:15.203] HTTP server started                      endpoint=127.0.0.1:8545 auth=false prefix= cors= vhosts=localhost
INFO [06-01|06:04:15.203] WebSocket enabled                        url=ws://127.0.0.1:8546
INFO [06-01|06:04:15.294] Loaded local transaction journal         transactions=893 dropped=0
INFO [06-01|06:04:16.539] Started log indexer
INFO [06-01|06:04:16.578] Starting work on payload                 id=0x031e24b3e60054ac
INFO [06-01|06:04:16.582] Updated payload                          id=0x031e24b3e60054ac number=749 hash=9e7843..b9461d txs=0 withdrawals=0 gas=0 fees=0 root=af251e..1d1b60 elapsed=3.955ms
INFO [06-01|06:04:16.582] Stopping work on payload                 id=0x031e24b3e60054ac reason=delivery
WARN [06-01|06:04:16.586] {"level":"warn","msg":"Slow block","block":{"number":749,"hash":"0x9e78434c759f344c7901738a039e6636339973e1cf295ec522a000c040b9461d","gas_used":0,"tx_count":0},"timing":{"execution_ms":0.052563,"state_read_ms":3.232599,"state_hash_ms":0.001461,"commit_ms":0.180668,"total_ms":3.719553},"throughput":{"mgas_per_sec":0},"state_reads":{"accounts":4,"storage_slots":0,"code":0,"code_bytes":0},"state_writes":{"accounts":0,"accounts_deleted":0,"storage_slots":0,"storage_slots_deleted":0,"code":0,"code_bytes":0},"cache":{"account":{"hits":0,"misses":4,"hit_rate":0},"storage":{"hits":0,"misses":0,"hit_rate":0},"code":{"hits":0,"misses":0,"hit_rate":0,"hit_bytes":0,"miss_bytes":0}}}
INFO [06-01|06:04:16.586] Imported new potential chain segment     number=749 hash=9e7843..b9461d blocks=1 txs=0 mgas=0.000 elapsed=4.064ms mgasps=0.000 triediffs=2.09MiB triedirty=0.00B
INFO [06-01|06:04:16.587] Chain head was updated                   number=749 hash=9e7843..b9461d root=af251e..1d1b60 elapsed="95.26µs"
INFO [06-01|06:04:17.593] Starting work on payload                 id=0x0301f4394e2ca1b3
INFO [06-01|06:04:17.598] Updated payload                          id=0x0301f4394e2ca1b3 number=750 hash=e7a143..32416c txs=0 withdrawals=0 gas=0 fees=0 root=af251e..1d1b60 elapsed=5.375ms
INFO [06-01|06:04:17.601] Stopping work on payload                 id=0x0301f4394e2ca1b3 reason=delivery
WARN [06-01|06:04:17.606] {"level":"warn","msg":"Slow block","block":{"number":750,"hash":"0xe7a143f7a0c8169868539dbcbf2ecb259099605ad7c32beadbf636c14532416c","gas_used":0,"tx_count":0},"timing":{"execution_ms":0.035494,"state_read_ms":6.368638,"state_hash_ms":0.002125,"commit_ms":0.121966,"total_ms":7.02145},"throughput":{"mgas_per_sec":0},"state_reads":{"accounts":4,"storage_slots":0,"code":0,"code_bytes":0},"state_writes":{"accounts":0,"accounts_deleted":0,"storage_slots":0,"storage_slots_deleted":0,"code":0,"code_bytes":0},"cache":{"account":{"hits":0,"misses":4,"hit_rate":0},"storage":{"hits":0,"misses":0,"hit_rate":0},"code":{"hits":0,"misses":0,"hit_rate":0,"hit_bytes":0,"miss_bytes":0}}}
INFO [06-01|06:04:17.606] Imported new potential chain segment     number=750 hash=e7a143..32416c blocks=1 txs=0 mgas=0.000 elapsed=7.305ms   mgasps=0.000 triediffs=2.09MiB triedirty=0.00B
INFO [06-01|06:04:17.606] Chain head was updated                   number=750 hash=e7a143..32416c root=af251e..1d1b60 elapsed="222.508µs"
INFO [06-01|06:04:18.627] Starting work on payload                 id=0x037b0e7afd8c5c94
INFO [06-01|06:04:18.630] Updated payload                          id=0x037b0e7afd8c5c94 number=751 hash=b6a8c4..e0cdbb txs=0 withdrawals=0 gas=0 fees=0 root=af251e..1d1b60 elapsed=3.193ms
INFO [06-01|06:04:18.630] Stopping work on payload                 id=0x037b0e7afd8c5c94 reason=delivery
WARN [06-01|06:04:18.633] {"level":"warn","msg":"Slow block","block":{"number":751,"hash":"0xb6a8c45165f44ef6851d5e1b13ae2e81d26e9cb54690fc290a9629fba9e0cdbb","gas_used":0,"tx_count":0},"timing":{"execution_ms":0.031999,"state_read_ms":2.880529,"state_hash_ms":0.001639,"commit_ms":0.109537,"total_ms":3.179361},"throughput":{"mgas_per_sec":0},"state_reads":{"accounts":4,"storage_slots":0,"code":0,"code_bytes":0},"state_writes":{"accounts":0,"accounts_deleted":0,"storage_slots":0,"storage_slots_deleted":0,"code":0,"code_bytes":0},"cache":{"account":{"hits":0,"misses":4,"hit_rate":0},"storage":{"hits":0,"misses":0,"hit_rate":0},"code":{"hits":0,"misses":0,"hit_rate":0,"hit_bytes":0,"miss_bytes":0}}}
INFO [06-01|06:04:18.634] Imported new potential chain segment     number=751 hash=b6a8c4..e0cdbb blocks=1 txs=0 mgas=0.000 elapsed=3.356ms     mgasps=0.000 triediffs=2.09MiB triedirty=0.00B
INFO [06-01|06:04:18.634] Chain head was updated                   number=751 hash=b6a8c4..e0cdbb root=af251e..1d1b60 elapsed="37.671µs"
INFO [06-01|06:04:18.672] Submitted contract creation              hash=0x5fb56a9f7ea56645db7fd091f34e4102a6ef6ea2066510da2cbbcc60dff51fd5 from=0xf39Fd6e51aad88F6F4ce6aB8827279cffFb92266 nonce=191 contract=0xaC47e91215fb80462139756f43438402998E4A3a value=0
INFO [06-01|06:04:18.672] Submitted transaction                    hash=0xd3c7b12eaf2dad7bff2c3b7a0b1c6cccd3ace462905ef293fbee8c5edc7d79fd from=0xf39Fd6e51aad88F6F4ce6aB8827279cffFb92266 nonce=192 recipient=0x2Fdc54a6E0A578952C1F5b3C9EF3D5088Cca8dfB value=78,000,000
INFO [06-01|06:04:19.641] Starting work on payload                 id=0x03a5055bbdddc1c0
INFO [06-01|06:04:19.668] Updated payload                          id=0x03a5055bbdddc1c0 number=752 hash=50cd7d..1070fd txs=2 withdrawals=0 gas=86906 fees=5.21436e-13 root=7b6c27..df98e4 elapsed=27.116ms
INFO [06-01|06:04:19.669] Stopping work on payload                 id=0x03a5055bbdddc1c0 reason=delivery
INFO [06-01|06:04:19.700] Paused snapshot generation
WARN [06-01|06:04:19.700] {"level":"warn","msg":"Slow block","block":{"number":752,"hash":"0x50cd7d6f2ad23ca621280409eb9404e50d1ef3b42649bc5d890b3b05681070fd","gas_used":86906,"tx_count":2},"timing":{"execution_ms":0.102245,"state_read_ms":24.070045,"state_hash_ms":2.637956,"commit_ms":4.563669,"total_ms":31.594809},"throughput":{"mgas_per_sec":2.75064172725336},"state_reads":{"accounts":11,"storage_slots":0,"code":0,"code_bytes":0},"state_writes":{"accounts":3,"accounts_deleted":0,"storage_slots":0,"storage_slots_deleted":0,"code":1,"code_bytes":163},"cache":{"account":{"hits":6,"misses":5,"hit_rate":54.54545454545454},"storage":{"hits":0,"misses":0,"hit_rate":0},"code":{"hits":0,"misses":0,"hit_rate":0,"hit_bytes":0,"miss_bytes":0}}}
INFO [06-01|06:04:19.700] Imported new potential chain segment     number=752 hash=50cd7d..1070fd blocks=1 txs=2 mgas=0.087 elapsed=31.830ms    mgasps=2.730 triediffs=2.09MiB triedirty=0.00B
INFO [06-01|06:04:19.701] Chain head was updated                   number=752 hash=50cd7d..1070fd root=7b6c27..df98e4 elapsed="230.151µs"
WARN [06-01|06:04:19.724] Snapshot generation is not permitted
INFO [06-01|06:04:20.689] Submitted transaction                    hash=0x03bcf03dce599a2ee54b9d767d35d55ea1fdccb3754ade131040ec1cb0450cf2 from=0x2Fdc54a6E0A578952C1F5b3C9EF3D5088Cca8dfB nonce=0   recipient=0xaC47e91215fb80462139756f43438402998E4A3a value=0
INFO [06-01|06:04:20.705] Starting work on payload                 id=0x03e1e5587ecba119
INFO [06-01|06:04:20.746] Updated payload                          id=0x03e1e5587ecba119 number=753 hash=6fb626..b0125f txs=1 withdrawals=0 gas=5,911,431 fees=3.5468586e-11 root=a60270..22441d elapsed=41.121ms
INFO [06-01|06:04:20.746] Stopping work on payload                 id=0x03e1e5587ecba119 reason=delivery
INFO [06-01|06:04:20.765] Paused snapshot generation
WARN [06-01|06:04:20.768] {"level":"warn","msg":"Slow block","block":{"number":753,"hash":"0x6fb6262631211ba635b4c22a9bd591b66d3aa1feadbce5c8a897878fe4b0125f","gas_used":5911431,"tx_count":1},"timing":{"execution_ms":4.613858,"state_read_ms":7.7678,"state_hash_ms":4.450537,"commit_ms":4.928128,"total_ms":21.927863},"throughput":{"mgas_per_sec":269.58536725626203},"state_reads":{"accounts":8,"storage_slots":259,"code":2,"code_bytes":191},"state_writes":{"accounts":3,"accounts_deleted":0,"storage_slots":259,"storage_slots_deleted":0,"code":0,"code_bytes":0},"cache":{"account":{"hits":4,"misses":4,"hit_rate":50},"storage":{"hits":70,"misses":189,"hit_rate":27.027027027027028},"code":{"hits":2,"misses":0,"hit_rate":100,"hit_bytes":191,"miss_bytes":0}}}
INFO [06-01|06:04:20.768] Imported new potential chain segment     number=753 hash=6fb626..b0125f blocks=1 txs=1 mgas=5.911 elapsed=22.079ms    mgasps=267.733 triediffs=2.15MiB triedirty=0.00B
INFO [06-01|06:04:20.769] Chain head was updated                   number=753 hash=6fb626..b0125f root=a60270..22441d elapsed="91.129µs"
WARN [06-01|06:04:20.801] Snapshot generation is not permitted
INFO [06-01|06:04:21.702] Submitted transaction                    hash=0xaa9f586afa0a04b20980c95e33415303420f99834960e9c0dc402539d504d56a from=0x2Fdc54a6E0A578952C1F5b3C9EF3D5088Cca8dfB nonce=1   recipient=0xf39Fd6e51aad88F6F4ce6aB8827279cffFb92266 value=899,397
INFO [06-01|06:04:21.773] Starting work on payload                 id=0x03acdc1dda3c8563
INFO [06-01|06:04:21.797] Updated payload                          id=0x03acdc1dda3c8563 number=754 hash=13b60d..0f6dd8 txs=1 withdrawals=0 gas=21000     fees=2.1e-14       root=37fa33..235141 elapsed=24.248ms
INFO [06-01|06:04:21.799] Stopping work on payload                 id=0x03acdc1dda3c8563 reason=delivery
INFO [06-01|06:04:21.818] Paused snapshot generation
WARN [06-01|06:04:21.819] {"level":"warn","msg":"Slow block","block":{"number":754,"hash":"0x13b60d230dd4365919f9887a4f2472bb96cda566b7e286772f51152bc30f6dd8","gas_used":21000,"tx_count":1},"timing":{"execution_ms":0.083585,"state_read_ms":15.980763,"state_hash_ms":2.573753,"commit_ms":0.602777,"total_ms":19.425753},"throughput":{"mgas_per_sec":1.081039175160932},"state_reads":{"accounts":6,"storage_slots":0,"code":0,"code_bytes":0},"state_writes":{"accounts":2,"accounts_deleted":0,"storage_slots":0,"storage_slots_deleted":0,"code":0,"code_bytes":0},"cache":{"account":{"hits":0,"misses":6,"hit_rate":0},"storage":{"hits":0,"misses":0,"hit_rate":0},"code":{"hits":0,"misses":0,"hit_rate":0,"hit_bytes":0,"miss_bytes":0}}}
INFO [06-01|06:04:21.819] Imported new potential chain segment     number=754 hash=13b60d..0f6dd8 blocks=1 txs=1 mgas=0.021 elapsed=20.514ms    mgasps=1.024   triediffs=2.14MiB triedirty=0.00B
INFO [06-01|06:04:21.819] Chain head was updated                   number=754 hash=13b60d..0f6dd8 root=37fa33..235141 elapsed="64.856µs"
WARN [06-01|06:04:21.838] Snapshot generation is not permitted
INFO [06-01|06:04:22.823] Starting work on payload                 id=0x03f8314952c0c829
INFO [06-01|06:04:22.826] Updated payload                          id=0x03f8314952c0c829 number=755 hash=de4a04..b63d80 txs=0 withdrawals=0 gas=0         fees=0             root=37fa33..235141 elapsed=3.358ms
INFO [06-01|06:04:22.827] Stopping work on payload                 id=0x03f8314952c0c829 reason=delivery
WARN [06-01|06:04:22.830] {"level":"warn","msg":"Slow block","block":{"number":755,"hash":"0xde4a04cbb1fb2443cc72a73e428afd658c14fd0596c29963616962ab66b63d80","gas_used":0,"tx_count":0},"timing":{"execution_ms":0.018884,"state_read_ms":2.730359,"state_hash_ms":0.00173,"commit_ms":0.105227,"total_ms":3.029682},"throughput":{"mgas_per_sec":0},"state_reads":{"accounts":4,"storage_slots":0,"code":0,"code_bytes":0},"state_writes":{"accounts":0,"accounts_deleted":0,"storage_slots":0,"storage_slots_deleted":0,"code":0,"code_bytes":0},"cache":{"account":{"hits":0,"misses":4,"hit_rate":0},"storage":{"hits":0,"misses":0,"hit_rate":0},"code":{"hits":0,"misses":0,"hit_rate":0,"hit_bytes":0,"miss_bytes":0}}}
INFO [06-01|06:04:22.830] Imported new potential chain segment     number=755 hash=de4a04..b63d80 blocks=1 txs=0 mgas=0.000 elapsed=3.137ms     mgasps=0.000   triediffs=2.14MiB triedirty=0.00B
INFO [06-01|06:04:22.830] Chain head was updated                   number=755 hash=de4a04..b63d80 root=37fa33..235141 elapsed="36.821µs"
