WARN [06-01|06:13:28.184] Unknown config environment variable      envvar=GETH_PBT_BIN
WARN [06-01|06:13:28.184] Unknown config environment variable      envvar=GETH_UBT_BIN
INFO [06-01|06:13:28.197] Starting Geth on Ethereum mainnet...
INFO [06-01|06:13:28.199] Maximum peer count                       ETH=0 total=0
INFO [06-01|06:13:28.200] Smartcard socket not found, disabling    err="stat /run/pcscd/pcscd.comm: no such file or directory"
WARN [06-01|06:13:28.203] Option --miner.etherbase is deprecated as the etherbase is set by the consensus client post-merge
WARN [06-01|06:13:28.204] Snap sync requested, resetting --cache.snapshot
INFO [06-01|06:13:28.205] Set global gas cap                       cap=50,000,000
INFO [06-01|06:13:28.989] Using developer account                  address=0xf39Fd6e51aad88F6F4ce6aB8827279cffFb92266
INFO [06-01|06:13:29.031] Using pebble as the backing database
INFO [06-01|06:13:29.031] Allocated cache and file handles         database=/mnt/state_expiry_vol_data/ubt-vs-pbt-dbs/ubt/geth/chaindata cache=16.00MiB handles=262,144
INFO [06-01|06:13:29.246] Opened ancient database                  database=/mnt/state_expiry_vol_data/ubt-vs-pbt-dbs/ubt/geth/chaindata/ancient/chain readonly=true
INFO [06-01|06:13:29.247] Opened Era store                         datadir=/mnt/state_expiry_vol_data/ubt-vs-pbt-dbs/ubt/geth/chaindata/ancient/chain/era
INFO [06-01|06:13:29.253] Initializing the KZG library             backend=gokzg
INFO [06-01|06:13:29.256] Allocated trie memory caches             clean=0.00B dirty=0.00B
INFO [06-01|06:13:29.264] Using pebble as the backing database
INFO [06-01|06:13:29.264] Allocated cache and file handles         database=/mnt/state_expiry_vol_data/ubt-vs-pbt-dbs/ubt/geth/chaindata cache=16.00MiB handles=262,144
INFO [06-01|06:13:29.475] Opened ancient database                  database=/mnt/state_expiry_vol_data/ubt-vs-pbt-dbs/ubt/geth/chaindata/ancient/chain readonly=false
INFO [06-01|06:13:29.475] Opened Era store                         datadir=/mnt/state_expiry_vol_data/ubt-vs-pbt-dbs/ubt/geth/chaindata/ancient/chain/era
INFO [06-01|06:13:29.481] State scheme set to already existing     scheme=path
INFO [06-01|06:13:29.489] Initialising Ethereum protocol           network=1337 dbversion=9
INFO [06-01|06:13:29.489] Load database journal from file          path=/mnt/state_expiry_vol_data/ubt-vs-pbt-dbs/ubt/geth/triedb/verkle.journal
INFO [06-01|06:13:29.809] Opened ancient database                  database=/mnt/state_expiry_vol_data/ubt-vs-pbt-dbs/ubt/geth/chaindata/ancient/state_verkle readonly=false
INFO [06-01|06:13:29.811] State snapshot generator is not compatible
INFO [06-01|06:13:29.811] Initialized path database                triecache=0.00B statecache=0.00B buffer=0.00B state-history="last 90000 blocks" journal-dir=/mnt/state_expiry_vol_data/ubt-vs-pbt-dbs/ubt/geth/triedb verkle=true
INFO [06-01|06:13:29.811] 
INFO [06-01|06:13:29.811] ---------------------------------------------------------------------------------------------------------------------------------------------------------
INFO [06-01|06:13:29.811] Chain ID:  1337 (unknown)
INFO [06-01|06:13:29.811] Consensus: unknown
INFO [06-01|06:13:29.811] 
INFO [06-01|06:13:29.811] Pre-Merge hard forks (block based):
INFO [06-01|06:13:29.811]  - Homestead:                   #0       
INFO [06-01|06:13:29.811]  - Tangerine Whistle (EIP 150): #0       
INFO [06-01|06:13:29.811]  - Spurious Dragon/1 (EIP 155): #0       
INFO [06-01|06:13:29.811]  - Spurious Dragon/2 (EIP 158): #0       
INFO [06-01|06:13:29.811]  - Byzantium:                   #0       
INFO [06-01|06:13:29.811]  - Constantinople:              #0       
INFO [06-01|06:13:29.811]  - Petersburg:                  #0       
INFO [06-01|06:13:29.811]  - Istanbul:                    #0       
INFO [06-01|06:13:29.811]  - Berlin:                      #0       
INFO [06-01|06:13:29.811]  - London:                      #0       
INFO [06-01|06:13:29.811]  - Arrow Glacier:               #0       
INFO [06-01|06:13:29.811]  - Gray Glacier:                #0       
INFO [06-01|06:13:29.811] 
INFO [06-01|06:13:29.811] Merge configured:
INFO [06-01|06:13:29.811]  - Total terminal difficulty:  0
INFO [06-01|06:13:29.811]  - Merge netsplit block:       #0       
INFO [06-01|06:13:29.811] 
INFO [06-01|06:13:29.811] Post-Merge hard forks (timestamp based):
INFO [06-01|06:13:29.811]  - Shanghai:                    @0         
INFO [06-01|06:13:29.811]  - Cancun:                      @0          blob: (target: 3, max: 6, fraction: 3338477)
INFO [06-01|06:13:29.811]  - Prague:                      @0          blob: (target: 6, max: 9, fraction: 5007716)
INFO [06-01|06:13:29.811]  - Osaka:                       @0          blob: (target: 6, max: 9, fraction: 5007716)
INFO [06-01|06:13:29.811]  - UBT:                         @0          blob: (nil)
INFO [06-01|06:13:29.811] 
INFO [06-01|06:13:29.811] All fork specifications can be found at https://ethereum.github.io/execution-specs/src/ethereum/forks/
INFO [06-01|06:13:29.811] 
INFO [06-01|06:13:29.811] ---------------------------------------------------------------------------------------------------------------------------------------------------------
INFO [06-01|06:13:29.811] 
INFO [06-01|06:13:29.812] Loaded most recent local block           number=1088 hash=58a183..6c702b age=3s
INFO [06-01|06:13:29.812] Loaded most recent local finalized block number=1088 hash=58a183..6c702b age=3s
INFO [06-01|06:13:29.812] Initialized transaction indexer          range="last 2350000 blocks"
INFO [06-01|06:13:29.813] Initialized log indexer                  firstblock=0 lastblock=1088 firstmap=0 lastmap=0 headindexed=true
INFO [06-01|06:13:29.838] Enabled full-sync                        head=1088 hash=58a183..6c702b
INFO [06-01|06:13:29.838] Unprotected transactions allowed
INFO [06-01|06:13:29.838] Gasprice oracle is ignoring threshold set threshold=2
INFO [06-01|06:13:29.839] Registered sync override service
WARN [06-01|06:13:29.839] You are running Geth in --dev mode. Please note the following:
WARN [06-01|06:13:29.839] 
WARN [06-01|06:13:29.839]   1. This mode is only intended for fast, iterative development without assumptions on
WARN [06-01|06:13:29.839]      security or persistence.
WARN [06-01|06:13:29.839]   2. The database is created in memory unless specified otherwise. Therefore, shutting down
WARN [06-01|06:13:29.839]      your computer or losing power will wipe your entire block data and chain state for
WARN [06-01|06:13:29.839]      your dev environment.
WARN [06-01|06:13:29.839]   3. A random, pre-allocated developer account will be available and unlocked as
WARN [06-01|06:13:29.839]      eth.coinbase, which can be used for testing. The random dev account is temporary,
WARN [06-01|06:13:29.839]      stored on a ramdisk, and will be lost if your machine is restarted.
WARN [06-01|06:13:29.839]   4. Mining is enabled by default. However, the client will only seal blocks if transactions
WARN [06-01|06:13:29.839]      are pending in the mempool. The miner's minimum accepted gas price is 1.
WARN [06-01|06:13:29.839]   5. Networking is disabled; there is no listen-address, the maximum number of peers is set
WARN [06-01|06:13:29.839]      to 0, and discovery is disabled.
WARN [06-01|06:13:29.839] 
INFO [06-01|06:13:29.839] Starting peer-to-peer node               instance=Geth/v1.17.3-unstable/linux-amd64/go1.24.9
WARN [06-01|06:13:29.839] P2P server will be useless, neither dialing nor listening
INFO [06-01|06:13:29.886] IPC endpoint opened                      url=/mnt/state_expiry_vol_data/ubt-vs-pbt-dbs/ubt/geth.ipc
ERROR[06-01|06:13:29.886] Unavailable modules in HTTP API list     unavailable=[personal] available="[admin debug web3 eth txpool miner net dev testing]"
INFO [06-01|06:13:29.886] New local node record                    seq=1,780,289,664,192 id=c084d8867e8cc127 ip=127.0.0.1 udp=0 tcp=0
INFO [06-01|06:13:29.886] Started P2P networking                   self=enode://ed0ccbffbfc0dc9f1b0f8e55d585ad3e61215b1974f32d9388e7ae53563e3ebe0172c21d754fa202c3a63f95bef3ff3ea24339ffdabd0115c47ec5b8d33136a9@127.0.0.1:0
INFO [06-01|06:13:29.887] HTTP server started                      endpoint=127.0.0.1:8545 auth=false prefix= cors= vhosts=localhost
INFO [06-01|06:13:29.887] WebSocket enabled                        url=ws://127.0.0.1:8546
INFO [06-01|06:13:29.992] Loaded local transaction journal         transactions=1105 dropped=0
INFO [06-01|06:13:31.082] Started log indexer
INFO [06-01|06:13:31.124] Starting work on payload                 id=0x035e1a05e44f425b
INFO [06-01|06:13:31.136] Updated payload                          id=0x035e1a05e44f425b number=1089 hash=624ff2..1f1a09 txs=0 withdrawals=0 gas=0 fees=0 root=6101ef..6635f4 elapsed=11.569ms
INFO [06-01|06:13:31.137] Stopping work on payload                 id=0x035e1a05e44f425b reason=delivery
WARN [06-01|06:13:31.140] {"level":"warn","msg":"Slow block","block":{"number":1089,"hash":"0x624ff2fe9a10833965b13d15b8817f375665040fd20a6d1a9866edc77d1f1a09","gas_used":0,"tx_count":0},"timing":{"execution_ms":0.051735,"state_read_ms":3.480643,"state_hash_ms":0.001916,"commit_ms":0.301618,"total_ms":4.109645},"throughput":{"mgas_per_sec":0},"state_reads":{"accounts":4,"storage_slots":0,"code":0,"code_bytes":0},"state_writes":{"accounts":0,"accounts_deleted":0,"storage_slots":0,"storage_slots_deleted":0,"code":0,"code_bytes":0},"cache":{"account":{"hits":0,"misses":4,"hit_rate":0},"storage":{"hits":0,"misses":0,"hit_rate":0},"code":{"hits":0,"misses":0,"hit_rate":0,"hit_bytes":0,"miss_bytes":0}}}
INFO [06-01|06:13:31.140] Imported new potential chain segment     number=1089 hash=624ff2..1f1a09 blocks=1 txs=0 mgas=0.000 elapsed=4.628ms  mgasps=0.000 triediffs=25.20MiB triedirty=0.00B
INFO [06-01|06:13:31.141] Chain head was updated                   number=1089 hash=624ff2..1f1a09 root=6101ef..6635f4 elapsed="149.165µs"
INFO [06-01|06:13:32.146] Starting work on payload                 id=0x03532c40786f2acd
INFO [06-01|06:13:32.149] Updated payload                          id=0x03532c40786f2acd number=1090 hash=6cf647..77787a txs=0 withdrawals=0 gas=0 fees=0 root=6101ef..6635f4 elapsed=3.153ms
INFO [06-01|06:13:32.149] Stopping work on payload                 id=0x03532c40786f2acd reason=delivery
WARN [06-01|06:13:32.154] {"level":"warn","msg":"Slow block","block":{"number":1090,"hash":"0x6cf647d17095cd0ae764f5d3f1ec423fc08fd031b82d1f2a7169d83d3277787a","gas_used":0,"tx_count":0},"timing":{"execution_ms":0.049341,"state_read_ms":3.912627,"state_hash_ms":0.001852,"commit_ms":0.180096,"total_ms":4.312466},"throughput":{"mgas_per_sec":0},"state_reads":{"accounts":4,"storage_slots":0,"code":0,"code_bytes":0},"state_writes":{"accounts":0,"accounts_deleted":0,"storage_slots":0,"storage_slots_deleted":0,"code":0,"code_bytes":0},"cache":{"account":{"hits":0,"misses":4,"hit_rate":0},"storage":{"hits":0,"misses":0,"hit_rate":0},"code":{"hits":0,"misses":0,"hit_rate":0,"hit_bytes":0,"miss_bytes":0}}}
INFO [06-01|06:13:32.154] Imported new potential chain segment     number=1090 hash=6cf647..77787a blocks=1 txs=0 mgas=0.000 elapsed=4.528ms     mgasps=0.000 triediffs=25.20MiB triedirty=0.00B
INFO [06-01|06:13:32.154] Chain head was updated                   number=1090 hash=6cf647..77787a root=6101ef..6635f4 elapsed="77.722µs"
INFO [06-01|06:13:33.156] Submitted contract creation              hash=0x067d86ed154e84fb453073bffe0e4a4c1144ec1a172b8875be07d03075fd5e17 from=0xf39Fd6e51aad88F6F4ce6aB8827279cffFb92266 nonce=297 contract=0xb868Cc77A95a65F42611724AF05Aa2d3B6Ec05F2 value=0
INFO [06-01|06:13:33.157] Submitted transaction                    hash=0x75a869d0241b9a0756338f4b838f0e834132e9a37a3d9606c3b3be927b5b079c from=0xf39Fd6e51aad88F6F4ce6aB8827279cffFb92266 nonce=298 recipient=0x8503B3DFb9f459F5e1dF24A1B031016f6c6b4da6 value=78,000,000
INFO [06-01|06:13:33.159] Starting work on payload                 id=0x034381f5a4cff7b2
INFO [06-01|06:13:33.199] Updated payload                          id=0x034381f5a4cff7b2 number=1091 hash=f18562..17e2a0 txs=2 withdrawals=0 gas=86926 fees=5.21556e-13 root=9acc89..ad629a elapsed=39.879ms
INFO [06-01|06:13:33.199] Stopping work on payload                 id=0x034381f5a4cff7b2 reason=delivery
INFO [06-01|06:13:33.233] Paused snapshot generation
WARN [06-01|06:13:33.233] {"level":"warn","msg":"Slow block","block":{"number":1091,"hash":"0xf18562a2e80f590ced7c01b2b090cd14260a508a3452fefb843996cb1d17e2a0","gas_used":86926,"tx_count":2},"timing":{"execution_ms":0.097591,"state_read_ms":13.962052,"state_hash_ms":14.18612,"commit_ms":5.576997,"total_ms":33.966181},"throughput":{"mgas_per_sec":2.5591926275138204},"state_reads":{"accounts":11,"storage_slots":0,"code":0,"code_bytes":0},"state_writes":{"accounts":3,"accounts_deleted":0,"storage_slots":0,"storage_slots_deleted":0,"code":1,"code_bytes":165},"cache":{"account":{"hits":6,"misses":5,"hit_rate":54.54545454545454},"storage":{"hits":0,"misses":0,"hit_rate":0},"code":{"hits":0,"misses":0,"hit_rate":0,"hit_bytes":0,"miss_bytes":0}}}
INFO [06-01|06:13:33.233] Imported new potential chain segment     number=1091 hash=f18562..17e2a0 blocks=1 txs=2 mgas=0.087 elapsed=34.158ms    mgasps=2.545 triediffs=25.09MiB triedirty=0.00B
INFO [06-01|06:13:33.234] Chain head was updated                   number=1091 hash=f18562..17e2a0 root=9acc89..ad629a elapsed="225.951µs"
WARN [06-01|06:13:33.261] Snapshot generation is not permitted
INFO [06-01|06:13:34.171] Submitted transaction                    hash=0x5d93d2127da6a3770eb87ff82aacb4e45141203a94a298537ac6b74fad37fe86 from=0x8503B3DFb9f459F5e1dF24A1B031016f6c6b4da6 nonce=0   recipient=0xb868Cc77A95a65F42611724AF05Aa2d3B6Ec05F2 value=0
INFO [06-01|06:13:34.254] Starting work on payload                 id=0x031f9bc10855e49d
INFO [06-01|06:13:34.935] Updated payload                          id=0x031f9bc10855e49d number=1092 hash=7ccc53..c6e21b txs=1 withdrawals=0 gas=5,903,530 fees=3.542118e-11 root=935358..9795cd elapsed=680.513ms
INFO [06-01|06:13:34.935] Stopping work on payload                 id=0x031f9bc10855e49d reason=delivery
INFO [06-01|06:13:35.024] Paused snapshot generation
WARN [06-01|06:13:35.030] {"level":"warn","msg":"Slow block","block":{"number":1092,"hash":"0x7ccc53616e9e375721c282859bfc99bc733923de441ac920050d4fa65bc6e21b","gas_used":5903530,"tx_count":1},"timing":{"execution_ms":4.884214,"state_read_ms":31.633366,"state_hash_ms":43.622438,"commit_ms":14.056936,"total_ms":94.456617},"throughput":{"mgas_per_sec":62.49990934991881},"state_reads":{"accounts":219,"storage_slots":212,"code":213,"code_bytes":6101},"state_writes":{"accounts":213,"accounts_deleted":0,"storage_slots":211,"storage_slots_deleted":0,"code":0,"code_bytes":0},"cache":{"account":{"hits":161,"misses":58,"hit_rate":73.51598173515981},"storage":{"hits":134,"misses":78,"hit_rate":63.20754716981132},"code":{"hits":213,"misses":0,"hit_rate":100,"hit_bytes":6101,"miss_bytes":0}}}
INFO [06-01|06:13:35.030] Imported new potential chain segment     number=1092 hash=7ccc53..c6e21b blocks=1 txs=1 mgas=5.904 elapsed=94.670ms    mgasps=62.359 triediffs=26.41MiB triedirty=0.00B
INFO [06-01|06:13:35.030] Chain head was updated                   number=1092 hash=7ccc53..c6e21b root=935358..9795cd elapsed="117.33µs"
WARN [06-01|06:13:35.044] Snapshot generation is not permitted
INFO [06-01|06:13:35.187] Submitted transaction                    hash=0xb9c390ec54ce4655d589caa53e723546360738472cb0b221c01079e278af39b1 from=0x8503B3DFb9f459F5e1dF24A1B031016f6c6b4da6 nonce=1   recipient=0xf39Fd6e51aad88F6F4ce6aB8827279cffFb92266 value=1,002,110
INFO [06-01|06:13:36.037] Starting work on payload                 id=0x0342403d723793e0
INFO [06-01|06:13:36.049] Updated payload                          id=0x0342403d723793e0 number=1093 hash=4a8c53..ae0f58 txs=1 withdrawals=0 gas=21000     fees=2.1e-14      root=1c030c..da70e4 elapsed=11.246ms
INFO [06-01|06:13:36.049] Stopping work on payload                 id=0x0342403d723793e0 reason=delivery
INFO [06-01|06:13:36.086] Paused snapshot generation
WARN [06-01|06:13:36.086] {"level":"warn","msg":"Slow block","block":{"number":1093,"hash":"0x4a8c530137dc4db8e6e298924a36819fcebcf1af42e7d3fa489755ec91ae0f58","gas_used":21000,"tx_count":1},"timing":{"execution_ms":0.066367,"state_read_ms":16.536557,"state_hash_ms":19.106795,"commit_ms":0.79174,"total_ms":36.722314},"throughput":{"mgas_per_sec":0.5718593877281263},"state_reads":{"accounts":6,"storage_slots":0,"code":0,"code_bytes":0},"state_writes":{"accounts":2,"accounts_deleted":0,"storage_slots":0,"storage_slots_deleted":0,"code":0,"code_bytes":0},"cache":{"account":{"hits":2,"misses":4,"hit_rate":33.33333333333333},"storage":{"hits":0,"misses":0,"hit_rate":0},"code":{"hits":0,"misses":0,"hit_rate":0,"hit_bytes":0,"miss_bytes":0}}}
INFO [06-01|06:13:36.086] Imported new potential chain segment     number=1093 hash=4a8c53..ae0f58 blocks=1 txs=1 mgas=0.021 elapsed=36.966ms    mgasps=0.568  triediffs=26.41MiB triedirty=0.00B
INFO [06-01|06:13:36.086] Chain head was updated                   number=1093 hash=4a8c53..ae0f58 root=1c030c..da70e4 elapsed="91.404µs"
WARN [06-01|06:13:36.117] Snapshot generation is not permitted
