WARN [06-01|06:20:39.181] Unknown config environment variable      envvar=GETH_PBT_BIN
WARN [06-01|06:20:39.181] Unknown config environment variable      envvar=GETH_UBT_BIN
INFO [06-01|06:20:39.192] Starting Geth on Ethereum mainnet...
INFO [06-01|06:20:39.194] Maximum peer count                       ETH=0 total=0
INFO [06-01|06:20:39.195] Smartcard socket not found, disabling    err="stat /run/pcscd/pcscd.comm: no such file or directory"
WARN [06-01|06:20:39.197] Option --miner.etherbase is deprecated as the etherbase is set by the consensus client post-merge
WARN [06-01|06:20:39.200] Snap sync requested, resetting --cache.snapshot
INFO [06-01|06:20:39.200] Set global gas cap                       cap=50,000,000
INFO [06-01|06:20:39.984] Using developer account                  address=0xf39Fd6e51aad88F6F4ce6aB8827279cffFb92266
INFO [06-01|06:20:40.024] Using pebble as the backing database
INFO [06-01|06:20:40.024] Allocated cache and file handles         database=/mnt/state_expiry_vol_data/ubt-vs-pbt-dbs/ubt/geth/chaindata cache=16.00MiB handles=262,144
INFO [06-01|06:20:40.236] Opened ancient database                  database=/mnt/state_expiry_vol_data/ubt-vs-pbt-dbs/ubt/geth/chaindata/ancient/chain readonly=true
INFO [06-01|06:20:40.236] Opened Era store                         datadir=/mnt/state_expiry_vol_data/ubt-vs-pbt-dbs/ubt/geth/chaindata/ancient/chain/era
INFO [06-01|06:20:40.242] Initializing the KZG library             backend=gokzg
INFO [06-01|06:20:40.243] Allocated trie memory caches             clean=0.00B dirty=0.00B
INFO [06-01|06:20:40.254] Using pebble as the backing database
INFO [06-01|06:20:40.254] Allocated cache and file handles         database=/mnt/state_expiry_vol_data/ubt-vs-pbt-dbs/ubt/geth/chaindata cache=16.00MiB handles=262,144
INFO [06-01|06:20:40.457] Opened ancient database                  database=/mnt/state_expiry_vol_data/ubt-vs-pbt-dbs/ubt/geth/chaindata/ancient/chain readonly=false
INFO [06-01|06:20:40.457] Opened Era store                         datadir=/mnt/state_expiry_vol_data/ubt-vs-pbt-dbs/ubt/geth/chaindata/ancient/chain/era
INFO [06-01|06:20:40.462] State scheme set to already existing     scheme=path
INFO [06-01|06:20:40.463] Initialising Ethereum protocol           network=1337 dbversion=9
INFO [06-01|06:20:40.463] Load database journal from file          path=/mnt/state_expiry_vol_data/ubt-vs-pbt-dbs/ubt/geth/triedb/verkle.journal
INFO [06-01|06:20:40.689] Opened ancient database                  database=/mnt/state_expiry_vol_data/ubt-vs-pbt-dbs/ubt/geth/chaindata/ancient/state_verkle readonly=false
INFO [06-01|06:20:40.691] State snapshot generator is not compatible
INFO [06-01|06:20:40.691] Initialized path database                triecache=0.00B statecache=0.00B buffer=0.00B state-history="last 90000 blocks" journal-dir=/mnt/state_expiry_vol_data/ubt-vs-pbt-dbs/ubt/geth/triedb verkle=true
INFO [06-01|06:20:40.691] 
INFO [06-01|06:20:40.691] ---------------------------------------------------------------------------------------------------------------------------------------------------------
INFO [06-01|06:20:40.691] Chain ID:  1337 (unknown)
INFO [06-01|06:20:40.691] Consensus: unknown
INFO [06-01|06:20:40.691] 
INFO [06-01|06:20:40.691] Pre-Merge hard forks (block based):
INFO [06-01|06:20:40.691]  - Homestead:                   #0       
INFO [06-01|06:20:40.691]  - Tangerine Whistle (EIP 150): #0       
INFO [06-01|06:20:40.691]  - Spurious Dragon/1 (EIP 155): #0       
INFO [06-01|06:20:40.691]  - Spurious Dragon/2 (EIP 158): #0       
INFO [06-01|06:20:40.691]  - Byzantium:                   #0       
INFO [06-01|06:20:40.691]  - Constantinople:              #0       
INFO [06-01|06:20:40.691]  - Petersburg:                  #0       
INFO [06-01|06:20:40.691]  - Istanbul:                    #0       
INFO [06-01|06:20:40.691]  - Berlin:                      #0       
INFO [06-01|06:20:40.691]  - London:                      #0       
INFO [06-01|06:20:40.691]  - Arrow Glacier:               #0       
INFO [06-01|06:20:40.691]  - Gray Glacier:                #0       
INFO [06-01|06:20:40.691] 
INFO [06-01|06:20:40.691] Merge configured:
INFO [06-01|06:20:40.691]  - Total terminal difficulty:  0
INFO [06-01|06:20:40.691]  - Merge netsplit block:       #0       
INFO [06-01|06:20:40.691] 
INFO [06-01|06:20:40.691] Post-Merge hard forks (timestamp based):
INFO [06-01|06:20:40.691]  - Shanghai:                    @0         
INFO [06-01|06:20:40.691]  - Cancun:                      @0          blob: (target: 3, max: 6, fraction: 3338477)
INFO [06-01|06:20:40.691]  - Prague:                      @0          blob: (target: 6, max: 9, fraction: 5007716)
INFO [06-01|06:20:40.691]  - Osaka:                       @0          blob: (target: 6, max: 9, fraction: 5007716)
INFO [06-01|06:20:40.691]  - UBT:                         @0          blob: (nil)
INFO [06-01|06:20:40.691] 
INFO [06-01|06:20:40.691] All fork specifications can be found at https://ethereum.github.io/execution-specs/src/ethereum/forks/
INFO [06-01|06:20:40.691] 
INFO [06-01|06:20:40.691] ---------------------------------------------------------------------------------------------------------------------------------------------------------
INFO [06-01|06:20:40.691] 
INFO [06-01|06:20:40.693] Loaded most recent local block           number=1333 hash=283801..a3e995 age=3s
INFO [06-01|06:20:40.693] Loaded most recent local finalized block number=1312 hash=bad5dd..5d4371 age=35s
INFO [06-01|06:20:40.693] Initialized transaction indexer          range="last 2350000 blocks"
INFO [06-01|06:20:40.693] Initialized log indexer                  firstblock=0 lastblock=1333 firstmap=0 lastmap=0 headindexed=true
INFO [06-01|06:20:40.735] Enabled full-sync                        head=1333 hash=283801..a3e995
INFO [06-01|06:20:40.735] Unprotected transactions allowed
INFO [06-01|06:20:40.735] Gasprice oracle is ignoring threshold set threshold=2
INFO [06-01|06:20:40.735] Registered sync override service
WARN [06-01|06:20:40.735] You are running Geth in --dev mode. Please note the following:
WARN [06-01|06:20:40.735] 
WARN [06-01|06:20:40.735]   1. This mode is only intended for fast, iterative development without assumptions on
WARN [06-01|06:20:40.735]      security or persistence.
WARN [06-01|06:20:40.735]   2. The database is created in memory unless specified otherwise. Therefore, shutting down
WARN [06-01|06:20:40.735]      your computer or losing power will wipe your entire block data and chain state for
WARN [06-01|06:20:40.735]      your dev environment.
WARN [06-01|06:20:40.735]   3. A random, pre-allocated developer account will be available and unlocked as
WARN [06-01|06:20:40.735]      eth.coinbase, which can be used for testing. The random dev account is temporary,
WARN [06-01|06:20:40.735]      stored on a ramdisk, and will be lost if your machine is restarted.
WARN [06-01|06:20:40.735]   4. Mining is enabled by default. However, the client will only seal blocks if transactions
WARN [06-01|06:20:40.735]      are pending in the mempool. The miner's minimum accepted gas price is 1.
WARN [06-01|06:20:40.735]   5. Networking is disabled; there is no listen-address, the maximum number of peers is set
WARN [06-01|06:20:40.735]      to 0, and discovery is disabled.
WARN [06-01|06:20:40.735] 
INFO [06-01|06:20:40.735] Starting peer-to-peer node               instance=Geth/v1.17.3-unstable/linux-amd64/go1.24.9
WARN [06-01|06:20:40.735] P2P server will be useless, neither dialing nor listening
INFO [06-01|06:20:40.765] New local node record                    seq=1,780,289,664,236 id=c084d8867e8cc127 ip=127.0.0.1 udp=0 tcp=0
INFO [06-01|06:20:40.765] Started P2P networking                   self=enode://ed0ccbffbfc0dc9f1b0f8e55d585ad3e61215b1974f32d9388e7ae53563e3ebe0172c21d754fa202c3a63f95bef3ff3ea24339ffdabd0115c47ec5b8d33136a9@127.0.0.1:0
INFO [06-01|06:20:40.765] IPC endpoint opened                      url=/mnt/state_expiry_vol_data/ubt-vs-pbt-dbs/ubt/geth.ipc
ERROR[06-01|06:20:40.765] Unavailable modules in HTTP API list     unavailable=[personal] available="[admin debug web3 eth txpool miner net dev testing]"
INFO [06-01|06:20:40.766] HTTP server started                      endpoint=127.0.0.1:8545 auth=false prefix= cors= vhosts=localhost
INFO [06-01|06:20:40.766] WebSocket enabled                        url=ws://127.0.0.1:8546
INFO [06-01|06:20:40.904] Loaded local transaction journal         transactions=1281 dropped=0
INFO [06-01|06:20:41.874] Started log indexer
INFO [06-01|06:20:41.912] Starting work on payload                 id=0x031081f7e39769b9
INFO [06-01|06:20:41.921] Updated payload                          id=0x031081f7e39769b9 number=1334 hash=0aa02b..1a2a59 txs=0 withdrawals=0 gas=0 fees=0 root=cd7c3c..793d9a elapsed=9.375ms
INFO [06-01|06:20:41.921] Stopping work on payload                 id=0x031081f7e39769b9 reason=delivery
WARN [06-01|06:20:41.925] {"level":"warn","msg":"Slow block","block":{"number":1334,"hash":"0x0aa02ba093c336aba234d30def1b3ac9ba9ffde267361629ccbd307bb41a2a59","gas_used":0,"tx_count":0},"timing":{"execution_ms":0.033585,"state_read_ms":2.728514,"state_hash_ms":0.001132,"commit_ms":0.144236,"total_ms":3.140787},"throughput":{"mgas_per_sec":0},"state_reads":{"accounts":4,"storage_slots":0,"code":0,"code_bytes":0},"state_writes":{"accounts":0,"accounts_deleted":0,"storage_slots":0,"storage_slots_deleted":0,"code":0,"code_bytes":0},"cache":{"account":{"hits":0,"misses":4,"hit_rate":0},"storage":{"hits":0,"misses":0,"hit_rate":0},"code":{"hits":0,"misses":0,"hit_rate":0,"hit_bytes":0,"miss_bytes":0}}}
INFO [06-01|06:20:41.925] Imported new potential chain segment     number=1334 hash=0aa02b..1a2a59 blocks=1 txs=0 mgas=0.000 elapsed=3.445ms mgasps=0.000 triediffs=17.94MiB triedirty=0.00B
INFO [06-01|06:20:41.925] Chain head was updated                   number=1334 hash=0aa02b..1a2a59 root=cd7c3c..793d9a elapsed="49.241µs"
INFO [06-01|06:20:42.929] Starting work on payload                 id=0x034e6fbd0ce19656
INFO [06-01|06:20:42.942] Updated payload                          id=0x034e6fbd0ce19656 number=1335 hash=450044..588b02 txs=0 withdrawals=0 gas=0 fees=0 root=cd7c3c..793d9a elapsed=12.547ms
INFO [06-01|06:20:42.942] Stopping work on payload                 id=0x034e6fbd0ce19656 reason=delivery
WARN [06-01|06:20:42.945] {"level":"warn","msg":"Slow block","block":{"number":1335,"hash":"0x450044018fe53cff2f0da5f54196549890ffa2f639c1e99b1822d534cc588b02","gas_used":0,"tx_count":0},"timing":{"execution_ms":0.029212,"state_read_ms":3.005043,"state_hash_ms":0.001361,"commit_ms":0.094552,"total_ms":3.290566},"throughput":{"mgas_per_sec":0},"state_reads":{"accounts":4,"storage_slots":0,"code":0,"code_bytes":0},"state_writes":{"accounts":0,"accounts_deleted":0,"storage_slots":0,"storage_slots_deleted":0,"code":0,"code_bytes":0},"cache":{"account":{"hits":0,"misses":4,"hit_rate":0},"storage":{"hits":0,"misses":0,"hit_rate":0},"code":{"hits":0,"misses":0,"hit_rate":0,"hit_bytes":0,"miss_bytes":0}}}
INFO [06-01|06:20:42.945] Imported new potential chain segment     number=1335 hash=450044..588b02 blocks=1 txs=0 mgas=0.000 elapsed=3.467ms    mgasps=0.000 triediffs=17.94MiB triedirty=0.00B
INFO [06-01|06:20:42.946] Chain head was updated                   number=1335 hash=450044..588b02 root=cd7c3c..793d9a elapsed="103.476µs"
INFO [06-01|06:20:43.970] Starting work on payload                 id=0x037639d49530e59c
INFO [06-01|06:20:43.986] Updated payload                          id=0x037639d49530e59c number=1336 hash=592151..9ce6a3 txs=0 withdrawals=0 gas=0 fees=0 root=cd7c3c..793d9a elapsed=15.658ms
INFO [06-01|06:20:43.986] Stopping work on payload                 id=0x037639d49530e59c reason=delivery
WARN [06-01|06:20:44.008] {"level":"warn","msg":"Slow block","block":{"number":1336,"hash":"0x592151b7ec8154582d46a5e5529f25ee78bf71551cefd393e0552df70c9ce6a3","gas_used":0,"tx_count":0},"timing":{"execution_ms":0.036571,"state_read_ms":21.840682,"state_hash_ms":0.002166,"commit_ms":0.127972,"total_ms":22.174298},"throughput":{"mgas_per_sec":0},"state_reads":{"accounts":4,"storage_slots":0,"code":0,"code_bytes":0},"state_writes":{"accounts":0,"accounts_deleted":0,"storage_slots":0,"storage_slots_deleted":0,"code":0,"code_bytes":0},"cache":{"account":{"hits":0,"misses":4,"hit_rate":0},"storage":{"hits":0,"misses":0,"hit_rate":0},"code":{"hits":0,"misses":0,"hit_rate":0,"hit_bytes":0,"miss_bytes":0}}}
INFO [06-01|06:20:44.008] Imported new potential chain segment     number=1336 hash=592151..9ce6a3 blocks=1 txs=0 mgas=0.000 elapsed=22.363ms    mgasps=0.000 triediffs=17.94MiB triedirty=0.00B
INFO [06-01|06:20:44.008] Chain head was updated                   number=1336 hash=592151..9ce6a3 root=cd7c3c..793d9a elapsed="50.813µs"
INFO [06-01|06:20:44.079] Submitted contract creation              hash=0x1cdbbe82ef43983da393b93cbeffd4207a48806c58114ac5fb01c20d1e06f40a from=0xf39Fd6e51aad88F6F4ce6aB8827279cffFb92266 nonce=385 contract=0xbe18A1B61ceaF59aEB6A9bC81AB4FB87D56Ba167 value=0
INFO [06-01|06:20:44.080] Submitted transaction                    hash=0x727e673ddffefced948a9527009ea3728c368b92fe6d92ad1d06c86f3e2fe628 from=0xf39Fd6e51aad88F6F4ce6aB8827279cffFb92266 nonce=386 recipient=0x9cF3D9A3700fFFD981DcCa9D30E9cD86d1Fc302F value=78,000,000
INFO [06-01|06:20:45.014] Starting work on payload                 id=0x03f31c7f1dfe385b
INFO [06-01|06:20:45.046] Updated payload                          id=0x03f31c7f1dfe385b number=1337 hash=907790..1f7536 txs=2 withdrawals=0 gas=91710 fees=5.5026e-13 root=f3f2a6..8b59ad elapsed=32.235ms
INFO [06-01|06:20:45.046] Stopping work on payload                 id=0x03f31c7f1dfe385b reason=delivery
INFO [06-01|06:20:45.077] Paused snapshot generation
WARN [06-01|06:20:45.077] {"level":"warn","msg":"Slow block","block":{"number":1337,"hash":"0x907790780f2c425ba4df711362de18dc2cfa1ebdd7032eea3a4c3929a61f7536","gas_used":91710,"tx_count":2},"timing":{"execution_ms":0.139715,"state_read_ms":17.791727,"state_hash_ms":6.772541,"commit_ms":5.88111,"total_ms":30.764818},"throughput":{"mgas_per_sec":2.981002520476474},"state_reads":{"accounts":11,"storage_slots":0,"code":0,"code_bytes":0},"state_writes":{"accounts":3,"accounts_deleted":0,"storage_slots":0,"storage_slots_deleted":0,"code":1,"code_bytes":305},"cache":{"account":{"hits":5,"misses":6,"hit_rate":45.45454545454545},"storage":{"hits":0,"misses":0,"hit_rate":0},"code":{"hits":0,"misses":0,"hit_rate":0,"hit_bytes":0,"miss_bytes":0}}}
INFO [06-01|06:20:45.077] Imported new potential chain segment     number=1337 hash=907790..1f7536 blocks=1 txs=2 mgas=0.092 elapsed=31.068ms    mgasps=2.952 triediffs=16.62MiB triedirty=0.00B
INFO [06-01|06:20:45.078] Chain head was updated                   number=1337 hash=907790..1f7536 root=f3f2a6..8b59ad elapsed="137.279µs"
INFO [06-01|06:20:45.092] Submitted transaction                    hash=0xbe737d9281a114c989b10e62998d349d13ef9b3f1980892bf6bbfd61a2dacb86 from=0x9cF3D9A3700fFFD981DcCa9D30E9cD86d1Fc302F nonce=0   recipient=0xbe18A1B61ceaF59aEB6A9bC81AB4FB87D56Ba167 value=0
WARN [06-01|06:20:45.114] Snapshot generation is not permitted
INFO [06-01|06:20:46.083] Starting work on payload                 id=0x03775b757f0f4fa2
INFO [06-01|06:20:46.235] Updated payload                          id=0x03775b757f0f4fa2 number=1338 hash=ee9d0f..f296c5 txs=1 withdrawals=0 gas=5,908,255 fees=3.544953e-11 root=95a6bb..04bc29 elapsed=152.571ms
INFO [06-01|06:20:46.235] Stopping work on payload                 id=0x03775b757f0f4fa2 reason=delivery
INFO [06-01|06:20:46.326] Paused snapshot generation
WARN [06-01|06:20:46.326] {"level":"warn","msg":"Slow block","block":{"number":1338,"hash":"0xee9d0fc35a11a60246487e6b31348587836c58397779fb5fd8fe903463f296c5","gas_used":5908255,"tx_count":1},"timing":{"execution_ms":64.75712,"state_read_ms":16.834986,"state_hash_ms":7.958902,"commit_ms":1.022175,"total_ms":90.760224},"throughput":{"mgas_per_sec":65.09740434311841},"state_reads":{"accounts":17,"storage_slots":723,"code":11,"code_bytes":585},"state_writes":{"accounts":3,"accounts_deleted":0,"storage_slots":85,"storage_slots_deleted":0,"code":0,"code_bytes":0},"cache":{"account":{"hits":4,"misses":13,"hit_rate":23.52941176470588},"storage":{"hits":523,"misses":200,"hit_rate":72.3374827109267},"code":{"hits":11,"misses":0,"hit_rate":100,"hit_bytes":585,"miss_bytes":0}}}
INFO [06-01|06:20:46.326] Imported new potential chain segment     number=1338 hash=ee9d0f..f296c5 blocks=1 txs=1 mgas=5.908 elapsed=90.927ms    mgasps=64.978 triediffs=16.64MiB triedirty=0.00B
INFO [06-01|06:20:46.327] Chain head was updated                   number=1338 hash=ee9d0f..f296c5 root=95a6bb..04bc29 elapsed="74.39µs"
WARN [06-01|06:20:46.366] Snapshot generation is not permitted
INFO [06-01|06:20:47.108] Submitted transaction                    hash=0xf010d61ed9d3a476ea140bee5ca8abc090aa4950ddbb7be98326db4612095115 from=0x9cF3D9A3700fFFD981DcCa9D30E9cD86d1Fc302F nonce=1   recipient=0xf39Fd6e51aad88F6F4ce6aB8827279cffFb92266 value=940,685
INFO [06-01|06:20:47.331] Starting work on payload                 id=0x036c9459929a1372
INFO [06-01|06:20:47.347] Updated payload                          id=0x036c9459929a1372 number=1339 hash=fda7ca..ffdad0 txs=1 withdrawals=0 gas=21000     fees=2.1e-14      root=2c2d30..0a8f6c elapsed=15.484ms
INFO [06-01|06:20:47.347] Stopping work on payload                 id=0x036c9459929a1372 reason=delivery
INFO [06-01|06:20:47.369] Paused snapshot generation
WARN [06-01|06:20:47.369] {"level":"warn","msg":"Slow block","block":{"number":1339,"hash":"0xfda7cabf895e256cb919d23fa5c254db9ae87576aef850172c18426ef2ffdad0","gas_used":21000,"tx_count":1},"timing":{"execution_ms":0.075064,"state_read_ms":2.314478,"state_hash_ms":18.035043,"commit_ms":0.657358,"total_ms":22.049866},"throughput":{"mgas_per_sec":0.9523867401280353},"state_reads":{"accounts":6,"storage_slots":0,"code":0,"code_bytes":0},"state_writes":{"accounts":2,"accounts_deleted":0,"storage_slots":0,"storage_slots_deleted":0,"code":0,"code_bytes":0},"cache":{"account":{"hits":2,"misses":4,"hit_rate":33.33333333333333},"storage":{"hits":0,"misses":0,"hit_rate":0},"code":{"hits":0,"misses":0,"hit_rate":0,"hit_bytes":0,"miss_bytes":0}}}
INFO [06-01|06:20:47.369] Imported new potential chain segment     number=1339 hash=fda7ca..ffdad0 blocks=1 txs=1 mgas=0.021 elapsed=22.178ms    mgasps=0.947  triediffs=16.64MiB triedirty=0.00B
INFO [06-01|06:20:47.369] Chain head was updated                   number=1339 hash=fda7ca..ffdad0 root=2c2d30..0a8f6c elapsed="60.97µs"
WARN [06-01|06:20:47.389] Snapshot generation is not permitted
INFO [06-01|06:20:48.375] Starting work on payload                 id=0x03fa0894285e40a5
INFO [06-01|06:20:48.378] Updated payload                          id=0x03fa0894285e40a5 number=1340 hash=5bb300..580fe7 txs=0 withdrawals=0 gas=0         fees=0            root=2c2d30..0a8f6c elapsed=3.313ms
INFO [06-01|06:20:48.378] Stopping work on payload                 id=0x03fa0894285e40a5 reason=delivery
WARN [06-01|06:20:48.389] {"level":"warn","msg":"Slow block","block":{"number":1340,"hash":"0x5bb300e670e78b0ede807bf6b4b509dda16648f61feaefb4791797e0b7580fe7","gas_used":0,"tx_count":0},"timing":{"execution_ms":0.027766,"state_read_ms":9.355027,"state_hash_ms":0.002615,"commit_ms":0.338044,"total_ms":10.239892},"throughput":{"mgas_per_sec":0},"state_reads":{"accounts":4,"storage_slots":0,"code":0,"code_bytes":0},"state_writes":{"accounts":0,"accounts_deleted":0,"storage_slots":0,"storage_slots_deleted":0,"code":0,"code_bytes":0},"cache":{"account":{"hits":0,"misses":4,"hit_rate":0},"storage":{"hits":0,"misses":0,"hit_rate":0},"code":{"hits":0,"misses":0,"hit_rate":0,"hit_bytes":0,"miss_bytes":0}}}
INFO [06-01|06:20:48.389] Imported new potential chain segment     number=1340 hash=5bb300..580fe7 blocks=1 txs=0 mgas=0.000 elapsed=10.388ms    mgasps=0.000  triediffs=16.64MiB triedirty=0.00B
INFO [06-01|06:20:48.389] Chain head was updated                   number=1340 hash=5bb300..580fe7 root=2c2d30..0a8f6c elapsed="62.517µs"
