WARN [06-01|06:19:50.887] Unknown config environment variable      envvar=GETH_PBT_BIN
WARN [06-01|06:19:50.887] Unknown config environment variable      envvar=GETH_UBT_BIN
INFO [06-01|06:19:50.900] Starting Geth on Ethereum mainnet...
INFO [06-01|06:19:50.902] Maximum peer count                       ETH=0 total=0
INFO [06-01|06:19:50.903] Smartcard socket not found, disabling    err="stat /run/pcscd/pcscd.comm: no such file or directory"
WARN [06-01|06:19:50.906] Option --miner.etherbase is deprecated as the etherbase is set by the consensus client post-merge
WARN [06-01|06:19:50.908] Snap sync requested, resetting --cache.snapshot
INFO [06-01|06:19:50.908] Set global gas cap                       cap=50,000,000
INFO [06-01|06:19:51.720] Using developer account                  address=0xf39Fd6e51aad88F6F4ce6aB8827279cffFb92266
INFO [06-01|06:19:51.761] Using pebble as the backing database
INFO [06-01|06:19:51.761] Allocated cache and file handles         database=/mnt/state_expiry_vol_data/ubt-vs-pbt-dbs/ubt/geth/chaindata cache=16.00MiB handles=262,144
INFO [06-01|06:19:51.972] Opened ancient database                  database=/mnt/state_expiry_vol_data/ubt-vs-pbt-dbs/ubt/geth/chaindata/ancient/chain readonly=true
INFO [06-01|06:19:51.972] Opened Era store                         datadir=/mnt/state_expiry_vol_data/ubt-vs-pbt-dbs/ubt/geth/chaindata/ancient/chain/era
INFO [06-01|06:19:51.978] Initializing the KZG library             backend=gokzg
INFO [06-01|06:19:51.980] Allocated trie memory caches             clean=0.00B dirty=0.00B
INFO [06-01|06:19:51.993] Using pebble as the backing database
INFO [06-01|06:19:51.993] Allocated cache and file handles         database=/mnt/state_expiry_vol_data/ubt-vs-pbt-dbs/ubt/geth/chaindata cache=16.00MiB handles=262,144
INFO [06-01|06:19:52.174] Opened ancient database                  database=/mnt/state_expiry_vol_data/ubt-vs-pbt-dbs/ubt/geth/chaindata/ancient/chain readonly=false
INFO [06-01|06:19:52.174] Opened Era store                         datadir=/mnt/state_expiry_vol_data/ubt-vs-pbt-dbs/ubt/geth/chaindata/ancient/chain/era
INFO [06-01|06:19:52.179] State scheme set to already existing     scheme=path
INFO [06-01|06:19:52.180] Initialising Ethereum protocol           network=1337 dbversion=9
INFO [06-01|06:19:52.180] Load database journal from file          path=/mnt/state_expiry_vol_data/ubt-vs-pbt-dbs/ubt/geth/triedb/verkle.journal
INFO [06-01|06:19:52.511] Opened ancient database                  database=/mnt/state_expiry_vol_data/ubt-vs-pbt-dbs/ubt/geth/chaindata/ancient/state_verkle readonly=false
INFO [06-01|06:19:52.513] State snapshot generator is not compatible
INFO [06-01|06:19:52.513] Initialized path database                triecache=0.00B statecache=0.00B buffer=0.00B state-history="last 90000 blocks" journal-dir=/mnt/state_expiry_vol_data/ubt-vs-pbt-dbs/ubt/geth/triedb verkle=true
INFO [06-01|06:19:52.514] 
INFO [06-01|06:19:52.514] ---------------------------------------------------------------------------------------------------------------------------------------------------------
INFO [06-01|06:19:52.514] Chain ID:  1337 (unknown)
INFO [06-01|06:19:52.514] Consensus: unknown
INFO [06-01|06:19:52.514] 
INFO [06-01|06:19:52.514] Pre-Merge hard forks (block based):
INFO [06-01|06:19:52.514]  - Homestead:                   #0       
INFO [06-01|06:19:52.514]  - Tangerine Whistle (EIP 150): #0       
INFO [06-01|06:19:52.514]  - Spurious Dragon/1 (EIP 155): #0       
INFO [06-01|06:19:52.514]  - Spurious Dragon/2 (EIP 158): #0       
INFO [06-01|06:19:52.514]  - Byzantium:                   #0       
INFO [06-01|06:19:52.514]  - Constantinople:              #0       
INFO [06-01|06:19:52.514]  - Petersburg:                  #0       
INFO [06-01|06:19:52.514]  - Istanbul:                    #0       
INFO [06-01|06:19:52.514]  - Berlin:                      #0       
INFO [06-01|06:19:52.514]  - London:                      #0       
INFO [06-01|06:19:52.514]  - Arrow Glacier:               #0       
INFO [06-01|06:19:52.514]  - Gray Glacier:                #0       
INFO [06-01|06:19:52.514] 
INFO [06-01|06:19:52.514] Merge configured:
INFO [06-01|06:19:52.514]  - Total terminal difficulty:  0
INFO [06-01|06:19:52.514]  - Merge netsplit block:       #0       
INFO [06-01|06:19:52.514] 
INFO [06-01|06:19:52.514] Post-Merge hard forks (timestamp based):
INFO [06-01|06:19:52.514]  - Shanghai:                    @0         
INFO [06-01|06:19:52.514]  - Cancun:                      @0          blob: (target: 3, max: 6, fraction: 3338477)
INFO [06-01|06:19:52.514]  - Prague:                      @0          blob: (target: 6, max: 9, fraction: 5007716)
INFO [06-01|06:19:52.514]  - Osaka:                       @0          blob: (target: 6, max: 9, fraction: 5007716)
INFO [06-01|06:19:52.514]  - UBT:                         @0          blob: (nil)
INFO [06-01|06:19:52.514] 
INFO [06-01|06:19:52.514] All fork specifications can be found at https://ethereum.github.io/execution-specs/src/ethereum/forks/
INFO [06-01|06:19:52.514] 
INFO [06-01|06:19:52.514] ---------------------------------------------------------------------------------------------------------------------------------------------------------
INFO [06-01|06:19:52.514] 
INFO [06-01|06:19:52.515] Loaded most recent local block           number=1304 hash=cc1bdf..86023a age=3s
INFO [06-01|06:19:52.516] Loaded most recent local finalized block number=1280 hash=437905..2a96a7 age=44s
INFO [06-01|06:19:52.516] Initialized transaction indexer          range="last 2350000 blocks"
INFO [06-01|06:19:52.516] Initialized log indexer                  firstblock=0 lastblock=1304 firstmap=0 lastmap=0 headindexed=true
INFO [06-01|06:19:52.543] Enabled full-sync                        head=1304 hash=cc1bdf..86023a
INFO [06-01|06:19:52.543] Unprotected transactions allowed
INFO [06-01|06:19:52.543] Gasprice oracle is ignoring threshold set threshold=2
INFO [06-01|06:19:52.544] Registered sync override service
WARN [06-01|06:19:52.544] You are running Geth in --dev mode. Please note the following:
WARN [06-01|06:19:52.544] 
WARN [06-01|06:19:52.544]   1. This mode is only intended for fast, iterative development without assumptions on
WARN [06-01|06:19:52.544]      security or persistence.
WARN [06-01|06:19:52.544]   2. The database is created in memory unless specified otherwise. Therefore, shutting down
WARN [06-01|06:19:52.544]      your computer or losing power will wipe your entire block data and chain state for
WARN [06-01|06:19:52.544]      your dev environment.
WARN [06-01|06:19:52.544]   3. A random, pre-allocated developer account will be available and unlocked as
WARN [06-01|06:19:52.544]      eth.coinbase, which can be used for testing. The random dev account is temporary,
WARN [06-01|06:19:52.544]      stored on a ramdisk, and will be lost if your machine is restarted.
WARN [06-01|06:19:52.544]   4. Mining is enabled by default. However, the client will only seal blocks if transactions
WARN [06-01|06:19:52.544]      are pending in the mempool. The miner's minimum accepted gas price is 1.
WARN [06-01|06:19:52.544]   5. Networking is disabled; there is no listen-address, the maximum number of peers is set
WARN [06-01|06:19:52.544]      to 0, and discovery is disabled.
WARN [06-01|06:19:52.544] 
INFO [06-01|06:19:52.544] Starting peer-to-peer node               instance=Geth/v1.17.3-unstable/linux-amd64/go1.24.9
WARN [06-01|06:19:52.544] P2P server will be useless, neither dialing nor listening
INFO [06-01|06:19:52.591] IPC endpoint opened                      url=/mnt/state_expiry_vol_data/ubt-vs-pbt-dbs/ubt/geth.ipc
ERROR[06-01|06:19:52.591] Unavailable modules in HTTP API list     unavailable=[personal] available="[admin debug web3 eth txpool miner net dev testing]"
INFO [06-01|06:19:52.592] New local node record                    seq=1,780,289,664,231 id=c084d8867e8cc127 ip=127.0.0.1 udp=0 tcp=0
INFO [06-01|06:19:52.592] Started P2P networking                   self=enode://ed0ccbffbfc0dc9f1b0f8e55d585ad3e61215b1974f32d9388e7ae53563e3ebe0172c21d754fa202c3a63f95bef3ff3ea24339ffdabd0115c47ec5b8d33136a9@127.0.0.1:0
INFO [06-01|06:19:52.592] HTTP server started                      endpoint=127.0.0.1:8545 auth=false prefix= cors= vhosts=localhost
INFO [06-01|06:19:52.592] WebSocket enabled                        url=ws://127.0.0.1:8546
INFO [06-01|06:19:52.698] Loaded local transaction journal         transactions=1261 dropped=0
INFO [06-01|06:19:53.673] Started log indexer
INFO [06-01|06:19:53.708] Starting work on payload                 id=0x03cd83b3647d1c42
INFO [06-01|06:19:53.715] Updated payload                          id=0x03cd83b3647d1c42 number=1305 hash=78c3ff..8590ad txs=0 withdrawals=0 gas=0 fees=0 root=049e1f..0c48e7 elapsed=7.446ms
INFO [06-01|06:19:53.717] Stopping work on payload                 id=0x03cd83b3647d1c42 reason=delivery
WARN [06-01|06:19:53.724] {"level":"warn","msg":"Slow block","block":{"number":1305,"hash":"0x78c3ff0d6aba54beca4728c08dd620d0ff9178976dbf35a6a5b8a8273f8590ad","gas_used":0,"tx_count":0},"timing":{"execution_ms":0.056905,"state_read_ms":8.034891,"state_hash_ms":0.00219,"commit_ms":0.200532,"total_ms":8.534068},"throughput":{"mgas_per_sec":0},"state_reads":{"accounts":4,"storage_slots":0,"code":0,"code_bytes":0},"state_writes":{"accounts":0,"accounts_deleted":0,"storage_slots":0,"storage_slots_deleted":0,"code":0,"code_bytes":0},"cache":{"account":{"hits":0,"misses":4,"hit_rate":0},"storage":{"hits":0,"misses":0,"hit_rate":0},"code":{"hits":0,"misses":0,"hit_rate":0,"hit_bytes":0,"miss_bytes":0}}}
INFO [06-01|06:19:53.724] Imported new potential chain segment     number=1305 hash=78c3ff..8590ad blocks=1 txs=0 mgas=0.000 elapsed=8.839ms mgasps=0.000 triediffs=24.40MiB triedirty=0.00B
INFO [06-01|06:19:53.724] Chain head was updated                   number=1305 hash=78c3ff..8590ad root=049e1f..0c48e7 elapsed="71.357µs"
INFO [06-01|06:19:54.728] Starting work on payload                 id=0x0373ecb4c4e14eca
INFO [06-01|06:19:54.736] Updated payload                          id=0x0373ecb4c4e14eca number=1306 hash=7cedb0..1fa024 txs=0 withdrawals=0 gas=0 fees=0 root=049e1f..0c48e7 elapsed=7.890ms
INFO [06-01|06:19:54.737] Stopping work on payload                 id=0x0373ecb4c4e14eca reason=delivery
WARN [06-01|06:19:54.756] {"level":"warn","msg":"Slow block","block":{"number":1306,"hash":"0x7cedb0a6757d06bb7b55424abff2a98ffae8dd7d76d4cdeba7cd0eb4a11fa024","gas_used":0,"tx_count":0},"timing":{"execution_ms":0.028653,"state_read_ms":18.573178,"state_hash_ms":0.002167,"commit_ms":0.143576,"total_ms":18.914292},"throughput":{"mgas_per_sec":0},"state_reads":{"accounts":4,"storage_slots":0,"code":0,"code_bytes":0},"state_writes":{"accounts":0,"accounts_deleted":0,"storage_slots":0,"storage_slots_deleted":0,"code":0,"code_bytes":0},"cache":{"account":{"hits":0,"misses":4,"hit_rate":0},"storage":{"hits":0,"misses":0,"hit_rate":0},"code":{"hits":0,"misses":0,"hit_rate":0,"hit_bytes":0,"miss_bytes":0}}}
INFO [06-01|06:19:54.756] Imported new potential chain segment     number=1306 hash=7cedb0..1fa024 blocks=1 txs=0 mgas=0.000 elapsed=19.135ms   mgasps=0.000 triediffs=24.40MiB triedirty=0.00B
INFO [06-01|06:19:54.756] Chain head was updated                   number=1306 hash=7cedb0..1fa024 root=049e1f..0c48e7 elapsed="50.135µs"
INFO [06-01|06:19:55.712] Submitted contract creation              hash=0xa42ea84f4146c1531d371cd8730b6ec4de79c4716beb7205bf7ad2cda9e9e543 from=0xf39Fd6e51aad88F6F4ce6aB8827279cffFb92266 nonce=375 contract=0xc3023a2c9f7B92d1dd19F488AF6Ee107a78Df9DB value=0
INFO [06-01|06:19:55.712] Submitted transaction                    hash=0x5463cc115e39457798f74078c9cf8ff30ec2019519a788ee6fa8d1ede49ea0b1 from=0xf39Fd6e51aad88F6F4ce6aB8827279cffFb92266 nonce=376 recipient=0x856172036759B6f5FBcc526e2669716c0b263271 value=78,000,000
INFO [06-01|06:19:55.760] Starting work on payload                 id=0x03a80a92ad0eb3dc
INFO [06-01|06:19:55.796] Updated payload                          id=0x03a80a92ad0eb3dc number=1307 hash=1c8455..7a0e71 txs=2 withdrawals=0 gas=91710 fees=5.5026e-13 root=64c3dc..a7cf76 elapsed=35.961ms
INFO [06-01|06:19:55.797] Stopping work on payload                 id=0x03a80a92ad0eb3dc reason=delivery
INFO [06-01|06:19:55.819] Paused snapshot generation
WARN [06-01|06:19:55.819] {"level":"warn","msg":"Slow block","block":{"number":1307,"hash":"0x1c845502d5d08e868380f6c7f1de16a2e9737079bc00c83ce720cf6c8e7a0e71","gas_used":91710,"tx_count":2},"timing":{"execution_ms":0.109173,"state_read_ms":3.225071,"state_hash_ms":13.97353,"commit_ms":5.193936,"total_ms":22.651761},"throughput":{"mgas_per_sec":4.048691843428862},"state_reads":{"accounts":11,"storage_slots":0,"code":0,"code_bytes":0},"state_writes":{"accounts":3,"accounts_deleted":0,"storage_slots":0,"storage_slots_deleted":0,"code":1,"code_bytes":305},"cache":{"account":{"hits":6,"misses":5,"hit_rate":54.54545454545454},"storage":{"hits":0,"misses":0,"hit_rate":0},"code":{"hits":0,"misses":0,"hit_rate":0,"hit_bytes":0,"miss_bytes":0}}}
INFO [06-01|06:19:55.820] Imported new potential chain segment     number=1307 hash=1c8455..7a0e71 blocks=1 txs=2 mgas=0.092 elapsed=22.876ms   mgasps=4.009 triediffs=23.09MiB triedirty=0.00B
INFO [06-01|06:19:55.820] Chain head was updated                   number=1307 hash=1c8455..7a0e71 root=64c3dc..a7cf76 elapsed="165.761µs"
WARN [06-01|06:19:55.852] Snapshot generation is not permitted
INFO [06-01|06:19:56.724] Submitted transaction                    hash=0xe3498295fa2dbfffd952db09c6c711376620f9e3c53e322fc63585e190f6d2a8 from=0x856172036759B6f5FBcc526e2669716c0b263271 nonce=0   recipient=0xc3023a2c9f7B92d1dd19F488AF6Ee107a78Df9DB value=0
INFO [06-01|06:19:56.841] Starting work on payload                 id=0x0366bd12b3a5072f
INFO [06-01|06:19:56.993] Updated payload                          id=0x0366bd12b3a5072f number=1308 hash=b33660..4b729a txs=1 withdrawals=0 gas=5,908,255 fees=3.544953e-11 root=ad5c0d..caf330 elapsed=152.307ms
INFO [06-01|06:19:56.993] Stopping work on payload                 id=0x0366bd12b3a5072f reason=delivery
INFO [06-01|06:19:57.072] Paused snapshot generation
WARN [06-01|06:19:57.073] {"level":"warn","msg":"Slow block","block":{"number":1308,"hash":"0xb336606e11d8c2d82a227548e1255fd96102574d076e0f804b559fc7544b729a","gas_used":5908255,"tx_count":1},"timing":{"execution_ms":64.910376,"state_read_ms":9.556926,"state_hash_ms":2.974056,"commit_ms":1.148641,"total_ms":78.827382},"throughput":{"mgas_per_sec":74.95181052695622},"state_reads":{"accounts":17,"storage_slots":723,"code":11,"code_bytes":585},"state_writes":{"accounts":3,"accounts_deleted":0,"storage_slots":85,"storage_slots_deleted":0,"code":0,"code_bytes":0},"cache":{"account":{"hits":10,"misses":7,"hit_rate":58.82352941176471},"storage":{"hits":203,"misses":520,"hit_rate":28.077455048409405},"code":{"hits":11,"misses":0,"hit_rate":100,"hit_bytes":585,"miss_bytes":0}}}
INFO [06-01|06:19:57.073] Imported new potential chain segment     number=1308 hash=b33660..4b729a blocks=1 txs=1 mgas=5.908 elapsed=79.018ms    mgasps=74.770 triediffs=23.11MiB triedirty=0.00B
INFO [06-01|06:19:57.073] Chain head was updated                   number=1308 hash=b33660..4b729a root=ad5c0d..caf330 elapsed="85.063µs"
WARN [06-01|06:19:57.106] Snapshot generation is not permitted
INFO [06-01|06:19:57.738] Submitted transaction                    hash=0xbb77d9606b6324662b920a79f15ae7e38e9d9f804bbb9179028afd2fb73a8301 from=0x856172036759B6f5FBcc526e2669716c0b263271 nonce=1   recipient=0xf39Fd6e51aad88F6F4ce6aB8827279cffFb92266 value=940,685
INFO [06-01|06:19:58.079] Starting work on payload                 id=0x0392cfe9136e1c5c
INFO [06-01|06:19:58.094] Updated payload                          id=0x0392cfe9136e1c5c number=1309 hash=a9630f..4bb6bd txs=1 withdrawals=0 gas=21000     fees=2.1e-14      root=40551c..92823d elapsed=15.753ms
INFO [06-01|06:19:58.094] Stopping work on payload                 id=0x0392cfe9136e1c5c reason=delivery
INFO [06-01|06:19:58.130] Paused snapshot generation
WARN [06-01|06:19:58.131] {"level":"warn","msg":"Slow block","block":{"number":1309,"hash":"0xa9630f8e559f0b9ef14bf3a8d3b08337d950eaa53e0a558aeb1a43cc6d4bb6bd","gas_used":21000,"tx_count":1},"timing":{"execution_ms":0.064497,"state_read_ms":15.624627,"state_hash_ms":19.439993,"commit_ms":0.571835,"total_ms":35.855372},"throughput":{"mgas_per_sec":0.5856862954873261},"state_reads":{"accounts":6,"storage_slots":0,"code":0,"code_bytes":0},"state_writes":{"accounts":2,"accounts_deleted":0,"storage_slots":0,"storage_slots_deleted":0,"code":0,"code_bytes":0},"cache":{"account":{"hits":2,"misses":4,"hit_rate":33.33333333333333},"storage":{"hits":0,"misses":0,"hit_rate":0},"code":{"hits":0,"misses":0,"hit_rate":0,"hit_bytes":0,"miss_bytes":0}}}
INFO [06-01|06:19:58.131] Imported new potential chain segment     number=1309 hash=a9630f..4bb6bd blocks=1 txs=1 mgas=0.021 elapsed=36.010ms    mgasps=0.583  triediffs=23.11MiB triedirty=0.00B
INFO [06-01|06:19:58.131] Chain head was updated                   number=1309 hash=a9630f..4bb6bd root=40551c..92823d elapsed="56.386µs"
WARN [06-01|06:19:58.160] Snapshot generation is not permitted
