WARN [06-01|06:10:41.883] Unknown config environment variable      envvar=GETH_PBT_BIN
WARN [06-01|06:10:41.884] Unknown config environment variable      envvar=GETH_UBT_BIN
INFO [06-01|06:10:41.894] Starting Geth on Ethereum mainnet...
INFO [06-01|06:10:41.895] Maximum peer count                       ETH=0 total=0
INFO [06-01|06:10:41.896] Smartcard socket not found, disabling    err="stat /run/pcscd/pcscd.comm: no such file or directory"
WARN [06-01|06:10:41.899] Option --miner.etherbase is deprecated as the etherbase is set by the consensus client post-merge
WARN [06-01|06:10:41.901] Snap sync requested, resetting --cache.snapshot
INFO [06-01|06:10:41.901] Set global gas cap                       cap=50,000,000
INFO [06-01|06:10:42.688] Using developer account                  address=0xf39Fd6e51aad88F6F4ce6aB8827279cffFb92266
INFO [06-01|06:10:42.729] Using pebble as the backing database
INFO [06-01|06:10:42.729] Allocated cache and file handles         database=/mnt/state_expiry_vol_data/ubt-vs-pbt-dbs/ubt/geth/chaindata cache=16.00MiB handles=262,144
INFO [06-01|06:10:42.944] Opened ancient database                  database=/mnt/state_expiry_vol_data/ubt-vs-pbt-dbs/ubt/geth/chaindata/ancient/chain readonly=true
INFO [06-01|06:10:42.945] Opened Era store                         datadir=/mnt/state_expiry_vol_data/ubt-vs-pbt-dbs/ubt/geth/chaindata/ancient/chain/era
INFO [06-01|06:10:42.951] Initializing the KZG library             backend=gokzg
INFO [06-01|06:10:42.952] Allocated trie memory caches             clean=0.00B dirty=0.00B
INFO [06-01|06:10:42.962] Using pebble as the backing database
INFO [06-01|06:10:42.962] Allocated cache and file handles         database=/mnt/state_expiry_vol_data/ubt-vs-pbt-dbs/ubt/geth/chaindata cache=16.00MiB handles=262,144
INFO [06-01|06:10:43.160] Opened ancient database                  database=/mnt/state_expiry_vol_data/ubt-vs-pbt-dbs/ubt/geth/chaindata/ancient/chain readonly=false
INFO [06-01|06:10:43.161] Opened Era store                         datadir=/mnt/state_expiry_vol_data/ubt-vs-pbt-dbs/ubt/geth/chaindata/ancient/chain/era
INFO [06-01|06:10:43.167] State scheme set to already existing     scheme=path
INFO [06-01|06:10:43.172] Initialising Ethereum protocol           network=1337 dbversion=9
INFO [06-01|06:10:43.172] Load database journal from file          path=/mnt/state_expiry_vol_data/ubt-vs-pbt-dbs/ubt/geth/triedb/verkle.journal
INFO [06-01|06:10:43.374] Opened ancient database                  database=/mnt/state_expiry_vol_data/ubt-vs-pbt-dbs/ubt/geth/chaindata/ancient/state_verkle readonly=false
INFO [06-01|06:10:43.377] State snapshot generator is not compatible
INFO [06-01|06:10:43.377] Initialized path database                triecache=0.00B statecache=0.00B buffer=0.00B state-history="last 90000 blocks" journal-dir=/mnt/state_expiry_vol_data/ubt-vs-pbt-dbs/ubt/geth/triedb verkle=true
INFO [06-01|06:10:43.377] 
INFO [06-01|06:10:43.377] ---------------------------------------------------------------------------------------------------------------------------------------------------------
INFO [06-01|06:10:43.377] Chain ID:  1337 (unknown)
INFO [06-01|06:10:43.377] Consensus: unknown
INFO [06-01|06:10:43.377] 
INFO [06-01|06:10:43.377] Pre-Merge hard forks (block based):
INFO [06-01|06:10:43.377]  - Homestead:                   #0       
INFO [06-01|06:10:43.377]  - Tangerine Whistle (EIP 150): #0       
INFO [06-01|06:10:43.377]  - Spurious Dragon/1 (EIP 155): #0       
INFO [06-01|06:10:43.377]  - Spurious Dragon/2 (EIP 158): #0       
INFO [06-01|06:10:43.377]  - Byzantium:                   #0       
INFO [06-01|06:10:43.377]  - Constantinople:              #0       
INFO [06-01|06:10:43.377]  - Petersburg:                  #0       
INFO [06-01|06:10:43.377]  - Istanbul:                    #0       
INFO [06-01|06:10:43.377]  - Berlin:                      #0       
INFO [06-01|06:10:43.377]  - London:                      #0       
INFO [06-01|06:10:43.377]  - Arrow Glacier:               #0       
INFO [06-01|06:10:43.377]  - Gray Glacier:                #0       
INFO [06-01|06:10:43.377] 
INFO [06-01|06:10:43.377] Merge configured:
INFO [06-01|06:10:43.377]  - Total terminal difficulty:  0
INFO [06-01|06:10:43.377]  - Merge netsplit block:       #0       
INFO [06-01|06:10:43.377] 
INFO [06-01|06:10:43.377] Post-Merge hard forks (timestamp based):
INFO [06-01|06:10:43.377]  - Shanghai:                    @0         
INFO [06-01|06:10:43.377]  - Cancun:                      @0          blob: (target: 3, max: 6, fraction: 3338477)
INFO [06-01|06:10:43.377]  - Prague:                      @0          blob: (target: 6, max: 9, fraction: 5007716)
INFO [06-01|06:10:43.377]  - Osaka:                       @0          blob: (target: 6, max: 9, fraction: 5007716)
INFO [06-01|06:10:43.377]  - UBT:                         @0          blob: (nil)
INFO [06-01|06:10:43.377] 
INFO [06-01|06:10:43.377] All fork specifications can be found at https://ethereum.github.io/execution-specs/src/ethereum/forks/
INFO [06-01|06:10:43.377] 
INFO [06-01|06:10:43.377] ---------------------------------------------------------------------------------------------------------------------------------------------------------
INFO [06-01|06:10:43.377] 
INFO [06-01|06:10:43.378] Loaded most recent local block           number=994 hash=7d9371..8175a1 age=4s
INFO [06-01|06:10:43.378] Loaded most recent local finalized block number=992 hash=7543a5..0bf155 age=6s
INFO [06-01|06:10:43.379] Initialized transaction indexer          range="last 2350000 blocks"
INFO [06-01|06:10:43.379] Initialized log indexer                  firstblock=0 lastblock=994 firstmap=0 lastmap=0 headindexed=true
INFO [06-01|06:10:43.449] Enabled full-sync                        head=994 hash=7d9371..8175a1
INFO [06-01|06:10:43.449] Unprotected transactions allowed
INFO [06-01|06:10:43.449] Gasprice oracle is ignoring threshold set threshold=2
INFO [06-01|06:10:43.450] Registered sync override service
WARN [06-01|06:10:43.450] You are running Geth in --dev mode. Please note the following:
WARN [06-01|06:10:43.450] 
WARN [06-01|06:10:43.450]   1. This mode is only intended for fast, iterative development without assumptions on
WARN [06-01|06:10:43.450]      security or persistence.
WARN [06-01|06:10:43.450]   2. The database is created in memory unless specified otherwise. Therefore, shutting down
WARN [06-01|06:10:43.450]      your computer or losing power will wipe your entire block data and chain state for
WARN [06-01|06:10:43.450]      your dev environment.
WARN [06-01|06:10:43.450]   3. A random, pre-allocated developer account will be available and unlocked as
WARN [06-01|06:10:43.450]      eth.coinbase, which can be used for testing. The random dev account is temporary,
WARN [06-01|06:10:43.450]      stored on a ramdisk, and will be lost if your machine is restarted.
WARN [06-01|06:10:43.450]   4. Mining is enabled by default. However, the client will only seal blocks if transactions
WARN [06-01|06:10:43.450]      are pending in the mempool. The miner's minimum accepted gas price is 1.
WARN [06-01|06:10:43.450]   5. Networking is disabled; there is no listen-address, the maximum number of peers is set
WARN [06-01|06:10:43.450]      to 0, and discovery is disabled.
WARN [06-01|06:10:43.450] 
INFO [06-01|06:10:43.450] Starting peer-to-peer node               instance=Geth/v1.17.3-unstable/linux-amd64/go1.24.9
WARN [06-01|06:10:43.450] P2P server will be useless, neither dialing nor listening
INFO [06-01|06:10:43.480] IPC endpoint opened                      url=/mnt/state_expiry_vol_data/ubt-vs-pbt-dbs/ubt/geth.ipc
ERROR[06-01|06:10:43.481] Unavailable modules in HTTP API list     unavailable=[personal] available="[admin debug web3 eth txpool miner net dev testing]"
INFO [06-01|06:10:43.481] New local node record                    seq=1,780,289,664,176 id=c084d8867e8cc127 ip=127.0.0.1 udp=0 tcp=0
INFO [06-01|06:10:43.481] Started P2P networking                   self=enode://ed0ccbffbfc0dc9f1b0f8e55d585ad3e61215b1974f32d9388e7ae53563e3ebe0172c21d754fa202c3a63f95bef3ff3ea24339ffdabd0115c47ec5b8d33136a9@127.0.0.1:0
INFO [06-01|06:10:43.481] HTTP server started                      endpoint=127.0.0.1:8545 auth=false prefix= cors= vhosts=localhost
INFO [06-01|06:10:43.481] WebSocket enabled                        url=ws://127.0.0.1:8546
INFO [06-01|06:10:43.586] Loaded local transaction journal         transactions=1041 dropped=0
INFO [06-01|06:10:44.646] Started log indexer
INFO [06-01|06:10:44.689] Starting work on payload                 id=0x031a960788fd2adb
INFO [06-01|06:10:44.693] Updated payload                          id=0x031a960788fd2adb number=995 hash=064753..6c1464 txs=0 withdrawals=0 gas=0 fees=0 root=35aa42..34a4a5 elapsed=3.720ms
INFO [06-01|06:10:44.693] Stopping work on payload                 id=0x031a960788fd2adb reason=delivery
WARN [06-01|06:10:44.697] {"level":"warn","msg":"Slow block","block":{"number":995,"hash":"0x064753fc3f107376889fce1d5c839411ed37a64664bcdc038e9c01c7dc6c1464","gas_used":0,"tx_count":0},"timing":{"execution_ms":0.047171,"state_read_ms":3.058366,"state_hash_ms":0.001955,"commit_ms":0.186318,"total_ms":3.51162},"throughput":{"mgas_per_sec":0},"state_reads":{"accounts":4,"storage_slots":0,"code":0,"code_bytes":0},"state_writes":{"accounts":0,"accounts_deleted":0,"storage_slots":0,"storage_slots_deleted":0,"code":0,"code_bytes":0},"cache":{"account":{"hits":0,"misses":4,"hit_rate":0},"storage":{"hits":0,"misses":0,"hit_rate":0},"code":{"hits":0,"misses":0,"hit_rate":0,"hit_bytes":0,"miss_bytes":0}}}
INFO [06-01|06:10:44.697] Imported new potential chain segment     number=995 hash=064753..6c1464 blocks=1 txs=0 mgas=0.000 elapsed=3.794ms mgasps=0.000 triediffs=11.35MiB triedirty=0.00B
INFO [06-01|06:10:44.697] Chain head was updated                   number=995 hash=064753..6c1464 root=35aa42..34a4a5 elapsed="71.221µs"
INFO [06-01|06:10:45.715] Starting work on payload                 id=0x0347fe5c2dcad61a
INFO [06-01|06:10:45.719] Updated payload                          id=0x0347fe5c2dcad61a number=996 hash=eab69d..5bb869 txs=0 withdrawals=0 gas=0 fees=0 root=35aa42..34a4a5 elapsed=3.499ms
INFO [06-01|06:10:45.719] Stopping work on payload                 id=0x0347fe5c2dcad61a reason=delivery
WARN [06-01|06:10:45.722] {"level":"warn","msg":"Slow block","block":{"number":996,"hash":"0xeab69d7bb725e25653b598cc4294cea992747590b8f992076ad5f43ff55bb869","gas_used":0,"tx_count":0},"timing":{"execution_ms":0.026026,"state_read_ms":2.616755,"state_hash_ms":0.001522,"commit_ms":0.086319,"total_ms":2.901096},"throughput":{"mgas_per_sec":0},"state_reads":{"accounts":4,"storage_slots":0,"code":0,"code_bytes":0},"state_writes":{"accounts":0,"accounts_deleted":0,"storage_slots":0,"storage_slots_deleted":0,"code":0,"code_bytes":0},"cache":{"account":{"hits":0,"misses":4,"hit_rate":0},"storage":{"hits":0,"misses":0,"hit_rate":0},"code":{"hits":0,"misses":0,"hit_rate":0,"hit_bytes":0,"miss_bytes":0}}}
INFO [06-01|06:10:45.722] Imported new potential chain segment     number=996 hash=eab69d..5bb869 blocks=1 txs=0 mgas=0.000 elapsed=3.044ms    mgasps=0.000 triediffs=11.35MiB triedirty=0.00B
INFO [06-01|06:10:45.722] Chain head was updated                   number=996 hash=eab69d..5bb869 root=35aa42..34a4a5 elapsed="29.457µs"
INFO [06-01|06:10:46.745] Starting work on payload                 id=0x030dbf4712f4ccdd
INFO [06-01|06:10:46.749] Updated payload                          id=0x030dbf4712f4ccdd number=997 hash=d04975..3c7ddb txs=0 withdrawals=0 gas=0 fees=0 root=35aa42..34a4a5 elapsed=4.315ms
INFO [06-01|06:10:46.752] Stopping work on payload                 id=0x030dbf4712f4ccdd reason=delivery
WARN [06-01|06:10:46.765] {"level":"warn","msg":"Slow block","block":{"number":997,"hash":"0xd04975837d81a823b17a44a0c5780be91aab8e64d9be679185c8382b3b3c7ddb","gas_used":0,"tx_count":0},"timing":{"execution_ms":0.040022,"state_read_ms":15.686404,"state_hash_ms":0.002361,"commit_ms":0.116169,"total_ms":16.021384},"throughput":{"mgas_per_sec":0},"state_reads":{"accounts":4,"storage_slots":0,"code":0,"code_bytes":0},"state_writes":{"accounts":0,"accounts_deleted":0,"storage_slots":0,"storage_slots_deleted":0,"code":0,"code_bytes":0},"cache":{"account":{"hits":0,"misses":4,"hit_rate":0},"storage":{"hits":0,"misses":0,"hit_rate":0},"code":{"hits":0,"misses":0,"hit_rate":0,"hit_bytes":0,"miss_bytes":0}}}
INFO [06-01|06:10:46.765] Imported new potential chain segment     number=997 hash=d04975..3c7ddb blocks=1 txs=0 mgas=0.000 elapsed=16.269ms   mgasps=0.000 triediffs=11.35MiB triedirty=0.00B
INFO [06-01|06:10:46.766] Chain head was updated                   number=997 hash=d04975..3c7ddb root=35aa42..34a4a5 elapsed="36.74µs"
INFO [06-01|06:10:46.811] Submitted contract creation              hash=0xce0e8a32dc540bc5d5ef0499382e7a54ed05f108fc0479fc4a5a75a2d3f599a6 from=0xf39Fd6e51aad88F6F4ce6aB8827279cffFb92266 nonce=265 contract=0xeAd789bd8Ce8b9E94F5D0FCa99F8787c7e758817 value=0
INFO [06-01|06:10:46.811] Submitted transaction                    hash=0x9f3ac613d55cb5ce964e550dee3e7f141d6bda288e24ce60136656c76d20b65e from=0xf39Fd6e51aad88F6F4ce6aB8827279cffFb92266 nonce=266 recipient=0x4B1EE22D901Ee817288891a279109eC5EabEFf16 value=78,000,000
INFO [06-01|06:10:47.771] Starting work on payload                 id=0x03bd820667debb8b
INFO [06-01|06:10:47.799] Updated payload                          id=0x03bd820667debb8b number=998 hash=94fd78..19ed00 txs=2 withdrawals=0 gas=86938 fees=5.21628e-13 root=9a4c9d..287046 elapsed=28.702ms
INFO [06-01|06:10:47.799] Stopping work on payload                 id=0x03bd820667debb8b reason=delivery
INFO [06-01|06:10:47.821] Paused snapshot generation
WARN [06-01|06:10:47.822] {"level":"warn","msg":"Slow block","block":{"number":998,"hash":"0x94fd78246e3ad2c8fd10e419f7c957d992ee30bd5abae92040be2cc3b019ed00","gas_used":86938,"tx_count":2},"timing":{"execution_ms":0.100818,"state_read_ms":3.063766,"state_hash_ms":13.484454,"commit_ms":5.397546,"total_ms":22.273987},"throughput":{"mgas_per_sec":3.9031180183413055},"state_reads":{"accounts":11,"storage_slots":0,"code":0,"code_bytes":0},"state_writes":{"accounts":3,"accounts_deleted":0,"storage_slots":0,"storage_slots_deleted":0,"code":1,"code_bytes":165},"cache":{"account":{"hits":5,"misses":6,"hit_rate":45.45454545454545},"storage":{"hits":0,"misses":0,"hit_rate":0},"code":{"hits":0,"misses":0,"hit_rate":0,"hit_bytes":0,"miss_bytes":0}}}
INFO [06-01|06:10:47.822] Imported new potential chain segment     number=998 hash=94fd78..19ed00 blocks=1 txs=2 mgas=0.087 elapsed=22.424ms   mgasps=3.877 triediffs=11.30MiB triedirty=0.00B
INFO [06-01|06:10:47.822] Chain head was updated                   number=998 hash=94fd78..19ed00 root=9a4c9d..287046 elapsed="197.889µs"
WARN [06-01|06:10:47.842] Snapshot generation is not permitted
INFO [06-01|06:10:48.826] Starting work on payload                 id=0x03a8da0f07ed884f
INFO [06-01|06:10:48.827] Submitted transaction                    hash=0x491f904ec8bde15851b8300340c02dfe2dba549ab1a35e359709917f7b3a2678 from=0x4B1EE22D901Ee817288891a279109eC5EabEFf16 nonce=0   recipient=0xeAd789bd8Ce8b9E94F5D0FCa99F8787c7e758817 value=0
INFO [06-01|06:10:49.287] Updated payload                          id=0x03a8da0f07ed884f number=999 hash=3ddc92..a28901 txs=1 withdrawals=0 gas=5,910,164 fees=3.5460984e-11 root=e4e5ec..8d78cb elapsed=460.444ms
INFO [06-01|06:10:49.287] Stopping work on payload                 id=0x03a8da0f07ed884f reason=delivery
INFO [06-01|06:10:49.335] Paused snapshot generation
WARN [06-01|06:10:49.339] {"level":"warn","msg":"Slow block","block":{"number":999,"hash":"0x3ddc92f421a8fef88ed315addc91743e0311c01fb541cf43cce414efe5a28901","gas_used":5910164,"tx_count":1},"timing":{"execution_ms":3.835934,"state_read_ms":15.77727,"state_hash_ms":23.403235,"commit_ms":8.435111,"total_ms":51.629735},"throughput":{"mgas_per_sec":114.47209636075026},"state_reads":{"accounts":100,"storage_slots":241,"code":94,"code_bytes":2769},"state_writes":{"accounts":94,"accounts_deleted":0,"storage_slots":238,"storage_slots_deleted":0,"code":0,"code_bytes":0},"cache":{"account":{"hits":32,"misses":68,"hit_rate":32},"storage":{"hits":48,"misses":193,"hit_rate":19.91701244813278},"code":{"hits":94,"misses":0,"hit_rate":100,"hit_bytes":2769,"miss_bytes":0}}}
INFO [06-01|06:10:49.339] Imported new potential chain segment     number=999 hash=3ddc92..a28901 blocks=1 txs=1 mgas=5.910 elapsed=51.868ms    mgasps=113.946 triediffs=11.94MiB triedirty=0.00B
INFO [06-01|06:10:49.340] Chain head was updated                   number=999 hash=3ddc92..a28901 root=e4e5ec..8d78cb elapsed="103.703µs"
WARN [06-01|06:10:49.368] Snapshot generation is not permitted
INFO [06-01|06:10:49.841] Submitted transaction                    hash=0x738af3f4dc153802bac62611b6a99bb2ecdf87d4600110b13f48651e5382c785 from=0x4B1EE22D901Ee817288891a279109eC5EabEFf16 nonce=1   recipient=0xf39Fd6e51aad88F6F4ce6aB8827279cffFb92266 value=915,868
INFO [06-01|06:10:50.357] Starting work on payload                 id=0x03dc43384c475c20
INFO [06-01|06:10:50.362] Updated payload                          id=0x03dc43384c475c20 number=1000 hash=5c67bd..a33e05 txs=1 withdrawals=0 gas=21000     fees=2.1e-14       root=e4c1d8..c22e8b elapsed=5.591ms
INFO [06-01|06:10:50.362] Stopping work on payload                 id=0x03dc43384c475c20 reason=delivery
INFO [06-01|06:10:50.378] Paused snapshot generation
WARN [06-01|06:10:50.378] {"level":"warn","msg":"Slow block","block":{"number":1000,"hash":"0x5c67bda2c26741a1bbef4ce9a29cb5e01e67ba3fdf7a257270de6714e7a33e05","gas_used":21000,"tx_count":1},"timing":{"execution_ms":0.061912,"state_read_ms":9.476771,"state_hash_ms":4.879436,"commit_ms":0.584803,"total_ms":15.212692},"throughput":{"mgas_per_sec":1.3804262914150895},"state_reads":{"accounts":6,"storage_slots":0,"code":0,"code_bytes":0},"state_writes":{"accounts":2,"accounts_deleted":0,"storage_slots":0,"storage_slots_deleted":0,"code":0,"code_bytes":0},"cache":{"account":{"hits":2,"misses":4,"hit_rate":33.33333333333333},"storage":{"hits":0,"misses":0,"hit_rate":0},"code":{"hits":0,"misses":0,"hit_rate":0,"hit_bytes":0,"miss_bytes":0}}}
INFO [06-01|06:10:50.378] Imported new potential chain segment     number=1000 hash=5c67bd..a33e05 blocks=1 txs=1 mgas=0.021 elapsed=15.341ms    mgasps=1.369   triediffs=11.94MiB triedirty=0.00B
INFO [06-01|06:10:50.378] Chain head was updated                   number=1000 hash=5c67bd..a33e05 root=e4c1d8..c22e8b elapsed="55.87µs"
WARN [06-01|06:10:50.397] Snapshot generation is not permitted
