WARN [06-01|06:07:00.571] Unknown config environment variable      envvar=GETH_PBT_BIN
WARN [06-01|06:07:00.571] Unknown config environment variable      envvar=GETH_UBT_BIN
INFO [06-01|06:07:00.584] Starting Geth on Ethereum mainnet...
INFO [06-01|06:07:00.586] Maximum peer count                       ETH=0 total=0
INFO [06-01|06:07:00.587] Smartcard socket not found, disabling    err="stat /run/pcscd/pcscd.comm: no such file or directory"
WARN [06-01|06:07:00.589] Option --miner.etherbase is deprecated as the etherbase is set by the consensus client post-merge
WARN [06-01|06:07:00.591] Snap sync requested, resetting --cache.snapshot
INFO [06-01|06:07:00.591] Set global gas cap                       cap=50,000,000
INFO [06-01|06:07:01.370] Using developer account                  address=0xf39Fd6e51aad88F6F4ce6aB8827279cffFb92266
INFO [06-01|06:07:01.413] Using pebble as the backing database
INFO [06-01|06:07:01.413] Allocated cache and file handles         database=/mnt/state_expiry_vol_data/ubt-vs-pbt-dbs/ubt/geth/chaindata cache=16.00MiB handles=262,144
INFO [06-01|06:07:01.625] Opened ancient database                  database=/mnt/state_expiry_vol_data/ubt-vs-pbt-dbs/ubt/geth/chaindata/ancient/chain readonly=true
INFO [06-01|06:07:01.625] Opened Era store                         datadir=/mnt/state_expiry_vol_data/ubt-vs-pbt-dbs/ubt/geth/chaindata/ancient/chain/era
INFO [06-01|06:07:01.630] Initializing the KZG library             backend=gokzg
INFO [06-01|06:07:01.632] Allocated trie memory caches             clean=0.00B dirty=0.00B
INFO [06-01|06:07:01.642] Using pebble as the backing database
INFO [06-01|06:07:01.642] Allocated cache and file handles         database=/mnt/state_expiry_vol_data/ubt-vs-pbt-dbs/ubt/geth/chaindata cache=16.00MiB handles=262,144
INFO [06-01|06:07:01.812] Opened ancient database                  database=/mnt/state_expiry_vol_data/ubt-vs-pbt-dbs/ubt/geth/chaindata/ancient/chain readonly=false
INFO [06-01|06:07:01.812] Opened Era store                         datadir=/mnt/state_expiry_vol_data/ubt-vs-pbt-dbs/ubt/geth/chaindata/ancient/chain/era
INFO [06-01|06:07:01.818] State scheme set to already existing     scheme=path
INFO [06-01|06:07:01.818] Initialising Ethereum protocol           network=1337 dbversion=9
INFO [06-01|06:07:01.818] Load database journal from file          path=/mnt/state_expiry_vol_data/ubt-vs-pbt-dbs/ubt/geth/triedb/verkle.journal
INFO [06-01|06:07:01.893] Opened ancient database                  database=/mnt/state_expiry_vol_data/ubt-vs-pbt-dbs/ubt/geth/chaindata/ancient/state_verkle readonly=false
INFO [06-01|06:07:01.895] State snapshot generator is not compatible
INFO [06-01|06:07:01.895] Initialized path database                triecache=0.00B statecache=0.00B buffer=0.00B state-history="last 90000 blocks" journal-dir=/mnt/state_expiry_vol_data/ubt-vs-pbt-dbs/ubt/geth/triedb verkle=true
INFO [06-01|06:07:01.896] 
INFO [06-01|06:07:01.896] ---------------------------------------------------------------------------------------------------------------------------------------------------------
INFO [06-01|06:07:01.896] Chain ID:  1337 (unknown)
INFO [06-01|06:07:01.896] Consensus: unknown
INFO [06-01|06:07:01.896] 
INFO [06-01|06:07:01.896] Pre-Merge hard forks (block based):
INFO [06-01|06:07:01.896]  - Homestead:                   #0       
INFO [06-01|06:07:01.896]  - Tangerine Whistle (EIP 150): #0       
INFO [06-01|06:07:01.896]  - Spurious Dragon/1 (EIP 155): #0       
INFO [06-01|06:07:01.896]  - Spurious Dragon/2 (EIP 158): #0       
INFO [06-01|06:07:01.896]  - Byzantium:                   #0       
INFO [06-01|06:07:01.896]  - Constantinople:              #0       
INFO [06-01|06:07:01.896]  - Petersburg:                  #0       
INFO [06-01|06:07:01.896]  - Istanbul:                    #0       
INFO [06-01|06:07:01.896]  - Berlin:                      #0       
INFO [06-01|06:07:01.896]  - London:                      #0       
INFO [06-01|06:07:01.896]  - Arrow Glacier:               #0       
INFO [06-01|06:07:01.896]  - Gray Glacier:                #0       
INFO [06-01|06:07:01.896] 
INFO [06-01|06:07:01.896] Merge configured:
INFO [06-01|06:07:01.896]  - Total terminal difficulty:  0
INFO [06-01|06:07:01.896]  - Merge netsplit block:       #0       
INFO [06-01|06:07:01.896] 
INFO [06-01|06:07:01.896] Post-Merge hard forks (timestamp based):
INFO [06-01|06:07:01.896]  - Shanghai:                    @0         
INFO [06-01|06:07:01.896]  - Cancun:                      @0          blob: (target: 3, max: 6, fraction: 3338477)
INFO [06-01|06:07:01.896]  - Prague:                      @0          blob: (target: 6, max: 9, fraction: 5007716)
INFO [06-01|06:07:01.896]  - Osaka:                       @0          blob: (target: 6, max: 9, fraction: 5007716)
INFO [06-01|06:07:01.896]  - UBT:                         @0          blob: (nil)
INFO [06-01|06:07:01.896] 
INFO [06-01|06:07:01.896] All fork specifications can be found at https://ethereum.github.io/execution-specs/src/ethereum/forks/
INFO [06-01|06:07:01.896] 
INFO [06-01|06:07:01.896] ---------------------------------------------------------------------------------------------------------------------------------------------------------
INFO [06-01|06:07:01.896] 
INFO [06-01|06:07:01.897] Loaded most recent local block           number=858 hash=0310fc..62690d age=2s
INFO [06-01|06:07:01.897] Loaded most recent local finalized block number=832 hash=89cb67..afead8 age=39s
INFO [06-01|06:07:01.898] Initialized transaction indexer          range="last 2350000 blocks"
INFO [06-01|06:07:01.898] Initialized log indexer                  firstblock=0 lastblock=858 firstmap=0 lastmap=0 headindexed=true
INFO [06-01|06:07:01.941] Enabled full-sync                        head=858 hash=0310fc..62690d
INFO [06-01|06:07:01.942] Unprotected transactions allowed
INFO [06-01|06:07:01.942] Gasprice oracle is ignoring threshold set threshold=2
INFO [06-01|06:07:01.942] Registered sync override service
WARN [06-01|06:07:01.942] You are running Geth in --dev mode. Please note the following:
WARN [06-01|06:07:01.942] 
WARN [06-01|06:07:01.942]   1. This mode is only intended for fast, iterative development without assumptions on
WARN [06-01|06:07:01.942]      security or persistence.
WARN [06-01|06:07:01.942]   2. The database is created in memory unless specified otherwise. Therefore, shutting down
WARN [06-01|06:07:01.942]      your computer or losing power will wipe your entire block data and chain state for
WARN [06-01|06:07:01.942]      your dev environment.
WARN [06-01|06:07:01.942]   3. A random, pre-allocated developer account will be available and unlocked as
WARN [06-01|06:07:01.942]      eth.coinbase, which can be used for testing. The random dev account is temporary,
WARN [06-01|06:07:01.942]      stored on a ramdisk, and will be lost if your machine is restarted.
WARN [06-01|06:07:01.942]   4. Mining is enabled by default. However, the client will only seal blocks if transactions
WARN [06-01|06:07:01.942]      are pending in the mempool. The miner's minimum accepted gas price is 1.
WARN [06-01|06:07:01.942]   5. Networking is disabled; there is no listen-address, the maximum number of peers is set
WARN [06-01|06:07:01.942]      to 0, and discovery is disabled.
WARN [06-01|06:07:01.942] 
INFO [06-01|06:07:01.942] Starting peer-to-peer node               instance=Geth/v1.17.3-unstable/linux-amd64/go1.24.9
WARN [06-01|06:07:01.942] P2P server will be useless, neither dialing nor listening
INFO [06-01|06:07:01.979] IPC endpoint opened                      url=/mnt/state_expiry_vol_data/ubt-vs-pbt-dbs/ubt/geth.ipc
ERROR[06-01|06:07:01.980] Unavailable modules in HTTP API list     unavailable=[personal] available="[admin debug web3 eth txpool miner net dev testing]"
INFO [06-01|06:07:01.980] New local node record                    seq=1,780,289,664,155 id=c084d8867e8cc127 ip=127.0.0.1 udp=0 tcp=0
INFO [06-01|06:07:01.980] Started P2P networking                   self=enode://ed0ccbffbfc0dc9f1b0f8e55d585ad3e61215b1974f32d9388e7ae53563e3ebe0172c21d754fa202c3a63f95bef3ff3ea24339ffdabd0115c47ec5b8d33136a9@127.0.0.1:0
INFO [06-01|06:07:01.980] HTTP server started                      endpoint=127.0.0.1:8545 auth=false prefix= cors= vhosts=localhost
INFO [06-01|06:07:01.980] WebSocket enabled                        url=ws://127.0.0.1:8546
INFO [06-01|06:07:02.096] Loaded local transaction journal         transactions=957 dropped=0
INFO [06-01|06:07:03.282] Started log indexer
INFO [06-01|06:07:03.325] Starting work on payload                 id=0x034c434e9ed6faae
INFO [06-01|06:07:03.331] Updated payload                          id=0x034c434e9ed6faae number=859 hash=a1b0d2..ac6327 txs=0 withdrawals=0 gas=0 fees=0 root=3f16e2..69db5f elapsed=5.780ms
INFO [06-01|06:07:03.333] Stopping work on payload                 id=0x034c434e9ed6faae reason=delivery
WARN [06-01|06:07:03.343] {"level":"warn","msg":"Slow block","block":{"number":859,"hash":"0xa1b0d2e376d648d2a25b86c581bca8999fe841f4d356c0990d874f096fac6327","gas_used":0,"tx_count":0},"timing":{"execution_ms":0.074964,"state_read_ms":10.462346,"state_hash_ms":0.00221,"commit_ms":0.168434,"total_ms":10.966549},"throughput":{"mgas_per_sec":0},"state_reads":{"accounts":4,"storage_slots":0,"code":0,"code_bytes":0},"state_writes":{"accounts":0,"accounts_deleted":0,"storage_slots":0,"storage_slots_deleted":0,"code":0,"code_bytes":0},"cache":{"account":{"hits":0,"misses":4,"hit_rate":0},"storage":{"hits":0,"misses":0,"hit_rate":0},"code":{"hits":0,"misses":0,"hit_rate":0,"hit_bytes":0,"miss_bytes":0}}}
INFO [06-01|06:07:03.343] Imported new potential chain segment     number=859 hash=a1b0d2..ac6327 blocks=1 txs=0 mgas=0.000 elapsed=11.374ms mgasps=0.000 triediffs=3.57MiB triedirty=0.00B
INFO [06-01|06:07:03.343] Chain head was updated                   number=859 hash=a1b0d2..ac6327 root=3f16e2..69db5f elapsed="62.075µs"
INFO [06-01|06:07:04.351] Starting work on payload                 id=0x0373f56b617738f2
INFO [06-01|06:07:04.356] Updated payload                          id=0x0373f56b617738f2 number=860 hash=6eb28c..5c6841 txs=0 withdrawals=0 gas=0 fees=0 root=3f16e2..69db5f elapsed=5.099ms
INFO [06-01|06:07:04.356] Stopping work on payload                 id=0x0373f56b617738f2 reason=delivery
WARN [06-01|06:07:04.360] {"level":"warn","msg":"Slow block","block":{"number":860,"hash":"0x6eb28c3db4d578982fc001bc1af641d69b916d8385a49af839d6ff8db15c6841","gas_used":0,"tx_count":0},"timing":{"execution_ms":0.02856,"state_read_ms":2.921354,"state_hash_ms":0.002373,"commit_ms":0.141502,"total_ms":3.267884},"throughput":{"mgas_per_sec":0},"state_reads":{"accounts":4,"storage_slots":0,"code":0,"code_bytes":0},"state_writes":{"accounts":0,"accounts_deleted":0,"storage_slots":0,"storage_slots_deleted":0,"code":0,"code_bytes":0},"cache":{"account":{"hits":0,"misses":4,"hit_rate":0},"storage":{"hits":0,"misses":0,"hit_rate":0},"code":{"hits":0,"misses":0,"hit_rate":0,"hit_bytes":0,"miss_bytes":0}}}
INFO [06-01|06:07:04.360] Imported new potential chain segment     number=860 hash=6eb28c..5c6841 blocks=1 txs=0 mgas=0.000 elapsed=3.448ms    mgasps=0.000 triediffs=3.57MiB triedirty=0.00B
INFO [06-01|06:07:04.360] Chain head was updated                   number=860 hash=6eb28c..5c6841 root=3f16e2..69db5f elapsed="61.62µs"
INFO [06-01|06:07:05.372] Starting work on payload                 id=0x03fe4ec21a027bc0
INFO [06-01|06:07:05.388] Updated payload                          id=0x03fe4ec21a027bc0 number=861 hash=0c3513..9c2c05 txs=0 withdrawals=0 gas=0 fees=0 root=3f16e2..69db5f elapsed=15.818ms
INFO [06-01|06:07:05.388] Stopping work on payload                 id=0x03fe4ec21a027bc0 reason=delivery
WARN [06-01|06:07:05.409] {"level":"warn","msg":"Slow block","block":{"number":861,"hash":"0x0c35135fe7a1b184d9a049ca56e418c919efaa2c3696413cc953e5a72d9c2c05","gas_used":0,"tx_count":0},"timing":{"execution_ms":0.026775,"state_read_ms":17.312612,"state_hash_ms":0.002807,"commit_ms":3.036585,"total_ms":20.977739},"throughput":{"mgas_per_sec":0},"state_reads":{"accounts":4,"storage_slots":0,"code":0,"code_bytes":0},"state_writes":{"accounts":0,"accounts_deleted":0,"storage_slots":0,"storage_slots_deleted":0,"code":0,"code_bytes":0},"cache":{"account":{"hits":0,"misses":4,"hit_rate":0},"storage":{"hits":0,"misses":0,"hit_rate":0},"code":{"hits":0,"misses":0,"hit_rate":0,"hit_bytes":0,"miss_bytes":0}}}
INFO [06-01|06:07:05.409] Imported new potential chain segment     number=861 hash=0c3513..9c2c05 blocks=1 txs=0 mgas=0.000 elapsed=21.346ms   mgasps=0.000 triediffs=3.57MiB triedirty=0.00B
INFO [06-01|06:07:05.409] Chain head was updated                   number=861 hash=0c3513..9c2c05 root=3f16e2..69db5f elapsed="77.963µs"
INFO [06-01|06:07:05.448] Submitted contract creation              hash=0x03a6bd002e835d6306f6b8090a42469251f1abc67996d1743155f903fdec6614 from=0xf39Fd6e51aad88F6F4ce6aB8827279cffFb92266 nonce=223 contract=0xc9952Fc93Fa9bE383ccB39008c786b9f94eAc95d value=0
INFO [06-01|06:07:05.448] Submitted transaction                    hash=0xcf5912f6e113909ee391a8550b0109ea7116f7c309fe1ff8a67cb551cc3924e8 from=0xf39Fd6e51aad88F6F4ce6aB8827279cffFb92266 nonce=224 recipient=0x0a164b719E38132615B8D25caeEAF4223Dc1a3d3 value=78,000,000
INFO [06-01|06:07:06.420] Starting work on payload                 id=0x0395fcac00bffc31
INFO [06-01|06:07:06.452] Updated payload                          id=0x0395fcac00bffc31 number=862 hash=baace3..0d8071 txs=2 withdrawals=0 gas=86938 fees=5.21628e-13 root=3eaf4a..85f2a8 elapsed=31.855ms
INFO [06-01|06:07:06.452] Stopping work on payload                 id=0x0395fcac00bffc31 reason=delivery
INFO [06-01|06:07:06.486] Paused snapshot generation
WARN [06-01|06:07:06.487] {"level":"warn","msg":"Slow block","block":{"number":862,"hash":"0xbaace3f12ffa8c046b702dfebf21b505a75d0a6c2089dccfc54c6d7aad0d8071","gas_used":86938,"tx_count":2},"timing":{"execution_ms":0.160681,"state_read_ms":12.204952,"state_hash_ms":16.559338,"commit_ms":4.803971,"total_ms":33.981638},"throughput":{"mgas_per_sec":2.558381676598403},"state_reads":{"accounts":11,"storage_slots":0,"code":0,"code_bytes":0},"state_writes":{"accounts":3,"accounts_deleted":0,"storage_slots":0,"storage_slots_deleted":0,"code":1,"code_bytes":165},"cache":{"account":{"hits":5,"misses":6,"hit_rate":45.45454545454545},"storage":{"hits":0,"misses":0,"hit_rate":0},"code":{"hits":0,"misses":0,"hit_rate":0,"hit_bytes":0,"miss_bytes":0}}}
INFO [06-01|06:07:06.487] Imported new potential chain segment     number=862 hash=baace3..0d8071 blocks=1 txs=2 mgas=0.087 elapsed=34.204ms   mgasps=2.542 triediffs=3.57MiB triedirty=0.00B
INFO [06-01|06:07:06.487] Chain head was updated                   number=862 hash=baace3..0d8071 root=3eaf4a..85f2a8 elapsed="141.908µs"
WARN [06-01|06:07:06.507] Snapshot generation is not permitted
INFO [06-01|06:07:07.462] Submitted transaction                    hash=0xb64ca78ff294040bc782937ddb91738cd635be550f4a2a19c8443c8a948d471f from=0x0a164b719E38132615B8D25caeEAF4223Dc1a3d3 nonce=0   recipient=0xc9952Fc93Fa9bE383ccB39008c786b9f94eAc95d value=0
INFO [06-01|06:07:07.491] Starting work on payload                 id=0x03641cbd8ee1c597
INFO [06-01|06:07:07.568] Updated payload                          id=0x03641cbd8ee1c597 number=863 hash=8bc8ec..eb4fbd txs=1 withdrawals=0 gas=5,919,358 fees=3.5516148e-11 root=d87afa..f7f637 elapsed=76.239ms
INFO [06-01|06:07:07.568] Stopping work on payload                 id=0x03641cbd8ee1c597 reason=delivery
INFO [06-01|06:07:07.588] Paused snapshot generation
WARN [06-01|06:07:07.589] {"level":"warn","msg":"Slow block","block":{"number":863,"hash":"0x8bc8ecc29cb7621ee8bf0063a566664c7dfb5a97b90b2935341118ef4ceb4fbd","gas_used":5919358,"tx_count":1},"timing":{"execution_ms":4.574147,"state_read_ms":8.080428,"state_hash_ms":5.30605,"commit_ms":2.136881,"total_ms":20.246968},"throughput":{"mgas_per_sec":292.35774956526825},"state_reads":{"accounts":17,"storage_slots":283,"code":11,"code_bytes":445},"state_writes":{"accounts":12,"accounts_deleted":0,"storage_slots":254,"storage_slots_deleted":0,"code":0,"code_bytes":0},"cache":{"account":{"hits":7,"misses":10,"hit_rate":41.17647058823529},"storage":{"hits":63,"misses":220,"hit_rate":22.261484098939928},"code":{"hits":11,"misses":0,"hit_rate":100,"hit_bytes":445,"miss_bytes":0}}}
INFO [06-01|06:07:07.589] Imported new potential chain segment     number=863 hash=8bc8ec..eb4fbd blocks=1 txs=1 mgas=5.919 elapsed=20.876ms    mgasps=283.536 triediffs=3.69MiB triedirty=0.00B
INFO [06-01|06:07:07.589] Chain head was updated                   number=863 hash=8bc8ec..eb4fbd root=d87afa..f7f637 elapsed="128.001µs"
WARN [06-01|06:07:07.620] Snapshot generation is not permitted
INFO [06-01|06:07:08.476] Submitted transaction                    hash=0xda2c4ce813977f6f743bba9f56d4e5da553ca76f39de9b11a4e35f7084b084ca from=0x0a164b719E38132615B8D25caeEAF4223Dc1a3d3 nonce=1   recipient=0xf39Fd6e51aad88F6F4ce6aB8827279cffFb92266 value=796,346
INFO [06-01|06:07:08.611] Starting work on payload                 id=0x03b2ed40434cb2a1
INFO [06-01|06:07:08.617] Updated payload                          id=0x03b2ed40434cb2a1 number=864 hash=4e9b6a..488588 txs=1 withdrawals=0 gas=21000     fees=2.1e-14       root=fe6076..dbb790 elapsed=5.627ms
INFO [06-01|06:07:08.617] Stopping work on payload                 id=0x03b2ed40434cb2a1 reason=delivery
INFO [06-01|06:07:08.631] Paused snapshot generation
WARN [06-01|06:07:08.631] {"level":"warn","msg":"Slow block","block":{"number":864,"hash":"0x4e9b6a3937bc37e73ab851538abfeef70d6f67a7b67f4a2a03e1fa1381488588","gas_used":21000,"tx_count":1},"timing":{"execution_ms":0.069496,"state_read_ms":10.210165,"state_hash_ms":2.488936,"commit_ms":0.628519,"total_ms":13.573927},"throughput":{"mgas_per_sec":1.547083611102373},"state_reads":{"accounts":6,"storage_slots":0,"code":0,"code_bytes":0},"state_writes":{"accounts":2,"accounts_deleted":0,"storage_slots":0,"storage_slots_deleted":0,"code":0,"code_bytes":0},"cache":{"account":{"hits":2,"misses":4,"hit_rate":33.33333333333333},"storage":{"hits":0,"misses":0,"hit_rate":0},"code":{"hits":0,"misses":0,"hit_rate":0,"hit_bytes":0,"miss_bytes":0}}}
INFO [06-01|06:07:08.631] Imported new potential chain segment     number=864 hash=4e9b6a..488588 blocks=1 txs=1 mgas=0.021 elapsed=13.729ms    mgasps=1.530   triediffs=3.68MiB triedirty=0.00B
INFO [06-01|06:07:08.631] Chain head was updated                   number=864 hash=4e9b6a..488588 root=fe6076..dbb790 elapsed="47.402µs"
WARN [06-01|06:07:08.651] Snapshot generation is not permitted
INFO [06-01|06:07:09.635] Starting work on payload                 id=0x03313aa3bd301f6f
INFO [06-01|06:07:09.647] Updated payload                          id=0x03313aa3bd301f6f number=865 hash=41d888..db5e84 txs=0 withdrawals=0 gas=0         fees=0             root=fe6076..dbb790 elapsed=11.840ms
INFO [06-01|06:07:09.647] Stopping work on payload                 id=0x03313aa3bd301f6f reason=delivery
WARN [06-01|06:07:09.651] {"level":"warn","msg":"Slow block","block":{"number":865,"hash":"0x41d888e048613b607955c244df8475b871fc1c11f876de39438fa2f368db5e84","gas_used":0,"tx_count":0},"timing":{"execution_ms":0.02684,"state_read_ms":2.636279,"state_hash_ms":0.00185,"commit_ms":0.098202,"total_ms":2.896844},"throughput":{"mgas_per_sec":0},"state_reads":{"accounts":4,"storage_slots":0,"code":0,"code_bytes":0},"state_writes":{"accounts":0,"accounts_deleted":0,"storage_slots":0,"storage_slots_deleted":0,"code":0,"code_bytes":0},"cache":{"account":{"hits":0,"misses":4,"hit_rate":0},"storage":{"hits":0,"misses":0,"hit_rate":0},"code":{"hits":0,"misses":0,"hit_rate":0,"hit_bytes":0,"miss_bytes":0}}}
INFO [06-01|06:07:09.651] Imported new potential chain segment     number=865 hash=41d888..db5e84 blocks=1 txs=0 mgas=0.000 elapsed=3.027ms     mgasps=0.000   triediffs=3.68MiB triedirty=0.00B
INFO [06-01|06:07:09.651] Chain head was updated                   number=865 hash=41d888..db5e84 root=fe6076..dbb790 elapsed="72.85µs"
