WARN [06-01|06:27:44.430] Unknown config environment variable      envvar=GETH_PBT_BIN
WARN [06-01|06:27:44.430] Unknown config environment variable      envvar=GETH_UBT_BIN
INFO [06-01|06:27:44.443] Starting Geth on Ethereum mainnet...
INFO [06-01|06:27:44.445] Maximum peer count                       ETH=0 total=0
INFO [06-01|06:27:44.446] Smartcard socket not found, disabling    err="stat /run/pcscd/pcscd.comm: no such file or directory"
WARN [06-01|06:27:44.448] Option --miner.etherbase is deprecated as the etherbase is set by the consensus client post-merge
WARN [06-01|06:27:44.450] Snap sync requested, resetting --cache.snapshot
INFO [06-01|06:27:44.450] Set global gas cap                       cap=50,000,000
INFO [06-01|06:27:45.232] Using developer account                  address=0xf39Fd6e51aad88F6F4ce6aB8827279cffFb92266
INFO [06-01|06:27:45.277] Using pebble as the backing database
INFO [06-01|06:27:45.277] Allocated cache and file handles         database=/mnt/state_expiry_vol_data/ubt-vs-pbt-dbs/ubt/geth/chaindata cache=16.00MiB handles=262,144
INFO [06-01|06:27:45.491] Opened ancient database                  database=/mnt/state_expiry_vol_data/ubt-vs-pbt-dbs/ubt/geth/chaindata/ancient/chain readonly=true
INFO [06-01|06:27:45.491] Opened Era store                         datadir=/mnt/state_expiry_vol_data/ubt-vs-pbt-dbs/ubt/geth/chaindata/ancient/chain/era
INFO [06-01|06:27:45.498] Initializing the KZG library             backend=gokzg
INFO [06-01|06:27:45.499] Allocated trie memory caches             clean=0.00B dirty=0.00B
INFO [06-01|06:27:45.507] Using pebble as the backing database
INFO [06-01|06:27:45.507] Allocated cache and file handles         database=/mnt/state_expiry_vol_data/ubt-vs-pbt-dbs/ubt/geth/chaindata cache=16.00MiB handles=262,144
INFO [06-01|06:27:45.691] Opened ancient database                  database=/mnt/state_expiry_vol_data/ubt-vs-pbt-dbs/ubt/geth/chaindata/ancient/chain readonly=false
INFO [06-01|06:27:45.691] Opened Era store                         datadir=/mnt/state_expiry_vol_data/ubt-vs-pbt-dbs/ubt/geth/chaindata/ancient/chain/era
INFO [06-01|06:27:45.698] State scheme set to already existing     scheme=path
INFO [06-01|06:27:45.708] Initialising Ethereum protocol           network=1337 dbversion=9
INFO [06-01|06:27:45.708] Load database journal from file          path=/mnt/state_expiry_vol_data/ubt-vs-pbt-dbs/ubt/geth/triedb/verkle.journal
INFO [06-01|06:27:45.861] Opened ancient database                  database=/mnt/state_expiry_vol_data/ubt-vs-pbt-dbs/ubt/geth/chaindata/ancient/state_verkle readonly=false
INFO [06-01|06:27:45.863] State snapshot generator is not compatible
INFO [06-01|06:27:45.863] Initialized path database                triecache=0.00B statecache=0.00B buffer=0.00B state-history="last 90000 blocks" journal-dir=/mnt/state_expiry_vol_data/ubt-vs-pbt-dbs/ubt/geth/triedb verkle=true
INFO [06-01|06:27:45.863] 
INFO [06-01|06:27:45.864] ---------------------------------------------------------------------------------------------------------------------------------------------------------
INFO [06-01|06:27:45.864] Chain ID:  1337 (unknown)
INFO [06-01|06:27:45.864] Consensus: unknown
INFO [06-01|06:27:45.864] 
INFO [06-01|06:27:45.864] Pre-Merge hard forks (block based):
INFO [06-01|06:27:45.864]  - Homestead:                   #0       
INFO [06-01|06:27:45.864]  - Tangerine Whistle (EIP 150): #0       
INFO [06-01|06:27:45.864]  - Spurious Dragon/1 (EIP 155): #0       
INFO [06-01|06:27:45.864]  - Spurious Dragon/2 (EIP 158): #0       
INFO [06-01|06:27:45.864]  - Byzantium:                   #0       
INFO [06-01|06:27:45.864]  - Constantinople:              #0       
INFO [06-01|06:27:45.864]  - Petersburg:                  #0       
INFO [06-01|06:27:45.864]  - Istanbul:                    #0       
INFO [06-01|06:27:45.864]  - Berlin:                      #0       
INFO [06-01|06:27:45.864]  - London:                      #0       
INFO [06-01|06:27:45.864]  - Arrow Glacier:               #0       
INFO [06-01|06:27:45.864]  - Gray Glacier:                #0       
INFO [06-01|06:27:45.864] 
INFO [06-01|06:27:45.864] Merge configured:
INFO [06-01|06:27:45.864]  - Total terminal difficulty:  0
INFO [06-01|06:27:45.864]  - Merge netsplit block:       #0       
INFO [06-01|06:27:45.864] 
INFO [06-01|06:27:45.864] Post-Merge hard forks (timestamp based):
INFO [06-01|06:27:45.864]  - Shanghai:                    @0         
INFO [06-01|06:27:45.864]  - Cancun:                      @0          blob: (target: 3, max: 6, fraction: 3338477)
INFO [06-01|06:27:45.864]  - Prague:                      @0          blob: (target: 6, max: 9, fraction: 5007716)
INFO [06-01|06:27:45.864]  - Osaka:                       @0          blob: (target: 6, max: 9, fraction: 5007716)
INFO [06-01|06:27:45.864]  - UBT:                         @0          blob: (nil)
INFO [06-01|06:27:45.864] 
INFO [06-01|06:27:45.864] All fork specifications can be found at https://ethereum.github.io/execution-specs/src/ethereum/forks/
INFO [06-01|06:27:45.864] 
INFO [06-01|06:27:45.864] ---------------------------------------------------------------------------------------------------------------------------------------------------------
INFO [06-01|06:27:45.864] 
INFO [06-01|06:27:45.864] Loaded most recent local block           number=1602 hash=84f628..221fc9 age=3s
INFO [06-01|06:27:45.864] Loaded most recent local finalized block number=1600 hash=de243c..b92a85 age=6s
INFO [06-01|06:27:45.865] Initialized transaction indexer          range="last 2350000 blocks"
INFO [06-01|06:27:45.865] Initialized log indexer                  firstblock=0 lastblock=1602 firstmap=0 lastmap=0 headindexed=true
INFO [06-01|06:27:45.899] Enabled full-sync                        head=1602 hash=84f628..221fc9
INFO [06-01|06:27:45.899] Unprotected transactions allowed
INFO [06-01|06:27:45.899] Gasprice oracle is ignoring threshold set threshold=2
INFO [06-01|06:27:45.900] Registered sync override service
WARN [06-01|06:27:45.900] You are running Geth in --dev mode. Please note the following:
WARN [06-01|06:27:45.900] 
WARN [06-01|06:27:45.900]   1. This mode is only intended for fast, iterative development without assumptions on
WARN [06-01|06:27:45.900]      security or persistence.
WARN [06-01|06:27:45.900]   2. The database is created in memory unless specified otherwise. Therefore, shutting down
WARN [06-01|06:27:45.900]      your computer or losing power will wipe your entire block data and chain state for
WARN [06-01|06:27:45.900]      your dev environment.
WARN [06-01|06:27:45.900]   3. A random, pre-allocated developer account will be available and unlocked as
WARN [06-01|06:27:45.900]      eth.coinbase, which can be used for testing. The random dev account is temporary,
WARN [06-01|06:27:45.900]      stored on a ramdisk, and will be lost if your machine is restarted.
WARN [06-01|06:27:45.900]   4. Mining is enabled by default. However, the client will only seal blocks if transactions
WARN [06-01|06:27:45.900]      are pending in the mempool. The miner's minimum accepted gas price is 1.
WARN [06-01|06:27:45.900]   5. Networking is disabled; there is no listen-address, the maximum number of peers is set
WARN [06-01|06:27:45.900]      to 0, and discovery is disabled.
WARN [06-01|06:27:45.900] 
INFO [06-01|06:27:45.900] Starting peer-to-peer node               instance=Geth/v1.17.3-unstable/linux-amd64/go1.24.9
WARN [06-01|06:27:45.900] P2P server will be useless, neither dialing nor listening
INFO [06-01|06:27:45.922] IPC endpoint opened                      url=/mnt/state_expiry_vol_data/ubt-vs-pbt-dbs/ubt/geth.ipc
ERROR[06-01|06:27:45.922] Unavailable modules in HTTP API list     unavailable=[personal] available="[admin debug web3 eth txpool miner net dev testing]"
INFO [06-01|06:27:45.923] New local node record                    seq=1,780,289,664,277 id=c084d8867e8cc127 ip=127.0.0.1 udp=0 tcp=0
INFO [06-01|06:27:45.923] Started P2P networking                   self=enode://ed0ccbffbfc0dc9f1b0f8e55d585ad3e61215b1974f32d9388e7ae53563e3ebe0172c21d754fa202c3a63f95bef3ff3ea24339ffdabd0115c47ec5b8d33136a9@127.0.0.1:0
INFO [06-01|06:27:45.923] HTTP server started                      endpoint=127.0.0.1:8545 auth=false prefix= cors= vhosts=localhost
INFO [06-01|06:27:45.923] WebSocket enabled                        url=ws://127.0.0.1:8546
INFO [06-01|06:27:46.062] Loaded local transaction journal         transactions=1445 dropped=0
INFO [06-01|06:27:47.156] Started log indexer
INFO [06-01|06:27:47.193] Starting work on payload                 id=0x03540e60925e4cd5
INFO [06-01|06:27:47.197] Updated payload                          id=0x03540e60925e4cd5 number=1603 hash=fe5f70..fc30fe txs=0 withdrawals=0 gas=0 fees=0 root=839f5a..65f71e elapsed=3.358ms
INFO [06-01|06:27:47.197] Stopping work on payload                 id=0x03540e60925e4cd5 reason=delivery
WARN [06-01|06:27:47.201] {"level":"warn","msg":"Slow block","block":{"number":1603,"hash":"0xfe5f70c3ccd1415ad871182c1c2dec98cb52cb2fbf63a81c26862bbe77fc30fe","gas_used":0,"tx_count":0},"timing":{"execution_ms":0.029143,"state_read_ms":2.835356,"state_hash_ms":0.001669,"commit_ms":0.19065,"total_ms":3.204959},"throughput":{"mgas_per_sec":0},"state_reads":{"accounts":4,"storage_slots":0,"code":0,"code_bytes":0},"state_writes":{"accounts":0,"accounts_deleted":0,"storage_slots":0,"storage_slots_deleted":0,"code":0,"code_bytes":0},"cache":{"account":{"hits":0,"misses":4,"hit_rate":0},"storage":{"hits":0,"misses":0,"hit_rate":0},"code":{"hits":0,"misses":0,"hit_rate":0,"hit_bytes":0,"miss_bytes":0}}}
INFO [06-01|06:27:47.201] Imported new potential chain segment     number=1603 hash=fe5f70..fc30fe blocks=1 txs=0 mgas=0.000 elapsed=3.538ms mgasps=0.000 triediffs=7.28MiB triedirty=0.00B
INFO [06-01|06:27:47.201] Chain head was updated                   number=1603 hash=fe5f70..fc30fe root=839f5a..65f71e elapsed="88.609µs"
INFO [06-01|06:27:48.206] Starting work on payload                 id=0x032b441ada20c9a2
INFO [06-01|06:27:48.209] Updated payload                          id=0x032b441ada20c9a2 number=1604 hash=e200c3..09a566 txs=0 withdrawals=0 gas=0 fees=0 root=839f5a..65f71e elapsed=3.374ms
INFO [06-01|06:27:48.210] Stopping work on payload                 id=0x032b441ada20c9a2 reason=delivery
WARN [06-01|06:27:48.214] {"level":"warn","msg":"Slow block","block":{"number":1604,"hash":"0xe200c32233f10020b11f9ca1bd5de8f09082967fa2241d6385060684b809a566","gas_used":0,"tx_count":0},"timing":{"execution_ms":0.032362,"state_read_ms":3.608968,"state_hash_ms":0.002107,"commit_ms":0.212751,"total_ms":4.049938},"throughput":{"mgas_per_sec":0},"state_reads":{"accounts":4,"storage_slots":0,"code":0,"code_bytes":0},"state_writes":{"accounts":0,"accounts_deleted":0,"storage_slots":0,"storage_slots_deleted":0,"code":0,"code_bytes":0},"cache":{"account":{"hits":0,"misses":4,"hit_rate":0},"storage":{"hits":0,"misses":0,"hit_rate":0},"code":{"hits":0,"misses":0,"hit_rate":0,"hit_bytes":0,"miss_bytes":0}}}
INFO [06-01|06:27:48.214] Imported new potential chain segment     number=1604 hash=e200c3..09a566 blocks=1 txs=0 mgas=0.000 elapsed=4.306ms    mgasps=0.000 triediffs=7.28MiB triedirty=0.00B
INFO [06-01|06:27:48.214] Chain head was updated                   number=1604 hash=e200c3..09a566 root=839f5a..65f71e elapsed="61.274µs"
INFO [06-01|06:27:49.236] Starting work on payload                 id=0x03b5c33e606c6b51
INFO [06-01|06:27:49.251] Updated payload                          id=0x03b5c33e606c6b51 number=1605 hash=fb454f..f8f314 txs=0 withdrawals=0 gas=0 fees=0 root=839f5a..65f71e elapsed=14.771ms
INFO [06-01|06:27:49.251] Stopping work on payload                 id=0x03b5c33e606c6b51 reason=delivery
WARN [06-01|06:27:49.266] {"level":"warn","msg":"Slow block","block":{"number":1605,"hash":"0xfb454f04126ef44946ff226c576e5ec455955db8dc9b70333f9db7f0fef8f314","gas_used":0,"tx_count":0},"timing":{"execution_ms":0.028469,"state_read_ms":15.070641,"state_hash_ms":0.001858,"commit_ms":0.107627,"total_ms":15.370242},"throughput":{"mgas_per_sec":0},"state_reads":{"accounts":4,"storage_slots":0,"code":0,"code_bytes":0},"state_writes":{"accounts":0,"accounts_deleted":0,"storage_slots":0,"storage_slots_deleted":0,"code":0,"code_bytes":0},"cache":{"account":{"hits":0,"misses":4,"hit_rate":0},"storage":{"hits":0,"misses":0,"hit_rate":0},"code":{"hits":0,"misses":0,"hit_rate":0,"hit_bytes":0,"miss_bytes":0}}}
INFO [06-01|06:27:49.266] Imported new potential chain segment     number=1605 hash=fb454f..f8f314 blocks=1 txs=0 mgas=0.000 elapsed=15.527ms   mgasps=0.000 triediffs=7.28MiB triedirty=0.00B
INFO [06-01|06:27:49.266] Chain head was updated                   number=1605 hash=fb454f..f8f314 root=839f5a..65f71e elapsed="43.275µs"
INFO [06-01|06:27:49.301] Submitted contract creation              hash=0xd9c1698ff2025527bcb8d0c62c232e89ce28efa91252ed874fc97c9c4940ab92 from=0xf39Fd6e51aad88F6F4ce6aB8827279cffFb92266 nonce=467 contract=0x97fd63D049089cd70D9D139ccf9338c81372DE68 value=0
INFO [06-01|06:27:49.301] Submitted transaction                    hash=0x57c23450639323e70a1843cb6390216b07d8da97f77638e61a839cd2186e5882 from=0xf39Fd6e51aad88F6F4ce6aB8827279cffFb92266 nonce=468 recipient=0xDC52CA276C00316c747372a1842e73b5E7A0c3Dd value=78,000,000
INFO [06-01|06:27:50.281] Starting work on payload                 id=0x03947c859ada6fdd
INFO [06-01|06:27:50.320] Updated payload                          id=0x03947c859ada6fdd number=1606 hash=912922..ac0f45 txs=2 withdrawals=0 gas=91698 fees=5.50188e-13 root=1269b7..32eacf elapsed=38.201ms
INFO [06-01|06:27:50.320] Stopping work on payload                 id=0x03947c859ada6fdd reason=delivery
INFO [06-01|06:27:50.338] Paused snapshot generation
WARN [06-01|06:27:50.338] {"level":"warn","msg":"Slow block","block":{"number":1606,"hash":"0x9129221221a64b166dfd6c0517f0f5ba1336fae686f0af4381748bac7dac0f45","gas_used":91698,"tx_count":2},"timing":{"execution_ms":0.127063,"state_read_ms":4.227327,"state_hash_ms":7.854289,"commit_ms":6.066207,"total_ms":18.429163},"throughput":{"mgas_per_sec":4.975700741265352},"state_reads":{"accounts":11,"storage_slots":0,"code":0,"code_bytes":0},"state_writes":{"accounts":3,"accounts_deleted":0,"storage_slots":0,"storage_slots_deleted":0,"code":1,"code_bytes":305},"cache":{"account":{"hits":7,"misses":4,"hit_rate":63.63636363636363},"storage":{"hits":0,"misses":0,"hit_rate":0},"code":{"hits":0,"misses":0,"hit_rate":0,"hit_bytes":0,"miss_bytes":0}}}
INFO [06-01|06:27:50.338] Imported new potential chain segment     number=1606 hash=912922..ac0f45 blocks=1 txs=2 mgas=0.092 elapsed=18.606ms   mgasps=4.928 triediffs=7.26MiB triedirty=0.00B
INFO [06-01|06:27:50.339] Chain head was updated                   number=1606 hash=912922..ac0f45 root=1269b7..32eacf elapsed="166.917µs"
WARN [06-01|06:27:50.365] Snapshot generation is not permitted
INFO [06-01|06:27:51.316] Submitted transaction                    hash=0xd7f2f6877a9c4d59aa25aff86ac8efcb2ef54afc4f488e648c82466b72303a54 from=0xDC52CA276C00316c747372a1842e73b5E7A0c3Dd nonce=0   recipient=0x97fd63D049089cd70D9D139ccf9338c81372DE68 value=0
INFO [06-01|06:27:51.343] Starting work on payload                 id=0x0333cfd253d0a856
INFO [06-01|06:27:51.647] Updated payload                          id=0x0333cfd253d0a856 number=1607 hash=03f997..6c5d37 txs=1 withdrawals=0 gas=5,919,240 fees=3.551544e-11 root=c9aa88..aa4e83 elapsed=303.807ms
INFO [06-01|06:27:51.647] Stopping work on payload                 id=0x0333cfd253d0a856 reason=delivery
INFO [06-01|06:27:51.722] Paused snapshot generation
WARN [06-01|06:27:51.723] {"level":"warn","msg":"Slow block","block":{"number":1607,"hash":"0x03f997801f7f6a273e3b336e4dd67558e7ac3b00270d8c6f5f20c3cd8c6c5d37","gas_used":5919240,"tx_count":1},"timing":{"execution_ms":41.32414,"state_read_ms":17.195941,"state_hash_ms":14.140447,"commit_ms":3.477686,"total_ms":76.323815},"throughput":{"mgas_per_sec":77.55429940183153},"state_reads":{"accounts":263,"storage_slots":814,"code":257,"code_bytes":7473},"state_writes":{"accounts":47,"accounts_deleted":0,"storage_slots":72,"storage_slots_deleted":0,"code":0,"code_bytes":0},"cache":{"account":{"hits":61,"misses":202,"hit_rate":23.193916349809886},"storage":{"hits":243,"misses":571,"hit_rate":29.85257985257985},"code":{"hits":257,"misses":0,"hit_rate":100,"hit_bytes":7473,"miss_bytes":0}}}
INFO [06-01|06:27:51.723] Imported new potential chain segment     number=1607 hash=03f997..6c5d37 blocks=1 txs=1 mgas=5.919 elapsed=76.510ms    mgasps=77.365 triediffs=7.58MiB triedirty=0.00B
INFO [06-01|06:27:51.724] Chain head was updated                   number=1607 hash=03f997..6c5d37 root=c9aa88..aa4e83 elapsed="105.929µs"
WARN [06-01|06:27:51.756] Snapshot generation is not permitted
INFO [06-01|06:27:52.330] Submitted transaction                    hash=0x260f072ae884511c07774e451a530b162f7645550bb77fce2b416c72ebd7798a from=0xDC52CA276C00316c747372a1842e73b5E7A0c3Dd nonce=1   recipient=0xf39Fd6e51aad88F6F4ce6aB8827279cffFb92266 value=797,880
INFO [06-01|06:27:52.728] Starting work on payload                 id=0x037dea9152acbf02
INFO [06-01|06:27:52.741] Updated payload                          id=0x037dea9152acbf02 number=1608 hash=ca268c..c9d6fd txs=1 withdrawals=0 gas=21000     fees=2.1e-14      root=615ed3..099afc elapsed=13.104ms
INFO [06-01|06:27:52.741] Stopping work on payload                 id=0x037dea9152acbf02 reason=delivery
INFO [06-01|06:27:52.758] Paused snapshot generation
WARN [06-01|06:27:52.759] {"level":"warn","msg":"Slow block","block":{"number":1608,"hash":"0xca268cbad385bb05a24f48ec39a117632b10e7958f3d603615babf2abec9d6fd","gas_used":21000,"tx_count":1},"timing":{"execution_ms":0.095644,"state_read_ms":13.451107,"state_hash_ms":2.51035,"commit_ms":0.579176,"total_ms":16.843148},"throughput":{"mgas_per_sec":1.246797807630735},"state_reads":{"accounts":6,"storage_slots":0,"code":0,"code_bytes":0},"state_writes":{"accounts":2,"accounts_deleted":0,"storage_slots":0,"storage_slots_deleted":0,"code":0,"code_bytes":0},"cache":{"account":{"hits":2,"misses":4,"hit_rate":33.33333333333333},"storage":{"hits":0,"misses":0,"hit_rate":0},"code":{"hits":0,"misses":0,"hit_rate":0,"hit_bytes":0,"miss_bytes":0}}}
INFO [06-01|06:27:52.759] Imported new potential chain segment     number=1608 hash=ca268c..c9d6fd blocks=1 txs=1 mgas=0.021 elapsed=17.190ms    mgasps=1.222  triediffs=7.58MiB triedirty=0.00B
INFO [06-01|06:27:52.759] Chain head was updated                   number=1608 hash=ca268c..c9d6fd root=615ed3..099afc elapsed="68.22µs"
WARN [06-01|06:27:52.779] Snapshot generation is not permitted
