WARN [06-01|16:58:04.362] Unknown config environment variable      envvar=GETH_PBT_BIN
WARN [06-01|16:58:04.362] Unknown config environment variable      envvar=GETH_UBT_BIN
INFO [06-01|16:58:04.373] Starting Geth on Ethereum mainnet...
INFO [06-01|16:58:04.375] Maximum peer count                       ETH=0 total=0
INFO [06-01|16:58:04.376] Smartcard socket not found, disabling    err="stat /run/pcscd/pcscd.comm: no such file or directory"
WARN [06-01|16:58:04.381] Option --miner.etherbase is deprecated as the etherbase is set by the consensus client post-merge
INFO [06-01|16:58:04.384] Set global gas cap                       cap=50,000,000
INFO [06-01|16:58:05.197] Using developer account                  address=0xf39Fd6e51aad88F6F4ce6aB8827279cffFb92266
INFO [06-01|16:58:05.260] Using pebble as the backing database
INFO [06-01|16:58:05.260] Allocated cache and file handles         database=/mnt/state_expiry_vol_data/ubt-vs-pbt-dbs/pbt/geth/chaindata cache=2.00GiB handles=262,144
INFO [06-01|16:58:05.490] Opened ancient database                  database=/mnt/state_expiry_vol_data/ubt-vs-pbt-dbs/pbt/geth/chaindata/ancient/chain readonly=true
INFO [06-01|16:58:05.490] Opened Era store                         datadir=/mnt/state_expiry_vol_data/ubt-vs-pbt-dbs/pbt/geth/chaindata/ancient/chain/era
INFO [06-01|16:58:05.500] Initializing the KZG library             backend=gokzg
INFO [06-01|16:58:05.502] Allocated trie memory caches             clean=614.00MiB dirty=1.00GiB
INFO [06-01|16:58:05.509] Using pebble as the backing database
INFO [06-01|16:58:05.509] Allocated cache and file handles         database=/mnt/state_expiry_vol_data/ubt-vs-pbt-dbs/pbt/geth/chaindata cache=2.00GiB handles=262,144
INFO [06-01|16:58:05.725] Opened ancient database                  database=/mnt/state_expiry_vol_data/ubt-vs-pbt-dbs/pbt/geth/chaindata/ancient/chain readonly=false
INFO [06-01|16:58:05.725] Opened Era store                         datadir=/mnt/state_expiry_vol_data/ubt-vs-pbt-dbs/pbt/geth/chaindata/ancient/chain/era
INFO [06-01|16:58:05.732] State scheme set to already existing     scheme=path
INFO [06-01|16:58:05.732] Initialising Ethereum protocol           network=1337 dbversion=9
WARN [06-01|16:58:05.732] Sanitizing invalid node buffer size      provided=1.00GiB updated=256.00MiB
INFO [06-01|16:58:05.734] Load database journal from file          path=/mnt/state_expiry_vol_data/ubt-vs-pbt-dbs/pbt/geth/triedb/verkle.journal
INFO [06-01|16:58:05.978] Opened ancient database                  database=/mnt/state_expiry_vol_data/ubt-vs-pbt-dbs/pbt/geth/chaindata/ancient/state_verkle readonly=false
INFO [06-01|16:58:05.980] State snapshot generator is not compatible
INFO [06-01|16:58:05.980] Initialized path database                triecache=614.00MiB statecache=409.00MiB buffer=256.00MiB state-history="last 90000 blocks" journal-dir=/mnt/state_expiry_vol_data/ubt-vs-pbt-dbs/pbt/geth/triedb verkle=true
INFO [06-01|16:58:05.980] 
INFO [06-01|16:58:05.980] ---------------------------------------------------------------------------------------------------------------------------------------------------------
INFO [06-01|16:58:05.980] Chain ID:  1337 (unknown)
INFO [06-01|16:58:05.980] Consensus: unknown
INFO [06-01|16:58:05.980] 
INFO [06-01|16:58:05.980] Pre-Merge hard forks (block based):
INFO [06-01|16:58:05.980]  - Homestead:                   #0       
INFO [06-01|16:58:05.980]  - Tangerine Whistle (EIP 150): #0       
INFO [06-01|16:58:05.980]  - Spurious Dragon/1 (EIP 155): #0       
INFO [06-01|16:58:05.980]  - Spurious Dragon/2 (EIP 158): #0       
INFO [06-01|16:58:05.980]  - Byzantium:                   #0       
INFO [06-01|16:58:05.980]  - Constantinople:              #0       
INFO [06-01|16:58:05.980]  - Petersburg:                  #0       
INFO [06-01|16:58:05.980]  - Istanbul:                    #0       
INFO [06-01|16:58:05.980]  - Berlin:                      #0       
INFO [06-01|16:58:05.980]  - London:                      #0       
INFO [06-01|16:58:05.980]  - Arrow Glacier:               #0       
INFO [06-01|16:58:05.980]  - Gray Glacier:                #0       
INFO [06-01|16:58:05.980] 
INFO [06-01|16:58:05.980] Merge configured:
INFO [06-01|16:58:05.980]  - Total terminal difficulty:  0
INFO [06-01|16:58:05.980]  - Merge netsplit block:       #0       
INFO [06-01|16:58:05.980] 
INFO [06-01|16:58:05.980] Post-Merge hard forks (timestamp based):
INFO [06-01|16:58:05.980]  - Shanghai:                    @0         
INFO [06-01|16:58:05.980]  - Cancun:                      @0          blob: (target: 3, max: 6, fraction: 3338477)
INFO [06-01|16:58:05.980]  - Prague:                      @0          blob: (target: 6, max: 9, fraction: 5007716)
INFO [06-01|16:58:05.980]  - Osaka:                       @0          blob: (target: 6, max: 9, fraction: 5007716)
INFO [06-01|16:58:05.980]  - UBT:                         @0          blob: (nil)
INFO [06-01|16:58:05.980] 
INFO [06-01|16:58:05.980] All fork specifications can be found at https://ethereum.github.io/execution-specs/src/ethereum/forks/
INFO [06-01|16:58:05.980] 
INFO [06-01|16:58:05.980] ---------------------------------------------------------------------------------------------------------------------------------------------------------
INFO [06-01|16:58:05.980] 
INFO [06-01|16:58:05.983] Loaded most recent local block           number=6646 hash=167d5c..f3107a age=3h8m55s
INFO [06-01|16:58:05.983] Loaded most recent local finalized block number=6624 hash=3709c2..78c3b8 age=3h9m29s
INFO [06-01|16:58:05.984] Initialized transaction indexer          range="last 2350000 blocks"
INFO [06-01|16:58:05.984] Initialized log indexer                  firstblock=0 lastblock=6646 firstmap=0 lastmap=0 headindexed=true
INFO [06-01|16:58:06.017] Enabled full-sync                        head=6646 hash=167d5c..f3107a
INFO [06-01|16:58:06.018] Unprotected transactions allowed
INFO [06-01|16:58:06.018] Gasprice oracle is ignoring threshold set threshold=2
INFO [06-01|16:58:06.018] Registered sync override service
WARN [06-01|16:58:06.018] You are running Geth in --dev mode. Please note the following:
WARN [06-01|16:58:06.018] 
WARN [06-01|16:58:06.018]   1. This mode is only intended for fast, iterative development without assumptions on
WARN [06-01|16:58:06.018]      security or persistence.
WARN [06-01|16:58:06.018]   2. The database is created in memory unless specified otherwise. Therefore, shutting down
WARN [06-01|16:58:06.018]      your computer or losing power will wipe your entire block data and chain state for
WARN [06-01|16:58:06.018]      your dev environment.
WARN [06-01|16:58:06.018]   3. A random, pre-allocated developer account will be available and unlocked as
WARN [06-01|16:58:06.018]      eth.coinbase, which can be used for testing. The random dev account is temporary,
WARN [06-01|16:58:06.018]      stored on a ramdisk, and will be lost if your machine is restarted.
WARN [06-01|16:58:06.018]   4. Mining is enabled by default. However, the client will only seal blocks if transactions
WARN [06-01|16:58:06.018]      are pending in the mempool. The miner's minimum accepted gas price is 1.
WARN [06-01|16:58:06.018]   5. Networking is disabled; there is no listen-address, the maximum number of peers is set
WARN [06-01|16:58:06.018]      to 0, and discovery is disabled.
WARN [06-01|16:58:06.018] 
INFO [06-01|16:58:06.018] Starting peer-to-peer node               instance=Geth/v1.17.3-unstable/linux-amd64/go1.24.9
WARN [06-01|16:58:06.018] P2P server will be useless, neither dialing nor listening
INFO [06-01|16:58:06.066] IPC endpoint opened                      url=/mnt/state_expiry_vol_data/ubt-vs-pbt-dbs/pbt/geth.ipc
ERROR[06-01|16:58:06.066] Unavailable modules in HTTP API list     unavailable=[personal] available="[admin debug web3 eth txpool miner net dev testing]"
INFO [06-01|16:58:06.069] New local node record                    seq=1,780,292,695,185 id=972c5cc0b2a1895c ip=127.0.0.1 udp=0 tcp=0
INFO [06-01|16:58:06.069] Started P2P networking                   self=enode://16ec6c0bde109d66472afe00ec8fee3d30718d830d1acf0829842abca89b82afff8a454636cde3b26d700f98647938c6f23e7bee3027caca0d7f19e4b3725e13@127.0.0.1:0
INFO [06-01|16:58:06.070] HTTP server started                      endpoint=127.0.0.1:8545 auth=false prefix= cors= vhosts=localhost
INFO [06-01|16:58:06.071] WebSocket enabled                        url=ws://127.0.0.1:8546
INFO [06-01|16:58:06.562] Loaded local transaction journal         transactions=4517 dropped=0
INFO [06-01|16:58:06.967] Started log indexer
INFO [06-01|16:58:07.042] Starting work on payload                 id=0x034fde902df951a9
INFO [06-01|16:58:07.070] Updated payload                          id=0x034fde902df951a9 number=6647 hash=bc0295..d99416 txs=0 withdrawals=0 gas=0 fees=0 root=550eae..e1b4f9 elapsed=27.782ms
INFO [06-01|16:58:07.070] Stopping work on payload                 id=0x034fde902df951a9 reason=delivery
WARN [06-01|16:58:07.076] {"level":"warn","msg":"Slow block","block":{"number":6647,"hash":"0xbc0295023d3ac692d315606007df2fc595954f3938afeb937bc543508ad99416","gas_used":0,"tx_count":0},"timing":{"execution_ms":0.047618,"state_read_ms":5.14644,"state_hash_ms":0.002093,"commit_ms":0.268406,"total_ms":6.020454},"throughput":{"mgas_per_sec":0},"state_reads":{"accounts":4,"storage_slots":0,"code":0,"code_bytes":0},"state_writes":{"accounts":0,"accounts_deleted":0,"storage_slots":0,"storage_slots_deleted":0,"code":0,"code_bytes":0},"cache":{"account":{"hits":0,"misses":4,"hit_rate":0},"storage":{"hits":0,"misses":0,"hit_rate":0},"code":{"hits":0,"misses":0,"hit_rate":0,"hit_bytes":0,"miss_bytes":0}}}
INFO [06-01|16:58:07.077] Imported new potential chain segment     number=6647 hash=bc0295..d99416 blocks=1 txs=0 mgas=0.000 elapsed=6.460ms  mgasps=0.000 triediffs=10.35MiB triedirty=7.64MiB
INFO [06-01|16:58:07.077] Chain head was updated                   number=6647 hash=bc0295..d99416 root=550eae..e1b4f9 elapsed="99.607µs"
INFO [06-01|16:58:08.095] Starting work on payload                 id=0x0364f4a07efc302d
INFO [06-01|16:58:08.103] Updated payload                          id=0x0364f4a07efc302d number=6648 hash=13a5ea..29f2b3 txs=0 withdrawals=0 gas=0 fees=0 root=550eae..e1b4f9 elapsed=7.926ms
INFO [06-01|16:58:08.104] Stopping work on payload                 id=0x0364f4a07efc302d reason=delivery
WARN [06-01|16:58:08.119] {"level":"warn","msg":"Slow block","block":{"number":6648,"hash":"0x13a5eae2fcbf8e744d5814b0434250dabfb9dae4ee1ae657506d9e002829f2b3","gas_used":0,"tx_count":0},"timing":{"execution_ms":0.049126,"state_read_ms":14.41928,"state_hash_ms":0.001862,"commit_ms":0.146159,"total_ms":14.843963},"throughput":{"mgas_per_sec":0},"state_reads":{"accounts":4,"storage_slots":0,"code":0,"code_bytes":0},"state_writes":{"accounts":0,"accounts_deleted":0,"storage_slots":0,"storage_slots_deleted":0,"code":0,"code_bytes":0},"cache":{"account":{"hits":0,"misses":4,"hit_rate":0},"storage":{"hits":0,"misses":0,"hit_rate":0},"code":{"hits":0,"misses":0,"hit_rate":0,"hit_bytes":0,"miss_bytes":0}}}
INFO [06-01|16:58:08.119] Imported new potential chain segment     number=6648 hash=13a5ea..29f2b3 blocks=1 txs=0 mgas=0.000 elapsed=15.309ms   mgasps=0.000 triediffs=10.35MiB triedirty=7.64MiB
INFO [06-01|16:58:08.119] Chain head was updated                   number=6648 hash=13a5ea..29f2b3 root=550eae..e1b4f9 elapsed="37.494µs"
INFO [06-01|16:58:09.144] Starting work on payload                 id=0x03869bc6d24de812
INFO [06-01|16:58:09.166] Updated payload                          id=0x03869bc6d24de812 number=6649 hash=bb0ad1..1d6937 txs=0 withdrawals=0 gas=0 fees=0 root=550eae..e1b4f9 elapsed=21.382ms
INFO [06-01|16:58:09.166] Stopping work on payload                 id=0x03869bc6d24de812 reason=delivery
WARN [06-01|16:58:09.181] {"level":"warn","msg":"Slow block","block":{"number":6649,"hash":"0xbb0ad179d2b2a4792443fc7af2fb93118aca9cbf7b48d8fa27e4a26f331d6937","gas_used":0,"tx_count":0},"timing":{"execution_ms":0.042036,"state_read_ms":14.017797,"state_hash_ms":0.002845,"commit_ms":0.335543,"total_ms":14.771796},"throughput":{"mgas_per_sec":0},"state_reads":{"accounts":4,"storage_slots":0,"code":0,"code_bytes":0},"state_writes":{"accounts":0,"accounts_deleted":0,"storage_slots":0,"storage_slots_deleted":0,"code":0,"code_bytes":0},"cache":{"account":{"hits":0,"misses":4,"hit_rate":0},"storage":{"hits":0,"misses":0,"hit_rate":0},"code":{"hits":0,"misses":0,"hit_rate":0,"hit_bytes":0,"miss_bytes":0}}}
INFO [06-01|16:58:09.181] Imported new potential chain segment     number=6649 hash=bb0ad1..1d6937 blocks=1 txs=0 mgas=0.000 elapsed=14.995ms   mgasps=0.000 triediffs=10.35MiB triedirty=7.64MiB
INFO [06-01|16:58:09.181] Chain head was updated                   number=6649 hash=bb0ad1..1d6937 root=550eae..e1b4f9 elapsed="51.972µs"
INFO [06-01|16:58:09.361] Submitted contract creation              hash=0xfe3e6c3253c73507e8f2ad3f22cbd50822c07735de099529b8c8b9a6243dfae5 from=0xf39Fd6e51aad88F6F4ce6aB8827279cffFb92266 nonce=2003 contract=0xe5109c996634f8CCca0D69AF4DF5a3d112863d2d value=0
INFO [06-01|16:58:09.361] Submitted transaction                    hash=0x4e64b920d1256a0d659307d51e69f9f5b7eb53d98928f70931100b7ee5fc0406 from=0xf39Fd6e51aad88F6F4ce6aB8827279cffFb92266 nonce=2004 recipient=0x66A6162987e023FEA1F3F488809209C6Bc006fe6 value=78,000,000
INFO [06-01|16:58:10.202] Starting work on payload                 id=0x0369967030746498
INFO [06-01|16:58:10.245] Updated payload                          id=0x0369967030746498 number=6650 hash=4966f2..58babf txs=2 withdrawals=0 gas=86120 fees=5.1672e-13 root=8afb14..922076 elapsed=42.033ms
INFO [06-01|16:58:10.245] Stopping work on payload                 id=0x0369967030746498 reason=delivery
WARN [06-01|16:58:10.281] {"level":"warn","msg":"Slow block","block":{"number":6650,"hash":"0x4966f2bb11f455dbc8417194d6e167706cf3f0eaa5d6f5ae745b4230cf58babf","gas_used":86120,"tx_count":2},"timing":{"execution_ms":0.153461,"state_read_ms":15.65466,"state_hash_ms":13.979665,"commit_ms":6.170369,"total_ms":36.186565},"throughput":{"mgas_per_sec":2.3798887791643115},"state_reads":{"accounts":11,"storage_slots":0,"code":0,"code_bytes":0},"state_writes":{"accounts":3,"accounts_deleted":0,"storage_slots":0,"storage_slots_deleted":0,"code":1,"code_bytes":155},"cache":{"account":{"hits":4,"misses":7,"hit_rate":36.36363636363637},"storage":{"hits":0,"misses":0,"hit_rate":0},"code":{"hits":0,"misses":0,"hit_rate":0,"hit_bytes":0,"miss_bytes":0}}}
INFO [06-01|16:58:10.281] Imported new potential chain segment     number=6650 hash=4966f2..58babf blocks=1 txs=2 mgas=0.086 elapsed=36.438ms   mgasps=2.363 triediffs=10.32MiB triedirty=7.64MiB
INFO [06-01|16:58:10.282] Chain head was updated                   number=6650 hash=4966f2..58babf root=8afb14..922076 elapsed="143.417µs"
INFO [06-01|16:58:10.375] Submitted transaction                    hash=0xb771f7b9c28b829143b2d816a9afe09abacb5ad6a6924a8b2aa9e7ced67b4cb4 from=0x66A6162987e023FEA1F3F488809209C6Bc006fe6 nonce=0    recipient=0xe5109c996634f8CCca0D69AF4DF5a3d112863d2d value=0
INFO [06-01|16:58:11.289] Starting work on payload                 id=0x036d30ba1393e8cb
INFO [06-01|16:58:11.434] Updated payload                          id=0x036d30ba1393e8cb number=6651 hash=966cba..49a484 txs=1 withdrawals=0 gas=5,900,418 fees=3.5402508e-11 root=0ddfe7..4cad30 elapsed=145.731ms
INFO [06-01|16:58:11.435] Stopping work on payload                 id=0x036d30ba1393e8cb reason=delivery
WARN [06-01|16:58:11.578] {"level":"warn","msg":"Slow block","block":{"number":6651,"hash":"0x966cba02451748c06d2ba0d79ee9378545b7a2fa95c0822d5d5a42b4e249a484","gas_used":5900418,"tx_count":1},"timing":{"execution_ms":113.672127,"state_read_ms":24.266768,"state_hash_ms":4.081366,"commit_ms":0.741912,"total_ms":143.149823},"throughput":{"mgas_per_sec":41.21847918736162},"state_reads":{"accounts":8,"storage_slots":258,"code":2,"code_bytes":183},"state_writes":{"accounts":2,"accounts_deleted":0,"storage_slots":0,"storage_slots_deleted":0,"code":0,"code_bytes":0},"cache":{"account":{"hits":0,"misses":8,"hit_rate":0},"storage":{"hits":12,"misses":246,"hit_rate":4.651162790697675},"code":{"hits":2,"misses":0,"hit_rate":100,"hit_bytes":183,"miss_bytes":0}}}
INFO [06-01|16:58:11.578] Imported new potential chain segment     number=6651 hash=966cba..49a484 blocks=1 txs=1 mgas=5.900 elapsed=143.369ms   mgasps=41.155 triediffs=10.32MiB triedirty=7.64MiB
INFO [06-01|16:58:11.578] Chain head was updated                   number=6651 hash=966cba..49a484 root=0ddfe7..4cad30 elapsed="93.895µs"
INFO [06-01|16:58:12.393] Submitted transaction                    hash=0xeefcfa6337f7fd0cee2296794c04c4276d5b2aa8bfe31c32a1b2533671e5a094 from=0x66A6162987e023FEA1F3F488809209C6Bc006fe6 nonce=1    recipient=0xf39Fd6e51aad88F6F4ce6aB8827279cffFb92266 value=1,042,566
INFO [06-01|16:58:12.590] Starting work on payload                 id=0x0372b75f745e5967
INFO [06-01|16:58:12.605] Updated payload                          id=0x0372b75f745e5967 number=6652 hash=7fd51f..5799cf txs=1 withdrawals=0 gas=21000     fees=2.1e-14       root=2e3e0d..2a43be elapsed=14.407ms
INFO [06-01|16:58:12.605] Stopping work on payload                 id=0x0372b75f745e5967 reason=delivery
WARN [06-01|16:58:12.633] {"level":"warn","msg":"Slow block","block":{"number":6652,"hash":"0x7fd51fd381654e82df1a9604ba11ba46798ea7deb3e9a35ab2322d9faa5799cf","gas_used":21000,"tx_count":1},"timing":{"execution_ms":0.063789,"state_read_ms":5.729631,"state_hash_ms":21.587635,"commit_ms":0.553184,"total_ms":28.095923},"throughput":{"mgas_per_sec":0.7474394060661399},"state_reads":{"accounts":6,"storage_slots":0,"code":0,"code_bytes":0},"state_writes":{"accounts":2,"accounts_deleted":0,"storage_slots":0,"storage_slots_deleted":0,"code":0,"code_bytes":0},"cache":{"account":{"hits":2,"misses":4,"hit_rate":33.33333333333333},"storage":{"hits":0,"misses":0,"hit_rate":0},"code":{"hits":0,"misses":0,"hit_rate":0,"hit_bytes":0,"miss_bytes":0}}}
INFO [06-01|16:58:12.633] Imported new potential chain segment     number=6652 hash=7fd51f..5799cf blocks=1 txs=1 mgas=0.021 elapsed=28.208ms    mgasps=0.744  triediffs=10.32MiB triedirty=7.65MiB
INFO [06-01|16:58:12.633] Chain head was updated                   number=6652 hash=7fd51f..5799cf root=2e3e0d..2a43be elapsed="42.037µs"
INFO [06-01|16:58:13.646] Starting work on payload                 id=0x0390693fc184ab7a
INFO [06-01|16:58:13.659] Updated payload                          id=0x0390693fc184ab7a number=6653 hash=b2f4e2..af92dc txs=0 withdrawals=0 gas=0         fees=0             root=2e3e0d..2a43be elapsed=12.390ms
INFO [06-01|16:58:13.661] Stopping work on payload                 id=0x0390693fc184ab7a reason=delivery
WARN [06-01|16:58:13.671] {"level":"warn","msg":"Slow block","block":{"number":6653,"hash":"0xb2f4e2ac9b306b4e0e6f9442758394c981f036f794cdae72284d68460faf92dc","gas_used":0,"tx_count":0},"timing":{"execution_ms":0.033878,"state_read_ms":10.625292,"state_hash_ms":0.003939,"commit_ms":0.203311,"total_ms":11.732681},"throughput":{"mgas_per_sec":0},"state_reads":{"accounts":4,"storage_slots":0,"code":0,"code_bytes":0},"state_writes":{"accounts":0,"accounts_deleted":0,"storage_slots":0,"storage_slots_deleted":0,"code":0,"code_bytes":0},"cache":{"account":{"hits":0,"misses":4,"hit_rate":0},"storage":{"hits":0,"misses":0,"hit_rate":0},"code":{"hits":0,"misses":0,"hit_rate":0,"hit_bytes":0,"miss_bytes":0}}}
INFO [06-01|16:58:13.671] Imported new potential chain segment     number=6653 hash=b2f4e2..af92dc blocks=1 txs=0 mgas=0.000 elapsed=11.870ms    mgasps=0.000  triediffs=10.32MiB triedirty=7.65MiB
INFO [06-01|16:58:13.671] Chain head was updated                   number=6653 hash=b2f4e2..af92dc root=2e3e0d..2a43be elapsed="37.59µs"
