WARN [06-01|17:21:06.343] Unknown config environment variable      envvar=GETH_PBT_BIN
WARN [06-01|17:21:06.343] Unknown config environment variable      envvar=GETH_UBT_BIN
INFO [06-01|17:21:06.357] Starting Geth on Ethereum mainnet...
INFO [06-01|17:21:06.359] Maximum peer count                       ETH=0 total=0
INFO [06-01|17:21:06.360] Smartcard socket not found, disabling    err="stat /run/pcscd/pcscd.comm: no such file or directory"
WARN [06-01|17:21:06.365] Option --miner.etherbase is deprecated as the etherbase is set by the consensus client post-merge
INFO [06-01|17:21:06.368] Set global gas cap                       cap=50,000,000
INFO [06-01|17:21:07.164] Using developer account                  address=0xf39Fd6e51aad88F6F4ce6aB8827279cffFb92266
INFO [06-01|17:21:07.203] Using pebble as the backing database
INFO [06-01|17:21:07.203] Allocated cache and file handles         database=/mnt/state_expiry_vol_data/ubt-vs-pbt-dbs/pbt/geth/chaindata cache=2.00GiB handles=262,144
INFO [06-01|17:21:07.416] Opened ancient database                  database=/mnt/state_expiry_vol_data/ubt-vs-pbt-dbs/pbt/geth/chaindata/ancient/chain readonly=true
INFO [06-01|17:21:07.416] Opened Era store                         datadir=/mnt/state_expiry_vol_data/ubt-vs-pbt-dbs/pbt/geth/chaindata/ancient/chain/era
INFO [06-01|17:21:07.426] Initializing the KZG library             backend=gokzg
INFO [06-01|17:21:07.427] Allocated trie memory caches             clean=614.00MiB dirty=1.00GiB
INFO [06-01|17:21:07.438] Using pebble as the backing database
INFO [06-01|17:21:07.438] Allocated cache and file handles         database=/mnt/state_expiry_vol_data/ubt-vs-pbt-dbs/pbt/geth/chaindata cache=2.00GiB handles=262,144
INFO [06-01|17:21:07.666] Opened ancient database                  database=/mnt/state_expiry_vol_data/ubt-vs-pbt-dbs/pbt/geth/chaindata/ancient/chain readonly=false
INFO [06-01|17:21:07.666] Opened Era store                         datadir=/mnt/state_expiry_vol_data/ubt-vs-pbt-dbs/pbt/geth/chaindata/ancient/chain/era
INFO [06-01|17:21:07.672] State scheme set to already existing     scheme=path
INFO [06-01|17:21:07.672] Initialising Ethereum protocol           network=1337 dbversion=9
WARN [06-01|17:21:07.672] Sanitizing invalid node buffer size      provided=1.00GiB updated=256.00MiB
INFO [06-01|17:21:07.673] Load database journal from file          path=/mnt/state_expiry_vol_data/ubt-vs-pbt-dbs/pbt/geth/triedb/verkle.journal
INFO [06-01|17:21:07.954] Opened ancient database                  database=/mnt/state_expiry_vol_data/ubt-vs-pbt-dbs/pbt/geth/chaindata/ancient/state_verkle readonly=false
INFO [06-01|17:21:07.956] State snapshot generator is not compatible
INFO [06-01|17:21:07.956] Initialized path database                triecache=614.00MiB statecache=409.00MiB buffer=256.00MiB state-history="last 90000 blocks" journal-dir=/mnt/state_expiry_vol_data/ubt-vs-pbt-dbs/pbt/geth/triedb verkle=true
INFO [06-01|17:21:07.956] 
INFO [06-01|17:21:07.956] ---------------------------------------------------------------------------------------------------------------------------------------------------------
INFO [06-01|17:21:07.956] Chain ID:  1337 (unknown)
INFO [06-01|17:21:07.956] Consensus: unknown
INFO [06-01|17:21:07.956] 
INFO [06-01|17:21:07.956] Pre-Merge hard forks (block based):
INFO [06-01|17:21:07.956]  - Homestead:                   #0       
INFO [06-01|17:21:07.956]  - Tangerine Whistle (EIP 150): #0       
INFO [06-01|17:21:07.956]  - Spurious Dragon/1 (EIP 155): #0       
INFO [06-01|17:21:07.956]  - Spurious Dragon/2 (EIP 158): #0       
INFO [06-01|17:21:07.956]  - Byzantium:                   #0       
INFO [06-01|17:21:07.956]  - Constantinople:              #0       
INFO [06-01|17:21:07.956]  - Petersburg:                  #0       
INFO [06-01|17:21:07.956]  - Istanbul:                    #0       
INFO [06-01|17:21:07.956]  - Berlin:                      #0       
INFO [06-01|17:21:07.956]  - London:                      #0       
INFO [06-01|17:21:07.956]  - Arrow Glacier:               #0       
INFO [06-01|17:21:07.956]  - Gray Glacier:                #0       
INFO [06-01|17:21:07.956] 
INFO [06-01|17:21:07.956] Merge configured:
INFO [06-01|17:21:07.956]  - Total terminal difficulty:  0
INFO [06-01|17:21:07.956]  - Merge netsplit block:       #0       
INFO [06-01|17:21:07.956] 
INFO [06-01|17:21:07.956] Post-Merge hard forks (timestamp based):
INFO [06-01|17:21:07.956]  - Shanghai:                    @0         
INFO [06-01|17:21:07.956]  - Cancun:                      @0          blob: (target: 3, max: 6, fraction: 3338477)
INFO [06-01|17:21:07.956]  - Prague:                      @0          blob: (target: 6, max: 9, fraction: 5007716)
INFO [06-01|17:21:07.956]  - Osaka:                       @0          blob: (target: 6, max: 9, fraction: 5007716)
INFO [06-01|17:21:07.956]  - UBT:                         @0          blob: (nil)
INFO [06-01|17:21:07.956] 
INFO [06-01|17:21:07.956] All fork specifications can be found at https://ethereum.github.io/execution-specs/src/ethereum/forks/
INFO [06-01|17:21:07.956] 
INFO [06-01|17:21:07.956] ---------------------------------------------------------------------------------------------------------------------------------------------------------
INFO [06-01|17:21:07.956] 
INFO [06-01|17:21:07.958] Loaded most recent local block           number=7538 hash=2c7d7a..be9197 age=3s
INFO [06-01|17:21:07.958] Loaded most recent local finalized block number=7520 hash=05e774..f1bdd8 age=29s
INFO [06-01|17:21:07.959] Initialized transaction indexer          range="last 2350000 blocks"
INFO [06-01|17:21:07.959] Initialized log indexer                  firstblock=0 lastblock=7538 firstmap=0 lastmap=0 headindexed=true
INFO [06-01|17:21:07.986] Enabled full-sync                        head=7538 hash=2c7d7a..be9197
INFO [06-01|17:21:07.987] Unprotected transactions allowed
INFO [06-01|17:21:07.987] Gasprice oracle is ignoring threshold set threshold=2
INFO [06-01|17:21:07.987] Registered sync override service
WARN [06-01|17:21:07.987] You are running Geth in --dev mode. Please note the following:
WARN [06-01|17:21:07.987] 
WARN [06-01|17:21:07.987]   1. This mode is only intended for fast, iterative development without assumptions on
WARN [06-01|17:21:07.987]      security or persistence.
WARN [06-01|17:21:07.987]   2. The database is created in memory unless specified otherwise. Therefore, shutting down
WARN [06-01|17:21:07.987]      your computer or losing power will wipe your entire block data and chain state for
WARN [06-01|17:21:07.987]      your dev environment.
WARN [06-01|17:21:07.987]   3. A random, pre-allocated developer account will be available and unlocked as
WARN [06-01|17:21:07.987]      eth.coinbase, which can be used for testing. The random dev account is temporary,
WARN [06-01|17:21:07.987]      stored on a ramdisk, and will be lost if your machine is restarted.
WARN [06-01|17:21:07.987]   4. Mining is enabled by default. However, the client will only seal blocks if transactions
WARN [06-01|17:21:07.987]      are pending in the mempool. The miner's minimum accepted gas price is 1.
WARN [06-01|17:21:07.987]   5. Networking is disabled; there is no listen-address, the maximum number of peers is set
WARN [06-01|17:21:07.987]      to 0, and discovery is disabled.
WARN [06-01|17:21:07.987] 
INFO [06-01|17:21:07.987] Starting peer-to-peer node               instance=Geth/v1.17.3-unstable/linux-amd64/go1.24.9
WARN [06-01|17:21:07.988] P2P server will be useless, neither dialing nor listening
INFO [06-01|17:21:08.005] New local node record                    seq=1,780,292,695,317 id=972c5cc0b2a1895c ip=127.0.0.1 udp=0 tcp=0
INFO [06-01|17:21:08.005] Started P2P networking                   self=enode://16ec6c0bde109d66472afe00ec8fee3d30718d830d1acf0829842abca89b82afff8a454636cde3b26d700f98647938c6f23e7bee3027caca0d7f19e4b3725e13@127.0.0.1:0
INFO [06-01|17:21:08.005] IPC endpoint opened                      url=/mnt/state_expiry_vol_data/ubt-vs-pbt-dbs/pbt/geth.ipc
ERROR[06-01|17:21:08.005] Unavailable modules in HTTP API list     unavailable=[personal] available="[admin debug web3 eth txpool miner net dev testing]"
INFO [06-01|17:21:08.006] HTTP server started                      endpoint=127.0.0.1:8545 auth=false prefix= cors= vhosts=localhost
INFO [06-01|17:21:08.007] WebSocket enabled                        url=ws://127.0.0.1:8546
INFO [06-01|17:21:08.521] Loaded local transaction journal         transactions=5045 dropped=0
INFO [06-01|17:21:08.945] Started log indexer
INFO [06-01|17:21:09.009] Starting work on payload                 id=0x0318da3cbf0e0009
INFO [06-01|17:21:09.030] Updated payload                          id=0x0318da3cbf0e0009 number=7539 hash=d20cdf..8c38ea txs=0 withdrawals=0 gas=0 fees=0 root=3c994c..49894b elapsed=21.541ms
INFO [06-01|17:21:09.035] Stopping work on payload                 id=0x0318da3cbf0e0009 reason=delivery
WARN [06-01|17:21:09.046] {"level":"warn","msg":"Slow block","block":{"number":7539,"hash":"0xd20cdff9e00fe0fca407d885929d925cd876453e247ab0fc56c1262bd38c38ea","gas_used":0,"tx_count":0},"timing":{"execution_ms":0.057531,"state_read_ms":12.127941,"state_hash_ms":0.002729,"commit_ms":0.25747,"total_ms":15.080317},"throughput":{"mgas_per_sec":0},"state_reads":{"accounts":4,"storage_slots":0,"code":0,"code_bytes":0},"state_writes":{"accounts":0,"accounts_deleted":0,"storage_slots":0,"storage_slots_deleted":0,"code":0,"code_bytes":0},"cache":{"account":{"hits":0,"misses":4,"hit_rate":0},"storage":{"hits":0,"misses":0,"hit_rate":0},"code":{"hits":0,"misses":0,"hit_rate":0,"hit_bytes":0,"miss_bytes":0}}}
INFO [06-01|17:21:09.046] Imported new potential chain segment     number=7539 hash=d20cdf..8c38ea blocks=1 txs=0 mgas=0.000 elapsed=15.559ms mgasps=0.000 triediffs=12.65MiB triedirty=9.11MiB
INFO [06-01|17:21:09.047] Chain head was updated                   number=7539 hash=d20cdf..8c38ea root=3c994c..49894b elapsed="75.477µs"
INFO [06-01|17:21:10.066] Starting work on payload                 id=0x03e590fc3931bb99
INFO [06-01|17:21:10.081] Updated payload                          id=0x03e590fc3931bb99 number=7540 hash=17bbef..94f693 txs=0 withdrawals=0 gas=0 fees=0 root=3c994c..49894b elapsed=15.105ms
INFO [06-01|17:21:10.082] Stopping work on payload                 id=0x03e590fc3931bb99 reason=delivery
WARN [06-01|17:21:10.097] {"level":"warn","msg":"Slow block","block":{"number":7540,"hash":"0x17bbefe6d0505084a553304d773cba70924ecf1196ffa53c74699bf25b94f693","gas_used":0,"tx_count":0},"timing":{"execution_ms":0.043137,"state_read_ms":15.064292,"state_hash_ms":0.001833,"commit_ms":0.157949,"total_ms":15.444509},"throughput":{"mgas_per_sec":0},"state_reads":{"accounts":4,"storage_slots":0,"code":0,"code_bytes":0},"state_writes":{"accounts":0,"accounts_deleted":0,"storage_slots":0,"storage_slots_deleted":0,"code":0,"code_bytes":0},"cache":{"account":{"hits":0,"misses":4,"hit_rate":0},"storage":{"hits":0,"misses":0,"hit_rate":0},"code":{"hits":0,"misses":0,"hit_rate":0,"hit_bytes":0,"miss_bytes":0}}}
INFO [06-01|17:21:10.097] Imported new potential chain segment     number=7540 hash=17bbef..94f693 blocks=1 txs=0 mgas=0.000 elapsed=15.709ms   mgasps=0.000 triediffs=12.65MiB triedirty=9.11MiB
INFO [06-01|17:21:10.097] Chain head was updated                   number=7540 hash=17bbef..94f693 root=3c994c..49894b elapsed="44.926µs"
INFO [06-01|17:21:11.116] Starting work on payload                 id=0x03439fd82b0c95b5
INFO [06-01|17:21:11.138] Updated payload                          id=0x03439fd82b0c95b5 number=7541 hash=c1405b..8869af txs=0 withdrawals=0 gas=0 fees=0 root=3c994c..49894b elapsed=22.161ms
INFO [06-01|17:21:11.140] Stopping work on payload                 id=0x03439fd82b0c95b5 reason=delivery
WARN [06-01|17:21:11.145] {"level":"warn","msg":"Slow block","block":{"number":7541,"hash":"0xc1405bc101f4a2bb29c95683c3360851a3b408aa74cf9ca98f0e9349bc8869af","gas_used":0,"tx_count":0},"timing":{"execution_ms":0.034683,"state_read_ms":5.947966,"state_hash_ms":0.002323,"commit_ms":0.222618,"total_ms":6.41508},"throughput":{"mgas_per_sec":0},"state_reads":{"accounts":4,"storage_slots":0,"code":0,"code_bytes":0},"state_writes":{"accounts":0,"accounts_deleted":0,"storage_slots":0,"storage_slots_deleted":0,"code":0,"code_bytes":0},"cache":{"account":{"hits":0,"misses":4,"hit_rate":0},"storage":{"hits":0,"misses":0,"hit_rate":0},"code":{"hits":0,"misses":0,"hit_rate":0,"hit_bytes":0,"miss_bytes":0}}}
INFO [06-01|17:21:11.145] Imported new potential chain segment     number=7541 hash=c1405b..8869af blocks=1 txs=0 mgas=0.000 elapsed=6.613ms    mgasps=0.000 triediffs=12.65MiB triedirty=9.11MiB
INFO [06-01|17:21:11.145] Chain head was updated                   number=7541 hash=c1405b..8869af root=3c994c..49894b elapsed="57.868µs"
INFO [06-01|17:21:11.441] Submitted contract creation              hash=0x952bc9fc014f520ffb24ed3cd8079ac1a0543785ab80618c7b95fe21833c4be0 from=0xf39Fd6e51aad88F6F4ce6aB8827279cffFb92266 nonce=2267 contract=0xe692eaA23529a9FA1493Dc13E03FeBD7aDf4E3Fb value=0
INFO [06-01|17:21:11.441] Submitted transaction                    hash=0x334f996857ffa778b63c6b9df6b897e6aa23d5e6ca8b67f719c67c10642fb750 from=0xf39Fd6e51aad88F6F4ce6aB8827279cffFb92266 nonce=2268 recipient=0x2bcefaA9377e063FFf6Ca3950D1f6bEBCE894D7f value=78,000,000
INFO [06-01|17:21:12.164] Starting work on payload                 id=0x03b7628da269a272
INFO [06-01|17:21:12.199] Updated payload                          id=0x03b7628da269a272 number=7542 hash=77efe3..fdb150 txs=2 withdrawals=0 gas=86938 fees=5.21628e-13 root=019403..59fe93 elapsed=35.178ms
INFO [06-01|17:21:12.199] Stopping work on payload                 id=0x03b7628da269a272 reason=delivery
WARN [06-01|17:21:12.225] {"level":"warn","msg":"Slow block","block":{"number":7542,"hash":"0x77efe32254f17bfbd681da27729d293292582de756c89e1b1d16ef02a1fdb150","gas_used":86938,"tx_count":2},"timing":{"execution_ms":0.109423,"state_read_ms":16.703539,"state_hash_ms":4.202872,"commit_ms":4.725259,"total_ms":25.922481},"throughput":{"mgas_per_sec":3.3537684915267176},"state_reads":{"accounts":11,"storage_slots":0,"code":0,"code_bytes":0},"state_writes":{"accounts":3,"accounts_deleted":0,"storage_slots":0,"storage_slots_deleted":0,"code":1,"code_bytes":165},"cache":{"account":{"hits":6,"misses":5,"hit_rate":54.54545454545454},"storage":{"hits":0,"misses":0,"hit_rate":0},"code":{"hits":0,"misses":0,"hit_rate":0,"hit_bytes":0,"miss_bytes":0}}}
INFO [06-01|17:21:12.226] Imported new potential chain segment     number=7542 hash=77efe3..fdb150 blocks=1 txs=2 mgas=0.087 elapsed=26.132ms   mgasps=3.327 triediffs=12.60MiB triedirty=9.14MiB
INFO [06-01|17:21:12.226] Chain head was updated                   number=7542 hash=77efe3..fdb150 root=019403..59fe93 elapsed="180.003µs"
INFO [06-01|17:21:12.455] Submitted transaction                    hash=0x725e6403b805e2d759d47c214341b0cd0eb07a0eb81577707c33433cc7c872a1 from=0x2bcefaA9377e063FFf6Ca3950D1f6bEBCE894D7f nonce=0    recipient=0xe692eaA23529a9FA1493Dc13E03FeBD7aDf4E3Fb value=0
INFO [06-01|17:21:13.239] Starting work on payload                 id=0x03fbc3123cca0414
INFO [06-01|17:21:13.407] Updated payload                          id=0x03fbc3123cca0414 number=7543 hash=c19e15..cb97b0 txs=1 withdrawals=0 gas=5,910,176 fees=3.5461056e-11 root=0d5043..cbff44 elapsed=168.734ms
INFO [06-01|17:21:13.408] Stopping work on payload                 id=0x03fbc3123cca0414 reason=delivery
WARN [06-01|17:21:13.486] {"level":"warn","msg":"Slow block","block":{"number":7543,"hash":"0xc19e15893aa49b47bc1b09462b94badce0ef0b204f1ca3be115224323bcb97b0","gas_used":5910176,"tx_count":1},"timing":{"execution_ms":5.739926,"state_read_ms":26.328542,"state_hash_ms":37.010186,"commit_ms":8.063619,"total_ms":77.664392},"throughput":{"mgas_per_sec":76.09891544634766},"state_reads":{"accounts":100,"storage_slots":241,"code":94,"code_bytes":2769},"state_writes":{"accounts":94,"accounts_deleted":0,"storage_slots":238,"storage_slots_deleted":0,"code":0,"code_bytes":0},"cache":{"account":{"hits":56,"misses":44,"hit_rate":56.00000000000001},"storage":{"hits":123,"misses":118,"hit_rate":51.037344398340245},"code":{"hits":94,"misses":0,"hit_rate":100,"hit_bytes":2769,"miss_bytes":0}}}
INFO [06-01|17:21:13.486] Imported new potential chain segment     number=7543 hash=c19e15..cb97b0 blocks=1 txs=1 mgas=5.910 elapsed=77.914ms    mgasps=75.855 triediffs=13.30MiB triedirty=9.14MiB
INFO [06-01|17:21:13.486] Chain head was updated                   number=7543 hash=c19e15..cb97b0 root=0d5043..cbff44 elapsed="85.805µs"
INFO [06-01|17:21:14.475] Submitted transaction                    hash=0x9d30ac3e5fa88d1ca5fc95127216d87c7204cba8d62c628b67c0a08b59e867c3 from=0x2bcefaA9377e063FFf6Ca3950D1f6bEBCE894D7f nonce=1    recipient=0xf39Fd6e51aad88F6F4ce6aB8827279cffFb92266 value=915,712
INFO [06-01|17:21:14.502] Starting work on payload                 id=0x03f21e7ce4c7b15c
INFO [06-01|17:21:14.520] Updated payload                          id=0x03f21e7ce4c7b15c number=7544 hash=9c164b..15bb35 txs=1 withdrawals=0 gas=21000     fees=2.1e-14       root=87df38..728abf elapsed=17.690ms
INFO [06-01|17:21:14.520] Stopping work on payload                 id=0x03f21e7ce4c7b15c reason=delivery
WARN [06-01|17:21:14.538] {"level":"warn","msg":"Slow block","block":{"number":7544,"hash":"0x9c164bb9c213a547eb5b1e653447d48287074c20029e80be2c6b2b7a6115bb35","gas_used":21000,"tx_count":1},"timing":{"execution_ms":0.070739,"state_read_ms":10.381985,"state_hash_ms":5.793178,"commit_ms":0.624986,"total_ms":17.050077},"throughput":{"mgas_per_sec":1.2316659918896553},"state_reads":{"accounts":6,"storage_slots":0,"code":0,"code_bytes":0},"state_writes":{"accounts":2,"accounts_deleted":0,"storage_slots":0,"storage_slots_deleted":0,"code":0,"code_bytes":0},"cache":{"account":{"hits":2,"misses":4,"hit_rate":33.33333333333333},"storage":{"hits":0,"misses":0,"hit_rate":0},"code":{"hits":0,"misses":0,"hit_rate":0,"hit_bytes":0,"miss_bytes":0}}}
INFO [06-01|17:21:14.538] Imported new potential chain segment     number=7544 hash=9c164b..15bb35 blocks=1 txs=1 mgas=0.021 elapsed=17.186ms    mgasps=1.222  triediffs=13.30MiB triedirty=9.14MiB
INFO [06-01|17:21:14.538] Chain head was updated                   number=7544 hash=9c164b..15bb35 root=87df38..728abf elapsed="53.544µs"
INFO [06-01|17:21:15.542] Starting work on payload                 id=0x0303960cc759deca
INFO [06-01|17:21:15.558] Updated payload                          id=0x0303960cc759deca number=7545 hash=d49b7d..bd26d7 txs=0 withdrawals=0 gas=0         fees=0             root=87df38..728abf elapsed=16.304ms
INFO [06-01|17:21:15.558] Stopping work on payload                 id=0x0303960cc759deca reason=delivery
WARN [06-01|17:21:15.563] {"level":"warn","msg":"Slow block","block":{"number":7545,"hash":"0xd49b7df3c4992b2b0f19e60ac9b6b3c0a0d03f5e91b826f771b16fbeb7bd26d7","gas_used":0,"tx_count":0},"timing":{"execution_ms":0.162009,"state_read_ms":4.363499,"state_hash_ms":0.002174,"commit_ms":0.162836,"total_ms":5.051794},"throughput":{"mgas_per_sec":0},"state_reads":{"accounts":4,"storage_slots":0,"code":0,"code_bytes":0},"state_writes":{"accounts":0,"accounts_deleted":0,"storage_slots":0,"storage_slots_deleted":0,"code":0,"code_bytes":0},"cache":{"account":{"hits":0,"misses":4,"hit_rate":0},"storage":{"hits":0,"misses":0,"hit_rate":0},"code":{"hits":0,"misses":0,"hit_rate":0,"hit_bytes":0,"miss_bytes":0}}}
INFO [06-01|17:21:15.564] Imported new potential chain segment     number=7545 hash=d49b7d..bd26d7 blocks=1 txs=0 mgas=0.000 elapsed=5.290ms     mgasps=0.000  triediffs=13.30MiB triedirty=9.14MiB
INFO [06-01|17:21:15.564] Chain head was updated                   number=7545 hash=d49b7d..bd26d7 root=87df38..728abf elapsed="56.68µs"
