WARN [06-01|17:01:59.917] Unknown config environment variable      envvar=GETH_PBT_BIN
WARN [06-01|17:01:59.917] Unknown config environment variable      envvar=GETH_UBT_BIN
INFO [06-01|17:01:59.928] Starting Geth on Ethereum mainnet...
INFO [06-01|17:01:59.930] Maximum peer count                       ETH=0 total=0
INFO [06-01|17:01:59.931] Smartcard socket not found, disabling    err="stat /run/pcscd/pcscd.comm: no such file or directory"
WARN [06-01|17:01:59.936] Option --miner.etherbase is deprecated as the etherbase is set by the consensus client post-merge
INFO [06-01|17:01:59.940] Set global gas cap                       cap=50,000,000
INFO [06-01|17:02:00.779] Using developer account                  address=0xf39Fd6e51aad88F6F4ce6aB8827279cffFb92266
INFO [06-01|17:02:00.818] Using pebble as the backing database
INFO [06-01|17:02:00.818] Allocated cache and file handles         database=/mnt/state_expiry_vol_data/ubt-vs-pbt-dbs/pbt/geth/chaindata cache=2.00GiB handles=262,144
INFO [06-01|17:02:01.042] Opened ancient database                  database=/mnt/state_expiry_vol_data/ubt-vs-pbt-dbs/pbt/geth/chaindata/ancient/chain readonly=true
INFO [06-01|17:02:01.042] Opened Era store                         datadir=/mnt/state_expiry_vol_data/ubt-vs-pbt-dbs/pbt/geth/chaindata/ancient/chain/era
INFO [06-01|17:02:01.050] Initializing the KZG library             backend=gokzg
INFO [06-01|17:02:01.052] Allocated trie memory caches             clean=614.00MiB dirty=1.00GiB
INFO [06-01|17:02:01.063] Using pebble as the backing database
INFO [06-01|17:02:01.063] Allocated cache and file handles         database=/mnt/state_expiry_vol_data/ubt-vs-pbt-dbs/pbt/geth/chaindata cache=2.00GiB handles=262,144
INFO [06-01|17:02:01.268] Opened ancient database                  database=/mnt/state_expiry_vol_data/ubt-vs-pbt-dbs/pbt/geth/chaindata/ancient/chain readonly=false
INFO [06-01|17:02:01.268] Opened Era store                         datadir=/mnt/state_expiry_vol_data/ubt-vs-pbt-dbs/pbt/geth/chaindata/ancient/chain/era
INFO [06-01|17:02:01.273] State scheme set to already existing     scheme=path
INFO [06-01|17:02:01.273] Initialising Ethereum protocol           network=1337 dbversion=9
WARN [06-01|17:02:01.273] Sanitizing invalid node buffer size      provided=1.00GiB updated=256.00MiB
INFO [06-01|17:02:01.276] Load database journal from file          path=/mnt/state_expiry_vol_data/ubt-vs-pbt-dbs/pbt/geth/triedb/verkle.journal
INFO [06-01|17:02:01.508] Opened ancient database                  database=/mnt/state_expiry_vol_data/ubt-vs-pbt-dbs/pbt/geth/chaindata/ancient/state_verkle readonly=false
INFO [06-01|17:02:01.510] State snapshot generator is not compatible
INFO [06-01|17:02:01.510] Initialized path database                triecache=614.00MiB statecache=409.00MiB buffer=256.00MiB state-history="last 90000 blocks" journal-dir=/mnt/state_expiry_vol_data/ubt-vs-pbt-dbs/pbt/geth/triedb verkle=true
INFO [06-01|17:02:01.510] 
INFO [06-01|17:02:01.510] ---------------------------------------------------------------------------------------------------------------------------------------------------------
INFO [06-01|17:02:01.510] Chain ID:  1337 (unknown)
INFO [06-01|17:02:01.510] Consensus: unknown
INFO [06-01|17:02:01.510] 
INFO [06-01|17:02:01.510] Pre-Merge hard forks (block based):
INFO [06-01|17:02:01.510]  - Homestead:                   #0       
INFO [06-01|17:02:01.510]  - Tangerine Whistle (EIP 150): #0       
INFO [06-01|17:02:01.510]  - Spurious Dragon/1 (EIP 155): #0       
INFO [06-01|17:02:01.510]  - Spurious Dragon/2 (EIP 158): #0       
INFO [06-01|17:02:01.510]  - Byzantium:                   #0       
INFO [06-01|17:02:01.510]  - Constantinople:              #0       
INFO [06-01|17:02:01.510]  - Petersburg:                  #0       
INFO [06-01|17:02:01.510]  - Istanbul:                    #0       
INFO [06-01|17:02:01.510]  - Berlin:                      #0       
INFO [06-01|17:02:01.510]  - London:                      #0       
INFO [06-01|17:02:01.510]  - Arrow Glacier:               #0       
INFO [06-01|17:02:01.510]  - Gray Glacier:                #0       
INFO [06-01|17:02:01.510] 
INFO [06-01|17:02:01.510] Merge configured:
INFO [06-01|17:02:01.510]  - Total terminal difficulty:  0
INFO [06-01|17:02:01.510]  - Merge netsplit block:       #0       
INFO [06-01|17:02:01.510] 
INFO [06-01|17:02:01.510] Post-Merge hard forks (timestamp based):
INFO [06-01|17:02:01.510]  - Shanghai:                    @0         
INFO [06-01|17:02:01.510]  - Cancun:                      @0          blob: (target: 3, max: 6, fraction: 3338477)
INFO [06-01|17:02:01.510]  - Prague:                      @0          blob: (target: 6, max: 9, fraction: 5007716)
INFO [06-01|17:02:01.510]  - Osaka:                       @0          blob: (target: 6, max: 9, fraction: 5007716)
INFO [06-01|17:02:01.510]  - UBT:                         @0          blob: (nil)
INFO [06-01|17:02:01.510] 
INFO [06-01|17:02:01.510] All fork specifications can be found at https://ethereum.github.io/execution-specs/src/ethereum/forks/
INFO [06-01|17:02:01.510] 
INFO [06-01|17:02:01.510] ---------------------------------------------------------------------------------------------------------------------------------------------------------
INFO [06-01|17:02:01.510] 
INFO [06-01|17:02:01.512] Loaded most recent local block           number=6799 hash=82a794..7dc6e5 age=3s
INFO [06-01|17:02:01.512] Loaded most recent local finalized block number=6784 hash=e70984..1d21c3 age=26s
INFO [06-01|17:02:01.513] Initialized transaction indexer          range="last 2350000 blocks"
INFO [06-01|17:02:01.513] Initialized log indexer                  firstblock=0 lastblock=6799 firstmap=0 lastmap=0 headindexed=true
INFO [06-01|17:02:01.576] Enabled full-sync                        head=6799 hash=82a794..7dc6e5
INFO [06-01|17:02:01.576] Unprotected transactions allowed
INFO [06-01|17:02:01.576] Gasprice oracle is ignoring threshold set threshold=2
INFO [06-01|17:02:01.577] Registered sync override service
WARN [06-01|17:02:01.577] You are running Geth in --dev mode. Please note the following:
WARN [06-01|17:02:01.577] 
WARN [06-01|17:02:01.577]   1. This mode is only intended for fast, iterative development without assumptions on
WARN [06-01|17:02:01.577]      security or persistence.
WARN [06-01|17:02:01.577]   2. The database is created in memory unless specified otherwise. Therefore, shutting down
WARN [06-01|17:02:01.577]      your computer or losing power will wipe your entire block data and chain state for
WARN [06-01|17:02:01.577]      your dev environment.
WARN [06-01|17:02:01.577]   3. A random, pre-allocated developer account will be available and unlocked as
WARN [06-01|17:02:01.577]      eth.coinbase, which can be used for testing. The random dev account is temporary,
WARN [06-01|17:02:01.577]      stored on a ramdisk, and will be lost if your machine is restarted.
WARN [06-01|17:02:01.577]   4. Mining is enabled by default. However, the client will only seal blocks if transactions
WARN [06-01|17:02:01.577]      are pending in the mempool. The miner's minimum accepted gas price is 1.
WARN [06-01|17:02:01.577]   5. Networking is disabled; there is no listen-address, the maximum number of peers is set
WARN [06-01|17:02:01.577]      to 0, and discovery is disabled.
WARN [06-01|17:02:01.577] 
INFO [06-01|17:02:01.577] Starting peer-to-peer node               instance=Geth/v1.17.3-unstable/linux-amd64/go1.24.9
WARN [06-01|17:02:01.577] P2P server will be useless, neither dialing nor listening
INFO [06-01|17:02:01.596] IPC endpoint opened                      url=/mnt/state_expiry_vol_data/ubt-vs-pbt-dbs/pbt/geth.ipc
ERROR[06-01|17:02:01.596] Unavailable modules in HTTP API list     unavailable=[personal] available="[admin debug web3 eth txpool miner net dev testing]"
INFO [06-01|17:02:01.596] New local node record                    seq=1,780,292,695,207 id=972c5cc0b2a1895c ip=127.0.0.1 udp=0 tcp=0
INFO [06-01|17:02:01.596] Started P2P networking                   self=enode://16ec6c0bde109d66472afe00ec8fee3d30718d830d1acf0829842abca89b82afff8a454636cde3b26d700f98647938c6f23e7bee3027caca0d7f19e4b3725e13@127.0.0.1:0
INFO [06-01|17:02:01.596] HTTP server started                      endpoint=127.0.0.1:8545 auth=false prefix= cors= vhosts=localhost
INFO [06-01|17:02:01.596] WebSocket enabled                        url=ws://127.0.0.1:8546
INFO [06-01|17:02:02.156] Loaded local transaction journal         transactions=4605 dropped=0
INFO [06-01|17:02:02.576] Started log indexer
INFO [06-01|17:02:02.624] Starting work on payload                 id=0x033b48d94904cc46
INFO [06-01|17:02:02.646] Updated payload                          id=0x033b48d94904cc46 number=6800 hash=d8ce0f..a612ef txs=0 withdrawals=0 gas=0 fees=0 root=af9b04..c5b6ec elapsed=22.304ms
INFO [06-01|17:02:02.647] Stopping work on payload                 id=0x033b48d94904cc46 reason=delivery
WARN [06-01|17:02:02.651] {"level":"warn","msg":"Slow block","block":{"number":6800,"hash":"0xd8ce0fcaca6ffdf11e99dddefaec0b0fd593b6fdfbfcc04de8111f1ab0a612ef","gas_used":0,"tx_count":0},"timing":{"execution_ms":0.061074,"state_read_ms":3.741086,"state_hash_ms":0.001849,"commit_ms":0.256413,"total_ms":4.2913},"throughput":{"mgas_per_sec":0},"state_reads":{"accounts":4,"storage_slots":0,"code":0,"code_bytes":0},"state_writes":{"accounts":0,"accounts_deleted":0,"storage_slots":0,"storage_slots_deleted":0,"code":0,"code_bytes":0},"cache":{"account":{"hits":0,"misses":4,"hit_rate":0},"storage":{"hits":0,"misses":0,"hit_rate":0},"code":{"hits":0,"misses":0,"hit_rate":0,"hit_bytes":0,"miss_bytes":0}}}
INFO [06-01|17:02:02.651] Imported new potential chain segment     number=6800 hash=d8ce0f..a612ef blocks=1 txs=0 mgas=0.000 elapsed=4.727ms  mgasps=0.000 triediffs=8.45MiB triedirty=7.94MiB
INFO [06-01|17:02:02.651] Chain head was updated                   number=6800 hash=d8ce0f..a612ef root=af9b04..c5b6ec elapsed="93.12µs"
INFO [06-01|17:02:03.661] Starting work on payload                 id=0x03c593b4065e72a6
INFO [06-01|17:02:03.680] Updated payload                          id=0x03c593b4065e72a6 number=6801 hash=f1f2ad..a466b9 txs=0 withdrawals=0 gas=0 fees=0 root=af9b04..c5b6ec elapsed=18.781ms
INFO [06-01|17:02:03.680] Stopping work on payload                 id=0x03c593b4065e72a6 reason=delivery
WARN [06-01|17:02:03.703] {"level":"warn","msg":"Slow block","block":{"number":6801,"hash":"0xf1f2ad225ecf767b974e69408a368569750b54963b91b9ab2d1f7b7f34a466b9","gas_used":0,"tx_count":0},"timing":{"execution_ms":0.04252,"state_read_ms":21.998347,"state_hash_ms":0.002907,"commit_ms":0.287803,"total_ms":22.599847},"throughput":{"mgas_per_sec":0},"state_reads":{"accounts":4,"storage_slots":0,"code":0,"code_bytes":0},"state_writes":{"accounts":0,"accounts_deleted":0,"storage_slots":0,"storage_slots_deleted":0,"code":0,"code_bytes":0},"cache":{"account":{"hits":0,"misses":4,"hit_rate":0},"storage":{"hits":0,"misses":0,"hit_rate":0},"code":{"hits":0,"misses":0,"hit_rate":0,"hit_bytes":0,"miss_bytes":0}}}
INFO [06-01|17:02:03.703] Imported new potential chain segment     number=6801 hash=f1f2ad..a466b9 blocks=1 txs=0 mgas=0.000 elapsed=22.831ms  mgasps=0.000 triediffs=8.45MiB triedirty=7.94MiB
INFO [06-01|17:02:03.703] Chain head was updated                   number=6801 hash=f1f2ad..a466b9 root=af9b04..c5b6ec elapsed="66.442µs"
INFO [06-01|17:02:04.728] Starting work on payload                 id=0x03c27ad7e5077382
INFO [06-01|17:02:04.744] Updated payload                          id=0x03c27ad7e5077382 number=6802 hash=58c10d..300e7c txs=0 withdrawals=0 gas=0 fees=0 root=af9b04..c5b6ec elapsed=16.002ms
INFO [06-01|17:02:04.744] Stopping work on payload                 id=0x03c27ad7e5077382 reason=delivery
WARN [06-01|17:02:04.763] {"level":"warn","msg":"Slow block","block":{"number":6802,"hash":"0x58c10d290aab6fab6d4d13d8304dfb732f153b479b42d6361f59cafcc9300e7c","gas_used":0,"tx_count":0},"timing":{"execution_ms":0.032433,"state_read_ms":18.550005,"state_hash_ms":0.002198,"commit_ms":0.112644,"total_ms":19.005445},"throughput":{"mgas_per_sec":0},"state_reads":{"accounts":4,"storage_slots":0,"code":0,"code_bytes":0},"state_writes":{"accounts":0,"accounts_deleted":0,"storage_slots":0,"storage_slots_deleted":0,"code":0,"code_bytes":0},"cache":{"account":{"hits":0,"misses":4,"hit_rate":0},"storage":{"hits":0,"misses":0,"hit_rate":0},"code":{"hits":0,"misses":0,"hit_rate":0,"hit_bytes":0,"miss_bytes":0}}}
INFO [06-01|17:02:04.763] Imported new potential chain segment     number=6802 hash=58c10d..300e7c blocks=1 txs=0 mgas=0.000 elapsed=19.201ms   mgasps=0.000 triediffs=8.45MiB triedirty=7.94MiB
INFO [06-01|17:02:04.763] Chain head was updated                   number=6802 hash=58c10d..300e7c root=af9b04..c5b6ec elapsed="33.023µs"
INFO [06-01|17:02:05.065] Submitted contract creation              hash=0x9c0bc1d03bb7d1ebe4e908e06b7581dc7f199951fccc48b1ac105691db40b584 from=0xf39Fd6e51aad88F6F4ce6aB8827279cffFb92266 nonce=2047 contract=0x0c8A72d89AA40B71Ee5F430E89E1681f944DAAc0 value=0
INFO [06-01|17:02:05.065] Submitted transaction                    hash=0x639236ed816c80c8fed3ba096850f89ecc84c88fd3b6326c5a718339e2930539 from=0xf39Fd6e51aad88F6F4ce6aB8827279cffFb92266 nonce=2048 recipient=0xF7B9d69Ec0a76d9D1A0B4A95E1E76148Efc32DfF value=78,000,000
INFO [06-01|17:02:05.779] Starting work on payload                 id=0x03312b7e43546e22
INFO [06-01|17:02:05.839] Updated payload                          id=0x03312b7e43546e22 number=6803 hash=638ee0..fbaeb6 txs=2 withdrawals=0 gas=86852 fees=5.21112e-13 root=aa6a57..e27aaf elapsed=59.136ms
INFO [06-01|17:02:05.839] Stopping work on payload                 id=0x03312b7e43546e22 reason=delivery
WARN [06-01|17:02:05.877] {"level":"warn","msg":"Slow block","block":{"number":6803,"hash":"0x638ee0bbe5de46cfdf8c7b170cf1ad9ffd2d5232467f7cba51025228abfbaeb6","gas_used":86852,"tx_count":2},"timing":{"execution_ms":0.15747,"state_read_ms":19.645438,"state_hash_ms":13.025293,"commit_ms":4.975953,"total_ms":38.280452},"throughput":{"mgas_per_sec":2.268834234245719},"state_reads":{"accounts":11,"storage_slots":0,"code":0,"code_bytes":0},"state_writes":{"accounts":3,"accounts_deleted":0,"storage_slots":0,"storage_slots_deleted":0,"code":1,"code_bytes":157},"cache":{"account":{"hits":6,"misses":5,"hit_rate":54.54545454545454},"storage":{"hits":0,"misses":0,"hit_rate":0},"code":{"hits":0,"misses":0,"hit_rate":0,"hit_bytes":0,"miss_bytes":0}}}
INFO [06-01|17:02:05.877] Imported new potential chain segment     number=6803 hash=638ee0..fbaeb6 blocks=1 txs=2 mgas=0.087 elapsed=38.469ms   mgasps=2.258 triediffs=8.36MiB triedirty=7.94MiB
INFO [06-01|17:02:05.878] Chain head was updated                   number=6803 hash=638ee0..fbaeb6 root=aa6a57..e27aaf elapsed="140.76µs"
INFO [06-01|17:02:06.078] Submitted transaction                    hash=0x567dba5b1229256dc19145a800e27a735f44af7bcf1dca69acf465867498b1c5 from=0xF7B9d69Ec0a76d9D1A0B4A95E1E76148Efc32DfF nonce=0    recipient=0x0c8A72d89AA40B71Ee5F430E89E1681f944DAAc0 value=0
INFO [06-01|17:02:06.889] Starting work on payload                 id=0x03ef680f77e12124
INFO [06-01|17:02:07.075] Updated payload                          id=0x03ef680f77e12124 number=6804 hash=4283f8..76cdd1 txs=1 withdrawals=0 gas=5,900,140 fees=3.540084e-11 root=813858..8d1ab5 elapsed=186.040ms
INFO [06-01|17:02:07.076] Stopping work on payload                 id=0x03ef680f77e12124 reason=delivery
WARN [06-01|17:02:07.235] {"level":"warn","msg":"Slow block","block":{"number":6804,"hash":"0x4283f8e61a5199d7683104780725725884b042b37c88e0c1853af6b1dc76cdd1","gas_used":5900140,"tx_count":1},"timing":{"execution_ms":138.306699,"state_read_ms":4.938675,"state_hash_ms":15.121833,"commit_ms":0.572926,"total_ms":159.295767},"throughput":{"mgas_per_sec":37.03890009833093},"state_reads":{"accounts":17,"storage_slots":258,"code":11,"code_bytes":437},"state_writes":{"accounts":2,"accounts_deleted":0,"storage_slots":0,"storage_slots_deleted":0,"code":0,"code_bytes":0},"cache":{"account":{"hits":8,"misses":9,"hit_rate":47.05882352941176},"storage":{"hits":140,"misses":118,"hit_rate":54.263565891472865},"code":{"hits":11,"misses":0,"hit_rate":100,"hit_bytes":437,"miss_bytes":0}}}
INFO [06-01|17:02:07.235] Imported new potential chain segment     number=6804 hash=4283f8..76cdd1 blocks=1 txs=1 mgas=5.900 elapsed=159.478ms  mgasps=36.997 triediffs=8.36MiB triedirty=7.94MiB
INFO [06-01|17:02:07.235] Chain head was updated                   number=6804 hash=4283f8..76cdd1 root=813858..8d1ab5 elapsed="83.708µs"
INFO [06-01|17:02:08.096] Submitted transaction                    hash=0xdf9ef204f9213e91dd8cc5316b1b04dce2699fd731f868c2e3121910f73f9d7b from=0xF7B9d69Ec0a76d9D1A0B4A95E1E76148Efc32DfF nonce=1    recipient=0xf39Fd6e51aad88F6F4ce6aB8827279cffFb92266 value=1,046,180
INFO [06-01|17:02:08.255] Starting work on payload                 id=0x038a89bdd8a70327
INFO [06-01|17:02:08.271] Updated payload                          id=0x038a89bdd8a70327 number=6805 hash=696f05..a3328b txs=1 withdrawals=0 gas=21000     fees=2.1e-14      root=48d118..d19cc1 elapsed=15.922ms
INFO [06-01|17:02:08.271] Stopping work on payload                 id=0x038a89bdd8a70327 reason=delivery
WARN [06-01|17:02:08.291] {"level":"warn","msg":"Slow block","block":{"number":6805,"hash":"0x696f05fee1aae12afc4bdf97368901bca9e7cc0bc2805d817a0d9db796a3328b","gas_used":21000,"tx_count":1},"timing":{"execution_ms":0.080007,"state_read_ms":17.196194,"state_hash_ms":2.470478,"commit_ms":0.53324,"total_ms":20.454862},"throughput":{"mgas_per_sec":1.026650778675505},"state_reads":{"accounts":6,"storage_slots":0,"code":0,"code_bytes":0},"state_writes":{"accounts":2,"accounts_deleted":0,"storage_slots":0,"storage_slots_deleted":0,"code":0,"code_bytes":0},"cache":{"account":{"hits":2,"misses":4,"hit_rate":33.33333333333333},"storage":{"hits":0,"misses":0,"hit_rate":0},"code":{"hits":0,"misses":0,"hit_rate":0,"hit_bytes":0,"miss_bytes":0}}}
INFO [06-01|17:02:08.291] Imported new potential chain segment     number=6805 hash=696f05..a3328b blocks=1 txs=1 mgas=0.021 elapsed=20.590ms   mgasps=1.020  triediffs=8.35MiB triedirty=7.95MiB
INFO [06-01|17:02:08.292] Chain head was updated                   number=6805 hash=696f05..a3328b root=48d118..d19cc1 elapsed="47.812µs"
INFO [06-01|17:02:09.308] Starting work on payload                 id=0x031ee25930a09541
INFO [06-01|17:02:09.327] Updated payload                          id=0x031ee25930a09541 number=6806 hash=ee98df..d7a0eb txs=0 withdrawals=0 gas=0         fees=0            root=48d118..d19cc1 elapsed=19.765ms
INFO [06-01|17:02:09.328] Stopping work on payload                 id=0x031ee25930a09541 reason=delivery
WARN [06-01|17:02:09.335] {"level":"warn","msg":"Slow block","block":{"number":6806,"hash":"0xee98df587dd38f9a8b46776618819e704769e8b20226e0329f6ecda049d7a0eb","gas_used":0,"tx_count":0},"timing":{"execution_ms":0.039834,"state_read_ms":6.336644,"state_hash_ms":0.002589,"commit_ms":0.250388,"total_ms":6.944142},"throughput":{"mgas_per_sec":0},"state_reads":{"accounts":4,"storage_slots":0,"code":0,"code_bytes":0},"state_writes":{"accounts":0,"accounts_deleted":0,"storage_slots":0,"storage_slots_deleted":0,"code":0,"code_bytes":0},"cache":{"account":{"hits":0,"misses":4,"hit_rate":0},"storage":{"hits":0,"misses":0,"hit_rate":0},"code":{"hits":0,"misses":0,"hit_rate":0,"hit_bytes":0,"miss_bytes":0}}}
INFO [06-01|17:02:09.335] Imported new potential chain segment     number=6806 hash=ee98df..d7a0eb blocks=1 txs=0 mgas=0.000 elapsed=7.171ms    mgasps=0.000  triediffs=8.35MiB triedirty=7.95MiB
INFO [06-01|17:02:09.335] Chain head was updated                   number=6806 hash=ee98df..d7a0eb root=48d118..d19cc1 elapsed="72.722µs"
