WARN [06-01|17:07:01.521] Unknown config environment variable      envvar=GETH_PBT_BIN
WARN [06-01|17:07:01.521] Unknown config environment variable      envvar=GETH_UBT_BIN
INFO [06-01|17:07:01.532] Starting Geth on Ethereum mainnet...
INFO [06-01|17:07:01.535] Maximum peer count                       ETH=0 total=0
INFO [06-01|17:07:01.536] Smartcard socket not found, disabling    err="stat /run/pcscd/pcscd.comm: no such file or directory"
WARN [06-01|17:07:01.541] Option --miner.etherbase is deprecated as the etherbase is set by the consensus client post-merge
INFO [06-01|17:07:01.544] Set global gas cap                       cap=50,000,000
INFO [06-01|17:07:02.325] Using developer account                  address=0xf39Fd6e51aad88F6F4ce6aB8827279cffFb92266
INFO [06-01|17:07:02.364] Using pebble as the backing database
INFO [06-01|17:07:02.364] Allocated cache and file handles         database=/mnt/state_expiry_vol_data/ubt-vs-pbt-dbs/pbt/geth/chaindata cache=2.00GiB handles=262,144
INFO [06-01|17:07:02.574] Opened ancient database                  database=/mnt/state_expiry_vol_data/ubt-vs-pbt-dbs/pbt/geth/chaindata/ancient/chain readonly=true
INFO [06-01|17:07:02.574] Opened Era store                         datadir=/mnt/state_expiry_vol_data/ubt-vs-pbt-dbs/pbt/geth/chaindata/ancient/chain/era
INFO [06-01|17:07:02.583] Initializing the KZG library             backend=gokzg
INFO [06-01|17:07:02.584] Allocated trie memory caches             clean=614.00MiB dirty=1.00GiB
INFO [06-01|17:07:02.592] Using pebble as the backing database
INFO [06-01|17:07:02.592] Allocated cache and file handles         database=/mnt/state_expiry_vol_data/ubt-vs-pbt-dbs/pbt/geth/chaindata cache=2.00GiB handles=262,144
INFO [06-01|17:07:02.797] Opened ancient database                  database=/mnt/state_expiry_vol_data/ubt-vs-pbt-dbs/pbt/geth/chaindata/ancient/chain readonly=false
INFO [06-01|17:07:02.797] Opened Era store                         datadir=/mnt/state_expiry_vol_data/ubt-vs-pbt-dbs/pbt/geth/chaindata/ancient/chain/era
INFO [06-01|17:07:02.804] State scheme set to already existing     scheme=path
INFO [06-01|17:07:02.804] Initialising Ethereum protocol           network=1337 dbversion=9
WARN [06-01|17:07:02.804] Sanitizing invalid node buffer size      provided=1.00GiB updated=256.00MiB
INFO [06-01|17:07:02.807] Load database journal from file          path=/mnt/state_expiry_vol_data/ubt-vs-pbt-dbs/pbt/geth/triedb/verkle.journal
INFO [06-01|17:07:02.948] Opened ancient database                  database=/mnt/state_expiry_vol_data/ubt-vs-pbt-dbs/pbt/geth/chaindata/ancient/state_verkle readonly=false
INFO [06-01|17:07:02.950] State snapshot generator is not compatible
INFO [06-01|17:07:02.950] Initialized path database                triecache=614.00MiB statecache=409.00MiB buffer=256.00MiB state-history="last 90000 blocks" journal-dir=/mnt/state_expiry_vol_data/ubt-vs-pbt-dbs/pbt/geth/triedb verkle=true
INFO [06-01|17:07:02.950] 
INFO [06-01|17:07:02.950] ---------------------------------------------------------------------------------------------------------------------------------------------------------
INFO [06-01|17:07:02.950] Chain ID:  1337 (unknown)
INFO [06-01|17:07:02.950] Consensus: unknown
INFO [06-01|17:07:02.950] 
INFO [06-01|17:07:02.950] Pre-Merge hard forks (block based):
INFO [06-01|17:07:02.950]  - Homestead:                   #0       
INFO [06-01|17:07:02.950]  - Tangerine Whistle (EIP 150): #0       
INFO [06-01|17:07:02.950]  - Spurious Dragon/1 (EIP 155): #0       
INFO [06-01|17:07:02.950]  - Spurious Dragon/2 (EIP 158): #0       
INFO [06-01|17:07:02.950]  - Byzantium:                   #0       
INFO [06-01|17:07:02.950]  - Constantinople:              #0       
INFO [06-01|17:07:02.950]  - Petersburg:                  #0       
INFO [06-01|17:07:02.950]  - Istanbul:                    #0       
INFO [06-01|17:07:02.950]  - Berlin:                      #0       
INFO [06-01|17:07:02.950]  - London:                      #0       
INFO [06-01|17:07:02.950]  - Arrow Glacier:               #0       
INFO [06-01|17:07:02.950]  - Gray Glacier:                #0       
INFO [06-01|17:07:02.950] 
INFO [06-01|17:07:02.950] Merge configured:
INFO [06-01|17:07:02.950]  - Total terminal difficulty:  0
INFO [06-01|17:07:02.950]  - Merge netsplit block:       #0       
INFO [06-01|17:07:02.950] 
INFO [06-01|17:07:02.950] Post-Merge hard forks (timestamp based):
INFO [06-01|17:07:02.950]  - Shanghai:                    @0         
INFO [06-01|17:07:02.950]  - Cancun:                      @0          blob: (target: 3, max: 6, fraction: 3338477)
INFO [06-01|17:07:02.950]  - Prague:                      @0          blob: (target: 6, max: 9, fraction: 5007716)
INFO [06-01|17:07:02.950]  - Osaka:                       @0          blob: (target: 6, max: 9, fraction: 5007716)
INFO [06-01|17:07:02.950]  - UBT:                         @0          blob: (nil)
INFO [06-01|17:07:02.950] 
INFO [06-01|17:07:02.950] All fork specifications can be found at https://ethereum.github.io/execution-specs/src/ethereum/forks/
INFO [06-01|17:07:02.950] 
INFO [06-01|17:07:02.950] ---------------------------------------------------------------------------------------------------------------------------------------------------------
INFO [06-01|17:07:02.950] 
INFO [06-01|17:07:02.952] Loaded most recent local block           number=6996 hash=a7ec38..319c1e age=2s
INFO [06-01|17:07:02.952] Loaded most recent local finalized block number=6976 hash=0759b2..d8f48f age=31s
INFO [06-01|17:07:02.953] Initialized transaction indexer          range="last 2350000 blocks"
INFO [06-01|17:07:02.953] Initialized log indexer                  firstblock=0 lastblock=6996 firstmap=0 lastmap=0 headindexed=true
INFO [06-01|17:07:02.991] Enabled full-sync                        head=6996 hash=a7ec38..319c1e
INFO [06-01|17:07:02.992] Unprotected transactions allowed
INFO [06-01|17:07:02.992] Gasprice oracle is ignoring threshold set threshold=2
INFO [06-01|17:07:02.992] Registered sync override service
WARN [06-01|17:07:02.992] You are running Geth in --dev mode. Please note the following:
WARN [06-01|17:07:02.992] 
WARN [06-01|17:07:02.992]   1. This mode is only intended for fast, iterative development without assumptions on
WARN [06-01|17:07:02.992]      security or persistence.
WARN [06-01|17:07:02.992]   2. The database is created in memory unless specified otherwise. Therefore, shutting down
WARN [06-01|17:07:02.992]      your computer or losing power will wipe your entire block data and chain state for
WARN [06-01|17:07:02.992]      your dev environment.
WARN [06-01|17:07:02.992]   3. A random, pre-allocated developer account will be available and unlocked as
WARN [06-01|17:07:02.992]      eth.coinbase, which can be used for testing. The random dev account is temporary,
WARN [06-01|17:07:02.992]      stored on a ramdisk, and will be lost if your machine is restarted.
WARN [06-01|17:07:02.992]   4. Mining is enabled by default. However, the client will only seal blocks if transactions
WARN [06-01|17:07:02.993]      are pending in the mempool. The miner's minimum accepted gas price is 1.
WARN [06-01|17:07:02.993]   5. Networking is disabled; there is no listen-address, the maximum number of peers is set
WARN [06-01|17:07:02.993]      to 0, and discovery is disabled.
WARN [06-01|17:07:02.993] 
INFO [06-01|17:07:02.993] Starting peer-to-peer node               instance=Geth/v1.17.3-unstable/linux-amd64/go1.24.9
WARN [06-01|17:07:02.993] P2P server will be useless, neither dialing nor listening
INFO [06-01|17:07:03.024] New local node record                    seq=1,780,292,695,235 id=972c5cc0b2a1895c ip=127.0.0.1 udp=0 tcp=0
INFO [06-01|17:07:03.024] Started P2P networking                   self=enode://16ec6c0bde109d66472afe00ec8fee3d30718d830d1acf0829842abca89b82afff8a454636cde3b26d700f98647938c6f23e7bee3027caca0d7f19e4b3725e13@127.0.0.1:0
INFO [06-01|17:07:03.045] IPC endpoint opened                      url=/mnt/state_expiry_vol_data/ubt-vs-pbt-dbs/pbt/geth.ipc
ERROR[06-01|17:07:03.045] Unavailable modules in HTTP API list     unavailable=[personal] available="[admin debug web3 eth txpool miner net dev testing]"
INFO [06-01|17:07:03.046] HTTP server started                      endpoint=127.0.0.1:8545 auth=false prefix= cors= vhosts=localhost
INFO [06-01|17:07:03.046] WebSocket enabled                        url=ws://127.0.0.1:8546
INFO [06-01|17:07:03.556] Loaded local transaction journal         transactions=4717 dropped=0
INFO [06-01|17:07:04.014] Started log indexer
INFO [06-01|17:07:04.059] Starting work on payload                 id=0x037ca37232da2c14
INFO [06-01|17:07:04.078] Updated payload                          id=0x037ca37232da2c14 number=6997 hash=f9e8ee..bba5f2 txs=0 withdrawals=0 gas=0 fees=0 root=753b8c..6f3436 elapsed=18.877ms
INFO [06-01|17:07:04.079] Stopping work on payload                 id=0x037ca37232da2c14 reason=delivery
WARN [06-01|17:07:04.082] {"level":"warn","msg":"Slow block","block":{"number":6997,"hash":"0xf9e8ee10f5ad634d0cd5a8301187e82abd20ce167a4d40269a3b035b95bba5f2","gas_used":0,"tx_count":0},"timing":{"execution_ms":0.035169,"state_read_ms":3.092323,"state_hash_ms":0.001392,"commit_ms":0.158288,"total_ms":3.461622},"throughput":{"mgas_per_sec":0},"state_reads":{"accounts":4,"storage_slots":0,"code":0,"code_bytes":0},"state_writes":{"accounts":0,"accounts_deleted":0,"storage_slots":0,"storage_slots_deleted":0,"code":0,"code_bytes":0},"cache":{"account":{"hits":0,"misses":4,"hit_rate":0},"storage":{"hits":0,"misses":0,"hit_rate":0},"code":{"hits":0,"misses":0,"hit_rate":0,"hit_bytes":0,"miss_bytes":0}}}
INFO [06-01|17:07:04.082] Imported new potential chain segment     number=6997 hash=f9e8ee..bba5f2 blocks=1 txs=0 mgas=0.000 elapsed=3.776ms  mgasps=0.000 triediffs=1.34MiB triedirty=8.43MiB
INFO [06-01|17:07:04.083] Chain head was updated                   number=6997 hash=f9e8ee..bba5f2 root=753b8c..6f3436 elapsed="62.93µs"
INFO [06-01|17:07:05.088] Starting work on payload                 id=0x03007ce4cf8734e0
INFO [06-01|17:07:05.108] Updated payload                          id=0x03007ce4cf8734e0 number=6998 hash=e98f49..233ddf txs=0 withdrawals=0 gas=0 fees=0 root=753b8c..6f3436 elapsed=20.020ms
INFO [06-01|17:07:05.108] Stopping work on payload                 id=0x03007ce4cf8734e0 reason=delivery
WARN [06-01|17:07:05.129] {"level":"warn","msg":"Slow block","block":{"number":6998,"hash":"0xe98f494952d74438f840e99733b54a41551764caf56071369e3855154e233ddf","gas_used":0,"tx_count":0},"timing":{"execution_ms":0.045732,"state_read_ms":19.869909,"state_hash_ms":0.001787,"commit_ms":0.230113,"total_ms":20.360368},"throughput":{"mgas_per_sec":0},"state_reads":{"accounts":4,"storage_slots":0,"code":0,"code_bytes":0},"state_writes":{"accounts":0,"accounts_deleted":0,"storage_slots":0,"storage_slots_deleted":0,"code":0,"code_bytes":0},"cache":{"account":{"hits":0,"misses":4,"hit_rate":0},"storage":{"hits":0,"misses":0,"hit_rate":0},"code":{"hits":0,"misses":0,"hit_rate":0,"hit_bytes":0,"miss_bytes":0}}}
INFO [06-01|17:07:05.129] Imported new potential chain segment     number=6998 hash=e98f49..233ddf blocks=1 txs=0 mgas=0.000 elapsed=20.625ms  mgasps=0.000 triediffs=1.34MiB triedirty=8.43MiB
INFO [06-01|17:07:05.129] Chain head was updated                   number=6998 hash=e98f49..233ddf root=753b8c..6f3436 elapsed="76.825µs"
INFO [06-01|17:07:06.154] Starting work on payload                 id=0x036a83dff7a7c2f2
INFO [06-01|17:07:06.179] Updated payload                          id=0x036a83dff7a7c2f2 number=6999 hash=c28b12..1c6e72 txs=0 withdrawals=0 gas=0 fees=0 root=753b8c..6f3436 elapsed=25.160ms
INFO [06-01|17:07:06.179] Stopping work on payload                 id=0x036a83dff7a7c2f2 reason=delivery
WARN [06-01|17:07:06.190] {"level":"warn","msg":"Slow block","block":{"number":6999,"hash":"0xc28b1236fda92421014671a4fc16231fbdc32cf42d20732bf39a80e66f1c6e72","gas_used":0,"tx_count":0},"timing":{"execution_ms":0.033315,"state_read_ms":4.20439,"state_hash_ms":0.003917,"commit_ms":0.254387,"total_ms":10.764922},"throughput":{"mgas_per_sec":0},"state_reads":{"accounts":4,"storage_slots":0,"code":0,"code_bytes":0},"state_writes":{"accounts":0,"accounts_deleted":0,"storage_slots":0,"storage_slots_deleted":0,"code":0,"code_bytes":0},"cache":{"account":{"hits":0,"misses":4,"hit_rate":0},"storage":{"hits":0,"misses":0,"hit_rate":0},"code":{"hits":0,"misses":0,"hit_rate":0,"hit_bytes":0,"miss_bytes":0}}}
INFO [06-01|17:07:06.191] Imported new potential chain segment     number=6999 hash=c28b12..1c6e72 blocks=1 txs=0 mgas=0.000 elapsed=10.988ms   mgasps=0.000 triediffs=1.34MiB triedirty=8.43MiB
INFO [06-01|17:07:06.191] Chain head was updated                   number=6999 hash=c28b12..1c6e72 root=753b8c..6f3436 elapsed="75.638µs"
INFO [06-01|17:07:06.525] Submitted contract creation              hash=0x3fb7656925f3ea2c5956bc5947b1ec0d5a44f547fa0786efd898c760d1b51619 from=0xf39Fd6e51aad88F6F4ce6aB8827279cffFb92266 nonce=2103 contract=0xD08e07A277a7D24659D6F0babd2915d0c9f3BC3A value=0
INFO [06-01|17:07:06.526] Submitted transaction                    hash=0x9868f87e4e2f9d319a2290b978cd21551445a146b28dbcd53c3bf5a0c88f083c from=0xf39Fd6e51aad88F6F4ce6aB8827279cffFb92266 nonce=2104 recipient=0xF0c0ee29881cbe07646B1CA2f00961263a52AA34 value=78,000,000
INFO [06-01|17:07:07.206] Starting work on payload                 id=0x03835806b453b4e0
INFO [06-01|17:07:07.254] Updated payload                          id=0x03835806b453b4e0 number=7000 hash=bf28e5..93c377 txs=2 withdrawals=0 gas=86852 fees=5.21112e-13 root=bfe54c..16a3b3 elapsed=48.217ms
INFO [06-01|17:07:07.254] Stopping work on payload                 id=0x03835806b453b4e0 reason=delivery
WARN [06-01|17:07:07.290] {"level":"warn","msg":"Slow block","block":{"number":7000,"hash":"0xbf28e5a6b39c46e19a5a042697d7de01eda139ab1a81946d5f4a35947993c377","gas_used":86852,"tx_count":2},"timing":{"execution_ms":0.102668,"state_read_ms":21.960444,"state_hash_ms":3.247019,"commit_ms":10.197467,"total_ms":35.746688},"throughput":{"mgas_per_sec":2.429651664512248},"state_reads":{"accounts":11,"storage_slots":0,"code":0,"code_bytes":0},"state_writes":{"accounts":3,"accounts_deleted":0,"storage_slots":0,"storage_slots_deleted":0,"code":1,"code_bytes":157},"cache":{"account":{"hits":4,"misses":7,"hit_rate":36.36363636363637},"storage":{"hits":0,"misses":0,"hit_rate":0},"code":{"hits":0,"misses":0,"hit_rate":0,"hit_bytes":0,"miss_bytes":0}}}
INFO [06-01|17:07:07.290] Imported new potential chain segment     number=7000 hash=bf28e5..93c377 blocks=1 txs=2 mgas=0.087 elapsed=35.989ms   mgasps=2.413 triediffs=1.34MiB triedirty=8.43MiB
INFO [06-01|17:07:07.291] Chain head was updated                   number=7000 hash=bf28e5..93c377 root=bfe54c..16a3b3 elapsed="355.61µs"
INFO [06-01|17:07:07.539] Submitted transaction                    hash=0xf7761a7c52448ef85c73cf7be9d21fe0ddc9f7870317017e710b3e69a75a06b8 from=0xF0c0ee29881cbe07646B1CA2f00961263a52AA34 nonce=0    recipient=0xD08e07A277a7D24659D6F0babd2915d0c9f3BC3A value=0
INFO [06-01|17:07:08.304] Starting work on payload                 id=0x030caf62c38760c3
INFO [06-01|17:07:08.495] Updated payload                          id=0x030caf62c38760c3 number=7001 hash=8886fe..423995 txs=1 withdrawals=0 gas=5,900,240 fees=3.540144e-11 root=92463a..4c1114 elapsed=190.985ms
INFO [06-01|17:07:08.495] Stopping work on payload                 id=0x030caf62c38760c3 reason=delivery
WARN [06-01|17:07:08.645] {"level":"warn","msg":"Slow block","block":{"number":7001,"hash":"0x8886fe8a7b88b5e5cffd118f34814fe4f3445598e8d9ea6f130520b839423995","gas_used":5900240,"tx_count":1},"timing":{"execution_ms":112.411379,"state_read_ms":28.169766,"state_hash_ms":4.645065,"commit_ms":3.644445,"total_ms":149.222917},"throughput":{"mgas_per_sec":39.53977122696241},"state_reads":{"accounts":107,"storage_slots":258,"code":101,"code_bytes":2957},"state_writes":{"accounts":2,"accounts_deleted":0,"storage_slots":0,"storage_slots_deleted":0,"code":0,"code_bytes":0},"cache":{"account":{"hits":27,"misses":80,"hit_rate":25.233644859813083},"storage":{"hits":43,"misses":215,"hit_rate":16.666666666666664},"code":{"hits":101,"misses":0,"hit_rate":100,"hit_bytes":2957,"miss_bytes":0}}}
INFO [06-01|17:07:08.645] Imported new potential chain segment     number=7001 hash=8886fe..423995 blocks=1 txs=1 mgas=5.900 elapsed=149.467ms  mgasps=39.475 triediffs=1.34MiB triedirty=8.43MiB
INFO [06-01|17:07:08.645] Chain head was updated                   number=7001 hash=8886fe..423995 root=92463a..4c1114 elapsed="146.44µs"
INFO [06-01|17:07:09.558] Submitted transaction                    hash=0x671d2dbbe47299882206023e433c0a15185ac48a2da436cb3931b8ffc5c309f9 from=0xF0c0ee29881cbe07646B1CA2f00961263a52AA34 nonce=1    recipient=0xf39Fd6e51aad88F6F4ce6aB8827279cffFb92266 value=1,044,880
INFO [06-01|17:07:09.663] Starting work on payload                 id=0x03bc852ee861bc44
INFO [06-01|17:07:09.677] Updated payload                          id=0x03bc852ee861bc44 number=7002 hash=e88b04..582c2b txs=1 withdrawals=0 gas=21000     fees=2.1e-14      root=e37544..ed6fd2 elapsed=13.742ms
INFO [06-01|17:07:09.677] Stopping work on payload                 id=0x03bc852ee861bc44 reason=delivery
WARN [06-01|17:07:09.698] {"level":"warn","msg":"Slow block","block":{"number":7002,"hash":"0xe88b043bd5a54e41db278f6ddac275d03c45fb55a991e2c6dc70109064582c2b","gas_used":21000,"tx_count":1},"timing":{"execution_ms":0.077404,"state_read_ms":5.544956,"state_hash_ms":14.341752,"commit_ms":0.725686,"total_ms":20.904627},"throughput":{"mgas_per_sec":1.0045622914008463},"state_reads":{"accounts":6,"storage_slots":0,"code":0,"code_bytes":0},"state_writes":{"accounts":2,"accounts_deleted":0,"storage_slots":0,"storage_slots_deleted":0,"code":0,"code_bytes":0},"cache":{"account":{"hits":2,"misses":4,"hit_rate":33.33333333333333},"storage":{"hits":0,"misses":0,"hit_rate":0},"code":{"hits":0,"misses":0,"hit_rate":0,"hit_bytes":0,"miss_bytes":0}}}
INFO [06-01|17:07:09.698] Imported new potential chain segment     number=7002 hash=e88b04..582c2b blocks=1 txs=1 mgas=0.021 elapsed=21.077ms   mgasps=0.996  triediffs=1.34MiB triedirty=8.44MiB
INFO [06-01|17:07:09.698] Chain head was updated                   number=7002 hash=e88b04..582c2b root=e37544..ed6fd2 elapsed="135.466µs"
INFO [06-01|17:07:10.714] Starting work on payload                 id=0x03f1139f164f1c60
INFO [06-01|17:07:10.731] Updated payload                          id=0x03f1139f164f1c60 number=7003 hash=ae1531..f8fbf7 txs=0 withdrawals=0 gas=0         fees=0            root=e37544..ed6fd2 elapsed=17.556ms
INFO [06-01|17:07:10.732] Stopping work on payload                 id=0x03f1139f164f1c60 reason=delivery
WARN [06-01|17:07:10.735] {"level":"warn","msg":"Slow block","block":{"number":7003,"hash":"0xae15312a7c839ed930870a9ace6f7e4f4079c22556ce2f6d9966d3d340f8fbf7","gas_used":0,"tx_count":0},"timing":{"execution_ms":0.028415,"state_read_ms":2.546846,"state_hash_ms":0.002283,"commit_ms":0.135114,"total_ms":2.969094},"throughput":{"mgas_per_sec":0},"state_reads":{"accounts":4,"storage_slots":0,"code":0,"code_bytes":0},"state_writes":{"accounts":0,"accounts_deleted":0,"storage_slots":0,"storage_slots_deleted":0,"code":0,"code_bytes":0},"cache":{"account":{"hits":0,"misses":4,"hit_rate":0},"storage":{"hits":0,"misses":0,"hit_rate":0},"code":{"hits":0,"misses":0,"hit_rate":0,"hit_bytes":0,"miss_bytes":0}}}
INFO [06-01|17:07:10.735] Imported new potential chain segment     number=7003 hash=ae1531..f8fbf7 blocks=1 txs=0 mgas=0.000 elapsed=3.122ms     mgasps=0.000  triediffs=1.34MiB triedirty=8.44MiB
INFO [06-01|17:07:10.735] Chain head was updated                   number=7003 hash=ae1531..f8fbf7 root=e37544..ed6fd2 elapsed="47.657µs"
