WARN [06-01|17:31:07.353] Unknown config environment variable      envvar=GETH_PBT_BIN
WARN [06-01|17:31:07.353] Unknown config environment variable      envvar=GETH_UBT_BIN
INFO [06-01|17:31:07.364] Starting Geth on Ethereum mainnet...
INFO [06-01|17:31:07.366] Maximum peer count                       ETH=0 total=0
INFO [06-01|17:31:07.367] Smartcard socket not found, disabling    err="stat /run/pcscd/pcscd.comm: no such file or directory"
WARN [06-01|17:31:07.372] Option --miner.etherbase is deprecated as the etherbase is set by the consensus client post-merge
INFO [06-01|17:31:07.375] Set global gas cap                       cap=50,000,000
INFO [06-01|17:31:08.178] Using developer account                  address=0xf39Fd6e51aad88F6F4ce6aB8827279cffFb92266
INFO [06-01|17:31:08.217] Using pebble as the backing database
INFO [06-01|17:31:08.217] Allocated cache and file handles         database=/mnt/state_expiry_vol_data/ubt-vs-pbt-dbs/pbt/geth/chaindata cache=2.00GiB handles=262,144
INFO [06-01|17:31:08.435] Opened ancient database                  database=/mnt/state_expiry_vol_data/ubt-vs-pbt-dbs/pbt/geth/chaindata/ancient/chain readonly=true
INFO [06-01|17:31:08.436] Opened Era store                         datadir=/mnt/state_expiry_vol_data/ubt-vs-pbt-dbs/pbt/geth/chaindata/ancient/chain/era
INFO [06-01|17:31:08.443] Initializing the KZG library             backend=gokzg
INFO [06-01|17:31:08.445] Allocated trie memory caches             clean=614.00MiB dirty=1.00GiB
INFO [06-01|17:31:08.453] Using pebble as the backing database
INFO [06-01|17:31:08.453] Allocated cache and file handles         database=/mnt/state_expiry_vol_data/ubt-vs-pbt-dbs/pbt/geth/chaindata cache=2.00GiB handles=262,144
INFO [06-01|17:31:08.688] Opened ancient database                  database=/mnt/state_expiry_vol_data/ubt-vs-pbt-dbs/pbt/geth/chaindata/ancient/chain readonly=false
INFO [06-01|17:31:08.688] Opened Era store                         datadir=/mnt/state_expiry_vol_data/ubt-vs-pbt-dbs/pbt/geth/chaindata/ancient/chain/era
INFO [06-01|17:31:08.693] State scheme set to already existing     scheme=path
INFO [06-01|17:31:08.693] Initialising Ethereum protocol           network=1337 dbversion=9
WARN [06-01|17:31:08.693] Sanitizing invalid node buffer size      provided=1.00GiB updated=256.00MiB
INFO [06-01|17:31:08.695] Load database journal from file          path=/mnt/state_expiry_vol_data/ubt-vs-pbt-dbs/pbt/geth/triedb/verkle.journal
INFO [06-01|17:31:09.092] Opened ancient database                  database=/mnt/state_expiry_vol_data/ubt-vs-pbt-dbs/pbt/geth/chaindata/ancient/state_verkle readonly=false
INFO [06-01|17:31:09.093] State snapshot generator is not compatible
INFO [06-01|17:31:09.093] Initialized path database                triecache=614.00MiB statecache=409.00MiB buffer=256.00MiB state-history="last 90000 blocks" journal-dir=/mnt/state_expiry_vol_data/ubt-vs-pbt-dbs/pbt/geth/triedb verkle=true
INFO [06-01|17:31:09.094] 
INFO [06-01|17:31:09.094] ---------------------------------------------------------------------------------------------------------------------------------------------------------
INFO [06-01|17:31:09.094] Chain ID:  1337 (unknown)
INFO [06-01|17:31:09.094] Consensus: unknown
INFO [06-01|17:31:09.094] 
INFO [06-01|17:31:09.094] Pre-Merge hard forks (block based):
INFO [06-01|17:31:09.094]  - Homestead:                   #0       
INFO [06-01|17:31:09.094]  - Tangerine Whistle (EIP 150): #0       
INFO [06-01|17:31:09.094]  - Spurious Dragon/1 (EIP 155): #0       
INFO [06-01|17:31:09.094]  - Spurious Dragon/2 (EIP 158): #0       
INFO [06-01|17:31:09.094]  - Byzantium:                   #0       
INFO [06-01|17:31:09.094]  - Constantinople:              #0       
INFO [06-01|17:31:09.094]  - Petersburg:                  #0       
INFO [06-01|17:31:09.094]  - Istanbul:                    #0       
INFO [06-01|17:31:09.094]  - Berlin:                      #0       
INFO [06-01|17:31:09.094]  - London:                      #0       
INFO [06-01|17:31:09.094]  - Arrow Glacier:               #0       
INFO [06-01|17:31:09.094]  - Gray Glacier:                #0       
INFO [06-01|17:31:09.094] 
INFO [06-01|17:31:09.094] Merge configured:
INFO [06-01|17:31:09.094]  - Total terminal difficulty:  0
INFO [06-01|17:31:09.094]  - Merge netsplit block:       #0       
INFO [06-01|17:31:09.094] 
INFO [06-01|17:31:09.094] Post-Merge hard forks (timestamp based):
INFO [06-01|17:31:09.094]  - Shanghai:                    @0         
INFO [06-01|17:31:09.094]  - Cancun:                      @0          blob: (target: 3, max: 6, fraction: 3338477)
INFO [06-01|17:31:09.094]  - Prague:                      @0          blob: (target: 6, max: 9, fraction: 5007716)
INFO [06-01|17:31:09.094]  - Osaka:                       @0          blob: (target: 6, max: 9, fraction: 5007716)
INFO [06-01|17:31:09.094]  - UBT:                         @0          blob: (nil)
INFO [06-01|17:31:09.094] 
INFO [06-01|17:31:09.094] All fork specifications can be found at https://ethereum.github.io/execution-specs/src/ethereum/forks/
INFO [06-01|17:31:09.094] 
INFO [06-01|17:31:09.094] ---------------------------------------------------------------------------------------------------------------------------------------------------------
INFO [06-01|17:31:09.094] 
INFO [06-01|17:31:09.095] Loaded most recent local block           number=7889 hash=c410ef..250bab age=4s
INFO [06-01|17:31:09.095] Loaded most recent local finalized block number=7872 hash=52da51..3cfa73 age=28s
INFO [06-01|17:31:09.097] Initialized transaction indexer          range="last 2350000 blocks"
INFO [06-01|17:31:09.097] Initialized log indexer                  firstblock=0 lastblock=7889 firstmap=0 lastmap=0 headindexed=true
INFO [06-01|17:31:09.123] Enabled full-sync                        head=7889 hash=c410ef..250bab
INFO [06-01|17:31:09.123] Unprotected transactions allowed
INFO [06-01|17:31:09.123] Gasprice oracle is ignoring threshold set threshold=2
INFO [06-01|17:31:09.124] Registered sync override service
WARN [06-01|17:31:09.124] You are running Geth in --dev mode. Please note the following:
WARN [06-01|17:31:09.124] 
WARN [06-01|17:31:09.124]   1. This mode is only intended for fast, iterative development without assumptions on
WARN [06-01|17:31:09.124]      security or persistence.
WARN [06-01|17:31:09.124]   2. The database is created in memory unless specified otherwise. Therefore, shutting down
WARN [06-01|17:31:09.124]      your computer or losing power will wipe your entire block data and chain state for
WARN [06-01|17:31:09.124]      your dev environment.
WARN [06-01|17:31:09.124]   3. A random, pre-allocated developer account will be available and unlocked as
WARN [06-01|17:31:09.124]      eth.coinbase, which can be used for testing. The random dev account is temporary,
WARN [06-01|17:31:09.124]      stored on a ramdisk, and will be lost if your machine is restarted.
WARN [06-01|17:31:09.124]   4. Mining is enabled by default. However, the client will only seal blocks if transactions
WARN [06-01|17:31:09.124]      are pending in the mempool. The miner's minimum accepted gas price is 1.
WARN [06-01|17:31:09.124]   5. Networking is disabled; there is no listen-address, the maximum number of peers is set
WARN [06-01|17:31:09.124]      to 0, and discovery is disabled.
WARN [06-01|17:31:09.124] 
INFO [06-01|17:31:09.124] Starting peer-to-peer node               instance=Geth/v1.17.3-unstable/linux-amd64/go1.24.9
WARN [06-01|17:31:09.124] P2P server will be useless, neither dialing nor listening
INFO [06-01|17:31:09.144] IPC endpoint opened                      url=/mnt/state_expiry_vol_data/ubt-vs-pbt-dbs/pbt/geth.ipc
ERROR[06-01|17:31:09.145] Unavailable modules in HTTP API list     unavailable=[personal] available="[admin debug web3 eth txpool miner net dev testing]"
INFO [06-01|17:31:09.145] New local node record                    seq=1,780,292,695,375 id=972c5cc0b2a1895c ip=127.0.0.1 udp=0 tcp=0
INFO [06-01|17:31:09.145] Started P2P networking                   self=enode://16ec6c0bde109d66472afe00ec8fee3d30718d830d1acf0829842abca89b82afff8a454636cde3b26d700f98647938c6f23e7bee3027caca0d7f19e4b3725e13@127.0.0.1:0
INFO [06-01|17:31:09.145] HTTP server started                      endpoint=127.0.0.1:8545 auth=false prefix= cors= vhosts=localhost
INFO [06-01|17:31:09.145] WebSocket enabled                        url=ws://127.0.0.1:8546
INFO [06-01|17:31:09.745] Loaded local transaction journal         transactions=5277 dropped=0
INFO [06-01|17:31:10.083] Started log indexer
INFO [06-01|17:31:10.131] Starting work on payload                 id=0x03193e59b3c1b512
INFO [06-01|17:31:10.151] Updated payload                          id=0x03193e59b3c1b512 number=7890 hash=2e8530..52bcbe txs=0 withdrawals=0 gas=0 fees=0 root=441b82..ad7a4c elapsed=20.113ms
INFO [06-01|17:31:10.152] Stopping work on payload                 id=0x03193e59b3c1b512 reason=delivery
WARN [06-01|17:31:10.173] {"level":"warn","msg":"Slow block","block":{"number":7890,"hash":"0x2e8530a2ca8767c0f523795920811d9fdfa5fdfa964739320d64812e3e52bcbe","gas_used":0,"tx_count":0},"timing":{"execution_ms":0.058472,"state_read_ms":20.689607,"state_hash_ms":0.002048,"commit_ms":0.235417,"total_ms":21.202643},"throughput":{"mgas_per_sec":0},"state_reads":{"accounts":4,"storage_slots":0,"code":0,"code_bytes":0},"state_writes":{"accounts":0,"accounts_deleted":0,"storage_slots":0,"storage_slots_deleted":0,"code":0,"code_bytes":0},"cache":{"account":{"hits":0,"misses":4,"hit_rate":0},"storage":{"hits":0,"misses":0,"hit_rate":0},"code":{"hits":0,"misses":0,"hit_rate":0,"hit_bytes":0,"miss_bytes":0}}}
INFO [06-01|17:31:10.173] Imported new potential chain segment     number=7890 hash=2e8530..52bcbe blocks=1 txs=0 mgas=0.000 elapsed=21.493ms mgasps=0.000 triediffs=20.98MiB triedirty=11.43MiB
INFO [06-01|17:31:10.173] Chain head was updated                   number=7890 hash=2e8530..52bcbe root=441b82..ad7a4c elapsed="49.207µs"
INFO [06-01|17:31:11.191] Starting work on payload                 id=0x032bef44b02428fc
INFO [06-01|17:31:11.197] Updated payload                          id=0x032bef44b02428fc number=7891 hash=74ccbc..ca4506 txs=0 withdrawals=0 gas=0 fees=0 root=441b82..ad7a4c elapsed=6.211ms
INFO [06-01|17:31:11.197] Stopping work on payload                 id=0x032bef44b02428fc reason=delivery
WARN [06-01|17:31:11.209] {"level":"warn","msg":"Slow block","block":{"number":7891,"hash":"0x74ccbcd78694c7cbbcc5e2861f1452faa8a10e1a9ec2fbf5942634591dca4506","gas_used":0,"tx_count":0},"timing":{"execution_ms":0.028252,"state_read_ms":11.20345,"state_hash_ms":0.002146,"commit_ms":0.150139,"total_ms":11.561922},"throughput":{"mgas_per_sec":0},"state_reads":{"accounts":4,"storage_slots":0,"code":0,"code_bytes":0},"state_writes":{"accounts":0,"accounts_deleted":0,"storage_slots":0,"storage_slots_deleted":0,"code":0,"code_bytes":0},"cache":{"account":{"hits":0,"misses":4,"hit_rate":0},"storage":{"hits":0,"misses":0,"hit_rate":0},"code":{"hits":0,"misses":0,"hit_rate":0,"hit_bytes":0,"miss_bytes":0}}}
INFO [06-01|17:31:11.209] Imported new potential chain segment     number=7891 hash=74ccbc..ca4506 blocks=1 txs=0 mgas=0.000 elapsed=11.739ms   mgasps=0.000 triediffs=20.98MiB triedirty=11.43MiB
INFO [06-01|17:31:11.209] Chain head was updated                   number=7891 hash=74ccbc..ca4506 root=441b82..ad7a4c elapsed="49.614µs"
INFO [06-01|17:31:12.234] Starting work on payload                 id=0x032f6f094b64aefd
INFO [06-01|17:31:12.251] Updated payload                          id=0x032f6f094b64aefd number=7892 hash=d2bb39..4b9360 txs=0 withdrawals=0 gas=0 fees=0 root=441b82..ad7a4c elapsed=16.554ms
INFO [06-01|17:31:12.251] Stopping work on payload                 id=0x032f6f094b64aefd reason=delivery
WARN [06-01|17:31:12.278] {"level":"warn","msg":"Slow block","block":{"number":7892,"hash":"0xd2bb39f25b93efe255edba9616460837f7e16728d26f40711398a5bc354b9360","gas_used":0,"tx_count":0},"timing":{"execution_ms":0.063055,"state_read_ms":26.661758,"state_hash_ms":0.002195,"commit_ms":0.112018,"total_ms":27.408997},"throughput":{"mgas_per_sec":0},"state_reads":{"accounts":4,"storage_slots":0,"code":0,"code_bytes":0},"state_writes":{"accounts":0,"accounts_deleted":0,"storage_slots":0,"storage_slots_deleted":0,"code":0,"code_bytes":0},"cache":{"account":{"hits":0,"misses":4,"hit_rate":0},"storage":{"hits":0,"misses":0,"hit_rate":0},"code":{"hits":0,"misses":0,"hit_rate":0,"hit_bytes":0,"miss_bytes":0}}}
INFO [06-01|17:31:12.279] Imported new potential chain segment     number=7892 hash=d2bb39..4b9360 blocks=1 txs=0 mgas=0.000 elapsed=27.604ms   mgasps=0.000 triediffs=20.98MiB triedirty=11.43MiB
INFO [06-01|17:31:12.279] Chain head was updated                   number=7892 hash=d2bb39..4b9360 root=441b82..ad7a4c elapsed="35.351µs"
INFO [06-01|17:31:12.516] Submitted contract creation              hash=0xd60f1402ad8d58bf88d92c3060819f2c39b04053beed3825521ca2a343dff159 from=0xf39Fd6e51aad88F6F4ce6aB8827279cffFb92266 nonce=2383 contract=0xfFb7c88a177c410722f4bFB0B58f6C7479a6DE26 value=0
INFO [06-01|17:31:12.516] Submitted transaction                    hash=0xdf7b64d2e57959c79b068bbdeabaaf7147604c3734d952e2cd89eb62c4aec35e from=0xf39Fd6e51aad88F6F4ce6aB8827279cffFb92266 nonce=2384 recipient=0x08aFeCda13D30eEB78B303b318f4E9F671C67856 value=78,000,000
INFO [06-01|17:31:13.300] Starting work on payload                 id=0x03f9051d12703f8a
INFO [06-01|17:31:13.340] Updated payload                          id=0x03f9051d12703f8a number=7893 hash=e50bac..34ab16 txs=2 withdrawals=0 gas=91710 fees=5.5026e-13 root=c95be4..3d0264 elapsed=39.585ms
INFO [06-01|17:31:13.340] Stopping work on payload                 id=0x03f9051d12703f8a reason=delivery
WARN [06-01|17:31:13.389] {"level":"warn","msg":"Slow block","block":{"number":7893,"hash":"0xe50bacd9e8ff4816fde39f183b8ccb8d6d59baa05798cec62faf6e1a4634ab16","gas_used":91710,"tx_count":2},"timing":{"execution_ms":0.145078,"state_read_ms":19.619018,"state_hash_ms":22.031623,"commit_ms":6.700703,"total_ms":48.725506},"throughput":{"mgas_per_sec":1.882176451897698},"state_reads":{"accounts":11,"storage_slots":0,"code":0,"code_bytes":0},"state_writes":{"accounts":3,"accounts_deleted":0,"storage_slots":0,"storage_slots_deleted":0,"code":1,"code_bytes":305},"cache":{"account":{"hits":6,"misses":5,"hit_rate":54.54545454545454},"storage":{"hits":0,"misses":0,"hit_rate":0},"code":{"hits":0,"misses":0,"hit_rate":0,"hit_bytes":0,"miss_bytes":0}}}
INFO [06-01|17:31:13.389] Imported new potential chain segment     number=7893 hash=e50bac..34ab16 blocks=1 txs=2 mgas=0.092 elapsed=48.916ms   mgasps=1.875 triediffs=19.53MiB triedirty=11.48MiB
INFO [06-01|17:31:13.389] Chain head was updated                   number=7893 hash=e50bac..34ab16 root=c95be4..3d0264 elapsed="147.128µs"
INFO [06-01|17:31:13.530] Submitted transaction                    hash=0xdfd71cf6a66eaa8e1b7622e845f94e7088d71fcdb0fa3f14cc0cb676e927ea96 from=0x08aFeCda13D30eEB78B303b318f4E9F671C67856 nonce=0    recipient=0xfFb7c88a177c410722f4bFB0B58f6C7479a6DE26 value=0
INFO [06-01|17:31:14.394] Starting work on payload                 id=0x0385441d578cd05c
INFO [06-01|17:31:14.499] Updated payload                          id=0x0385441d578cd05c number=7894 hash=342aee..e57524 txs=1 withdrawals=0 gas=5,908,267 fees=3.5449602e-11 root=454230..4c18e4 elapsed=104.918ms
INFO [06-01|17:31:14.499] Stopping work on payload                 id=0x0385441d578cd05c reason=delivery
WARN [06-01|17:31:14.598] {"level":"warn","msg":"Slow block","block":{"number":7894,"hash":"0x342aeea419d5e5ea51faf3ed23d5728e6a1851477e0905f832480862cae57524","gas_used":5908267,"tx_count":1},"timing":{"execution_ms":69.94466,"state_read_ms":22.553939,"state_hash_ms":4.249261,"commit_ms":1.176026,"total_ms":98.266278},"throughput":{"mgas_per_sec":60.12507159373636},"state_reads":{"accounts":17,"storage_slots":723,"code":11,"code_bytes":585},"state_writes":{"accounts":3,"accounts_deleted":0,"storage_slots":85,"storage_slots_deleted":0,"code":0,"code_bytes":0},"cache":{"account":{"hits":5,"misses":12,"hit_rate":29.411764705882355},"storage":{"hits":40,"misses":683,"hit_rate":5.532503457814661},"code":{"hits":11,"misses":0,"hit_rate":100,"hit_bytes":585,"miss_bytes":0}}}
INFO [06-01|17:31:14.598] Imported new potential chain segment     number=7894 hash=342aee..e57524 blocks=1 txs=1 mgas=5.908 elapsed=98.677ms    mgasps=59.874 triediffs=19.56MiB triedirty=11.48MiB
INFO [06-01|17:31:14.599] Chain head was updated                   number=7894 hash=342aee..e57524 root=454230..4c18e4 elapsed="77.841µs"
INFO [06-01|17:31:15.547] Submitted transaction                    hash=0x77978fb8705a1765bf47a7778ebc2f3b4db648881eab402a08eea914d58fb6b0 from=0x08aFeCda13D30eEB78B303b318f4E9F671C67856 nonce=1    recipient=0xf39Fd6e51aad88F6F4ce6aB8827279cffFb92266 value=940,529
INFO [06-01|17:31:15.609] Starting work on payload                 id=0x037d17fd7c10467c
INFO [06-01|17:31:15.640] Updated payload                          id=0x037d17fd7c10467c number=7895 hash=b131e4..f0fb7f txs=1 withdrawals=0 gas=21000     fees=2.1e-14       root=c44a70..a68bfc elapsed=30.682ms
INFO [06-01|17:31:15.640] Stopping work on payload                 id=0x037d17fd7c10467c reason=delivery
WARN [06-01|17:31:15.663] {"level":"warn","msg":"Slow block","block":{"number":7895,"hash":"0xb131e41e9d04f0d851e1712403d5f81fd23da0ba62559dd86ccf0629bcf0fb7f","gas_used":21000,"tx_count":1},"timing":{"execution_ms":0.076841,"state_read_ms":4.20335,"state_hash_ms":9.92895,"commit_ms":0.480304,"total_ms":22.206695},"throughput":{"mgas_per_sec":0.9456607568123037},"state_reads":{"accounts":6,"storage_slots":0,"code":0,"code_bytes":0},"state_writes":{"accounts":2,"accounts_deleted":0,"storage_slots":0,"storage_slots_deleted":0,"code":0,"code_bytes":0},"cache":{"account":{"hits":2,"misses":4,"hit_rate":33.33333333333333},"storage":{"hits":0,"misses":0,"hit_rate":0},"code":{"hits":0,"misses":0,"hit_rate":0,"hit_bytes":0,"miss_bytes":0}}}
INFO [06-01|17:31:15.663] Imported new potential chain segment     number=7895 hash=b131e4..f0fb7f blocks=1 txs=1 mgas=0.021 elapsed=22.418ms    mgasps=0.937  triediffs=19.55MiB triedirty=11.49MiB
INFO [06-01|17:31:15.663] Chain head was updated                   number=7895 hash=b131e4..f0fb7f root=c44a70..a68bfc elapsed="41.211µs"
INFO [06-01|17:31:16.667] Starting work on payload                 id=0x0334546068078913
INFO [06-01|17:31:16.680] Updated payload                          id=0x0334546068078913 number=7896 hash=2b5ce3..456604 txs=0 withdrawals=0 gas=0         fees=0             root=c44a70..a68bfc elapsed=12.447ms
INFO [06-01|17:31:16.680] Stopping work on payload                 id=0x0334546068078913 reason=delivery
WARN [06-01|17:31:16.693] {"level":"warn","msg":"Slow block","block":{"number":7896,"hash":"0x2b5ce30a9153becba1d3d1af6070823970fcdd4d59e41fc4abe6ee7af0456604","gas_used":0,"tx_count":0},"timing":{"execution_ms":0.027011,"state_read_ms":13.184992,"state_hash_ms":0.001964,"commit_ms":0.121727,"total_ms":13.526496},"throughput":{"mgas_per_sec":0},"state_reads":{"accounts":4,"storage_slots":0,"code":0,"code_bytes":0},"state_writes":{"accounts":0,"accounts_deleted":0,"storage_slots":0,"storage_slots_deleted":0,"code":0,"code_bytes":0},"cache":{"account":{"hits":0,"misses":4,"hit_rate":0},"storage":{"hits":0,"misses":0,"hit_rate":0},"code":{"hits":0,"misses":0,"hit_rate":0,"hit_bytes":0,"miss_bytes":0}}}
INFO [06-01|17:31:16.694] Imported new potential chain segment     number=7896 hash=2b5ce3..456604 blocks=1 txs=0 mgas=0.000 elapsed=13.665ms    mgasps=0.000  triediffs=19.55MiB triedirty=11.49MiB
INFO [06-01|17:31:16.694] Chain head was updated                   number=7896 hash=2b5ce3..456604 root=c44a70..a68bfc elapsed="47.687µs"
