WARN [06-01|17:39:32.364] Unknown config environment variable      envvar=GETH_PBT_BIN
WARN [06-01|17:39:32.364] Unknown config environment variable      envvar=GETH_UBT_BIN
INFO [06-01|17:39:32.374] Starting Geth on Ethereum mainnet...
INFO [06-01|17:39:32.376] Maximum peer count                       ETH=0 total=0
INFO [06-01|17:39:32.377] Smartcard socket not found, disabling    err="stat /run/pcscd/pcscd.comm: no such file or directory"
WARN [06-01|17:39:32.382] Option --miner.etherbase is deprecated as the etherbase is set by the consensus client post-merge
INFO [06-01|17:39:32.385] Set global gas cap                       cap=50,000,000
INFO [06-01|17:39:33.175] Using developer account                  address=0xf39Fd6e51aad88F6F4ce6aB8827279cffFb92266
INFO [06-01|17:39:33.214] Using pebble as the backing database
INFO [06-01|17:39:33.214] Allocated cache and file handles         database=/mnt/state_expiry_vol_data/ubt-vs-pbt-dbs/pbt/geth/chaindata cache=2.00GiB handles=262,144
INFO [06-01|17:39:33.428] Opened ancient database                  database=/mnt/state_expiry_vol_data/ubt-vs-pbt-dbs/pbt/geth/chaindata/ancient/chain readonly=true
INFO [06-01|17:39:33.428] Opened Era store                         datadir=/mnt/state_expiry_vol_data/ubt-vs-pbt-dbs/pbt/geth/chaindata/ancient/chain/era
INFO [06-01|17:39:33.437] Initializing the KZG library             backend=gokzg
INFO [06-01|17:39:33.439] Allocated trie memory caches             clean=614.00MiB dirty=1.00GiB
INFO [06-01|17:39:33.447] Using pebble as the backing database
INFO [06-01|17:39:33.447] Allocated cache and file handles         database=/mnt/state_expiry_vol_data/ubt-vs-pbt-dbs/pbt/geth/chaindata cache=2.00GiB handles=262,144
INFO [06-01|17:39:33.653] Opened ancient database                  database=/mnt/state_expiry_vol_data/ubt-vs-pbt-dbs/pbt/geth/chaindata/ancient/chain readonly=false
INFO [06-01|17:39:33.653] Opened Era store                         datadir=/mnt/state_expiry_vol_data/ubt-vs-pbt-dbs/pbt/geth/chaindata/ancient/chain/era
INFO [06-01|17:39:33.660] State scheme set to already existing     scheme=path
INFO [06-01|17:39:33.660] Initialising Ethereum protocol           network=1337 dbversion=9
WARN [06-01|17:39:33.660] Sanitizing invalid node buffer size      provided=1.00GiB updated=256.00MiB
INFO [06-01|17:39:33.661] Load database journal from file          path=/mnt/state_expiry_vol_data/ubt-vs-pbt-dbs/pbt/geth/triedb/verkle.journal
INFO [06-01|17:39:33.946] Opened ancient database                  database=/mnt/state_expiry_vol_data/ubt-vs-pbt-dbs/pbt/geth/chaindata/ancient/state_verkle readonly=false
INFO [06-01|17:39:33.948] State snapshot generator is not compatible
INFO [06-01|17:39:33.948] Initialized path database                triecache=614.00MiB statecache=409.00MiB buffer=256.00MiB state-history="last 90000 blocks" journal-dir=/mnt/state_expiry_vol_data/ubt-vs-pbt-dbs/pbt/geth/triedb verkle=true
INFO [06-01|17:39:33.948] 
INFO [06-01|17:39:33.948] ---------------------------------------------------------------------------------------------------------------------------------------------------------
INFO [06-01|17:39:33.948] Chain ID:  1337 (unknown)
INFO [06-01|17:39:33.948] Consensus: unknown
INFO [06-01|17:39:33.948] 
INFO [06-01|17:39:33.948] Pre-Merge hard forks (block based):
INFO [06-01|17:39:33.948]  - Homestead:                   #0       
INFO [06-01|17:39:33.948]  - Tangerine Whistle (EIP 150): #0       
INFO [06-01|17:39:33.948]  - Spurious Dragon/1 (EIP 155): #0       
INFO [06-01|17:39:33.948]  - Spurious Dragon/2 (EIP 158): #0       
INFO [06-01|17:39:33.948]  - Byzantium:                   #0       
INFO [06-01|17:39:33.948]  - Constantinople:              #0       
INFO [06-01|17:39:33.948]  - Petersburg:                  #0       
INFO [06-01|17:39:33.948]  - Istanbul:                    #0       
INFO [06-01|17:39:33.948]  - Berlin:                      #0       
INFO [06-01|17:39:33.948]  - London:                      #0       
INFO [06-01|17:39:33.948]  - Arrow Glacier:               #0       
INFO [06-01|17:39:33.948]  - Gray Glacier:                #0       
INFO [06-01|17:39:33.948] 
INFO [06-01|17:39:33.948] Merge configured:
INFO [06-01|17:39:33.948]  - Total terminal difficulty:  0
INFO [06-01|17:39:33.948]  - Merge netsplit block:       #0       
INFO [06-01|17:39:33.948] 
INFO [06-01|17:39:33.948] Post-Merge hard forks (timestamp based):
INFO [06-01|17:39:33.948]  - Shanghai:                    @0         
INFO [06-01|17:39:33.948]  - Cancun:                      @0          blob: (target: 3, max: 6, fraction: 3338477)
INFO [06-01|17:39:33.948]  - Prague:                      @0          blob: (target: 6, max: 9, fraction: 5007716)
INFO [06-01|17:39:33.948]  - Osaka:                       @0          blob: (target: 6, max: 9, fraction: 5007716)
INFO [06-01|17:39:33.948]  - UBT:                         @0          blob: (nil)
INFO [06-01|17:39:33.948] 
INFO [06-01|17:39:33.948] All fork specifications can be found at https://ethereum.github.io/execution-specs/src/ethereum/forks/
INFO [06-01|17:39:33.948] 
INFO [06-01|17:39:33.948] ---------------------------------------------------------------------------------------------------------------------------------------------------------
INFO [06-01|17:39:33.948] 
INFO [06-01|17:39:33.950] Loaded most recent local block           number=8219 hash=732661..b5c96e age=3s
INFO [06-01|17:39:33.950] Loaded most recent local finalized block number=8192 hash=946fd0..236f9f age=41s
INFO [06-01|17:39:33.951] Initialized transaction indexer          range="last 2350000 blocks"
INFO [06-01|17:39:33.951] Initialized log indexer                  firstblock=0 lastblock=8219 firstmap=0 lastmap=0 headindexed=true
INFO [06-01|17:39:33.977] Enabled full-sync                        head=8219 hash=732661..b5c96e
INFO [06-01|17:39:33.977] Unprotected transactions allowed
INFO [06-01|17:39:33.977] Gasprice oracle is ignoring threshold set threshold=2
INFO [06-01|17:39:33.978] Registered sync override service
WARN [06-01|17:39:33.978] You are running Geth in --dev mode. Please note the following:
WARN [06-01|17:39:33.978] 
WARN [06-01|17:39:33.978]   1. This mode is only intended for fast, iterative development without assumptions on
WARN [06-01|17:39:33.978]      security or persistence.
WARN [06-01|17:39:33.978]   2. The database is created in memory unless specified otherwise. Therefore, shutting down
WARN [06-01|17:39:33.978]      your computer or losing power will wipe your entire block data and chain state for
WARN [06-01|17:39:33.978]      your dev environment.
WARN [06-01|17:39:33.978]   3. A random, pre-allocated developer account will be available and unlocked as
WARN [06-01|17:39:33.978]      eth.coinbase, which can be used for testing. The random dev account is temporary,
WARN [06-01|17:39:33.978]      stored on a ramdisk, and will be lost if your machine is restarted.
WARN [06-01|17:39:33.978]   4. Mining is enabled by default. However, the client will only seal blocks if transactions
WARN [06-01|17:39:33.978]      are pending in the mempool. The miner's minimum accepted gas price is 1.
WARN [06-01|17:39:33.978]   5. Networking is disabled; there is no listen-address, the maximum number of peers is set
WARN [06-01|17:39:33.978]      to 0, and discovery is disabled.
WARN [06-01|17:39:33.978] 
INFO [06-01|17:39:33.978] Starting peer-to-peer node               instance=Geth/v1.17.3-unstable/linux-amd64/go1.24.9
WARN [06-01|17:39:33.978] P2P server will be useless, neither dialing nor listening
INFO [06-01|17:39:33.993] IPC endpoint opened                      url=/mnt/state_expiry_vol_data/ubt-vs-pbt-dbs/pbt/geth.ipc
ERROR[06-01|17:39:33.993] Unavailable modules in HTTP API list     unavailable=[personal] available="[admin debug web3 eth txpool miner net dev testing]"
INFO [06-01|17:39:33.993] New local node record                    seq=1,780,292,695,422 id=972c5cc0b2a1895c ip=127.0.0.1 udp=0 tcp=0
INFO [06-01|17:39:33.993] Started P2P networking                   self=enode://16ec6c0bde109d66472afe00ec8fee3d30718d830d1acf0829842abca89b82afff8a454636cde3b26d700f98647938c6f23e7bee3027caca0d7f19e4b3725e13@127.0.0.1:0
INFO [06-01|17:39:33.994] HTTP server started                      endpoint=127.0.0.1:8545 auth=false prefix= cors= vhosts=localhost
INFO [06-01|17:39:33.994] WebSocket enabled                        url=ws://127.0.0.1:8546
INFO [06-01|17:39:34.599] Loaded local transaction journal         transactions=5465 dropped=0
INFO [06-01|17:39:34.988] Started log indexer
INFO [06-01|17:39:35.039] Starting work on payload                 id=0x0335526beeee95ca
INFO [06-01|17:39:35.058] Updated payload                          id=0x0335526beeee95ca number=8220 hash=edf404..1c615b txs=0 withdrawals=0 gas=0 fees=0 root=674737..a6a074 elapsed=18.843ms
INFO [06-01|17:39:35.058] Stopping work on payload                 id=0x0335526beeee95ca reason=delivery
WARN [06-01|17:39:35.063] {"level":"warn","msg":"Slow block","block":{"number":8220,"hash":"0xedf404e84eb9886b9853fac11ef282a8b0402be1ca726fbc755abfd4441c615b","gas_used":0,"tx_count":0},"timing":{"execution_ms":0.039394,"state_read_ms":2.913348,"state_hash_ms":0.002191,"commit_ms":0.253267,"total_ms":4.59291},"throughput":{"mgas_per_sec":0},"state_reads":{"accounts":4,"storage_slots":0,"code":0,"code_bytes":0},"state_writes":{"accounts":0,"accounts_deleted":0,"storage_slots":0,"storage_slots_deleted":0,"code":0,"code_bytes":0},"cache":{"account":{"hits":0,"misses":4,"hit_rate":0},"storage":{"hits":0,"misses":0,"hit_rate":0},"code":{"hits":0,"misses":0,"hit_rate":0,"hit_bytes":0,"miss_bytes":0}}}
INFO [06-01|17:39:35.063] Imported new potential chain segment     number=8220 hash=edf404..1c615b blocks=1 txs=0 mgas=0.000 elapsed=4.975ms  mgasps=0.000 triediffs=9.39MiB triedirty=12.55MiB
INFO [06-01|17:39:35.063] Chain head was updated                   number=8220 hash=edf404..1c615b root=674737..a6a074 elapsed="75.463µs"
INFO [06-01|17:39:36.086] Starting work on payload                 id=0x03273bfe62d3a371
INFO [06-01|17:39:36.113] Updated payload                          id=0x03273bfe62d3a371 number=8221 hash=55498e..d3cf8b txs=0 withdrawals=0 gas=0 fees=0 root=674737..a6a074 elapsed=27.397ms
INFO [06-01|17:39:36.114] Stopping work on payload                 id=0x03273bfe62d3a371 reason=delivery
WARN [06-01|17:39:36.133] {"level":"warn","msg":"Slow block","block":{"number":8221,"hash":"0x55498e7f504d4c30a3004c26357f7be21d003ce5de01426d21d1c77696d3cf8b","gas_used":0,"tx_count":0},"timing":{"execution_ms":0.048541,"state_read_ms":18.307906,"state_hash_ms":0.002015,"commit_ms":0.137034,"total_ms":18.727988},"throughput":{"mgas_per_sec":0},"state_reads":{"accounts":4,"storage_slots":0,"code":0,"code_bytes":0},"state_writes":{"accounts":0,"accounts_deleted":0,"storage_slots":0,"storage_slots_deleted":0,"code":0,"code_bytes":0},"cache":{"account":{"hits":0,"misses":4,"hit_rate":0},"storage":{"hits":0,"misses":0,"hit_rate":0},"code":{"hits":0,"misses":0,"hit_rate":0,"hit_bytes":0,"miss_bytes":0}}}
INFO [06-01|17:39:36.133] Imported new potential chain segment     number=8221 hash=55498e..d3cf8b blocks=1 txs=0 mgas=0.000 elapsed=18.957ms   mgasps=0.000 triediffs=9.39MiB triedirty=12.55MiB
INFO [06-01|17:39:36.133] Chain head was updated                   number=8221 hash=55498e..d3cf8b root=674737..a6a074 elapsed="46.211µs"
INFO [06-01|17:39:37.153] Starting work on payload                 id=0x030acbfb190a1c8f
INFO [06-01|17:39:37.169] Updated payload                          id=0x030acbfb190a1c8f number=8222 hash=7ed83c..d9e837 txs=0 withdrawals=0 gas=0 fees=0 root=674737..a6a074 elapsed=16.105ms
INFO [06-01|17:39:37.169] Stopping work on payload                 id=0x030acbfb190a1c8f reason=delivery
WARN [06-01|17:39:37.174] {"level":"warn","msg":"Slow block","block":{"number":8222,"hash":"0x7ed83cd0f76f62de97275a0c65e6fe4638009b6e04f0dc169deb99955cd9e837","gas_used":0,"tx_count":0},"timing":{"execution_ms":0.029041,"state_read_ms":3.17193,"state_hash_ms":0.001855,"commit_ms":1.121542,"total_ms":4.477829},"throughput":{"mgas_per_sec":0},"state_reads":{"accounts":4,"storage_slots":0,"code":0,"code_bytes":0},"state_writes":{"accounts":0,"accounts_deleted":0,"storage_slots":0,"storage_slots_deleted":0,"code":0,"code_bytes":0},"cache":{"account":{"hits":0,"misses":4,"hit_rate":0},"storage":{"hits":0,"misses":0,"hit_rate":0},"code":{"hits":0,"misses":0,"hit_rate":0,"hit_bytes":0,"miss_bytes":0}}}
INFO [06-01|17:39:37.174] Imported new potential chain segment     number=8222 hash=7ed83c..d9e837 blocks=1 txs=0 mgas=0.000 elapsed=4.688ms    mgasps=0.000 triediffs=9.39MiB triedirty=12.55MiB
INFO [06-01|17:39:37.174] Chain head was updated                   number=8222 hash=7ed83c..d9e837 root=674737..a6a074 elapsed="58.698µs"
INFO [06-01|17:39:37.412] Submitted contract creation              hash=0x583e4a8c0ffcb95b0b2e8c4ef966cd002a43614e2c9db02546379f00522fda32 from=0xf39Fd6e51aad88F6F4ce6aB8827279cffFb92266 nonce=2477 contract=0x1D7509613056c3d6D319C599aBaB85A57E731FB3 value=0
INFO [06-01|17:39:37.413] Submitted transaction                    hash=0xdb5748eb263eb9def7445ed9ee8569c37a6398d3c4e1bc20a88042c9f878a1db from=0xf39Fd6e51aad88F6F4ce6aB8827279cffFb92266 nonce=2478 recipient=0x197850a7692A52a860399207D2494f60205dB38B value=78,000,000
INFO [06-01|17:39:38.192] Starting work on payload                 id=0x03a01c403ff3de0e
INFO [06-01|17:39:38.250] Updated payload                          id=0x03a01c403ff3de0e number=8223 hash=9cc640..4ac5f9 txs=2 withdrawals=0 gas=91698 fees=5.50188e-13 root=fcd364..83c429 elapsed=58.269ms
INFO [06-01|17:39:38.250] Stopping work on payload                 id=0x03a01c403ff3de0e reason=delivery
WARN [06-01|17:39:38.281] {"level":"warn","msg":"Slow block","block":{"number":8223,"hash":"0x9cc64043b1228349799ac89d00abf2ad851b420af7fc5d8ee91bc6aac34ac5f9","gas_used":91698,"tx_count":2},"timing":{"execution_ms":0.11816,"state_read_ms":18.832259,"state_hash_ms":4.649226,"commit_ms":6.014251,"total_ms":29.870185},"throughput":{"mgas_per_sec":3.069883899279499},"state_reads":{"accounts":11,"storage_slots":0,"code":0,"code_bytes":0},"state_writes":{"accounts":3,"accounts_deleted":0,"storage_slots":0,"storage_slots_deleted":0,"code":1,"code_bytes":305},"cache":{"account":{"hits":6,"misses":5,"hit_rate":54.54545454545454},"storage":{"hits":0,"misses":0,"hit_rate":0},"code":{"hits":0,"misses":0,"hit_rate":0,"hit_bytes":0,"miss_bytes":0}}}
INFO [06-01|17:39:38.281] Imported new potential chain segment     number=8223 hash=9cc640..4ac5f9 blocks=1 txs=2 mgas=0.092 elapsed=30.105ms   mgasps=3.046 triediffs=9.37MiB triedirty=12.56MiB
INFO [06-01|17:39:38.281] Chain head was updated                   number=8223 hash=9cc640..4ac5f9 root=fcd364..83c429 elapsed="239.983µs"
INFO [06-01|17:39:38.424] Submitted transaction                    hash=0x2018881303645b17c5ac340d23922e4262479d3820d9f6c0d4e922e9b6290acf from=0x197850a7692A52a860399207D2494f60205dB38B nonce=0    recipient=0x1D7509613056c3d6D319C599aBaB85A57E731FB3 value=0
INFO [06-01|17:39:39.286] Starting work on payload                 id=0x030199b7b6abdfce
INFO [06-01|17:39:39.407] Updated payload                          id=0x030199b7b6abdfce number=8224 hash=15ad68..146753 txs=1 withdrawals=0 gas=5,919,252 fees=3.5515512e-11 root=d8d34c..affa7b elapsed=120.798ms
INFO [06-01|17:39:39.407] Stopping work on payload                 id=0x030199b7b6abdfce reason=delivery
WARN [06-01|17:39:39.490] {"level":"warn","msg":"Slow block","block":{"number":8224,"hash":"0x15ad689d3145295f5cd097a2b6fbb636926d4b49fa9f6f6dec07a647b7146753","gas_used":5919252,"tx_count":1},"timing":{"execution_ms":36.556123,"state_read_ms":17.310144,"state_hash_ms":24.087685,"commit_ms":3.586152,"total_ms":82.23264},"throughput":{"mgas_per_sec":71.9817824163252},"state_reads":{"accounts":263,"storage_slots":814,"code":257,"code_bytes":7473},"state_writes":{"accounts":47,"accounts_deleted":0,"storage_slots":72,"storage_slots_deleted":0,"code":0,"code_bytes":0},"cache":{"account":{"hits":156,"misses":107,"hit_rate":59.31558935361216},"storage":{"hits":430,"misses":384,"hit_rate":52.825552825552826},"code":{"hits":257,"misses":0,"hit_rate":100,"hit_bytes":7473,"miss_bytes":0}}}
INFO [06-01|17:39:39.490] Imported new potential chain segment     number=8224 hash=15ad68..146753 blocks=1 txs=1 mgas=5.919 elapsed=82.464ms    mgasps=71.779 triediffs=9.72MiB triedirty=12.56MiB
INFO [06-01|17:39:39.490] Chain head was updated                   number=8224 hash=15ad68..146753 root=d8d34c..affa7b elapsed="109.664µs"
INFO [06-01|17:39:40.454] Submitted transaction                    hash=0xa1b5b85713fb07351cc71b22a08ba2ff64adde90a1a47c7f8ce8c01814acb977 from=0x197850a7692A52a860399207D2494f60205dB38B nonce=1    recipient=0xf39Fd6e51aad88F6F4ce6aB8827279cffFb92266 value=797,724
INFO [06-01|17:39:40.495] Starting work on payload                 id=0x0300eeb957a0c8c3
INFO [06-01|17:39:40.522] Updated payload                          id=0x0300eeb957a0c8c3 number=8225 hash=848371..75f803 txs=1 withdrawals=0 gas=21000     fees=2.1e-14       root=5d0ace..8425a3 elapsed=26.805ms
INFO [06-01|17:39:40.522] Stopping work on payload                 id=0x0300eeb957a0c8c3 reason=delivery
WARN [06-01|17:39:40.543] {"level":"warn","msg":"Slow block","block":{"number":8225,"hash":"0x848371c6b13890e8e45c0e5d0ca2fd843378bda35a203682900784ce8275f803","gas_used":21000,"tx_count":1},"timing":{"execution_ms":0.05548,"state_read_ms":13.174906,"state_hash_ms":6.570374,"commit_ms":0.476472,"total_ms":20.503359},"throughput":{"mgas_per_sec":1.0242224213115518},"state_reads":{"accounts":6,"storage_slots":0,"code":0,"code_bytes":0},"state_writes":{"accounts":2,"accounts_deleted":0,"storage_slots":0,"storage_slots_deleted":0,"code":0,"code_bytes":0},"cache":{"account":{"hits":2,"misses":4,"hit_rate":33.33333333333333},"storage":{"hits":0,"misses":0,"hit_rate":0},"code":{"hits":0,"misses":0,"hit_rate":0,"hit_bytes":0,"miss_bytes":0}}}
INFO [06-01|17:39:40.543] Imported new potential chain segment     number=8225 hash=848371..75f803 blocks=1 txs=1 mgas=0.021 elapsed=20.637ms    mgasps=1.018  triediffs=9.72MiB triedirty=12.57MiB
INFO [06-01|17:39:40.543] Chain head was updated                   number=8225 hash=848371..75f803 root=5d0ace..8425a3 elapsed="42.028µs"
INFO [06-01|17:39:41.549] Starting work on payload                 id=0x03b8598e4ad6a1e6
INFO [06-01|17:39:41.566] Updated payload                          id=0x03b8598e4ad6a1e6 number=8226 hash=23901d..b0970b txs=0 withdrawals=0 gas=0         fees=0             root=5d0ace..8425a3 elapsed=17.491ms
INFO [06-01|17:39:41.567] Stopping work on payload                 id=0x03b8598e4ad6a1e6 reason=delivery
WARN [06-01|17:39:41.580] {"level":"warn","msg":"Slow block","block":{"number":8226,"hash":"0x23901dc16f6eb335d2367796446d977b22d152ad07a114b5ffa381c2d8b0970b","gas_used":0,"tx_count":0},"timing":{"execution_ms":0.028445,"state_read_ms":13.126751,"state_hash_ms":0.002124,"commit_ms":0.122602,"total_ms":13.427764},"throughput":{"mgas_per_sec":0},"state_reads":{"accounts":4,"storage_slots":0,"code":0,"code_bytes":0},"state_writes":{"accounts":0,"accounts_deleted":0,"storage_slots":0,"storage_slots_deleted":0,"code":0,"code_bytes":0},"cache":{"account":{"hits":0,"misses":4,"hit_rate":0},"storage":{"hits":0,"misses":0,"hit_rate":0},"code":{"hits":0,"misses":0,"hit_rate":0,"hit_bytes":0,"miss_bytes":0}}}
INFO [06-01|17:39:41.580] Imported new potential chain segment     number=8226 hash=23901d..b0970b blocks=1 txs=0 mgas=0.000 elapsed=13.549ms    mgasps=0.000  triediffs=9.72MiB triedirty=12.57MiB
INFO [06-01|17:39:41.580] Chain head was updated                   number=8226 hash=23901d..b0970b root=5d0ace..8425a3 elapsed="39.744µs"
