WARN [06-01|17:22:32.000] Unknown config environment variable      envvar=GETH_PBT_BIN
WARN [06-01|17:22:32.000] Unknown config environment variable      envvar=GETH_UBT_BIN
INFO [06-01|17:22:32.011] Starting Geth on Ethereum mainnet...
INFO [06-01|17:22:32.012] Maximum peer count                       ETH=0 total=0
INFO [06-01|17:22:32.014] Smartcard socket not found, disabling    err="stat /run/pcscd/pcscd.comm: no such file or directory"
WARN [06-01|17:22:32.018] Option --miner.etherbase is deprecated as the etherbase is set by the consensus client post-merge
INFO [06-01|17:22:32.021] Set global gas cap                       cap=50,000,000
INFO [06-01|17:22:32.869] Using developer account                  address=0xf39Fd6e51aad88F6F4ce6aB8827279cffFb92266
INFO [06-01|17:22:32.908] Using pebble as the backing database
INFO [06-01|17:22:32.908] Allocated cache and file handles         database=/mnt/state_expiry_vol_data/ubt-vs-pbt-dbs/pbt/geth/chaindata cache=2.00GiB handles=262,144
INFO [06-01|17:22:33.144] Opened ancient database                  database=/mnt/state_expiry_vol_data/ubt-vs-pbt-dbs/pbt/geth/chaindata/ancient/chain readonly=true
INFO [06-01|17:22:33.144] Opened Era store                         datadir=/mnt/state_expiry_vol_data/ubt-vs-pbt-dbs/pbt/geth/chaindata/ancient/chain/era
INFO [06-01|17:22:33.153] Initializing the KZG library             backend=gokzg
INFO [06-01|17:22:33.156] Allocated trie memory caches             clean=614.00MiB dirty=1.00GiB
INFO [06-01|17:22:33.165] Using pebble as the backing database
INFO [06-01|17:22:33.165] Allocated cache and file handles         database=/mnt/state_expiry_vol_data/ubt-vs-pbt-dbs/pbt/geth/chaindata cache=2.00GiB handles=262,144
INFO [06-01|17:22:33.393] Opened ancient database                  database=/mnt/state_expiry_vol_data/ubt-vs-pbt-dbs/pbt/geth/chaindata/ancient/chain readonly=false
INFO [06-01|17:22:33.393] Opened Era store                         datadir=/mnt/state_expiry_vol_data/ubt-vs-pbt-dbs/pbt/geth/chaindata/ancient/chain/era
INFO [06-01|17:22:33.399] State scheme set to already existing     scheme=path
INFO [06-01|17:22:33.399] Initialising Ethereum protocol           network=1337 dbversion=9
WARN [06-01|17:22:33.399] Sanitizing invalid node buffer size      provided=1.00GiB updated=256.00MiB
INFO [06-01|17:22:33.400] Load database journal from file          path=/mnt/state_expiry_vol_data/ubt-vs-pbt-dbs/pbt/geth/triedb/verkle.journal
INFO [06-01|17:22:33.738] Opened ancient database                  database=/mnt/state_expiry_vol_data/ubt-vs-pbt-dbs/pbt/geth/chaindata/ancient/state_verkle readonly=false
INFO [06-01|17:22:33.739] State snapshot generator is not compatible
INFO [06-01|17:22:33.739] Initialized path database                triecache=614.00MiB statecache=409.00MiB buffer=256.00MiB state-history="last 90000 blocks" journal-dir=/mnt/state_expiry_vol_data/ubt-vs-pbt-dbs/pbt/geth/triedb verkle=true
INFO [06-01|17:22:33.740] 
INFO [06-01|17:22:33.740] ---------------------------------------------------------------------------------------------------------------------------------------------------------
INFO [06-01|17:22:33.740] Chain ID:  1337 (unknown)
INFO [06-01|17:22:33.740] Consensus: unknown
INFO [06-01|17:22:33.740] 
INFO [06-01|17:22:33.740] Pre-Merge hard forks (block based):
INFO [06-01|17:22:33.740]  - Homestead:                   #0       
INFO [06-01|17:22:33.740]  - Tangerine Whistle (EIP 150): #0       
INFO [06-01|17:22:33.740]  - Spurious Dragon/1 (EIP 155): #0       
INFO [06-01|17:22:33.740]  - Spurious Dragon/2 (EIP 158): #0       
INFO [06-01|17:22:33.740]  - Byzantium:                   #0       
INFO [06-01|17:22:33.740]  - Constantinople:              #0       
INFO [06-01|17:22:33.740]  - Petersburg:                  #0       
INFO [06-01|17:22:33.740]  - Istanbul:                    #0       
INFO [06-01|17:22:33.740]  - Berlin:                      #0       
INFO [06-01|17:22:33.740]  - London:                      #0       
INFO [06-01|17:22:33.740]  - Arrow Glacier:               #0       
INFO [06-01|17:22:33.740]  - Gray Glacier:                #0       
INFO [06-01|17:22:33.740] 
INFO [06-01|17:22:33.740] Merge configured:
INFO [06-01|17:22:33.740]  - Total terminal difficulty:  0
INFO [06-01|17:22:33.740]  - Merge netsplit block:       #0       
INFO [06-01|17:22:33.740] 
INFO [06-01|17:22:33.740] Post-Merge hard forks (timestamp based):
INFO [06-01|17:22:33.740]  - Shanghai:                    @0         
INFO [06-01|17:22:33.740]  - Cancun:                      @0          blob: (target: 3, max: 6, fraction: 3338477)
INFO [06-01|17:22:33.740]  - Prague:                      @0          blob: (target: 6, max: 9, fraction: 5007716)
INFO [06-01|17:22:33.740]  - Osaka:                       @0          blob: (target: 6, max: 9, fraction: 5007716)
INFO [06-01|17:22:33.740]  - UBT:                         @0          blob: (nil)
INFO [06-01|17:22:33.740] 
INFO [06-01|17:22:33.740] All fork specifications can be found at https://ethereum.github.io/execution-specs/src/ethereum/forks/
INFO [06-01|17:22:33.740] 
INFO [06-01|17:22:33.740] ---------------------------------------------------------------------------------------------------------------------------------------------------------
INFO [06-01|17:22:33.740] 
INFO [06-01|17:22:33.741] Loaded most recent local block           number=7594 hash=533200..e9ba22 age=3s
INFO [06-01|17:22:33.742] Loaded most recent local finalized block number=7584 hash=bbbe11..4d9648 age=17s
INFO [06-01|17:22:33.742] Initialized transaction indexer          range="last 2350000 blocks"
INFO [06-01|17:22:33.742] Initialized log indexer                  firstblock=0 lastblock=7594 firstmap=0 lastmap=0 headindexed=true
INFO [06-01|17:22:33.770] Enabled full-sync                        head=7594 hash=533200..e9ba22
INFO [06-01|17:22:33.770] Unprotected transactions allowed
INFO [06-01|17:22:33.770] Gasprice oracle is ignoring threshold set threshold=2
INFO [06-01|17:22:33.770] Registered sync override service
WARN [06-01|17:22:33.770] You are running Geth in --dev mode. Please note the following:
WARN [06-01|17:22:33.770] 
WARN [06-01|17:22:33.770]   1. This mode is only intended for fast, iterative development without assumptions on
WARN [06-01|17:22:33.770]      security or persistence.
WARN [06-01|17:22:33.770]   2. The database is created in memory unless specified otherwise. Therefore, shutting down
WARN [06-01|17:22:33.770]      your computer or losing power will wipe your entire block data and chain state for
WARN [06-01|17:22:33.770]      your dev environment.
WARN [06-01|17:22:33.770]   3. A random, pre-allocated developer account will be available and unlocked as
WARN [06-01|17:22:33.770]      eth.coinbase, which can be used for testing. The random dev account is temporary,
WARN [06-01|17:22:33.770]      stored on a ramdisk, and will be lost if your machine is restarted.
WARN [06-01|17:22:33.770]   4. Mining is enabled by default. However, the client will only seal blocks if transactions
WARN [06-01|17:22:33.770]      are pending in the mempool. The miner's minimum accepted gas price is 1.
WARN [06-01|17:22:33.770]   5. Networking is disabled; there is no listen-address, the maximum number of peers is set
WARN [06-01|17:22:33.770]      to 0, and discovery is disabled.
WARN [06-01|17:22:33.770] 
INFO [06-01|17:22:33.770] Starting peer-to-peer node               instance=Geth/v1.17.3-unstable/linux-amd64/go1.24.9
WARN [06-01|17:22:33.770] P2P server will be useless, neither dialing nor listening
INFO [06-01|17:22:33.785] IPC endpoint opened                      url=/mnt/state_expiry_vol_data/ubt-vs-pbt-dbs/pbt/geth.ipc
ERROR[06-01|17:22:33.785] Unavailable modules in HTTP API list     unavailable=[personal] available="[admin debug web3 eth txpool miner net dev testing]"
INFO [06-01|17:22:33.785] New local node record                    seq=1,780,292,695,325 id=972c5cc0b2a1895c ip=127.0.0.1 udp=0 tcp=0
INFO [06-01|17:22:33.785] Started P2P networking                   self=enode://16ec6c0bde109d66472afe00ec8fee3d30718d830d1acf0829842abca89b82afff8a454636cde3b26d700f98647938c6f23e7bee3027caca0d7f19e4b3725e13@127.0.0.1:0
INFO [06-01|17:22:33.786] HTTP server started                      endpoint=127.0.0.1:8545 auth=false prefix= cors= vhosts=localhost
INFO [06-01|17:22:33.786] WebSocket enabled                        url=ws://127.0.0.1:8546
INFO [06-01|17:22:34.344] Loaded local transaction journal         transactions=5077 dropped=0
INFO [06-01|17:22:34.730] Started log indexer
INFO [06-01|17:22:34.785] Starting work on payload                 id=0x030e4478a37fbc3b
INFO [06-01|17:22:34.810] Updated payload                          id=0x030e4478a37fbc3b number=7595 hash=e5de66..b5208d txs=0 withdrawals=0 gas=0 fees=0 root=ac9bf0..d68f67 elapsed=25.094ms
INFO [06-01|17:22:34.810] Stopping work on payload                 id=0x030e4478a37fbc3b reason=delivery
WARN [06-01|17:22:34.816] {"level":"warn","msg":"Slow block","block":{"number":7595,"hash":"0xe5de66e8d7aeb90d9f605a71c9f8a2c80a856cc7d88aca1924d35e5ed7b5208d","gas_used":0,"tx_count":0},"timing":{"execution_ms":0.045757,"state_read_ms":4.808246,"state_hash_ms":0.00228,"commit_ms":0.246605,"total_ms":5.331701},"throughput":{"mgas_per_sec":0},"state_reads":{"accounts":4,"storage_slots":0,"code":0,"code_bytes":0},"state_writes":{"accounts":0,"accounts_deleted":0,"storage_slots":0,"storage_slots_deleted":0,"code":0,"code_bytes":0},"cache":{"account":{"hits":0,"misses":4,"hit_rate":0},"storage":{"hits":0,"misses":0,"hit_rate":0},"code":{"hits":0,"misses":0,"hit_rate":0,"hit_bytes":0,"miss_bytes":0}}}
INFO [06-01|17:22:34.816] Imported new potential chain segment     number=7595 hash=e5de66..b5208d blocks=1 txs=0 mgas=0.000 elapsed=5.817ms  mgasps=0.000 triediffs=17.81MiB triedirty=9.36MiB
INFO [06-01|17:22:34.817] Chain head was updated                   number=7595 hash=e5de66..b5208d root=ac9bf0..d68f67 elapsed="87.301µs"
INFO [06-01|17:22:35.844] Starting work on payload                 id=0x03d43ce743f5b591
INFO [06-01|17:22:35.860] Updated payload                          id=0x03d43ce743f5b591 number=7596 hash=498472..e1936b txs=0 withdrawals=0 gas=0 fees=0 root=ac9bf0..d68f67 elapsed=16.532ms
INFO [06-01|17:22:35.860] Stopping work on payload                 id=0x03d43ce743f5b591 reason=delivery
WARN [06-01|17:22:35.864] {"level":"warn","msg":"Slow block","block":{"number":7596,"hash":"0x498472ababf4b4dcabc57fb681f53e5edac6512d921346b378bbe9f82ae1936b","gas_used":0,"tx_count":0},"timing":{"execution_ms":0.026782,"state_read_ms":2.935836,"state_hash_ms":0.001896,"commit_ms":0.13326,"total_ms":3.274646},"throughput":{"mgas_per_sec":0},"state_reads":{"accounts":4,"storage_slots":0,"code":0,"code_bytes":0},"state_writes":{"accounts":0,"accounts_deleted":0,"storage_slots":0,"storage_slots_deleted":0,"code":0,"code_bytes":0},"cache":{"account":{"hits":0,"misses":4,"hit_rate":0},"storage":{"hits":0,"misses":0,"hit_rate":0},"code":{"hits":0,"misses":0,"hit_rate":0,"hit_bytes":0,"miss_bytes":0}}}
INFO [06-01|17:22:35.864] Imported new potential chain segment     number=7596 hash=498472..e1936b blocks=1 txs=0 mgas=0.000 elapsed=3.515ms    mgasps=0.000 triediffs=17.81MiB triedirty=9.36MiB
INFO [06-01|17:22:35.864] Chain head was updated                   number=7596 hash=498472..e1936b root=ac9bf0..d68f67 elapsed="51.79µs"
INFO [06-01|17:22:36.897] Starting work on payload                 id=0x03cebc9087d66334
INFO [06-01|17:22:36.916] Updated payload                          id=0x03cebc9087d66334 number=7597 hash=4e4bb9..7857c4 txs=0 withdrawals=0 gas=0 fees=0 root=ac9bf0..d68f67 elapsed=18.825ms
INFO [06-01|17:22:36.921] Stopping work on payload                 id=0x03cebc9087d66334 reason=delivery
WARN [06-01|17:22:36.928] {"level":"warn","msg":"Slow block","block":{"number":7597,"hash":"0x4e4bb96bc3121180844fce8685502f07bd3e80951f33d8b950c1c2b3687857c4","gas_used":0,"tx_count":0},"timing":{"execution_ms":0.056805,"state_read_ms":10.121413,"state_hash_ms":0.003669,"commit_ms":0.181537,"total_ms":10.841303},"throughput":{"mgas_per_sec":0},"state_reads":{"accounts":4,"storage_slots":0,"code":0,"code_bytes":0},"state_writes":{"accounts":0,"accounts_deleted":0,"storage_slots":0,"storage_slots_deleted":0,"code":0,"code_bytes":0},"cache":{"account":{"hits":0,"misses":4,"hit_rate":0},"storage":{"hits":0,"misses":0,"hit_rate":0},"code":{"hits":0,"misses":0,"hit_rate":0,"hit_bytes":0,"miss_bytes":0}}}
INFO [06-01|17:22:36.928] Imported new potential chain segment     number=7597 hash=4e4bb9..7857c4 blocks=1 txs=0 mgas=0.000 elapsed=11.097ms   mgasps=0.000 triediffs=17.81MiB triedirty=9.36MiB
INFO [06-01|17:22:36.928] Chain head was updated                   number=7597 hash=4e4bb9..7857c4 root=ac9bf0..d68f67 elapsed="45.547µs"
INFO [06-01|17:22:37.019] Submitted contract creation              hash=0xb5811c83c0680f420e6a43c3d8641ca425f772fb5f3f655bd78d2396e8b4447a from=0xf39Fd6e51aad88F6F4ce6aB8827279cffFb92266 nonce=2283 contract=0x879580935D01106fdaC4E62E7ca75a3Ba703a9a9 value=0
INFO [06-01|17:22:37.019] Submitted transaction                    hash=0x4de1112d24a8dd2ca630fcb0defd3b9270f4d7f99c13187a6a6d5ff3e7550ee0 from=0xf39Fd6e51aad88F6F4ce6aB8827279cffFb92266 nonce=2284 recipient=0x532c702D09B62A6Aa46C9CfD6E3e6157187fECEe value=78,000,000
INFO [06-01|17:22:37.951] Starting work on payload                 id=0x034166213381b8cb
INFO [06-01|17:22:37.988] Updated payload                          id=0x034166213381b8cb number=7598 hash=385d00..bac574 txs=2 withdrawals=0 gas=86926 fees=5.21556e-13 root=a85a8d..6edbad elapsed=37.098ms
INFO [06-01|17:22:37.988] Stopping work on payload                 id=0x034166213381b8cb reason=delivery
WARN [06-01|17:22:38.024] {"level":"warn","msg":"Slow block","block":{"number":7598,"hash":"0x385d000ae17470b5a74c690f5eeb172ab288c76d177c50b64c0f4affe8bac574","gas_used":86926,"tx_count":2},"timing":{"execution_ms":0.15767,"state_read_ms":27.344782,"state_hash_ms":3.490473,"commit_ms":4.611176,"total_ms":35.827228},"throughput":{"mgas_per_sec":2.4262552492199507},"state_reads":{"accounts":11,"storage_slots":0,"code":0,"code_bytes":0},"state_writes":{"accounts":3,"accounts_deleted":0,"storage_slots":0,"storage_slots_deleted":0,"code":1,"code_bytes":165},"cache":{"account":{"hits":5,"misses":6,"hit_rate":45.45454545454545},"storage":{"hits":0,"misses":0,"hit_rate":0},"code":{"hits":0,"misses":0,"hit_rate":0,"hit_bytes":0,"miss_bytes":0}}}
INFO [06-01|17:22:38.024] Imported new potential chain segment     number=7598 hash=385d00..bac574 blocks=1 txs=2 mgas=0.087 elapsed=36.026ms   mgasps=2.413 triediffs=17.76MiB triedirty=9.39MiB
INFO [06-01|17:22:38.024] Chain head was updated                   number=7598 hash=385d00..bac574 root=a85a8d..6edbad elapsed="173.759µs"
INFO [06-01|17:22:38.036] Submitted transaction                    hash=0x98df1edc24fa4945aa23b02d7c8955c4656245642e726444944d2a5ab8b5af7e from=0x532c702D09B62A6Aa46C9CfD6E3e6157187fECEe nonce=0    recipient=0x879580935D01106fdaC4E62E7ca75a3Ba703a9a9 value=0
INFO [06-01|17:22:39.030] Starting work on payload                 id=0x03c5c28c4055741a
INFO [06-01|17:22:39.326] Updated payload                          id=0x03c5c28c4055741a number=7599 hash=433a1b..d46cc9 txs=1 withdrawals=0 gas=5,903,542 fees=3.5421252e-11 root=4e870b..f996bf elapsed=295.993ms
INFO [06-01|17:22:39.326] Stopping work on payload                 id=0x03c5c28c4055741a reason=delivery
WARN [06-01|17:22:39.477] {"level":"warn","msg":"Slow block","block":{"number":7599,"hash":"0x433a1b42506ef8b50da185640fc0b8c741430d675da527fa99e908a2f2d46cc9","gas_used":5903542,"tx_count":1},"timing":{"execution_ms":4.552102,"state_read_ms":51.596726,"state_hash_ms":75.855514,"commit_ms":17.85305,"total_ms":150.599179},"throughput":{"mgas_per_sec":39.20035978416589},"state_reads":{"accounts":219,"storage_slots":212,"code":213,"code_bytes":6101},"state_writes":{"accounts":213,"accounts_deleted":0,"storage_slots":211,"storage_slots_deleted":0,"code":0,"code_bytes":0},"cache":{"account":{"hits":117,"misses":102,"hit_rate":53.42465753424658},"storage":{"hits":84,"misses":128,"hit_rate":39.62264150943396},"code":{"hits":213,"misses":0,"hit_rate":100,"hit_bytes":6101,"miss_bytes":0}}}
INFO [06-01|17:22:39.477] Imported new potential chain segment     number=7599 hash=433a1b..d46cc9 blocks=1 txs=1 mgas=5.904 elapsed=150.900ms   mgasps=39.122 triediffs=19.21MiB triedirty=9.39MiB
INFO [06-01|17:22:39.478] Chain head was updated                   number=7599 hash=433a1b..d46cc9 root=4e870b..f996bf elapsed="118.048µs"
INFO [06-01|17:22:40.061] Submitted transaction                    hash=0x793a32fe93d41bad5484ceb91df3cea10240362755fad9feb10f89adeb99a39f from=0x532c702D09B62A6Aa46C9CfD6E3e6157187fECEe nonce=1    recipient=0xf39Fd6e51aad88F6F4ce6aB8827279cffFb92266 value=1,001,954
INFO [06-01|17:22:40.483] Starting work on payload                 id=0x03934e299cf910ef
INFO [06-01|17:22:40.506] Updated payload                          id=0x03934e299cf910ef number=7600 hash=73a118..77dd42 txs=1 withdrawals=0 gas=21000     fees=2.1e-14       root=f7dddd..253ab7 elapsed=22.541ms
INFO [06-01|17:22:40.506] Stopping work on payload                 id=0x03934e299cf910ef reason=delivery
WARN [06-01|17:22:40.523] {"level":"warn","msg":"Slow block","block":{"number":7600,"hash":"0x73a118c4aa0230333aaf14862d2d9ac70d18ed447eafdd9f2bf6794c3a77dd42","gas_used":21000,"tx_count":1},"timing":{"execution_ms":0.399432,"state_read_ms":11.866427,"state_hash_ms":3.273012,"commit_ms":0.582647,"total_ms":16.400177},"throughput":{"mgas_per_sec":1.2804739851283313},"state_reads":{"accounts":6,"storage_slots":0,"code":0,"code_bytes":0},"state_writes":{"accounts":2,"accounts_deleted":0,"storage_slots":0,"storage_slots_deleted":0,"code":0,"code_bytes":0},"cache":{"account":{"hits":2,"misses":4,"hit_rate":33.33333333333333},"storage":{"hits":0,"misses":0,"hit_rate":0},"code":{"hits":0,"misses":0,"hit_rate":0,"hit_bytes":0,"miss_bytes":0}}}
INFO [06-01|17:22:40.523] Imported new potential chain segment     number=7600 hash=73a118..77dd42 blocks=1 txs=1 mgas=0.021 elapsed=16.519ms    mgasps=1.271  triediffs=19.21MiB triedirty=9.39MiB
INFO [06-01|17:22:40.523] Chain head was updated                   number=7600 hash=73a118..77dd42 root=f7dddd..253ab7 elapsed="65.695µs"
