WARN [06-01|17:21:17.120] Unknown config environment variable      envvar=GETH_PBT_BIN
WARN [06-01|17:21:17.120] Unknown config environment variable      envvar=GETH_UBT_BIN
INFO [06-01|17:21:17.130] Starting Geth on Ethereum mainnet...
INFO [06-01|17:21:17.132] Maximum peer count                       ETH=0 total=0
INFO [06-01|17:21:17.133] Smartcard socket not found, disabling    err="stat /run/pcscd/pcscd.comm: no such file or directory"
WARN [06-01|17:21:17.138] Option --miner.etherbase is deprecated as the etherbase is set by the consensus client post-merge
INFO [06-01|17:21:17.142] Set global gas cap                       cap=50,000,000
INFO [06-01|17:21:17.996] Using developer account                  address=0xf39Fd6e51aad88F6F4ce6aB8827279cffFb92266
INFO [06-01|17:21:18.033] Using pebble as the backing database
INFO [06-01|17:21:18.033] Allocated cache and file handles         database=/mnt/state_expiry_vol_data/ubt-vs-pbt-dbs/pbt/geth/chaindata cache=2.00GiB handles=262,144
INFO [06-01|17:21:18.249] Opened ancient database                  database=/mnt/state_expiry_vol_data/ubt-vs-pbt-dbs/pbt/geth/chaindata/ancient/chain readonly=true
INFO [06-01|17:21:18.249] Opened Era store                         datadir=/mnt/state_expiry_vol_data/ubt-vs-pbt-dbs/pbt/geth/chaindata/ancient/chain/era
INFO [06-01|17:21:18.256] Initializing the KZG library             backend=gokzg
INFO [06-01|17:21:18.257] Allocated trie memory caches             clean=614.00MiB dirty=1.00GiB
INFO [06-01|17:21:18.265] Using pebble as the backing database
INFO [06-01|17:21:18.265] Allocated cache and file handles         database=/mnt/state_expiry_vol_data/ubt-vs-pbt-dbs/pbt/geth/chaindata cache=2.00GiB handles=262,144
INFO [06-01|17:21:18.488] Opened ancient database                  database=/mnt/state_expiry_vol_data/ubt-vs-pbt-dbs/pbt/geth/chaindata/ancient/chain readonly=false
INFO [06-01|17:21:18.488] Opened Era store                         datadir=/mnt/state_expiry_vol_data/ubt-vs-pbt-dbs/pbt/geth/chaindata/ancient/chain/era
INFO [06-01|17:21:18.493] State scheme set to already existing     scheme=path
INFO [06-01|17:21:18.494] Initialising Ethereum protocol           network=1337 dbversion=9
WARN [06-01|17:21:18.494] Sanitizing invalid node buffer size      provided=1.00GiB updated=256.00MiB
INFO [06-01|17:21:18.495] Load database journal from file          path=/mnt/state_expiry_vol_data/ubt-vs-pbt-dbs/pbt/geth/triedb/verkle.journal
INFO [06-01|17:21:18.760] Opened ancient database                  database=/mnt/state_expiry_vol_data/ubt-vs-pbt-dbs/pbt/geth/chaindata/ancient/state_verkle readonly=false
INFO [06-01|17:21:18.761] State snapshot generator is not compatible
INFO [06-01|17:21:18.761] Initialized path database                triecache=614.00MiB statecache=409.00MiB buffer=256.00MiB state-history="last 90000 blocks" journal-dir=/mnt/state_expiry_vol_data/ubt-vs-pbt-dbs/pbt/geth/triedb verkle=true
INFO [06-01|17:21:18.762] 
INFO [06-01|17:21:18.762] ---------------------------------------------------------------------------------------------------------------------------------------------------------
INFO [06-01|17:21:18.762] Chain ID:  1337 (unknown)
INFO [06-01|17:21:18.762] Consensus: unknown
INFO [06-01|17:21:18.762] 
INFO [06-01|17:21:18.762] Pre-Merge hard forks (block based):
INFO [06-01|17:21:18.762]  - Homestead:                   #0       
INFO [06-01|17:21:18.762]  - Tangerine Whistle (EIP 150): #0       
INFO [06-01|17:21:18.762]  - Spurious Dragon/1 (EIP 155): #0       
INFO [06-01|17:21:18.762]  - Spurious Dragon/2 (EIP 158): #0       
INFO [06-01|17:21:18.762]  - Byzantium:                   #0       
INFO [06-01|17:21:18.762]  - Constantinople:              #0       
INFO [06-01|17:21:18.762]  - Petersburg:                  #0       
INFO [06-01|17:21:18.762]  - Istanbul:                    #0       
INFO [06-01|17:21:18.762]  - Berlin:                      #0       
INFO [06-01|17:21:18.762]  - London:                      #0       
INFO [06-01|17:21:18.762]  - Arrow Glacier:               #0       
INFO [06-01|17:21:18.762]  - Gray Glacier:                #0       
INFO [06-01|17:21:18.762] 
INFO [06-01|17:21:18.762] Merge configured:
INFO [06-01|17:21:18.762]  - Total terminal difficulty:  0
INFO [06-01|17:21:18.762]  - Merge netsplit block:       #0       
INFO [06-01|17:21:18.762] 
INFO [06-01|17:21:18.762] Post-Merge hard forks (timestamp based):
INFO [06-01|17:21:18.762]  - Shanghai:                    @0         
INFO [06-01|17:21:18.762]  - Cancun:                      @0          blob: (target: 3, max: 6, fraction: 3338477)
INFO [06-01|17:21:18.762]  - Prague:                      @0          blob: (target: 6, max: 9, fraction: 5007716)
INFO [06-01|17:21:18.762]  - Osaka:                       @0          blob: (target: 6, max: 9, fraction: 5007716)
INFO [06-01|17:21:18.762]  - UBT:                         @0          blob: (nil)
INFO [06-01|17:21:18.762] 
INFO [06-01|17:21:18.762] All fork specifications can be found at https://ethereum.github.io/execution-specs/src/ethereum/forks/
INFO [06-01|17:21:18.762] 
INFO [06-01|17:21:18.762] ---------------------------------------------------------------------------------------------------------------------------------------------------------
INFO [06-01|17:21:18.762] 
INFO [06-01|17:21:18.763] Loaded most recent local block           number=7545 hash=d49b7d..bd26d7 age=3s
INFO [06-01|17:21:18.763] Loaded most recent local finalized block number=7520 hash=05e774..f1bdd8 age=40s
INFO [06-01|17:21:18.764] Initialized transaction indexer          range="last 2350000 blocks"
INFO [06-01|17:21:18.764] Initialized log indexer                  firstblock=0 lastblock=7545 firstmap=0 lastmap=0 headindexed=true
INFO [06-01|17:21:18.790] Enabled full-sync                        head=7545 hash=d49b7d..bd26d7
INFO [06-01|17:21:18.791] Unprotected transactions allowed
INFO [06-01|17:21:18.791] Gasprice oracle is ignoring threshold set threshold=2
INFO [06-01|17:21:18.791] Registered sync override service
WARN [06-01|17:21:18.791] You are running Geth in --dev mode. Please note the following:
WARN [06-01|17:21:18.791] 
WARN [06-01|17:21:18.791]   1. This mode is only intended for fast, iterative development without assumptions on
WARN [06-01|17:21:18.791]      security or persistence.
WARN [06-01|17:21:18.791]   2. The database is created in memory unless specified otherwise. Therefore, shutting down
WARN [06-01|17:21:18.791]      your computer or losing power will wipe your entire block data and chain state for
WARN [06-01|17:21:18.791]      your dev environment.
WARN [06-01|17:21:18.791]   3. A random, pre-allocated developer account will be available and unlocked as
WARN [06-01|17:21:18.791]      eth.coinbase, which can be used for testing. The random dev account is temporary,
WARN [06-01|17:21:18.791]      stored on a ramdisk, and will be lost if your machine is restarted.
WARN [06-01|17:21:18.791]   4. Mining is enabled by default. However, the client will only seal blocks if transactions
WARN [06-01|17:21:18.791]      are pending in the mempool. The miner's minimum accepted gas price is 1.
WARN [06-01|17:21:18.791]   5. Networking is disabled; there is no listen-address, the maximum number of peers is set
WARN [06-01|17:21:18.791]      to 0, and discovery is disabled.
WARN [06-01|17:21:18.791] 
INFO [06-01|17:21:18.791] Starting peer-to-peer node               instance=Geth/v1.17.3-unstable/linux-amd64/go1.24.9
WARN [06-01|17:21:18.791] P2P server will be useless, neither dialing nor listening
INFO [06-01|17:21:18.808] IPC endpoint opened                      url=/mnt/state_expiry_vol_data/ubt-vs-pbt-dbs/pbt/geth.ipc
ERROR[06-01|17:21:18.808] Unavailable modules in HTTP API list     unavailable=[personal] available="[admin debug web3 eth txpool miner net dev testing]"
INFO [06-01|17:21:18.808] New local node record                    seq=1,780,292,695,318 id=972c5cc0b2a1895c ip=127.0.0.1 udp=0 tcp=0
INFO [06-01|17:21:18.808] Started P2P networking                   self=enode://16ec6c0bde109d66472afe00ec8fee3d30718d830d1acf0829842abca89b82afff8a454636cde3b26d700f98647938c6f23e7bee3027caca0d7f19e4b3725e13@127.0.0.1:0
INFO [06-01|17:21:18.809] HTTP server started                      endpoint=127.0.0.1:8545 auth=false prefix= cors= vhosts=localhost
INFO [06-01|17:21:18.809] WebSocket enabled                        url=ws://127.0.0.1:8546
INFO [06-01|17:21:19.344] Loaded local transaction journal         transactions=5049 dropped=0
INFO [06-01|17:21:19.772] Started log indexer
INFO [06-01|17:21:19.822] Starting work on payload                 id=0x03ded8de16326f8c
INFO [06-01|17:21:19.837] Updated payload                          id=0x03ded8de16326f8c number=7546 hash=82e5f6..e7f184 txs=0 withdrawals=0 gas=0 fees=0 root=87df38..728abf elapsed=14.771ms
INFO [06-01|17:21:19.837] Stopping work on payload                 id=0x03ded8de16326f8c reason=delivery
WARN [06-01|17:21:19.855] {"level":"warn","msg":"Slow block","block":{"number":7546,"hash":"0x82e5f6730d042714f55c9d70a55df4be2aaac0418ffcdd2c7ec757c87be7f184","gas_used":0,"tx_count":0},"timing":{"execution_ms":0.071952,"state_read_ms":16.237831,"state_hash_ms":0.003166,"commit_ms":0.282123,"total_ms":17.507104},"throughput":{"mgas_per_sec":0},"state_reads":{"accounts":4,"storage_slots":0,"code":0,"code_bytes":0},"state_writes":{"accounts":0,"accounts_deleted":0,"storage_slots":0,"storage_slots_deleted":0,"code":0,"code_bytes":0},"cache":{"account":{"hits":0,"misses":4,"hit_rate":0},"storage":{"hits":0,"misses":0,"hit_rate":0},"code":{"hits":0,"misses":0,"hit_rate":0,"hit_bytes":0,"miss_bytes":0}}}
INFO [06-01|17:21:19.855] Imported new potential chain segment     number=7546 hash=82e5f6..e7f184 blocks=1 txs=0 mgas=0.000 elapsed=17.963ms mgasps=0.000 triediffs=13.30MiB triedirty=9.14MiB
INFO [06-01|17:21:19.856] Chain head was updated                   number=7546 hash=82e5f6..e7f184 root=87df38..728abf elapsed="94.404µs"
INFO [06-01|17:21:20.868] Starting work on payload                 id=0x0366795497044087
INFO [06-01|17:21:20.874] Updated payload                          id=0x0366795497044087 number=7547 hash=80707d..cbf8d0 txs=0 withdrawals=0 gas=0 fees=0 root=87df38..728abf elapsed=6.209ms
INFO [06-01|17:21:20.878] Stopping work on payload                 id=0x0366795497044087 reason=delivery
WARN [06-01|17:21:20.899] {"level":"warn","msg":"Slow block","block":{"number":7547,"hash":"0x80707d0d335258c4522c8c8f25c6cafa302fc4a8f4e1c748f72ccb728acbf8d0","gas_used":0,"tx_count":0},"timing":{"execution_ms":0.050803,"state_read_ms":23.785397,"state_hash_ms":0.002664,"commit_ms":0.16205,"total_ms":24.212258},"throughput":{"mgas_per_sec":0},"state_reads":{"accounts":4,"storage_slots":0,"code":0,"code_bytes":0},"state_writes":{"accounts":0,"accounts_deleted":0,"storage_slots":0,"storage_slots_deleted":0,"code":0,"code_bytes":0},"cache":{"account":{"hits":0,"misses":4,"hit_rate":0},"storage":{"hits":0,"misses":0,"hit_rate":0},"code":{"hits":0,"misses":0,"hit_rate":0,"hit_bytes":0,"miss_bytes":0}}}
INFO [06-01|17:21:20.899] Imported new potential chain segment     number=7547 hash=80707d..cbf8d0 blocks=1 txs=0 mgas=0.000 elapsed=24.466ms   mgasps=0.000 triediffs=13.30MiB triedirty=9.14MiB
INFO [06-01|17:21:20.899] Chain head was updated                   number=7547 hash=80707d..cbf8d0 root=87df38..728abf elapsed="52.752µs"
INFO [06-01|17:21:21.927] Starting work on payload                 id=0x03dcc8db953a9d86
INFO [06-01|17:21:21.949] Updated payload                          id=0x03dcc8db953a9d86 number=7548 hash=097744..030f7d txs=0 withdrawals=0 gas=0 fees=0 root=87df38..728abf elapsed=21.907ms
INFO [06-01|17:21:21.949] Stopping work on payload                 id=0x03dcc8db953a9d86 reason=delivery
WARN [06-01|17:21:21.953] {"level":"warn","msg":"Slow block","block":{"number":7548,"hash":"0x097744853dbd675ddd6236acff5cb36d1e933f6d1c51de1a93a62d6ce8030f7d","gas_used":0,"tx_count":0},"timing":{"execution_ms":0.047294,"state_read_ms":3.55885,"state_hash_ms":0.002187,"commit_ms":0.189045,"total_ms":3.994347},"throughput":{"mgas_per_sec":0},"state_reads":{"accounts":4,"storage_slots":0,"code":0,"code_bytes":0},"state_writes":{"accounts":0,"accounts_deleted":0,"storage_slots":0,"storage_slots_deleted":0,"code":0,"code_bytes":0},"cache":{"account":{"hits":0,"misses":4,"hit_rate":0},"storage":{"hits":0,"misses":0,"hit_rate":0},"code":{"hits":0,"misses":0,"hit_rate":0,"hit_bytes":0,"miss_bytes":0}}}
INFO [06-01|17:21:21.954] Imported new potential chain segment     number=7548 hash=097744..030f7d blocks=1 txs=0 mgas=0.000 elapsed=4.193ms    mgasps=0.000 triediffs=13.30MiB triedirty=9.14MiB
INFO [06-01|17:21:21.954] Chain head was updated                   number=7548 hash=097744..030f7d root=87df38..728abf elapsed="68.202µs"
INFO [06-01|17:21:22.186] Submitted contract creation              hash=0x4248d6ad479fe9a04bac9db9dfa985697eef849b33e9f17aa5969f8b61f5e396 from=0xf39Fd6e51aad88F6F4ce6aB8827279cffFb92266 nonce=2269 contract=0xA3c5E24dCE36ABa080eBc9c4444dad7E578A17EF value=0
INFO [06-01|17:21:22.186] Submitted transaction                    hash=0x4099674d33ea4bb11cb5a2a8518635afb5f5bcb651178b2718bfc417cdd820b5 from=0xf39Fd6e51aad88F6F4ce6aB8827279cffFb92266 nonce=2270 recipient=0x23500eeBa42164C59E681c9f2dDb788EdEa256de value=78,000,000
INFO [06-01|17:21:22.976] Starting work on payload                 id=0x0371937e47efeaaa
INFO [06-01|17:21:23.023] Updated payload                          id=0x0371937e47efeaaa number=7549 hash=60941b..6dce61 txs=2 withdrawals=0 gas=86938 fees=5.21628e-13 root=16ba91..ff523d elapsed=46.581ms
INFO [06-01|17:21:23.023] Stopping work on payload                 id=0x0371937e47efeaaa reason=delivery
WARN [06-01|17:21:23.053] {"level":"warn","msg":"Slow block","block":{"number":7549,"hash":"0x60941bee0222750d3be226551e027d4c78ebd31bcd3e5f4d07a74a7ec86dce61","gas_used":86938,"tx_count":2},"timing":{"execution_ms":0.699047,"state_read_ms":19.081514,"state_hash_ms":4.191517,"commit_ms":4.705357,"total_ms":28.967646},"throughput":{"mgas_per_sec":3.0012103848548826},"state_reads":{"accounts":11,"storage_slots":0,"code":0,"code_bytes":0},"state_writes":{"accounts":3,"accounts_deleted":0,"storage_slots":0,"storage_slots_deleted":0,"code":1,"code_bytes":165},"cache":{"account":{"hits":6,"misses":5,"hit_rate":54.54545454545454},"storage":{"hits":0,"misses":0,"hit_rate":0},"code":{"hits":0,"misses":0,"hit_rate":0,"hit_bytes":0,"miss_bytes":0}}}
INFO [06-01|17:21:23.053] Imported new potential chain segment     number=7549 hash=60941b..6dce61 blocks=1 txs=2 mgas=0.087 elapsed=29.203ms   mgasps=2.977 triediffs=13.25MiB triedirty=9.17MiB
INFO [06-01|17:21:23.053] Chain head was updated                   number=7549 hash=60941b..6dce61 root=16ba91..ff523d elapsed="177.328µs"
INFO [06-01|17:21:23.199] Submitted transaction                    hash=0xec97999e781c7648c8b83ec1f085697575b550bd80f2fe2b1104bf7fe006be1a from=0x23500eeBa42164C59E681c9f2dDb788EdEa256de nonce=0    recipient=0xA3c5E24dCE36ABa080eBc9c4444dad7E578A17EF value=0
INFO [06-01|17:21:24.067] Starting work on payload                 id=0x03bd147445ef6b46
INFO [06-01|17:21:24.204] Updated payload                          id=0x03bd147445ef6b46 number=7550 hash=c86459..5c817d txs=1 withdrawals=0 gas=5,910,176 fees=3.5461056e-11 root=257f97..145252 elapsed=136.394ms
INFO [06-01|17:21:24.204] Stopping work on payload                 id=0x03bd147445ef6b46 reason=delivery
WARN [06-01|17:21:24.275] {"level":"warn","msg":"Slow block","block":{"number":7550,"hash":"0xc864593b06100b78e9fe18e549a5327c24356f052a3c0e304429b0ee415c817d","gas_used":5910176,"tx_count":1},"timing":{"execution_ms":4.654118,"state_read_ms":17.469915,"state_hash_ms":39.248627,"commit_ms":7.413145,"total_ms":70.371062},"throughput":{"mgas_per_sec":83.985886130296},"state_reads":{"accounts":100,"storage_slots":241,"code":94,"code_bytes":2769},"state_writes":{"accounts":94,"accounts_deleted":0,"storage_slots":238,"storage_slots_deleted":0,"code":0,"code_bytes":0},"cache":{"account":{"hits":61,"misses":39,"hit_rate":61},"storage":{"hits":130,"misses":111,"hit_rate":53.941908713692946},"code":{"hits":94,"misses":0,"hit_rate":100,"hit_bytes":2769,"miss_bytes":0}}}
INFO [06-01|17:21:24.275] Imported new potential chain segment     number=7550 hash=c86459..5c817d blocks=1 txs=1 mgas=5.910 elapsed=70.584ms    mgasps=83.731 triediffs=13.95MiB triedirty=9.17MiB
INFO [06-01|17:21:24.275] Chain head was updated                   number=7550 hash=c86459..5c817d root=257f97..145252 elapsed="86.233µs"
INFO [06-01|17:21:25.220] Submitted transaction                    hash=0x5e35997fe0911e2ac4a65e8061446dd8a82ace53276637170ca488fe6e4b3876 from=0x23500eeBa42164C59E681c9f2dDb788EdEa256de nonce=1    recipient=0xf39Fd6e51aad88F6F4ce6aB8827279cffFb92266 value=915,712
INFO [06-01|17:21:25.289] Starting work on payload                 id=0x039d1566475eab84
INFO [06-01|17:21:25.306] Updated payload                          id=0x039d1566475eab84 number=7551 hash=b966d2..b9a8b3 txs=1 withdrawals=0 gas=21000     fees=2.1e-14       root=fe71e7..f44fa4 elapsed=17.382ms
INFO [06-01|17:21:25.307] Stopping work on payload                 id=0x039d1566475eab84 reason=delivery
WARN [06-01|17:21:25.329] {"level":"warn","msg":"Slow block","block":{"number":7551,"hash":"0xb966d257daac5ca463829046dd63887a175112f9f046e95a695daf7969b9a8b3","gas_used":21000,"tx_count":1},"timing":{"execution_ms":0.074867,"state_read_ms":3.73473,"state_hash_ms":7.821232,"commit_ms":0.552728,"total_ms":22.318645},"throughput":{"mgas_per_sec":0.9409173361554879},"state_reads":{"accounts":6,"storage_slots":0,"code":0,"code_bytes":0},"state_writes":{"accounts":2,"accounts_deleted":0,"storage_slots":0,"storage_slots_deleted":0,"code":0,"code_bytes":0},"cache":{"account":{"hits":0,"misses":6,"hit_rate":0},"storage":{"hits":0,"misses":0,"hit_rate":0},"code":{"hits":0,"misses":0,"hit_rate":0,"hit_bytes":0,"miss_bytes":0}}}
INFO [06-01|17:21:25.329] Imported new potential chain segment     number=7551 hash=b966d2..b9a8b3 blocks=1 txs=1 mgas=0.021 elapsed=22.533ms    mgasps=0.932  triediffs=13.94MiB triedirty=9.17MiB
INFO [06-01|17:21:25.329] Chain head was updated                   number=7551 hash=b966d2..b9a8b3 root=fe71e7..f44fa4 elapsed="54.403µs"
INFO [06-01|17:21:26.336] Starting work on payload                 id=0x0349d89958580f1e
INFO [06-01|17:21:26.358] Updated payload                          id=0x0349d89958580f1e number=7552 hash=15b9c0..990f70 txs=0 withdrawals=0 gas=0         fees=0             root=fe71e7..f44fa4 elapsed=21.803ms
INFO [06-01|17:21:26.358] Stopping work on payload                 id=0x0349d89958580f1e reason=delivery
WARN [06-01|17:21:26.382] {"level":"warn","msg":"Slow block","block":{"number":7552,"hash":"0x15b9c050bfa89ac21488e0d6ce6f8abd4df2ff1ebe236088e3710d9986990f70","gas_used":0,"tx_count":0},"timing":{"execution_ms":0.03414,"state_read_ms":23.613629,"state_hash_ms":0.00298,"commit_ms":0.151809,"total_ms":23.982451},"throughput":{"mgas_per_sec":0},"state_reads":{"accounts":4,"storage_slots":0,"code":0,"code_bytes":0},"state_writes":{"accounts":0,"accounts_deleted":0,"storage_slots":0,"storage_slots_deleted":0,"code":0,"code_bytes":0},"cache":{"account":{"hits":0,"misses":4,"hit_rate":0},"storage":{"hits":0,"misses":0,"hit_rate":0},"code":{"hits":0,"misses":0,"hit_rate":0,"hit_bytes":0,"miss_bytes":0}}}
INFO [06-01|17:21:26.382] Imported new potential chain segment     number=7552 hash=15b9c0..990f70 blocks=1 txs=0 mgas=0.000 elapsed=24.125ms    mgasps=0.000  triediffs=13.94MiB triedirty=9.17MiB
INFO [06-01|17:21:26.382] Chain head was updated                   number=7552 hash=15b9c0..990f70 root=fe71e7..f44fa4 elapsed="47.294µs"
