WARN [06-01|17:33:48.854] Unknown config environment variable      envvar=GETH_PBT_BIN
WARN [06-01|17:33:48.854] Unknown config environment variable      envvar=GETH_UBT_BIN
INFO [06-01|17:33:48.864] Starting Geth on Ethereum mainnet...
INFO [06-01|17:33:48.866] Maximum peer count                       ETH=0 total=0
INFO [06-01|17:33:48.867] Smartcard socket not found, disabling    err="stat /run/pcscd/pcscd.comm: no such file or directory"
WARN [06-01|17:33:48.872] Option --miner.etherbase is deprecated as the etherbase is set by the consensus client post-merge
INFO [06-01|17:33:48.875] Set global gas cap                       cap=50,000,000
INFO [06-01|17:33:49.661] Using developer account                  address=0xf39Fd6e51aad88F6F4ce6aB8827279cffFb92266
INFO [06-01|17:33:49.698] Using pebble as the backing database
INFO [06-01|17:33:49.698] Allocated cache and file handles         database=/mnt/state_expiry_vol_data/ubt-vs-pbt-dbs/pbt/geth/chaindata cache=2.00GiB handles=262,144
INFO [06-01|17:33:49.912] Opened ancient database                  database=/mnt/state_expiry_vol_data/ubt-vs-pbt-dbs/pbt/geth/chaindata/ancient/chain readonly=true
INFO [06-01|17:33:49.912] Opened Era store                         datadir=/mnt/state_expiry_vol_data/ubt-vs-pbt-dbs/pbt/geth/chaindata/ancient/chain/era
INFO [06-01|17:33:49.920] Initializing the KZG library             backend=gokzg
INFO [06-01|17:33:49.922] Allocated trie memory caches             clean=614.00MiB dirty=1.00GiB
INFO [06-01|17:33:49.930] Using pebble as the backing database
INFO [06-01|17:33:49.930] Allocated cache and file handles         database=/mnt/state_expiry_vol_data/ubt-vs-pbt-dbs/pbt/geth/chaindata cache=2.00GiB handles=262,144
INFO [06-01|17:33:50.139] Opened ancient database                  database=/mnt/state_expiry_vol_data/ubt-vs-pbt-dbs/pbt/geth/chaindata/ancient/chain readonly=false
INFO [06-01|17:33:50.139] Opened Era store                         datadir=/mnt/state_expiry_vol_data/ubt-vs-pbt-dbs/pbt/geth/chaindata/ancient/chain/era
INFO [06-01|17:33:50.145] State scheme set to already existing     scheme=path
INFO [06-01|17:33:50.145] Initialising Ethereum protocol           network=1337 dbversion=9
WARN [06-01|17:33:50.145] Sanitizing invalid node buffer size      provided=1.00GiB updated=256.00MiB
INFO [06-01|17:33:50.147] Load database journal from file          path=/mnt/state_expiry_vol_data/ubt-vs-pbt-dbs/pbt/geth/triedb/verkle.journal
INFO [06-01|17:33:50.350] Opened ancient database                  database=/mnt/state_expiry_vol_data/ubt-vs-pbt-dbs/pbt/geth/chaindata/ancient/state_verkle readonly=false
INFO [06-01|17:33:50.351] State snapshot generator is not compatible
INFO [06-01|17:33:50.351] Initialized path database                triecache=614.00MiB statecache=409.00MiB buffer=256.00MiB state-history="last 90000 blocks" journal-dir=/mnt/state_expiry_vol_data/ubt-vs-pbt-dbs/pbt/geth/triedb verkle=true
INFO [06-01|17:33:50.352] 
INFO [06-01|17:33:50.352] ---------------------------------------------------------------------------------------------------------------------------------------------------------
INFO [06-01|17:33:50.352] Chain ID:  1337 (unknown)
INFO [06-01|17:33:50.352] Consensus: unknown
INFO [06-01|17:33:50.352] 
INFO [06-01|17:33:50.352] Pre-Merge hard forks (block based):
INFO [06-01|17:33:50.352]  - Homestead:                   #0       
INFO [06-01|17:33:50.352]  - Tangerine Whistle (EIP 150): #0       
INFO [06-01|17:33:50.352]  - Spurious Dragon/1 (EIP 155): #0       
INFO [06-01|17:33:50.352]  - Spurious Dragon/2 (EIP 158): #0       
INFO [06-01|17:33:50.352]  - Byzantium:                   #0       
INFO [06-01|17:33:50.352]  - Constantinople:              #0       
INFO [06-01|17:33:50.352]  - Petersburg:                  #0       
INFO [06-01|17:33:50.352]  - Istanbul:                    #0       
INFO [06-01|17:33:50.352]  - Berlin:                      #0       
INFO [06-01|17:33:50.352]  - London:                      #0       
INFO [06-01|17:33:50.352]  - Arrow Glacier:               #0       
INFO [06-01|17:33:50.352]  - Gray Glacier:                #0       
INFO [06-01|17:33:50.352] 
INFO [06-01|17:33:50.352] Merge configured:
INFO [06-01|17:33:50.352]  - Total terminal difficulty:  0
INFO [06-01|17:33:50.352]  - Merge netsplit block:       #0       
INFO [06-01|17:33:50.352] 
INFO [06-01|17:33:50.352] Post-Merge hard forks (timestamp based):
INFO [06-01|17:33:50.352]  - Shanghai:                    @0         
INFO [06-01|17:33:50.352]  - Cancun:                      @0          blob: (target: 3, max: 6, fraction: 3338477)
INFO [06-01|17:33:50.352]  - Prague:                      @0          blob: (target: 6, max: 9, fraction: 5007716)
INFO [06-01|17:33:50.352]  - Osaka:                       @0          blob: (target: 6, max: 9, fraction: 5007716)
INFO [06-01|17:33:50.352]  - UBT:                         @0          blob: (nil)
INFO [06-01|17:33:50.352] 
INFO [06-01|17:33:50.352] All fork specifications can be found at https://ethereum.github.io/execution-specs/src/ethereum/forks/
INFO [06-01|17:33:50.352] 
INFO [06-01|17:33:50.352] ---------------------------------------------------------------------------------------------------------------------------------------------------------
INFO [06-01|17:33:50.352] 
INFO [06-01|17:33:50.354] Loaded most recent local block           number=7994 hash=9925f6..2cb39b age=3s
INFO [06-01|17:33:50.354] Loaded most recent local finalized block number=7968 hash=dd67b7..ea2f76 age=41s
INFO [06-01|17:33:50.355] Initialized transaction indexer          range="last 2350000 blocks"
INFO [06-01|17:33:50.355] Initialized log indexer                  firstblock=0 lastblock=7994 firstmap=0 lastmap=0 headindexed=true
INFO [06-01|17:33:50.402] Enabled full-sync                        head=7994 hash=9925f6..2cb39b
INFO [06-01|17:33:50.402] Unprotected transactions allowed
INFO [06-01|17:33:50.402] Gasprice oracle is ignoring threshold set threshold=2
INFO [06-01|17:33:50.402] Registered sync override service
WARN [06-01|17:33:50.402] You are running Geth in --dev mode. Please note the following:
WARN [06-01|17:33:50.402] 
WARN [06-01|17:33:50.402]   1. This mode is only intended for fast, iterative development without assumptions on
WARN [06-01|17:33:50.402]      security or persistence.
WARN [06-01|17:33:50.402]   2. The database is created in memory unless specified otherwise. Therefore, shutting down
WARN [06-01|17:33:50.402]      your computer or losing power will wipe your entire block data and chain state for
WARN [06-01|17:33:50.402]      your dev environment.
WARN [06-01|17:33:50.402]   3. A random, pre-allocated developer account will be available and unlocked as
WARN [06-01|17:33:50.402]      eth.coinbase, which can be used for testing. The random dev account is temporary,
WARN [06-01|17:33:50.402]      stored on a ramdisk, and will be lost if your machine is restarted.
WARN [06-01|17:33:50.402]   4. Mining is enabled by default. However, the client will only seal blocks if transactions
WARN [06-01|17:33:50.402]      are pending in the mempool. The miner's minimum accepted gas price is 1.
WARN [06-01|17:33:50.402]   5. Networking is disabled; there is no listen-address, the maximum number of peers is set
WARN [06-01|17:33:50.402]      to 0, and discovery is disabled.
WARN [06-01|17:33:50.402] 
INFO [06-01|17:33:50.402] Starting peer-to-peer node               instance=Geth/v1.17.3-unstable/linux-amd64/go1.24.9
WARN [06-01|17:33:50.403] P2P server will be useless, neither dialing nor listening
INFO [06-01|17:33:50.430] IPC endpoint opened                      url=/mnt/state_expiry_vol_data/ubt-vs-pbt-dbs/pbt/geth.ipc
ERROR[06-01|17:33:50.430] Unavailable modules in HTTP API list     unavailable=[personal] available="[admin debug web3 eth txpool miner net dev testing]"
INFO [06-01|17:33:50.430] New local node record                    seq=1,780,292,695,390 id=972c5cc0b2a1895c ip=127.0.0.1 udp=0 tcp=0
INFO [06-01|17:33:50.430] Started P2P networking                   self=enode://16ec6c0bde109d66472afe00ec8fee3d30718d830d1acf0829842abca89b82afff8a454636cde3b26d700f98647938c6f23e7bee3027caca0d7f19e4b3725e13@127.0.0.1:0
INFO [06-01|17:33:50.430] HTTP server started                      endpoint=127.0.0.1:8545 auth=false prefix= cors= vhosts=localhost
INFO [06-01|17:33:50.430] WebSocket enabled                        url=ws://127.0.0.1:8546
INFO [06-01|17:33:51.028] Loaded local transaction journal         transactions=5337 dropped=0
INFO [06-01|17:33:51.351] Started log indexer
INFO [06-01|17:33:51.400] Starting work on payload                 id=0x038fc0594c042b6d
INFO [06-01|17:33:51.419] Updated payload                          id=0x038fc0594c042b6d number=7995 hash=4c968e..854433 txs=0 withdrawals=0 gas=0 fees=0 root=014189..3122bc elapsed=18.487ms
INFO [06-01|17:33:51.419] Stopping work on payload                 id=0x038fc0594c042b6d reason=delivery
WARN [06-01|17:33:51.429] {"level":"warn","msg":"Slow block","block":{"number":7995,"hash":"0x4c968e3ef4df73a90a23fea81ef78cd72e43d5967f5c372f9f8c5eabc0854433","gas_used":0,"tx_count":0},"timing":{"execution_ms":0.043775,"state_read_ms":8.799629,"state_hash_ms":0.001741,"commit_ms":0.908531,"total_ms":9.921815},"throughput":{"mgas_per_sec":0},"state_reads":{"accounts":4,"storage_slots":0,"code":0,"code_bytes":0},"state_writes":{"accounts":0,"accounts_deleted":0,"storage_slots":0,"storage_slots_deleted":0,"code":0,"code_bytes":0},"cache":{"account":{"hits":0,"misses":4,"hit_rate":0},"storage":{"hits":0,"misses":0,"hit_rate":0},"code":{"hits":0,"misses":0,"hit_rate":0,"hit_bytes":0,"miss_bytes":0}}}
INFO [06-01|17:33:51.429] Imported new potential chain segment     number=7995 hash=4c968e..854433 blocks=1 txs=0 mgas=0.000 elapsed=10.264ms mgasps=0.000 triediffs=2.81MiB triedirty=12.11MiB
INFO [06-01|17:33:51.429] Chain head was updated                   number=7995 hash=4c968e..854433 root=014189..3122bc elapsed="83.261µs"
INFO [06-01|17:33:52.439] Starting work on payload                 id=0x037cc6471a1648e2
INFO [06-01|17:33:52.455] Updated payload                          id=0x037cc6471a1648e2 number=7996 hash=2bfab0..0d8787 txs=0 withdrawals=0 gas=0 fees=0 root=014189..3122bc elapsed=16.036ms
INFO [06-01|17:33:52.455] Stopping work on payload                 id=0x037cc6471a1648e2 reason=delivery
WARN [06-01|17:33:52.477] {"level":"warn","msg":"Slow block","block":{"number":7996,"hash":"0x2bfab010492cd474e9cd5bd14f16dc36c8ab07d5dda546f69b7b412ad70d8787","gas_used":0,"tx_count":0},"timing":{"execution_ms":0.03219,"state_read_ms":21.121233,"state_hash_ms":0.002245,"commit_ms":0.171957,"total_ms":21.499457},"throughput":{"mgas_per_sec":0},"state_reads":{"accounts":4,"storage_slots":0,"code":0,"code_bytes":0},"state_writes":{"accounts":0,"accounts_deleted":0,"storage_slots":0,"storage_slots_deleted":0,"code":0,"code_bytes":0},"cache":{"account":{"hits":0,"misses":4,"hit_rate":0},"storage":{"hits":0,"misses":0,"hit_rate":0},"code":{"hits":0,"misses":0,"hit_rate":0,"hit_bytes":0,"miss_bytes":0}}}
INFO [06-01|17:33:52.477] Imported new potential chain segment     number=7996 hash=2bfab0..0d8787 blocks=1 txs=0 mgas=0.000 elapsed=21.697ms   mgasps=0.000 triediffs=2.81MiB triedirty=12.11MiB
INFO [06-01|17:33:52.477] Chain head was updated                   number=7996 hash=2bfab0..0d8787 root=014189..3122bc elapsed="41.613µs"
INFO [06-01|17:33:53.497] Starting work on payload                 id=0x0377fcc2d736ef5c
INFO [06-01|17:33:53.513] Updated payload                          id=0x0377fcc2d736ef5c number=7997 hash=a7c473..6e2fc1 txs=0 withdrawals=0 gas=0 fees=0 root=014189..3122bc elapsed=15.419ms
INFO [06-01|17:33:53.513] Stopping work on payload                 id=0x0377fcc2d736ef5c reason=delivery
WARN [06-01|17:33:53.518] {"level":"warn","msg":"Slow block","block":{"number":7997,"hash":"0xa7c4734402946f5e6d4d9141f6c2c7e68701d600a6e577de26e2009feb6e2fc1","gas_used":0,"tx_count":0},"timing":{"execution_ms":0.030187,"state_read_ms":4.142631,"state_hash_ms":0.01646,"commit_ms":0.223986,"total_ms":4.579957},"throughput":{"mgas_per_sec":0},"state_reads":{"accounts":4,"storage_slots":0,"code":0,"code_bytes":0},"state_writes":{"accounts":0,"accounts_deleted":0,"storage_slots":0,"storage_slots_deleted":0,"code":0,"code_bytes":0},"cache":{"account":{"hits":0,"misses":4,"hit_rate":0},"storage":{"hits":0,"misses":0,"hit_rate":0},"code":{"hits":0,"misses":0,"hit_rate":0,"hit_bytes":0,"miss_bytes":0}}}
INFO [06-01|17:33:53.518] Imported new potential chain segment     number=7997 hash=a7c473..6e2fc1 blocks=1 txs=0 mgas=0.000 elapsed=4.907ms    mgasps=0.000 triediffs=2.81MiB triedirty=12.11MiB
INFO [06-01|17:33:53.518] Chain head was updated                   number=7997 hash=a7c473..6e2fc1 root=014189..3122bc elapsed="78.305µs"
INFO [06-01|17:33:53.871] Submitted contract creation              hash=0x0f70c9529706f8c902b478668fd63009ebe0311aea513623ede8da90a38474a2 from=0xf39Fd6e51aad88F6F4ce6aB8827279cffFb92266 nonce=2413 contract=0x72cdd30c3989D7f87bA563b0DA6ECcdd79fcdA9F value=0
INFO [06-01|17:33:53.871] Submitted transaction                    hash=0xc6cca8f97f6cbfd01aa25df8c3f37f37cfe0c63092645021f103274f0df53469 from=0xf39Fd6e51aad88F6F4ce6aB8827279cffFb92266 nonce=2414 recipient=0x78E8727B34626b4d8Bf02C74B27eDAcF0c924C5a value=78,000,000
INFO [06-01|17:33:54.536] Starting work on payload                 id=0x035e0681e7497ea7
INFO [06-01|17:33:54.589] Updated payload                          id=0x035e0681e7497ea7 number=7998 hash=f28262..9621c4 txs=2 withdrawals=0 gas=91710 fees=5.5026e-13 root=85d6fa..71f7ad elapsed=52.739ms
INFO [06-01|17:33:54.589] Stopping work on payload                 id=0x035e0681e7497ea7 reason=delivery
WARN [06-01|17:33:54.615] {"level":"warn","msg":"Slow block","block":{"number":7998,"hash":"0xf28262f01cf44a58dc0bd2f7e1da3aa428afa4f8aa4c46291b72ea08269621c4","gas_used":91710,"tx_count":2},"timing":{"execution_ms":0.107649,"state_read_ms":18.304067,"state_hash_ms":2.632046,"commit_ms":4.754521,"total_ms":25.991323},"throughput":{"mgas_per_sec":3.5284852564065323},"state_reads":{"accounts":11,"storage_slots":0,"code":0,"code_bytes":0},"state_writes":{"accounts":3,"accounts_deleted":0,"storage_slots":0,"storage_slots_deleted":0,"code":1,"code_bytes":305},"cache":{"account":{"hits":5,"misses":6,"hit_rate":45.45454545454545},"storage":{"hits":0,"misses":0,"hit_rate":0},"code":{"hits":0,"misses":0,"hit_rate":0,"hit_bytes":0,"miss_bytes":0}}}
INFO [06-01|17:33:54.615] Imported new potential chain segment     number=7998 hash=f28262..9621c4 blocks=1 txs=2 mgas=0.092 elapsed=26.165ms   mgasps=3.505 triediffs=2.79MiB triedirty=12.12MiB
INFO [06-01|17:33:54.615] Chain head was updated                   number=7998 hash=f28262..9621c4 root=85d6fa..71f7ad elapsed="135.273µs"
INFO [06-01|17:33:54.885] Submitted transaction                    hash=0x3816aa12b5c48eeebcd1f2ac674517dbb38aabe7ed9077189e2d5dd93a0b5863 from=0x78E8727B34626b4d8Bf02C74B27eDAcF0c924C5a nonce=0    recipient=0x72cdd30c3989D7f87bA563b0DA6ECcdd79fcdA9F value=0
INFO [06-01|17:33:55.627] Starting work on payload                 id=0x0358084a247dc0eb
INFO [06-01|17:33:55.793] Updated payload                          id=0x0358084a247dc0eb number=7999 hash=3be1f7..ffaeaf txs=1 withdrawals=0 gas=5,920,754 fees=3.5524524e-11 root=b0cc5a..bb651d elapsed=166.003ms
INFO [06-01|17:33:55.794] Stopping work on payload                 id=0x0358084a247dc0eb reason=delivery
WARN [06-01|17:33:55.889] {"level":"warn","msg":"Slow block","block":{"number":7999,"hash":"0x3be1f7129cb4d2d94740b774332ff124ece4dcae03662804b675599eadffaeaf","gas_used":5920754,"tx_count":1},"timing":{"execution_ms":59.835475,"state_read_ms":16.260298,"state_hash_ms":13.476568,"commit_ms":1.86603,"total_ms":94.875675},"throughput":{"mgas_per_sec":62.40539527123259},"state_reads":{"accounts":107,"storage_slots":785,"code":101,"code_bytes":3105},"state_writes":{"accounts":11,"accounts_deleted":0,"storage_slots":77,"storage_slots_deleted":0,"code":0,"code_bytes":0},"cache":{"account":{"hits":75,"misses":32,"hit_rate":70.09345794392523},"storage":{"hits":333,"misses":452,"hit_rate":42.4203821656051},"code":{"hits":101,"misses":0,"hit_rate":100,"hit_bytes":3105,"miss_bytes":0}}}
INFO [06-01|17:33:55.889] Imported new potential chain segment     number=7999 hash=3be1f7..ffaeaf blocks=1 txs=1 mgas=5.921 elapsed=95.174ms    mgasps=62.209 triediffs=2.88MiB triedirty=12.12MiB
INFO [06-01|17:33:55.889] Chain head was updated                   number=7999 hash=3be1f7..ffaeaf root=b0cc5a..bb651d elapsed="131.564µs"
INFO [06-01|17:33:55.899] Submitted transaction                    hash=0x42d1a4eec71b3b2d2883f0607a11598d8aa687b0fe44fe8cea4ba619cd62487d from=0x78E8727B34626b4d8Bf02C74B27eDAcF0c924C5a nonce=1    recipient=0xf39Fd6e51aad88F6F4ce6aB8827279cffFb92266 value=778,198
INFO [06-01|17:33:56.908] Starting work on payload                 id=0x039632d2f64a0f02
INFO [06-01|17:33:56.928] Updated payload                          id=0x039632d2f64a0f02 number=8000 hash=41cb48..49ff3c txs=1 withdrawals=0 gas=21000     fees=2.1e-14       root=8b7981..f3ee0b elapsed=19.827ms
INFO [06-01|17:33:56.928] Stopping work on payload                 id=0x039632d2f64a0f02 reason=delivery
WARN [06-01|17:33:56.944] {"level":"warn","msg":"Slow block","block":{"number":8000,"hash":"0x41cb48eef4e3ccd90f1e83d6c4897374fdfe2565673bba64b510c8fcdf49ff3c","gas_used":21000,"tx_count":1},"timing":{"execution_ms":0.06398,"state_read_ms":10.783424,"state_hash_ms":4.462121,"commit_ms":0.435321,"total_ms":15.942125},"throughput":{"mgas_per_sec":1.3172647937461286},"state_reads":{"accounts":6,"storage_slots":0,"code":0,"code_bytes":0},"state_writes":{"accounts":2,"accounts_deleted":0,"storage_slots":0,"storage_slots_deleted":0,"code":0,"code_bytes":0},"cache":{"account":{"hits":2,"misses":4,"hit_rate":33.33333333333333},"storage":{"hits":0,"misses":0,"hit_rate":0},"code":{"hits":0,"misses":0,"hit_rate":0,"hit_bytes":0,"miss_bytes":0}}}
INFO [06-01|17:33:56.944] Imported new potential chain segment     number=8000 hash=41cb48..49ff3c blocks=1 txs=1 mgas=0.021 elapsed=16.281ms    mgasps=1.290  triediffs=2.88MiB triedirty=12.12MiB
INFO [06-01|17:33:56.945] Chain head was updated                   number=8000 hash=41cb48..49ff3c root=8b7981..f3ee0b elapsed="53.1µs"
INFO [06-01|17:33:57.958] Starting work on payload                 id=0x033a713a18c09fbe
INFO [06-01|17:33:57.977] Updated payload                          id=0x033a713a18c09fbe number=8001 hash=85d5dd..4a36ed txs=0 withdrawals=0 gas=0         fees=0             root=8b7981..f3ee0b elapsed=19.115ms
INFO [06-01|17:33:57.977] Stopping work on payload                 id=0x033a713a18c09fbe reason=delivery
WARN [06-01|17:33:57.980] {"level":"warn","msg":"Slow block","block":{"number":8001,"hash":"0x85d5dd9d444b4d590e8b8938cbfb006bd4fa5f5ff35bd7f3cdf7d11a1f4a36ed","gas_used":0,"tx_count":0},"timing":{"execution_ms":0.023446,"state_read_ms":2.452534,"state_hash_ms":0.001365,"commit_ms":0.122447,"total_ms":2.72818},"throughput":{"mgas_per_sec":0},"state_reads":{"accounts":4,"storage_slots":0,"code":0,"code_bytes":0},"state_writes":{"accounts":0,"accounts_deleted":0,"storage_slots":0,"storage_slots_deleted":0,"code":0,"code_bytes":0},"cache":{"account":{"hits":0,"misses":4,"hit_rate":0},"storage":{"hits":0,"misses":0,"hit_rate":0},"code":{"hits":0,"misses":0,"hit_rate":0,"hit_bytes":0,"miss_bytes":0}}}
INFO [06-01|17:33:57.980] Imported new potential chain segment     number=8001 hash=85d5dd..4a36ed blocks=1 txs=0 mgas=0.000 elapsed=2.826ms     mgasps=0.000  triediffs=2.88MiB triedirty=12.12MiB
INFO [06-01|17:33:57.980] Chain head was updated                   number=8001 hash=85d5dd..4a36ed root=8b7981..f3ee0b elapsed="34.804µs"
