WARN [06-01|17:28:57.864] Unknown config environment variable      envvar=GETH_PBT_BIN
WARN [06-01|17:28:57.864] Unknown config environment variable      envvar=GETH_UBT_BIN
INFO [06-01|17:28:57.875] Starting Geth on Ethereum mainnet...
INFO [06-01|17:28:57.877] Maximum peer count                       ETH=0 total=0
INFO [06-01|17:28:57.878] Smartcard socket not found, disabling    err="stat /run/pcscd/pcscd.comm: no such file or directory"
WARN [06-01|17:28:57.883] Option --miner.etherbase is deprecated as the etherbase is set by the consensus client post-merge
INFO [06-01|17:28:57.886] Set global gas cap                       cap=50,000,000
INFO [06-01|17:28:58.676] Using developer account                  address=0xf39Fd6e51aad88F6F4ce6aB8827279cffFb92266
INFO [06-01|17:28:58.714] Using pebble as the backing database
INFO [06-01|17:28:58.715] Allocated cache and file handles         database=/mnt/state_expiry_vol_data/ubt-vs-pbt-dbs/pbt/geth/chaindata cache=2.00GiB handles=262,144
INFO [06-01|17:28:58.922] Opened ancient database                  database=/mnt/state_expiry_vol_data/ubt-vs-pbt-dbs/pbt/geth/chaindata/ancient/chain readonly=true
INFO [06-01|17:28:58.922] Opened Era store                         datadir=/mnt/state_expiry_vol_data/ubt-vs-pbt-dbs/pbt/geth/chaindata/ancient/chain/era
INFO [06-01|17:28:58.929] Initializing the KZG library             backend=gokzg
INFO [06-01|17:28:58.930] Allocated trie memory caches             clean=614.00MiB dirty=1.00GiB
INFO [06-01|17:28:58.939] Using pebble as the backing database
INFO [06-01|17:28:58.939] Allocated cache and file handles         database=/mnt/state_expiry_vol_data/ubt-vs-pbt-dbs/pbt/geth/chaindata cache=2.00GiB handles=262,144
INFO [06-01|17:28:59.127] Opened ancient database                  database=/mnt/state_expiry_vol_data/ubt-vs-pbt-dbs/pbt/geth/chaindata/ancient/chain readonly=false
INFO [06-01|17:28:59.127] Opened Era store                         datadir=/mnt/state_expiry_vol_data/ubt-vs-pbt-dbs/pbt/geth/chaindata/ancient/chain/era
INFO [06-01|17:28:59.133] State scheme set to already existing     scheme=path
INFO [06-01|17:28:59.136] Initialising Ethereum protocol           network=1337 dbversion=9
WARN [06-01|17:28:59.136] Sanitizing invalid node buffer size      provided=1.00GiB updated=256.00MiB
INFO [06-01|17:28:59.136] Load database journal from file          path=/mnt/state_expiry_vol_data/ubt-vs-pbt-dbs/pbt/geth/triedb/verkle.journal
INFO [06-01|17:28:59.642] Opened ancient database                  database=/mnt/state_expiry_vol_data/ubt-vs-pbt-dbs/pbt/geth/chaindata/ancient/state_verkle readonly=false
INFO [06-01|17:28:59.644] State snapshot generator is not compatible
INFO [06-01|17:28:59.644] Initialized path database                triecache=614.00MiB statecache=409.00MiB buffer=256.00MiB state-history="last 90000 blocks" journal-dir=/mnt/state_expiry_vol_data/ubt-vs-pbt-dbs/pbt/geth/triedb verkle=true
INFO [06-01|17:28:59.644] 
INFO [06-01|17:28:59.644] ---------------------------------------------------------------------------------------------------------------------------------------------------------
INFO [06-01|17:28:59.644] Chain ID:  1337 (unknown)
INFO [06-01|17:28:59.644] Consensus: unknown
INFO [06-01|17:28:59.644] 
INFO [06-01|17:28:59.644] Pre-Merge hard forks (block based):
INFO [06-01|17:28:59.644]  - Homestead:                   #0       
INFO [06-01|17:28:59.644]  - Tangerine Whistle (EIP 150): #0       
INFO [06-01|17:28:59.644]  - Spurious Dragon/1 (EIP 155): #0       
INFO [06-01|17:28:59.644]  - Spurious Dragon/2 (EIP 158): #0       
INFO [06-01|17:28:59.644]  - Byzantium:                   #0       
INFO [06-01|17:28:59.644]  - Constantinople:              #0       
INFO [06-01|17:28:59.644]  - Petersburg:                  #0       
INFO [06-01|17:28:59.644]  - Istanbul:                    #0       
INFO [06-01|17:28:59.644]  - Berlin:                      #0       
INFO [06-01|17:28:59.644]  - London:                      #0       
INFO [06-01|17:28:59.644]  - Arrow Glacier:               #0       
INFO [06-01|17:28:59.644]  - Gray Glacier:                #0       
INFO [06-01|17:28:59.644] 
INFO [06-01|17:28:59.644] Merge configured:
INFO [06-01|17:28:59.644]  - Total terminal difficulty:  0
INFO [06-01|17:28:59.644]  - Merge netsplit block:       #0       
INFO [06-01|17:28:59.644] 
INFO [06-01|17:28:59.644] Post-Merge hard forks (timestamp based):
INFO [06-01|17:28:59.644]  - Shanghai:                    @0         
INFO [06-01|17:28:59.644]  - Cancun:                      @0          blob: (target: 3, max: 6, fraction: 3338477)
INFO [06-01|17:28:59.644]  - Prague:                      @0          blob: (target: 6, max: 9, fraction: 5007716)
INFO [06-01|17:28:59.644]  - Osaka:                       @0          blob: (target: 6, max: 9, fraction: 5007716)
INFO [06-01|17:28:59.644]  - UBT:                         @0          blob: (nil)
INFO [06-01|17:28:59.644] 
INFO [06-01|17:28:59.644] All fork specifications can be found at https://ethereum.github.io/execution-specs/src/ethereum/forks/
INFO [06-01|17:28:59.644] 
INFO [06-01|17:28:59.644] ---------------------------------------------------------------------------------------------------------------------------------------------------------
INFO [06-01|17:28:59.644] 
INFO [06-01|17:28:59.644] Loaded most recent local block           number=7808 hash=debb49..ec289a age=4s
INFO [06-01|17:28:59.645] Loaded most recent local finalized block number=7808 hash=debb49..ec289a age=4s
INFO [06-01|17:28:59.645] Initialized transaction indexer          range="last 2350000 blocks"
INFO [06-01|17:28:59.646] Initialized log indexer                  firstblock=0 lastblock=7808 firstmap=0 lastmap=0 headindexed=true
INFO [06-01|17:28:59.679] Enabled full-sync                        head=7808 hash=debb49..ec289a
INFO [06-01|17:28:59.679] Unprotected transactions allowed
INFO [06-01|17:28:59.679] Gasprice oracle is ignoring threshold set threshold=2
INFO [06-01|17:28:59.679] Registered sync override service
WARN [06-01|17:28:59.679] You are running Geth in --dev mode. Please note the following:
WARN [06-01|17:28:59.679] 
WARN [06-01|17:28:59.679]   1. This mode is only intended for fast, iterative development without assumptions on
WARN [06-01|17:28:59.679]      security or persistence.
WARN [06-01|17:28:59.679]   2. The database is created in memory unless specified otherwise. Therefore, shutting down
WARN [06-01|17:28:59.679]      your computer or losing power will wipe your entire block data and chain state for
WARN [06-01|17:28:59.679]      your dev environment.
WARN [06-01|17:28:59.679]   3. A random, pre-allocated developer account will be available and unlocked as
WARN [06-01|17:28:59.679]      eth.coinbase, which can be used for testing. The random dev account is temporary,
WARN [06-01|17:28:59.679]      stored on a ramdisk, and will be lost if your machine is restarted.
WARN [06-01|17:28:59.679]   4. Mining is enabled by default. However, the client will only seal blocks if transactions
WARN [06-01|17:28:59.679]      are pending in the mempool. The miner's minimum accepted gas price is 1.
WARN [06-01|17:28:59.679]   5. Networking is disabled; there is no listen-address, the maximum number of peers is set
WARN [06-01|17:28:59.679]      to 0, and discovery is disabled.
WARN [06-01|17:28:59.679] 
INFO [06-01|17:28:59.679] Starting peer-to-peer node               instance=Geth/v1.17.3-unstable/linux-amd64/go1.24.9
WARN [06-01|17:28:59.679] P2P server will be useless, neither dialing nor listening
INFO [06-01|17:28:59.701] IPC endpoint opened                      url=/mnt/state_expiry_vol_data/ubt-vs-pbt-dbs/pbt/geth.ipc
ERROR[06-01|17:28:59.701] Unavailable modules in HTTP API list     unavailable=[personal] available="[admin debug web3 eth txpool miner net dev testing]"
INFO [06-01|17:28:59.701] New local node record                    seq=1,780,292,695,363 id=972c5cc0b2a1895c ip=127.0.0.1 udp=0 tcp=0
INFO [06-01|17:28:59.702] Started P2P networking                   self=enode://16ec6c0bde109d66472afe00ec8fee3d30718d830d1acf0829842abca89b82afff8a454636cde3b26d700f98647938c6f23e7bee3027caca0d7f19e4b3725e13@127.0.0.1:0
INFO [06-01|17:28:59.702] HTTP server started                      endpoint=127.0.0.1:8545 auth=false prefix= cors= vhosts=localhost
INFO [06-01|17:28:59.702] WebSocket enabled                        url=ws://127.0.0.1:8546
INFO [06-01|17:29:00.310] Loaded local transaction journal         transactions=5229 dropped=0
INFO [06-01|17:29:00.693] Started log indexer
INFO [06-01|17:29:00.746] Starting work on payload                 id=0x03f3e0061d673061
INFO [06-01|17:29:00.762] Updated payload                          id=0x03f3e0061d673061 number=7809 hash=7c8f8f..a64991 txs=0 withdrawals=0 gas=0 fees=0 root=6c75ea..4b7919 elapsed=15.420ms
INFO [06-01|17:29:00.762] Stopping work on payload                 id=0x03f3e0061d673061 reason=delivery
WARN [06-01|17:29:00.785] {"level":"warn","msg":"Slow block","block":{"number":7809,"hash":"0x7c8f8f105d3aa7154374d8ebca959983882cb0871c27365c6f6f2c9fe2a64991","gas_used":0,"tx_count":0},"timing":{"execution_ms":0.035949,"state_read_ms":22.155154,"state_hash_ms":0.002354,"commit_ms":0.16385,"total_ms":22.539891},"throughput":{"mgas_per_sec":0},"state_reads":{"accounts":4,"storage_slots":0,"code":0,"code_bytes":0},"state_writes":{"accounts":0,"accounts_deleted":0,"storage_slots":0,"storage_slots_deleted":0,"code":0,"code_bytes":0},"cache":{"account":{"hits":0,"misses":4,"hit_rate":0},"storage":{"hits":0,"misses":0,"hit_rate":0},"code":{"hits":0,"misses":0,"hit_rate":0,"hit_bytes":0,"miss_bytes":0}}}
INFO [06-01|17:29:00.785] Imported new potential chain segment     number=7809 hash=7c8f8f..a64991 blocks=1 txs=0 mgas=0.000 elapsed=22.797ms mgasps=0.000 triediffs=34.30MiB triedirty=10.81MiB
INFO [06-01|17:29:00.785] Chain head was updated                   number=7809 hash=7c8f8f..a64991 root=6c75ea..4b7919 elapsed="39.971µs"
INFO [06-01|17:29:01.801] Starting work on payload                 id=0x036e09ce323efc44
INFO [06-01|17:29:01.821] Updated payload                          id=0x036e09ce323efc44 number=7810 hash=cc1b4e..25dc0a txs=0 withdrawals=0 gas=0 fees=0 root=6c75ea..4b7919 elapsed=20.110ms
INFO [06-01|17:29:01.822] Stopping work on payload                 id=0x036e09ce323efc44 reason=delivery
WARN [06-01|17:29:01.825] {"level":"warn","msg":"Slow block","block":{"number":7810,"hash":"0xcc1b4e285c494ccdafa30016c2b5f450be1058e62ab19551ab6c53e73125dc0a","gas_used":0,"tx_count":0},"timing":{"execution_ms":0.034351,"state_read_ms":2.85249,"state_hash_ms":0.001141,"commit_ms":0.105466,"total_ms":3.182619},"throughput":{"mgas_per_sec":0},"state_reads":{"accounts":4,"storage_slots":0,"code":0,"code_bytes":0},"state_writes":{"accounts":0,"accounts_deleted":0,"storage_slots":0,"storage_slots_deleted":0,"code":0,"code_bytes":0},"cache":{"account":{"hits":0,"misses":4,"hit_rate":0},"storage":{"hits":0,"misses":0,"hit_rate":0},"code":{"hits":0,"misses":0,"hit_rate":0,"hit_bytes":0,"miss_bytes":0}}}
INFO [06-01|17:29:01.825] Imported new potential chain segment     number=7810 hash=cc1b4e..25dc0a blocks=1 txs=0 mgas=0.000 elapsed=3.395ms    mgasps=0.000 triediffs=34.30MiB triedirty=10.81MiB
INFO [06-01|17:29:01.825] Chain head was updated                   number=7810 hash=cc1b4e..25dc0a root=6c75ea..4b7919 elapsed="31.455µs"
INFO [06-01|17:29:02.849] Starting work on payload                 id=0x03941fa370c3329b
INFO [06-01|17:29:02.874] Updated payload                          id=0x03941fa370c3329b number=7811 hash=b1c891..7a133a txs=0 withdrawals=0 gas=0 fees=0 root=6c75ea..4b7919 elapsed=25.526ms
INFO [06-01|17:29:02.874] Stopping work on payload                 id=0x03941fa370c3329b reason=delivery
WARN [06-01|17:29:02.878] {"level":"warn","msg":"Slow block","block":{"number":7811,"hash":"0xb1c891fed70727368f8439936d5f61a8bea35d063c8d4b4eb8d7c5ec3f7a133a","gas_used":0,"tx_count":0},"timing":{"execution_ms":0.043363,"state_read_ms":3.260297,"state_hash_ms":0.001886,"commit_ms":0.240411,"total_ms":3.748768},"throughput":{"mgas_per_sec":0},"state_reads":{"accounts":4,"storage_slots":0,"code":0,"code_bytes":0},"state_writes":{"accounts":0,"accounts_deleted":0,"storage_slots":0,"storage_slots_deleted":0,"code":0,"code_bytes":0},"cache":{"account":{"hits":0,"misses":4,"hit_rate":0},"storage":{"hits":0,"misses":0,"hit_rate":0},"code":{"hits":0,"misses":0,"hit_rate":0,"hit_bytes":0,"miss_bytes":0}}}
INFO [06-01|17:29:02.878] Imported new potential chain segment     number=7811 hash=b1c891..7a133a blocks=1 txs=0 mgas=0.000 elapsed=3.992ms    mgasps=0.000 triediffs=34.30MiB triedirty=10.81MiB
INFO [06-01|17:29:02.879] Chain head was updated                   number=7811 hash=b1c891..7a133a root=6c75ea..4b7919 elapsed="80.13µs"
INFO [06-01|17:29:02.899] Submitted contract creation              hash=0xe92e00c627e6dcf82580a548b7d192afcb3ce039e2e2f9347f00dff4cddf27c0 from=0xf39Fd6e51aad88F6F4ce6aB8827279cffFb92266 nonce=2359 contract=0xe5AF54AA3f81E0cc23d7EBEe959570bdbF8eD598 value=0
INFO [06-01|17:29:02.899] Submitted transaction                    hash=0x6cf11ab7ae999d11f3b5273500fc0db6c0b8556db0afbed109e0e2f85f71930f from=0xf39Fd6e51aad88F6F4ce6aB8827279cffFb92266 nonce=2360 recipient=0xfDE0287a9B62079D49b865e74A22D784919b1649 value=78,000,000
INFO [06-01|17:29:03.893] Starting work on payload                 id=0x038d18523d8edacf
INFO [06-01|17:29:03.929] Updated payload                          id=0x038d18523d8edacf number=7812 hash=53fe93..f64249 txs=2 withdrawals=0 gas=91678 fees=5.50068e-13 root=60b1f1..ab997e elapsed=35.878ms
INFO [06-01|17:29:03.929] Stopping work on payload                 id=0x038d18523d8edacf reason=delivery
WARN [06-01|17:29:03.952] {"level":"warn","msg":"Slow block","block":{"number":7812,"hash":"0x53fe93d25760a9a30c30521e8bff4e895b16898d5c7d0854251b6099b8f64249","gas_used":91678,"tx_count":2},"timing":{"execution_ms":0.123323,"state_read_ms":12.622241,"state_hash_ms":3.664701,"commit_ms":5.121136,"total_ms":22.54831},"throughput":{"mgas_per_sec":4.065847950467242},"state_reads":{"accounts":11,"storage_slots":0,"code":0,"code_bytes":0},"state_writes":{"accounts":3,"accounts_deleted":0,"storage_slots":0,"storage_slots_deleted":0,"code":1,"code_bytes":303},"cache":{"account":{"hits":6,"misses":5,"hit_rate":54.54545454545454},"storage":{"hits":0,"misses":0,"hit_rate":0},"code":{"hits":0,"misses":0,"hit_rate":0,"hit_bytes":0,"miss_bytes":0}}}
INFO [06-01|17:29:03.952] Imported new potential chain segment     number=7812 hash=53fe93..f64249 blocks=1 txs=2 mgas=0.092 elapsed=22.760ms   mgasps=4.028 triediffs=33.61MiB triedirty=10.85MiB
INFO [06-01|17:29:03.952] Chain head was updated                   number=7812 hash=53fe93..f64249 root=60b1f1..ab997e elapsed="158.328µs"
INFO [06-01|17:29:04.920] Submitted transaction                    hash=0x48867204506579adce4d380e1076977c6d4d74b774a24e55c9b4f1d839a180e1 from=0xfDE0287a9B62079D49b865e74A22D784919b1649 nonce=0    recipient=0xe5AF54AA3f81E0cc23d7EBEe959570bdbF8eD598 value=0
INFO [06-01|17:29:04.973] Starting work on payload                 id=0x03d7ed6adf34a928
INFO [06-01|17:29:05.068] Updated payload                          id=0x03d7ed6adf34a928 number=7813 hash=5d5e69..666b32 txs=1 withdrawals=0 gas=5,911,513 fees=3.5469078e-11 root=6409ae..bbc3f9 elapsed=95.151ms
INFO [06-01|17:29:05.068] Stopping work on payload                 id=0x03d7ed6adf34a928 reason=delivery
WARN [06-01|17:29:05.155] {"level":"warn","msg":"Slow block","block":{"number":7813,"hash":"0x5d5e6940e48cfd61ccbacd7efe259e6b826c772efc9f1f53e075b5478b666b32","gas_used":5911513,"tx_count":1},"timing":{"execution_ms":56.848642,"state_read_ms":21.55481,"state_hash_ms":6.122879,"commit_ms":1.267279,"total_ms":86.204335},"throughput":{"mgas_per_sec":68.57558845503536},"state_reads":{"accounts":8,"storage_slots":638,"code":2,"code_bytes":331},"state_writes":{"accounts":3,"accounts_deleted":0,"storage_slots":96,"storage_slots_deleted":0,"code":0,"code_bytes":0},"cache":{"account":{"hits":4,"misses":4,"hit_rate":50},"storage":{"hits":267,"misses":371,"hit_rate":41.84952978056427},"code":{"hits":2,"misses":0,"hit_rate":100,"hit_bytes":331,"miss_bytes":0}}}
INFO [06-01|17:29:05.155] Imported new potential chain segment     number=7813 hash=5d5e69..666b32 blocks=1 txs=1 mgas=5.912 elapsed=86.392ms    mgasps=68.426 triediffs=33.63MiB triedirty=10.85MiB
INFO [06-01|17:29:05.155] Chain head was updated                   number=7813 hash=5d5e69..666b32 root=6409ae..bbc3f9 elapsed="81.544µs"
INFO [06-01|17:29:05.934] Submitted transaction                    hash=0x2cfad79bc596e0e83d6a4d23b777563a0f6cddfdda0b5aea2b4cced8576c0587 from=0xfDE0287a9B62079D49b865e74A22D784919b1649 nonce=1    recipient=0xf39Fd6e51aad88F6F4ce6aB8827279cffFb92266 value=898,331
INFO [06-01|17:29:06.163] Starting work on payload                 id=0x038c5fca49bbd632
INFO [06-01|17:29:06.201] Updated payload                          id=0x038c5fca49bbd632 number=7814 hash=be0bec..6d3ada txs=1 withdrawals=0 gas=21000     fees=2.1e-14       root=7b4315..ae34ad elapsed=38.202ms
INFO [06-01|17:29:06.201] Stopping work on payload                 id=0x038c5fca49bbd632 reason=delivery
WARN [06-01|17:29:06.244] {"level":"warn","msg":"Slow block","block":{"number":7814,"hash":"0xbe0bec367f5eb49c3c784896bfeb28dc1a5e9611817960e88366e4cbaa6d3ada","gas_used":21000,"tx_count":1},"timing":{"execution_ms":0.07841,"state_read_ms":39.494538,"state_hash_ms":2.320962,"commit_ms":0.537866,"total_ms":42.621088},"throughput":{"mgas_per_sec":0.4927138415612478},"state_reads":{"accounts":6,"storage_slots":0,"code":0,"code_bytes":0},"state_writes":{"accounts":2,"accounts_deleted":0,"storage_slots":0,"storage_slots_deleted":0,"code":0,"code_bytes":0},"cache":{"account":{"hits":2,"misses":4,"hit_rate":33.33333333333333},"storage":{"hits":0,"misses":0,"hit_rate":0},"code":{"hits":0,"misses":0,"hit_rate":0,"hit_bytes":0,"miss_bytes":0}}}
INFO [06-01|17:29:06.244] Imported new potential chain segment     number=7814 hash=be0bec..6d3ada blocks=1 txs=1 mgas=0.021 elapsed=42.747ms    mgasps=0.491  triediffs=33.63MiB triedirty=10.85MiB
INFO [06-01|17:29:06.244] Chain head was updated                   number=7814 hash=be0bec..6d3ada root=7b4315..ae34ad elapsed="43.501µs"
INFO [06-01|17:29:07.265] Starting work on payload                 id=0x03097ead8e02c7bb
INFO [06-01|17:29:07.268] Updated payload                          id=0x03097ead8e02c7bb number=7815 hash=3b00eb..39c0eb txs=0 withdrawals=0 gas=0         fees=0             root=7b4315..ae34ad elapsed=3.187ms
INFO [06-01|17:29:07.269] Stopping work on payload                 id=0x03097ead8e02c7bb reason=delivery
WARN [06-01|17:29:07.286] {"level":"warn","msg":"Slow block","block":{"number":7815,"hash":"0x3b00ebf50b9002bf1904f8b72614ac62f216b7e2b7e153ed599ee724c739c0eb","gas_used":0,"tx_count":0},"timing":{"execution_ms":0.045093,"state_read_ms":10.167783,"state_hash_ms":0.003266,"commit_ms":0.129211,"total_ms":17.066239},"throughput":{"mgas_per_sec":0},"state_reads":{"accounts":4,"storage_slots":0,"code":0,"code_bytes":0},"state_writes":{"accounts":0,"accounts_deleted":0,"storage_slots":0,"storage_slots_deleted":0,"code":0,"code_bytes":0},"cache":{"account":{"hits":0,"misses":4,"hit_rate":0},"storage":{"hits":0,"misses":0,"hit_rate":0},"code":{"hits":0,"misses":0,"hit_rate":0,"hit_bytes":0,"miss_bytes":0}}}
INFO [06-01|17:29:07.286] Imported new potential chain segment     number=7815 hash=3b00eb..39c0eb blocks=1 txs=0 mgas=0.000 elapsed=17.202ms    mgasps=0.000  triediffs=33.63MiB triedirty=10.85MiB
INFO [06-01|17:29:07.286] Chain head was updated                   number=7815 hash=3b00eb..39c0eb root=7b4315..ae34ad elapsed="38.272µs"
