WARN [06-01|17:34:31.704] Unknown config environment variable      envvar=GETH_PBT_BIN
WARN [06-01|17:34:31.704] Unknown config environment variable      envvar=GETH_UBT_BIN
INFO [06-01|17:34:31.714] Starting Geth on Ethereum mainnet...
INFO [06-01|17:34:31.716] Maximum peer count                       ETH=0 total=0
INFO [06-01|17:34:31.717] Smartcard socket not found, disabling    err="stat /run/pcscd/pcscd.comm: no such file or directory"
WARN [06-01|17:34:31.721] Option --miner.etherbase is deprecated as the etherbase is set by the consensus client post-merge
INFO [06-01|17:34:31.724] Set global gas cap                       cap=50,000,000
INFO [06-01|17:34:32.516] Using developer account                  address=0xf39Fd6e51aad88F6F4ce6aB8827279cffFb92266
INFO [06-01|17:34:32.554] Using pebble as the backing database
INFO [06-01|17:34:32.554] Allocated cache and file handles         database=/mnt/state_expiry_vol_data/ubt-vs-pbt-dbs/pbt/geth/chaindata cache=2.00GiB handles=262,144
INFO [06-01|17:34:32.788] Opened ancient database                  database=/mnt/state_expiry_vol_data/ubt-vs-pbt-dbs/pbt/geth/chaindata/ancient/chain readonly=true
INFO [06-01|17:34:32.788] Opened Era store                         datadir=/mnt/state_expiry_vol_data/ubt-vs-pbt-dbs/pbt/geth/chaindata/ancient/chain/era
INFO [06-01|17:34:32.796] Initializing the KZG library             backend=gokzg
INFO [06-01|17:34:32.799] Allocated trie memory caches             clean=614.00MiB dirty=1.00GiB
INFO [06-01|17:34:32.810] Using pebble as the backing database
INFO [06-01|17:34:32.810] Allocated cache and file handles         database=/mnt/state_expiry_vol_data/ubt-vs-pbt-dbs/pbt/geth/chaindata cache=2.00GiB handles=262,144
INFO [06-01|17:34:33.017] Opened ancient database                  database=/mnt/state_expiry_vol_data/ubt-vs-pbt-dbs/pbt/geth/chaindata/ancient/chain readonly=false
INFO [06-01|17:34:33.017] Opened Era store                         datadir=/mnt/state_expiry_vol_data/ubt-vs-pbt-dbs/pbt/geth/chaindata/ancient/chain/era
INFO [06-01|17:34:33.023] State scheme set to already existing     scheme=path
INFO [06-01|17:34:33.023] Initialising Ethereum protocol           network=1337 dbversion=9
WARN [06-01|17:34:33.023] Sanitizing invalid node buffer size      provided=1.00GiB updated=256.00MiB
INFO [06-01|17:34:33.024] Load database journal from file          path=/mnt/state_expiry_vol_data/ubt-vs-pbt-dbs/pbt/geth/triedb/verkle.journal
INFO [06-01|17:34:33.243] Opened ancient database                  database=/mnt/state_expiry_vol_data/ubt-vs-pbt-dbs/pbt/geth/chaindata/ancient/state_verkle readonly=false
INFO [06-01|17:34:33.244] State snapshot generator is not compatible
INFO [06-01|17:34:33.244] Initialized path database                triecache=614.00MiB statecache=409.00MiB buffer=256.00MiB state-history="last 90000 blocks" journal-dir=/mnt/state_expiry_vol_data/ubt-vs-pbt-dbs/pbt/geth/triedb verkle=true
INFO [06-01|17:34:33.245] 
INFO [06-01|17:34:33.245] ---------------------------------------------------------------------------------------------------------------------------------------------------------
INFO [06-01|17:34:33.245] Chain ID:  1337 (unknown)
INFO [06-01|17:34:33.245] Consensus: unknown
INFO [06-01|17:34:33.245] 
INFO [06-01|17:34:33.245] Pre-Merge hard forks (block based):
INFO [06-01|17:34:33.245]  - Homestead:                   #0       
INFO [06-01|17:34:33.245]  - Tangerine Whistle (EIP 150): #0       
INFO [06-01|17:34:33.245]  - Spurious Dragon/1 (EIP 155): #0       
INFO [06-01|17:34:33.245]  - Spurious Dragon/2 (EIP 158): #0       
INFO [06-01|17:34:33.245]  - Byzantium:                   #0       
INFO [06-01|17:34:33.245]  - Constantinople:              #0       
INFO [06-01|17:34:33.245]  - Petersburg:                  #0       
INFO [06-01|17:34:33.245]  - Istanbul:                    #0       
INFO [06-01|17:34:33.245]  - Berlin:                      #0       
INFO [06-01|17:34:33.245]  - London:                      #0       
INFO [06-01|17:34:33.245]  - Arrow Glacier:               #0       
INFO [06-01|17:34:33.245]  - Gray Glacier:                #0       
INFO [06-01|17:34:33.245] 
INFO [06-01|17:34:33.245] Merge configured:
INFO [06-01|17:34:33.245]  - Total terminal difficulty:  0
INFO [06-01|17:34:33.245]  - Merge netsplit block:       #0       
INFO [06-01|17:34:33.245] 
INFO [06-01|17:34:33.245] Post-Merge hard forks (timestamp based):
INFO [06-01|17:34:33.245]  - Shanghai:                    @0         
INFO [06-01|17:34:33.245]  - Cancun:                      @0          blob: (target: 3, max: 6, fraction: 3338477)
INFO [06-01|17:34:33.245]  - Prague:                      @0          blob: (target: 6, max: 9, fraction: 5007716)
INFO [06-01|17:34:33.245]  - Osaka:                       @0          blob: (target: 6, max: 9, fraction: 5007716)
INFO [06-01|17:34:33.245]  - UBT:                         @0          blob: (nil)
INFO [06-01|17:34:33.245] 
INFO [06-01|17:34:33.245] All fork specifications can be found at https://ethereum.github.io/execution-specs/src/ethereum/forks/
INFO [06-01|17:34:33.245] 
INFO [06-01|17:34:33.245] ---------------------------------------------------------------------------------------------------------------------------------------------------------
INFO [06-01|17:34:33.245] 
INFO [06-01|17:34:33.247] Loaded most recent local block           number=8022 hash=9bf4ae..6bde84 age=3s
INFO [06-01|17:34:33.247] Loaded most recent local finalized block number=8000 hash=41cb48..49ff3c age=37s
INFO [06-01|17:34:33.248] Initialized transaction indexer          range="last 2350000 blocks"
INFO [06-01|17:34:33.248] Initialized log indexer                  firstblock=0 lastblock=8022 firstmap=0 lastmap=0 headindexed=true
INFO [06-01|17:34:33.295] Enabled full-sync                        head=8022 hash=9bf4ae..6bde84
INFO [06-01|17:34:33.296] Unprotected transactions allowed
INFO [06-01|17:34:33.296] Gasprice oracle is ignoring threshold set threshold=2
INFO [06-01|17:34:33.296] Registered sync override service
WARN [06-01|17:34:33.296] You are running Geth in --dev mode. Please note the following:
WARN [06-01|17:34:33.296] 
WARN [06-01|17:34:33.296]   1. This mode is only intended for fast, iterative development without assumptions on
WARN [06-01|17:34:33.296]      security or persistence.
WARN [06-01|17:34:33.296]   2. The database is created in memory unless specified otherwise. Therefore, shutting down
WARN [06-01|17:34:33.296]      your computer or losing power will wipe your entire block data and chain state for
WARN [06-01|17:34:33.296]      your dev environment.
WARN [06-01|17:34:33.296]   3. A random, pre-allocated developer account will be available and unlocked as
WARN [06-01|17:34:33.296]      eth.coinbase, which can be used for testing. The random dev account is temporary,
WARN [06-01|17:34:33.296]      stored on a ramdisk, and will be lost if your machine is restarted.
WARN [06-01|17:34:33.296]   4. Mining is enabled by default. However, the client will only seal blocks if transactions
WARN [06-01|17:34:33.296]      are pending in the mempool. The miner's minimum accepted gas price is 1.
WARN [06-01|17:34:33.296]   5. Networking is disabled; there is no listen-address, the maximum number of peers is set
WARN [06-01|17:34:33.296]      to 0, and discovery is disabled.
WARN [06-01|17:34:33.296] 
INFO [06-01|17:34:33.296] Starting peer-to-peer node               instance=Geth/v1.17.3-unstable/linux-amd64/go1.24.9
WARN [06-01|17:34:33.296] P2P server will be useless, neither dialing nor listening
INFO [06-01|17:34:33.326] IPC endpoint opened                      url=/mnt/state_expiry_vol_data/ubt-vs-pbt-dbs/pbt/geth.ipc
ERROR[06-01|17:34:33.326] Unavailable modules in HTTP API list     unavailable=[personal] available="[admin debug web3 eth txpool miner net dev testing]"
INFO [06-01|17:34:33.326] New local node record                    seq=1,780,292,695,394 id=972c5cc0b2a1895c ip=127.0.0.1 udp=0 tcp=0
INFO [06-01|17:34:33.326] Started P2P networking                   self=enode://16ec6c0bde109d66472afe00ec8fee3d30718d830d1acf0829842abca89b82afff8a454636cde3b26d700f98647938c6f23e7bee3027caca0d7f19e4b3725e13@127.0.0.1:0
INFO [06-01|17:34:33.327] HTTP server started                      endpoint=127.0.0.1:8545 auth=false prefix= cors= vhosts=localhost
INFO [06-01|17:34:33.327] WebSocket enabled                        url=ws://127.0.0.1:8546
INFO [06-01|17:34:33.918] Loaded local transaction journal         transactions=5353 dropped=0
INFO [06-01|17:34:34.270] Started log indexer
INFO [06-01|17:34:34.319] Starting work on payload                 id=0x037e914b513c4493
INFO [06-01|17:34:34.336] Updated payload                          id=0x037e914b513c4493 number=8023 hash=26d71f..c0b306 txs=0 withdrawals=0 gas=0 fees=0 root=e30f24..0842ea elapsed=17.401ms
INFO [06-01|17:34:34.336] Stopping work on payload                 id=0x037e914b513c4493 reason=delivery
WARN [06-01|17:34:34.341] {"level":"warn","msg":"Slow block","block":{"number":8023,"hash":"0x26d71ff072775e812970bae530bbb5248d421a223c5b92e24d2cec20d8c0b306","gas_used":0,"tx_count":0},"timing":{"execution_ms":0.058336,"state_read_ms":3.165976,"state_hash_ms":0.001871,"commit_ms":0.211909,"total_ms":3.6904},"throughput":{"mgas_per_sec":0},"state_reads":{"accounts":4,"storage_slots":0,"code":0,"code_bytes":0},"state_writes":{"accounts":0,"accounts_deleted":0,"storage_slots":0,"storage_slots_deleted":0,"code":0,"code_bytes":0},"cache":{"account":{"hits":0,"misses":4,"hit_rate":0},"storage":{"hits":0,"misses":0,"hit_rate":0},"code":{"hits":0,"misses":0,"hit_rate":0,"hit_bytes":0,"miss_bytes":0}}}
INFO [06-01|17:34:34.341] Imported new potential chain segment     number=8023 hash=26d71f..c0b306 blocks=1 txs=0 mgas=0.000 elapsed=4.113ms  mgasps=0.000 triediffs=3.08MiB triedirty=12.17MiB
INFO [06-01|17:34:34.341] Chain head was updated                   number=8023 hash=26d71f..c0b306 root=e30f24..0842ea elapsed="76.948µs"
INFO [06-01|17:34:35.352] Starting work on payload                 id=0x0393cbdd4b16e7f3
INFO [06-01|17:34:35.374] Updated payload                          id=0x0393cbdd4b16e7f3 number=8024 hash=ab9a83..3ad5f5 txs=0 withdrawals=0 gas=0 fees=0 root=e30f24..0842ea elapsed=22.014ms
INFO [06-01|17:34:35.374] Stopping work on payload                 id=0x0393cbdd4b16e7f3 reason=delivery
WARN [06-01|17:34:35.383] {"level":"warn","msg":"Slow block","block":{"number":8024,"hash":"0xab9a83fe7d797445b769bca2f8e9782a9fcdaddd25d410008099fb1e053ad5f5","gas_used":0,"tx_count":0},"timing":{"execution_ms":0.028601,"state_read_ms":7.970071,"state_hash_ms":0.002521,"commit_ms":0.259583,"total_ms":8.502764},"throughput":{"mgas_per_sec":0},"state_reads":{"accounts":4,"storage_slots":0,"code":0,"code_bytes":0},"state_writes":{"accounts":0,"accounts_deleted":0,"storage_slots":0,"storage_slots_deleted":0,"code":0,"code_bytes":0},"cache":{"account":{"hits":0,"misses":4,"hit_rate":0},"storage":{"hits":0,"misses":0,"hit_rate":0},"code":{"hits":0,"misses":0,"hit_rate":0,"hit_bytes":0,"miss_bytes":0}}}
INFO [06-01|17:34:35.383] Imported new potential chain segment     number=8024 hash=ab9a83..3ad5f5 blocks=1 txs=0 mgas=0.000 elapsed=8.685ms    mgasps=0.000 triediffs=3.08MiB triedirty=12.17MiB
INFO [06-01|17:34:35.383] Chain head was updated                   number=8024 hash=ab9a83..3ad5f5 root=e30f24..0842ea elapsed="63.53µs"
INFO [06-01|17:34:36.403] Starting work on payload                 id=0x037befcfd9621210
INFO [06-01|17:34:36.422] Updated payload                          id=0x037befcfd9621210 number=8025 hash=540cb7..91549a txs=0 withdrawals=0 gas=0 fees=0 root=e30f24..0842ea elapsed=18.817ms
INFO [06-01|17:34:36.427] Stopping work on payload                 id=0x037befcfd9621210 reason=delivery
WARN [06-01|17:34:36.428] {"level":"warn","msg":"Slow block","block":{"number":8025,"hash":"0x540cb7cb39a5d0f9bedf2d9c369ea6bd203a7234d6775ccc51c3654e7a91549a","gas_used":0,"tx_count":0},"timing":{"execution_ms":0.037867,"state_read_ms":5.077288,"state_hash_ms":0.002069,"commit_ms":0.125672,"total_ms":5.498044},"throughput":{"mgas_per_sec":0},"state_reads":{"accounts":4,"storage_slots":0,"code":0,"code_bytes":0},"state_writes":{"accounts":0,"accounts_deleted":0,"storage_slots":0,"storage_slots_deleted":0,"code":0,"code_bytes":0},"cache":{"account":{"hits":0,"misses":4,"hit_rate":0},"storage":{"hits":0,"misses":0,"hit_rate":0},"code":{"hits":0,"misses":0,"hit_rate":0,"hit_bytes":0,"miss_bytes":0}}}
INFO [06-01|17:34:36.428] Imported new potential chain segment     number=8025 hash=540cb7..91549a blocks=1 txs=0 mgas=0.000 elapsed=5.684ms    mgasps=0.000 triediffs=3.08MiB triedirty=12.17MiB
INFO [06-01|17:34:36.428] Chain head was updated                   number=8025 hash=540cb7..91549a root=e30f24..0842ea elapsed="41.991µs"
INFO [06-01|17:34:36.688] Submitted contract creation              hash=0xf3d9b6aeee9904737097d22b9f63f6605b53960995e90e4e1ddab449de613340 from=0xf39Fd6e51aad88F6F4ce6aB8827279cffFb92266 nonce=2421 contract=0x1b5FBA5DD58BD9e5dFC7f0C5073E1b60e7f747Fb value=0
INFO [06-01|17:34:36.688] Submitted transaction                    hash=0x240bf23a57ceec097ff31b4147bf02b4c56a70b88ce4a20cf8d95c92a1cbdbfe from=0xf39Fd6e51aad88F6F4ce6aB8827279cffFb92266 nonce=2422 recipient=0xD90555A574f369B1EE954cD086c5228674EB1cfE value=78,000,000
INFO [06-01|17:34:37.447] Starting work on payload                 id=0x03378e879fc6375a
INFO [06-01|17:34:37.496] Updated payload                          id=0x03378e879fc6375a number=8026 hash=65af4f..217401 txs=2 withdrawals=0 gas=91710 fees=5.5026e-13 root=6496a7..ee767d elapsed=49.534ms
INFO [06-01|17:34:37.497] Stopping work on payload                 id=0x03378e879fc6375a reason=delivery
WARN [06-01|17:34:37.543] {"level":"warn","msg":"Slow block","block":{"number":8026,"hash":"0x65af4f964a7a66b969a2773ebe877c69e5e3280359756171c2e8f793f8217401","gas_used":91710,"tx_count":2},"timing":{"execution_ms":0.138715,"state_read_ms":19.077457,"state_hash_ms":18.720602,"commit_ms":4.69158,"total_ms":46.453887},"throughput":{"mgas_per_sec":1.9742158497953035},"state_reads":{"accounts":11,"storage_slots":0,"code":0,"code_bytes":0},"state_writes":{"accounts":3,"accounts_deleted":0,"storage_slots":0,"storage_slots_deleted":0,"code":1,"code_bytes":305},"cache":{"account":{"hits":6,"misses":5,"hit_rate":54.54545454545454},"storage":{"hits":0,"misses":0,"hit_rate":0},"code":{"hits":0,"misses":0,"hit_rate":0,"hit_bytes":0,"miss_bytes":0}}}
INFO [06-01|17:34:37.543] Imported new potential chain segment     number=8026 hash=65af4f..217401 blocks=1 txs=2 mgas=0.092 elapsed=46.692ms   mgasps=1.964 triediffs=3.07MiB triedirty=12.18MiB
INFO [06-01|17:34:37.544] Chain head was updated                   number=8026 hash=65af4f..217401 root=6496a7..ee767d elapsed="225.925µs"
INFO [06-01|17:34:37.701] Submitted transaction                    hash=0x3c4ca7ef7babbc6de5da9a2999368be65262bcd2436eb994555bf9fde6d7d7f4 from=0xD90555A574f369B1EE954cD086c5228674EB1cfE nonce=0    recipient=0x1b5FBA5DD58BD9e5dFC7f0C5073E1b60e7f747Fb value=0
INFO [06-01|17:34:38.558] Starting work on payload                 id=0x03e46bf0dfef8304
INFO [06-01|17:34:38.713] Updated payload                          id=0x03e46bf0dfef8304 number=8027 hash=820a37..ca8054 txs=1 withdrawals=0 gas=5,920,754 fees=3.5524524e-11 root=5e0b6b..bafd2f elapsed=155.185ms
INFO [06-01|17:34:38.713] Stopping work on payload                 id=0x03e46bf0dfef8304 reason=delivery
WARN [06-01|17:34:38.810] {"level":"warn","msg":"Slow block","block":{"number":8027,"hash":"0x820a378fd1379d81b35bf38cda3a7cd51e8cba62e9473767c9a065d78aca8054","gas_used":5920754,"tx_count":1},"timing":{"execution_ms":58.860545,"state_read_ms":19.201213,"state_hash_ms":11.211635,"commit_ms":1.509894,"total_ms":95.939788},"throughput":{"mgas_per_sec":61.713227884139165},"state_reads":{"accounts":107,"storage_slots":785,"code":101,"code_bytes":3105},"state_writes":{"accounts":11,"accounts_deleted":0,"storage_slots":77,"storage_slots_deleted":0,"code":0,"code_bytes":0},"cache":{"account":{"hits":44,"misses":63,"hit_rate":41.1214953271028},"storage":{"hits":240,"misses":545,"hit_rate":30.573248407643312},"code":{"hits":101,"misses":0,"hit_rate":100,"hit_bytes":3105,"miss_bytes":0}}}
INFO [06-01|17:34:38.810] Imported new potential chain segment     number=8027 hash=820a37..ca8054 blocks=1 txs=1 mgas=5.921 elapsed=96.244ms    mgasps=61.518 triediffs=3.16MiB triedirty=12.18MiB
INFO [06-01|17:34:38.810] Chain head was updated                   number=8027 hash=820a37..ca8054 root=5e0b6b..bafd2f elapsed="87.753µs"
INFO [06-01|17:34:39.721] Submitted transaction                    hash=0x78d875a77630f511c17cd15f8c6da3d1b97e9f8b4e1ff63848b8a25ecae76b75 from=0xD90555A574f369B1EE954cD086c5228674EB1cfE nonce=1    recipient=0xf39Fd6e51aad88F6F4ce6aB8827279cffFb92266 value=778,198
INFO [06-01|17:34:39.823] Starting work on payload                 id=0x037484b5803c7e8b
INFO [06-01|17:34:39.841] Updated payload                          id=0x037484b5803c7e8b number=8028 hash=4d68d7..088d47 txs=1 withdrawals=0 gas=21000     fees=2.1e-14       root=91b33a..f35f03 elapsed=17.734ms
INFO [06-01|17:34:39.841] Stopping work on payload                 id=0x037484b5803c7e8b reason=delivery
WARN [06-01|17:34:39.864] {"level":"warn","msg":"Slow block","block":{"number":8028,"hash":"0x4d68d7ffb5245ebcda165f7a68514cc8219f2aece1bb71d98acfdecde1088d47","gas_used":21000,"tx_count":1},"timing":{"execution_ms":0.084247,"state_read_ms":18.735712,"state_hash_ms":2.653859,"commit_ms":0.783873,"total_ms":22.469939},"throughput":{"mgas_per_sec":0.9345819763907681},"state_reads":{"accounts":6,"storage_slots":0,"code":0,"code_bytes":0},"state_writes":{"accounts":2,"accounts_deleted":0,"storage_slots":0,"storage_slots_deleted":0,"code":0,"code_bytes":0},"cache":{"account":{"hits":2,"misses":4,"hit_rate":33.33333333333333},"storage":{"hits":0,"misses":0,"hit_rate":0},"code":{"hits":0,"misses":0,"hit_rate":0,"hit_bytes":0,"miss_bytes":0}}}
INFO [06-01|17:34:39.864] Imported new potential chain segment     number=8028 hash=4d68d7..088d47 blocks=1 txs=1 mgas=0.021 elapsed=22.618ms    mgasps=0.928  triediffs=3.15MiB triedirty=12.18MiB
INFO [06-01|17:34:39.864] Chain head was updated                   number=8028 hash=4d68d7..088d47 root=91b33a..f35f03 elapsed="42.28µs"
INFO [06-01|17:34:40.880] Starting work on payload                 id=0x03a559a3b430a735
INFO [06-01|17:34:40.894] Updated payload                          id=0x03a559a3b430a735 number=8029 hash=57e62f..d8e526 txs=0 withdrawals=0 gas=0         fees=0             root=91b33a..f35f03 elapsed=14.748ms
INFO [06-01|17:34:40.895] Stopping work on payload                 id=0x03a559a3b430a735 reason=delivery
WARN [06-01|17:34:40.901] {"level":"warn","msg":"Slow block","block":{"number":8029,"hash":"0x57e62f2662574317b95a7c6904390fb9e876369d994744999784fd4894d8e526","gas_used":0,"tx_count":0},"timing":{"execution_ms":0.032671,"state_read_ms":6.30633,"state_hash_ms":0.001935,"commit_ms":0.122628,"total_ms":6.663947},"throughput":{"mgas_per_sec":0},"state_reads":{"accounts":4,"storage_slots":0,"code":0,"code_bytes":0},"state_writes":{"accounts":0,"accounts_deleted":0,"storage_slots":0,"storage_slots_deleted":0,"code":0,"code_bytes":0},"cache":{"account":{"hits":0,"misses":4,"hit_rate":0},"storage":{"hits":0,"misses":0,"hit_rate":0},"code":{"hits":0,"misses":0,"hit_rate":0,"hit_bytes":0,"miss_bytes":0}}}
INFO [06-01|17:34:40.902] Imported new potential chain segment     number=8029 hash=57e62f..d8e526 blocks=1 txs=0 mgas=0.000 elapsed=6.805ms     mgasps=0.000  triediffs=3.15MiB triedirty=12.18MiB
INFO [06-01|17:34:40.902] Chain head was updated                   number=8029 hash=57e62f..d8e526 root=91b33a..f35f03 elapsed="65.335µs"
