WARN [06-01|17:37:02.018] Unknown config environment variable      envvar=GETH_PBT_BIN
WARN [06-01|17:37:02.019] Unknown config environment variable      envvar=GETH_UBT_BIN
INFO [06-01|17:37:02.029] Starting Geth on Ethereum mainnet...
INFO [06-01|17:37:02.031] Maximum peer count                       ETH=0 total=0
INFO [06-01|17:37:02.032] Smartcard socket not found, disabling    err="stat /run/pcscd/pcscd.comm: no such file or directory"
WARN [06-01|17:37:02.037] Option --miner.etherbase is deprecated as the etherbase is set by the consensus client post-merge
INFO [06-01|17:37:02.040] Set global gas cap                       cap=50,000,000
INFO [06-01|17:37:02.839] Using developer account                  address=0xf39Fd6e51aad88F6F4ce6aB8827279cffFb92266
INFO [06-01|17:37:02.879] Using pebble as the backing database
INFO [06-01|17:37:02.879] Allocated cache and file handles         database=/mnt/state_expiry_vol_data/ubt-vs-pbt-dbs/pbt/geth/chaindata cache=2.00GiB handles=262,144
INFO [06-01|17:37:03.093] Opened ancient database                  database=/mnt/state_expiry_vol_data/ubt-vs-pbt-dbs/pbt/geth/chaindata/ancient/chain readonly=true
INFO [06-01|17:37:03.093] Opened Era store                         datadir=/mnt/state_expiry_vol_data/ubt-vs-pbt-dbs/pbt/geth/chaindata/ancient/chain/era
INFO [06-01|17:37:03.101] Initializing the KZG library             backend=gokzg
INFO [06-01|17:37:03.103] Allocated trie memory caches             clean=614.00MiB dirty=1.00GiB
INFO [06-01|17:37:03.111] Using pebble as the backing database
INFO [06-01|17:37:03.111] Allocated cache and file handles         database=/mnt/state_expiry_vol_data/ubt-vs-pbt-dbs/pbt/geth/chaindata cache=2.00GiB handles=262,144
INFO [06-01|17:37:03.324] Opened ancient database                  database=/mnt/state_expiry_vol_data/ubt-vs-pbt-dbs/pbt/geth/chaindata/ancient/chain readonly=false
INFO [06-01|17:37:03.324] Opened Era store                         datadir=/mnt/state_expiry_vol_data/ubt-vs-pbt-dbs/pbt/geth/chaindata/ancient/chain/era
INFO [06-01|17:37:03.329] State scheme set to already existing     scheme=path
INFO [06-01|17:37:03.330] Initialising Ethereum protocol           network=1337 dbversion=9
WARN [06-01|17:37:03.330] Sanitizing invalid node buffer size      provided=1.00GiB updated=256.00MiB
INFO [06-01|17:37:03.331] Load database journal from file          path=/mnt/state_expiry_vol_data/ubt-vs-pbt-dbs/pbt/geth/triedb/verkle.journal
INFO [06-01|17:37:03.591] Opened ancient database                  database=/mnt/state_expiry_vol_data/ubt-vs-pbt-dbs/pbt/geth/chaindata/ancient/state_verkle readonly=false
INFO [06-01|17:37:03.592] State snapshot generator is not compatible
INFO [06-01|17:37:03.592] Initialized path database                triecache=614.00MiB statecache=409.00MiB buffer=256.00MiB state-history="last 90000 blocks" journal-dir=/mnt/state_expiry_vol_data/ubt-vs-pbt-dbs/pbt/geth/triedb verkle=true
INFO [06-01|17:37:03.593] 
INFO [06-01|17:37:03.593] ---------------------------------------------------------------------------------------------------------------------------------------------------------
INFO [06-01|17:37:03.593] Chain ID:  1337 (unknown)
INFO [06-01|17:37:03.593] Consensus: unknown
INFO [06-01|17:37:03.593] 
INFO [06-01|17:37:03.593] Pre-Merge hard forks (block based):
INFO [06-01|17:37:03.593]  - Homestead:                   #0       
INFO [06-01|17:37:03.593]  - Tangerine Whistle (EIP 150): #0       
INFO [06-01|17:37:03.593]  - Spurious Dragon/1 (EIP 155): #0       
INFO [06-01|17:37:03.593]  - Spurious Dragon/2 (EIP 158): #0       
INFO [06-01|17:37:03.593]  - Byzantium:                   #0       
INFO [06-01|17:37:03.593]  - Constantinople:              #0       
INFO [06-01|17:37:03.593]  - Petersburg:                  #0       
INFO [06-01|17:37:03.593]  - Istanbul:                    #0       
INFO [06-01|17:37:03.593]  - Berlin:                      #0       
INFO [06-01|17:37:03.593]  - London:                      #0       
INFO [06-01|17:37:03.593]  - Arrow Glacier:               #0       
INFO [06-01|17:37:03.593]  - Gray Glacier:                #0       
INFO [06-01|17:37:03.593] 
INFO [06-01|17:37:03.593] Merge configured:
INFO [06-01|17:37:03.593]  - Total terminal difficulty:  0
INFO [06-01|17:37:03.593]  - Merge netsplit block:       #0       
INFO [06-01|17:37:03.593] 
INFO [06-01|17:37:03.593] Post-Merge hard forks (timestamp based):
INFO [06-01|17:37:03.593]  - Shanghai:                    @0         
INFO [06-01|17:37:03.593]  - Cancun:                      @0          blob: (target: 3, max: 6, fraction: 3338477)
INFO [06-01|17:37:03.593]  - Prague:                      @0          blob: (target: 6, max: 9, fraction: 5007716)
INFO [06-01|17:37:03.593]  - Osaka:                       @0          blob: (target: 6, max: 9, fraction: 5007716)
INFO [06-01|17:37:03.593]  - UBT:                         @0          blob: (nil)
INFO [06-01|17:37:03.593] 
INFO [06-01|17:37:03.593] All fork specifications can be found at https://ethereum.github.io/execution-specs/src/ethereum/forks/
INFO [06-01|17:37:03.593] 
INFO [06-01|17:37:03.593] ---------------------------------------------------------------------------------------------------------------------------------------------------------
INFO [06-01|17:37:03.593] 
INFO [06-01|17:37:03.594] Loaded most recent local block           number=8120 hash=9daab7..2ac10c age=3s
INFO [06-01|17:37:03.594] Loaded most recent local finalized block number=8096 hash=25e64c..27c451 age=38s
INFO [06-01|17:37:03.595] Initialized transaction indexer          range="last 2350000 blocks"
INFO [06-01|17:37:03.595] Initialized log indexer                  firstblock=0 lastblock=8120 firstmap=0 lastmap=0 headindexed=true
INFO [06-01|17:37:03.623] Enabled full-sync                        head=8120 hash=9daab7..2ac10c
INFO [06-01|17:37:03.624] Unprotected transactions allowed
INFO [06-01|17:37:03.624] Gasprice oracle is ignoring threshold set threshold=2
INFO [06-01|17:37:03.624] Registered sync override service
WARN [06-01|17:37:03.624] You are running Geth in --dev mode. Please note the following:
WARN [06-01|17:37:03.624] 
WARN [06-01|17:37:03.624]   1. This mode is only intended for fast, iterative development without assumptions on
WARN [06-01|17:37:03.624]      security or persistence.
WARN [06-01|17:37:03.624]   2. The database is created in memory unless specified otherwise. Therefore, shutting down
WARN [06-01|17:37:03.624]      your computer or losing power will wipe your entire block data and chain state for
WARN [06-01|17:37:03.624]      your dev environment.
WARN [06-01|17:37:03.624]   3. A random, pre-allocated developer account will be available and unlocked as
WARN [06-01|17:37:03.624]      eth.coinbase, which can be used for testing. The random dev account is temporary,
WARN [06-01|17:37:03.624]      stored on a ramdisk, and will be lost if your machine is restarted.
WARN [06-01|17:37:03.624]   4. Mining is enabled by default. However, the client will only seal blocks if transactions
WARN [06-01|17:37:03.624]      are pending in the mempool. The miner's minimum accepted gas price is 1.
WARN [06-01|17:37:03.624]   5. Networking is disabled; there is no listen-address, the maximum number of peers is set
WARN [06-01|17:37:03.624]      to 0, and discovery is disabled.
WARN [06-01|17:37:03.624] 
INFO [06-01|17:37:03.624] Starting peer-to-peer node               instance=Geth/v1.17.3-unstable/linux-amd64/go1.24.9
WARN [06-01|17:37:03.625] P2P server will be useless, neither dialing nor listening
INFO [06-01|17:37:03.643] IPC endpoint opened                      url=/mnt/state_expiry_vol_data/ubt-vs-pbt-dbs/pbt/geth.ipc
ERROR[06-01|17:37:03.643] Unavailable modules in HTTP API list     unavailable=[personal] available="[admin debug web3 eth txpool miner net dev testing]"
INFO [06-01|17:37:03.643] New local node record                    seq=1,780,292,695,408 id=972c5cc0b2a1895c ip=127.0.0.1 udp=0 tcp=0
INFO [06-01|17:37:03.643] Started P2P networking                   self=enode://16ec6c0bde109d66472afe00ec8fee3d30718d830d1acf0829842abca89b82afff8a454636cde3b26d700f98647938c6f23e7bee3027caca0d7f19e4b3725e13@127.0.0.1:0
INFO [06-01|17:37:03.644] HTTP server started                      endpoint=127.0.0.1:8545 auth=false prefix= cors= vhosts=localhost
INFO [06-01|17:37:03.644] WebSocket enabled                        url=ws://127.0.0.1:8546
INFO [06-01|17:37:04.216] Loaded local transaction journal         transactions=5409 dropped=0
INFO [06-01|17:37:04.671] Started log indexer
INFO [06-01|17:37:04.726] Starting work on payload                 id=0x0334fc843f12a57a
INFO [06-01|17:37:04.751] Updated payload                          id=0x0334fc843f12a57a number=8121 hash=c402ee..a02555 txs=0 withdrawals=0 gas=0 fees=0 root=95d1d3..b742d3 elapsed=24.913ms
INFO [06-01|17:37:04.751] Stopping work on payload                 id=0x0334fc843f12a57a reason=delivery
WARN [06-01|17:37:04.761] {"level":"warn","msg":"Slow block","block":{"number":8121,"hash":"0xc402ee727baa853f2c0e51eff72e1efe40f2a8fe1549c8f853a2ff8487a02555","gas_used":0,"tx_count":0},"timing":{"execution_ms":0.039809,"state_read_ms":3.019628,"state_hash_ms":0.003177,"commit_ms":0.251314,"total_ms":9.500064},"throughput":{"mgas_per_sec":0},"state_reads":{"accounts":4,"storage_slots":0,"code":0,"code_bytes":0},"state_writes":{"accounts":0,"accounts_deleted":0,"storage_slots":0,"storage_slots_deleted":0,"code":0,"code_bytes":0},"cache":{"account":{"hits":0,"misses":4,"hit_rate":0},"storage":{"hits":0,"misses":0,"hit_rate":0},"code":{"hits":0,"misses":0,"hit_rate":0,"hit_bytes":0,"miss_bytes":0}}}
INFO [06-01|17:37:04.761] Imported new potential chain segment     number=8121 hash=c402ee..a02555 blocks=1 txs=0 mgas=0.000 elapsed=9.909ms  mgasps=0.000 triediffs=4.84MiB triedirty=12.37MiB
INFO [06-01|17:37:04.761] Chain head was updated                   number=8121 hash=c402ee..a02555 root=95d1d3..b742d3 elapsed="85.12µs"
INFO [06-01|17:37:05.783] Starting work on payload                 id=0x03a8117f424fe764
INFO [06-01|17:37:05.800] Updated payload                          id=0x03a8117f424fe764 number=8122 hash=fa034f..755538 txs=0 withdrawals=0 gas=0 fees=0 root=95d1d3..b742d3 elapsed=16.470ms
INFO [06-01|17:37:05.800] Stopping work on payload                 id=0x03a8117f424fe764 reason=delivery
WARN [06-01|17:37:05.819] {"level":"warn","msg":"Slow block","block":{"number":8122,"hash":"0xfa034f782da8e8469b3bf70773fab260e8859c0e77b73784264628a310755538","gas_used":0,"tx_count":0},"timing":{"execution_ms":0.034553,"state_read_ms":17.55317,"state_hash_ms":0.002488,"commit_ms":0.203313,"total_ms":17.991516},"throughput":{"mgas_per_sec":0},"state_reads":{"accounts":4,"storage_slots":0,"code":0,"code_bytes":0},"state_writes":{"accounts":0,"accounts_deleted":0,"storage_slots":0,"storage_slots_deleted":0,"code":0,"code_bytes":0},"cache":{"account":{"hits":0,"misses":4,"hit_rate":0},"storage":{"hits":0,"misses":0,"hit_rate":0},"code":{"hits":0,"misses":0,"hit_rate":0,"hit_bytes":0,"miss_bytes":0}}}
INFO [06-01|17:37:05.819] Imported new potential chain segment     number=8122 hash=fa034f..755538 blocks=1 txs=0 mgas=0.000 elapsed=18.606ms  mgasps=0.000 triediffs=4.84MiB triedirty=12.37MiB
INFO [06-01|17:37:05.819] Chain head was updated                   number=8122 hash=fa034f..755538 root=95d1d3..b742d3 elapsed="61.202µs"
INFO [06-01|17:37:06.842] Starting work on payload                 id=0x03a6d2e4eee01887
INFO [06-01|17:37:06.872] Updated payload                          id=0x03a6d2e4eee01887 number=8123 hash=3bc9fd..1d7305 txs=0 withdrawals=0 gas=0 fees=0 root=95d1d3..b742d3 elapsed=29.879ms
INFO [06-01|17:37:06.872] Stopping work on payload                 id=0x03a6d2e4eee01887 reason=delivery
WARN [06-01|17:37:06.876] {"level":"warn","msg":"Slow block","block":{"number":8123,"hash":"0x3bc9fd6b1d09b7b307b61cd46eb1ef1f85ca80a9eb7ab519af1d780f2e1d7305","gas_used":0,"tx_count":0},"timing":{"execution_ms":0.053923,"state_read_ms":3.24257,"state_hash_ms":0.002029,"commit_ms":0.11764,"total_ms":3.825671},"throughput":{"mgas_per_sec":0},"state_reads":{"accounts":4,"storage_slots":0,"code":0,"code_bytes":0},"state_writes":{"accounts":0,"accounts_deleted":0,"storage_slots":0,"storage_slots_deleted":0,"code":0,"code_bytes":0},"cache":{"account":{"hits":0,"misses":4,"hit_rate":0},"storage":{"hits":0,"misses":0,"hit_rate":0},"code":{"hits":0,"misses":0,"hit_rate":0,"hit_bytes":0,"miss_bytes":0}}}
INFO [06-01|17:37:06.876] Imported new potential chain segment     number=8123 hash=3bc9fd..1d7305 blocks=1 txs=0 mgas=0.000 elapsed=4.101ms    mgasps=0.000 triediffs=4.84MiB triedirty=12.37MiB
INFO [06-01|17:37:06.876] Chain head was updated                   number=8123 hash=3bc9fd..1d7305 root=95d1d3..b742d3 elapsed="46.578µs"
INFO [06-01|17:37:07.040] Submitted contract creation              hash=0xf6e343694940d57521e669babe6a6153982657d19486ac75c7ade36b0ca6381f from=0xf39Fd6e51aad88F6F4ce6aB8827279cffFb92266 nonce=2449 contract=0xe146d3A3E56A13630d3382a3f8cE408F652b8234 value=0
INFO [06-01|17:37:07.040] Submitted transaction                    hash=0xb346d3b41e89c2a92271762a32ff016d9537634473332076ac175a35d3338302 from=0xf39Fd6e51aad88F6F4ce6aB8827279cffFb92266 nonce=2450 recipient=0x5836690d504278265aF69c672cf427e246237Aa3 value=78,000,000
INFO [06-01|17:37:07.900] Starting work on payload                 id=0x0372866c9ff61dfb
INFO [06-01|17:37:07.950] Updated payload                          id=0x0372866c9ff61dfb number=8124 hash=e4bb55..9448b5 txs=2 withdrawals=0 gas=91698 fees=5.50188e-13 root=76975c..bf4892 elapsed=49.935ms
INFO [06-01|17:37:07.950] Stopping work on payload                 id=0x0372866c9ff61dfb reason=delivery
WARN [06-01|17:37:07.987] {"level":"warn","msg":"Slow block","block":{"number":8124,"hash":"0xe4bb55a1524b837f3a2b3455aff3a4a3e7448dd2abe774c39b599647b29448b5","gas_used":91698,"tx_count":2},"timing":{"execution_ms":0.116132,"state_read_ms":26.439897,"state_hash_ms":3.863352,"commit_ms":5.542669,"total_ms":36.17354},"throughput":{"mgas_per_sec":2.53494681471595},"state_reads":{"accounts":11,"storage_slots":0,"code":0,"code_bytes":0},"state_writes":{"accounts":3,"accounts_deleted":0,"storage_slots":0,"storage_slots_deleted":0,"code":1,"code_bytes":305},"cache":{"account":{"hits":6,"misses":5,"hit_rate":54.54545454545454},"storage":{"hits":0,"misses":0,"hit_rate":0},"code":{"hits":0,"misses":0,"hit_rate":0,"hit_bytes":0,"miss_bytes":0}}}
INFO [06-01|17:37:07.987] Imported new potential chain segment     number=8124 hash=e4bb55..9448b5 blocks=1 txs=2 mgas=0.092 elapsed=36.371ms   mgasps=2.521 triediffs=4.82MiB triedirty=12.38MiB
INFO [06-01|17:37:07.987] Chain head was updated                   number=8124 hash=e4bb55..9448b5 root=76975c..bf4892 elapsed="226.511µs"
INFO [06-01|17:37:08.053] Submitted transaction                    hash=0xff678e602fa9e3aeb8001549aac8e071c5518cdeec89709be78f7acb6ca7cc0a from=0x5836690d504278265aF69c672cf427e246237Aa3 nonce=0    recipient=0xe146d3A3E56A13630d3382a3f8cE408F652b8234 value=0
INFO [06-01|17:37:09.010] Starting work on payload                 id=0x031c30b189e9e05e
INFO [06-01|17:37:09.161] Updated payload                          id=0x031c30b189e9e05e number=8125 hash=78b56e..93a033 txs=1 withdrawals=0 gas=5,919,252 fees=3.5515512e-11 root=2c5166..c3eca7 elapsed=150.768ms
INFO [06-01|17:37:09.161] Stopping work on payload                 id=0x031c30b189e9e05e reason=delivery
WARN [06-01|17:37:09.264] {"level":"warn","msg":"Slow block","block":{"number":8125,"hash":"0x78b56e2bf83625a667d29354d82610077663ffc82f9ae4a337ebb3359793a033","gas_used":5919252,"tx_count":1},"timing":{"execution_ms":39.927538,"state_read_ms":30.679207,"state_hash_ms":20.413569,"commit_ms":4.080644,"total_ms":101.806494},"throughput":{"mgas_per_sec":58.14218491798765},"state_reads":{"accounts":263,"storage_slots":814,"code":257,"code_bytes":7473},"state_writes":{"accounts":47,"accounts_deleted":0,"storage_slots":72,"storage_slots_deleted":0,"code":0,"code_bytes":0},"cache":{"account":{"hits":74,"misses":189,"hit_rate":28.13688212927757},"storage":{"hits":201,"misses":613,"hit_rate":24.692874692874692},"code":{"hits":257,"misses":0,"hit_rate":100,"hit_bytes":7473,"miss_bytes":0}}}
INFO [06-01|17:37:09.264] Imported new potential chain segment     number=8125 hash=78b56e..93a033 blocks=1 txs=1 mgas=5.919 elapsed=102.045ms   mgasps=58.006 triediffs=5.17MiB triedirty=12.38MiB
INFO [06-01|17:37:09.264] Chain head was updated                   number=8125 hash=78b56e..93a033 root=2c5166..c3eca7 elapsed="121.809µs"
INFO [06-01|17:37:10.074] Submitted transaction                    hash=0xef2d12524cf59008fd4c88af7f48e57c4ce14abbdffd3698b1b3ec8d295bbadc from=0x5836690d504278265aF69c672cf427e246237Aa3 nonce=1    recipient=0xf39Fd6e51aad88F6F4ce6aB8827279cffFb92266 value=797,724
INFO [06-01|17:37:10.286] Starting work on payload                 id=0x03cf01c58c7fd510
INFO [06-01|17:37:10.306] Updated payload                          id=0x03cf01c58c7fd510 number=8126 hash=fd8b2b..d2ae21 txs=1 withdrawals=0 gas=21000     fees=2.1e-14       root=813a09..1c8bdc elapsed=19.783ms
INFO [06-01|17:37:10.306] Stopping work on payload                 id=0x03cf01c58c7fd510 reason=delivery
WARN [06-01|17:37:10.332] {"level":"warn","msg":"Slow block","block":{"number":8126,"hash":"0xfd8b2b5a401ceab5ccdc7bf9e76e932116edd017c3ade2a0afdb51b23dd2ae21","gas_used":21000,"tx_count":1},"timing":{"execution_ms":0.062835,"state_read_ms":8.782684,"state_hash_ms":9.595736,"commit_ms":0.850182,"total_ms":26.281161},"throughput":{"mgas_per_sec":0.7990514574299058},"state_reads":{"accounts":6,"storage_slots":0,"code":0,"code_bytes":0},"state_writes":{"accounts":2,"accounts_deleted":0,"storage_slots":0,"storage_slots_deleted":0,"code":0,"code_bytes":0},"cache":{"account":{"hits":2,"misses":4,"hit_rate":33.33333333333333},"storage":{"hits":0,"misses":0,"hit_rate":0},"code":{"hits":0,"misses":0,"hit_rate":0,"hit_bytes":0,"miss_bytes":0}}}
INFO [06-01|17:37:10.332] Imported new potential chain segment     number=8126 hash=fd8b2b..d2ae21 blocks=1 txs=1 mgas=0.021 elapsed=26.432ms    mgasps=0.794  triediffs=5.16MiB triedirty=12.38MiB
INFO [06-01|17:37:10.333] Chain head was updated                   number=8126 hash=fd8b2b..d2ae21 root=813a09..1c8bdc elapsed="51.611µs"
INFO [06-01|17:37:11.349] Starting work on payload                 id=0x0334e2a667a3e2e5
INFO [06-01|17:37:11.363] Updated payload                          id=0x0334e2a667a3e2e5 number=8127 hash=835efb..2c3ab7 txs=0 withdrawals=0 gas=0         fees=0             root=813a09..1c8bdc elapsed=14.214ms
INFO [06-01|17:37:11.363] Stopping work on payload                 id=0x0334e2a667a3e2e5 reason=delivery
WARN [06-01|17:37:11.378] {"level":"warn","msg":"Slow block","block":{"number":8127,"hash":"0x835efb07618011a8b706bd0b9deb110e11373d93f67f030dd5c2d9b3fb2c3ab7","gas_used":0,"tx_count":0},"timing":{"execution_ms":0.039153,"state_read_ms":14.643851,"state_hash_ms":0.002836,"commit_ms":0.338352,"total_ms":15.285172},"throughput":{"mgas_per_sec":0},"state_reads":{"accounts":4,"storage_slots":0,"code":0,"code_bytes":0},"state_writes":{"accounts":0,"accounts_deleted":0,"storage_slots":0,"storage_slots_deleted":0,"code":0,"code_bytes":0},"cache":{"account":{"hits":0,"misses":4,"hit_rate":0},"storage":{"hits":0,"misses":0,"hit_rate":0},"code":{"hits":0,"misses":0,"hit_rate":0,"hit_bytes":0,"miss_bytes":0}}}
INFO [06-01|17:37:11.378] Imported new potential chain segment     number=8127 hash=835efb..2c3ab7 blocks=1 txs=0 mgas=0.000 elapsed=15.437ms    mgasps=0.000  triediffs=5.16MiB triedirty=12.38MiB
INFO [06-01|17:37:11.379] Chain head was updated                   number=8127 hash=835efb..2c3ab7 root=813a09..1c8bdc elapsed="65.807µs"
