WARN [06-01|17:00:13.118] Unknown config environment variable      envvar=GETH_PBT_BIN
WARN [06-01|17:00:13.118] Unknown config environment variable      envvar=GETH_UBT_BIN
INFO [06-01|17:00:13.133] Starting Geth on Ethereum mainnet...
INFO [06-01|17:00:13.135] Maximum peer count                       ETH=0 total=0
INFO [06-01|17:00:13.136] Smartcard socket not found, disabling    err="stat /run/pcscd/pcscd.comm: no such file or directory"
WARN [06-01|17:00:13.141] Option --miner.etherbase is deprecated as the etherbase is set by the consensus client post-merge
INFO [06-01|17:00:13.144] Set global gas cap                       cap=50,000,000
INFO [06-01|17:00:13.968] Using developer account                  address=0xf39Fd6e51aad88F6F4ce6aB8827279cffFb92266
INFO [06-01|17:00:14.008] Using pebble as the backing database
INFO [06-01|17:00:14.008] Allocated cache and file handles         database=/mnt/state_expiry_vol_data/ubt-vs-pbt-dbs/pbt/geth/chaindata cache=2.00GiB handles=262,144
INFO [06-01|17:00:14.228] Opened ancient database                  database=/mnt/state_expiry_vol_data/ubt-vs-pbt-dbs/pbt/geth/chaindata/ancient/chain readonly=true
INFO [06-01|17:00:14.228] Opened Era store                         datadir=/mnt/state_expiry_vol_data/ubt-vs-pbt-dbs/pbt/geth/chaindata/ancient/chain/era
INFO [06-01|17:00:14.237] Initializing the KZG library             backend=gokzg
INFO [06-01|17:00:14.239] Allocated trie memory caches             clean=614.00MiB dirty=1.00GiB
INFO [06-01|17:00:14.247] Using pebble as the backing database
INFO [06-01|17:00:14.247] Allocated cache and file handles         database=/mnt/state_expiry_vol_data/ubt-vs-pbt-dbs/pbt/geth/chaindata cache=2.00GiB handles=262,144
INFO [06-01|17:00:14.461] Opened ancient database                  database=/mnt/state_expiry_vol_data/ubt-vs-pbt-dbs/pbt/geth/chaindata/ancient/chain readonly=false
INFO [06-01|17:00:14.461] Opened Era store                         datadir=/mnt/state_expiry_vol_data/ubt-vs-pbt-dbs/pbt/geth/chaindata/ancient/chain/era
INFO [06-01|17:00:14.467] State scheme set to already existing     scheme=path
INFO [06-01|17:00:14.467] Initialising Ethereum protocol           network=1337 dbversion=9
WARN [06-01|17:00:14.467] Sanitizing invalid node buffer size      provided=1.00GiB updated=256.00MiB
INFO [06-01|17:00:14.468] Load database journal from file          path=/mnt/state_expiry_vol_data/ubt-vs-pbt-dbs/pbt/geth/triedb/verkle.journal
INFO [06-01|17:00:14.711] Opened ancient database                  database=/mnt/state_expiry_vol_data/ubt-vs-pbt-dbs/pbt/geth/chaindata/ancient/state_verkle readonly=false
INFO [06-01|17:00:14.712] State snapshot generator is not compatible
INFO [06-01|17:00:14.713] Initialized path database                triecache=614.00MiB statecache=409.00MiB buffer=256.00MiB state-history="last 90000 blocks" journal-dir=/mnt/state_expiry_vol_data/ubt-vs-pbt-dbs/pbt/geth/triedb verkle=true
INFO [06-01|17:00:14.713] 
INFO [06-01|17:00:14.713] ---------------------------------------------------------------------------------------------------------------------------------------------------------
INFO [06-01|17:00:14.713] Chain ID:  1337 (unknown)
INFO [06-01|17:00:14.713] Consensus: unknown
INFO [06-01|17:00:14.713] 
INFO [06-01|17:00:14.713] Pre-Merge hard forks (block based):
INFO [06-01|17:00:14.713]  - Homestead:                   #0       
INFO [06-01|17:00:14.713]  - Tangerine Whistle (EIP 150): #0       
INFO [06-01|17:00:14.713]  - Spurious Dragon/1 (EIP 155): #0       
INFO [06-01|17:00:14.713]  - Spurious Dragon/2 (EIP 158): #0       
INFO [06-01|17:00:14.713]  - Byzantium:                   #0       
INFO [06-01|17:00:14.713]  - Constantinople:              #0       
INFO [06-01|17:00:14.713]  - Petersburg:                  #0       
INFO [06-01|17:00:14.713]  - Istanbul:                    #0       
INFO [06-01|17:00:14.713]  - Berlin:                      #0       
INFO [06-01|17:00:14.713]  - London:                      #0       
INFO [06-01|17:00:14.713]  - Arrow Glacier:               #0       
INFO [06-01|17:00:14.713]  - Gray Glacier:                #0       
INFO [06-01|17:00:14.713] 
INFO [06-01|17:00:14.713] Merge configured:
INFO [06-01|17:00:14.713]  - Total terminal difficulty:  0
INFO [06-01|17:00:14.713]  - Merge netsplit block:       #0       
INFO [06-01|17:00:14.713] 
INFO [06-01|17:00:14.713] Post-Merge hard forks (timestamp based):
INFO [06-01|17:00:14.713]  - Shanghai:                    @0         
INFO [06-01|17:00:14.713]  - Cancun:                      @0          blob: (target: 3, max: 6, fraction: 3338477)
INFO [06-01|17:00:14.713]  - Prague:                      @0          blob: (target: 6, max: 9, fraction: 5007716)
INFO [06-01|17:00:14.713]  - Osaka:                       @0          blob: (target: 6, max: 9, fraction: 5007716)
INFO [06-01|17:00:14.713]  - UBT:                         @0          blob: (nil)
INFO [06-01|17:00:14.713] 
INFO [06-01|17:00:14.713] All fork specifications can be found at https://ethereum.github.io/execution-specs/src/ethereum/forks/
INFO [06-01|17:00:14.713] 
INFO [06-01|17:00:14.713] ---------------------------------------------------------------------------------------------------------------------------------------------------------
INFO [06-01|17:00:14.713] 
INFO [06-01|17:00:14.717] Loaded most recent local block           number=6730 hash=c0dd49..842650 age=3s
INFO [06-01|17:00:14.717] Loaded most recent local finalized block number=6720 hash=931be3..9e62f2 age=17s
INFO [06-01|17:00:14.717] Initialized transaction indexer          range="last 2350000 blocks"
INFO [06-01|17:00:14.718] Initialized log indexer                  firstblock=0 lastblock=6730 firstmap=0 lastmap=0 headindexed=true
INFO [06-01|17:00:14.762] Enabled full-sync                        head=6730 hash=c0dd49..842650
INFO [06-01|17:00:14.762] Unprotected transactions allowed
INFO [06-01|17:00:14.762] Gasprice oracle is ignoring threshold set threshold=2
INFO [06-01|17:00:14.763] Registered sync override service
WARN [06-01|17:00:14.763] You are running Geth in --dev mode. Please note the following:
WARN [06-01|17:00:14.763] 
WARN [06-01|17:00:14.763]   1. This mode is only intended for fast, iterative development without assumptions on
WARN [06-01|17:00:14.763]      security or persistence.
WARN [06-01|17:00:14.763]   2. The database is created in memory unless specified otherwise. Therefore, shutting down
WARN [06-01|17:00:14.763]      your computer or losing power will wipe your entire block data and chain state for
WARN [06-01|17:00:14.763]      your dev environment.
WARN [06-01|17:00:14.763]   3. A random, pre-allocated developer account will be available and unlocked as
WARN [06-01|17:00:14.763]      eth.coinbase, which can be used for testing. The random dev account is temporary,
WARN [06-01|17:00:14.763]      stored on a ramdisk, and will be lost if your machine is restarted.
WARN [06-01|17:00:14.763]   4. Mining is enabled by default. However, the client will only seal blocks if transactions
WARN [06-01|17:00:14.763]      are pending in the mempool. The miner's minimum accepted gas price is 1.
WARN [06-01|17:00:14.763]   5. Networking is disabled; there is no listen-address, the maximum number of peers is set
WARN [06-01|17:00:14.763]      to 0, and discovery is disabled.
WARN [06-01|17:00:14.763] 
INFO [06-01|17:00:14.763] Starting peer-to-peer node               instance=Geth/v1.17.3-unstable/linux-amd64/go1.24.9
WARN [06-01|17:00:14.763] P2P server will be useless, neither dialing nor listening
INFO [06-01|17:00:14.787] IPC endpoint opened                      url=/mnt/state_expiry_vol_data/ubt-vs-pbt-dbs/pbt/geth.ipc
ERROR[06-01|17:00:14.787] Unavailable modules in HTTP API list     unavailable=[personal] available="[admin debug web3 eth txpool miner net dev testing]"
INFO [06-01|17:00:14.788] New local node record                    seq=1,780,292,695,197 id=972c5cc0b2a1895c ip=127.0.0.1 udp=0 tcp=0
INFO [06-01|17:00:14.788] HTTP server started                      endpoint=127.0.0.1:8545 auth=false prefix= cors= vhosts=localhost
INFO [06-01|17:00:14.788] Started P2P networking                   self=enode://16ec6c0bde109d66472afe00ec8fee3d30718d830d1acf0829842abca89b82afff8a454636cde3b26d700f98647938c6f23e7bee3027caca0d7f19e4b3725e13@127.0.0.1:0
INFO [06-01|17:00:14.788] WebSocket enabled                        url=ws://127.0.0.1:8546
INFO [06-01|17:00:15.250] Loaded local transaction journal         transactions=4565 dropped=0
INFO [06-01|17:00:15.715] Started log indexer
INFO [06-01|17:00:15.777] Starting work on payload                 id=0x0370367350703312
INFO [06-01|17:00:15.798] Updated payload                          id=0x0370367350703312 number=6731 hash=8769f7..c0c7e0 txs=0 withdrawals=0 gas=0 fees=0 root=1c5033..ae8588 elapsed=20.128ms
INFO [06-01|17:00:15.798] Stopping work on payload                 id=0x0370367350703312 reason=delivery
WARN [06-01|17:00:15.808] {"level":"warn","msg":"Slow block","block":{"number":6731,"hash":"0x8769f7cb4a47c321370b86032224f1b953837a716c3d0a351cc2153a56c0c7e0","gas_used":0,"tx_count":0},"timing":{"execution_ms":0.063995,"state_read_ms":8.83511,"state_hash_ms":0.003299,"commit_ms":0.377037,"total_ms":9.499641},"throughput":{"mgas_per_sec":0},"state_reads":{"accounts":4,"storage_slots":0,"code":0,"code_bytes":0},"state_writes":{"accounts":0,"accounts_deleted":0,"storage_slots":0,"storage_slots_deleted":0,"code":0,"code_bytes":0},"cache":{"account":{"hits":0,"misses":4,"hit_rate":0},"storage":{"hits":0,"misses":0,"hit_rate":0},"code":{"hits":0,"misses":0,"hit_rate":0,"hit_bytes":0,"miss_bytes":0}}}
INFO [06-01|17:00:15.808] Imported new potential chain segment     number=6731 hash=8769f7..c0c7e0 blocks=1 txs=0 mgas=0.000 elapsed=9.959ms  mgasps=0.000 triediffs=9.41MiB triedirty=7.81MiB
INFO [06-01|17:00:15.808] Chain head was updated                   number=6731 hash=8769f7..c0c7e0 root=1c5033..ae8588 elapsed="91.686µs"
INFO [06-01|17:00:16.814] Starting work on payload                 id=0x03fbd11529c55551
INFO [06-01|17:00:16.839] Updated payload                          id=0x03fbd11529c55551 number=6732 hash=c562bb..cb7d2e txs=0 withdrawals=0 gas=0 fees=0 root=1c5033..ae8588 elapsed=25.333ms
INFO [06-01|17:00:16.839] Stopping work on payload                 id=0x03fbd11529c55551 reason=delivery
WARN [06-01|17:00:16.860] {"level":"warn","msg":"Slow block","block":{"number":6732,"hash":"0xc562bb5999b3cfa9147beca0a7e33576c82cc038127898f8024a669826cb7d2e","gas_used":0,"tx_count":0},"timing":{"execution_ms":0.038786,"state_read_ms":19.76391,"state_hash_ms":0.002261,"commit_ms":0.096764,"total_ms":20.128085},"throughput":{"mgas_per_sec":0},"state_reads":{"accounts":4,"storage_slots":0,"code":0,"code_bytes":0},"state_writes":{"accounts":0,"accounts_deleted":0,"storage_slots":0,"storage_slots_deleted":0,"code":0,"code_bytes":0},"cache":{"account":{"hits":0,"misses":4,"hit_rate":0},"storage":{"hits":0,"misses":0,"hit_rate":0},"code":{"hits":0,"misses":0,"hit_rate":0,"hit_bytes":0,"miss_bytes":0}}}
INFO [06-01|17:00:16.860] Imported new potential chain segment     number=6732 hash=c562bb..cb7d2e blocks=1 txs=0 mgas=0.000 elapsed=20.311ms   mgasps=0.000 triediffs=9.41MiB triedirty=7.81MiB
INFO [06-01|17:00:16.860] Chain head was updated                   number=6732 hash=c562bb..cb7d2e root=1c5033..ae8588 elapsed="33.825µs"
INFO [06-01|17:00:17.878] Starting work on payload                 id=0x0375ca65116e66bb
INFO [06-01|17:00:17.902] Updated payload                          id=0x0375ca65116e66bb number=6733 hash=55dc83..be93c6 txs=0 withdrawals=0 gas=0 fees=0 root=1c5033..ae8588 elapsed=23.702ms
INFO [06-01|17:00:17.902] Stopping work on payload                 id=0x0375ca65116e66bb reason=delivery
WARN [06-01|17:00:17.906] {"level":"warn","msg":"Slow block","block":{"number":6733,"hash":"0x55dc8365d095725d57457bb0c5c9d3b185577709538a46f57467371a98be93c6","gas_used":0,"tx_count":0},"timing":{"execution_ms":0.028844,"state_read_ms":3.710228,"state_hash_ms":0.002019,"commit_ms":0.173797,"total_ms":4.07632},"throughput":{"mgas_per_sec":0},"state_reads":{"accounts":4,"storage_slots":0,"code":0,"code_bytes":0},"state_writes":{"accounts":0,"accounts_deleted":0,"storage_slots":0,"storage_slots_deleted":0,"code":0,"code_bytes":0},"cache":{"account":{"hits":0,"misses":4,"hit_rate":0},"storage":{"hits":0,"misses":0,"hit_rate":0},"code":{"hits":0,"misses":0,"hit_rate":0,"hit_bytes":0,"miss_bytes":0}}}
INFO [06-01|17:00:17.906] Imported new potential chain segment     number=6733 hash=55dc83..be93c6 blocks=1 txs=0 mgas=0.000 elapsed=4.259ms    mgasps=0.000 triediffs=9.41MiB triedirty=7.81MiB
INFO [06-01|17:00:17.907] Chain head was updated                   number=6733 hash=55dc83..be93c6 root=1c5033..ae8588 elapsed="71.933µs"
INFO [06-01|17:00:18.137] Submitted contract creation              hash=0x3343875df2e515a39691b30312342d91db6047953148f92fd258bc30d035afe0 from=0xf39Fd6e51aad88F6F4ce6aB8827279cffFb92266 nonce=2027 contract=0x0205EE0152C0B67409F808F32D69bf65D4B8304E value=0
INFO [06-01|17:00:18.137] Submitted transaction                    hash=0x93b2253bbe8755911f1a6d6fbdb67b4aa0254317ad7f3f26c25855dd2d01685e from=0xf39Fd6e51aad88F6F4ce6aB8827279cffFb92266 nonce=2028 recipient=0x21611A153Ba1B70c5920630FaB4e9eaC27038a94 value=78,000,000
INFO [06-01|17:00:18.923] Starting work on payload                 id=0x03409cdeb968afef
INFO [06-01|17:00:18.961] Updated payload                          id=0x03409cdeb968afef number=6734 hash=60ef40..f51faa txs=2 withdrawals=0 gas=86120 fees=5.1672e-13 root=a3be1b..bffcaa elapsed=38.165ms
INFO [06-01|17:00:18.961] Stopping work on payload                 id=0x03409cdeb968afef reason=delivery
WARN [06-01|17:00:18.994] {"level":"warn","msg":"Slow block","block":{"number":6734,"hash":"0x60ef40304cbe9483719845da7f8956acd63120b3307eed1685e729caf7f51faa","gas_used":86120,"tx_count":2},"timing":{"execution_ms":0.150234,"state_read_ms":23.733719,"state_hash_ms":2.995586,"commit_ms":4.998406,"total_ms":32.106214},"throughput":{"mgas_per_sec":2.6823467880703715},"state_reads":{"accounts":11,"storage_slots":0,"code":0,"code_bytes":0},"state_writes":{"accounts":3,"accounts_deleted":0,"storage_slots":0,"storage_slots_deleted":0,"code":1,"code_bytes":155},"cache":{"account":{"hits":6,"misses":5,"hit_rate":54.54545454545454},"storage":{"hits":0,"misses":0,"hit_rate":0},"code":{"hits":0,"misses":0,"hit_rate":0,"hit_bytes":0,"miss_bytes":0}}}
INFO [06-01|17:00:18.994] Imported new potential chain segment     number=6734 hash=60ef40..f51faa blocks=1 txs=2 mgas=0.086 elapsed=32.695ms   mgasps=2.634 triediffs=9.32MiB triedirty=7.82MiB
INFO [06-01|17:00:18.995] Chain head was updated                   number=6734 hash=60ef40..f51faa root=a3be1b..bffcaa elapsed="229.403µs"
INFO [06-01|17:00:19.150] Submitted transaction                    hash=0x80592f597b5f46c7705c0b0309bb60c05ca589657334fffd1f6f07a3680d893b from=0x21611A153Ba1B70c5920630FaB4e9eaC27038a94 nonce=0    recipient=0x0205EE0152C0B67409F808F32D69bf65D4B8304E value=0
INFO [06-01|17:00:20.005] Starting work on payload                 id=0x03d963f00ff4b5ae
INFO [06-01|17:00:20.158] Updated payload                          id=0x03d963f00ff4b5ae number=6735 hash=1a1786..812869 txs=1 withdrawals=0 gas=5,900,418 fees=3.5402508e-11 root=272f7c..248714 elapsed=152.039ms
INFO [06-01|17:00:20.158] Stopping work on payload                 id=0x03d963f00ff4b5ae reason=delivery
WARN [06-01|17:00:20.300] {"level":"warn","msg":"Slow block","block":{"number":6735,"hash":"0x1a178677de70f070b06e0eea9c12e12de72bdccc6822cdda6fde63435c812869","gas_used":5900418,"tx_count":1},"timing":{"execution_ms":112.173346,"state_read_ms":17.176802,"state_hash_ms":11.395325,"commit_ms":0.668645,"total_ms":141.814856},"throughput":{"mgas_per_sec":41.60648726392953},"state_reads":{"accounts":8,"storage_slots":258,"code":2,"code_bytes":183},"state_writes":{"accounts":2,"accounts_deleted":0,"storage_slots":0,"storage_slots_deleted":0,"code":0,"code_bytes":0},"cache":{"account":{"hits":2,"misses":6,"hit_rate":25},"storage":{"hits":34,"misses":224,"hit_rate":13.178294573643413},"code":{"hits":2,"misses":0,"hit_rate":100,"hit_bytes":183,"miss_bytes":0}}}
INFO [06-01|17:00:20.300] Imported new potential chain segment     number=6735 hash=1a1786..812869 blocks=1 txs=1 mgas=5.900 elapsed=142.019ms   mgasps=41.546 triediffs=9.32MiB triedirty=7.82MiB
INFO [06-01|17:00:20.300] Chain head was updated                   number=6735 hash=1a1786..812869 root=272f7c..248714 elapsed="79.724µs"
INFO [06-01|17:00:21.170] Submitted transaction                    hash=0x2796364d887bc2e71e62fd69d33ce9cba1748dd2a0a3c32036f5b9a2aedf1197 from=0x21611A153Ba1B70c5920630FaB4e9eaC27038a94 nonce=1    recipient=0xf39Fd6e51aad88F6F4ce6aB8827279cffFb92266 value=1,042,566
INFO [06-01|17:00:21.321] Starting work on payload                 id=0x030b94ea4ab774c3
INFO [06-01|17:00:21.333] Updated payload                          id=0x030b94ea4ab774c3 number=6736 hash=4843d6..a20578 txs=1 withdrawals=0 gas=21000     fees=2.1e-14       root=ed7960..0214c0 elapsed=11.740ms
INFO [06-01|17:00:21.336] Stopping work on payload                 id=0x030b94ea4ab774c3 reason=delivery
WARN [06-01|17:00:21.358] {"level":"warn","msg":"Slow block","block":{"number":6736,"hash":"0x4843d610020e0496322bf5ea5dbe2d2d35773ff0e7188895bf87c92fbca20578","gas_used":21000,"tx_count":1},"timing":{"execution_ms":0.072721,"state_read_ms":10.609687,"state_hash_ms":5.499323,"commit_ms":0.699325,"total_ms":20.954554},"throughput":{"mgas_per_sec":1.0021687887034008},"state_reads":{"accounts":6,"storage_slots":0,"code":0,"code_bytes":0},"state_writes":{"accounts":2,"accounts_deleted":0,"storage_slots":0,"storage_slots_deleted":0,"code":0,"code_bytes":0},"cache":{"account":{"hits":2,"misses":4,"hit_rate":33.33333333333333},"storage":{"hits":0,"misses":0,"hit_rate":0},"code":{"hits":0,"misses":0,"hit_rate":0,"hit_bytes":0,"miss_bytes":0}}}
INFO [06-01|17:00:21.358] Imported new potential chain segment     number=6736 hash=4843d6..a20578 blocks=1 txs=1 mgas=0.021 elapsed=21.151ms    mgasps=0.993  triediffs=9.31MiB triedirty=7.82MiB
INFO [06-01|17:00:21.358] Chain head was updated                   number=6736 hash=4843d6..a20578 root=ed7960..0214c0 elapsed="92.015µs"
INFO [06-01|17:00:22.376] Starting work on payload                 id=0x030d5871b284e4ad
INFO [06-01|17:00:22.395] Updated payload                          id=0x030d5871b284e4ad number=6737 hash=3408d2..bc7072 txs=0 withdrawals=0 gas=0         fees=0             root=ed7960..0214c0 elapsed=19.206ms
INFO [06-01|17:00:22.395] Stopping work on payload                 id=0x030d5871b284e4ad reason=delivery
WARN [06-01|17:00:22.401] {"level":"warn","msg":"Slow block","block":{"number":6737,"hash":"0x3408d2989cff4e03331c2dbc47ec83590bf8f6c7f9f6a8d32b9be032d4bc7072","gas_used":0,"tx_count":0},"timing":{"execution_ms":0.053414,"state_read_ms":4.75741,"state_hash_ms":0.002726,"commit_ms":0.20069,"total_ms":5.200831},"throughput":{"mgas_per_sec":0},"state_reads":{"accounts":4,"storage_slots":0,"code":0,"code_bytes":0},"state_writes":{"accounts":0,"accounts_deleted":0,"storage_slots":0,"storage_slots_deleted":0,"code":0,"code_bytes":0},"cache":{"account":{"hits":0,"misses":4,"hit_rate":0},"storage":{"hits":0,"misses":0,"hit_rate":0},"code":{"hits":0,"misses":0,"hit_rate":0,"hit_bytes":0,"miss_bytes":0}}}
INFO [06-01|17:00:22.401] Imported new potential chain segment     number=6737 hash=3408d2..bc7072 blocks=1 txs=0 mgas=0.000 elapsed=5.428ms     mgasps=0.000  triediffs=9.31MiB triedirty=7.82MiB
INFO [06-01|17:00:22.401] Chain head was updated                   number=6737 hash=3408d2..bc7072 root=ed7960..0214c0 elapsed="94.942µs"
