WARN [06-01|17:22:42.653] Unknown config environment variable      envvar=GETH_PBT_BIN
WARN [06-01|17:22:42.653] Unknown config environment variable      envvar=GETH_UBT_BIN
INFO [06-01|17:22:42.664] Starting Geth on Ethereum mainnet...
INFO [06-01|17:22:42.666] Maximum peer count                       ETH=0 total=0
INFO [06-01|17:22:42.667] Smartcard socket not found, disabling    err="stat /run/pcscd/pcscd.comm: no such file or directory"
WARN [06-01|17:22:42.672] Option --miner.etherbase is deprecated as the etherbase is set by the consensus client post-merge
INFO [06-01|17:22:42.675] Set global gas cap                       cap=50,000,000
INFO [06-01|17:22:43.495] Using developer account                  address=0xf39Fd6e51aad88F6F4ce6aB8827279cffFb92266
INFO [06-01|17:22:43.532] Using pebble as the backing database
INFO [06-01|17:22:43.532] Allocated cache and file handles         database=/mnt/state_expiry_vol_data/ubt-vs-pbt-dbs/pbt/geth/chaindata cache=2.00GiB handles=262,144
INFO [06-01|17:22:43.740] Opened ancient database                  database=/mnt/state_expiry_vol_data/ubt-vs-pbt-dbs/pbt/geth/chaindata/ancient/chain readonly=true
INFO [06-01|17:22:43.740] Opened Era store                         datadir=/mnt/state_expiry_vol_data/ubt-vs-pbt-dbs/pbt/geth/chaindata/ancient/chain/era
INFO [06-01|17:22:43.748] Initializing the KZG library             backend=gokzg
INFO [06-01|17:22:43.750] Allocated trie memory caches             clean=614.00MiB dirty=1.00GiB
INFO [06-01|17:22:43.758] Using pebble as the backing database
INFO [06-01|17:22:43.758] Allocated cache and file handles         database=/mnt/state_expiry_vol_data/ubt-vs-pbt-dbs/pbt/geth/chaindata cache=2.00GiB handles=262,144
INFO [06-01|17:22:43.976] Opened ancient database                  database=/mnt/state_expiry_vol_data/ubt-vs-pbt-dbs/pbt/geth/chaindata/ancient/chain readonly=false
INFO [06-01|17:22:43.976] Opened Era store                         datadir=/mnt/state_expiry_vol_data/ubt-vs-pbt-dbs/pbt/geth/chaindata/ancient/chain/era
INFO [06-01|17:22:43.982] State scheme set to already existing     scheme=path
INFO [06-01|17:22:43.982] Initialising Ethereum protocol           network=1337 dbversion=9
WARN [06-01|17:22:43.982] Sanitizing invalid node buffer size      provided=1.00GiB updated=256.00MiB
INFO [06-01|17:22:43.984] Load database journal from file          path=/mnt/state_expiry_vol_data/ubt-vs-pbt-dbs/pbt/geth/triedb/verkle.journal
INFO [06-01|17:22:44.353] Opened ancient database                  database=/mnt/state_expiry_vol_data/ubt-vs-pbt-dbs/pbt/geth/chaindata/ancient/state_verkle readonly=false
INFO [06-01|17:22:44.355] State snapshot generator is not compatible
INFO [06-01|17:22:44.355] Initialized path database                triecache=614.00MiB statecache=409.00MiB buffer=256.00MiB state-history="last 90000 blocks" journal-dir=/mnt/state_expiry_vol_data/ubt-vs-pbt-dbs/pbt/geth/triedb verkle=true
INFO [06-01|17:22:44.355] 
INFO [06-01|17:22:44.355] ---------------------------------------------------------------------------------------------------------------------------------------------------------
INFO [06-01|17:22:44.355] Chain ID:  1337 (unknown)
INFO [06-01|17:22:44.355] Consensus: unknown
INFO [06-01|17:22:44.355] 
INFO [06-01|17:22:44.355] Pre-Merge hard forks (block based):
INFO [06-01|17:22:44.355]  - Homestead:                   #0       
INFO [06-01|17:22:44.355]  - Tangerine Whistle (EIP 150): #0       
INFO [06-01|17:22:44.355]  - Spurious Dragon/1 (EIP 155): #0       
INFO [06-01|17:22:44.355]  - Spurious Dragon/2 (EIP 158): #0       
INFO [06-01|17:22:44.355]  - Byzantium:                   #0       
INFO [06-01|17:22:44.355]  - Constantinople:              #0       
INFO [06-01|17:22:44.355]  - Petersburg:                  #0       
INFO [06-01|17:22:44.355]  - Istanbul:                    #0       
INFO [06-01|17:22:44.355]  - Berlin:                      #0       
INFO [06-01|17:22:44.355]  - London:                      #0       
INFO [06-01|17:22:44.355]  - Arrow Glacier:               #0       
INFO [06-01|17:22:44.355]  - Gray Glacier:                #0       
INFO [06-01|17:22:44.355] 
INFO [06-01|17:22:44.355] Merge configured:
INFO [06-01|17:22:44.355]  - Total terminal difficulty:  0
INFO [06-01|17:22:44.355]  - Merge netsplit block:       #0       
INFO [06-01|17:22:44.355] 
INFO [06-01|17:22:44.355] Post-Merge hard forks (timestamp based):
INFO [06-01|17:22:44.355]  - Shanghai:                    @0         
INFO [06-01|17:22:44.355]  - Cancun:                      @0          blob: (target: 3, max: 6, fraction: 3338477)
INFO [06-01|17:22:44.355]  - Prague:                      @0          blob: (target: 6, max: 9, fraction: 5007716)
INFO [06-01|17:22:44.355]  - Osaka:                       @0          blob: (target: 6, max: 9, fraction: 5007716)
INFO [06-01|17:22:44.355]  - UBT:                         @0          blob: (nil)
INFO [06-01|17:22:44.355] 
INFO [06-01|17:22:44.355] All fork specifications can be found at https://ethereum.github.io/execution-specs/src/ethereum/forks/
INFO [06-01|17:22:44.355] 
INFO [06-01|17:22:44.355] ---------------------------------------------------------------------------------------------------------------------------------------------------------
INFO [06-01|17:22:44.355] 
INFO [06-01|17:22:44.357] Loaded most recent local block           number=7600 hash=73a118..77dd42 age=4s
INFO [06-01|17:22:44.357] Loaded most recent local finalized block number=7584 hash=bbbe11..4d9648 age=28s
INFO [06-01|17:22:44.357] Initialized transaction indexer          range="last 2350000 blocks"
INFO [06-01|17:22:44.357] Initialized log indexer                  firstblock=0 lastblock=7600 firstmap=0 lastmap=0 headindexed=true
INFO [06-01|17:22:44.381] Enabled full-sync                        head=7600 hash=73a118..77dd42
INFO [06-01|17:22:44.382] Unprotected transactions allowed
INFO [06-01|17:22:44.382] Gasprice oracle is ignoring threshold set threshold=2
INFO [06-01|17:22:44.382] Registered sync override service
WARN [06-01|17:22:44.382] You are running Geth in --dev mode. Please note the following:
WARN [06-01|17:22:44.382] 
WARN [06-01|17:22:44.382]   1. This mode is only intended for fast, iterative development without assumptions on
WARN [06-01|17:22:44.382]      security or persistence.
WARN [06-01|17:22:44.382]   2. The database is created in memory unless specified otherwise. Therefore, shutting down
WARN [06-01|17:22:44.382]      your computer or losing power will wipe your entire block data and chain state for
WARN [06-01|17:22:44.382]      your dev environment.
WARN [06-01|17:22:44.382]   3. A random, pre-allocated developer account will be available and unlocked as
WARN [06-01|17:22:44.382]      eth.coinbase, which can be used for testing. The random dev account is temporary,
WARN [06-01|17:22:44.382]      stored on a ramdisk, and will be lost if your machine is restarted.
WARN [06-01|17:22:44.382]   4. Mining is enabled by default. However, the client will only seal blocks if transactions
WARN [06-01|17:22:44.382]      are pending in the mempool. The miner's minimum accepted gas price is 1.
WARN [06-01|17:22:44.382]   5. Networking is disabled; there is no listen-address, the maximum number of peers is set
WARN [06-01|17:22:44.382]      to 0, and discovery is disabled.
WARN [06-01|17:22:44.382] 
INFO [06-01|17:22:44.382] Starting peer-to-peer node               instance=Geth/v1.17.3-unstable/linux-amd64/go1.24.9
WARN [06-01|17:22:44.382] P2P server will be useless, neither dialing nor listening
INFO [06-01|17:22:44.400] IPC endpoint opened                      url=/mnt/state_expiry_vol_data/ubt-vs-pbt-dbs/pbt/geth.ipc
ERROR[06-01|17:22:44.400] Unavailable modules in HTTP API list     unavailable=[personal] available="[admin debug web3 eth txpool miner net dev testing]"
INFO [06-01|17:22:44.400] New local node record                    seq=1,780,292,695,326 id=972c5cc0b2a1895c ip=127.0.0.1 udp=0 tcp=0
INFO [06-01|17:22:44.400] Started P2P networking                   self=enode://16ec6c0bde109d66472afe00ec8fee3d30718d830d1acf0829842abca89b82afff8a454636cde3b26d700f98647938c6f23e7bee3027caca0d7f19e4b3725e13@127.0.0.1:0
INFO [06-01|17:22:44.400] HTTP server started                      endpoint=127.0.0.1:8545 auth=false prefix= cors= vhosts=localhost
INFO [06-01|17:22:44.400] WebSocket enabled                        url=ws://127.0.0.1:8546
INFO [06-01|17:22:44.960] Loaded local transaction journal         transactions=5081 dropped=0
INFO [06-01|17:22:45.342] Started log indexer
INFO [06-01|17:22:45.400] Starting work on payload                 id=0x03e770149d18267a
INFO [06-01|17:22:45.420] Updated payload                          id=0x03e770149d18267a number=7601 hash=3eab8b..fbd035 txs=0 withdrawals=0 gas=0 fees=0 root=f7dddd..253ab7 elapsed=19.556ms
INFO [06-01|17:22:45.425] Stopping work on payload                 id=0x03e770149d18267a reason=delivery
WARN [06-01|17:22:45.439] {"level":"warn","msg":"Slow block","block":{"number":7601,"hash":"0x3eab8b3540f0366245293116f72d03a2f83ee1dd63e90ac3487e5f90a7fbd035","gas_used":0,"tx_count":0},"timing":{"execution_ms":0.070164,"state_read_ms":18.047135,"state_hash_ms":0.002764,"commit_ms":0.287561,"total_ms":18.674212},"throughput":{"mgas_per_sec":0},"state_reads":{"accounts":4,"storage_slots":0,"code":0,"code_bytes":0},"state_writes":{"accounts":0,"accounts_deleted":0,"storage_slots":0,"storage_slots_deleted":0,"code":0,"code_bytes":0},"cache":{"account":{"hits":0,"misses":4,"hit_rate":0},"storage":{"hits":0,"misses":0,"hit_rate":0},"code":{"hits":0,"misses":0,"hit_rate":0,"hit_bytes":0,"miss_bytes":0}}}
INFO [06-01|17:22:45.440] Imported new potential chain segment     number=7601 hash=3eab8b..fbd035 blocks=1 txs=0 mgas=0.000 elapsed=19.245ms mgasps=0.000 triediffs=19.21MiB triedirty=9.39MiB
INFO [06-01|17:22:45.440] Chain head was updated                   number=7601 hash=3eab8b..fbd035 root=f7dddd..253ab7 elapsed="80.066µs"
INFO [06-01|17:22:46.464] Starting work on payload                 id=0x037c8436ecb5d1e6
INFO [06-01|17:22:46.467] Updated payload                          id=0x037c8436ecb5d1e6 number=7602 hash=672b9c..c7f982 txs=0 withdrawals=0 gas=0 fees=0 root=f7dddd..253ab7 elapsed=3.683ms
INFO [06-01|17:22:46.471] Stopping work on payload                 id=0x037c8436ecb5d1e6 reason=delivery
WARN [06-01|17:22:46.490] {"level":"warn","msg":"Slow block","block":{"number":7602,"hash":"0x672b9cb92f9f3697c4f9c6579523845ea4846feda62588823a83d21398c7f982","gas_used":0,"tx_count":0},"timing":{"execution_ms":0.038772,"state_read_ms":21.289972,"state_hash_ms":0.001625,"commit_ms":0.2013,"total_ms":21.76038},"throughput":{"mgas_per_sec":0},"state_reads":{"accounts":4,"storage_slots":0,"code":0,"code_bytes":0},"state_writes":{"accounts":0,"accounts_deleted":0,"storage_slots":0,"storage_slots_deleted":0,"code":0,"code_bytes":0},"cache":{"account":{"hits":0,"misses":4,"hit_rate":0},"storage":{"hits":0,"misses":0,"hit_rate":0},"code":{"hits":0,"misses":0,"hit_rate":0,"hit_bytes":0,"miss_bytes":0}}}
INFO [06-01|17:22:46.490] Imported new potential chain segment     number=7602 hash=672b9c..c7f982 blocks=1 txs=0 mgas=0.000 elapsed=21.990ms   mgasps=0.000 triediffs=19.21MiB triedirty=9.39MiB
INFO [06-01|17:22:46.490] Chain head was updated                   number=7602 hash=672b9c..c7f982 root=f7dddd..253ab7 elapsed="40.252µs"
INFO [06-01|17:22:47.523] Starting work on payload                 id=0x03148d281eb9c745
INFO [06-01|17:22:47.541] Updated payload                          id=0x03148d281eb9c745 number=7603 hash=07c613..adc0a7 txs=0 withdrawals=0 gas=0 fees=0 root=f7dddd..253ab7 elapsed=17.786ms
INFO [06-01|17:22:47.542] Stopping work on payload                 id=0x03148d281eb9c745 reason=delivery
WARN [06-01|17:22:47.547] {"level":"warn","msg":"Slow block","block":{"number":7603,"hash":"0x07c613d2670246cfec69786e29fafa4ef8249f47402582e632820d85b8adc0a7","gas_used":0,"tx_count":0},"timing":{"execution_ms":0.035326,"state_read_ms":4.500112,"state_hash_ms":0.00227,"commit_ms":0.141066,"total_ms":5.637892},"throughput":{"mgas_per_sec":0},"state_reads":{"accounts":4,"storage_slots":0,"code":0,"code_bytes":0},"state_writes":{"accounts":0,"accounts_deleted":0,"storage_slots":0,"storage_slots_deleted":0,"code":0,"code_bytes":0},"cache":{"account":{"hits":0,"misses":4,"hit_rate":0},"storage":{"hits":0,"misses":0,"hit_rate":0},"code":{"hits":0,"misses":0,"hit_rate":0,"hit_bytes":0,"miss_bytes":0}}}
INFO [06-01|17:22:47.547] Imported new potential chain segment     number=7603 hash=07c613..adc0a7 blocks=1 txs=0 mgas=0.000 elapsed=5.857ms    mgasps=0.000 triediffs=19.21MiB triedirty=9.39MiB
INFO [06-01|17:22:47.548] Chain head was updated                   number=7603 hash=07c613..adc0a7 root=f7dddd..253ab7 elapsed="121.46µs"
INFO [06-01|17:22:47.693] Submitted contract creation              hash=0x3424c018d41b34d0391130978de0130d758652cb4a6a69b06e2868f7976f39e6 from=0xf39Fd6e51aad88F6F4ce6aB8827279cffFb92266 nonce=2285 contract=0xabbB307CDAc48E1fa9c9046df1eD2Ccc031A8D05 value=0
INFO [06-01|17:22:47.693] Submitted transaction                    hash=0xc4b44d8c5ecdef30f3edec6f7af36801291fcb0689bcb384ad9edbda60bd1a64 from=0xf39Fd6e51aad88F6F4ce6aB8827279cffFb92266 nonce=2286 recipient=0xC4B6a2AFD9B1646EfDbB6cAC9fdBc15B3fc33BC8 value=78,000,000
INFO [06-01|17:22:48.567] Starting work on payload                 id=0x0375b3b9fc04270e
INFO [06-01|17:22:48.608] Updated payload                          id=0x0375b3b9fc04270e number=7604 hash=3d666e..4a293e txs=2 withdrawals=0 gas=86926 fees=5.21556e-13 root=807266..c621a5 elapsed=40.775ms
INFO [06-01|17:22:48.608] Stopping work on payload                 id=0x0375b3b9fc04270e reason=delivery
WARN [06-01|17:22:48.638] {"level":"warn","msg":"Slow block","block":{"number":7604,"hash":"0x3d666e1fa1a27819b3f11b7ba53f7314290f63c18d96e50ffb6560746a4a293e","gas_used":86926,"tx_count":2},"timing":{"execution_ms":0.104435,"state_read_ms":19.574874,"state_hash_ms":3.437562,"commit_ms":6.395211,"total_ms":29.779547},"throughput":{"mgas_per_sec":2.9189832874220687},"state_reads":{"accounts":11,"storage_slots":0,"code":0,"code_bytes":0},"state_writes":{"accounts":3,"accounts_deleted":0,"storage_slots":0,"storage_slots_deleted":0,"code":1,"code_bytes":165},"cache":{"account":{"hits":6,"misses":5,"hit_rate":54.54545454545454},"storage":{"hits":0,"misses":0,"hit_rate":0},"code":{"hits":0,"misses":0,"hit_rate":0,"hit_bytes":0,"miss_bytes":0}}}
INFO [06-01|17:22:48.638] Imported new potential chain segment     number=7604 hash=3d666e..4a293e blocks=1 txs=2 mgas=0.087 elapsed=30.103ms   mgasps=2.888 triediffs=19.16MiB triedirty=9.42MiB
INFO [06-01|17:22:48.639] Chain head was updated                   number=7604 hash=3d666e..4a293e root=807266..c621a5 elapsed="264.541µs"
INFO [06-01|17:22:48.706] Submitted transaction                    hash=0x7987e682a77a1b306bb229ab20bd53ece85d2a75b56ef22f42f9fc4c386fd573 from=0xC4B6a2AFD9B1646EfDbB6cAC9fdBc15B3fc33BC8 nonce=0    recipient=0xabbB307CDAc48E1fa9c9046df1eD2Ccc031A8D05 value=0
INFO [06-01|17:22:49.644] Starting work on payload                 id=0x033456fbd5987abf
INFO [06-01|17:22:49.864] Updated payload                          id=0x033456fbd5987abf number=7605 hash=089116..cc3a38 txs=1 withdrawals=0 gas=5,903,542 fees=3.5421252e-11 root=093615..4d34c8 elapsed=219.520ms
INFO [06-01|17:22:49.864] Stopping work on payload                 id=0x033456fbd5987abf reason=delivery
WARN [06-01|17:22:49.989] {"level":"warn","msg":"Slow block","block":{"number":7605,"hash":"0x089116f86b1c964f8f4532801cbe73ef3ee4e7f653eb82b5bc57407271cc3a38","gas_used":5903542,"tx_count":1},"timing":{"execution_ms":4.428376,"state_read_ms":29.964935,"state_hash_ms":71.424873,"commit_ms":18.726629,"total_ms":124.899185},"throughput":{"mgas_per_sec":47.26645734317642},"state_reads":{"accounts":219,"storage_slots":212,"code":213,"code_bytes":6101},"state_writes":{"accounts":213,"accounts_deleted":0,"storage_slots":211,"storage_slots_deleted":0,"code":0,"code_bytes":0},"cache":{"account":{"hits":44,"misses":175,"hit_rate":20.091324200913242},"storage":{"hits":31,"misses":181,"hit_rate":14.622641509433961},"code":{"hits":213,"misses":0,"hit_rate":100,"hit_bytes":6101,"miss_bytes":0}}}
INFO [06-01|17:22:49.989] Imported new potential chain segment     number=7605 hash=089116..cc3a38 blocks=1 txs=1 mgas=5.904 elapsed=125.249ms   mgasps=47.134 triediffs=20.61MiB triedirty=9.42MiB
INFO [06-01|17:22:49.990] Chain head was updated                   number=7605 hash=089116..cc3a38 root=093615..4d34c8 elapsed="121.792µs"
INFO [06-01|17:22:50.726] Submitted transaction                    hash=0xec9edf8e7f1ab809a3acad6a9119899c9efe5b490514438675599dff6ae97717 from=0xC4B6a2AFD9B1646EfDbB6cAC9fdBc15B3fc33BC8 nonce=1    recipient=0xf39Fd6e51aad88F6F4ce6aB8827279cffFb92266 value=1,001,954
INFO [06-01|17:22:51.008] Starting work on payload                 id=0x036b74d7d5c107be
INFO [06-01|17:22:51.029] Updated payload                          id=0x036b74d7d5c107be number=7606 hash=e3ec4e..14bada txs=1 withdrawals=0 gas=21000     fees=2.1e-14       root=3d68c2..5f4c94 elapsed=20.346ms
INFO [06-01|17:22:51.029] Stopping work on payload                 id=0x036b74d7d5c107be reason=delivery
WARN [06-01|17:22:51.073] {"level":"warn","msg":"Slow block","block":{"number":7606,"hash":"0xe3ec4ebc651a971a4b3425b0e9373354b31ef376cc1d9bc3e765c22a0114bada","gas_used":21000,"tx_count":1},"timing":{"execution_ms":0.059145,"state_read_ms":3.001196,"state_hash_ms":18.281726,"commit_ms":0.930188,"total_ms":43.870297},"throughput":{"mgas_per_sec":0.478683789170609},"state_reads":{"accounts":6,"storage_slots":0,"code":0,"code_bytes":0},"state_writes":{"accounts":2,"accounts_deleted":0,"storage_slots":0,"storage_slots_deleted":0,"code":0,"code_bytes":0},"cache":{"account":{"hits":2,"misses":4,"hit_rate":33.33333333333333},"storage":{"hits":0,"misses":0,"hit_rate":0},"code":{"hits":0,"misses":0,"hit_rate":0,"hit_bytes":0,"miss_bytes":0}}}
INFO [06-01|17:22:51.073] Imported new potential chain segment     number=7606 hash=e3ec4e..14bada blocks=1 txs=1 mgas=0.021 elapsed=43.986ms    mgasps=0.477  triediffs=20.61MiB triedirty=9.42MiB
INFO [06-01|17:22:51.073] Chain head was updated                   number=7606 hash=e3ec4e..14bada root=3d68c2..5f4c94 elapsed="43.336µs"
