WARN [06-01|17:20:55.661] Unknown config environment variable      envvar=GETH_PBT_BIN
WARN [06-01|17:20:55.661] Unknown config environment variable      envvar=GETH_UBT_BIN
INFO [06-01|17:20:55.673] Starting Geth on Ethereum mainnet...
INFO [06-01|17:20:55.675] Maximum peer count                       ETH=0 total=0
INFO [06-01|17:20:55.676] Smartcard socket not found, disabling    err="stat /run/pcscd/pcscd.comm: no such file or directory"
WARN [06-01|17:20:55.681] Option --miner.etherbase is deprecated as the etherbase is set by the consensus client post-merge
INFO [06-01|17:20:55.684] Set global gas cap                       cap=50,000,000
INFO [06-01|17:20:56.485] Using developer account                  address=0xf39Fd6e51aad88F6F4ce6aB8827279cffFb92266
INFO [06-01|17:20:56.520] Using pebble as the backing database
INFO [06-01|17:20:56.520] Allocated cache and file handles         database=/mnt/state_expiry_vol_data/ubt-vs-pbt-dbs/pbt/geth/chaindata cache=2.00GiB handles=262,144
INFO [06-01|17:20:56.735] Opened ancient database                  database=/mnt/state_expiry_vol_data/ubt-vs-pbt-dbs/pbt/geth/chaindata/ancient/chain readonly=true
INFO [06-01|17:20:56.735] Opened Era store                         datadir=/mnt/state_expiry_vol_data/ubt-vs-pbt-dbs/pbt/geth/chaindata/ancient/chain/era
INFO [06-01|17:20:56.742] Initializing the KZG library             backend=gokzg
INFO [06-01|17:20:56.745] Allocated trie memory caches             clean=614.00MiB dirty=1.00GiB
INFO [06-01|17:20:56.756] Using pebble as the backing database
INFO [06-01|17:20:56.756] Allocated cache and file handles         database=/mnt/state_expiry_vol_data/ubt-vs-pbt-dbs/pbt/geth/chaindata cache=2.00GiB handles=262,144
INFO [06-01|17:20:56.960] Opened ancient database                  database=/mnt/state_expiry_vol_data/ubt-vs-pbt-dbs/pbt/geth/chaindata/ancient/chain readonly=false
INFO [06-01|17:20:56.960] Opened Era store                         datadir=/mnt/state_expiry_vol_data/ubt-vs-pbt-dbs/pbt/geth/chaindata/ancient/chain/era
INFO [06-01|17:20:56.966] State scheme set to already existing     scheme=path
INFO [06-01|17:20:56.966] Initialising Ethereum protocol           network=1337 dbversion=9
WARN [06-01|17:20:56.966] Sanitizing invalid node buffer size      provided=1.00GiB updated=256.00MiB
INFO [06-01|17:20:56.968] Load database journal from file          path=/mnt/state_expiry_vol_data/ubt-vs-pbt-dbs/pbt/geth/triedb/verkle.journal
INFO [06-01|17:20:57.232] Opened ancient database                  database=/mnt/state_expiry_vol_data/ubt-vs-pbt-dbs/pbt/geth/chaindata/ancient/state_verkle readonly=false
INFO [06-01|17:20:57.234] State snapshot generator is not compatible
INFO [06-01|17:20:57.234] Initialized path database                triecache=614.00MiB statecache=409.00MiB buffer=256.00MiB state-history="last 90000 blocks" journal-dir=/mnt/state_expiry_vol_data/ubt-vs-pbt-dbs/pbt/geth/triedb verkle=true
INFO [06-01|17:20:57.234] 
INFO [06-01|17:20:57.234] ---------------------------------------------------------------------------------------------------------------------------------------------------------
INFO [06-01|17:20:57.234] Chain ID:  1337 (unknown)
INFO [06-01|17:20:57.234] Consensus: unknown
INFO [06-01|17:20:57.234] 
INFO [06-01|17:20:57.234] Pre-Merge hard forks (block based):
INFO [06-01|17:20:57.234]  - Homestead:                   #0       
INFO [06-01|17:20:57.234]  - Tangerine Whistle (EIP 150): #0       
INFO [06-01|17:20:57.234]  - Spurious Dragon/1 (EIP 155): #0       
INFO [06-01|17:20:57.234]  - Spurious Dragon/2 (EIP 158): #0       
INFO [06-01|17:20:57.234]  - Byzantium:                   #0       
INFO [06-01|17:20:57.234]  - Constantinople:              #0       
INFO [06-01|17:20:57.234]  - Petersburg:                  #0       
INFO [06-01|17:20:57.234]  - Istanbul:                    #0       
INFO [06-01|17:20:57.234]  - Berlin:                      #0       
INFO [06-01|17:20:57.234]  - London:                      #0       
INFO [06-01|17:20:57.234]  - Arrow Glacier:               #0       
INFO [06-01|17:20:57.234]  - Gray Glacier:                #0       
INFO [06-01|17:20:57.234] 
INFO [06-01|17:20:57.234] Merge configured:
INFO [06-01|17:20:57.234]  - Total terminal difficulty:  0
INFO [06-01|17:20:57.234]  - Merge netsplit block:       #0       
INFO [06-01|17:20:57.234] 
INFO [06-01|17:20:57.234] Post-Merge hard forks (timestamp based):
INFO [06-01|17:20:57.234]  - Shanghai:                    @0         
INFO [06-01|17:20:57.234]  - Cancun:                      @0          blob: (target: 3, max: 6, fraction: 3338477)
INFO [06-01|17:20:57.234]  - Prague:                      @0          blob: (target: 6, max: 9, fraction: 5007716)
INFO [06-01|17:20:57.234]  - Osaka:                       @0          blob: (target: 6, max: 9, fraction: 5007716)
INFO [06-01|17:20:57.234]  - UBT:                         @0          blob: (nil)
INFO [06-01|17:20:57.234] 
INFO [06-01|17:20:57.234] All fork specifications can be found at https://ethereum.github.io/execution-specs/src/ethereum/forks/
INFO [06-01|17:20:57.234] 
INFO [06-01|17:20:57.234] ---------------------------------------------------------------------------------------------------------------------------------------------------------
INFO [06-01|17:20:57.234] 
INFO [06-01|17:20:57.236] Loaded most recent local block           number=7531 hash=fb326b..d2ac5e age=3s
INFO [06-01|17:20:57.236] Loaded most recent local finalized block number=7520 hash=05e774..f1bdd8 age=19s
INFO [06-01|17:20:57.238] Initialized transaction indexer          range="last 2350000 blocks"
INFO [06-01|17:20:57.238] Initialized log indexer                  firstblock=0 lastblock=7531 firstmap=0 lastmap=0 headindexed=true
INFO [06-01|17:20:57.268] Enabled full-sync                        head=7531 hash=fb326b..d2ac5e
INFO [06-01|17:20:57.269] Unprotected transactions allowed
INFO [06-01|17:20:57.269] Gasprice oracle is ignoring threshold set threshold=2
INFO [06-01|17:20:57.269] Registered sync override service
WARN [06-01|17:20:57.269] You are running Geth in --dev mode. Please note the following:
WARN [06-01|17:20:57.269] 
WARN [06-01|17:20:57.269]   1. This mode is only intended for fast, iterative development without assumptions on
WARN [06-01|17:20:57.269]      security or persistence.
WARN [06-01|17:20:57.269]   2. The database is created in memory unless specified otherwise. Therefore, shutting down
WARN [06-01|17:20:57.269]      your computer or losing power will wipe your entire block data and chain state for
WARN [06-01|17:20:57.269]      your dev environment.
WARN [06-01|17:20:57.269]   3. A random, pre-allocated developer account will be available and unlocked as
WARN [06-01|17:20:57.269]      eth.coinbase, which can be used for testing. The random dev account is temporary,
WARN [06-01|17:20:57.269]      stored on a ramdisk, and will be lost if your machine is restarted.
WARN [06-01|17:20:57.269]   4. Mining is enabled by default. However, the client will only seal blocks if transactions
WARN [06-01|17:20:57.269]      are pending in the mempool. The miner's minimum accepted gas price is 1.
WARN [06-01|17:20:57.269]   5. Networking is disabled; there is no listen-address, the maximum number of peers is set
WARN [06-01|17:20:57.269]      to 0, and discovery is disabled.
WARN [06-01|17:20:57.269] 
INFO [06-01|17:20:57.269] Starting peer-to-peer node               instance=Geth/v1.17.3-unstable/linux-amd64/go1.24.9
WARN [06-01|17:20:57.269] P2P server will be useless, neither dialing nor listening
INFO [06-01|17:20:57.288] IPC endpoint opened                      url=/mnt/state_expiry_vol_data/ubt-vs-pbt-dbs/pbt/geth.ipc
ERROR[06-01|17:20:57.288] Unavailable modules in HTTP API list     unavailable=[personal] available="[admin debug web3 eth txpool miner net dev testing]"
INFO [06-01|17:20:57.288] New local node record                    seq=1,780,292,695,316 id=972c5cc0b2a1895c ip=127.0.0.1 udp=0 tcp=0
INFO [06-01|17:20:57.288] Started P2P networking                   self=enode://16ec6c0bde109d66472afe00ec8fee3d30718d830d1acf0829842abca89b82afff8a454636cde3b26d700f98647938c6f23e7bee3027caca0d7f19e4b3725e13@127.0.0.1:0
INFO [06-01|17:20:57.288] HTTP server started                      endpoint=127.0.0.1:8545 auth=false prefix= cors= vhosts=localhost
INFO [06-01|17:20:57.289] WebSocket enabled                        url=ws://127.0.0.1:8546
INFO [06-01|17:20:57.804] Loaded local transaction journal         transactions=5041 dropped=0
INFO [06-01|17:20:58.208] Started log indexer
INFO [06-01|17:20:58.258] Starting work on payload                 id=0x03c6fb77d46ed017
INFO [06-01|17:20:58.277] Updated payload                          id=0x03c6fb77d46ed017 number=7532 hash=34dcd3..34b62c txs=0 withdrawals=0 gas=0 fees=0 root=54baca..2b5bce elapsed=18.896ms
INFO [06-01|17:20:58.281] Stopping work on payload                 id=0x03c6fb77d46ed017 reason=delivery
WARN [06-01|17:20:58.292] {"level":"warn","msg":"Slow block","block":{"number":7532,"hash":"0x34dcd3f051e74c4923453fb1138b14402fcf09fb45a4b37273ab41ae6d34b62c","gas_used":0,"tx_count":0},"timing":{"execution_ms":0.063797,"state_read_ms":12.868673,"state_hash_ms":0.002761,"commit_ms":0.256039,"total_ms":13.546797},"throughput":{"mgas_per_sec":0},"state_reads":{"accounts":4,"storage_slots":0,"code":0,"code_bytes":0},"state_writes":{"accounts":0,"accounts_deleted":0,"storage_slots":0,"storage_slots_deleted":0,"code":0,"code_bytes":0},"cache":{"account":{"hits":0,"misses":4,"hit_rate":0},"storage":{"hits":0,"misses":0,"hit_rate":0},"code":{"hits":0,"misses":0,"hit_rate":0,"hit_bytes":0,"miss_bytes":0}}}
INFO [06-01|17:20:58.292] Imported new potential chain segment     number=7532 hash=34dcd3..34b62c blocks=1 txs=0 mgas=0.000 elapsed=14.171ms mgasps=0.000 triediffs=12.03MiB triedirty=9.08MiB
INFO [06-01|17:20:58.292] Chain head was updated                   number=7532 hash=34dcd3..34b62c root=54baca..2b5bce elapsed="91.459µs"
INFO [06-01|17:20:59.317] Starting work on payload                 id=0x037623746239a313
INFO [06-01|17:20:59.339] Updated payload                          id=0x037623746239a313 number=7533 hash=5eec33..049a88 txs=0 withdrawals=0 gas=0 fees=0 root=54baca..2b5bce elapsed=22.398ms
INFO [06-01|17:20:59.339] Stopping work on payload                 id=0x037623746239a313 reason=delivery
WARN [06-01|17:20:59.364] {"level":"warn","msg":"Slow block","block":{"number":7533,"hash":"0x5eec3373c58ffb46927df7a0b1442ae0b6f8e05631dd543fd5b9e76ef0049a88","gas_used":0,"tx_count":0},"timing":{"execution_ms":0.045129,"state_read_ms":24.000674,"state_hash_ms":0.001978,"commit_ms":0.249268,"total_ms":24.496643},"throughput":{"mgas_per_sec":0},"state_reads":{"accounts":4,"storage_slots":0,"code":0,"code_bytes":0},"state_writes":{"accounts":0,"accounts_deleted":0,"storage_slots":0,"storage_slots_deleted":0,"code":0,"code_bytes":0},"cache":{"account":{"hits":0,"misses":4,"hit_rate":0},"storage":{"hits":0,"misses":0,"hit_rate":0},"code":{"hits":0,"misses":0,"hit_rate":0,"hit_bytes":0,"miss_bytes":0}}}
INFO [06-01|17:20:59.364] Imported new potential chain segment     number=7533 hash=5eec33..049a88 blocks=1 txs=0 mgas=0.000 elapsed=24.765ms   mgasps=0.000 triediffs=12.03MiB triedirty=9.08MiB
INFO [06-01|17:20:59.364] Chain head was updated                   number=7533 hash=5eec33..049a88 root=54baca..2b5bce elapsed="48.307µs"
INFO [06-01|17:21:00.382] Starting work on payload                 id=0x032e384c5cee53c2
INFO [06-01|17:21:00.411] Updated payload                          id=0x032e384c5cee53c2 number=7534 hash=1f903e..66f642 txs=0 withdrawals=0 gas=0 fees=0 root=54baca..2b5bce elapsed=28.643ms
INFO [06-01|17:21:00.411] Stopping work on payload                 id=0x032e384c5cee53c2 reason=delivery
WARN [06-01|17:21:00.419] {"level":"warn","msg":"Slow block","block":{"number":7534,"hash":"0x1f903e4fdece596fe386b642abc4f2daa49c0da542e95c95d47280019166f642","gas_used":0,"tx_count":0},"timing":{"execution_ms":0.055141,"state_read_ms":6.946045,"state_hash_ms":0.002392,"commit_ms":0.223297,"total_ms":7.448886},"throughput":{"mgas_per_sec":0},"state_reads":{"accounts":4,"storage_slots":0,"code":0,"code_bytes":0},"state_writes":{"accounts":0,"accounts_deleted":0,"storage_slots":0,"storage_slots_deleted":0,"code":0,"code_bytes":0},"cache":{"account":{"hits":0,"misses":4,"hit_rate":0},"storage":{"hits":0,"misses":0,"hit_rate":0},"code":{"hits":0,"misses":0,"hit_rate":0,"hit_bytes":0,"miss_bytes":0}}}
INFO [06-01|17:21:00.419] Imported new potential chain segment     number=7534 hash=1f903e..66f642 blocks=1 txs=0 mgas=0.000 elapsed=7.684ms    mgasps=0.000 triediffs=12.03MiB triedirty=9.08MiB
INFO [06-01|17:21:00.419] Chain head was updated                   number=7534 hash=1f903e..66f642 root=54baca..2b5bce elapsed="89.957µs"
INFO [06-01|17:21:00.621] Submitted contract creation              hash=0xb115825ffe4720b99c9f69a844839fd46a722f798e2a64eba11daca7a4ec0f85 from=0xf39Fd6e51aad88F6F4ce6aB8827279cffFb92266 nonce=2265 contract=0x60f934EF5D4bB204B249008d976418389eB29EBB value=0
INFO [06-01|17:21:00.622] Submitted transaction                    hash=0x5465fd28e78aa1cf9e371c3f8cc7bba2b034589839aa0e7fa5fbfd8e71b0a328 from=0xf39Fd6e51aad88F6F4ce6aB8827279cffFb92266 nonce=2266 recipient=0xA213bcE241f4812d3FaCe1B7F7e012B6aa7E3CbA value=78,000,000
INFO [06-01|17:21:01.438] Starting work on payload                 id=0x0390344d5108fbf1
INFO [06-01|17:21:01.481] Updated payload                          id=0x0390344d5108fbf1 number=7535 hash=84f051..46d5f6 txs=2 withdrawals=0 gas=86938 fees=5.21628e-13 root=322e73..1256c6 elapsed=42.515ms
INFO [06-01|17:21:01.481] Stopping work on payload                 id=0x0390344d5108fbf1 reason=delivery
WARN [06-01|17:21:01.514] {"level":"warn","msg":"Slow block","block":{"number":7535,"hash":"0x84f051f6bd05546efefb703b6ef539d70e808199c12e9c78ada00221f946d5f6","gas_used":86938,"tx_count":2},"timing":{"execution_ms":0.113644,"state_read_ms":23.335377,"state_hash_ms":2.992422,"commit_ms":5.959357,"total_ms":32.639259},"throughput":{"mgas_per_sec":2.663602136310754},"state_reads":{"accounts":11,"storage_slots":0,"code":0,"code_bytes":0},"state_writes":{"accounts":3,"accounts_deleted":0,"storage_slots":0,"storage_slots_deleted":0,"code":1,"code_bytes":165},"cache":{"account":{"hits":6,"misses":5,"hit_rate":54.54545454545454},"storage":{"hits":0,"misses":0,"hit_rate":0},"code":{"hits":0,"misses":0,"hit_rate":0,"hit_bytes":0,"miss_bytes":0}}}
INFO [06-01|17:21:01.514] Imported new potential chain segment     number=7535 hash=84f051..46d5f6 blocks=1 txs=2 mgas=0.087 elapsed=32.839ms   mgasps=2.647 triediffs=11.96MiB triedirty=9.11MiB
INFO [06-01|17:21:01.514] Chain head was updated                   number=7535 hash=84f051..46d5f6 root=322e73..1256c6 elapsed="153.037µs"
INFO [06-01|17:21:01.635] Submitted transaction                    hash=0xba68495df425eb00eb6fb311dd51bed75cbb5d86167ddf7492a263e807e17d27 from=0xA213bcE241f4812d3FaCe1B7F7e012B6aa7E3CbA nonce=0    recipient=0x60f934EF5D4bB204B249008d976418389eB29EBB value=0
INFO [06-01|17:21:02.521] Starting work on payload                 id=0x03ca845cc635454b
INFO [06-01|17:21:02.678] Updated payload                          id=0x03ca845cc635454b number=7536 hash=286d86..3d9d28 txs=1 withdrawals=0 gas=5,910,176 fees=3.5461056e-11 root=77f8fe..d643be elapsed=157.099ms
INFO [06-01|17:21:02.678] Stopping work on payload                 id=0x03ca845cc635454b reason=delivery
WARN [06-01|17:21:02.769] {"level":"warn","msg":"Slow block","block":{"number":7536,"hash":"0x286d865557c8c51d8c5d6610d793e05f84cceb3284db60e22cbe5560133d9d28","gas_used":5910176,"tx_count":1},"timing":{"execution_ms":6.151509,"state_read_ms":35.021859,"state_hash_ms":40.568083,"commit_ms":7.420635,"total_ms":89.795038},"throughput":{"mgas_per_sec":65.81851438160759},"state_reads":{"accounts":100,"storage_slots":241,"code":94,"code_bytes":2769},"state_writes":{"accounts":94,"accounts_deleted":0,"storage_slots":238,"storage_slots_deleted":0,"code":0,"code_bytes":0},"cache":{"account":{"hits":56,"misses":44,"hit_rate":56.00000000000001},"storage":{"hits":147,"misses":94,"hit_rate":60.99585062240664},"code":{"hits":94,"misses":0,"hit_rate":100,"hit_bytes":2769,"miss_bytes":0}}}
INFO [06-01|17:21:02.769] Imported new potential chain segment     number=7536 hash=286d86..3d9d28 blocks=1 txs=1 mgas=5.910 elapsed=90.075ms    mgasps=65.613 triediffs=12.66MiB triedirty=9.11MiB
INFO [06-01|17:21:02.769] Chain head was updated                   number=7536 hash=286d86..3d9d28 root=77f8fe..d643be elapsed="96.642µs"
INFO [06-01|17:21:03.659] Submitted transaction                    hash=0xb810b28c1a146ce3830a57aab2fe0ffcc19695cea656f28a6421ab26ef5ad503 from=0xA213bcE241f4812d3FaCe1B7F7e012B6aa7E3CbA nonce=1    recipient=0xf39Fd6e51aad88F6F4ce6aB8827279cffFb92266 value=915,712
INFO [06-01|17:21:03.788] Starting work on payload                 id=0x03e04e8c0658182d
INFO [06-01|17:21:03.811] Updated payload                          id=0x03e04e8c0658182d number=7537 hash=12481b..d3b5cc txs=1 withdrawals=0 gas=21000     fees=2.1e-14       root=3c994c..49894b elapsed=22.321ms
INFO [06-01|17:21:03.811] Stopping work on payload                 id=0x03e04e8c0658182d reason=delivery
WARN [06-01|17:21:03.830] {"level":"warn","msg":"Slow block","block":{"number":7537,"hash":"0x12481b24164d5c226c6fb025e283de44cec857980a13b7d90a689bde7ad3b5cc","gas_used":21000,"tx_count":1},"timing":{"execution_ms":0.068193,"state_read_ms":10.862235,"state_hash_ms":6.986934,"commit_ms":0.512789,"total_ms":18.644325},"throughput":{"mgas_per_sec":1.1263480978796496},"state_reads":{"accounts":6,"storage_slots":0,"code":0,"code_bytes":0},"state_writes":{"accounts":2,"accounts_deleted":0,"storage_slots":0,"storage_slots_deleted":0,"code":0,"code_bytes":0},"cache":{"account":{"hits":2,"misses":4,"hit_rate":33.33333333333333},"storage":{"hits":0,"misses":0,"hit_rate":0},"code":{"hits":0,"misses":0,"hit_rate":0,"hit_bytes":0,"miss_bytes":0}}}
INFO [06-01|17:21:03.830] Imported new potential chain segment     number=7537 hash=12481b..d3b5cc blocks=1 txs=1 mgas=0.021 elapsed=18.758ms    mgasps=1.120  triediffs=12.65MiB triedirty=9.11MiB
INFO [06-01|17:21:03.830] Chain head was updated                   number=7537 hash=12481b..d3b5cc root=3c994c..49894b elapsed="50.419µs"
INFO [06-01|17:21:04.850] Starting work on payload                 id=0x030c0b99e8dffffe
INFO [06-01|17:21:04.868] Updated payload                          id=0x030c0b99e8dffffe number=7538 hash=2c7d7a..be9197 txs=0 withdrawals=0 gas=0         fees=0             root=3c994c..49894b elapsed=17.890ms
INFO [06-01|17:21:04.868] Stopping work on payload                 id=0x030c0b99e8dffffe reason=delivery
WARN [06-01|17:21:04.886] {"level":"warn","msg":"Slow block","block":{"number":7538,"hash":"0x2c7d7a7968ed5113e1a90282256ee1d72cab0575ce52f65bf4d1ef5bf6be9197","gas_used":0,"tx_count":0},"timing":{"execution_ms":0.061234,"state_read_ms":16.775541,"state_hash_ms":0.004084,"commit_ms":0.1756,"total_ms":17.315262},"throughput":{"mgas_per_sec":0},"state_reads":{"accounts":4,"storage_slots":0,"code":0,"code_bytes":0},"state_writes":{"accounts":0,"accounts_deleted":0,"storage_slots":0,"storage_slots_deleted":0,"code":0,"code_bytes":0},"cache":{"account":{"hits":0,"misses":4,"hit_rate":0},"storage":{"hits":0,"misses":0,"hit_rate":0},"code":{"hits":0,"misses":0,"hit_rate":0,"hit_bytes":0,"miss_bytes":0}}}
INFO [06-01|17:21:04.887] Imported new potential chain segment     number=7538 hash=2c7d7a..be9197 blocks=1 txs=0 mgas=0.000 elapsed=17.530ms    mgasps=0.000  triediffs=12.65MiB triedirty=9.11MiB
INFO [06-01|17:21:04.893] Chain head was updated                   number=7538 hash=2c7d7a..be9197 root=3c994c..49894b elapsed="55.908µs"
