WARN [06-01|17:14:19.074] Unknown config environment variable      envvar=GETH_PBT_BIN
WARN [06-01|17:14:19.074] Unknown config environment variable      envvar=GETH_UBT_BIN
INFO [06-01|17:14:19.085] Starting Geth on Ethereum mainnet...
INFO [06-01|17:14:19.087] Maximum peer count                       ETH=0 total=0
INFO [06-01|17:14:19.088] Smartcard socket not found, disabling    err="stat /run/pcscd/pcscd.comm: no such file or directory"
WARN [06-01|17:14:19.093] Option --miner.etherbase is deprecated as the etherbase is set by the consensus client post-merge
INFO [06-01|17:14:19.096] Set global gas cap                       cap=50,000,000
INFO [06-01|17:14:19.886] Using developer account                  address=0xf39Fd6e51aad88F6F4ce6aB8827279cffFb92266
INFO [06-01|17:14:19.924] Using pebble as the backing database
INFO [06-01|17:14:19.924] Allocated cache and file handles         database=/mnt/state_expiry_vol_data/ubt-vs-pbt-dbs/pbt/geth/chaindata cache=2.00GiB handles=262,144
INFO [06-01|17:14:20.133] Opened ancient database                  database=/mnt/state_expiry_vol_data/ubt-vs-pbt-dbs/pbt/geth/chaindata/ancient/chain readonly=true
INFO [06-01|17:14:20.133] Opened Era store                         datadir=/mnt/state_expiry_vol_data/ubt-vs-pbt-dbs/pbt/geth/chaindata/ancient/chain/era
INFO [06-01|17:14:20.140] Initializing the KZG library             backend=gokzg
INFO [06-01|17:14:20.142] Allocated trie memory caches             clean=614.00MiB dirty=1.00GiB
INFO [06-01|17:14:20.150] Using pebble as the backing database
INFO [06-01|17:14:20.150] Allocated cache and file handles         database=/mnt/state_expiry_vol_data/ubt-vs-pbt-dbs/pbt/geth/chaindata cache=2.00GiB handles=262,144
INFO [06-01|17:14:20.348] Opened ancient database                  database=/mnt/state_expiry_vol_data/ubt-vs-pbt-dbs/pbt/geth/chaindata/ancient/chain readonly=false
INFO [06-01|17:14:20.348] Opened Era store                         datadir=/mnt/state_expiry_vol_data/ubt-vs-pbt-dbs/pbt/geth/chaindata/ancient/chain/era
INFO [06-01|17:14:20.353] State scheme set to already existing     scheme=path
INFO [06-01|17:14:20.353] Initialising Ethereum protocol           network=1337 dbversion=9
WARN [06-01|17:14:20.353] Sanitizing invalid node buffer size      provided=1.00GiB updated=256.00MiB
INFO [06-01|17:14:20.354] Load database journal from file          path=/mnt/state_expiry_vol_data/ubt-vs-pbt-dbs/pbt/geth/triedb/verkle.journal
INFO [06-01|17:14:20.512] Opened ancient database                  database=/mnt/state_expiry_vol_data/ubt-vs-pbt-dbs/pbt/geth/chaindata/ancient/state_verkle readonly=false
INFO [06-01|17:14:20.513] State snapshot generator is not compatible
INFO [06-01|17:14:20.513] Initialized path database                triecache=614.00MiB statecache=409.00MiB buffer=256.00MiB state-history="last 90000 blocks" journal-dir=/mnt/state_expiry_vol_data/ubt-vs-pbt-dbs/pbt/geth/triedb verkle=true
INFO [06-01|17:14:20.513] 
INFO [06-01|17:14:20.513] ---------------------------------------------------------------------------------------------------------------------------------------------------------
INFO [06-01|17:14:20.513] Chain ID:  1337 (unknown)
INFO [06-01|17:14:20.513] Consensus: unknown
INFO [06-01|17:14:20.513] 
INFO [06-01|17:14:20.513] Pre-Merge hard forks (block based):
INFO [06-01|17:14:20.513]  - Homestead:                   #0       
INFO [06-01|17:14:20.513]  - Tangerine Whistle (EIP 150): #0       
INFO [06-01|17:14:20.513]  - Spurious Dragon/1 (EIP 155): #0       
INFO [06-01|17:14:20.513]  - Spurious Dragon/2 (EIP 158): #0       
INFO [06-01|17:14:20.513]  - Byzantium:                   #0       
INFO [06-01|17:14:20.513]  - Constantinople:              #0       
INFO [06-01|17:14:20.513]  - Petersburg:                  #0       
INFO [06-01|17:14:20.513]  - Istanbul:                    #0       
INFO [06-01|17:14:20.513]  - Berlin:                      #0       
INFO [06-01|17:14:20.513]  - London:                      #0       
INFO [06-01|17:14:20.513]  - Arrow Glacier:               #0       
INFO [06-01|17:14:20.513]  - Gray Glacier:                #0       
INFO [06-01|17:14:20.513] 
INFO [06-01|17:14:20.513] Merge configured:
INFO [06-01|17:14:20.513]  - Total terminal difficulty:  0
INFO [06-01|17:14:20.513]  - Merge netsplit block:       #0       
INFO [06-01|17:14:20.513] 
INFO [06-01|17:14:20.513] Post-Merge hard forks (timestamp based):
INFO [06-01|17:14:20.513]  - Shanghai:                    @0         
INFO [06-01|17:14:20.513]  - Cancun:                      @0          blob: (target: 3, max: 6, fraction: 3338477)
INFO [06-01|17:14:20.513]  - Prague:                      @0          blob: (target: 6, max: 9, fraction: 5007716)
INFO [06-01|17:14:20.513]  - Osaka:                       @0          blob: (target: 6, max: 9, fraction: 5007716)
INFO [06-01|17:14:20.513]  - UBT:                         @0          blob: (nil)
INFO [06-01|17:14:20.513] 
INFO [06-01|17:14:20.513] All fork specifications can be found at https://ethereum.github.io/execution-specs/src/ethereum/forks/
INFO [06-01|17:14:20.513] 
INFO [06-01|17:14:20.513] ---------------------------------------------------------------------------------------------------------------------------------------------------------
INFO [06-01|17:14:20.513] 
INFO [06-01|17:14:20.515] Loaded most recent local block           number=7278 hash=c146dd..02529e age=3s
INFO [06-01|17:14:20.515] Loaded most recent local finalized block number=7264 hash=258be0..4d3f35 age=25s
INFO [06-01|17:14:20.516] Initialized transaction indexer          range="last 2350000 blocks"
INFO [06-01|17:14:20.516] Initialized log indexer                  firstblock=0 lastblock=7278 firstmap=0 lastmap=0 headindexed=true
INFO [06-01|17:14:20.550] Enabled full-sync                        head=7278 hash=c146dd..02529e
INFO [06-01|17:14:20.551] Unprotected transactions allowed
INFO [06-01|17:14:20.551] Gasprice oracle is ignoring threshold set threshold=2
INFO [06-01|17:14:20.551] Registered sync override service
WARN [06-01|17:14:20.551] You are running Geth in --dev mode. Please note the following:
WARN [06-01|17:14:20.551] 
WARN [06-01|17:14:20.551]   1. This mode is only intended for fast, iterative development without assumptions on
WARN [06-01|17:14:20.551]      security or persistence.
WARN [06-01|17:14:20.551]   2. The database is created in memory unless specified otherwise. Therefore, shutting down
WARN [06-01|17:14:20.551]      your computer or losing power will wipe your entire block data and chain state for
WARN [06-01|17:14:20.551]      your dev environment.
WARN [06-01|17:14:20.551]   3. A random, pre-allocated developer account will be available and unlocked as
WARN [06-01|17:14:20.551]      eth.coinbase, which can be used for testing. The random dev account is temporary,
WARN [06-01|17:14:20.551]      stored on a ramdisk, and will be lost if your machine is restarted.
WARN [06-01|17:14:20.551]   4. Mining is enabled by default. However, the client will only seal blocks if transactions
WARN [06-01|17:14:20.551]      are pending in the mempool. The miner's minimum accepted gas price is 1.
WARN [06-01|17:14:20.551]   5. Networking is disabled; there is no listen-address, the maximum number of peers is set
WARN [06-01|17:14:20.551]      to 0, and discovery is disabled.
WARN [06-01|17:14:20.551] 
INFO [06-01|17:14:20.551] Starting peer-to-peer node               instance=Geth/v1.17.3-unstable/linux-amd64/go1.24.9
WARN [06-01|17:14:20.551] P2P server will be useless, neither dialing nor listening
INFO [06-01|17:14:20.586] New local node record                    seq=1,780,292,695,277 id=972c5cc0b2a1895c ip=127.0.0.1 udp=0 tcp=0
INFO [06-01|17:14:20.586] IPC endpoint opened                      url=/mnt/state_expiry_vol_data/ubt-vs-pbt-dbs/pbt/geth.ipc
ERROR[06-01|17:14:20.587] Unavailable modules in HTTP API list     unavailable=[personal] available="[admin debug web3 eth txpool miner net dev testing]"
INFO [06-01|17:14:20.586] Started P2P networking                   self=enode://16ec6c0bde109d66472afe00ec8fee3d30718d830d1acf0829842abca89b82afff8a454636cde3b26d700f98647938c6f23e7bee3027caca0d7f19e4b3725e13@127.0.0.1:0
INFO [06-01|17:14:20.587] HTTP server started                      endpoint=127.0.0.1:8545 auth=false prefix= cors= vhosts=localhost
INFO [06-01|17:14:20.587] WebSocket enabled                        url=ws://127.0.0.1:8546
INFO [06-01|17:14:21.126] Loaded local transaction journal         transactions=4885 dropped=0
INFO [06-01|17:14:21.603] Started log indexer
INFO [06-01|17:14:21.655] Starting work on payload                 id=0x03ec45e348dd73e5
INFO [06-01|17:14:21.676] Updated payload                          id=0x03ec45e348dd73e5 number=7279 hash=c50e0e..7273b9 txs=0 withdrawals=0 gas=0 fees=0 root=84befa..7044bb elapsed=20.977ms
INFO [06-01|17:14:21.676] Stopping work on payload                 id=0x03ec45e348dd73e5 reason=delivery
WARN [06-01|17:14:21.681] {"level":"warn","msg":"Slow block","block":{"number":7279,"hash":"0xc50e0ef9786d32591c66573cb460df10e05da3313be8a4801f57af86407273b9","gas_used":0,"tx_count":0},"timing":{"execution_ms":0.099985,"state_read_ms":3.998551,"state_hash_ms":0.002139,"commit_ms":0.315915,"total_ms":4.638407},"throughput":{"mgas_per_sec":0},"state_reads":{"accounts":4,"storage_slots":0,"code":0,"code_bytes":0},"state_writes":{"accounts":0,"accounts_deleted":0,"storage_slots":0,"storage_slots_deleted":0,"code":0,"code_bytes":0},"cache":{"account":{"hits":0,"misses":4,"hit_rate":0},"storage":{"hits":0,"misses":0,"hit_rate":0},"code":{"hits":0,"misses":0,"hit_rate":0,"hit_bytes":0,"miss_bytes":0}}}
INFO [06-01|17:14:21.681] Imported new potential chain segment     number=7279 hash=c50e0e..7273b9 blocks=1 txs=0 mgas=0.000 elapsed=5.059ms  mgasps=0.000 triediffs=2.00MiB triedirty=8.64MiB
INFO [06-01|17:14:21.681] Chain head was updated                   number=7279 hash=c50e0e..7273b9 root=84befa..7044bb elapsed="116.779µs"
INFO [06-01|17:14:22.693] Starting work on payload                 id=0x031fdc9a3cfbbe37
INFO [06-01|17:14:22.708] Updated payload                          id=0x031fdc9a3cfbbe37 number=7280 hash=c1230a..e6156d txs=0 withdrawals=0 gas=0 fees=0 root=84befa..7044bb elapsed=14.459ms
INFO [06-01|17:14:22.708] Stopping work on payload                 id=0x031fdc9a3cfbbe37 reason=delivery
WARN [06-01|17:14:22.725] {"level":"warn","msg":"Slow block","block":{"number":7280,"hash":"0xc1230aa78c7c1a9eb8211390e53c356f4b509fae7d88f57f364d3fca16e6156d","gas_used":0,"tx_count":0},"timing":{"execution_ms":0.032375,"state_read_ms":16.322522,"state_hash_ms":0.002386,"commit_ms":0.183239,"total_ms":16.728549},"throughput":{"mgas_per_sec":0},"state_reads":{"accounts":4,"storage_slots":0,"code":0,"code_bytes":0},"state_writes":{"accounts":0,"accounts_deleted":0,"storage_slots":0,"storage_slots_deleted":0,"code":0,"code_bytes":0},"cache":{"account":{"hits":0,"misses":4,"hit_rate":0},"storage":{"hits":0,"misses":0,"hit_rate":0},"code":{"hits":0,"misses":0,"hit_rate":0,"hit_bytes":0,"miss_bytes":0}}}
INFO [06-01|17:14:22.725] Imported new potential chain segment     number=7280 hash=c1230a..e6156d blocks=1 txs=0 mgas=0.000 elapsed=16.924ms    mgasps=0.000 triediffs=2.00MiB triedirty=8.64MiB
INFO [06-01|17:14:22.725] Chain head was updated                   number=7280 hash=c1230a..e6156d root=84befa..7044bb elapsed="46.065µs"
INFO [06-01|17:14:23.746] Starting work on payload                 id=0x03b0c11068b9fd4d
INFO [06-01|17:14:23.761] Updated payload                          id=0x03b0c11068b9fd4d number=7281 hash=f1a415..4c794b txs=0 withdrawals=0 gas=0 fees=0 root=84befa..7044bb elapsed=14.724ms
INFO [06-01|17:14:23.761] Stopping work on payload                 id=0x03b0c11068b9fd4d reason=delivery
WARN [06-01|17:14:23.785] {"level":"warn","msg":"Slow block","block":{"number":7281,"hash":"0xf1a4158b11ecd2f9403ff19a520d1fa4f6046a36ce653a6602136c40534c794b","gas_used":0,"tx_count":0},"timing":{"execution_ms":0.030146,"state_read_ms":22.836774,"state_hash_ms":0.002475,"commit_ms":0.294222,"total_ms":23.315144},"throughput":{"mgas_per_sec":0},"state_reads":{"accounts":4,"storage_slots":0,"code":0,"code_bytes":0},"state_writes":{"accounts":0,"accounts_deleted":0,"storage_slots":0,"storage_slots_deleted":0,"code":0,"code_bytes":0},"cache":{"account":{"hits":0,"misses":4,"hit_rate":0},"storage":{"hits":0,"misses":0,"hit_rate":0},"code":{"hits":0,"misses":0,"hit_rate":0,"hit_bytes":0,"miss_bytes":0}}}
INFO [06-01|17:14:23.785] Imported new potential chain segment     number=7281 hash=f1a415..4c794b blocks=1 txs=0 mgas=0.000 elapsed=23.491ms    mgasps=0.000 triediffs=2.00MiB triedirty=8.64MiB
INFO [06-01|17:14:23.785] Chain head was updated                   number=7281 hash=f1a415..4c794b root=84befa..7044bb elapsed="66.112µs"
INFO [06-01|17:14:24.101] Submitted contract creation              hash=0xe1a7e03c5bde6ae0e07e6b6dd027a2241b3a6df2907ad01fcbc551ce2d6a6fec from=0xf39Fd6e51aad88F6F4ce6aB8827279cffFb92266 nonce=2187 contract=0xd310f556Fd3A9626Ae94BA485C13258cB438356F value=0
INFO [06-01|17:14:24.101] Submitted transaction                    hash=0xdbc195d6a84f03386fe474b86fc66257dd0abf3b47319d96dbbd76720fe5562e from=0xf39Fd6e51aad88F6F4ce6aB8827279cffFb92266 nonce=2188 recipient=0xdECcD2335C22258F89e525bea435aA0A0d3761C5 value=78,000,000
INFO [06-01|17:14:24.808] Starting work on payload                 id=0x03ee4798f08ac489
INFO [06-01|17:14:24.870] Updated payload                          id=0x03ee4798f08ac489 number=7282 hash=d8f1ee..3c8322 txs=2 withdrawals=0 gas=86906 fees=5.21436e-13 root=82900a..bcd637 elapsed=61.852ms
INFO [06-01|17:14:24.870] Stopping work on payload                 id=0x03ee4798f08ac489 reason=delivery
WARN [06-01|17:14:24.907] {"level":"warn","msg":"Slow block","block":{"number":7282,"hash":"0xd8f1eeb128a2e82350d94c7193031d3fe432d30cfccecfa15fe45251a03c8322","gas_used":86906,"tx_count":2},"timing":{"execution_ms":0.123847,"state_read_ms":17.487489,"state_hash_ms":10.999477,"commit_ms":5.435206,"total_ms":36.618115},"throughput":{"mgas_per_sec":2.373306217428177},"state_reads":{"accounts":11,"storage_slots":0,"code":0,"code_bytes":0},"state_writes":{"accounts":3,"accounts_deleted":0,"storage_slots":0,"storage_slots_deleted":0,"code":1,"code_bytes":163},"cache":{"account":{"hits":6,"misses":5,"hit_rate":54.54545454545454},"storage":{"hits":0,"misses":0,"hit_rate":0},"code":{"hits":0,"misses":0,"hit_rate":0,"hit_bytes":0,"miss_bytes":0}}}
INFO [06-01|17:14:24.907] Imported new potential chain segment     number=7282 hash=d8f1ee..3c8322 blocks=1 txs=2 mgas=0.087 elapsed=36.820ms    mgasps=2.360 triediffs=2.01MiB triedirty=8.64MiB
INFO [06-01|17:14:24.907] Chain head was updated                   number=7282 hash=d8f1ee..3c8322 root=82900a..bcd637 elapsed="263.703µs"
INFO [06-01|17:14:25.113] Submitted transaction                    hash=0xa1ba3757b8afd04a34635d6735f9d57eb03c3749432dd5141f41ca2d04d2c247 from=0xdECcD2335C22258F89e525bea435aA0A0d3761C5 nonce=0    recipient=0xd310f556Fd3A9626Ae94BA485C13258cB438356F value=0
INFO [06-01|17:14:25.927] Starting work on payload                 id=0x032bf09119e89e7f
INFO [06-01|17:14:25.969] Updated payload                          id=0x032bf09119e89e7f number=7283 hash=fb7d82..1e7e31 txs=1 withdrawals=0 gas=5,911,443 fees=3.5468658e-11 root=b13426..927f96 elapsed=41.660ms
INFO [06-01|17:14:25.969] Stopping work on payload                 id=0x032bf09119e89e7f reason=delivery
WARN [06-01|17:14:26.006] {"level":"warn","msg":"Slow block","block":{"number":7283,"hash":"0xfb7d82ac81543ffab74a978fa0062d9a8f8899c41780b52198b8f9067a1e7e31","gas_used":5911443,"tx_count":1},"timing":{"execution_ms":3.138297,"state_read_ms":17.425855,"state_hash_ms":14.641824,"commit_ms":1.512878,"total_ms":36.954906},"throughput":{"mgas_per_sec":159.9636865535526},"state_reads":{"accounts":8,"storage_slots":259,"code":2,"code_bytes":191},"state_writes":{"accounts":3,"accounts_deleted":0,"storage_slots":259,"storage_slots_deleted":0,"code":0,"code_bytes":0},"cache":{"account":{"hits":4,"misses":4,"hit_rate":50},"storage":{"hits":36,"misses":223,"hit_rate":13.8996138996139},"code":{"hits":2,"misses":0,"hit_rate":100,"hit_bytes":191,"miss_bytes":0}}}
INFO [06-01|17:14:26.006] Imported new potential chain segment     number=7283 hash=fb7d82..1e7e31 blocks=1 txs=1 mgas=5.911 elapsed=37.154ms    mgasps=159.106 triediffs=2.06MiB triedirty=8.64MiB
INFO [06-01|17:14:26.006] Chain head was updated                   number=7283 hash=fb7d82..1e7e31 root=b13426..927f96 elapsed="75.05µs"
INFO [06-01|17:14:26.128] Submitted transaction                    hash=0x9b3702f5ec8384745c091c08150c692d0f7f1cb7be36335b3359e35f0d41040a from=0xdECcD2335C22258F89e525bea435aA0A0d3761C5 nonce=1    recipient=0xf39Fd6e51aad88F6F4ce6aB8827279cffFb92266 value=899,241
INFO [06-01|17:14:27.023] Starting work on payload                 id=0x03bf80c06ab121e4
INFO [06-01|17:14:27.036] Updated payload                          id=0x03bf80c06ab121e4 number=7284 hash=7fdce6..0ab5e2 txs=1 withdrawals=0 gas=21000     fees=2.1e-14       root=3a235a..fd21f7 elapsed=13.460ms
INFO [06-01|17:14:27.036] Stopping work on payload                 id=0x03bf80c06ab121e4 reason=delivery
WARN [06-01|17:14:27.059] {"level":"warn","msg":"Slow block","block":{"number":7284,"hash":"0x7fdce6a11c2accc4488700d8b104eadacaa9f257e7be045dd4f88453740ab5e2","gas_used":21000,"tx_count":1},"timing":{"execution_ms":0.113996,"state_read_ms":9.883702,"state_hash_ms":8.074254,"commit_ms":0.571915,"total_ms":22.297857},"throughput":{"mgas_per_sec":0.9417945410628474},"state_reads":{"accounts":6,"storage_slots":0,"code":0,"code_bytes":0},"state_writes":{"accounts":2,"accounts_deleted":0,"storage_slots":0,"storage_slots_deleted":0,"code":0,"code_bytes":0},"cache":{"account":{"hits":2,"misses":4,"hit_rate":33.33333333333333},"storage":{"hits":0,"misses":0,"hit_rate":0},"code":{"hits":0,"misses":0,"hit_rate":0,"hit_bytes":0,"miss_bytes":0}}}
INFO [06-01|17:14:27.059] Imported new potential chain segment     number=7284 hash=7fdce6..0ab5e2 blocks=1 txs=1 mgas=0.021 elapsed=22.465ms    mgasps=0.935   triediffs=2.05MiB triedirty=8.64MiB
INFO [06-01|17:14:27.059] Chain head was updated                   number=7284 hash=7fdce6..0ab5e2 root=3a235a..fd21f7 elapsed="54.196µs"
