WARN [06-01|17:05:45.170] Unknown config environment variable      envvar=GETH_PBT_BIN
WARN [06-01|17:05:45.170] Unknown config environment variable      envvar=GETH_UBT_BIN
INFO [06-01|17:05:45.179] Starting Geth on Ethereum mainnet...
INFO [06-01|17:05:45.181] Maximum peer count                       ETH=0 total=0
INFO [06-01|17:05:45.182] Smartcard socket not found, disabling    err="stat /run/pcscd/pcscd.comm: no such file or directory"
WARN [06-01|17:05:45.186] Option --miner.etherbase is deprecated as the etherbase is set by the consensus client post-merge
INFO [06-01|17:05:45.190] Set global gas cap                       cap=50,000,000
INFO [06-01|17:05:45.980] Using developer account                  address=0xf39Fd6e51aad88F6F4ce6aB8827279cffFb92266
INFO [06-01|17:05:46.020] Using pebble as the backing database
INFO [06-01|17:05:46.020] Allocated cache and file handles         database=/mnt/state_expiry_vol_data/ubt-vs-pbt-dbs/pbt/geth/chaindata cache=2.00GiB handles=262,144
INFO [06-01|17:05:46.230] Opened ancient database                  database=/mnt/state_expiry_vol_data/ubt-vs-pbt-dbs/pbt/geth/chaindata/ancient/chain readonly=true
INFO [06-01|17:05:46.230] Opened Era store                         datadir=/mnt/state_expiry_vol_data/ubt-vs-pbt-dbs/pbt/geth/chaindata/ancient/chain/era
INFO [06-01|17:05:46.238] Initializing the KZG library             backend=gokzg
INFO [06-01|17:05:46.239] Allocated trie memory caches             clean=614.00MiB dirty=1.00GiB
INFO [06-01|17:05:46.247] Using pebble as the backing database
INFO [06-01|17:05:46.247] Allocated cache and file handles         database=/mnt/state_expiry_vol_data/ubt-vs-pbt-dbs/pbt/geth/chaindata cache=2.00GiB handles=262,144
INFO [06-01|17:05:46.473] Opened ancient database                  database=/mnt/state_expiry_vol_data/ubt-vs-pbt-dbs/pbt/geth/chaindata/ancient/chain readonly=false
INFO [06-01|17:05:46.473] Opened Era store                         datadir=/mnt/state_expiry_vol_data/ubt-vs-pbt-dbs/pbt/geth/chaindata/ancient/chain/era
INFO [06-01|17:05:46.479] State scheme set to already existing     scheme=path
INFO [06-01|17:05:46.490] Initialising Ethereum protocol           network=1337 dbversion=9
WARN [06-01|17:05:46.490] Sanitizing invalid node buffer size      provided=1.00GiB updated=256.00MiB
INFO [06-01|17:05:46.491] Load database journal from file          path=/mnt/state_expiry_vol_data/ubt-vs-pbt-dbs/pbt/geth/triedb/verkle.journal
INFO [06-01|17:05:46.626] Opened ancient database                  database=/mnt/state_expiry_vol_data/ubt-vs-pbt-dbs/pbt/geth/chaindata/ancient/state_verkle readonly=false
INFO [06-01|17:05:46.627] State snapshot generator is not compatible
INFO [06-01|17:05:46.627] Initialized path database                triecache=614.00MiB statecache=409.00MiB buffer=256.00MiB state-history="last 90000 blocks" journal-dir=/mnt/state_expiry_vol_data/ubt-vs-pbt-dbs/pbt/geth/triedb verkle=true
INFO [06-01|17:05:46.627] 
INFO [06-01|17:05:46.627] ---------------------------------------------------------------------------------------------------------------------------------------------------------
INFO [06-01|17:05:46.628] Chain ID:  1337 (unknown)
INFO [06-01|17:05:46.628] Consensus: unknown
INFO [06-01|17:05:46.628] 
INFO [06-01|17:05:46.628] Pre-Merge hard forks (block based):
INFO [06-01|17:05:46.628]  - Homestead:                   #0       
INFO [06-01|17:05:46.628]  - Tangerine Whistle (EIP 150): #0       
INFO [06-01|17:05:46.628]  - Spurious Dragon/1 (EIP 155): #0       
INFO [06-01|17:05:46.628]  - Spurious Dragon/2 (EIP 158): #0       
INFO [06-01|17:05:46.628]  - Byzantium:                   #0       
INFO [06-01|17:05:46.628]  - Constantinople:              #0       
INFO [06-01|17:05:46.628]  - Petersburg:                  #0       
INFO [06-01|17:05:46.628]  - Istanbul:                    #0       
INFO [06-01|17:05:46.628]  - Berlin:                      #0       
INFO [06-01|17:05:46.628]  - London:                      #0       
INFO [06-01|17:05:46.628]  - Arrow Glacier:               #0       
INFO [06-01|17:05:46.628]  - Gray Glacier:                #0       
INFO [06-01|17:05:46.628] 
INFO [06-01|17:05:46.628] Merge configured:
INFO [06-01|17:05:46.628]  - Total terminal difficulty:  0
INFO [06-01|17:05:46.628]  - Merge netsplit block:       #0       
INFO [06-01|17:05:46.628] 
INFO [06-01|17:05:46.628] Post-Merge hard forks (timestamp based):
INFO [06-01|17:05:46.628]  - Shanghai:                    @0         
INFO [06-01|17:05:46.628]  - Cancun:                      @0          blob: (target: 3, max: 6, fraction: 3338477)
INFO [06-01|17:05:46.628]  - Prague:                      @0          blob: (target: 6, max: 9, fraction: 5007716)
INFO [06-01|17:05:46.628]  - Osaka:                       @0          blob: (target: 6, max: 9, fraction: 5007716)
INFO [06-01|17:05:46.628]  - UBT:                         @0          blob: (nil)
INFO [06-01|17:05:46.628] 
INFO [06-01|17:05:46.628] All fork specifications can be found at https://ethereum.github.io/execution-specs/src/ethereum/forks/
INFO [06-01|17:05:46.628] 
INFO [06-01|17:05:46.628] ---------------------------------------------------------------------------------------------------------------------------------------------------------
INFO [06-01|17:05:46.628] 
INFO [06-01|17:05:46.628] Loaded most recent local block           number=6946 hash=f13149..af074c age=3s
INFO [06-01|17:05:46.628] Loaded most recent local finalized block number=6944 hash=07d8db..1185d3 age=5s
INFO [06-01|17:05:46.630] Initialized transaction indexer          range="last 2350000 blocks"
INFO [06-01|17:05:46.630] Initialized log indexer                  firstblock=0 lastblock=6946 firstmap=0 lastmap=0 headindexed=true
INFO [06-01|17:05:46.663] Enabled full-sync                        head=6946 hash=f13149..af074c
INFO [06-01|17:05:46.663] Unprotected transactions allowed
INFO [06-01|17:05:46.663] Gasprice oracle is ignoring threshold set threshold=2
INFO [06-01|17:05:46.664] Registered sync override service
WARN [06-01|17:05:46.664] You are running Geth in --dev mode. Please note the following:
WARN [06-01|17:05:46.664] 
WARN [06-01|17:05:46.664]   1. This mode is only intended for fast, iterative development without assumptions on
WARN [06-01|17:05:46.664]      security or persistence.
WARN [06-01|17:05:46.664]   2. The database is created in memory unless specified otherwise. Therefore, shutting down
WARN [06-01|17:05:46.664]      your computer or losing power will wipe your entire block data and chain state for
WARN [06-01|17:05:46.664]      your dev environment.
WARN [06-01|17:05:46.664]   3. A random, pre-allocated developer account will be available and unlocked as
WARN [06-01|17:05:46.664]      eth.coinbase, which can be used for testing. The random dev account is temporary,
WARN [06-01|17:05:46.664]      stored on a ramdisk, and will be lost if your machine is restarted.
WARN [06-01|17:05:46.664]   4. Mining is enabled by default. However, the client will only seal blocks if transactions
WARN [06-01|17:05:46.664]      are pending in the mempool. The miner's minimum accepted gas price is 1.
WARN [06-01|17:05:46.664]   5. Networking is disabled; there is no listen-address, the maximum number of peers is set
WARN [06-01|17:05:46.664]      to 0, and discovery is disabled.
WARN [06-01|17:05:46.664] 
INFO [06-01|17:05:46.664] Starting peer-to-peer node               instance=Geth/v1.17.3-unstable/linux-amd64/go1.24.9
WARN [06-01|17:05:46.664] P2P server will be useless, neither dialing nor listening
INFO [06-01|17:05:46.694] IPC endpoint opened                      url=/mnt/state_expiry_vol_data/ubt-vs-pbt-dbs/pbt/geth.ipc
ERROR[06-01|17:05:46.694] Unavailable modules in HTTP API list     unavailable=[personal] available="[admin debug web3 eth txpool miner net dev testing]"
INFO [06-01|17:05:46.695] New local node record                    seq=1,780,292,695,228 id=972c5cc0b2a1895c ip=127.0.0.1 udp=0 tcp=0
INFO [06-01|17:05:46.695] Started P2P networking                   self=enode://16ec6c0bde109d66472afe00ec8fee3d30718d830d1acf0829842abca89b82afff8a454636cde3b26d700f98647938c6f23e7bee3027caca0d7f19e4b3725e13@127.0.0.1:0
INFO [06-01|17:05:46.725] HTTP server started                      endpoint=127.0.0.1:8545 auth=false prefix= cors= vhosts=localhost
INFO [06-01|17:05:46.725] WebSocket enabled                        url=ws://127.0.0.1:8546
INFO [06-01|17:05:47.225] Loaded local transaction journal         transactions=4689 dropped=0
INFO [06-01|17:05:47.761] Started log indexer
INFO [06-01|17:05:47.812] Starting work on payload                 id=0x0313c85dce2f8865
INFO [06-01|17:05:47.834] Updated payload                          id=0x0313c85dce2f8865 number=6947 hash=76aec1..95ee50 txs=0 withdrawals=0 gas=0 fees=0 root=75a364..662531 elapsed=21.670ms
INFO [06-01|17:05:47.835] Stopping work on payload                 id=0x0313c85dce2f8865 reason=delivery
WARN [06-01|17:05:47.846] {"level":"warn","msg":"Slow block","block":{"number":6947,"hash":"0x76aec1bdfc4790cc2f8b892a749a98602e30c0d1d0d0e7ffab3c4b52fd95ee50","gas_used":0,"tx_count":0},"timing":{"execution_ms":0.088605,"state_read_ms":10.048322,"state_hash_ms":0.002533,"commit_ms":0.23365,"total_ms":10.657665},"throughput":{"mgas_per_sec":0},"state_reads":{"accounts":4,"storage_slots":0,"code":0,"code_bytes":0},"state_writes":{"accounts":0,"accounts_deleted":0,"storage_slots":0,"storage_slots_deleted":0,"code":0,"code_bytes":0},"cache":{"account":{"hits":0,"misses":4,"hit_rate":0},"storage":{"hits":0,"misses":0,"hit_rate":0},"code":{"hits":0,"misses":0,"hit_rate":0,"hit_bytes":0,"miss_bytes":0}}}
INFO [06-01|17:05:47.846] Imported new potential chain segment     number=6947 hash=76aec1..95ee50 blocks=1 txs=0 mgas=0.000 elapsed=10.997ms mgasps=0.000 triediffs=1.33MiB triedirty=8.40MiB
INFO [06-01|17:05:47.846] Chain head was updated                   number=6947 hash=76aec1..95ee50 root=75a364..662531 elapsed="94.48µs"
INFO [06-01|17:05:48.860] Starting work on payload                 id=0x03fe00bdb0601023
INFO [06-01|17:05:48.883] Updated payload                          id=0x03fe00bdb0601023 number=6948 hash=9e80bf..592b35 txs=0 withdrawals=0 gas=0 fees=0 root=75a364..662531 elapsed=22.929ms
INFO [06-01|17:05:48.883] Stopping work on payload                 id=0x03fe00bdb0601023 reason=delivery
WARN [06-01|17:05:48.896] {"level":"warn","msg":"Slow block","block":{"number":6948,"hash":"0x9e80bf54e56dcbba95f2f1a148987317ebfeda63d325c3f19626fdc594592b35","gas_used":0,"tx_count":0},"timing":{"execution_ms":0.046207,"state_read_ms":3.480102,"state_hash_ms":0.002729,"commit_ms":0.205367,"total_ms":13.163959},"throughput":{"mgas_per_sec":0},"state_reads":{"accounts":4,"storage_slots":0,"code":0,"code_bytes":0},"state_writes":{"accounts":0,"accounts_deleted":0,"storage_slots":0,"storage_slots_deleted":0,"code":0,"code_bytes":0},"cache":{"account":{"hits":0,"misses":4,"hit_rate":0},"storage":{"hits":0,"misses":0,"hit_rate":0},"code":{"hits":0,"misses":0,"hit_rate":0,"hit_bytes":0,"miss_bytes":0}}}
INFO [06-01|17:05:48.896] Imported new potential chain segment     number=6948 hash=9e80bf..592b35 blocks=1 txs=0 mgas=0.000 elapsed=13.416ms  mgasps=0.000 triediffs=1.33MiB triedirty=8.40MiB
INFO [06-01|17:05:48.897] Chain head was updated                   number=6948 hash=9e80bf..592b35 root=75a364..662531 elapsed="712.93µs"
INFO [06-01|17:05:49.916] Starting work on payload                 id=0x03c6b31f74755aad
INFO [06-01|17:05:49.932] Updated payload                          id=0x03c6b31f74755aad number=6949 hash=f30a88..042593 txs=0 withdrawals=0 gas=0 fees=0 root=75a364..662531 elapsed=15.717ms
INFO [06-01|17:05:49.932] Stopping work on payload                 id=0x03c6b31f74755aad reason=delivery
WARN [06-01|17:05:49.945] {"level":"warn","msg":"Slow block","block":{"number":6949,"hash":"0xf30a8824d6b7cf7cfad942f05a248797c285dccc080579ee3e9a7c5fc1042593","gas_used":0,"tx_count":0},"timing":{"execution_ms":0.041878,"state_read_ms":4.518591,"state_hash_ms":0.003327,"commit_ms":0.221094,"total_ms":13.14482},"throughput":{"mgas_per_sec":0},"state_reads":{"accounts":4,"storage_slots":0,"code":0,"code_bytes":0},"state_writes":{"accounts":0,"accounts_deleted":0,"storage_slots":0,"storage_slots_deleted":0,"code":0,"code_bytes":0},"cache":{"account":{"hits":0,"misses":4,"hit_rate":0},"storage":{"hits":0,"misses":0,"hit_rate":0},"code":{"hits":0,"misses":0,"hit_rate":0,"hit_bytes":0,"miss_bytes":0}}}
INFO [06-01|17:05:49.945] Imported new potential chain segment     number=6949 hash=f30a88..042593 blocks=1 txs=0 mgas=0.000 elapsed=13.375ms   mgasps=0.000 triediffs=1.33MiB triedirty=8.40MiB
INFO [06-01|17:05:49.946] Chain head was updated                   number=6949 hash=f30a88..042593 root=75a364..662531 elapsed="68.44µs"
INFO [06-01|17:05:50.136] Submitted contract creation              hash=0x07cd13d9b7dacee7984360422c3ffa6bdc8446b569318f7d703ef7729c65f9db from=0xf39Fd6e51aad88F6F4ce6aB8827279cffFb92266 nonce=2089 contract=0x6Ad76BD51eaa41a125945218aBD920a91Afc633E value=0
INFO [06-01|17:05:50.136] Submitted transaction                    hash=0x3ab3826040df79180c50aebe98559e13153ea17457cfc8eb21c21c73b0574229 from=0xf39Fd6e51aad88F6F4ce6aB8827279cffFb92266 nonce=2090 recipient=0x875A004D7b917841799cB78851392587BbAA44C6 value=78,000,000
INFO [06-01|17:05:50.962] Starting work on payload                 id=0x03d4649fc5b9a833
INFO [06-01|17:05:51.032] Updated payload                          id=0x03d4649fc5b9a833 number=6950 hash=677c86..eb314d txs=2 withdrawals=0 gas=86852 fees=5.21112e-13 root=82fd26..60ab97 elapsed=69.173ms
INFO [06-01|17:05:51.032] Stopping work on payload                 id=0x03d4649fc5b9a833 reason=delivery
WARN [06-01|17:05:51.070] {"level":"warn","msg":"Slow block","block":{"number":6950,"hash":"0x677c86648f81a67454994f0e96fafb386b90ad15d7f1078a9740b6a3e5eb314d","gas_used":86852,"tx_count":2},"timing":{"execution_ms":0.101774,"state_read_ms":24.666432,"state_hash_ms":2.999904,"commit_ms":4.324908,"total_ms":38.219293},"throughput":{"mgas_per_sec":2.2724648517176913},"state_reads":{"accounts":11,"storage_slots":0,"code":0,"code_bytes":0},"state_writes":{"accounts":3,"accounts_deleted":0,"storage_slots":0,"storage_slots_deleted":0,"code":1,"code_bytes":157},"cache":{"account":{"hits":6,"misses":5,"hit_rate":54.54545454545454},"storage":{"hits":0,"misses":0,"hit_rate":0},"code":{"hits":0,"misses":0,"hit_rate":0,"hit_bytes":0,"miss_bytes":0}}}
INFO [06-01|17:05:51.070] Imported new potential chain segment     number=6950 hash=677c86..eb314d blocks=1 txs=2 mgas=0.087 elapsed=38.436ms   mgasps=2.260 triediffs=1.34MiB triedirty=8.40MiB
INFO [06-01|17:05:51.071] Chain head was updated                   number=6950 hash=677c86..eb314d root=82fd26..60ab97 elapsed="137.994µs"
INFO [06-01|17:05:51.159] Submitted transaction                    hash=0x85b8dddd14f6d392204c9c72c3d34e7554adcd8c5eeca0c7506bbeed6a710c1b from=0x875A004D7b917841799cB78851392587BbAA44C6 nonce=0    recipient=0x6Ad76BD51eaa41a125945218aBD920a91Afc633E value=0
INFO [06-01|17:05:52.084] Starting work on payload                 id=0x0368c60d08ac4826
INFO [06-01|17:05:52.299] Updated payload                          id=0x0368c60d08ac4826 number=6951 hash=021b3b..2190d3 txs=1 withdrawals=0 gas=5,900,240 fees=3.540144e-11 root=184d7b..bb3020 elapsed=214.723ms
INFO [06-01|17:05:52.300] Stopping work on payload                 id=0x0368c60d08ac4826 reason=delivery
WARN [06-01|17:05:52.437] {"level":"warn","msg":"Slow block","block":{"number":6951,"hash":"0x021b3bcbbe121fb488ccf76ff54f262e5b47dfb55fcc6b2ae99d40f3bb2190d3","gas_used":5900240,"tx_count":1},"timing":{"execution_ms":102.989597,"state_read_ms":26.021825,"state_hash_ms":6.822408,"commit_ms":1.32005,"total_ms":137.574996},"throughput":{"mgas_per_sec":42.88744445974761},"state_reads":{"accounts":107,"storage_slots":258,"code":101,"code_bytes":2957},"state_writes":{"accounts":2,"accounts_deleted":0,"storage_slots":0,"storage_slots_deleted":0,"code":0,"code_bytes":0},"cache":{"account":{"hits":27,"misses":80,"hit_rate":25.233644859813083},"storage":{"hits":56,"misses":202,"hit_rate":21.705426356589147},"code":{"hits":101,"misses":0,"hit_rate":100,"hit_bytes":2957,"miss_bytes":0}}}
INFO [06-01|17:05:52.437] Imported new potential chain segment     number=6951 hash=021b3b..2190d3 blocks=1 txs=1 mgas=5.900 elapsed=137.818ms   mgasps=42.812 triediffs=1.34MiB triedirty=8.40MiB
INFO [06-01|17:05:52.438] Chain head was updated                   number=6951 hash=021b3b..2190d3 root=184d7b..bb3020 elapsed="97.755µs"
INFO [06-01|17:05:53.178] Submitted transaction                    hash=0xbfc6156a37f9ac2ff9a1090cbe35b482022a8aa78147a945487a57999fa366b8 from=0x875A004D7b917841799cB78851392587BbAA44C6 nonce=1    recipient=0xf39Fd6e51aad88F6F4ce6aB8827279cffFb92266 value=1,044,880
INFO [06-01|17:05:53.456] Starting work on payload                 id=0x0318497cddd54b4e
INFO [06-01|17:05:53.476] Updated payload                          id=0x0318497cddd54b4e number=6952 hash=2b4b7b..a5c23b txs=1 withdrawals=0 gas=21000     fees=2.1e-14      root=40d729..86cfc2 elapsed=20.029ms
INFO [06-01|17:05:53.476] Stopping work on payload                 id=0x0318497cddd54b4e reason=delivery
WARN [06-01|17:05:53.498] {"level":"warn","msg":"Slow block","block":{"number":6952,"hash":"0x2b4b7b571f2d8fb4c569a985b9b1244aeeeb9d8f0c1c22ae9c445d8832a5c23b","gas_used":21000,"tx_count":1},"timing":{"execution_ms":0.058999,"state_read_ms":18.236415,"state_hash_ms":2.548383,"commit_ms":0.560186,"total_ms":21.590838},"throughput":{"mgas_per_sec":0.9726347814753646},"state_reads":{"accounts":6,"storage_slots":0,"code":0,"code_bytes":0},"state_writes":{"accounts":2,"accounts_deleted":0,"storage_slots":0,"storage_slots_deleted":0,"code":0,"code_bytes":0},"cache":{"account":{"hits":2,"misses":4,"hit_rate":33.33333333333333},"storage":{"hits":0,"misses":0,"hit_rate":0},"code":{"hits":0,"misses":0,"hit_rate":0,"hit_bytes":0,"miss_bytes":0}}}
INFO [06-01|17:05:53.498] Imported new potential chain segment     number=6952 hash=2b4b7b..a5c23b blocks=1 txs=1 mgas=0.021 elapsed=21.700ms    mgasps=0.968  triediffs=1.34MiB triedirty=8.40MiB
INFO [06-01|17:05:53.498] Chain head was updated                   number=6952 hash=2b4b7b..a5c23b root=40d729..86cfc2 elapsed="50.552µs"
INFO [06-01|17:05:54.513] Starting work on payload                 id=0x039e8b99a590c77a
INFO [06-01|17:05:54.531] Updated payload                          id=0x039e8b99a590c77a number=6953 hash=b88c3e..bae035 txs=0 withdrawals=0 gas=0         fees=0            root=40d729..86cfc2 elapsed=17.766ms
INFO [06-01|17:05:54.532] Stopping work on payload                 id=0x039e8b99a590c77a reason=delivery
