WARN [06-01|13:27:08.585] Unknown config environment variable      envvar=GETH_PBT_BIN
WARN [06-01|13:27:08.585] Unknown config environment variable      envvar=GETH_UBT_BIN
INFO [06-01|13:27:08.595] Starting Geth on Ethereum mainnet...
INFO [06-01|13:27:08.597] Maximum peer count                       ETH=0 total=0
INFO [06-01|13:27:08.598] Smartcard socket not found, disabling    err="stat /run/pcscd/pcscd.comm: no such file or directory"
WARN [06-01|13:27:08.603] Option --miner.etherbase is deprecated as the etherbase is set by the consensus client post-merge
INFO [06-01|13:27:08.607] Set global gas cap                       cap=50,000,000
INFO [06-01|13:27:09.400] Using developer account                  address=0xf39Fd6e51aad88F6F4ce6aB8827279cffFb92266
INFO [06-01|13:27:09.439] Using pebble as the backing database
INFO [06-01|13:27:09.439] Allocated cache and file handles         database=/mnt/state_expiry_vol_data/ubt-vs-pbt-dbs/pbt/geth/chaindata cache=2.00GiB handles=262,144
INFO [06-01|13:27:09.643] Opened ancient database                  database=/mnt/state_expiry_vol_data/ubt-vs-pbt-dbs/pbt/geth/chaindata/ancient/chain readonly=true
INFO [06-01|13:27:09.643] Opened Era store                         datadir=/mnt/state_expiry_vol_data/ubt-vs-pbt-dbs/pbt/geth/chaindata/ancient/chain/era
INFO [06-01|13:27:09.651] Initializing the KZG library             backend=gokzg
INFO [06-01|13:27:09.653] Allocated trie memory caches             clean=614.00MiB dirty=1.00GiB
INFO [06-01|13:27:09.661] Using pebble as the backing database
INFO [06-01|13:27:09.661] Allocated cache and file handles         database=/mnt/state_expiry_vol_data/ubt-vs-pbt-dbs/pbt/geth/chaindata cache=2.00GiB handles=262,144
INFO [06-01|13:27:09.844] Opened ancient database                  database=/mnt/state_expiry_vol_data/ubt-vs-pbt-dbs/pbt/geth/chaindata/ancient/chain readonly=false
INFO [06-01|13:27:09.844] Opened Era store                         datadir=/mnt/state_expiry_vol_data/ubt-vs-pbt-dbs/pbt/geth/chaindata/ancient/chain/era
INFO [06-01|13:27:09.851] State scheme set to already existing     scheme=path
INFO [06-01|13:27:09.851] Initialising Ethereum protocol           network=1337 dbversion=9
WARN [06-01|13:27:09.851] Sanitizing invalid node buffer size      provided=1.00GiB updated=256.00MiB
INFO [06-01|13:27:09.853] Load database journal from file          path=/mnt/state_expiry_vol_data/ubt-vs-pbt-dbs/pbt/geth/triedb/verkle.journal
INFO [06-01|13:27:09.976] Opened ancient database                  database=/mnt/state_expiry_vol_data/ubt-vs-pbt-dbs/pbt/geth/chaindata/ancient/state_verkle readonly=false
INFO [06-01|13:27:09.977] State snapshot generator is not compatible
INFO [06-01|13:27:09.977] Initialized path database                triecache=614.00MiB statecache=409.00MiB buffer=256.00MiB state-history="last 90000 blocks" journal-dir=/mnt/state_expiry_vol_data/ubt-vs-pbt-dbs/pbt/geth/triedb verkle=true
INFO [06-01|13:27:09.978] 
INFO [06-01|13:27:09.978] ---------------------------------------------------------------------------------------------------------------------------------------------------------
INFO [06-01|13:27:09.978] Chain ID:  1337 (unknown)
INFO [06-01|13:27:09.978] Consensus: unknown
INFO [06-01|13:27:09.978] 
INFO [06-01|13:27:09.978] Pre-Merge hard forks (block based):
INFO [06-01|13:27:09.978]  - Homestead:                   #0       
INFO [06-01|13:27:09.978]  - Tangerine Whistle (EIP 150): #0       
INFO [06-01|13:27:09.978]  - Spurious Dragon/1 (EIP 155): #0       
INFO [06-01|13:27:09.978]  - Spurious Dragon/2 (EIP 158): #0       
INFO [06-01|13:27:09.978]  - Byzantium:                   #0       
INFO [06-01|13:27:09.978]  - Constantinople:              #0       
INFO [06-01|13:27:09.978]  - Petersburg:                  #0       
INFO [06-01|13:27:09.978]  - Istanbul:                    #0       
INFO [06-01|13:27:09.978]  - Berlin:                      #0       
INFO [06-01|13:27:09.978]  - London:                      #0       
INFO [06-01|13:27:09.978]  - Arrow Glacier:               #0       
INFO [06-01|13:27:09.978]  - Gray Glacier:                #0       
INFO [06-01|13:27:09.978] 
INFO [06-01|13:27:09.978] Merge configured:
INFO [06-01|13:27:09.978]  - Total terminal difficulty:  0
INFO [06-01|13:27:09.978]  - Merge netsplit block:       #0       
INFO [06-01|13:27:09.978] 
INFO [06-01|13:27:09.978] Post-Merge hard forks (timestamp based):
INFO [06-01|13:27:09.978]  - Shanghai:                    @0         
INFO [06-01|13:27:09.978]  - Cancun:                      @0          blob: (target: 3, max: 6, fraction: 3338477)
INFO [06-01|13:27:09.978]  - Prague:                      @0          blob: (target: 6, max: 9, fraction: 5007716)
INFO [06-01|13:27:09.978]  - Osaka:                       @0          blob: (target: 6, max: 9, fraction: 5007716)
INFO [06-01|13:27:09.978]  - UBT:                         @0          blob: (nil)
INFO [06-01|13:27:09.978] 
INFO [06-01|13:27:09.978] All fork specifications can be found at https://ethereum.github.io/execution-specs/src/ethereum/forks/
INFO [06-01|13:27:09.978] 
INFO [06-01|13:27:09.978] ---------------------------------------------------------------------------------------------------------------------------------------------------------
INFO [06-01|13:27:09.978] 
INFO [06-01|13:27:09.979] Loaded most recent local block           number=5805 hash=3817af..e01738 age=3s
INFO [06-01|13:27:09.979] Loaded most recent local finalized block number=5792 hash=56af25..482cfc age=23s
INFO [06-01|13:27:09.980] Initialized transaction indexer          range="last 2350000 blocks"
INFO [06-01|13:27:09.980] Initialized log indexer                  firstblock=0 lastblock=5805 firstmap=0 lastmap=0 headindexed=true
INFO [06-01|13:27:10.012] Enabled full-sync                        head=5805 hash=3817af..e01738
INFO [06-01|13:27:10.012] Unprotected transactions allowed
INFO [06-01|13:27:10.012] Gasprice oracle is ignoring threshold set threshold=2
INFO [06-01|13:27:10.013] Registered sync override service
WARN [06-01|13:27:10.013] You are running Geth in --dev mode. Please note the following:
WARN [06-01|13:27:10.013] 
WARN [06-01|13:27:10.013]   1. This mode is only intended for fast, iterative development without assumptions on
WARN [06-01|13:27:10.013]      security or persistence.
WARN [06-01|13:27:10.013]   2. The database is created in memory unless specified otherwise. Therefore, shutting down
WARN [06-01|13:27:10.013]      your computer or losing power will wipe your entire block data and chain state for
WARN [06-01|13:27:10.013]      your dev environment.
WARN [06-01|13:27:10.013]   3. A random, pre-allocated developer account will be available and unlocked as
WARN [06-01|13:27:10.013]      eth.coinbase, which can be used for testing. The random dev account is temporary,
WARN [06-01|13:27:10.013]      stored on a ramdisk, and will be lost if your machine is restarted.
WARN [06-01|13:27:10.013]   4. Mining is enabled by default. However, the client will only seal blocks if transactions
WARN [06-01|13:27:10.013]      are pending in the mempool. The miner's minimum accepted gas price is 1.
WARN [06-01|13:27:10.013]   5. Networking is disabled; there is no listen-address, the maximum number of peers is set
WARN [06-01|13:27:10.013]      to 0, and discovery is disabled.
WARN [06-01|13:27:10.013] 
INFO [06-01|13:27:10.013] Starting peer-to-peer node               instance=Geth/v1.17.3-unstable/linux-amd64/go1.24.9
WARN [06-01|13:27:10.013] P2P server will be useless, neither dialing nor listening
INFO [06-01|13:27:10.041] New local node record                    seq=1,780,292,695,060 id=972c5cc0b2a1895c ip=127.0.0.1 udp=0 tcp=0
INFO [06-01|13:27:10.041] Started P2P networking                   self=enode://16ec6c0bde109d66472afe00ec8fee3d30718d830d1acf0829842abca89b82afff8a454636cde3b26d700f98647938c6f23e7bee3027caca0d7f19e4b3725e13@127.0.0.1:0
INFO [06-01|13:27:10.043] IPC endpoint opened                      url=/mnt/state_expiry_vol_data/ubt-vs-pbt-dbs/pbt/geth.ipc
ERROR[06-01|13:27:10.043] Unavailable modules in HTTP API list     unavailable=[personal] available="[admin debug web3 eth txpool miner net dev testing]"
INFO [06-01|13:27:10.044] HTTP server started                      endpoint=127.0.0.1:8545 auth=false prefix= cors= vhosts=localhost
INFO [06-01|13:27:10.044] WebSocket enabled                        url=ws://127.0.0.1:8546
INFO [06-01|13:27:10.496] Loaded local transaction journal         transactions=4017 dropped=0
INFO [06-01|13:27:10.995] Started log indexer
INFO [06-01|13:27:11.045] Starting work on payload                 id=0x038e7f9bd2c84891
INFO [06-01|13:27:11.067] Updated payload                          id=0x038e7f9bd2c84891 number=5806 hash=8c75da..4c7579 txs=0 withdrawals=0 gas=0 fees=0 root=ecbb7c..bd77b0 elapsed=22.221ms
INFO [06-01|13:27:11.068] Stopping work on payload                 id=0x038e7f9bd2c84891 reason=delivery
WARN [06-01|13:27:11.072] {"level":"warn","msg":"Slow block","block":{"number":5806,"hash":"0x8c75da93b01ae026da9906f34fae10b8c14b68494bcb9eae7476908c004c7579","gas_used":0,"tx_count":0},"timing":{"execution_ms":0.043049,"state_read_ms":3.344851,"state_hash_ms":0.002228,"commit_ms":0.225872,"total_ms":3.794007},"throughput":{"mgas_per_sec":0},"state_reads":{"accounts":4,"storage_slots":0,"code":0,"code_bytes":0},"state_writes":{"accounts":0,"accounts_deleted":0,"storage_slots":0,"storage_slots_deleted":0,"code":0,"code_bytes":0},"cache":{"account":{"hits":0,"misses":4,"hit_rate":0},"storage":{"hits":0,"misses":0,"hit_rate":0},"code":{"hits":0,"misses":0,"hit_rate":0,"hit_bytes":0,"miss_bytes":0}}}
INFO [06-01|13:27:11.072] Imported new potential chain segment     number=5806 hash=8c75da..4c7579 blocks=1 txs=0 mgas=0.000 elapsed=4.201ms  mgasps=0.000 triediffs=4.18MiB triedirty=1.95MiB
INFO [06-01|13:27:11.072] Chain head was updated                   number=5806 hash=8c75da..4c7579 root=ecbb7c..bd77b0 elapsed="143.209µs"
INFO [06-01|13:27:12.080] Starting work on payload                 id=0x0339ddb11d7d1780
INFO [06-01|13:27:12.097] Updated payload                          id=0x0339ddb11d7d1780 number=5807 hash=167cd1..27c2ec txs=0 withdrawals=0 gas=0 fees=0 root=ecbb7c..bd77b0 elapsed=16.930ms
INFO [06-01|13:27:12.097] Stopping work on payload                 id=0x0339ddb11d7d1780 reason=delivery
WARN [06-01|13:27:12.113] {"level":"warn","msg":"Slow block","block":{"number":5807,"hash":"0x167cd10953905bcbdda95e56eecfe5d8c04e4a2e7b56d32c76d7a526cf27c2ec","gas_used":0,"tx_count":0},"timing":{"execution_ms":0.02941,"state_read_ms":16.020123,"state_hash_ms":0.001681,"commit_ms":0.143383,"total_ms":16.372791},"throughput":{"mgas_per_sec":0},"state_reads":{"accounts":4,"storage_slots":0,"code":0,"code_bytes":0},"state_writes":{"accounts":0,"accounts_deleted":0,"storage_slots":0,"storage_slots_deleted":0,"code":0,"code_bytes":0},"cache":{"account":{"hits":0,"misses":4,"hit_rate":0},"storage":{"hits":0,"misses":0,"hit_rate":0},"code":{"hits":0,"misses":0,"hit_rate":0,"hit_bytes":0,"miss_bytes":0}}}
INFO [06-01|13:27:12.113] Imported new potential chain segment     number=5807 hash=167cd1..27c2ec blocks=1 txs=0 mgas=0.000 elapsed=16.541ms    mgasps=0.000 triediffs=4.18MiB triedirty=1.95MiB
INFO [06-01|13:27:12.114] Chain head was updated                   number=5807 hash=167cd1..27c2ec root=ecbb7c..bd77b0 elapsed="39.776µs"
INFO [06-01|13:27:13.136] Starting work on payload                 id=0x0372f3907f3e3bb4
INFO [06-01|13:27:13.158] Updated payload                          id=0x0372f3907f3e3bb4 number=5808 hash=e0e875..27e381 txs=0 withdrawals=0 gas=0 fees=0 root=ecbb7c..bd77b0 elapsed=21.565ms
INFO [06-01|13:27:13.158] Stopping work on payload                 id=0x0372f3907f3e3bb4 reason=delivery
WARN [06-01|13:27:13.173] {"level":"warn","msg":"Slow block","block":{"number":5808,"hash":"0xe0e875a2f9739dfaef15caeaa36c6d9d1376f86afc24f5aa8553c202c527e381","gas_used":0,"tx_count":0},"timing":{"execution_ms":0.064667,"state_read_ms":10.406544,"state_hash_ms":0.002696,"commit_ms":0.152682,"total_ms":14.506209},"throughput":{"mgas_per_sec":0},"state_reads":{"accounts":4,"storage_slots":0,"code":0,"code_bytes":0},"state_writes":{"accounts":0,"accounts_deleted":0,"storage_slots":0,"storage_slots_deleted":0,"code":0,"code_bytes":0},"cache":{"account":{"hits":0,"misses":4,"hit_rate":0},"storage":{"hits":0,"misses":0,"hit_rate":0},"code":{"hits":0,"misses":0,"hit_rate":0,"hit_bytes":0,"miss_bytes":0}}}
INFO [06-01|13:27:13.173] Imported new potential chain segment     number=5808 hash=e0e875..27e381 blocks=1 txs=0 mgas=0.000 elapsed=14.710ms    mgasps=0.000 triediffs=4.18MiB triedirty=1.95MiB
INFO [06-01|13:27:13.174] Chain head was updated                   number=5808 hash=e0e875..27e381 root=ecbb7c..bd77b0 elapsed="40.399µs"
INFO [06-01|13:27:13.542] Submitted contract creation              hash=0x759af3a946cf1a250e5762a1bb08fde8a2485464f40cee9d622b613c79156405 from=0xf39Fd6e51aad88F6F4ce6aB8827279cffFb92266 nonce=1753 contract=0x9564cec2C8b2Da954D2F0B1D4A777978759B945c value=0
INFO [06-01|13:27:13.542] Submitted transaction                    hash=0x0748059e347f5198c617bcd500191b1f85345f2f0385b6d03b0bdc00eb227fb4 from=0xf39Fd6e51aad88F6F4ce6aB8827279cffFb92266 nonce=1754 recipient=0x96d95b1E0d63E0B21F4D17eFa53D36d9EbcAf64c value=78,000,000
INFO [06-01|13:27:14.193] Starting work on payload                 id=0x0390f11d67dd0d0c
INFO [06-01|13:27:14.237] Updated payload                          id=0x0390f11d67dd0d0c number=5809 hash=e4b0d5..7444ec txs=2 withdrawals=0 gas=86938 fees=5.21628e-13 root=57bb85..f0ee09 elapsed=44.549ms
INFO [06-01|13:27:14.238] Stopping work on payload                 id=0x0390f11d67dd0d0c reason=delivery
WARN [06-01|13:27:14.273] {"level":"warn","msg":"Slow block","block":{"number":5809,"hash":"0xe4b0d5e211ce55f6fc601d3e1b9dae9aff42d19d7f9e20ba6a5d9c14657444ec","gas_used":86938,"tx_count":2},"timing":{"execution_ms":0.112494,"state_read_ms":18.999793,"state_hash_ms":3.608888,"commit_ms":5.547627,"total_ms":35.176593},"throughput":{"mgas_per_sec":2.47147300479043},"state_reads":{"accounts":11,"storage_slots":0,"code":0,"code_bytes":0},"state_writes":{"accounts":3,"accounts_deleted":0,"storage_slots":0,"storage_slots_deleted":0,"code":1,"code_bytes":165},"cache":{"account":{"hits":6,"misses":5,"hit_rate":54.54545454545454},"storage":{"hits":0,"misses":0,"hit_rate":0},"code":{"hits":0,"misses":0,"hit_rate":0,"hit_bytes":0,"miss_bytes":0}}}
INFO [06-01|13:27:14.273] Imported new potential chain segment     number=5809 hash=e4b0d5..7444ec blocks=1 txs=2 mgas=0.087 elapsed=35.348ms    mgasps=2.459 triediffs=4.18MiB triedirty=1.95MiB
INFO [06-01|13:27:14.273] Chain head was updated                   number=5809 hash=e4b0d5..7444ec root=57bb85..f0ee09 elapsed="181.669µs"
INFO [06-01|13:27:14.555] Submitted transaction                    hash=0x82958958eeee4de618b2797aaa70cb66e429e4c2fc1409eba37b6bc04c5046a6 from=0x96d95b1E0d63E0B21F4D17eFa53D36d9EbcAf64c nonce=0    recipient=0x9564cec2C8b2Da954D2F0B1D4A777978759B945c value=0
INFO [06-01|13:27:15.288] Starting work on payload                 id=0x0388f66ba32870b2
INFO [06-01|13:27:15.341] Updated payload                          id=0x0388f66ba32870b2 number=5810 hash=2ff737..cd6984 txs=1 withdrawals=0 gas=5,919,370 fees=3.551622e-11 root=b05274..c502d9 elapsed=52.850ms
INFO [06-01|13:27:15.341] Stopping work on payload                 id=0x0388f66ba32870b2 reason=delivery
WARN [06-01|13:27:15.380] {"level":"warn","msg":"Slow block","block":{"number":5810,"hash":"0x2ff737a4ee2bfd4b61f393aadf01ed57f4d212255de7cec9eadd2ec877cd6984","gas_used":5919370,"tx_count":1},"timing":{"execution_ms":4.694225,"state_read_ms":9.394883,"state_hash_ms":19.279767,"commit_ms":2.582244,"total_ms":38.32084},"throughput":{"mgas_per_sec":154.46869118735393},"state_reads":{"accounts":17,"storage_slots":283,"code":11,"code_bytes":445},"state_writes":{"accounts":12,"accounts_deleted":0,"storage_slots":254,"storage_slots_deleted":0,"code":0,"code_bytes":0},"cache":{"account":{"hits":5,"misses":12,"hit_rate":29.411764705882355},"storage":{"hits":76,"misses":207,"hit_rate":26.855123674911663},"code":{"hits":11,"misses":0,"hit_rate":100,"hit_bytes":445,"miss_bytes":0}}}
INFO [06-01|13:27:15.380] Imported new potential chain segment     number=5810 hash=2ff737..cd6984 blocks=1 txs=1 mgas=5.919 elapsed=38.500ms    mgasps=153.749 triediffs=4.30MiB triedirty=1.95MiB
INFO [06-01|13:27:15.380] Chain head was updated                   number=5810 hash=2ff737..cd6984 root=b05274..c502d9 elapsed="69.3µs"
INFO [06-01|13:27:15.569] Submitted transaction                    hash=0x514272441f4c708e55ba31a702aff9411caf7b1944f93b124b489eaaaba82dd4 from=0x96d95b1E0d63E0B21F4D17eFa53D36d9EbcAf64c nonce=1    recipient=0xf39Fd6e51aad88F6F4ce6aB8827279cffFb92266 value=796,190
INFO [06-01|13:27:16.394] Starting work on payload                 id=0x03b968f4a041fe90
INFO [06-01|13:27:16.412] Updated payload                          id=0x03b968f4a041fe90 number=5811 hash=0426e3..2adcc9 txs=1 withdrawals=0 gas=21000     fees=2.1e-14      root=82b387..fe3db4 elapsed=17.585ms
INFO [06-01|13:27:16.412] Stopping work on payload                 id=0x03b968f4a041fe90 reason=delivery
WARN [06-01|13:27:16.437] {"level":"warn","msg":"Slow block","block":{"number":5811,"hash":"0x0426e3b2bd01e83253900a730ecf10c6f90be41dbd5ab5b9702dfdaeda2adcc9","gas_used":21000,"tx_count":1},"timing":{"execution_ms":0.066173,"state_read_ms":21.388724,"state_hash_ms":2.379142,"commit_ms":0.497078,"total_ms":24.509597},"throughput":{"mgas_per_sec":0.8568072335093881},"state_reads":{"accounts":6,"storage_slots":0,"code":0,"code_bytes":0},"state_writes":{"accounts":2,"accounts_deleted":0,"storage_slots":0,"storage_slots_deleted":0,"code":0,"code_bytes":0},"cache":{"account":{"hits":2,"misses":4,"hit_rate":33.33333333333333},"storage":{"hits":0,"misses":0,"hit_rate":0},"code":{"hits":0,"misses":0,"hit_rate":0,"hit_bytes":0,"miss_bytes":0}}}
INFO [06-01|13:27:16.437] Imported new potential chain segment     number=5811 hash=0426e3..2adcc9 blocks=1 txs=1 mgas=0.021 elapsed=24.639ms    mgasps=0.852   triediffs=4.29MiB triedirty=1.95MiB
INFO [06-01|13:27:16.437] Chain head was updated                   number=5811 hash=0426e3..2adcc9 root=82b387..fe3db4 elapsed="127.576µs"
