WARN [06-01|13:43:38.106] Unknown config environment variable      envvar=GETH_PBT_BIN
WARN [06-01|13:43:38.106] Unknown config environment variable      envvar=GETH_UBT_BIN
INFO [06-01|13:43:38.119] Starting Geth on Ethereum mainnet...
INFO [06-01|13:43:38.121] Maximum peer count                       ETH=0 total=0
INFO [06-01|13:43:38.122] Smartcard socket not found, disabling    err="stat /run/pcscd/pcscd.comm: no such file or directory"
WARN [06-01|13:43:38.127] Option --miner.etherbase is deprecated as the etherbase is set by the consensus client post-merge
INFO [06-01|13:43:38.130] Set global gas cap                       cap=50,000,000
INFO [06-01|13:43:38.961] Using developer account                  address=0xf39Fd6e51aad88F6F4ce6aB8827279cffFb92266
INFO [06-01|13:43:38.999] Using pebble as the backing database
INFO [06-01|13:43:38.999] Allocated cache and file handles         database=/mnt/state_expiry_vol_data/ubt-vs-pbt-dbs/pbt/geth/chaindata cache=2.00GiB handles=262,144
INFO [06-01|13:43:39.220] Opened ancient database                  database=/mnt/state_expiry_vol_data/ubt-vs-pbt-dbs/pbt/geth/chaindata/ancient/chain readonly=true
INFO [06-01|13:43:39.220] Opened Era store                         datadir=/mnt/state_expiry_vol_data/ubt-vs-pbt-dbs/pbt/geth/chaindata/ancient/chain/era
INFO [06-01|13:43:39.227] Initializing the KZG library             backend=gokzg
INFO [06-01|13:43:39.228] Allocated trie memory caches             clean=614.00MiB dirty=1.00GiB
INFO [06-01|13:43:39.237] Using pebble as the backing database
INFO [06-01|13:43:39.237] Allocated cache and file handles         database=/mnt/state_expiry_vol_data/ubt-vs-pbt-dbs/pbt/geth/chaindata cache=2.00GiB handles=262,144
INFO [06-01|13:43:39.440] Opened ancient database                  database=/mnt/state_expiry_vol_data/ubt-vs-pbt-dbs/pbt/geth/chaindata/ancient/chain readonly=false
INFO [06-01|13:43:39.440] Opened Era store                         datadir=/mnt/state_expiry_vol_data/ubt-vs-pbt-dbs/pbt/geth/chaindata/ancient/chain/era
INFO [06-01|13:43:39.450] State scheme set to already existing     scheme=path
INFO [06-01|13:43:39.451] Initialising Ethereum protocol           network=1337 dbversion=9
WARN [06-01|13:43:39.451] Sanitizing invalid node buffer size      provided=1.00GiB updated=256.00MiB
INFO [06-01|13:43:39.452] Load database journal from file          path=/mnt/state_expiry_vol_data/ubt-vs-pbt-dbs/pbt/geth/triedb/verkle.journal
INFO [06-01|13:43:39.608] Opened ancient database                  database=/mnt/state_expiry_vol_data/ubt-vs-pbt-dbs/pbt/geth/chaindata/ancient/state_verkle readonly=false
INFO [06-01|13:43:39.610] State snapshot generator is not compatible
INFO [06-01|13:43:39.610] Initialized path database                triecache=614.00MiB statecache=409.00MiB buffer=256.00MiB state-history="last 90000 blocks" journal-dir=/mnt/state_expiry_vol_data/ubt-vs-pbt-dbs/pbt/geth/triedb verkle=true
INFO [06-01|13:43:39.610] 
INFO [06-01|13:43:39.610] ---------------------------------------------------------------------------------------------------------------------------------------------------------
INFO [06-01|13:43:39.610] Chain ID:  1337 (unknown)
INFO [06-01|13:43:39.610] Consensus: unknown
INFO [06-01|13:43:39.610] 
INFO [06-01|13:43:39.610] Pre-Merge hard forks (block based):
INFO [06-01|13:43:39.610]  - Homestead:                   #0       
INFO [06-01|13:43:39.610]  - Tangerine Whistle (EIP 150): #0       
INFO [06-01|13:43:39.610]  - Spurious Dragon/1 (EIP 155): #0       
INFO [06-01|13:43:39.610]  - Spurious Dragon/2 (EIP 158): #0       
INFO [06-01|13:43:39.610]  - Byzantium:                   #0       
INFO [06-01|13:43:39.610]  - Constantinople:              #0       
INFO [06-01|13:43:39.610]  - Petersburg:                  #0       
INFO [06-01|13:43:39.610]  - Istanbul:                    #0       
INFO [06-01|13:43:39.610]  - Berlin:                      #0       
INFO [06-01|13:43:39.610]  - London:                      #0       
INFO [06-01|13:43:39.610]  - Arrow Glacier:               #0       
INFO [06-01|13:43:39.610]  - Gray Glacier:                #0       
INFO [06-01|13:43:39.610] 
INFO [06-01|13:43:39.610] Merge configured:
INFO [06-01|13:43:39.610]  - Total terminal difficulty:  0
INFO [06-01|13:43:39.610]  - Merge netsplit block:       #0       
INFO [06-01|13:43:39.610] 
INFO [06-01|13:43:39.610] Post-Merge hard forks (timestamp based):
INFO [06-01|13:43:39.610]  - Shanghai:                    @0         
INFO [06-01|13:43:39.610]  - Cancun:                      @0          blob: (target: 3, max: 6, fraction: 3338477)
INFO [06-01|13:43:39.610]  - Prague:                      @0          blob: (target: 6, max: 9, fraction: 5007716)
INFO [06-01|13:43:39.610]  - Osaka:                       @0          blob: (target: 6, max: 9, fraction: 5007716)
INFO [06-01|13:43:39.610]  - UBT:                         @0          blob: (nil)
INFO [06-01|13:43:39.610] 
INFO [06-01|13:43:39.610] All fork specifications can be found at https://ethereum.github.io/execution-specs/src/ethereum/forks/
INFO [06-01|13:43:39.610] 
INFO [06-01|13:43:39.610] ---------------------------------------------------------------------------------------------------------------------------------------------------------
INFO [06-01|13:43:39.610] 
INFO [06-01|13:43:39.612] Loaded most recent local block           number=6429 hash=283390..c8092d age=3s
INFO [06-01|13:43:39.612] Loaded most recent local finalized block number=6400 hash=023fa6..027f64 age=48s
INFO [06-01|13:43:39.613] Initialized transaction indexer          range="last 2350000 blocks"
INFO [06-01|13:43:39.613] Initialized log indexer                  firstblock=0 lastblock=6429 firstmap=0 lastmap=0 headindexed=true
INFO [06-01|13:43:39.653] Enabled full-sync                        head=6429 hash=283390..c8092d
INFO [06-01|13:43:39.653] Unprotected transactions allowed
INFO [06-01|13:43:39.653] Gasprice oracle is ignoring threshold set threshold=2
INFO [06-01|13:43:39.654] Registered sync override service
WARN [06-01|13:43:39.654] You are running Geth in --dev mode. Please note the following:
WARN [06-01|13:43:39.654] 
WARN [06-01|13:43:39.654]   1. This mode is only intended for fast, iterative development without assumptions on
WARN [06-01|13:43:39.654]      security or persistence.
WARN [06-01|13:43:39.654]   2. The database is created in memory unless specified otherwise. Therefore, shutting down
WARN [06-01|13:43:39.654]      your computer or losing power will wipe your entire block data and chain state for
WARN [06-01|13:43:39.654]      your dev environment.
WARN [06-01|13:43:39.654]   3. A random, pre-allocated developer account will be available and unlocked as
WARN [06-01|13:43:39.654]      eth.coinbase, which can be used for testing. The random dev account is temporary,
WARN [06-01|13:43:39.654]      stored on a ramdisk, and will be lost if your machine is restarted.
WARN [06-01|13:43:39.654]   4. Mining is enabled by default. However, the client will only seal blocks if transactions
WARN [06-01|13:43:39.654]      are pending in the mempool. The miner's minimum accepted gas price is 1.
WARN [06-01|13:43:39.654]   5. Networking is disabled; there is no listen-address, the maximum number of peers is set
WARN [06-01|13:43:39.654]      to 0, and discovery is disabled.
WARN [06-01|13:43:39.654] 
INFO [06-01|13:43:39.654] Starting peer-to-peer node               instance=Geth/v1.17.3-unstable/linux-amd64/go1.24.9
WARN [06-01|13:43:39.654] P2P server will be useless, neither dialing nor listening
INFO [06-01|13:43:39.700] New local node record                    seq=1,780,292,695,154 id=972c5cc0b2a1895c ip=127.0.0.1 udp=0 tcp=0
INFO [06-01|13:43:39.700] Started P2P networking                   self=enode://16ec6c0bde109d66472afe00ec8fee3d30718d830d1acf0829842abca89b82afff8a454636cde3b26d700f98647938c6f23e7bee3027caca0d7f19e4b3725e13@127.0.0.1:0
INFO [06-01|13:43:39.700] IPC endpoint opened                      url=/mnt/state_expiry_vol_data/ubt-vs-pbt-dbs/pbt/geth.ipc
ERROR[06-01|13:43:39.700] Unavailable modules in HTTP API list     unavailable=[personal] available="[admin debug web3 eth txpool miner net dev testing]"
INFO [06-01|13:43:39.701] HTTP server started                      endpoint=127.0.0.1:8545 auth=false prefix= cors= vhosts=localhost
INFO [06-01|13:43:39.701] WebSocket enabled                        url=ws://127.0.0.1:8546
INFO [06-01|13:43:40.177] Loaded local transaction journal         transactions=4393 dropped=0
INFO [06-01|13:43:40.654] Started log indexer
INFO [06-01|13:43:40.715] Starting work on payload                 id=0x03799627b5d4b0a4
INFO [06-01|13:43:40.735] Updated payload                          id=0x03799627b5d4b0a4 number=6430 hash=61a6cf..27273f txs=0 withdrawals=0 gas=0 fees=0 root=a100bd..b959c8 elapsed=19.638ms
INFO [06-01|13:43:40.735] Stopping work on payload                 id=0x03799627b5d4b0a4 reason=delivery
WARN [06-01|13:43:40.745] {"level":"warn","msg":"Slow block","block":{"number":6430,"hash":"0x61a6cfa137867be1922153689ae0fd7092cb27d603347a2000ad51b94c27273f","gas_used":0,"tx_count":0},"timing":{"execution_ms":0.466042,"state_read_ms":8.51439,"state_hash_ms":0.001953,"commit_ms":0.177675,"total_ms":9.335243},"throughput":{"mgas_per_sec":0},"state_reads":{"accounts":4,"storage_slots":0,"code":0,"code_bytes":0},"state_writes":{"accounts":0,"accounts_deleted":0,"storage_slots":0,"storage_slots_deleted":0,"code":0,"code_bytes":0},"cache":{"account":{"hits":0,"misses":4,"hit_rate":0},"storage":{"hits":0,"misses":0,"hit_rate":0},"code":{"hits":0,"misses":0,"hit_rate":0,"hit_bytes":0,"miss_bytes":0}}}
INFO [06-01|13:43:40.745] Imported new potential chain segment     number=6430 hash=61a6cf..27273f blocks=1 txs=0 mgas=0.000 elapsed=9.690ms  mgasps=0.000 triediffs=3.07MiB triedirty=7.21MiB
INFO [06-01|13:43:40.745] Chain head was updated                   number=6430 hash=61a6cf..27273f root=a100bd..b959c8 elapsed="77.714µs"
INFO [06-01|13:43:41.750] Starting work on payload                 id=0x032060ef31bba52c
INFO [06-01|13:43:41.769] Updated payload                          id=0x032060ef31bba52c number=6431 hash=785a50..05f5d0 txs=0 withdrawals=0 gas=0 fees=0 root=a100bd..b959c8 elapsed=19.187ms
INFO [06-01|13:43:41.770] Stopping work on payload                 id=0x032060ef31bba52c reason=delivery
WARN [06-01|13:43:41.790] {"level":"warn","msg":"Slow block","block":{"number":6431,"hash":"0x785a500643921011f9fda6d48b9309f29910d8e891c22edeac27f381b105f5d0","gas_used":0,"tx_count":0},"timing":{"execution_ms":0.03698,"state_read_ms":19.23909,"state_hash_ms":0.001873,"commit_ms":0.139122,"total_ms":19.664747},"throughput":{"mgas_per_sec":0},"state_reads":{"accounts":4,"storage_slots":0,"code":0,"code_bytes":0},"state_writes":{"accounts":0,"accounts_deleted":0,"storage_slots":0,"storage_slots_deleted":0,"code":0,"code_bytes":0},"cache":{"account":{"hits":0,"misses":4,"hit_rate":0},"storage":{"hits":0,"misses":0,"hit_rate":0},"code":{"hits":0,"misses":0,"hit_rate":0,"hit_bytes":0,"miss_bytes":0}}}
INFO [06-01|13:43:41.790] Imported new potential chain segment     number=6431 hash=785a50..05f5d0 blocks=1 txs=0 mgas=0.000 elapsed=20.324ms   mgasps=0.000 triediffs=3.07MiB triedirty=7.21MiB
INFO [06-01|13:43:41.790] Chain head was updated                   number=6431 hash=785a50..05f5d0 root=a100bd..b959c8 elapsed="39.158µs"
INFO [06-01|13:43:42.814] Starting work on payload                 id=0x038bf413b2c5f7f3
INFO [06-01|13:43:42.837] Updated payload                          id=0x038bf413b2c5f7f3 number=6432 hash=7c377a..213cd3 txs=0 withdrawals=0 gas=0 fees=0 root=a100bd..b959c8 elapsed=23.536ms
INFO [06-01|13:43:42.837] Stopping work on payload                 id=0x038bf413b2c5f7f3 reason=delivery
WARN [06-01|13:43:42.844] {"level":"warn","msg":"Slow block","block":{"number":6432,"hash":"0x7c377ab51d190fb1d05104b23af7e179f814f69fd36ea50a6bb440204f213cd3","gas_used":0,"tx_count":0},"timing":{"execution_ms":0.035581,"state_read_ms":3.015702,"state_hash_ms":0.002739,"commit_ms":1.308062,"total_ms":5.985324},"throughput":{"mgas_per_sec":0},"state_reads":{"accounts":4,"storage_slots":0,"code":0,"code_bytes":0},"state_writes":{"accounts":0,"accounts_deleted":0,"storage_slots":0,"storage_slots_deleted":0,"code":0,"code_bytes":0},"cache":{"account":{"hits":0,"misses":4,"hit_rate":0},"storage":{"hits":0,"misses":0,"hit_rate":0},"code":{"hits":0,"misses":0,"hit_rate":0,"hit_bytes":0,"miss_bytes":0}}}
INFO [06-01|13:43:42.844] Imported new potential chain segment     number=6432 hash=7c377a..213cd3 blocks=1 txs=0 mgas=0.000 elapsed=6.180ms    mgasps=0.000 triediffs=3.07MiB triedirty=7.21MiB
INFO [06-01|13:43:42.844] Chain head was updated                   number=6432 hash=7c377a..213cd3 root=a100bd..b959c8 elapsed="81.056µs"
INFO [06-01|13:43:43.199] Submitted contract creation              hash=0xefcf404e9787928f07ecd4882562e498ccb67fa9fe95d05857d644cf0589e411 from=0xf39Fd6e51aad88F6F4ce6aB8827279cffFb92266 nonce=1941 contract=0x5A887c0A3450DcFD7bdA656894Aeba6272BA5bA7 value=0
INFO [06-01|13:43:43.199] Submitted transaction                    hash=0x0dc3850d7652cb32a8b080db3089cd3f1f5886d9ac80b661fd71ea4cde536266 from=0xf39Fd6e51aad88F6F4ce6aB8827279cffFb92266 nonce=1942 recipient=0x703c44bA5A7f8916391Ced89Ef5bc6c2e1c87683 value=78,000,000
INFO [06-01|13:43:43.866] Starting work on payload                 id=0x030fa6c9521110a8
INFO [06-01|13:43:43.917] Updated payload                          id=0x030fa6c9521110a8 number=6433 hash=cc807a..d0730c txs=2 withdrawals=0 gas=91710 fees=5.5026e-13 root=666d95..df0bf4 elapsed=50.744ms
INFO [06-01|13:43:43.918] Stopping work on payload                 id=0x030fa6c9521110a8 reason=delivery
WARN [06-01|13:43:43.960] {"level":"warn","msg":"Slow block","block":{"number":6433,"hash":"0xcc807aa7fdb711bdc7b9136e9fe094ddd387f86dfbd975b2c181f4e89fd0730c","gas_used":91710,"tx_count":2},"timing":{"execution_ms":0.116456,"state_read_ms":23.075392,"state_hash_ms":10.472841,"commit_ms":8.69297,"total_ms":42.521821},"throughput":{"mgas_per_sec":2.1567749885405894},"state_reads":{"accounts":11,"storage_slots":0,"code":0,"code_bytes":0},"state_writes":{"accounts":3,"accounts_deleted":0,"storage_slots":0,"storage_slots_deleted":0,"code":1,"code_bytes":305},"cache":{"account":{"hits":5,"misses":6,"hit_rate":45.45454545454545},"storage":{"hits":0,"misses":0,"hit_rate":0},"code":{"hits":0,"misses":0,"hit_rate":0,"hit_bytes":0,"miss_bytes":0}}}
INFO [06-01|13:43:43.960] Imported new potential chain segment     number=6433 hash=cc807a..d0730c blocks=1 txs=2 mgas=0.092 elapsed=42.709ms   mgasps=2.147 triediffs=3.05MiB triedirty=7.22MiB
INFO [06-01|13:43:43.961] Chain head was updated                   number=6433 hash=cc807a..d0730c root=666d95..df0bf4 elapsed="215.604µs"
INFO [06-01|13:43:44.211] Submitted transaction                    hash=0x2e6ed1bbac83754be113d186d1df126e5a5593e18bc2f8128df8c6b54fffd25b from=0x703c44bA5A7f8916391Ced89Ef5bc6c2e1c87683 nonce=0    recipient=0x5A887c0A3450DcFD7bdA656894Aeba6272BA5bA7 value=0
INFO [06-01|13:43:44.974] Starting work on payload                 id=0x038d6636f6250b33
INFO [06-01|13:43:45.139] Updated payload                          id=0x038d6636f6250b33 number=6434 hash=cf8a94..737dd5 txs=1 withdrawals=0 gas=5,920,754 fees=3.5524524e-11 root=63c062..dd3589 elapsed=164.524ms
INFO [06-01|13:43:45.141] Stopping work on payload                 id=0x038d6636f6250b33 reason=delivery
WARN [06-01|13:43:45.231] {"level":"warn","msg":"Slow block","block":{"number":6434,"hash":"0xcf8a94af7937ebb8620c73e5cff4daf7bdbb632d58f300803189456417737dd5","gas_used":5920754,"tx_count":1},"timing":{"execution_ms":51.916522,"state_read_ms":15.294023,"state_hash_ms":12.124791,"commit_ms":1.499931,"total_ms":92.123535},"throughput":{"mgas_per_sec":64.26972217251542},"state_reads":{"accounts":107,"storage_slots":785,"code":101,"code_bytes":3105},"state_writes":{"accounts":11,"accounts_deleted":0,"storage_slots":77,"storage_slots_deleted":0,"code":0,"code_bytes":0},"cache":{"account":{"hits":9,"misses":98,"hit_rate":8.411214953271028},"storage":{"hits":17,"misses":768,"hit_rate":2.1656050955414012},"code":{"hits":101,"misses":0,"hit_rate":100,"hit_bytes":3105,"miss_bytes":0}}}
INFO [06-01|13:43:45.231] Imported new potential chain segment     number=6434 hash=cf8a94..737dd5 blocks=1 txs=1 mgas=5.921 elapsed=92.316ms    mgasps=64.136 triediffs=3.15MiB triedirty=7.22MiB
INFO [06-01|13:43:45.232] Chain head was updated                   number=6434 hash=cf8a94..737dd5 root=63c062..dd3589 elapsed="100.204µs"
INFO [06-01|13:43:46.245] Starting work on payload                 id=0x0307ee130f73d47d
INFO [06-01|13:43:46.249] Submitted transaction                    hash=0x982b1dc44f9369ba392ce846dcd744203e71cfe3d6e8d5adc8fed1c3cddaf5a7 from=0x703c44bA5A7f8916391Ced89Ef5bc6c2e1c87683 nonce=1    recipient=0xf39Fd6e51aad88F6F4ce6aB8827279cffFb92266 value=778,198
INFO [06-01|13:43:46.253] Updated payload                          id=0x0307ee130f73d47d number=6435 hash=403088..db45b7 txs=0 withdrawals=0 gas=0         fees=0             root=63c062..dd3589 elapsed=8.018ms
INFO [06-01|13:43:46.255] Stopping work on payload                 id=0x0307ee130f73d47d reason=delivery
WARN [06-01|13:43:46.266] {"level":"warn","msg":"Slow block","block":{"number":6435,"hash":"0x403088615bdb00e9c43705027eea4e5b762a46c80fcdbf58cb4835349bdb45b7","gas_used":0,"tx_count":0},"timing":{"execution_ms":0.032667,"state_read_ms":12.367167,"state_hash_ms":0.002608,"commit_ms":0.250629,"total_ms":12.820048},"throughput":{"mgas_per_sec":0},"state_reads":{"accounts":4,"storage_slots":0,"code":0,"code_bytes":0},"state_writes":{"accounts":0,"accounts_deleted":0,"storage_slots":0,"storage_slots_deleted":0,"code":0,"code_bytes":0},"cache":{"account":{"hits":0,"misses":4,"hit_rate":0},"storage":{"hits":0,"misses":0,"hit_rate":0},"code":{"hits":0,"misses":0,"hit_rate":0,"hit_bytes":0,"miss_bytes":0}}}
INFO [06-01|13:43:46.267] Imported new potential chain segment     number=6435 hash=403088..db45b7 blocks=1 txs=0 mgas=0.000 elapsed=12.984ms    mgasps=0.000  triediffs=3.15MiB triedirty=7.22MiB
INFO [06-01|13:43:46.267] Chain head was updated                   number=6435 hash=403088..db45b7 root=63c062..dd3589 elapsed="68.937µs"
INFO [06-01|13:43:47.272] Starting work on payload                 id=0x0377653fac9613bc
INFO [06-01|13:43:47.297] Updated payload                          id=0x0377653fac9613bc number=6436 hash=571118..4e44da txs=1 withdrawals=0 gas=21000     fees=2.1e-14       root=c8df6f..1f323c elapsed=25.076ms
INFO [06-01|13:43:47.297] Stopping work on payload                 id=0x0377653fac9613bc reason=delivery
WARN [06-01|13:43:47.320] {"level":"warn","msg":"Slow block","block":{"number":6436,"hash":"0x5711182988add058e78a1ccd19602ab4af7e962085d78ede53e9bde0f94e44da","gas_used":21000,"tx_count":1},"timing":{"execution_ms":0.08725,"state_read_ms":9.001549,"state_hash_ms":7.329092,"commit_ms":0.486753,"total_ms":22.061361},"throughput":{"mgas_per_sec":0.9518905021317587},"state_reads":{"accounts":6,"storage_slots":0,"code":0,"code_bytes":0},"state_writes":{"accounts":2,"accounts_deleted":0,"storage_slots":0,"storage_slots_deleted":0,"code":0,"code_bytes":0},"cache":{"account":{"hits":2,"misses":4,"hit_rate":33.33333333333333},"storage":{"hits":0,"misses":0,"hit_rate":0},"code":{"hits":0,"misses":0,"hit_rate":0,"hit_bytes":0,"miss_bytes":0}}}
INFO [06-01|13:43:47.320] Imported new potential chain segment     number=6436 hash=571118..4e44da blocks=1 txs=1 mgas=0.021 elapsed=22.227ms    mgasps=0.945  triediffs=3.14MiB triedirty=7.23MiB
INFO [06-01|13:43:47.320] Chain head was updated                   number=6436 hash=571118..4e44da root=c8df6f..1f323c elapsed="51.546µs"
INFO [06-01|13:43:48.338] Starting work on payload                 id=0x031f95bc53dc58f2
INFO [06-01|13:43:48.353] Updated payload                          id=0x031f95bc53dc58f2 number=6437 hash=f773af..bd24b3 txs=0 withdrawals=0 gas=0         fees=0             root=c8df6f..1f323c elapsed=15.094ms
INFO [06-01|13:43:48.355] Stopping work on payload                 id=0x031f95bc53dc58f2 reason=delivery
WARN [06-01|13:43:48.379] {"level":"warn","msg":"Slow block","block":{"number":6437,"hash":"0xf773af617684e0572e0fd519a8455962dd2c13101e0bb6cf3b76231008bd24b3","gas_used":0,"tx_count":0},"timing":{"execution_ms":0.050027,"state_read_ms":23.120341,"state_hash_ms":0.002861,"commit_ms":0.130967,"total_ms":25.047736},"throughput":{"mgas_per_sec":0},"state_reads":{"accounts":4,"storage_slots":0,"code":0,"code_bytes":0},"state_writes":{"accounts":0,"accounts_deleted":0,"storage_slots":0,"storage_slots_deleted":0,"code":0,"code_bytes":0},"cache":{"account":{"hits":0,"misses":4,"hit_rate":0},"storage":{"hits":0,"misses":0,"hit_rate":0},"code":{"hits":0,"misses":0,"hit_rate":0,"hit_bytes":0,"miss_bytes":0}}}
INFO [06-01|13:43:48.379] Imported new potential chain segment     number=6437 hash=f773af..bd24b3 blocks=1 txs=0 mgas=0.000 elapsed=25.201ms    mgasps=0.000  triediffs=3.14MiB triedirty=7.23MiB
INFO [06-01|13:43:48.379] Chain head was updated                   number=6437 hash=f773af..bd24b3 root=c8df6f..1f323c elapsed="45.106µs"
