WARN [06-01|13:09:50.910] Unknown config environment variable      envvar=GETH_PBT_BIN
WARN [06-01|13:09:50.910] Unknown config environment variable      envvar=GETH_UBT_BIN
INFO [06-01|13:09:50.920] Starting Geth on Ethereum mainnet...
INFO [06-01|13:09:50.922] Maximum peer count                       ETH=0 total=0
INFO [06-01|13:09:50.923] Smartcard socket not found, disabling    err="stat /run/pcscd/pcscd.comm: no such file or directory"
WARN [06-01|13:09:50.928] Option --miner.etherbase is deprecated as the etherbase is set by the consensus client post-merge
INFO [06-01|13:09:50.931] Set global gas cap                       cap=50,000,000
INFO [06-01|13:09:51.746] Using developer account                  address=0xf39Fd6e51aad88F6F4ce6aB8827279cffFb92266
INFO [06-01|13:09:51.785] Using pebble as the backing database
INFO [06-01|13:09:51.785] Allocated cache and file handles         database=/mnt/state_expiry_vol_data/ubt-vs-pbt-dbs/pbt/geth/chaindata cache=2.00GiB handles=262,144
INFO [06-01|13:09:52.000] Opened ancient database                  database=/mnt/state_expiry_vol_data/ubt-vs-pbt-dbs/pbt/geth/chaindata/ancient/chain readonly=true
INFO [06-01|13:09:52.000] Opened Era store                         datadir=/mnt/state_expiry_vol_data/ubt-vs-pbt-dbs/pbt/geth/chaindata/ancient/chain/era
INFO [06-01|13:09:52.008] Initializing the KZG library             backend=gokzg
INFO [06-01|13:09:52.010] Allocated trie memory caches             clean=614.00MiB dirty=1.00GiB
INFO [06-01|13:09:52.022] Using pebble as the backing database
INFO [06-01|13:09:52.022] Allocated cache and file handles         database=/mnt/state_expiry_vol_data/ubt-vs-pbt-dbs/pbt/geth/chaindata cache=2.00GiB handles=262,144
INFO [06-01|13:09:52.234] Opened ancient database                  database=/mnt/state_expiry_vol_data/ubt-vs-pbt-dbs/pbt/geth/chaindata/ancient/chain readonly=false
INFO [06-01|13:09:52.234] Opened Era store                         datadir=/mnt/state_expiry_vol_data/ubt-vs-pbt-dbs/pbt/geth/chaindata/ancient/chain/era
INFO [06-01|13:09:52.240] State scheme set to already existing     scheme=path
INFO [06-01|13:09:52.240] Initialising Ethereum protocol           network=1337 dbversion=9
WARN [06-01|13:09:52.241] Sanitizing invalid node buffer size      provided=1.00GiB updated=256.00MiB
INFO [06-01|13:09:52.242] Load database journal from file          path=/mnt/state_expiry_vol_data/ubt-vs-pbt-dbs/pbt/geth/triedb/verkle.journal
INFO [06-01|13:09:52.405] Opened ancient database                  database=/mnt/state_expiry_vol_data/ubt-vs-pbt-dbs/pbt/geth/chaindata/ancient/state_verkle readonly=false
INFO [06-01|13:09:52.406] State snapshot generator is not compatible
INFO [06-01|13:09:52.406] Initialized path database                triecache=614.00MiB statecache=409.00MiB buffer=256.00MiB state-history="last 90000 blocks" journal-dir=/mnt/state_expiry_vol_data/ubt-vs-pbt-dbs/pbt/geth/triedb verkle=true
INFO [06-01|13:09:52.407] 
INFO [06-01|13:09:52.407] ---------------------------------------------------------------------------------------------------------------------------------------------------------
INFO [06-01|13:09:52.407] Chain ID:  1337 (unknown)
INFO [06-01|13:09:52.407] Consensus: unknown
INFO [06-01|13:09:52.407] 
INFO [06-01|13:09:52.407] Pre-Merge hard forks (block based):
INFO [06-01|13:09:52.407]  - Homestead:                   #0       
INFO [06-01|13:09:52.407]  - Tangerine Whistle (EIP 150): #0       
INFO [06-01|13:09:52.407]  - Spurious Dragon/1 (EIP 155): #0       
INFO [06-01|13:09:52.407]  - Spurious Dragon/2 (EIP 158): #0       
INFO [06-01|13:09:52.407]  - Byzantium:                   #0       
INFO [06-01|13:09:52.407]  - Constantinople:              #0       
INFO [06-01|13:09:52.407]  - Petersburg:                  #0       
INFO [06-01|13:09:52.407]  - Istanbul:                    #0       
INFO [06-01|13:09:52.407]  - Berlin:                      #0       
INFO [06-01|13:09:52.407]  - London:                      #0       
INFO [06-01|13:09:52.407]  - Arrow Glacier:               #0       
INFO [06-01|13:09:52.407]  - Gray Glacier:                #0       
INFO [06-01|13:09:52.407] 
INFO [06-01|13:09:52.407] Merge configured:
INFO [06-01|13:09:52.407]  - Total terminal difficulty:  0
INFO [06-01|13:09:52.407]  - Merge netsplit block:       #0       
INFO [06-01|13:09:52.407] 
INFO [06-01|13:09:52.407] Post-Merge hard forks (timestamp based):
INFO [06-01|13:09:52.407]  - Shanghai:                    @0         
INFO [06-01|13:09:52.407]  - Cancun:                      @0          blob: (target: 3, max: 6, fraction: 3338477)
INFO [06-01|13:09:52.407]  - Prague:                      @0          blob: (target: 6, max: 9, fraction: 5007716)
INFO [06-01|13:09:52.407]  - Osaka:                       @0          blob: (target: 6, max: 9, fraction: 5007716)
INFO [06-01|13:09:52.407]  - UBT:                         @0          blob: (nil)
INFO [06-01|13:09:52.407] 
INFO [06-01|13:09:52.407] All fork specifications can be found at https://ethereum.github.io/execution-specs/src/ethereum/forks/
INFO [06-01|13:09:52.407] 
INFO [06-01|13:09:52.407] ---------------------------------------------------------------------------------------------------------------------------------------------------------
INFO [06-01|13:09:52.407] 
INFO [06-01|13:09:52.408] Loaded most recent local block           number=5149 hash=c5650d..5ceff1 age=3s
INFO [06-01|13:09:52.408] Loaded most recent local finalized block number=5120 hash=b033e2..3ddd3c age=48s
INFO [06-01|13:09:52.409] Initialized transaction indexer          range="last 2350000 blocks"
INFO [06-01|13:09:52.409] Initialized log indexer                  firstblock=0 lastblock=5149 firstmap=0 lastmap=0 headindexed=true
INFO [06-01|13:09:52.443] Enabled full-sync                        head=5149 hash=c5650d..5ceff1
INFO [06-01|13:09:52.444] Unprotected transactions allowed
INFO [06-01|13:09:52.444] Gasprice oracle is ignoring threshold set threshold=2
INFO [06-01|13:09:52.444] Registered sync override service
WARN [06-01|13:09:52.444] You are running Geth in --dev mode. Please note the following:
WARN [06-01|13:09:52.444] 
WARN [06-01|13:09:52.444]   1. This mode is only intended for fast, iterative development without assumptions on
WARN [06-01|13:09:52.444]      security or persistence.
WARN [06-01|13:09:52.444]   2. The database is created in memory unless specified otherwise. Therefore, shutting down
WARN [06-01|13:09:52.444]      your computer or losing power will wipe your entire block data and chain state for
WARN [06-01|13:09:52.444]      your dev environment.
WARN [06-01|13:09:52.444]   3. A random, pre-allocated developer account will be available and unlocked as
WARN [06-01|13:09:52.444]      eth.coinbase, which can be used for testing. The random dev account is temporary,
WARN [06-01|13:09:52.444]      stored on a ramdisk, and will be lost if your machine is restarted.
WARN [06-01|13:09:52.444]   4. Mining is enabled by default. However, the client will only seal blocks if transactions
WARN [06-01|13:09:52.444]      are pending in the mempool. The miner's minimum accepted gas price is 1.
WARN [06-01|13:09:52.444]   5. Networking is disabled; there is no listen-address, the maximum number of peers is set
WARN [06-01|13:09:52.444]      to 0, and discovery is disabled.
WARN [06-01|13:09:52.444] 
INFO [06-01|13:09:52.444] Starting peer-to-peer node               instance=Geth/v1.17.3-unstable/linux-amd64/go1.24.9
WARN [06-01|13:09:52.444] P2P server will be useless, neither dialing nor listening
INFO [06-01|13:09:52.487] IPC endpoint opened                      url=/mnt/state_expiry_vol_data/ubt-vs-pbt-dbs/pbt/geth.ipc
ERROR[06-01|13:09:52.487] Unavailable modules in HTTP API list     unavailable=[personal] available="[admin debug web3 eth txpool miner net dev testing]"
INFO [06-01|13:09:52.487] New local node record                    seq=1,780,292,694,959 id=972c5cc0b2a1895c ip=127.0.0.1 udp=0 tcp=0
INFO [06-01|13:09:52.487] Started P2P networking                   self=enode://16ec6c0bde109d66472afe00ec8fee3d30718d830d1acf0829842abca89b82afff8a454636cde3b26d700f98647938c6f23e7bee3027caca0d7f19e4b3725e13@127.0.0.1:0
INFO [06-01|13:09:52.488] HTTP server started                      endpoint=127.0.0.1:8545 auth=false prefix= cors= vhosts=localhost
INFO [06-01|13:09:52.488] WebSocket enabled                        url=ws://127.0.0.1:8546
INFO [06-01|13:09:52.899] Loaded local transaction journal         transactions=3613 dropped=0
INFO [06-01|13:09:53.452] Started log indexer
INFO [06-01|13:09:53.506] Starting work on payload                 id=0x039582f53fb5e32a
INFO [06-01|13:09:53.523] Updated payload                          id=0x039582f53fb5e32a number=5150 hash=7206b6..da1f5d txs=0 withdrawals=0 gas=0 fees=0 root=30a5b7..e52e21 elapsed=17.091ms
INFO [06-01|13:09:53.524] Stopping work on payload                 id=0x039582f53fb5e32a reason=delivery
WARN [06-01|13:09:53.532] {"level":"warn","msg":"Slow block","block":{"number":5150,"hash":"0x7206b67c9f8dda6ee717e06775cb67f63f150472e893e4401409bfb5fbda1f5d","gas_used":0,"tx_count":0},"timing":{"execution_ms":0.057594,"state_read_ms":7.502607,"state_hash_ms":0.002756,"commit_ms":0.197262,"total_ms":8.000517},"throughput":{"mgas_per_sec":0},"state_reads":{"accounts":4,"storage_slots":0,"code":0,"code_bytes":0},"state_writes":{"accounts":0,"accounts_deleted":0,"storage_slots":0,"storage_slots_deleted":0,"code":0,"code_bytes":0},"cache":{"account":{"hits":0,"misses":4,"hit_rate":0},"storage":{"hits":0,"misses":0,"hit_rate":0},"code":{"hits":0,"misses":0,"hit_rate":0,"hit_bytes":0,"miss_bytes":0}}}
INFO [06-01|13:09:53.532] Imported new potential chain segment     number=5150 hash=7206b6..da1f5d blocks=1 txs=0 mgas=0.000 elapsed=8.384ms  mgasps=0.000 triediffs=9.21MiB triedirty=431.09KiB
INFO [06-01|13:09:53.532] Chain head was updated                   number=5150 hash=7206b6..da1f5d root=30a5b7..e52e21 elapsed="64.011µs"
INFO [06-01|13:09:54.541] Starting work on payload                 id=0x0370711448c43c1d
INFO [06-01|13:09:54.558] Updated payload                          id=0x0370711448c43c1d number=5151 hash=af9d3f..037565 txs=0 withdrawals=0 gas=0 fees=0 root=30a5b7..e52e21 elapsed=16.593ms
INFO [06-01|13:09:54.558] Stopping work on payload                 id=0x0370711448c43c1d reason=delivery
WARN [06-01|13:09:54.580] {"level":"warn","msg":"Slow block","block":{"number":5151,"hash":"0xaf9d3fcbae11021edfff9e1b3c377b66493dd69de1962d478215277544037565","gas_used":0,"tx_count":0},"timing":{"execution_ms":0.035714,"state_read_ms":21.138973,"state_hash_ms":0.002219,"commit_ms":0.102633,"total_ms":21.485874},"throughput":{"mgas_per_sec":0},"state_reads":{"accounts":4,"storage_slots":0,"code":0,"code_bytes":0},"state_writes":{"accounts":0,"accounts_deleted":0,"storage_slots":0,"storage_slots_deleted":0,"code":0,"code_bytes":0},"cache":{"account":{"hits":0,"misses":4,"hit_rate":0},"storage":{"hits":0,"misses":0,"hit_rate":0},"code":{"hits":0,"misses":0,"hit_rate":0,"hit_bytes":0,"miss_bytes":0}}}
INFO [06-01|13:09:54.580] Imported new potential chain segment     number=5151 hash=af9d3f..037565 blocks=1 txs=0 mgas=0.000 elapsed=21.724ms   mgasps=0.000 triediffs=9.21MiB triedirty=431.09KiB
INFO [06-01|13:09:54.580] Chain head was updated                   number=5151 hash=af9d3f..037565 root=30a5b7..e52e21 elapsed="54.474µs"
INFO [06-01|13:09:55.599] Starting work on payload                 id=0x032490fd869671c4
INFO [06-01|13:09:55.615] Updated payload                          id=0x032490fd869671c4 number=5152 hash=39c510..8ca0b2 txs=0 withdrawals=0 gas=0 fees=0 root=30a5b7..e52e21 elapsed=15.951ms
INFO [06-01|13:09:55.615] Stopping work on payload                 id=0x032490fd869671c4 reason=delivery
WARN [06-01|13:09:55.625] {"level":"warn","msg":"Slow block","block":{"number":5152,"hash":"0x39c510fa4309e8565acf92dee40d26aaae508711b156458741e77cb9d58ca0b2","gas_used":0,"tx_count":0},"timing":{"execution_ms":0.039438,"state_read_ms":8.964619,"state_hash_ms":0.004109,"commit_ms":0.187798,"total_ms":9.793714},"throughput":{"mgas_per_sec":0},"state_reads":{"accounts":4,"storage_slots":0,"code":0,"code_bytes":0},"state_writes":{"accounts":0,"accounts_deleted":0,"storage_slots":0,"storage_slots_deleted":0,"code":0,"code_bytes":0},"cache":{"account":{"hits":0,"misses":4,"hit_rate":0},"storage":{"hits":0,"misses":0,"hit_rate":0},"code":{"hits":0,"misses":0,"hit_rate":0,"hit_bytes":0,"miss_bytes":0}}}
INFO [06-01|13:09:55.625] Imported new potential chain segment     number=5152 hash=39c510..8ca0b2 blocks=1 txs=0 mgas=0.000 elapsed=9.991ms    mgasps=0.000 triediffs=9.21MiB triedirty=431.09KiB
INFO [06-01|13:09:55.626] Chain head was updated                   number=5152 hash=39c510..8ca0b2 root=30a5b7..e52e21 elapsed="54.563µs"
INFO [06-01|13:09:55.989] Submitted contract creation              hash=0xf8db340058f50798604ebdf5b91cc630b3082cf45b7b7503c19f0530e07d038c from=0xf39Fd6e51aad88F6F4ce6aB8827279cffFb92266 nonce=1551 contract=0x3912aD5b13bdC3966c6d7552612Bbec462bC68c4 value=0
INFO [06-01|13:09:55.989] Submitted transaction                    hash=0x4a820d71356c4a9e4b3d907d7ae8dab9389edf9bcb73d602ca7b218b7555604a from=0xf39Fd6e51aad88F6F4ce6aB8827279cffFb92266 nonce=1552 recipient=0xE06Eb00fd4f2630bbE8a7C62EBACA0393179CEa6 value=78,000,000
INFO [06-01|13:09:56.643] Starting work on payload                 id=0x03bed8157b4eb9ed
INFO [06-01|13:09:56.698] Updated payload                          id=0x03bed8157b4eb9ed number=5153 hash=fb7be1..9ff5f5 txs=2 withdrawals=0 gas=86120 fees=5.1672e-13 root=6030af..34e14e elapsed=54.679ms
INFO [06-01|13:09:56.698] Stopping work on payload                 id=0x03bed8157b4eb9ed reason=delivery
WARN [06-01|13:09:56.726] {"level":"warn","msg":"Slow block","block":{"number":5153,"hash":"0xfb7be1a4877dfea08e9f2e21b8e0e2d6cdaf268ea471cecf538be947309ff5f5","gas_used":86120,"tx_count":2},"timing":{"execution_ms":0.08894,"state_read_ms":18.45359,"state_hash_ms":3.494939,"commit_ms":4.851124,"total_ms":27.037512},"throughput":{"mgas_per_sec":3.1852043190956327},"state_reads":{"accounts":11,"storage_slots":0,"code":0,"code_bytes":0},"state_writes":{"accounts":3,"accounts_deleted":0,"storage_slots":0,"storage_slots_deleted":0,"code":1,"code_bytes":155},"cache":{"account":{"hits":7,"misses":4,"hit_rate":63.63636363636363},"storage":{"hits":0,"misses":0,"hit_rate":0},"code":{"hits":0,"misses":0,"hit_rate":0,"hit_bytes":0,"miss_bytes":0}}}
INFO [06-01|13:09:56.726] Imported new potential chain segment     number=5153 hash=fb7be1..9ff5f5 blocks=1 txs=2 mgas=0.086 elapsed=27.219ms   mgasps=3.164 triediffs=9.11MiB triedirty=457.69KiB
INFO [06-01|13:09:56.726] Chain head was updated                   number=5153 hash=fb7be1..9ff5f5 root=6030af..34e14e elapsed="142.179µs"
INFO [06-01|13:09:57.001] Submitted transaction                    hash=0x982d18b3a21a30c459e11c6ac6a9af23e3b9c4204b2c898055772e98d23d53b9 from=0xE06Eb00fd4f2630bbE8a7C62EBACA0393179CEa6 nonce=0    recipient=0x3912aD5b13bdC3966c6d7552612Bbec462bC68c4 value=0
INFO [06-01|13:09:57.734] Starting work on payload                 id=0x03e285ac11f44a40
INFO [06-01|13:09:57.887] Updated payload                          id=0x03e285ac11f44a40 number=5154 hash=4c5103..da0db5 txs=1 withdrawals=0 gas=5,900,418 fees=3.5402508e-11 root=7731e4..f0b79d elapsed=152.952ms
INFO [06-01|13:09:57.887] Stopping work on payload                 id=0x03e285ac11f44a40 reason=delivery
WARN [06-01|13:09:58.076] {"level":"warn","msg":"Slow block","block":{"number":5154,"hash":"0x4c5103bd4547b9dd9860b707b42b60a68b3c550088cceb0843867cebc3da0db5","gas_used":5900418,"tx_count":1},"timing":{"execution_ms":152.816343,"state_read_ms":23.6407,"state_hash_ms":10.1724,"commit_ms":0.732768,"total_ms":188.9002},"throughput":{"mgas_per_sec":31.235636595408582},"state_reads":{"accounts":8,"storage_slots":258,"code":2,"code_bytes":183},"state_writes":{"accounts":2,"accounts_deleted":0,"storage_slots":0,"storage_slots_deleted":0,"code":0,"code_bytes":0},"cache":{"account":{"hits":4,"misses":4,"hit_rate":50},"storage":{"hits":86,"misses":172,"hit_rate":33.33333333333333},"code":{"hits":2,"misses":0,"hit_rate":100,"hit_bytes":183,"miss_bytes":0}}}
INFO [06-01|13:09:58.076] Imported new potential chain segment     number=5154 hash=4c5103..da0db5 blocks=1 txs=1 mgas=5.900 elapsed=189.101ms   mgasps=31.202 triediffs=9.11MiB triedirty=457.69KiB
INFO [06-01|13:09:58.077] Chain head was updated                   number=5154 hash=4c5103..da0db5 root=7731e4..f0b79d elapsed="84.435µs"
INFO [06-01|13:09:59.020] Submitted transaction                    hash=0x4fb66de78f45013cfb3df40c2bd04218dae9e1461cad25ff51beb4906d13f19a from=0xE06Eb00fd4f2630bbE8a7C62EBACA0393179CEa6 nonce=1    recipient=0xf39Fd6e51aad88F6F4ce6aB8827279cffFb92266 value=1,042,566
INFO [06-01|13:09:59.102] Starting work on payload                 id=0x034d6d0f17a01310
INFO [06-01|13:09:59.126] Updated payload                          id=0x034d6d0f17a01310 number=5155 hash=c16601..5f9340 txs=1 withdrawals=0 gas=21000     fees=2.1e-14       root=0a2023..44f178 elapsed=23.379ms
INFO [06-01|13:09:59.126] Stopping work on payload                 id=0x034d6d0f17a01310 reason=delivery
WARN [06-01|13:09:59.142] {"level":"warn","msg":"Slow block","block":{"number":5155,"hash":"0xc16601cb93cf4d0e0ad606f4b498adf45778c3f78a37206706cdab9ed65f9340","gas_used":21000,"tx_count":1},"timing":{"execution_ms":0.073323,"state_read_ms":11.23076,"state_hash_ms":4.16384,"commit_ms":0.466333,"total_ms":16.098138},"throughput":{"mgas_per_sec":1.304498694196807},"state_reads":{"accounts":6,"storage_slots":0,"code":0,"code_bytes":0},"state_writes":{"accounts":2,"accounts_deleted":0,"storage_slots":0,"storage_slots_deleted":0,"code":0,"code_bytes":0},"cache":{"account":{"hits":2,"misses":4,"hit_rate":33.33333333333333},"storage":{"hits":0,"misses":0,"hit_rate":0},"code":{"hits":0,"misses":0,"hit_rate":0,"hit_bytes":0,"miss_bytes":0}}}
INFO [06-01|13:09:59.142] Imported new potential chain segment     number=5155 hash=c16601..5f9340 blocks=1 txs=1 mgas=0.021 elapsed=16.222ms    mgasps=1.294  triediffs=9.10MiB triedirty=463.75KiB
INFO [06-01|13:09:59.143] Chain head was updated                   number=5155 hash=c16601..5f9340 root=0a2023..44f178 elapsed="124µs"
INFO [06-01|13:10:00.158] Starting work on payload                 id=0x03b3778f1a086a1b
INFO [06-01|13:10:00.184] Updated payload                          id=0x03b3778f1a086a1b number=5156 hash=17aa84..733c02 txs=0 withdrawals=0 gas=0         fees=0             root=0a2023..44f178 elapsed=25.856ms
INFO [06-01|13:10:00.184] Stopping work on payload                 id=0x03b3778f1a086a1b reason=delivery
WARN [06-01|13:10:00.188] {"level":"warn","msg":"Slow block","block":{"number":5156,"hash":"0x17aa84217a6d489677927e3c975e7c7d770e48141ee3b99b79426af324733c02","gas_used":0,"tx_count":0},"timing":{"execution_ms":0.03793,"state_read_ms":3.190964,"state_hash_ms":0.002385,"commit_ms":0.207749,"total_ms":3.612777},"throughput":{"mgas_per_sec":0},"state_reads":{"accounts":4,"storage_slots":0,"code":0,"code_bytes":0},"state_writes":{"accounts":0,"accounts_deleted":0,"storage_slots":0,"storage_slots_deleted":0,"code":0,"code_bytes":0},"cache":{"account":{"hits":0,"misses":4,"hit_rate":0},"storage":{"hits":0,"misses":0,"hit_rate":0},"code":{"hits":0,"misses":0,"hit_rate":0,"hit_bytes":0,"miss_bytes":0}}}
INFO [06-01|13:10:00.188] Imported new potential chain segment     number=5156 hash=17aa84..733c02 blocks=1 txs=0 mgas=0.000 elapsed=3.761ms     mgasps=0.000  triediffs=9.10MiB triedirty=463.75KiB
INFO [06-01|13:10:00.188] Chain head was updated                   number=5156 hash=17aa84..733c02 root=0a2023..44f178 elapsed="86.022µs"
