WARN [06-01|13:42:57.843] Unknown config environment variable      envvar=GETH_PBT_BIN
WARN [06-01|13:42:57.843] Unknown config environment variable      envvar=GETH_UBT_BIN
INFO [06-01|13:42:57.854] Starting Geth on Ethereum mainnet...
INFO [06-01|13:42:57.855] Maximum peer count                       ETH=0 total=0
INFO [06-01|13:42:57.857] Smartcard socket not found, disabling    err="stat /run/pcscd/pcscd.comm: no such file or directory"
WARN [06-01|13:42:57.861] Option --miner.etherbase is deprecated as the etherbase is set by the consensus client post-merge
INFO [06-01|13:42:57.865] Set global gas cap                       cap=50,000,000
INFO [06-01|13:42:58.653] Using developer account                  address=0xf39Fd6e51aad88F6F4ce6aB8827279cffFb92266
INFO [06-01|13:42:58.692] Using pebble as the backing database
INFO [06-01|13:42:58.692] Allocated cache and file handles         database=/mnt/state_expiry_vol_data/ubt-vs-pbt-dbs/pbt/geth/chaindata cache=2.00GiB handles=262,144
INFO [06-01|13:42:58.915] Opened ancient database                  database=/mnt/state_expiry_vol_data/ubt-vs-pbt-dbs/pbt/geth/chaindata/ancient/chain readonly=true
INFO [06-01|13:42:58.915] Opened Era store                         datadir=/mnt/state_expiry_vol_data/ubt-vs-pbt-dbs/pbt/geth/chaindata/ancient/chain/era
INFO [06-01|13:42:58.923] Initializing the KZG library             backend=gokzg
INFO [06-01|13:42:58.926] Allocated trie memory caches             clean=614.00MiB dirty=1.00GiB
INFO [06-01|13:42:58.937] Using pebble as the backing database
INFO [06-01|13:42:58.937] Allocated cache and file handles         database=/mnt/state_expiry_vol_data/ubt-vs-pbt-dbs/pbt/geth/chaindata cache=2.00GiB handles=262,144
INFO [06-01|13:42:59.136] Opened ancient database                  database=/mnt/state_expiry_vol_data/ubt-vs-pbt-dbs/pbt/geth/chaindata/ancient/chain readonly=false
INFO [06-01|13:42:59.136] Opened Era store                         datadir=/mnt/state_expiry_vol_data/ubt-vs-pbt-dbs/pbt/geth/chaindata/ancient/chain/era
INFO [06-01|13:42:59.142] State scheme set to already existing     scheme=path
INFO [06-01|13:42:59.149] Initialising Ethereum protocol           network=1337 dbversion=9
WARN [06-01|13:42:59.149] Sanitizing invalid node buffer size      provided=1.00GiB updated=256.00MiB
INFO [06-01|13:42:59.150] Load database journal from file          path=/mnt/state_expiry_vol_data/ubt-vs-pbt-dbs/pbt/geth/triedb/verkle.journal
INFO [06-01|13:42:59.296] Opened ancient database                  database=/mnt/state_expiry_vol_data/ubt-vs-pbt-dbs/pbt/geth/chaindata/ancient/state_verkle readonly=false
INFO [06-01|13:42:59.297] State snapshot generator is not compatible
INFO [06-01|13:42:59.298] Initialized path database                triecache=614.00MiB statecache=409.00MiB buffer=256.00MiB state-history="last 90000 blocks" journal-dir=/mnt/state_expiry_vol_data/ubt-vs-pbt-dbs/pbt/geth/triedb verkle=true
INFO [06-01|13:42:59.298] 
INFO [06-01|13:42:59.298] ---------------------------------------------------------------------------------------------------------------------------------------------------------
INFO [06-01|13:42:59.298] Chain ID:  1337 (unknown)
INFO [06-01|13:42:59.298] Consensus: unknown
INFO [06-01|13:42:59.298] 
INFO [06-01|13:42:59.298] Pre-Merge hard forks (block based):
INFO [06-01|13:42:59.298]  - Homestead:                   #0       
INFO [06-01|13:42:59.298]  - Tangerine Whistle (EIP 150): #0       
INFO [06-01|13:42:59.298]  - Spurious Dragon/1 (EIP 155): #0       
INFO [06-01|13:42:59.298]  - Spurious Dragon/2 (EIP 158): #0       
INFO [06-01|13:42:59.298]  - Byzantium:                   #0       
INFO [06-01|13:42:59.298]  - Constantinople:              #0       
INFO [06-01|13:42:59.298]  - Petersburg:                  #0       
INFO [06-01|13:42:59.298]  - Istanbul:                    #0       
INFO [06-01|13:42:59.298]  - Berlin:                      #0       
INFO [06-01|13:42:59.298]  - London:                      #0       
INFO [06-01|13:42:59.298]  - Arrow Glacier:               #0       
INFO [06-01|13:42:59.298]  - Gray Glacier:                #0       
INFO [06-01|13:42:59.298] 
INFO [06-01|13:42:59.298] Merge configured:
INFO [06-01|13:42:59.298]  - Total terminal difficulty:  0
INFO [06-01|13:42:59.298]  - Merge netsplit block:       #0       
INFO [06-01|13:42:59.298] 
INFO [06-01|13:42:59.298] Post-Merge hard forks (timestamp based):
INFO [06-01|13:42:59.298]  - Shanghai:                    @0         
INFO [06-01|13:42:59.298]  - Cancun:                      @0          blob: (target: 3, max: 6, fraction: 3338477)
INFO [06-01|13:42:59.298]  - Prague:                      @0          blob: (target: 6, max: 9, fraction: 5007716)
INFO [06-01|13:42:59.298]  - Osaka:                       @0          blob: (target: 6, max: 9, fraction: 5007716)
INFO [06-01|13:42:59.298]  - UBT:                         @0          blob: (nil)
INFO [06-01|13:42:59.298] 
INFO [06-01|13:42:59.298] All fork specifications can be found at https://ethereum.github.io/execution-specs/src/ethereum/forks/
INFO [06-01|13:42:59.298] 
INFO [06-01|13:42:59.298] ---------------------------------------------------------------------------------------------------------------------------------------------------------
INFO [06-01|13:42:59.298] 
INFO [06-01|13:42:59.298] Loaded most recent local block           number=6404 hash=185fd3..02871a age=3s
INFO [06-01|13:42:59.298] Loaded most recent local finalized block number=6400 hash=023fa6..027f64 age=8s
INFO [06-01|13:42:59.299] Initialized transaction indexer          range="last 2350000 blocks"
INFO [06-01|13:42:59.299] Initialized log indexer                  firstblock=0 lastblock=6404 firstmap=0 lastmap=0 headindexed=true
INFO [06-01|13:42:59.332] Enabled full-sync                        head=6404 hash=185fd3..02871a
INFO [06-01|13:42:59.332] Unprotected transactions allowed
INFO [06-01|13:42:59.332] Gasprice oracle is ignoring threshold set threshold=2
INFO [06-01|13:42:59.333] Registered sync override service
WARN [06-01|13:42:59.333] You are running Geth in --dev mode. Please note the following:
WARN [06-01|13:42:59.333] 
WARN [06-01|13:42:59.333]   1. This mode is only intended for fast, iterative development without assumptions on
WARN [06-01|13:42:59.333]      security or persistence.
WARN [06-01|13:42:59.333]   2. The database is created in memory unless specified otherwise. Therefore, shutting down
WARN [06-01|13:42:59.333]      your computer or losing power will wipe your entire block data and chain state for
WARN [06-01|13:42:59.333]      your dev environment.
WARN [06-01|13:42:59.333]   3. A random, pre-allocated developer account will be available and unlocked as
WARN [06-01|13:42:59.333]      eth.coinbase, which can be used for testing. The random dev account is temporary,
WARN [06-01|13:42:59.333]      stored on a ramdisk, and will be lost if your machine is restarted.
WARN [06-01|13:42:59.333]   4. Mining is enabled by default. However, the client will only seal blocks if transactions
WARN [06-01|13:42:59.333]      are pending in the mempool. The miner's minimum accepted gas price is 1.
WARN [06-01|13:42:59.333]   5. Networking is disabled; there is no listen-address, the maximum number of peers is set
WARN [06-01|13:42:59.333]      to 0, and discovery is disabled.
WARN [06-01|13:42:59.333] 
INFO [06-01|13:42:59.333] Starting peer-to-peer node               instance=Geth/v1.17.3-unstable/linux-amd64/go1.24.9
WARN [06-01|13:42:59.333] P2P server will be useless, neither dialing nor listening
INFO [06-01|13:42:59.361] New local node record                    seq=1,780,292,695,150 id=972c5cc0b2a1895c ip=127.0.0.1 udp=0 tcp=0
INFO [06-01|13:42:59.361] Started P2P networking                   self=enode://16ec6c0bde109d66472afe00ec8fee3d30718d830d1acf0829842abca89b82afff8a454636cde3b26d700f98647938c6f23e7bee3027caca0d7f19e4b3725e13@127.0.0.1:0
INFO [06-01|13:42:59.385] IPC endpoint opened                      url=/mnt/state_expiry_vol_data/ubt-vs-pbt-dbs/pbt/geth.ipc
ERROR[06-01|13:42:59.385] Unavailable modules in HTTP API list     unavailable=[personal] available="[admin debug web3 eth txpool miner net dev testing]"
INFO [06-01|13:42:59.386] HTTP server started                      endpoint=127.0.0.1:8545 auth=false prefix= cors= vhosts=localhost
INFO [06-01|13:42:59.386] WebSocket enabled                        url=ws://127.0.0.1:8546
INFO [06-01|13:42:59.863] Loaded local transaction journal         transactions=4377 dropped=0
INFO [06-01|13:43:00.406] Started log indexer
INFO [06-01|13:43:00.461] Starting work on payload                 id=0x03fec193c15372c0
INFO [06-01|13:43:00.477] Updated payload                          id=0x03fec193c15372c0 number=6405 hash=33112c..208509 txs=0 withdrawals=0 gas=0 fees=0 root=b42e72..41f9f1 elapsed=15.982ms
INFO [06-01|13:43:00.477] Stopping work on payload                 id=0x03fec193c15372c0 reason=delivery
WARN [06-01|13:43:00.482] {"level":"warn","msg":"Slow block","block":{"number":6405,"hash":"0x33112c2a6d1e764eb6f20d2aa8bdbd8891b35f2487491211829167fbf3208509","gas_used":0,"tx_count":0},"timing":{"execution_ms":0.040361,"state_read_ms":3.699123,"state_hash_ms":0.002196,"commit_ms":0.210992,"total_ms":4.201949},"throughput":{"mgas_per_sec":0},"state_reads":{"accounts":4,"storage_slots":0,"code":0,"code_bytes":0},"state_writes":{"accounts":0,"accounts_deleted":0,"storage_slots":0,"storage_slots_deleted":0,"code":0,"code_bytes":0},"cache":{"account":{"hits":0,"misses":4,"hit_rate":0},"storage":{"hits":0,"misses":0,"hit_rate":0},"code":{"hits":0,"misses":0,"hit_rate":0,"hit_bytes":0,"miss_bytes":0}}}
INFO [06-01|13:43:00.482] Imported new potential chain segment     number=6405 hash=33112c..208509 blocks=1 txs=0 mgas=0.000 elapsed=4.613ms  mgasps=0.000 triediffs=2.78MiB triedirty=7.16MiB
INFO [06-01|13:43:00.482] Chain head was updated                   number=6405 hash=33112c..208509 root=b42e72..41f9f1 elapsed="80.181µs"
INFO [06-01|13:43:01.492] Starting work on payload                 id=0x0317477f7f0f970c
INFO [06-01|13:43:01.512] Updated payload                          id=0x0317477f7f0f970c number=6406 hash=6aa009..71526c txs=0 withdrawals=0 gas=0 fees=0 root=b42e72..41f9f1 elapsed=20.578ms
INFO [06-01|13:43:01.512] Stopping work on payload                 id=0x0317477f7f0f970c reason=delivery
WARN [06-01|13:43:01.523] {"level":"warn","msg":"Slow block","block":{"number":6406,"hash":"0x6aa009a518c3df6eb55142c97b7eff369641ca84e83d6b8dbb7c19524b71526c","gas_used":0,"tx_count":0},"timing":{"execution_ms":0.061825,"state_read_ms":9.47243,"state_hash_ms":0.002659,"commit_ms":0.163606,"total_ms":9.950325},"throughput":{"mgas_per_sec":0},"state_reads":{"accounts":4,"storage_slots":0,"code":0,"code_bytes":0},"state_writes":{"accounts":0,"accounts_deleted":0,"storage_slots":0,"storage_slots_deleted":0,"code":0,"code_bytes":0},"cache":{"account":{"hits":0,"misses":4,"hit_rate":0},"storage":{"hits":0,"misses":0,"hit_rate":0},"code":{"hits":0,"misses":0,"hit_rate":0,"hit_bytes":0,"miss_bytes":0}}}
INFO [06-01|13:43:01.523] Imported new potential chain segment     number=6406 hash=6aa009..71526c blocks=1 txs=0 mgas=0.000 elapsed=10.245ms   mgasps=0.000 triediffs=2.78MiB triedirty=7.16MiB
INFO [06-01|13:43:01.523] Chain head was updated                   number=6406 hash=6aa009..71526c root=b42e72..41f9f1 elapsed="78.88µs"
INFO [06-01|13:43:02.541] Starting work on payload                 id=0x03001ebdaaf368d3
INFO [06-01|13:43:02.558] Updated payload                          id=0x03001ebdaaf368d3 number=6407 hash=27daca..32ee86 txs=0 withdrawals=0 gas=0 fees=0 root=b42e72..41f9f1 elapsed=16.834ms
INFO [06-01|13:43:02.558] Stopping work on payload                 id=0x03001ebdaaf368d3 reason=delivery
WARN [06-01|13:43:02.565] {"level":"warn","msg":"Slow block","block":{"number":6407,"hash":"0x27daca7170533ec7e7ec9ac4e3d3250756ef1202c036a6ae0d33a5604e32ee86","gas_used":0,"tx_count":0},"timing":{"execution_ms":0.028775,"state_read_ms":6.141029,"state_hash_ms":0.001762,"commit_ms":0.108677,"total_ms":6.432937},"throughput":{"mgas_per_sec":0},"state_reads":{"accounts":4,"storage_slots":0,"code":0,"code_bytes":0},"state_writes":{"accounts":0,"accounts_deleted":0,"storage_slots":0,"storage_slots_deleted":0,"code":0,"code_bytes":0},"cache":{"account":{"hits":0,"misses":4,"hit_rate":0},"storage":{"hits":0,"misses":0,"hit_rate":0},"code":{"hits":0,"misses":0,"hit_rate":0,"hit_bytes":0,"miss_bytes":0}}}
INFO [06-01|13:43:02.565] Imported new potential chain segment     number=6407 hash=27daca..32ee86 blocks=1 txs=0 mgas=0.000 elapsed=6.593ms    mgasps=0.000 triediffs=2.78MiB triedirty=7.16MiB
INFO [06-01|13:43:02.565] Chain head was updated                   number=6407 hash=27daca..32ee86 root=b42e72..41f9f1 elapsed="39.997µs"
INFO [06-01|13:43:03.016] Submitted contract creation              hash=0x1590e8a6374c5279e6d6364569aae9eb1d19f3a1c8e62a11da2a7d3ff2346ee1 from=0xf39Fd6e51aad88F6F4ce6aB8827279cffFb92266 nonce=1933 contract=0x8F9DedBD504580f9E966C006dad0E51EA8CC5A00 value=0
INFO [06-01|13:43:03.016] Submitted transaction                    hash=0xbd0e219cf8124c547e68bf8b10b776bd6b808dc571e298f98ab4b563a22c2d0a from=0xf39Fd6e51aad88F6F4ce6aB8827279cffFb92266 nonce=1934 recipient=0x0719Fa1453f677eDdAbC803Be2AE84FDacE4CE4D value=78,000,000
INFO [06-01|13:43:03.583] Starting work on payload                 id=0x03f276bd80e55b14
INFO [06-01|13:43:03.628] Updated payload                          id=0x03f276bd80e55b14 number=6408 hash=f46ae3..6e8cb5 txs=2 withdrawals=0 gas=91710 fees=5.5026e-13 root=5f3e18..f5fd85 elapsed=44.666ms
INFO [06-01|13:43:03.628] Stopping work on payload                 id=0x03f276bd80e55b14 reason=delivery
WARN [06-01|13:43:03.662] {"level":"warn","msg":"Slow block","block":{"number":6408,"hash":"0xf46ae30a8eab6a4f49e29f6cc0664c38ee388e4996fddd0d047523893d6e8cb5","gas_used":91710,"tx_count":2},"timing":{"execution_ms":0.113801,"state_read_ms":22.734523,"state_hash_ms":4.967499,"commit_ms":5.287244,"total_ms":33.278718},"throughput":{"mgas_per_sec":2.755815293125174},"state_reads":{"accounts":11,"storage_slots":0,"code":0,"code_bytes":0},"state_writes":{"accounts":3,"accounts_deleted":0,"storage_slots":0,"storage_slots_deleted":0,"code":1,"code_bytes":305},"cache":{"account":{"hits":7,"misses":4,"hit_rate":63.63636363636363},"storage":{"hits":0,"misses":0,"hit_rate":0},"code":{"hits":0,"misses":0,"hit_rate":0,"hit_bytes":0,"miss_bytes":0}}}
INFO [06-01|13:43:03.662] Imported new potential chain segment     number=6408 hash=f46ae3..6e8cb5 blocks=1 txs=2 mgas=0.092 elapsed=33.534ms   mgasps=2.735 triediffs=2.76MiB triedirty=7.16MiB
INFO [06-01|13:43:03.662] Chain head was updated                   number=6408 hash=f46ae3..6e8cb5 root=5f3e18..f5fd85 elapsed="268.291µs"
INFO [06-01|13:43:04.028] Submitted transaction                    hash=0xb8d8ecee0afd4bcd899b5095518422a1a7c6984624730c58bb0289d7a4fed2a6 from=0x0719Fa1453f677eDdAbC803Be2AE84FDacE4CE4D nonce=0    recipient=0x8F9DedBD504580f9E966C006dad0E51EA8CC5A00 value=0
INFO [06-01|13:43:04.670] Starting work on payload                 id=0x03c593df3ab18d1a
INFO [06-01|13:43:04.823] Updated payload                          id=0x03c593df3ab18d1a number=6409 hash=44f4a7..d48bdf txs=1 withdrawals=0 gas=5,920,754 fees=3.5524524e-11 root=ea0fa5..e2ca60 elapsed=152.294ms
INFO [06-01|13:43:04.823] Stopping work on payload                 id=0x03c593df3ab18d1a reason=delivery
WARN [06-01|13:43:04.908] {"level":"warn","msg":"Slow block","block":{"number":6409,"hash":"0x44f4a7299063679adc8d94c5b70db6b3be52c1017912ef75b91ac9134bd48bdf","gas_used":5920754,"tx_count":1},"timing":{"execution_ms":50.011739,"state_read_ms":23.987296,"state_hash_ms":8.457489,"commit_ms":2.033854,"total_ms":84.655946},"throughput":{"mgas_per_sec":69.93902117637431},"state_reads":{"accounts":107,"storage_slots":785,"code":101,"code_bytes":3105},"state_writes":{"accounts":11,"accounts_deleted":0,"storage_slots":77,"storage_slots_deleted":0,"code":0,"code_bytes":0},"cache":{"account":{"hits":24,"misses":83,"hit_rate":22.429906542056074},"storage":{"hits":45,"misses":740,"hit_rate":5.7324840764331215},"code":{"hits":101,"misses":0,"hit_rate":100,"hit_bytes":3105,"miss_bytes":0}}}
INFO [06-01|13:43:04.908] Imported new potential chain segment     number=6409 hash=44f4a7..d48bdf blocks=1 txs=1 mgas=5.921 elapsed=84.855ms    mgasps=69.774 triediffs=2.86MiB triedirty=7.16MiB
INFO [06-01|13:43:04.908] Chain head was updated                   number=6409 hash=44f4a7..d48bdf root=ea0fa5..e2ca60 elapsed="198.154µs"
INFO [06-01|13:43:05.044] Submitted transaction                    hash=0x2b4d6100af37a4ed4ba1f7ed640d07d7f04cc0a8cf363f6c1b06dbc8e51b6eee from=0x0719Fa1453f677eDdAbC803Be2AE84FDacE4CE4D nonce=1    recipient=0xf39Fd6e51aad88F6F4ce6aB8827279cffFb92266 value=778,198
INFO [06-01|13:43:05.918] Starting work on payload                 id=0x0315f3e9c92809ed
INFO [06-01|13:43:05.942] Updated payload                          id=0x0315f3e9c92809ed number=6410 hash=2a38b0..e2b046 txs=1 withdrawals=0 gas=21000     fees=2.1e-14       root=d4f0d9..9fc9f0 elapsed=23.919ms
INFO [06-01|13:43:05.942] Stopping work on payload                 id=0x0315f3e9c92809ed reason=delivery
WARN [06-01|13:43:05.964] {"level":"warn","msg":"Slow block","block":{"number":6410,"hash":"0x2a38b0422677f4fa8d02783d215af86b103c7f709cc7bcd23bb68dfd34e2b046","gas_used":21000,"tx_count":1},"timing":{"execution_ms":0.069371,"state_read_ms":17.995815,"state_hash_ms":2.819595,"commit_ms":0.766798,"total_ms":21.855834},"throughput":{"mgas_per_sec":0.9608418511963442},"state_reads":{"accounts":6,"storage_slots":0,"code":0,"code_bytes":0},"state_writes":{"accounts":2,"accounts_deleted":0,"storage_slots":0,"storage_slots_deleted":0,"code":0,"code_bytes":0},"cache":{"account":{"hits":2,"misses":4,"hit_rate":33.33333333333333},"storage":{"hits":0,"misses":0,"hit_rate":0},"code":{"hits":0,"misses":0,"hit_rate":0,"hit_bytes":0,"miss_bytes":0}}}
INFO [06-01|13:43:05.964] Imported new potential chain segment     number=6410 hash=2a38b0..e2b046 blocks=1 txs=1 mgas=0.021 elapsed=21.998ms    mgasps=0.955  triediffs=2.86MiB triedirty=7.17MiB
INFO [06-01|13:43:05.964] Chain head was updated                   number=6410 hash=2a38b0..e2b046 root=d4f0d9..9fc9f0 elapsed="53.203µs"
