WARN [06-01|13:07:33.395] Unknown config environment variable      envvar=GETH_PBT_BIN
WARN [06-01|13:07:33.395] Unknown config environment variable      envvar=GETH_UBT_BIN
INFO [06-01|13:07:33.406] Starting Geth on Ethereum mainnet...
INFO [06-01|13:07:33.408] Maximum peer count                       ETH=0 total=0
INFO [06-01|13:07:33.409] Smartcard socket not found, disabling    err="stat /run/pcscd/pcscd.comm: no such file or directory"
WARN [06-01|13:07:33.414] Option --miner.etherbase is deprecated as the etherbase is set by the consensus client post-merge
INFO [06-01|13:07:33.418] Set global gas cap                       cap=50,000,000
INFO [06-01|13:07:34.236] Using developer account                  address=0xf39Fd6e51aad88F6F4ce6aB8827279cffFb92266
INFO [06-01|13:07:34.279] Using pebble as the backing database
INFO [06-01|13:07:34.279] Allocated cache and file handles         database=/mnt/state_expiry_vol_data/ubt-vs-pbt-dbs/pbt/geth/chaindata cache=2.00GiB handles=262,144
INFO [06-01|13:07:34.495] Opened ancient database                  database=/mnt/state_expiry_vol_data/ubt-vs-pbt-dbs/pbt/geth/chaindata/ancient/chain readonly=true
INFO [06-01|13:07:34.495] Opened Era store                         datadir=/mnt/state_expiry_vol_data/ubt-vs-pbt-dbs/pbt/geth/chaindata/ancient/chain/era
INFO [06-01|13:07:34.503] Initializing the KZG library             backend=gokzg
INFO [06-01|13:07:34.504] Allocated trie memory caches             clean=614.00MiB dirty=1.00GiB
INFO [06-01|13:07:34.513] Using pebble as the backing database
INFO [06-01|13:07:34.513] Allocated cache and file handles         database=/mnt/state_expiry_vol_data/ubt-vs-pbt-dbs/pbt/geth/chaindata cache=2.00GiB handles=262,144
INFO [06-01|13:07:34.734] Opened ancient database                  database=/mnt/state_expiry_vol_data/ubt-vs-pbt-dbs/pbt/geth/chaindata/ancient/chain readonly=false
INFO [06-01|13:07:34.734] Opened Era store                         datadir=/mnt/state_expiry_vol_data/ubt-vs-pbt-dbs/pbt/geth/chaindata/ancient/chain/era
INFO [06-01|13:07:34.741] State scheme set to already existing     scheme=path
INFO [06-01|13:07:34.745] Initialising Ethereum protocol           network=1337 dbversion=9
WARN [06-01|13:07:34.745] Sanitizing invalid node buffer size      provided=1.00GiB updated=256.00MiB
INFO [06-01|13:07:34.746] Load database journal from file          path=/mnt/state_expiry_vol_data/ubt-vs-pbt-dbs/pbt/geth/triedb/verkle.journal
INFO [06-01|13:07:34.908] Opened ancient database                  database=/mnt/state_expiry_vol_data/ubt-vs-pbt-dbs/pbt/geth/chaindata/ancient/state_verkle readonly=false
INFO [06-01|13:07:34.909] State snapshot generator is not compatible
INFO [06-01|13:07:34.909] Initialized path database                triecache=614.00MiB statecache=409.00MiB buffer=256.00MiB state-history="last 90000 blocks" journal-dir=/mnt/state_expiry_vol_data/ubt-vs-pbt-dbs/pbt/geth/triedb verkle=true
INFO [06-01|13:07:34.910] 
INFO [06-01|13:07:34.910] ---------------------------------------------------------------------------------------------------------------------------------------------------------
INFO [06-01|13:07:34.910] Chain ID:  1337 (unknown)
INFO [06-01|13:07:34.910] Consensus: unknown
INFO [06-01|13:07:34.910] 
INFO [06-01|13:07:34.910] Pre-Merge hard forks (block based):
INFO [06-01|13:07:34.910]  - Homestead:                   #0       
INFO [06-01|13:07:34.910]  - Tangerine Whistle (EIP 150): #0       
INFO [06-01|13:07:34.910]  - Spurious Dragon/1 (EIP 155): #0       
INFO [06-01|13:07:34.910]  - Spurious Dragon/2 (EIP 158): #0       
INFO [06-01|13:07:34.910]  - Byzantium:                   #0       
INFO [06-01|13:07:34.910]  - Constantinople:              #0       
INFO [06-01|13:07:34.910]  - Petersburg:                  #0       
INFO [06-01|13:07:34.910]  - Istanbul:                    #0       
INFO [06-01|13:07:34.910]  - Berlin:                      #0       
INFO [06-01|13:07:34.910]  - London:                      #0       
INFO [06-01|13:07:34.910]  - Arrow Glacier:               #0       
INFO [06-01|13:07:34.910]  - Gray Glacier:                #0       
INFO [06-01|13:07:34.910] 
INFO [06-01|13:07:34.910] Merge configured:
INFO [06-01|13:07:34.910]  - Total terminal difficulty:  0
INFO [06-01|13:07:34.910]  - Merge netsplit block:       #0       
INFO [06-01|13:07:34.910] 
INFO [06-01|13:07:34.910] Post-Merge hard forks (timestamp based):
INFO [06-01|13:07:34.910]  - Shanghai:                    @0         
INFO [06-01|13:07:34.910]  - Cancun:                      @0          blob: (target: 3, max: 6, fraction: 3338477)
INFO [06-01|13:07:34.910]  - Prague:                      @0          blob: (target: 6, max: 9, fraction: 5007716)
INFO [06-01|13:07:34.910]  - Osaka:                       @0          blob: (target: 6, max: 9, fraction: 5007716)
INFO [06-01|13:07:34.910]  - UBT:                         @0          blob: (nil)
INFO [06-01|13:07:34.910] 
INFO [06-01|13:07:34.910] All fork specifications can be found at https://ethereum.github.io/execution-specs/src/ethereum/forks/
INFO [06-01|13:07:34.910] 
INFO [06-01|13:07:34.910] ---------------------------------------------------------------------------------------------------------------------------------------------------------
INFO [06-01|13:07:34.910] 
INFO [06-01|13:07:34.910] Loaded most recent local block           number=5061 hash=3a828a..226e37 age=3s
INFO [06-01|13:07:34.910] Loaded most recent local finalized block number=5056 hash=177ec8..050dba age=8s
INFO [06-01|13:07:34.911] Initialized transaction indexer          range="last 2350000 blocks"
INFO [06-01|13:07:34.911] Initialized log indexer                  firstblock=0 lastblock=5061 firstmap=0 lastmap=0 headindexed=true
INFO [06-01|13:07:34.939] Enabled full-sync                        head=5061 hash=3a828a..226e37
INFO [06-01|13:07:34.939] Unprotected transactions allowed
INFO [06-01|13:07:34.939] Gasprice oracle is ignoring threshold set threshold=2
INFO [06-01|13:07:34.940] Registered sync override service
WARN [06-01|13:07:34.940] You are running Geth in --dev mode. Please note the following:
WARN [06-01|13:07:34.940] 
WARN [06-01|13:07:34.940]   1. This mode is only intended for fast, iterative development without assumptions on
WARN [06-01|13:07:34.940]      security or persistence.
WARN [06-01|13:07:34.940]   2. The database is created in memory unless specified otherwise. Therefore, shutting down
WARN [06-01|13:07:34.940]      your computer or losing power will wipe your entire block data and chain state for
WARN [06-01|13:07:34.940]      your dev environment.
WARN [06-01|13:07:34.940]   3. A random, pre-allocated developer account will be available and unlocked as
WARN [06-01|13:07:34.940]      eth.coinbase, which can be used for testing. The random dev account is temporary,
WARN [06-01|13:07:34.940]      stored on a ramdisk, and will be lost if your machine is restarted.
WARN [06-01|13:07:34.940]   4. Mining is enabled by default. However, the client will only seal blocks if transactions
WARN [06-01|13:07:34.940]      are pending in the mempool. The miner's minimum accepted gas price is 1.
WARN [06-01|13:07:34.940]   5. Networking is disabled; there is no listen-address, the maximum number of peers is set
WARN [06-01|13:07:34.940]      to 0, and discovery is disabled.
WARN [06-01|13:07:34.940] 
INFO [06-01|13:07:34.940] Starting peer-to-peer node               instance=Geth/v1.17.3-unstable/linux-amd64/go1.24.9
WARN [06-01|13:07:34.940] P2P server will be useless, neither dialing nor listening
INFO [06-01|13:07:35.007] IPC endpoint opened                      url=/mnt/state_expiry_vol_data/ubt-vs-pbt-dbs/pbt/geth.ipc
ERROR[06-01|13:07:35.007] Unavailable modules in HTTP API list     unavailable=[personal] available="[admin debug web3 eth txpool miner net dev testing]"
INFO [06-01|13:07:35.007] New local node record                    seq=1,780,292,694,946 id=972c5cc0b2a1895c ip=127.0.0.1 udp=0 tcp=0
INFO [06-01|13:07:35.007] Started P2P networking                   self=enode://16ec6c0bde109d66472afe00ec8fee3d30718d830d1acf0829842abca89b82afff8a454636cde3b26d700f98647938c6f23e7bee3027caca0d7f19e4b3725e13@127.0.0.1:0
INFO [06-01|13:07:35.007] HTTP server started                      endpoint=127.0.0.1:8545 auth=false prefix= cors= vhosts=localhost
INFO [06-01|13:07:35.007] WebSocket enabled                        url=ws://127.0.0.1:8546
INFO [06-01|13:07:35.442] Loaded local transaction journal         transactions=3561 dropped=0
INFO [06-01|13:07:35.979] Started log indexer
INFO [06-01|13:07:36.036] Starting work on payload                 id=0x030e134f44f7dc4f
INFO [06-01|13:07:36.057] Updated payload                          id=0x030e134f44f7dc4f number=5062 hash=71f8d8..bfd9e2 txs=0 withdrawals=0 gas=0 fees=0 root=d6f8fa..c3b4ed elapsed=20.542ms
INFO [06-01|13:07:36.057] Stopping work on payload                 id=0x030e134f44f7dc4f reason=delivery
WARN [06-01|13:07:36.066] {"level":"warn","msg":"Slow block","block":{"number":5062,"hash":"0x71f8d81718e494eb744c6e756db579ecc420a77b0c844d38f2fc719560bfd9e2","gas_used":0,"tx_count":0},"timing":{"execution_ms":0.047753,"state_read_ms":8.219384,"state_hash_ms":0.003175,"commit_ms":0.395219,"total_ms":8.931822},"throughput":{"mgas_per_sec":0},"state_reads":{"accounts":4,"storage_slots":0,"code":0,"code_bytes":0},"state_writes":{"accounts":0,"accounts_deleted":0,"storage_slots":0,"storage_slots_deleted":0,"code":0,"code_bytes":0},"cache":{"account":{"hits":0,"misses":4,"hit_rate":0},"storage":{"hits":0,"misses":0,"hit_rate":0},"code":{"hits":0,"misses":0,"hit_rate":0,"hit_bytes":0,"miss_bytes":0}}}
INFO [06-01|13:07:36.066] Imported new potential chain segment     number=5062 hash=71f8d8..bfd9e2 blocks=1 txs=0 mgas=0.000 elapsed=9.414ms  mgasps=0.000 triediffs=10.31MiB triedirty=39.69KiB
INFO [06-01|13:07:36.067] Chain head was updated                   number=5062 hash=71f8d8..bfd9e2 root=d6f8fa..c3b4ed elapsed="94.183µs"
INFO [06-01|13:07:37.072] Starting work on payload                 id=0x03f5a192acc44653
INFO [06-01|13:07:37.096] Updated payload                          id=0x03f5a192acc44653 number=5063 hash=f8ab97..48cdac txs=0 withdrawals=0 gas=0 fees=0 root=d6f8fa..c3b4ed elapsed=23.482ms
INFO [06-01|13:07:37.096] Stopping work on payload                 id=0x03f5a192acc44653 reason=delivery
WARN [06-01|13:07:37.119] {"level":"warn","msg":"Slow block","block":{"number":5063,"hash":"0xf8ab971e7add1985381203228a7c341fb18d5585dc55b1a105303930eb48cdac","gas_used":0,"tx_count":0},"timing":{"execution_ms":0.038548,"state_read_ms":22.490393,"state_hash_ms":0.002762,"commit_ms":0.131692,"total_ms":22.832678},"throughput":{"mgas_per_sec":0},"state_reads":{"accounts":4,"storage_slots":0,"code":0,"code_bytes":0},"state_writes":{"accounts":0,"accounts_deleted":0,"storage_slots":0,"storage_slots_deleted":0,"code":0,"code_bytes":0},"cache":{"account":{"hits":0,"misses":4,"hit_rate":0},"storage":{"hits":0,"misses":0,"hit_rate":0},"code":{"hits":0,"misses":0,"hit_rate":0,"hit_bytes":0,"miss_bytes":0}}}
INFO [06-01|13:07:37.119] Imported new potential chain segment     number=5063 hash=f8ab97..48cdac blocks=1 txs=0 mgas=0.000 elapsed=23.010ms   mgasps=0.000 triediffs=10.31MiB triedirty=39.69KiB
INFO [06-01|13:07:37.119] Chain head was updated                   number=5063 hash=f8ab97..48cdac root=d6f8fa..c3b4ed elapsed="31.469µs"
INFO [06-01|13:07:38.136] Starting work on payload                 id=0x03703bbcacd5b493
INFO [06-01|13:07:38.159] Updated payload                          id=0x03703bbcacd5b493 number=5064 hash=b235b1..12c7d5 txs=0 withdrawals=0 gas=0 fees=0 root=d6f8fa..c3b4ed elapsed=22.478ms
INFO [06-01|13:07:38.159] Stopping work on payload                 id=0x03703bbcacd5b493 reason=delivery
WARN [06-01|13:07:38.168] {"level":"warn","msg":"Slow block","block":{"number":5064,"hash":"0xb235b1c61d5815c62dcbc1f0f7a769146d0aca1e9b09456d353e3e6d7112c7d5","gas_used":0,"tx_count":0},"timing":{"execution_ms":0.049092,"state_read_ms":8.449842,"state_hash_ms":0.00286,"commit_ms":0.182242,"total_ms":8.843613},"throughput":{"mgas_per_sec":0},"state_reads":{"accounts":4,"storage_slots":0,"code":0,"code_bytes":0},"state_writes":{"accounts":0,"accounts_deleted":0,"storage_slots":0,"storage_slots_deleted":0,"code":0,"code_bytes":0},"cache":{"account":{"hits":0,"misses":4,"hit_rate":0},"storage":{"hits":0,"misses":0,"hit_rate":0},"code":{"hits":0,"misses":0,"hit_rate":0,"hit_bytes":0,"miss_bytes":0}}}
INFO [06-01|13:07:38.168] Imported new potential chain segment     number=5064 hash=b235b1..12c7d5 blocks=1 txs=0 mgas=0.000 elapsed=9.046ms    mgasps=0.000 triediffs=10.31MiB triedirty=39.69KiB
INFO [06-01|13:07:38.168] Chain head was updated                   number=5064 hash=b235b1..12c7d5 root=d6f8fa..c3b4ed elapsed="80.722µs"
INFO [06-01|13:07:38.440] Submitted contract creation              hash=0xff8ea426f2b841415b957a4d03670c9fcb7c6474eab46aff14342146b3ecfcf3 from=0xf39Fd6e51aad88F6F4ce6aB8827279cffFb92266 nonce=1525 contract=0x8e32b3a6D82DdD3a5d9E327eBAe8FE1e8a5Ba61e value=0
INFO [06-01|13:07:38.440] Submitted transaction                    hash=0x5d823bef7764eaa3cc9cb7b27f8fe114504276668fbab60a30c53f76b35b2824 from=0xf39Fd6e51aad88F6F4ce6aB8827279cffFb92266 nonce=1526 recipient=0x528C99Cc52932ef6114c45872D6Ab1076d89dc36 value=78,000,000
INFO [06-01|13:07:39.187] Starting work on payload                 id=0x035b770830e0c8d0
INFO [06-01|13:07:39.247] Updated payload                          id=0x035b770830e0c8d0 number=5065 hash=6cdfc9..2ae01e txs=2 withdrawals=0 gas=86120 fees=5.1672e-13 root=0954f7..09c8d2 elapsed=60.213ms
INFO [06-01|13:07:39.247] Stopping work on payload                 id=0x035b770830e0c8d0 reason=delivery
WARN [06-01|13:07:39.275] {"level":"warn","msg":"Slow block","block":{"number":5065,"hash":"0x6cdfc9f104b37db03d1cbe828f709fe8d31df76b98b43dd2cbd967a2712ae01e","gas_used":86120,"tx_count":2},"timing":{"execution_ms":0.10962,"state_read_ms":20.158482,"state_hash_ms":3.012258,"commit_ms":4.322503,"total_ms":27.854387},"throughput":{"mgas_per_sec":3.0917930450237514},"state_reads":{"accounts":11,"storage_slots":0,"code":0,"code_bytes":0},"state_writes":{"accounts":3,"accounts_deleted":0,"storage_slots":0,"storage_slots_deleted":0,"code":1,"code_bytes":155},"cache":{"account":{"hits":5,"misses":6,"hit_rate":45.45454545454545},"storage":{"hits":0,"misses":0,"hit_rate":0},"code":{"hits":0,"misses":0,"hit_rate":0,"hit_bytes":0,"miss_bytes":0}}}
INFO [06-01|13:07:39.275] Imported new potential chain segment     number=5065 hash=6cdfc9..2ae01e blocks=1 txs=2 mgas=0.086 elapsed=28.041ms   mgasps=3.071 triediffs=10.29MiB triedirty=52.70KiB
INFO [06-01|13:07:39.275] Chain head was updated                   number=5065 hash=6cdfc9..2ae01e root=0954f7..09c8d2 elapsed="145.259µs"
INFO [06-01|13:07:39.464] Submitted transaction                    hash=0xeb82c2eb228f0b40ad8a442c2863d5b5c1591e0e069d02ea12e5fef8005f589c from=0x528C99Cc52932ef6114c45872D6Ab1076d89dc36 nonce=0    recipient=0x8e32b3a6D82DdD3a5d9E327eBAe8FE1e8a5Ba61e value=0
INFO [06-01|13:07:40.282] Starting work on payload                 id=0x03892babfc2e925b
INFO [06-01|13:07:40.440] Updated payload                          id=0x03892babfc2e925b number=5066 hash=a36e43..08709b txs=1 withdrawals=0 gas=5,900,418 fees=3.5402508e-11 root=8d79a7..0c9351 elapsed=158.899ms
INFO [06-01|13:07:40.441] Stopping work on payload                 id=0x03892babfc2e925b reason=delivery
WARN [06-01|13:07:40.582] {"level":"warn","msg":"Slow block","block":{"number":5066,"hash":"0xa36e43a24deed6b6e7c9c8a16d7a7ec5df374b4592eb680e447b6eeef808709b","gas_used":5900418,"tx_count":1},"timing":{"execution_ms":112.863703,"state_read_ms":22.147694,"state_hash_ms":4.260942,"commit_ms":1.459686,"total_ms":141.232063},"throughput":{"mgas_per_sec":41.77817610722007},"state_reads":{"accounts":8,"storage_slots":258,"code":2,"code_bytes":183},"state_writes":{"accounts":2,"accounts_deleted":0,"storage_slots":0,"storage_slots_deleted":0,"code":0,"code_bytes":0},"cache":{"account":{"hits":4,"misses":4,"hit_rate":50},"storage":{"hits":128,"misses":130,"hit_rate":49.6124031007752},"code":{"hits":2,"misses":0,"hit_rate":100,"hit_bytes":183,"miss_bytes":0}}}
INFO [06-01|13:07:40.582] Imported new potential chain segment     number=5066 hash=a36e43..08709b blocks=1 txs=1 mgas=5.900 elapsed=141.443ms   mgasps=41.716 triediffs=10.29MiB triedirty=52.70KiB
INFO [06-01|13:07:40.583] Chain head was updated                   number=5066 hash=a36e43..08709b root=8d79a7..0c9351 elapsed="118.733µs"
INFO [06-01|13:07:41.482] Submitted transaction                    hash=0x2e851a8c5d5aaffdfc48266f652d1e18668f708af8981c10d0bf73b15b647f08 from=0x528C99Cc52932ef6114c45872D6Ab1076d89dc36 nonce=1    recipient=0xf39Fd6e51aad88F6F4ce6aB8827279cffFb92266 value=1,042,566
INFO [06-01|13:07:41.588] Starting work on payload                 id=0x0372dba544f9120d
INFO [06-01|13:07:41.611] Updated payload                          id=0x0372dba544f9120d number=5067 hash=6498ba..281ba9 txs=1 withdrawals=0 gas=21000     fees=2.1e-14       root=26fe81..94101c elapsed=23.001ms
INFO [06-01|13:07:41.611] Stopping work on payload                 id=0x0372dba544f9120d reason=delivery
WARN [06-01|13:07:41.637] {"level":"warn","msg":"Slow block","block":{"number":5067,"hash":"0x6498bae5b7910ff77a34bcf6ea2a48a9b11635deae55a5ed197041d77e281ba9","gas_used":21000,"tx_count":1},"timing":{"execution_ms":0.090485,"state_read_ms":21.725265,"state_hash_ms":2.427295,"commit_ms":0.921592,"total_ms":25.412004},"throughput":{"mgas_per_sec":0.8263811071334634},"state_reads":{"accounts":6,"storage_slots":0,"code":0,"code_bytes":0},"state_writes":{"accounts":2,"accounts_deleted":0,"storage_slots":0,"storage_slots_deleted":0,"code":0,"code_bytes":0},"cache":{"account":{"hits":2,"misses":4,"hit_rate":33.33333333333333},"storage":{"hits":0,"misses":0,"hit_rate":0},"code":{"hits":0,"misses":0,"hit_rate":0,"hit_bytes":0,"miss_bytes":0}}}
INFO [06-01|13:07:41.637] Imported new potential chain segment     number=5067 hash=6498ba..281ba9 blocks=1 txs=1 mgas=0.021 elapsed=25.660ms    mgasps=0.818  triediffs=10.28MiB triedirty=60.65KiB
INFO [06-01|13:07:41.639] Chain head was updated                   number=5067 hash=6498ba..281ba9 root=26fe81..94101c elapsed="104.004µs"
INFO [06-01|13:07:42.661] Starting work on payload                 id=0x03422cbb33d7e05f
INFO [06-01|13:07:42.688] Updated payload                          id=0x03422cbb33d7e05f number=5068 hash=49407b..0df620 txs=0 withdrawals=0 gas=0         fees=0             root=26fe81..94101c elapsed=27.400ms
INFO [06-01|13:07:42.689] Stopping work on payload                 id=0x03422cbb33d7e05f reason=delivery
WARN [06-01|13:07:42.693] {"level":"warn","msg":"Slow block","block":{"number":5068,"hash":"0x49407bb8e2614542e8012293ca7e50c2ffdb6a77e7bc8dc38a120089ea0df620","gas_used":0,"tx_count":0},"timing":{"execution_ms":0.047295,"state_read_ms":3.394218,"state_hash_ms":0.002002,"commit_ms":0.155461,"total_ms":3.802261},"throughput":{"mgas_per_sec":0},"state_reads":{"accounts":4,"storage_slots":0,"code":0,"code_bytes":0},"state_writes":{"accounts":0,"accounts_deleted":0,"storage_slots":0,"storage_slots_deleted":0,"code":0,"code_bytes":0},"cache":{"account":{"hits":0,"misses":4,"hit_rate":0},"storage":{"hits":0,"misses":0,"hit_rate":0},"code":{"hits":0,"misses":0,"hit_rate":0,"hit_bytes":0,"miss_bytes":0}}}
INFO [06-01|13:07:42.693] Imported new potential chain segment     number=5068 hash=49407b..0df620 blocks=1 txs=0 mgas=0.000 elapsed=4.002ms     mgasps=0.000  triediffs=10.28MiB triedirty=60.65KiB
INFO [06-01|13:07:42.693] Chain head was updated                   number=5068 hash=49407b..0df620 root=26fe81..94101c elapsed="72.038µs"
