WARN [06-01|13:40:28.337] Unknown config environment variable      envvar=GETH_PBT_BIN
WARN [06-01|13:40:28.337] Unknown config environment variable      envvar=GETH_UBT_BIN
INFO [06-01|13:40:28.348] Starting Geth on Ethereum mainnet...
INFO [06-01|13:40:28.351] Maximum peer count                       ETH=0 total=0
INFO [06-01|13:40:28.352] Smartcard socket not found, disabling    err="stat /run/pcscd/pcscd.comm: no such file or directory"
WARN [06-01|13:40:28.357] Option --miner.etherbase is deprecated as the etherbase is set by the consensus client post-merge
INFO [06-01|13:40:28.359] Set global gas cap                       cap=50,000,000
INFO [06-01|13:40:29.167] Using developer account                  address=0xf39Fd6e51aad88F6F4ce6aB8827279cffFb92266
INFO [06-01|13:40:29.206] Using pebble as the backing database
INFO [06-01|13:40:29.206] Allocated cache and file handles         database=/mnt/state_expiry_vol_data/ubt-vs-pbt-dbs/pbt/geth/chaindata cache=2.00GiB handles=262,144
INFO [06-01|13:40:29.421] Opened ancient database                  database=/mnt/state_expiry_vol_data/ubt-vs-pbt-dbs/pbt/geth/chaindata/ancient/chain readonly=true
INFO [06-01|13:40:29.421] Opened Era store                         datadir=/mnt/state_expiry_vol_data/ubt-vs-pbt-dbs/pbt/geth/chaindata/ancient/chain/era
INFO [06-01|13:40:29.429] Initializing the KZG library             backend=gokzg
INFO [06-01|13:40:29.430] Allocated trie memory caches             clean=614.00MiB dirty=1.00GiB
INFO [06-01|13:40:29.438] Using pebble as the backing database
INFO [06-01|13:40:29.438] Allocated cache and file handles         database=/mnt/state_expiry_vol_data/ubt-vs-pbt-dbs/pbt/geth/chaindata cache=2.00GiB handles=262,144
INFO [06-01|13:40:29.651] Opened ancient database                  database=/mnt/state_expiry_vol_data/ubt-vs-pbt-dbs/pbt/geth/chaindata/ancient/chain readonly=false
INFO [06-01|13:40:29.651] Opened Era store                         datadir=/mnt/state_expiry_vol_data/ubt-vs-pbt-dbs/pbt/geth/chaindata/ancient/chain/era
INFO [06-01|13:40:29.657] State scheme set to already existing     scheme=path
INFO [06-01|13:40:29.668] Initialising Ethereum protocol           network=1337 dbversion=9
WARN [06-01|13:40:29.668] Sanitizing invalid node buffer size      provided=1.00GiB updated=256.00MiB
INFO [06-01|13:40:29.669] Load database journal from file          path=/mnt/state_expiry_vol_data/ubt-vs-pbt-dbs/pbt/geth/triedb/verkle.journal
INFO [06-01|13:40:29.982] Opened ancient database                  database=/mnt/state_expiry_vol_data/ubt-vs-pbt-dbs/pbt/geth/chaindata/ancient/state_verkle readonly=false
INFO [06-01|13:40:29.984] State snapshot generator is not compatible
INFO [06-01|13:40:29.984] Initialized path database                triecache=614.00MiB statecache=409.00MiB buffer=256.00MiB state-history="last 90000 blocks" journal-dir=/mnt/state_expiry_vol_data/ubt-vs-pbt-dbs/pbt/geth/triedb verkle=true
INFO [06-01|13:40:29.984] 
INFO [06-01|13:40:29.984] ---------------------------------------------------------------------------------------------------------------------------------------------------------
INFO [06-01|13:40:29.984] Chain ID:  1337 (unknown)
INFO [06-01|13:40:29.984] Consensus: unknown
INFO [06-01|13:40:29.984] 
INFO [06-01|13:40:29.984] Pre-Merge hard forks (block based):
INFO [06-01|13:40:29.984]  - Homestead:                   #0       
INFO [06-01|13:40:29.984]  - Tangerine Whistle (EIP 150): #0       
INFO [06-01|13:40:29.984]  - Spurious Dragon/1 (EIP 155): #0       
INFO [06-01|13:40:29.984]  - Spurious Dragon/2 (EIP 158): #0       
INFO [06-01|13:40:29.984]  - Byzantium:                   #0       
INFO [06-01|13:40:29.984]  - Constantinople:              #0       
INFO [06-01|13:40:29.984]  - Petersburg:                  #0       
INFO [06-01|13:40:29.984]  - Istanbul:                    #0       
INFO [06-01|13:40:29.984]  - Berlin:                      #0       
INFO [06-01|13:40:29.984]  - London:                      #0       
INFO [06-01|13:40:29.984]  - Arrow Glacier:               #0       
INFO [06-01|13:40:29.984]  - Gray Glacier:                #0       
INFO [06-01|13:40:29.984] 
INFO [06-01|13:40:29.984] Merge configured:
INFO [06-01|13:40:29.984]  - Total terminal difficulty:  0
INFO [06-01|13:40:29.984]  - Merge netsplit block:       #0       
INFO [06-01|13:40:29.984] 
INFO [06-01|13:40:29.984] Post-Merge hard forks (timestamp based):
INFO [06-01|13:40:29.984]  - Shanghai:                    @0         
INFO [06-01|13:40:29.984]  - Cancun:                      @0          blob: (target: 3, max: 6, fraction: 3338477)
INFO [06-01|13:40:29.984]  - Prague:                      @0          blob: (target: 6, max: 9, fraction: 5007716)
INFO [06-01|13:40:29.984]  - Osaka:                       @0          blob: (target: 6, max: 9, fraction: 5007716)
INFO [06-01|13:40:29.984]  - UBT:                         @0          blob: (nil)
INFO [06-01|13:40:29.984] 
INFO [06-01|13:40:29.984] All fork specifications can be found at https://ethereum.github.io/execution-specs/src/ethereum/forks/
INFO [06-01|13:40:29.984] 
INFO [06-01|13:40:29.984] ---------------------------------------------------------------------------------------------------------------------------------------------------------
INFO [06-01|13:40:29.984] 
INFO [06-01|13:40:29.985] Loaded most recent local block           number=6307 hash=3fbc09..e03543 age=3s
INFO [06-01|13:40:29.985] Loaded most recent local finalized block number=6304 hash=15edbc..07a665 age=6s
INFO [06-01|13:40:29.986] Initialized transaction indexer          range="last 2350000 blocks"
INFO [06-01|13:40:29.986] Initialized log indexer                  firstblock=0 lastblock=6307 firstmap=0 lastmap=0 headindexed=true
INFO [06-01|13:40:30.013] Enabled full-sync                        head=6307 hash=3fbc09..e03543
INFO [06-01|13:40:30.014] Unprotected transactions allowed
INFO [06-01|13:40:30.014] Gasprice oracle is ignoring threshold set threshold=2
INFO [06-01|13:40:30.014] Registered sync override service
WARN [06-01|13:40:30.014] You are running Geth in --dev mode. Please note the following:
WARN [06-01|13:40:30.014] 
WARN [06-01|13:40:30.014]   1. This mode is only intended for fast, iterative development without assumptions on
WARN [06-01|13:40:30.014]      security or persistence.
WARN [06-01|13:40:30.014]   2. The database is created in memory unless specified otherwise. Therefore, shutting down
WARN [06-01|13:40:30.014]      your computer or losing power will wipe your entire block data and chain state for
WARN [06-01|13:40:30.014]      your dev environment.
WARN [06-01|13:40:30.014]   3. A random, pre-allocated developer account will be available and unlocked as
WARN [06-01|13:40:30.014]      eth.coinbase, which can be used for testing. The random dev account is temporary,
WARN [06-01|13:40:30.014]      stored on a ramdisk, and will be lost if your machine is restarted.
WARN [06-01|13:40:30.014]   4. Mining is enabled by default. However, the client will only seal blocks if transactions
WARN [06-01|13:40:30.014]      are pending in the mempool. The miner's minimum accepted gas price is 1.
WARN [06-01|13:40:30.014]   5. Networking is disabled; there is no listen-address, the maximum number of peers is set
WARN [06-01|13:40:30.014]      to 0, and discovery is disabled.
WARN [06-01|13:40:30.014] 
INFO [06-01|13:40:30.014] Starting peer-to-peer node               instance=Geth/v1.17.3-unstable/linux-amd64/go1.24.9
WARN [06-01|13:40:30.014] P2P server will be useless, neither dialing nor listening
INFO [06-01|13:40:30.034] IPC endpoint opened                      url=/mnt/state_expiry_vol_data/ubt-vs-pbt-dbs/pbt/geth.ipc
ERROR[06-01|13:40:30.034] Unavailable modules in HTTP API list     unavailable=[personal] available="[admin debug web3 eth txpool miner net dev testing]"
INFO [06-01|13:40:30.035] HTTP server started                      endpoint=127.0.0.1:8545 auth=false prefix= cors= vhosts=localhost
INFO [06-01|13:40:30.035] WebSocket enabled                        url=ws://127.0.0.1:8546
INFO [06-01|13:40:30.035] New local node record                    seq=1,780,292,695,136 id=972c5cc0b2a1895c ip=127.0.0.1 udp=0 tcp=0
INFO [06-01|13:40:30.036] Started P2P networking                   self=enode://16ec6c0bde109d66472afe00ec8fee3d30718d830d1acf0829842abca89b82afff8a454636cde3b26d700f98647938c6f23e7bee3027caca0d7f19e4b3725e13@127.0.0.1:0
INFO [06-01|13:40:30.479] Loaded local transaction journal         transactions=4321 dropped=0
INFO [06-01|13:40:31.001] Started log indexer
INFO [06-01|13:40:31.051] Starting work on payload                 id=0x03db28767664bd73
INFO [06-01|13:40:31.066] Updated payload                          id=0x03db28767664bd73 number=6308 hash=f01ab7..7b68c0 txs=0 withdrawals=0 gas=0 fees=0 root=571d75..5cb15a elapsed=14.975ms
INFO [06-01|13:40:31.067] Stopping work on payload                 id=0x03db28767664bd73 reason=delivery
WARN [06-01|13:40:31.081] {"level":"warn","msg":"Slow block","block":{"number":6308,"hash":"0xf01ab72d3259dd6814257461c0090caa23e21b2a0a76d985d998c6bd2e7b68c0","gas_used":0,"tx_count":0},"timing":{"execution_ms":0.175751,"state_read_ms":13.426685,"state_hash_ms":0.002355,"commit_ms":0.243169,"total_ms":14.065509},"throughput":{"mgas_per_sec":0},"state_reads":{"accounts":4,"storage_slots":0,"code":0,"code_bytes":0},"state_writes":{"accounts":0,"accounts_deleted":0,"storage_slots":0,"storage_slots_deleted":0,"code":0,"code_bytes":0},"cache":{"account":{"hits":0,"misses":4,"hit_rate":0},"storage":{"hits":0,"misses":0,"hit_rate":0},"code":{"hits":0,"misses":0,"hit_rate":0,"hit_bytes":0,"miss_bytes":0}}}
INFO [06-01|13:40:31.081] Imported new potential chain segment     number=6308 hash=f01ab7..7b68c0 blocks=1 txs=0 mgas=0.000 elapsed=14.536ms mgasps=0.000 triediffs=19.48MiB triedirty=6.34MiB
INFO [06-01|13:40:31.082] Chain head was updated                   number=6308 hash=f01ab7..7b68c0 root=571d75..5cb15a elapsed="82.575µs"
INFO [06-01|13:40:32.095] Starting work on payload                 id=0x035012ac438f1bcf
INFO [06-01|13:40:32.101] Updated payload                          id=0x035012ac438f1bcf number=6309 hash=a4af2a..c0dbb0 txs=0 withdrawals=0 gas=0 fees=0 root=571d75..5cb15a elapsed=5.453ms
INFO [06-01|13:40:32.105] Stopping work on payload                 id=0x035012ac438f1bcf reason=delivery
WARN [06-01|13:40:32.115] {"level":"warn","msg":"Slow block","block":{"number":6309,"hash":"0xa4af2a64c2fb2b37102a19f4ebdff295919213a4a6f31dc28b19995badc0dbb0","gas_used":0,"tx_count":0},"timing":{"execution_ms":0.043866,"state_read_ms":13.370129,"state_hash_ms":0.003366,"commit_ms":0.286007,"total_ms":13.930132},"throughput":{"mgas_per_sec":0},"state_reads":{"accounts":4,"storage_slots":0,"code":0,"code_bytes":0},"state_writes":{"accounts":0,"accounts_deleted":0,"storage_slots":0,"storage_slots_deleted":0,"code":0,"code_bytes":0},"cache":{"account":{"hits":0,"misses":4,"hit_rate":0},"storage":{"hits":0,"misses":0,"hit_rate":0},"code":{"hits":0,"misses":0,"hit_rate":0,"hit_bytes":0,"miss_bytes":0}}}
INFO [06-01|13:40:32.115] Imported new potential chain segment     number=6309 hash=a4af2a..c0dbb0 blocks=1 txs=0 mgas=0.000 elapsed=14.199ms   mgasps=0.000 triediffs=19.48MiB triedirty=6.34MiB
INFO [06-01|13:40:32.116] Chain head was updated                   number=6309 hash=a4af2a..c0dbb0 root=571d75..5cb15a elapsed="79.916µs"
INFO [06-01|13:40:33.137] Starting work on payload                 id=0x03ee5c6ef8a36412
INFO [06-01|13:40:33.167] Updated payload                          id=0x03ee5c6ef8a36412 number=6310 hash=51a789..b1a605 txs=0 withdrawals=0 gas=0 fees=0 root=571d75..5cb15a elapsed=29.046ms
INFO [06-01|13:40:33.167] Stopping work on payload                 id=0x03ee5c6ef8a36412 reason=delivery
WARN [06-01|13:40:33.181] {"level":"warn","msg":"Slow block","block":{"number":6310,"hash":"0x51a78922d959386ad03ff1f9d60a182c604a3abe0c5fe838d97286047db1a605","gas_used":0,"tx_count":0},"timing":{"execution_ms":0.112088,"state_read_ms":12.902258,"state_hash_ms":0.001848,"commit_ms":0.665616,"total_ms":13.912899},"throughput":{"mgas_per_sec":0},"state_reads":{"accounts":4,"storage_slots":0,"code":0,"code_bytes":0},"state_writes":{"accounts":0,"accounts_deleted":0,"storage_slots":0,"storage_slots_deleted":0,"code":0,"code_bytes":0},"cache":{"account":{"hits":0,"misses":4,"hit_rate":0},"storage":{"hits":0,"misses":0,"hit_rate":0},"code":{"hits":0,"misses":0,"hit_rate":0,"hit_bytes":0,"miss_bytes":0}}}
INFO [06-01|13:40:33.181] Imported new potential chain segment     number=6310 hash=51a789..b1a605 blocks=1 txs=0 mgas=0.000 elapsed=14.238ms   mgasps=0.000 triediffs=19.48MiB triedirty=6.34MiB
INFO [06-01|13:40:33.181] Chain head was updated                   number=6310 hash=51a789..b1a605 root=571d75..5cb15a elapsed="49.471µs"
INFO [06-01|13:40:33.486] Submitted contract creation              hash=0x3c205a2c0c1166a4b21f75ff1ad6b0656a1a886a7db6ada5b5af0d7ec44a77f9 from=0xf39Fd6e51aad88F6F4ce6aB8827279cffFb92266 nonce=1905 contract=0x73Be4F9bD5323ceEC603149186862c86dDa2BB23 value=0
INFO [06-01|13:40:33.486] Submitted transaction                    hash=0xccfa76be68c9a3f42516d2e0dc6692cbe72ce9e649f67b27c596748f01a5bbab from=0xf39Fd6e51aad88F6F4ce6aB8827279cffFb92266 nonce=1906 recipient=0xD4228A6D117baDa9591BF317C8C3CB6E5d206Cfe value=78,000,000
INFO [06-01|13:40:34.205] Starting work on payload                 id=0x03aa27f360205f1d
INFO [06-01|13:40:34.242] Updated payload                          id=0x03aa27f360205f1d number=6311 hash=c5365b..0c62d7 txs=2 withdrawals=0 gas=91710 fees=5.5026e-13 root=dfe1da..e78b31 elapsed=37.163ms
INFO [06-01|13:40:34.243] Stopping work on payload                 id=0x03aa27f360205f1d reason=delivery
WARN [06-01|13:40:34.279] {"level":"warn","msg":"Slow block","block":{"number":6311,"hash":"0xc5365b21171aac2f40ff80924d79f42a584254b6fb4510c207c6d413d00c62d7","gas_used":91710,"tx_count":2},"timing":{"execution_ms":0.462322,"state_read_ms":17.039265,"state_hash_ms":10.788893,"commit_ms":7.401441,"total_ms":36.118173},"throughput":{"mgas_per_sec":2.539164979358175},"state_reads":{"accounts":11,"storage_slots":0,"code":0,"code_bytes":0},"state_writes":{"accounts":3,"accounts_deleted":0,"storage_slots":0,"storage_slots_deleted":0,"code":1,"code_bytes":305},"cache":{"account":{"hits":6,"misses":5,"hit_rate":54.54545454545454},"storage":{"hits":0,"misses":0,"hit_rate":0},"code":{"hits":0,"misses":0,"hit_rate":0,"hit_bytes":0,"miss_bytes":0}}}
INFO [06-01|13:40:34.279] Imported new potential chain segment     number=6311 hash=c5365b..0c62d7 blocks=1 txs=2 mgas=0.092 elapsed=36.331ms   mgasps=2.524 triediffs=18.04MiB triedirty=6.41MiB
INFO [06-01|13:40:34.279] Chain head was updated                   number=6311 hash=c5365b..0c62d7 root=dfe1da..e78b31 elapsed="156.897µs"
INFO [06-01|13:40:34.499] Submitted transaction                    hash=0x502bc27ff47c74c4c634342a29b7df3421ca52db397d04423460eb373076bae5 from=0xD4228A6D117baDa9591BF317C8C3CB6E5d206Cfe nonce=0    recipient=0x73Be4F9bD5323ceEC603149186862c86dDa2BB23 value=0
INFO [06-01|13:40:35.286] Starting work on payload                 id=0x036d1240e74dfd5c
INFO [06-01|13:40:35.392] Updated payload                          id=0x036d1240e74dfd5c number=6312 hash=333569..5524c7 txs=1 withdrawals=0 gas=5,908,267 fees=3.5449602e-11 root=b98943..8d2216 elapsed=105.762ms
INFO [06-01|13:40:35.392] Stopping work on payload                 id=0x036d1240e74dfd5c reason=delivery
WARN [06-01|13:40:35.493] {"level":"warn","msg":"Slow block","block":{"number":6312,"hash":"0x33356980bd488be91da2beba01cd1be09868b7aea4a758601b44dadf9d5524c7","gas_used":5908267,"tx_count":1},"timing":{"execution_ms":60.077608,"state_read_ms":21.113059,"state_hash_ms":15.893881,"commit_ms":1.761912,"total_ms":100.119114},"throughput":{"mgas_per_sec":59.01237799607376},"state_reads":{"accounts":17,"storage_slots":723,"code":11,"code_bytes":585},"state_writes":{"accounts":3,"accounts_deleted":0,"storage_slots":85,"storage_slots_deleted":0,"code":0,"code_bytes":0},"cache":{"account":{"hits":10,"misses":7,"hit_rate":58.82352941176471},"storage":{"hits":144,"misses":579,"hit_rate":19.91701244813278},"code":{"hits":11,"misses":0,"hit_rate":100,"hit_bytes":585,"miss_bytes":0}}}
INFO [06-01|13:40:35.493] Imported new potential chain segment     number=6312 hash=333569..5524c7 blocks=1 txs=1 mgas=5.908 elapsed=100.430ms   mgasps=58.829 triediffs=18.06MiB triedirty=6.41MiB
INFO [06-01|13:40:35.493] Chain head was updated                   number=6312 hash=333569..5524c7 root=b98943..8d2216 elapsed="148.802µs"
INFO [06-01|13:40:35.512] Submitted transaction                    hash=0x6ef0f2bfb454c50e77ae4346e11ba322198c523705d1d4165c0bdac6f5d8bd3c from=0xD4228A6D117baDa9591BF317C8C3CB6E5d206Cfe nonce=1    recipient=0xf39Fd6e51aad88F6F4ce6aB8827279cffFb92266 value=940,529
INFO [06-01|13:40:36.502] Starting work on payload                 id=0x039894029d313551
INFO [06-01|13:40:36.532] Updated payload                          id=0x039894029d313551 number=6313 hash=af85fb..f5ec98 txs=1 withdrawals=0 gas=21000     fees=2.1e-14       root=f7378b..1be3e5 elapsed=29.525ms
INFO [06-01|13:40:36.532] Stopping work on payload                 id=0x039894029d313551 reason=delivery
WARN [06-01|13:40:36.554] {"level":"warn","msg":"Slow block","block":{"number":6313,"hash":"0xaf85fb5fc1a9b25650b228165f92bdf2d8b8f3848bd5be96fc1285c5cbf5ec98","gas_used":21000,"tx_count":1},"timing":{"execution_ms":0.090985,"state_read_ms":18.026207,"state_hash_ms":2.822642,"commit_ms":0.879868,"total_ms":22.035575},"throughput":{"mgas_per_sec":0.9530044031072482},"state_reads":{"accounts":6,"storage_slots":0,"code":0,"code_bytes":0},"state_writes":{"accounts":2,"accounts_deleted":0,"storage_slots":0,"storage_slots_deleted":0,"code":0,"code_bytes":0},"cache":{"account":{"hits":2,"misses":4,"hit_rate":33.33333333333333},"storage":{"hits":0,"misses":0,"hit_rate":0},"code":{"hits":0,"misses":0,"hit_rate":0,"hit_bytes":0,"miss_bytes":0}}}
INFO [06-01|13:40:36.554] Imported new potential chain segment     number=6313 hash=af85fb..f5ec98 blocks=1 txs=1 mgas=0.021 elapsed=22.184ms    mgasps=0.947  triediffs=18.06MiB triedirty=6.42MiB
INFO [06-01|13:40:36.555] Chain head was updated                   number=6313 hash=af85fb..f5ec98 root=f7378b..1be3e5 elapsed="75.818µs"
INFO [06-01|13:40:37.560] Starting work on payload                 id=0x03cec5017c5cc94b
INFO [06-01|13:40:37.583] Updated payload                          id=0x03cec5017c5cc94b number=6314 hash=b40430..ca3f47 txs=0 withdrawals=0 gas=0         fees=0             root=f7378b..1be3e5 elapsed=23.232ms
INFO [06-01|13:40:37.584] Stopping work on payload                 id=0x03cec5017c5cc94b reason=delivery
WARN [06-01|13:40:37.587] {"level":"warn","msg":"Slow block","block":{"number":6314,"hash":"0xb404305db070c0d13664f20e3bcc85e7d752ce6a70c60bf93be4e6b572ca3f47","gas_used":0,"tx_count":0},"timing":{"execution_ms":0.024943,"state_read_ms":2.606224,"state_hash_ms":0.001357,"commit_ms":0.115904,"total_ms":2.920592},"throughput":{"mgas_per_sec":0},"state_reads":{"accounts":4,"storage_slots":0,"code":0,"code_bytes":0},"state_writes":{"accounts":0,"accounts_deleted":0,"storage_slots":0,"storage_slots_deleted":0,"code":0,"code_bytes":0},"cache":{"account":{"hits":0,"misses":4,"hit_rate":0},"storage":{"hits":0,"misses":0,"hit_rate":0},"code":{"hits":0,"misses":0,"hit_rate":0,"hit_bytes":0,"miss_bytes":0}}}
INFO [06-01|13:40:37.587] Imported new potential chain segment     number=6314 hash=b40430..ca3f47 blocks=1 txs=0 mgas=0.000 elapsed=3.042ms     mgasps=0.000  triediffs=18.06MiB triedirty=6.42MiB
INFO [06-01|13:40:37.587] Chain head was updated                   number=6314 hash=b40430..ca3f47 root=f7378b..1be3e5 elapsed="36.888µs"
