WARN [06-01|09:55:52.101] Unknown config environment variable      envvar=GETH_PBT_BIN
WARN [06-01|09:55:52.102] Unknown config environment variable      envvar=GETH_UBT_BIN
INFO [06-01|09:55:52.112] Starting Geth on Ethereum mainnet...
INFO [06-01|09:55:52.114] Maximum peer count                       ETH=0 total=0
INFO [06-01|09:55:52.116] Smartcard socket not found, disabling    err="stat /run/pcscd/pcscd.comm: no such file or directory"
WARN [06-01|09:55:52.120] Option --miner.etherbase is deprecated as the etherbase is set by the consensus client post-merge
WARN [06-01|09:55:52.122] Snap sync requested, resetting --cache.snapshot
INFO [06-01|09:55:52.122] Set global gas cap                       cap=50,000,000
INFO [06-01|09:55:52.937] Using developer account                  address=0xf39Fd6e51aad88F6F4ce6aB8827279cffFb92266
INFO [06-01|09:55:52.975] Using pebble as the backing database
INFO [06-01|09:55:52.975] Allocated cache and file handles         database=/mnt/state_expiry_vol_data/ubt-vs-pbt-dbs/pbt/geth/chaindata cache=16.00MiB handles=262,144
INFO [06-01|09:55:53.181] Opened ancient database                  database=/mnt/state_expiry_vol_data/ubt-vs-pbt-dbs/pbt/geth/chaindata/ancient/chain readonly=true
INFO [06-01|09:55:53.181] Opened Era store                         datadir=/mnt/state_expiry_vol_data/ubt-vs-pbt-dbs/pbt/geth/chaindata/ancient/chain/era
INFO [06-01|09:55:53.188] Initializing the KZG library             backend=gokzg
INFO [06-01|09:55:53.190] Allocated trie memory caches             clean=0.00B dirty=0.00B
INFO [06-01|09:55:53.202] Using pebble as the backing database
INFO [06-01|09:55:53.202] Allocated cache and file handles         database=/mnt/state_expiry_vol_data/ubt-vs-pbt-dbs/pbt/geth/chaindata cache=16.00MiB handles=262,144
INFO [06-01|09:55:53.378] Opened ancient database                  database=/mnt/state_expiry_vol_data/ubt-vs-pbt-dbs/pbt/geth/chaindata/ancient/chain readonly=false
INFO [06-01|09:55:53.378] Opened Era store                         datadir=/mnt/state_expiry_vol_data/ubt-vs-pbt-dbs/pbt/geth/chaindata/ancient/chain/era
INFO [06-01|09:55:53.384] State scheme set to already existing     scheme=path
INFO [06-01|09:55:53.385] Initialising Ethereum protocol           network=1337 dbversion=9
INFO [06-01|09:55:53.385] Load database journal from file          path=/mnt/state_expiry_vol_data/ubt-vs-pbt-dbs/pbt/geth/triedb/verkle.journal
INFO [06-01|09:55:53.444] Opened ancient database                  database=/mnt/state_expiry_vol_data/ubt-vs-pbt-dbs/pbt/geth/chaindata/ancient/state_verkle readonly=false
INFO [06-01|09:55:53.446] State snapshot generator is not compatible
INFO [06-01|09:55:53.446] Initialized path database                triecache=0.00B statecache=0.00B buffer=0.00B state-history="last 90000 blocks" journal-dir=/mnt/state_expiry_vol_data/ubt-vs-pbt-dbs/pbt/geth/triedb verkle=true
INFO [06-01|09:55:53.446] 
INFO [06-01|09:55:53.446] ---------------------------------------------------------------------------------------------------------------------------------------------------------
INFO [06-01|09:55:53.446] Chain ID:  1337 (unknown)
INFO [06-01|09:55:53.446] Consensus: unknown
INFO [06-01|09:55:53.446] 
INFO [06-01|09:55:53.446] Pre-Merge hard forks (block based):
INFO [06-01|09:55:53.446]  - Homestead:                   #0       
INFO [06-01|09:55:53.446]  - Tangerine Whistle (EIP 150): #0       
INFO [06-01|09:55:53.446]  - Spurious Dragon/1 (EIP 155): #0       
INFO [06-01|09:55:53.446]  - Spurious Dragon/2 (EIP 158): #0       
INFO [06-01|09:55:53.446]  - Byzantium:                   #0       
INFO [06-01|09:55:53.446]  - Constantinople:              #0       
INFO [06-01|09:55:53.446]  - Petersburg:                  #0       
INFO [06-01|09:55:53.446]  - Istanbul:                    #0       
INFO [06-01|09:55:53.446]  - Berlin:                      #0       
INFO [06-01|09:55:53.446]  - London:                      #0       
INFO [06-01|09:55:53.446]  - Arrow Glacier:               #0       
INFO [06-01|09:55:53.446]  - Gray Glacier:                #0       
INFO [06-01|09:55:53.446] 
INFO [06-01|09:55:53.446] Merge configured:
INFO [06-01|09:55:53.446]  - Total terminal difficulty:  0
INFO [06-01|09:55:53.446]  - Merge netsplit block:       #0       
INFO [06-01|09:55:53.446] 
INFO [06-01|09:55:53.446] Post-Merge hard forks (timestamp based):
INFO [06-01|09:55:53.446]  - Shanghai:                    @0         
INFO [06-01|09:55:53.446]  - Cancun:                      @0          blob: (target: 3, max: 6, fraction: 3338477)
INFO [06-01|09:55:53.446]  - Prague:                      @0          blob: (target: 6, max: 9, fraction: 5007716)
INFO [06-01|09:55:53.446]  - Osaka:                       @0          blob: (target: 6, max: 9, fraction: 5007716)
INFO [06-01|09:55:53.446]  - UBT:                         @0          blob: (nil)
INFO [06-01|09:55:53.446] 
INFO [06-01|09:55:53.446] All fork specifications can be found at https://ethereum.github.io/execution-specs/src/ethereum/forks/
INFO [06-01|09:55:53.446] 
INFO [06-01|09:55:53.446] ---------------------------------------------------------------------------------------------------------------------------------------------------------
INFO [06-01|09:55:53.446] 
INFO [06-01|09:55:53.448] Loaded most recent local block           number=3034 hash=2a959e..867c4b age=3s
INFO [06-01|09:55:53.448] Loaded most recent local finalized block number=3008 hash=c2d26d..036ed6 age=44s
INFO [06-01|09:55:53.449] Initialized transaction indexer          range="last 2350000 blocks"
INFO [06-01|09:55:53.449] Initialized log indexer                  firstblock=0 lastblock=3034 firstmap=0 lastmap=0 headindexed=true
INFO [06-01|09:55:53.494] Enabled full-sync                        head=3034 hash=2a959e..867c4b
INFO [06-01|09:55:53.494] Unprotected transactions allowed
INFO [06-01|09:55:53.494] Gasprice oracle is ignoring threshold set threshold=2
INFO [06-01|09:55:53.495] Registered sync override service
WARN [06-01|09:55:53.495] You are running Geth in --dev mode. Please note the following:
WARN [06-01|09:55:53.495] 
WARN [06-01|09:55:53.495]   1. This mode is only intended for fast, iterative development without assumptions on
WARN [06-01|09:55:53.495]      security or persistence.
WARN [06-01|09:55:53.495]   2. The database is created in memory unless specified otherwise. Therefore, shutting down
WARN [06-01|09:55:53.495]      your computer or losing power will wipe your entire block data and chain state for
WARN [06-01|09:55:53.495]      your dev environment.
WARN [06-01|09:55:53.495]   3. A random, pre-allocated developer account will be available and unlocked as
WARN [06-01|09:55:53.495]      eth.coinbase, which can be used for testing. The random dev account is temporary,
WARN [06-01|09:55:53.495]      stored on a ramdisk, and will be lost if your machine is restarted.
WARN [06-01|09:55:53.495]   4. Mining is enabled by default. However, the client will only seal blocks if transactions
WARN [06-01|09:55:53.495]      are pending in the mempool. The miner's minimum accepted gas price is 1.
WARN [06-01|09:55:53.495]   5. Networking is disabled; there is no listen-address, the maximum number of peers is set
WARN [06-01|09:55:53.495]      to 0, and discovery is disabled.
WARN [06-01|09:55:53.495] 
INFO [06-01|09:55:53.495] Starting peer-to-peer node               instance=Geth/v1.17.3-unstable/linux-amd64/go1.24.9
WARN [06-01|09:55:53.495] P2P server will be useless, neither dialing nor listening
INFO [06-01|09:55:53.526] IPC endpoint opened                      url=/mnt/state_expiry_vol_data/ubt-vs-pbt-dbs/pbt/geth.ipc
ERROR[06-01|09:55:53.526] Unavailable modules in HTTP API list     unavailable=[personal] available="[admin debug web3 eth txpool miner net dev testing]"
INFO [06-01|09:55:53.526] New local node record                    seq=1,780,292,694,637 id=972c5cc0b2a1895c ip=127.0.0.1 udp=0 tcp=0
INFO [06-01|09:55:53.526] Started P2P networking                   self=enode://16ec6c0bde109d66472afe00ec8fee3d30718d830d1acf0829842abca89b82afff8a454636cde3b26d700f98647938c6f23e7bee3027caca0d7f19e4b3725e13@127.0.0.1:0
INFO [06-01|09:55:53.526] HTTP server started                      endpoint=127.0.0.1:8545 auth=false prefix= cors= vhosts=localhost
INFO [06-01|09:55:53.526] WebSocket enabled                        url=ws://127.0.0.1:8546
INFO [06-01|09:55:53.773] Loaded local transaction journal         transactions=2325 dropped=0
INFO [06-01|09:55:54.688] Started log indexer
INFO [06-01|09:55:54.728] Starting work on payload                 id=0x03a748f6eae9a862
INFO [06-01|09:55:54.738] Updated payload                          id=0x03a748f6eae9a862 number=3035 hash=1b78c7..eea3c6 txs=0 withdrawals=0 gas=0 fees=0 root=e3043a..813d09 elapsed=9.480ms
INFO [06-01|09:55:54.738] Stopping work on payload                 id=0x03a748f6eae9a862 reason=delivery
WARN [06-01|09:55:54.744] {"level":"warn","msg":"Slow block","block":{"number":3035,"hash":"0x1b78c7a588a6b8aaee83a97805e083022fb30a40328faac604a90de620eea3c6","gas_used":0,"tx_count":0},"timing":{"execution_ms":0.088613,"state_read_ms":3.355216,"state_hash_ms":0.001698,"commit_ms":1.222639,"total_ms":4.939839},"throughput":{"mgas_per_sec":0},"state_reads":{"accounts":4,"storage_slots":0,"code":0,"code_bytes":0},"state_writes":{"accounts":0,"accounts_deleted":0,"storage_slots":0,"storage_slots_deleted":0,"code":0,"code_bytes":0},"cache":{"account":{"hits":0,"misses":4,"hit_rate":0},"storage":{"hits":0,"misses":0,"hit_rate":0},"code":{"hits":0,"misses":0,"hit_rate":0,"hit_bytes":0,"miss_bytes":0}}}
INFO [06-01|09:55:54.744] Imported new potential chain segment     number=3035 hash=1b78c7..eea3c6 blocks=1 txs=0 mgas=0.000 elapsed=5.383ms mgasps=0.000 triediffs=2.13MiB triedirty=0.00B
INFO [06-01|09:55:54.744] Chain head was updated                   number=3035 hash=1b78c7..eea3c6 root=e3043a..813d09 elapsed="84.309µs"
INFO [06-01|09:55:55.749] Starting work on payload                 id=0x03cac4130528d781
INFO [06-01|09:55:55.753] Updated payload                          id=0x03cac4130528d781 number=3036 hash=0b894a..ad3802 txs=0 withdrawals=0 gas=0 fees=0 root=e3043a..813d09 elapsed=4.435ms
INFO [06-01|09:55:55.757] Stopping work on payload                 id=0x03cac4130528d781 reason=delivery
WARN [06-01|09:55:55.764] {"level":"warn","msg":"Slow block","block":{"number":3036,"hash":"0x0b894ab99122bb55154d2dbf307976a98bd2259b6f6596030a702f9010ad3802","gas_used":0,"tx_count":0},"timing":{"execution_ms":0.041236,"state_read_ms":10.152153,"state_hash_ms":0.002354,"commit_ms":0.090339,"total_ms":10.441646},"throughput":{"mgas_per_sec":0},"state_reads":{"accounts":4,"storage_slots":0,"code":0,"code_bytes":0},"state_writes":{"accounts":0,"accounts_deleted":0,"storage_slots":0,"storage_slots_deleted":0,"code":0,"code_bytes":0},"cache":{"account":{"hits":0,"misses":4,"hit_rate":0},"storage":{"hits":0,"misses":0,"hit_rate":0},"code":{"hits":0,"misses":0,"hit_rate":0,"hit_bytes":0,"miss_bytes":0}}}
INFO [06-01|09:55:55.764] Imported new potential chain segment     number=3036 hash=0b894a..ad3802 blocks=1 txs=0 mgas=0.000 elapsed=10.658ms   mgasps=0.000 triediffs=2.13MiB triedirty=0.00B
INFO [06-01|09:55:55.764] Chain head was updated                   number=3036 hash=0b894a..ad3802 root=e3043a..813d09 elapsed="30.528µs"
INFO [06-01|09:55:56.779] Starting work on payload                 id=0x03925199fc3301bb
INFO [06-01|09:55:56.796] Updated payload                          id=0x03925199fc3301bb number=3037 hash=396476..0104d1 txs=0 withdrawals=0 gas=0 fees=0 root=e3043a..813d09 elapsed=17.862ms
INFO [06-01|09:55:56.797] Stopping work on payload                 id=0x03925199fc3301bb reason=delivery
WARN [06-01|09:55:56.811] {"level":"warn","msg":"Slow block","block":{"number":3037,"hash":"0x396476d8867249b06b7231a52571d1637abaf6214c865277281c16b79b0104d1","gas_used":0,"tx_count":0},"timing":{"execution_ms":0.036265,"state_read_ms":14.025909,"state_hash_ms":0.002489,"commit_ms":0.146146,"total_ms":14.435463},"throughput":{"mgas_per_sec":0},"state_reads":{"accounts":4,"storage_slots":0,"code":0,"code_bytes":0},"state_writes":{"accounts":0,"accounts_deleted":0,"storage_slots":0,"storage_slots_deleted":0,"code":0,"code_bytes":0},"cache":{"account":{"hits":0,"misses":4,"hit_rate":0},"storage":{"hits":0,"misses":0,"hit_rate":0},"code":{"hits":0,"misses":0,"hit_rate":0,"hit_bytes":0,"miss_bytes":0}}}
INFO [06-01|09:55:56.811] Imported new potential chain segment     number=3037 hash=396476..0104d1 blocks=1 txs=0 mgas=0.000 elapsed=14.644ms   mgasps=0.000 triediffs=2.13MiB triedirty=0.00B
INFO [06-01|09:55:56.812] Chain head was updated                   number=3037 hash=396476..0104d1 root=e3043a..813d09 elapsed="59.905µs"
INFO [06-01|09:55:57.024] Submitted contract creation              hash=0x2f7757fb3277d8339768f08cebf5ed8fa9c352a157587038272544733f3164d5 from=0xf39Fd6e51aad88F6F4ce6aB8827279cffFb92266 nonce=907 contract=0xbaee9B65349929Bd78f9878555bF78027Df7f101 value=0
INFO [06-01|09:55:57.024] Submitted transaction                    hash=0x9d657bcf63d85483451442818ec89a0e0ee05f56c44030b573dd2ce4b4726f10 from=0xf39Fd6e51aad88F6F4ce6aB8827279cffFb92266 nonce=908 recipient=0xc0ebcf63903a59bb4851C6DD3f97F97F9e484052 value=78,000,000
INFO [06-01|09:55:57.816] Starting work on payload                 id=0x0376adad68772af6
INFO [06-01|09:55:57.856] Updated payload                          id=0x0376adad68772af6 number=3038 hash=2d684b..36843a txs=2 withdrawals=0 gas=91678 fees=5.50068e-13 root=0b4e15..66db72 elapsed=39.977ms
INFO [06-01|09:55:57.856] Stopping work on payload                 id=0x0376adad68772af6 reason=delivery
INFO [06-01|09:55:57.896] Paused snapshot generation
WARN [06-01|09:55:57.897] {"level":"warn","msg":"Slow block","block":{"number":3038,"hash":"0x2d684b8b25b95b8214b927ef635c89d9f9777f2bdd7aabfea8c840ac1a36843a","gas_used":91678,"tx_count":2},"timing":{"execution_ms":0.164189,"state_read_ms":15.630795,"state_hash_ms":19.562725,"commit_ms":4.47117,"total_ms":40.062498},"throughput":{"mgas_per_sec":2.288374529216825},"state_reads":{"accounts":11,"storage_slots":0,"code":0,"code_bytes":0},"state_writes":{"accounts":3,"accounts_deleted":0,"storage_slots":0,"storage_slots_deleted":0,"code":1,"code_bytes":303},"cache":{"account":{"hits":5,"misses":6,"hit_rate":45.45454545454545},"storage":{"hits":0,"misses":0,"hit_rate":0},"code":{"hits":0,"misses":0,"hit_rate":0,"hit_bytes":0,"miss_bytes":0}}}
INFO [06-01|09:55:57.897] Imported new potential chain segment     number=3038 hash=2d684b..36843a blocks=1 txs=2 mgas=0.092 elapsed=40.254ms   mgasps=2.277 triediffs=2.10MiB triedirty=0.00B
INFO [06-01|09:55:57.897] Chain head was updated                   number=3038 hash=2d684b..36843a root=0b4e15..66db72 elapsed="205.776µs"
WARN [06-01|09:55:57.917] Snapshot generation is not permitted
INFO [06-01|09:55:58.035] Submitted transaction                    hash=0x407c74e3ff9d8e45ef81c9237eee8bbaf0fedadb46cd01b6e3af41556fba6028 from=0xc0ebcf63903a59bb4851C6DD3f97F97F9e484052 nonce=0   recipient=0xbaee9B65349929Bd78f9878555bF78027Df7f101 value=0
INFO [06-01|09:55:58.901] Starting work on payload                 id=0x03b45785e1ece85f
INFO [06-01|09:55:59.007] Updated payload                          id=0x03b45785e1ece85f number=3039 hash=a607cb..777d1c txs=1 withdrawals=0 gas=5,900,119 fees=3.5400714e-11 root=32f570..d421b8 elapsed=105.952ms
INFO [06-01|09:55:59.007] Stopping work on payload                 id=0x03b45785e1ece85f reason=delivery
INFO [06-01|09:55:59.091] Paused snapshot generation
WARN [06-01|09:55:59.091] {"level":"warn","msg":"Slow block","block":{"number":3039,"hash":"0xa607cb93a2e12c573d00b79fb733c0c32553a7e7b23c1676a801e07fb1777d1c","gas_used":5900119,"tx_count":1},"timing":{"execution_ms":66.740096,"state_read_ms":14.09533,"state_hash_ms":2.536542,"commit_ms":0.798415,"total_ms":84.331315},"throughput":{"mgas_per_sec":69.9635597998205},"state_reads":{"accounts":8,"storage_slots":1397,"code":2,"code_bytes":331},"state_writes":{"accounts":2,"accounts_deleted":0,"storage_slots":0,"storage_slots_deleted":0,"code":0,"code_bytes":0},"cache":{"account":{"hits":4,"misses":4,"hit_rate":50},"storage":{"hits":309,"misses":1088,"hit_rate":22.118826055833928},"code":{"hits":2,"misses":0,"hit_rate":100,"hit_bytes":331,"miss_bytes":0}}}
INFO [06-01|09:55:59.091] Imported new potential chain segment     number=3039 hash=a607cb..777d1c blocks=1 txs=1 mgas=5.900 elapsed=84.508ms    mgasps=69.817 triediffs=2.10MiB triedirty=0.00B
INFO [06-01|09:55:59.092] Chain head was updated                   number=3039 hash=a607cb..777d1c root=32f570..d421b8 elapsed="88.886µs"
WARN [06-01|09:55:59.119] Snapshot generation is not permitted
INFO [06-01|09:56:00.052] Submitted transaction                    hash=0x4b6e92e8fbb39fe235f48a1760ce6145a08438a36b7648c5b61c821f467ef917 from=0xc0ebcf63903a59bb4851C6DD3f97F97F9e484052 nonce=1   recipient=0xf39Fd6e51aad88F6F4ce6aB8827279cffFb92266 value=1,046,453
INFO [06-01|09:56:00.096] Starting work on payload                 id=0x03430d4d903adb59
INFO [06-01|09:56:00.111] Updated payload                          id=0x03430d4d903adb59 number=3040 hash=9e31b6..8ee34d txs=1 withdrawals=0 gas=21000     fees=2.1e-14       root=e69f2d..362ddc elapsed=15.500ms
INFO [06-01|09:56:00.112] Stopping work on payload                 id=0x03430d4d903adb59 reason=delivery
INFO [06-01|09:56:00.137] Paused snapshot generation
WARN [06-01|09:56:00.137] {"level":"warn","msg":"Slow block","block":{"number":3040,"hash":"0x9e31b61e9a203a4397f34bcd8d301b96a50fae0cea9872a49fb25f354b8ee34d","gas_used":21000,"tx_count":1},"timing":{"execution_ms":0.057806,"state_read_ms":3.049308,"state_hash_ms":21.689013,"commit_ms":0.611431,"total_ms":25.564282},"throughput":{"mgas_per_sec":0.8214586273144695},"state_reads":{"accounts":6,"storage_slots":0,"code":0,"code_bytes":0},"state_writes":{"accounts":2,"accounts_deleted":0,"storage_slots":0,"storage_slots_deleted":0,"code":0,"code_bytes":0},"cache":{"account":{"hits":2,"misses":4,"hit_rate":33.33333333333333},"storage":{"hits":0,"misses":0,"hit_rate":0},"code":{"hits":0,"misses":0,"hit_rate":0,"hit_bytes":0,"miss_bytes":0}}}
INFO [06-01|09:56:00.137] Imported new potential chain segment     number=3040 hash=9e31b6..8ee34d blocks=1 txs=1 mgas=0.021 elapsed=25.717ms    mgasps=0.817  triediffs=2.10MiB triedirty=0.00B
INFO [06-01|09:56:00.138] Chain head was updated                   number=3040 hash=9e31b6..8ee34d root=e69f2d..362ddc elapsed="62.018µs"
WARN [06-01|09:56:00.158] Snapshot generation is not permitted
INFO [06-01|09:56:01.141] Starting work on payload                 id=0x031bcbf58fd036d7
INFO [06-01|09:56:01.145] Updated payload                          id=0x031bcbf58fd036d7 number=3041 hash=00b7a3..f0133f txs=0 withdrawals=0 gas=0         fees=0             root=e69f2d..362ddc elapsed=3.432ms
INFO [06-01|09:56:01.145] Stopping work on payload                 id=0x031bcbf58fd036d7 reason=delivery
WARN [06-01|09:56:01.148] {"level":"warn","msg":"Slow block","block":{"number":3041,"hash":"0x00b7a32b8066cf1175930f180253cb06d720f727b4737e8f8ad39dfe66f0133f","gas_used":0,"tx_count":0},"timing":{"execution_ms":0.024811,"state_read_ms":2.752303,"state_hash_ms":0.001322,"commit_ms":0.134484,"total_ms":3.078827},"throughput":{"mgas_per_sec":0},"state_reads":{"accounts":4,"storage_slots":0,"code":0,"code_bytes":0},"state_writes":{"accounts":0,"accounts_deleted":0,"storage_slots":0,"storage_slots_deleted":0,"code":0,"code_bytes":0},"cache":{"account":{"hits":0,"misses":4,"hit_rate":0},"storage":{"hits":0,"misses":0,"hit_rate":0},"code":{"hits":0,"misses":0,"hit_rate":0,"hit_bytes":0,"miss_bytes":0}}}
INFO [06-01|09:56:01.148] Imported new potential chain segment     number=3041 hash=00b7a3..f0133f blocks=1 txs=0 mgas=0.000 elapsed=3.220ms     mgasps=0.000  triediffs=2.10MiB triedirty=0.00B
INFO [06-01|09:56:01.149] Chain head was updated                   number=3041 hash=00b7a3..f0133f root=e69f2d..362ddc elapsed="43.943µs"
