WARN [06-01|10:04:32.197] Unknown config environment variable      envvar=GETH_PBT_BIN
WARN [06-01|10:04:32.197] Unknown config environment variable      envvar=GETH_UBT_BIN
INFO [06-01|10:04:32.208] Starting Geth on Ethereum mainnet...
INFO [06-01|10:04:32.210] Maximum peer count                       ETH=0 total=0
INFO [06-01|10:04:32.211] Smartcard socket not found, disabling    err="stat /run/pcscd/pcscd.comm: no such file or directory"
WARN [06-01|10:04:32.218] Option --miner.etherbase is deprecated as the etherbase is set by the consensus client post-merge
WARN [06-01|10:04:32.220] Snap sync requested, resetting --cache.snapshot
INFO [06-01|10:04:32.221] Set global gas cap                       cap=50,000,000
INFO [06-01|10:04:33.024] Using developer account                  address=0xf39Fd6e51aad88F6F4ce6aB8827279cffFb92266
INFO [06-01|10:04:33.063] Using pebble as the backing database
INFO [06-01|10:04:33.063] Allocated cache and file handles         database=/mnt/state_expiry_vol_data/ubt-vs-pbt-dbs/pbt/geth/chaindata cache=16.00MiB handles=262,144
INFO [06-01|10:04:33.265] Opened ancient database                  database=/mnt/state_expiry_vol_data/ubt-vs-pbt-dbs/pbt/geth/chaindata/ancient/chain readonly=true
INFO [06-01|10:04:33.265] Opened Era store                         datadir=/mnt/state_expiry_vol_data/ubt-vs-pbt-dbs/pbt/geth/chaindata/ancient/chain/era
INFO [06-01|10:04:33.272] Initializing the KZG library             backend=gokzg
INFO [06-01|10:04:33.274] Allocated trie memory caches             clean=0.00B dirty=0.00B
INFO [06-01|10:04:33.283] Using pebble as the backing database
INFO [06-01|10:04:33.283] Allocated cache and file handles         database=/mnt/state_expiry_vol_data/ubt-vs-pbt-dbs/pbt/geth/chaindata cache=16.00MiB handles=262,144
INFO [06-01|10:04:33.465] Opened ancient database                  database=/mnt/state_expiry_vol_data/ubt-vs-pbt-dbs/pbt/geth/chaindata/ancient/chain readonly=false
INFO [06-01|10:04:33.465] Opened Era store                         datadir=/mnt/state_expiry_vol_data/ubt-vs-pbt-dbs/pbt/geth/chaindata/ancient/chain/era
INFO [06-01|10:04:33.471] State scheme set to already existing     scheme=path
INFO [06-01|10:04:33.471] Initialising Ethereum protocol           network=1337 dbversion=9
INFO [06-01|10:04:33.471] Load database journal from file          path=/mnt/state_expiry_vol_data/ubt-vs-pbt-dbs/pbt/geth/triedb/verkle.journal
INFO [06-01|10:04:33.510] Opened ancient database                  database=/mnt/state_expiry_vol_data/ubt-vs-pbt-dbs/pbt/geth/chaindata/ancient/state_verkle readonly=false
INFO [06-01|10:04:33.512] State snapshot generator is not compatible
INFO [06-01|10:04:33.512] Initialized path database                triecache=0.00B statecache=0.00B buffer=0.00B state-history="last 90000 blocks" journal-dir=/mnt/state_expiry_vol_data/ubt-vs-pbt-dbs/pbt/geth/triedb verkle=true
INFO [06-01|10:04:33.512] 
INFO [06-01|10:04:33.512] ---------------------------------------------------------------------------------------------------------------------------------------------------------
INFO [06-01|10:04:33.512] Chain ID:  1337 (unknown)
INFO [06-01|10:04:33.512] Consensus: unknown
INFO [06-01|10:04:33.512] 
INFO [06-01|10:04:33.512] Pre-Merge hard forks (block based):
INFO [06-01|10:04:33.512]  - Homestead:                   #0       
INFO [06-01|10:04:33.512]  - Tangerine Whistle (EIP 150): #0       
INFO [06-01|10:04:33.512]  - Spurious Dragon/1 (EIP 155): #0       
INFO [06-01|10:04:33.512]  - Spurious Dragon/2 (EIP 158): #0       
INFO [06-01|10:04:33.512]  - Byzantium:                   #0       
INFO [06-01|10:04:33.512]  - Constantinople:              #0       
INFO [06-01|10:04:33.512]  - Petersburg:                  #0       
INFO [06-01|10:04:33.512]  - Istanbul:                    #0       
INFO [06-01|10:04:33.512]  - Berlin:                      #0       
INFO [06-01|10:04:33.512]  - London:                      #0       
INFO [06-01|10:04:33.512]  - Arrow Glacier:               #0       
INFO [06-01|10:04:33.512]  - Gray Glacier:                #0       
INFO [06-01|10:04:33.512] 
INFO [06-01|10:04:33.512] Merge configured:
INFO [06-01|10:04:33.512]  - Total terminal difficulty:  0
INFO [06-01|10:04:33.512]  - Merge netsplit block:       #0       
INFO [06-01|10:04:33.512] 
INFO [06-01|10:04:33.512] Post-Merge hard forks (timestamp based):
INFO [06-01|10:04:33.512]  - Shanghai:                    @0         
INFO [06-01|10:04:33.512]  - Cancun:                      @0          blob: (target: 3, max: 6, fraction: 3338477)
INFO [06-01|10:04:33.512]  - Prague:                      @0          blob: (target: 6, max: 9, fraction: 5007716)
INFO [06-01|10:04:33.512]  - Osaka:                       @0          blob: (target: 6, max: 9, fraction: 5007716)
INFO [06-01|10:04:33.512]  - UBT:                         @0          blob: (nil)
INFO [06-01|10:04:33.512] 
INFO [06-01|10:04:33.512] All fork specifications can be found at https://ethereum.github.io/execution-specs/src/ethereum/forks/
INFO [06-01|10:04:33.512] 
INFO [06-01|10:04:33.512] ---------------------------------------------------------------------------------------------------------------------------------------------------------
INFO [06-01|10:04:33.512] 
INFO [06-01|10:04:33.515] Loaded most recent local block           number=3368 hash=f2ea9f..aff7e6 age=3s
INFO [06-01|10:04:33.515] Loaded most recent local finalized block number=3360 hash=9f691e..3daef1 age=15s
INFO [06-01|10:04:33.516] Initialized transaction indexer          range="last 2350000 blocks"
INFO [06-01|10:04:33.516] Initialized log indexer                  firstblock=0 lastblock=3368 firstmap=0 lastmap=0 headindexed=true
INFO [06-01|10:04:33.558] Enabled full-sync                        head=3368 hash=f2ea9f..aff7e6
INFO [06-01|10:04:33.558] Unprotected transactions allowed
INFO [06-01|10:04:33.558] Gasprice oracle is ignoring threshold set threshold=2
INFO [06-01|10:04:33.558] Registered sync override service
WARN [06-01|10:04:33.558] You are running Geth in --dev mode. Please note the following:
WARN [06-01|10:04:33.558] 
WARN [06-01|10:04:33.559]   1. This mode is only intended for fast, iterative development without assumptions on
WARN [06-01|10:04:33.559]      security or persistence.
WARN [06-01|10:04:33.559]   2. The database is created in memory unless specified otherwise. Therefore, shutting down
WARN [06-01|10:04:33.559]      your computer or losing power will wipe your entire block data and chain state for
WARN [06-01|10:04:33.559]      your dev environment.
WARN [06-01|10:04:33.559]   3. A random, pre-allocated developer account will be available and unlocked as
WARN [06-01|10:04:33.559]      eth.coinbase, which can be used for testing. The random dev account is temporary,
WARN [06-01|10:04:33.559]      stored on a ramdisk, and will be lost if your machine is restarted.
WARN [06-01|10:04:33.559]   4. Mining is enabled by default. However, the client will only seal blocks if transactions
WARN [06-01|10:04:33.559]      are pending in the mempool. The miner's minimum accepted gas price is 1.
WARN [06-01|10:04:33.559]   5. Networking is disabled; there is no listen-address, the maximum number of peers is set
WARN [06-01|10:04:33.559]      to 0, and discovery is disabled.
WARN [06-01|10:04:33.559] 
INFO [06-01|10:04:33.559] Starting peer-to-peer node               instance=Geth/v1.17.3-unstable/linux-amd64/go1.24.9
WARN [06-01|10:04:33.559] P2P server will be useless, neither dialing nor listening
INFO [06-01|10:04:33.585] New local node record                    seq=1,780,292,694,688 id=972c5cc0b2a1895c ip=127.0.0.1 udp=0 tcp=0
INFO [06-01|10:04:33.585] Started P2P networking                   self=enode://16ec6c0bde109d66472afe00ec8fee3d30718d830d1acf0829842abca89b82afff8a454636cde3b26d700f98647938c6f23e7bee3027caca0d7f19e4b3725e13@127.0.0.1:0
INFO [06-01|10:04:33.585] IPC endpoint opened                      url=/mnt/state_expiry_vol_data/ubt-vs-pbt-dbs/pbt/geth.ipc
ERROR[06-01|10:04:33.585] Unavailable modules in HTTP API list     unavailable=[personal] available="[admin debug web3 eth txpool miner net dev testing]"
INFO [06-01|10:04:33.586] HTTP server started                      endpoint=127.0.0.1:8545 auth=false prefix= cors= vhosts=localhost
INFO [06-01|10:04:33.586] WebSocket enabled                        url=ws://127.0.0.1:8546
INFO [06-01|10:04:33.860] Loaded local transaction journal         transactions=2529 dropped=0
INFO [06-01|10:04:34.643] Started log indexer
INFO [06-01|10:04:34.688] Starting work on payload                 id=0x03b5d75b8cb7c632
INFO [06-01|10:04:34.693] Updated payload                          id=0x03b5d75b8cb7c632 number=3369 hash=4a48ea..26e955 txs=0 withdrawals=0 gas=0 fees=0 root=6bad2c..37fd31 elapsed=4.308ms
INFO [06-01|10:04:34.693] Stopping work on payload                 id=0x03b5d75b8cb7c632 reason=delivery
WARN [06-01|10:04:34.697] {"level":"warn","msg":"Slow block","block":{"number":3369,"hash":"0x4a48ea3a87c008214642af4d3a14e9f46132c3a3853f6312f456bf41b426e955","gas_used":0,"tx_count":0},"timing":{"execution_ms":0.054822,"state_read_ms":3.286808,"state_hash_ms":0.001861,"commit_ms":0.188671,"total_ms":3.778271},"throughput":{"mgas_per_sec":0},"state_reads":{"accounts":4,"storage_slots":0,"code":0,"code_bytes":0},"state_writes":{"accounts":0,"accounts_deleted":0,"storage_slots":0,"storage_slots_deleted":0,"code":0,"code_bytes":0},"cache":{"account":{"hits":0,"misses":4,"hit_rate":0},"storage":{"hits":0,"misses":0,"hit_rate":0},"code":{"hits":0,"misses":0,"hit_rate":0,"hit_bytes":0,"miss_bytes":0}}}
INFO [06-01|10:04:34.697] Imported new potential chain segment     number=3369 hash=4a48ea..26e955 blocks=1 txs=0 mgas=0.000 elapsed=4.151ms mgasps=0.000 triediffs=1.33MiB triedirty=0.00B
INFO [06-01|10:04:34.697] Chain head was updated                   number=3369 hash=4a48ea..26e955 root=6bad2c..37fd31 elapsed="69.596µs"
INFO [06-01|10:04:35.703] Starting work on payload                 id=0x0313ae8efd5e12c9
INFO [06-01|10:04:35.714] Updated payload                          id=0x0313ae8efd5e12c9 number=3370 hash=4bffe1..29d4e1 txs=0 withdrawals=0 gas=0 fees=0 root=6bad2c..37fd31 elapsed=10.848ms
INFO [06-01|10:04:35.714] Stopping work on payload                 id=0x0313ae8efd5e12c9 reason=delivery
WARN [06-01|10:04:35.718] {"level":"warn","msg":"Slow block","block":{"number":3370,"hash":"0x4bffe1561e8e38780fe9603900c97314c22629ac8a0b736c2de486236229d4e1","gas_used":0,"tx_count":0},"timing":{"execution_ms":0.042169,"state_read_ms":3.219293,"state_hash_ms":0.002045,"commit_ms":0.196811,"total_ms":3.653646},"throughput":{"mgas_per_sec":0},"state_reads":{"accounts":4,"storage_slots":0,"code":0,"code_bytes":0},"state_writes":{"accounts":0,"accounts_deleted":0,"storage_slots":0,"storage_slots_deleted":0,"code":0,"code_bytes":0},"cache":{"account":{"hits":0,"misses":4,"hit_rate":0},"storage":{"hits":0,"misses":0,"hit_rate":0},"code":{"hits":0,"misses":0,"hit_rate":0,"hit_bytes":0,"miss_bytes":0}}}
INFO [06-01|10:04:35.718] Imported new potential chain segment     number=3370 hash=4bffe1..29d4e1 blocks=1 txs=0 mgas=0.000 elapsed=3.892ms    mgasps=0.000 triediffs=1.33MiB triedirty=0.00B
INFO [06-01|10:04:35.718] Chain head was updated                   number=3370 hash=4bffe1..29d4e1 root=6bad2c..37fd31 elapsed="54.419µs"
INFO [06-01|10:04:36.722] Starting work on payload                 id=0x03cd964a7ae30cdd
INFO [06-01|10:04:36.743] Updated payload                          id=0x03cd964a7ae30cdd number=3371 hash=d3e0ef..e8708b txs=0 withdrawals=0 gas=0 fees=0 root=6bad2c..37fd31 elapsed=20.880ms
INFO [06-01|10:04:36.743] Stopping work on payload                 id=0x03cd964a7ae30cdd reason=delivery
WARN [06-01|10:04:36.747] {"level":"warn","msg":"Slow block","block":{"number":3371,"hash":"0xd3e0eff5db1acfa9b0bd46e2cea9c808ab4bc1b35e696414cad2e354c6e8708b","gas_used":0,"tx_count":0},"timing":{"execution_ms":0.035834,"state_read_ms":3.519358,"state_hash_ms":0.001419,"commit_ms":0.136038,"total_ms":3.916675},"throughput":{"mgas_per_sec":0},"state_reads":{"accounts":4,"storage_slots":0,"code":0,"code_bytes":0},"state_writes":{"accounts":0,"accounts_deleted":0,"storage_slots":0,"storage_slots_deleted":0,"code":0,"code_bytes":0},"cache":{"account":{"hits":0,"misses":4,"hit_rate":0},"storage":{"hits":0,"misses":0,"hit_rate":0},"code":{"hits":0,"misses":0,"hit_rate":0,"hit_bytes":0,"miss_bytes":0}}}
INFO [06-01|10:04:36.747] Imported new potential chain segment     number=3371 hash=d3e0ef..e8708b blocks=1 txs=0 mgas=0.000 elapsed=4.165ms    mgasps=0.000 triediffs=1.33MiB triedirty=0.00B
INFO [06-01|10:04:36.747] Chain head was updated                   number=3371 hash=d3e0ef..e8708b root=6bad2c..37fd31 elapsed="39.726µs"
INFO [06-01|10:04:37.154] Submitted contract creation              hash=0xdd5d94ac3e53077dfd62baa6eca8db59865a002369ff3aabd3a0de365145adbe from=0xf39Fd6e51aad88F6F4ce6aB8827279cffFb92266 nonce=1009 contract=0x56cB5406C23d0fb16EaC535D6108CA72980c8072 value=0
INFO [06-01|10:04:37.154] Submitted transaction                    hash=0x156803e1fb7241d6ce0f853e59d0719404771b7991463f4a16f435fa9c1d0959 from=0xf39Fd6e51aad88F6F4ce6aB8827279cffFb92266 nonce=1010 recipient=0x26857d7843e7e11B81A861C13AbdC4B13A206229 value=78,000,000
INFO [06-01|10:04:37.751] Starting work on payload                 id=0x03f88deb67c54e61
INFO [06-01|10:04:37.786] Updated payload                          id=0x03f88deb67c54e61 number=3372 hash=88abde..6a26eb txs=2 withdrawals=0 gas=91698 fees=5.50188e-13 root=6125ed..67c426 elapsed=34.397ms
INFO [06-01|10:04:37.786] Stopping work on payload                 id=0x03f88deb67c54e61 reason=delivery
INFO [06-01|10:04:37.814] Paused snapshot generation
WARN [06-01|10:04:37.815] {"level":"warn","msg":"Slow block","block":{"number":3372,"hash":"0x88abde9ae617dd98ef5156d5513dcf1bac8d05a330f2cdff8d4ab30abf6a26eb","gas_used":91698,"tx_count":2},"timing":{"execution_ms":0.109692,"state_read_ms":20.313609,"state_hash_ms":2.760647,"commit_ms":5.275937,"total_ms":28.622291},"throughput":{"mgas_per_sec":3.2037267736534436},"state_reads":{"accounts":11,"storage_slots":0,"code":0,"code_bytes":0},"state_writes":{"accounts":3,"accounts_deleted":0,"storage_slots":0,"storage_slots_deleted":0,"code":1,"code_bytes":305},"cache":{"account":{"hits":6,"misses":5,"hit_rate":54.54545454545454},"storage":{"hits":0,"misses":0,"hit_rate":0},"code":{"hits":0,"misses":0,"hit_rate":0,"hit_bytes":0,"miss_bytes":0}}}
INFO [06-01|10:04:37.815] Imported new potential chain segment     number=3372 hash=88abde..6a26eb blocks=1 txs=2 mgas=0.092 elapsed=28.783ms   mgasps=3.186 triediffs=1.33MiB triedirty=0.00B
INFO [06-01|10:04:37.815] Chain head was updated                   number=3372 hash=88abde..6a26eb root=6125ed..67c426 elapsed="178.258µs"
WARN [06-01|10:04:37.837] Snapshot generation is not permitted
INFO [06-01|10:04:38.167] Submitted transaction                    hash=0xa6c8bd8d4e2557f6aba900c2d78faf85200e7bce5279f8def3cad046502a1d9e from=0x26857d7843e7e11B81A861C13AbdC4B13A206229 nonce=0    recipient=0x56cB5406C23d0fb16EaC535D6108CA72980c8072 value=0
INFO [06-01|10:04:38.821] Starting work on payload                 id=0x036a27d296c616c0
INFO [06-01|10:04:38.905] Updated payload                          id=0x036a27d296c616c0 number=3373 hash=7d093c..41622f txs=1 withdrawals=0 gas=5,900,070 fees=3.540042e-11 root=141d59..f28490 elapsed=83.906ms
INFO [06-01|10:04:38.905] Stopping work on payload                 id=0x036a27d296c616c0 reason=delivery
INFO [06-01|10:04:38.988] Paused snapshot generation
WARN [06-01|10:04:38.988] {"level":"warn","msg":"Slow block","block":{"number":3373,"hash":"0x7d093c2257ba3ecd905554ec9d80cfa080c6d84f380bdd4053adcd983d41622f","gas_used":5900070,"tx_count":1},"timing":{"execution_ms":41.710141,"state_read_ms":34.08864,"state_hash_ms":6.148648,"commit_ms":0.883996,"total_ms":82.993677},"throughput":{"mgas_per_sec":71.09059645592038},"state_reads":{"accounts":263,"storage_slots":1379,"code":257,"code_bytes":7473},"state_writes":{"accounts":2,"accounts_deleted":0,"storage_slots":0,"storage_slots_deleted":0,"code":0,"code_bytes":0},"cache":{"account":{"hits":45,"misses":218,"hit_rate":17.110266159695815},"storage":{"hits":251,"misses":1128,"hit_rate":18.201595358955768},"code":{"hits":257,"misses":0,"hit_rate":100,"hit_bytes":7473,"miss_bytes":0}}}
INFO [06-01|10:04:38.988] Imported new potential chain segment     number=3373 hash=7d093c..41622f blocks=1 txs=1 mgas=5.900 elapsed=83.185ms    mgasps=70.926 triediffs=1.33MiB triedirty=0.00B
INFO [06-01|10:04:38.989] Chain head was updated                   number=3373 hash=7d093c..41622f root=141d59..f28490 elapsed="178.855µs"
WARN [06-01|10:04:39.013] Snapshot generation is not permitted
INFO [06-01|10:04:39.182] Submitted transaction                    hash=0x3c3ddcc95cd675f8a12e6e609fb12105872058d1a19833772a166ddba0af567d from=0x26857d7843e7e11B81A861C13AbdC4B13A206229 nonce=1    recipient=0xf39Fd6e51aad88F6F4ce6aB8827279cffFb92266 value=1,047,090
INFO [06-01|10:04:40.002] Starting work on payload                 id=0x03e406bd56548868
INFO [06-01|10:04:40.008] Updated payload                          id=0x03e406bd56548868 number=3374 hash=2fc049..db131b txs=1 withdrawals=0 gas=21000     fees=2.1e-14      root=54b845..c57dad elapsed=5.730ms
INFO [06-01|10:04:40.008] Stopping work on payload                 id=0x03e406bd56548868 reason=delivery
INFO [06-01|10:04:40.033] Paused snapshot generation
WARN [06-01|10:04:40.033] {"level":"warn","msg":"Slow block","block":{"number":3374,"hash":"0x2fc0492467c2ac303af1d426347266aa69a0cdf7e575799735226038dcdb131b","gas_used":21000,"tx_count":1},"timing":{"execution_ms":0.061437,"state_read_ms":12.219639,"state_hash_ms":2.662961,"commit_ms":0.736819,"total_ms":25.243126},"throughput":{"mgas_per_sec":0.8319096454218864},"state_reads":{"accounts":6,"storage_slots":0,"code":0,"code_bytes":0},"state_writes":{"accounts":2,"accounts_deleted":0,"storage_slots":0,"storage_slots_deleted":0,"code":0,"code_bytes":0},"cache":{"account":{"hits":2,"misses":4,"hit_rate":33.33333333333333},"storage":{"hits":0,"misses":0,"hit_rate":0},"code":{"hits":0,"misses":0,"hit_rate":0,"hit_bytes":0,"miss_bytes":0}}}
INFO [06-01|10:04:40.034] Imported new potential chain segment     number=3374 hash=2fc049..db131b blocks=1 txs=1 mgas=0.021 elapsed=25.363ms    mgasps=0.828  triediffs=1.33MiB triedirty=0.00B
INFO [06-01|10:04:40.034] Chain head was updated                   number=3374 hash=2fc049..db131b root=54b845..c57dad elapsed="57.738µs"
WARN [06-01|10:04:40.058] Snapshot generation is not permitted
