WARN [06-01|10:04:22.628] Unknown config environment variable      envvar=GETH_PBT_BIN
WARN [06-01|10:04:22.628] Unknown config environment variable      envvar=GETH_UBT_BIN
INFO [06-01|10:04:22.639] Starting Geth on Ethereum mainnet...
INFO [06-01|10:04:22.640] Maximum peer count                       ETH=0 total=0
INFO [06-01|10:04:22.641] Smartcard socket not found, disabling    err="stat /run/pcscd/pcscd.comm: no such file or directory"
WARN [06-01|10:04:22.647] Option --miner.etherbase is deprecated as the etherbase is set by the consensus client post-merge
WARN [06-01|10:04:22.650] Snap sync requested, resetting --cache.snapshot
INFO [06-01|10:04:22.651] Set global gas cap                       cap=50,000,000
INFO [06-01|10:04:23.443] Using developer account                  address=0xf39Fd6e51aad88F6F4ce6aB8827279cffFb92266
INFO [06-01|10:04:23.479] Using pebble as the backing database
INFO [06-01|10:04:23.479] Allocated cache and file handles         database=/mnt/state_expiry_vol_data/ubt-vs-pbt-dbs/pbt/geth/chaindata cache=16.00MiB handles=262,144
INFO [06-01|10:04:23.684] Opened ancient database                  database=/mnt/state_expiry_vol_data/ubt-vs-pbt-dbs/pbt/geth/chaindata/ancient/chain readonly=true
INFO [06-01|10:04:23.684] Opened Era store                         datadir=/mnt/state_expiry_vol_data/ubt-vs-pbt-dbs/pbt/geth/chaindata/ancient/chain/era
INFO [06-01|10:04:23.691] Initializing the KZG library             backend=gokzg
INFO [06-01|10:04:23.693] Allocated trie memory caches             clean=0.00B dirty=0.00B
INFO [06-01|10:04:23.700] Using pebble as the backing database
INFO [06-01|10:04:23.700] Allocated cache and file handles         database=/mnt/state_expiry_vol_data/ubt-vs-pbt-dbs/pbt/geth/chaindata cache=16.00MiB handles=262,144
INFO [06-01|10:04:23.875] Opened ancient database                  database=/mnt/state_expiry_vol_data/ubt-vs-pbt-dbs/pbt/geth/chaindata/ancient/chain readonly=false
INFO [06-01|10:04:23.875] Opened Era store                         datadir=/mnt/state_expiry_vol_data/ubt-vs-pbt-dbs/pbt/geth/chaindata/ancient/chain/era
INFO [06-01|10:04:23.881] State scheme set to already existing     scheme=path
INFO [06-01|10:04:23.884] Initialising Ethereum protocol           network=1337 dbversion=9
INFO [06-01|10:04:23.884] Load database journal from file          path=/mnt/state_expiry_vol_data/ubt-vs-pbt-dbs/pbt/geth/triedb/verkle.journal
INFO [06-01|10:04:23.927] Opened ancient database                  database=/mnt/state_expiry_vol_data/ubt-vs-pbt-dbs/pbt/geth/chaindata/ancient/state_verkle readonly=false
INFO [06-01|10:04:23.929] State snapshot generator is not compatible
INFO [06-01|10:04:23.929] Initialized path database                triecache=0.00B statecache=0.00B buffer=0.00B state-history="last 90000 blocks" journal-dir=/mnt/state_expiry_vol_data/ubt-vs-pbt-dbs/pbt/geth/triedb verkle=true
INFO [06-01|10:04:23.929] 
INFO [06-01|10:04:23.929] ---------------------------------------------------------------------------------------------------------------------------------------------------------
INFO [06-01|10:04:23.929] Chain ID:  1337 (unknown)
INFO [06-01|10:04:23.929] Consensus: unknown
INFO [06-01|10:04:23.929] 
INFO [06-01|10:04:23.929] Pre-Merge hard forks (block based):
INFO [06-01|10:04:23.929]  - Homestead:                   #0       
INFO [06-01|10:04:23.929]  - Tangerine Whistle (EIP 150): #0       
INFO [06-01|10:04:23.929]  - Spurious Dragon/1 (EIP 155): #0       
INFO [06-01|10:04:23.929]  - Spurious Dragon/2 (EIP 158): #0       
INFO [06-01|10:04:23.929]  - Byzantium:                   #0       
INFO [06-01|10:04:23.929]  - Constantinople:              #0       
INFO [06-01|10:04:23.929]  - Petersburg:                  #0       
INFO [06-01|10:04:23.929]  - Istanbul:                    #0       
INFO [06-01|10:04:23.929]  - Berlin:                      #0       
INFO [06-01|10:04:23.929]  - London:                      #0       
INFO [06-01|10:04:23.929]  - Arrow Glacier:               #0       
INFO [06-01|10:04:23.929]  - Gray Glacier:                #0       
INFO [06-01|10:04:23.929] 
INFO [06-01|10:04:23.929] Merge configured:
INFO [06-01|10:04:23.929]  - Total terminal difficulty:  0
INFO [06-01|10:04:23.929]  - Merge netsplit block:       #0       
INFO [06-01|10:04:23.929] 
INFO [06-01|10:04:23.929] Post-Merge hard forks (timestamp based):
INFO [06-01|10:04:23.929]  - Shanghai:                    @0         
INFO [06-01|10:04:23.929]  - Cancun:                      @0          blob: (target: 3, max: 6, fraction: 3338477)
INFO [06-01|10:04:23.929]  - Prague:                      @0          blob: (target: 6, max: 9, fraction: 5007716)
INFO [06-01|10:04:23.929]  - Osaka:                       @0          blob: (target: 6, max: 9, fraction: 5007716)
INFO [06-01|10:04:23.929]  - UBT:                         @0          blob: (nil)
INFO [06-01|10:04:23.929] 
INFO [06-01|10:04:23.929] All fork specifications can be found at https://ethereum.github.io/execution-specs/src/ethereum/forks/
INFO [06-01|10:04:23.929] 
INFO [06-01|10:04:23.929] ---------------------------------------------------------------------------------------------------------------------------------------------------------
INFO [06-01|10:04:23.930] 
INFO [06-01|10:04:23.930] Loaded most recent local block           number=3362 hash=d23c4d..826702 age=3s
INFO [06-01|10:04:23.930] Loaded most recent local finalized block number=3360 hash=9f691e..3daef1 age=5s
INFO [06-01|10:04:23.931] Initialized transaction indexer          range="last 2350000 blocks"
INFO [06-01|10:04:23.931] Initialized log indexer                  firstblock=0 lastblock=3362 firstmap=0 lastmap=0 headindexed=true
INFO [06-01|10:04:23.979] Enabled full-sync                        head=3362 hash=d23c4d..826702
INFO [06-01|10:04:23.979] Unprotected transactions allowed
INFO [06-01|10:04:23.979] Gasprice oracle is ignoring threshold set threshold=2
INFO [06-01|10:04:23.980] Registered sync override service
WARN [06-01|10:04:23.980] You are running Geth in --dev mode. Please note the following:
WARN [06-01|10:04:23.980] 
WARN [06-01|10:04:23.980]   1. This mode is only intended for fast, iterative development without assumptions on
WARN [06-01|10:04:23.980]      security or persistence.
WARN [06-01|10:04:23.980]   2. The database is created in memory unless specified otherwise. Therefore, shutting down
WARN [06-01|10:04:23.980]      your computer or losing power will wipe your entire block data and chain state for
WARN [06-01|10:04:23.980]      your dev environment.
WARN [06-01|10:04:23.980]   3. A random, pre-allocated developer account will be available and unlocked as
WARN [06-01|10:04:23.980]      eth.coinbase, which can be used for testing. The random dev account is temporary,
WARN [06-01|10:04:23.980]      stored on a ramdisk, and will be lost if your machine is restarted.
WARN [06-01|10:04:23.980]   4. Mining is enabled by default. However, the client will only seal blocks if transactions
WARN [06-01|10:04:23.980]      are pending in the mempool. The miner's minimum accepted gas price is 1.
WARN [06-01|10:04:23.980]   5. Networking is disabled; there is no listen-address, the maximum number of peers is set
WARN [06-01|10:04:23.980]      to 0, and discovery is disabled.
WARN [06-01|10:04:23.980] 
INFO [06-01|10:04:23.980] Starting peer-to-peer node               instance=Geth/v1.17.3-unstable/linux-amd64/go1.24.9
WARN [06-01|10:04:23.980] P2P server will be useless, neither dialing nor listening
INFO [06-01|10:04:24.005] IPC endpoint opened                      url=/mnt/state_expiry_vol_data/ubt-vs-pbt-dbs/pbt/geth.ipc
ERROR[06-01|10:04:24.005] Unavailable modules in HTTP API list     unavailable=[personal] available="[admin debug web3 eth txpool miner net dev testing]"
INFO [06-01|10:04:24.005] New local node record                    seq=1,780,292,694,687 id=972c5cc0b2a1895c ip=127.0.0.1 udp=0 tcp=0
INFO [06-01|10:04:24.005] Started P2P networking                   self=enode://16ec6c0bde109d66472afe00ec8fee3d30718d830d1acf0829842abca89b82afff8a454636cde3b26d700f98647938c6f23e7bee3027caca0d7f19e4b3725e13@127.0.0.1:0
INFO [06-01|10:04:24.006] HTTP server started                      endpoint=127.0.0.1:8545 auth=false prefix= cors= vhosts=localhost
INFO [06-01|10:04:24.006] WebSocket enabled                        url=ws://127.0.0.1:8546
INFO [06-01|10:04:24.259] Loaded local transaction journal         transactions=2525 dropped=0
INFO [06-01|10:04:25.031] Started log indexer
INFO [06-01|10:04:25.073] Starting work on payload                 id=0x03141e7e84a396f6
INFO [06-01|10:04:25.078] Updated payload                          id=0x03141e7e84a396f6 number=3363 hash=a60a2f..f96946 txs=0 withdrawals=0 gas=0 fees=0 root=9fac41..fbdc98 elapsed=4.896ms
INFO [06-01|10:04:25.078] Stopping work on payload                 id=0x03141e7e84a396f6 reason=delivery
WARN [06-01|10:04:25.082] {"level":"warn","msg":"Slow block","block":{"number":3363,"hash":"0xa60a2f05360829c2758debcea578b51e9eba7ebc8539a0b54354eb543df96946","gas_used":0,"tx_count":0},"timing":{"execution_ms":0.061012,"state_read_ms":3.292007,"state_hash_ms":0.001462,"commit_ms":0.142103,"total_ms":3.70118},"throughput":{"mgas_per_sec":0},"state_reads":{"accounts":4,"storage_slots":0,"code":0,"code_bytes":0},"state_writes":{"accounts":0,"accounts_deleted":0,"storage_slots":0,"storage_slots_deleted":0,"code":0,"code_bytes":0},"cache":{"account":{"hits":0,"misses":4,"hit_rate":0},"storage":{"hits":0,"misses":0,"hit_rate":0},"code":{"hits":0,"misses":0,"hit_rate":0,"hit_bytes":0,"miss_bytes":0}}}
INFO [06-01|10:04:25.082] Imported new potential chain segment     number=3363 hash=a60a2f..f96946 blocks=1 txs=0 mgas=0.000 elapsed=3.992ms mgasps=0.000 triediffs=1.33MiB triedirty=0.00B
INFO [06-01|10:04:25.083] Chain head was updated                   number=3363 hash=a60a2f..f96946 root=9fac41..fbdc98 elapsed="49.48µs"
INFO [06-01|10:04:26.089] Starting work on payload                 id=0x0350b0b9c196b7db
INFO [06-01|10:04:26.098] Updated payload                          id=0x0350b0b9c196b7db number=3364 hash=46c86c..8136f8 txs=0 withdrawals=0 gas=0 fees=0 root=9fac41..fbdc98 elapsed=8.688ms
INFO [06-01|10:04:26.100] Stopping work on payload                 id=0x0350b0b9c196b7db reason=delivery
WARN [06-01|10:04:26.106] {"level":"warn","msg":"Slow block","block":{"number":3364,"hash":"0x46c86ce29d1f63074733382b3e233d7e24c4bb42e188312837c8081f5d8136f8","gas_used":0,"tx_count":0},"timing":{"execution_ms":0.04235,"state_read_ms":6.320593,"state_hash_ms":0.002522,"commit_ms":0.194876,"total_ms":6.939652},"throughput":{"mgas_per_sec":0},"state_reads":{"accounts":4,"storage_slots":0,"code":0,"code_bytes":0},"state_writes":{"accounts":0,"accounts_deleted":0,"storage_slots":0,"storage_slots_deleted":0,"code":0,"code_bytes":0},"cache":{"account":{"hits":0,"misses":4,"hit_rate":0},"storage":{"hits":0,"misses":0,"hit_rate":0},"code":{"hits":0,"misses":0,"hit_rate":0,"hit_bytes":0,"miss_bytes":0}}}
INFO [06-01|10:04:26.106] Imported new potential chain segment     number=3364 hash=46c86c..8136f8 blocks=1 txs=0 mgas=0.000 elapsed=7.128ms   mgasps=0.000 triediffs=1.33MiB triedirty=0.00B
INFO [06-01|10:04:26.106] Chain head was updated                   number=3364 hash=46c86c..8136f8 root=9fac41..fbdc98 elapsed="55.733µs"
INFO [06-01|10:04:27.115] Starting work on payload                 id=0x03c9afa668425ccd
INFO [06-01|10:04:27.137] Updated payload                          id=0x03c9afa668425ccd number=3365 hash=0776eb..9a2bd1 txs=0 withdrawals=0 gas=0 fees=0 root=9fac41..fbdc98 elapsed=21.654ms
INFO [06-01|10:04:27.137] Stopping work on payload                 id=0x03c9afa668425ccd reason=delivery
WARN [06-01|10:04:27.153] {"level":"warn","msg":"Slow block","block":{"number":3365,"hash":"0x0776ebf8ad5005b8725bb6cbb04e3de7ae8bb91074fdacc84521a8a8e89a2bd1","gas_used":0,"tx_count":0},"timing":{"execution_ms":0.034869,"state_read_ms":15.052512,"state_hash_ms":0.002386,"commit_ms":0.146069,"total_ms":15.381361},"throughput":{"mgas_per_sec":0},"state_reads":{"accounts":4,"storage_slots":0,"code":0,"code_bytes":0},"state_writes":{"accounts":0,"accounts_deleted":0,"storage_slots":0,"storage_slots_deleted":0,"code":0,"code_bytes":0},"cache":{"account":{"hits":0,"misses":4,"hit_rate":0},"storage":{"hits":0,"misses":0,"hit_rate":0},"code":{"hits":0,"misses":0,"hit_rate":0,"hit_bytes":0,"miss_bytes":0}}}
INFO [06-01|10:04:27.153] Imported new potential chain segment     number=3365 hash=0776eb..9a2bd1 blocks=1 txs=0 mgas=0.000 elapsed=15.552ms   mgasps=0.000 triediffs=1.33MiB triedirty=0.00B
INFO [06-01|10:04:27.153] Chain head was updated                   number=3365 hash=0776eb..9a2bd1 root=9fac41..fbdc98 elapsed="53.241µs"
INFO [06-01|10:04:27.557] Submitted contract creation              hash=0xa06af112869460fcfa9c506989d03b6d25d812e191eeeb8fa4b6033c005b11f2 from=0xf39Fd6e51aad88F6F4ce6aB8827279cffFb92266 nonce=1007 contract=0xca9507C5F707103e86B45DF4b35C37FE2700BB5B value=0
INFO [06-01|10:04:27.557] Submitted transaction                    hash=0xb42973fa17db90cb41e949f902911671f60e47754b322b98c996a81ec4ee4022 from=0xf39Fd6e51aad88F6F4ce6aB8827279cffFb92266 nonce=1008 recipient=0x38eeC3D87FbddA897c054821e1913DAb6D08C5db value=78,000,000
INFO [06-01|10:04:28.169] Starting work on payload                 id=0x030990b964a3794d
INFO [06-01|10:04:28.209] Updated payload                          id=0x030990b964a3794d number=3366 hash=51820d..2114ad txs=2 withdrawals=0 gas=91698 fees=5.50188e-13 root=50557c..601c2a elapsed=40.120ms
INFO [06-01|10:04:28.209] Stopping work on payload                 id=0x030990b964a3794d reason=delivery
INFO [06-01|10:04:28.236] Paused snapshot generation
WARN [06-01|10:04:28.237] {"level":"warn","msg":"Slow block","block":{"number":3366,"hash":"0x51820dcce550888dbc23ef75f16885cc2fd0d1509ba4a9b6408bd313562114ad","gas_used":91698,"tx_count":2},"timing":{"execution_ms":0.202723,"state_read_ms":4.194058,"state_hash_ms":17.372072,"commit_ms":5.027379,"total_ms":27.038125},"throughput":{"mgas_per_sec":3.3914333926631377},"state_reads":{"accounts":11,"storage_slots":0,"code":0,"code_bytes":0},"state_writes":{"accounts":3,"accounts_deleted":0,"storage_slots":0,"storage_slots_deleted":0,"code":1,"code_bytes":305},"cache":{"account":{"hits":5,"misses":6,"hit_rate":45.45454545454545},"storage":{"hits":0,"misses":0,"hit_rate":0},"code":{"hits":0,"misses":0,"hit_rate":0,"hit_bytes":0,"miss_bytes":0}}}
INFO [06-01|10:04:28.237] Imported new potential chain segment     number=3366 hash=51820d..2114ad blocks=1 txs=2 mgas=0.092 elapsed=27.191ms   mgasps=3.372 triediffs=1.33MiB triedirty=0.00B
INFO [06-01|10:04:28.237] Chain head was updated                   number=3366 hash=51820d..2114ad root=50557c..601c2a elapsed="176.169µs"
WARN [06-01|10:04:28.260] Snapshot generation is not permitted
INFO [06-01|10:04:28.569] Submitted transaction                    hash=0xb032d02974255012e32d6f68291166969124875b09872c278a6686e75104f336 from=0x38eeC3D87FbddA897c054821e1913DAb6D08C5db nonce=0    recipient=0xca9507C5F707103e86B45DF4b35C37FE2700BB5B value=0
INFO [06-01|10:04:29.241] Starting work on payload                 id=0x03efdb47820e7a3e
INFO [06-01|10:04:29.306] Updated payload                          id=0x03efdb47820e7a3e number=3367 hash=3dabd0..73671b txs=1 withdrawals=0 gas=5,900,070 fees=3.540042e-11 root=1cf1aa..25525d elapsed=65.022ms
INFO [06-01|10:04:29.307] Stopping work on payload                 id=0x03efdb47820e7a3e reason=delivery
INFO [06-01|10:04:29.372] Paused snapshot generation
WARN [06-01|10:04:29.373] {"level":"warn","msg":"Slow block","block":{"number":3367,"hash":"0x3dabd004e60c55c6fceaa2b60d81d5cbc7e958a8c063e96e245f62ee4d73671b","gas_used":5900070,"tx_count":1},"timing":{"execution_ms":42.559871,"state_read_ms":19.295384,"state_hash_ms":2.631169,"commit_ms":0.927367,"total_ms":65.875753},"throughput":{"mgas_per_sec":89.5636062027253},"state_reads":{"accounts":263,"storage_slots":1379,"code":257,"code_bytes":7473},"state_writes":{"accounts":2,"accounts_deleted":0,"storage_slots":0,"storage_slots_deleted":0,"code":0,"code_bytes":0},"cache":{"account":{"hits":36,"misses":227,"hit_rate":13.688212927756654},"storage":{"hits":508,"misses":871,"hit_rate":36.838288614938364},"code":{"hits":257,"misses":0,"hit_rate":100,"hit_bytes":7473,"miss_bytes":0}}}
INFO [06-01|10:04:29.373] Imported new potential chain segment     number=3367 hash=3dabd0..73671b blocks=1 txs=1 mgas=5.900 elapsed=66.131ms    mgasps=89.217 triediffs=1.33MiB triedirty=0.00B
INFO [06-01|10:04:29.373] Chain head was updated                   number=3367 hash=3dabd0..73671b root=1cf1aa..25525d elapsed="133.498µs"
WARN [06-01|10:04:29.398] Snapshot generation is not permitted
INFO [06-01|10:04:29.584] Submitted transaction                    hash=0x28120d3afeb8d4d3a457f8fe87d5801b01d7ab0109d3e067ef5eaa73226dc8d1 from=0x38eeC3D87FbddA897c054821e1913DAb6D08C5db nonce=1    recipient=0xf39Fd6e51aad88F6F4ce6aB8827279cffFb92266 value=1,047,090
INFO [06-01|10:04:30.380] Starting work on payload                 id=0x03094beef734df3d
INFO [06-01|10:04:30.398] Updated payload                          id=0x03094beef734df3d number=3368 hash=f2ea9f..aff7e6 txs=1 withdrawals=0 gas=21000     fees=2.1e-14      root=6bad2c..37fd31 elapsed=18.717ms
INFO [06-01|10:04:30.399] Stopping work on payload                 id=0x03094beef734df3d reason=delivery
INFO [06-01|10:04:30.435] Paused snapshot generation
WARN [06-01|10:04:30.435] {"level":"warn","msg":"Slow block","block":{"number":3368,"hash":"0xf2ea9ffaedab515f23cff8c43de33ab3839452bf07d60aeda99553e3cfaff7e6","gas_used":21000,"tx_count":1},"timing":{"execution_ms":0.085398,"state_read_ms":15.653308,"state_hash_ms":19.822432,"commit_ms":0.596637,"total_ms":36.317199},"throughput":{"mgas_per_sec":0.5782384263720338},"state_reads":{"accounts":6,"storage_slots":0,"code":0,"code_bytes":0},"state_writes":{"accounts":2,"accounts_deleted":0,"storage_slots":0,"storage_slots_deleted":0,"code":0,"code_bytes":0},"cache":{"account":{"hits":2,"misses":4,"hit_rate":33.33333333333333},"storage":{"hits":0,"misses":0,"hit_rate":0},"code":{"hits":0,"misses":0,"hit_rate":0,"hit_bytes":0,"miss_bytes":0}}}
INFO [06-01|10:04:30.435] Imported new potential chain segment     number=3368 hash=f2ea9f..aff7e6 blocks=1 txs=1 mgas=0.021 elapsed=36.444ms    mgasps=0.576  triediffs=1.33MiB triedirty=0.00B
INFO [06-01|10:04:30.435] Chain head was updated                   number=3368 hash=f2ea9f..aff7e6 root=6bad2c..37fd31 elapsed="57.688µs"
WARN [06-01|10:04:30.462] Snapshot generation is not permitted
