WARN [06-01|09:43:58.999] Unknown config environment variable      envvar=GETH_PBT_BIN
WARN [06-01|09:43:58.999] Unknown config environment variable      envvar=GETH_UBT_BIN
INFO [06-01|09:43:59.009] Starting Geth on Ethereum mainnet...
INFO [06-01|09:43:59.011] Maximum peer count                       ETH=0 total=0
INFO [06-01|09:43:59.012] Smartcard socket not found, disabling    err="stat /run/pcscd/pcscd.comm: no such file or directory"
WARN [06-01|09:43:59.018] Option --miner.etherbase is deprecated as the etherbase is set by the consensus client post-merge
WARN [06-01|09:43:59.020] Snap sync requested, resetting --cache.snapshot
INFO [06-01|09:43:59.020] Set global gas cap                       cap=50,000,000
INFO [06-01|09:43:59.841] Using developer account                  address=0xf39Fd6e51aad88F6F4ce6aB8827279cffFb92266
INFO [06-01|09:43:59.877] Using pebble as the backing database
INFO [06-01|09:43:59.877] Allocated cache and file handles         database=/mnt/state_expiry_vol_data/ubt-vs-pbt-dbs/pbt/geth/chaindata cache=16.00MiB handles=262,144
INFO [06-01|09:44:00.080] Opened ancient database                  database=/mnt/state_expiry_vol_data/ubt-vs-pbt-dbs/pbt/geth/chaindata/ancient/chain readonly=true
INFO [06-01|09:44:00.080] Opened Era store                         datadir=/mnt/state_expiry_vol_data/ubt-vs-pbt-dbs/pbt/geth/chaindata/ancient/chain/era
INFO [06-01|09:44:00.089] Initializing the KZG library             backend=gokzg
INFO [06-01|09:44:00.091] Allocated trie memory caches             clean=0.00B dirty=0.00B
INFO [06-01|09:44:00.098] Using pebble as the backing database
INFO [06-01|09:44:00.098] Allocated cache and file handles         database=/mnt/state_expiry_vol_data/ubt-vs-pbt-dbs/pbt/geth/chaindata cache=16.00MiB handles=262,144
INFO [06-01|09:44:00.268] Opened ancient database                  database=/mnt/state_expiry_vol_data/ubt-vs-pbt-dbs/pbt/geth/chaindata/ancient/chain readonly=false
INFO [06-01|09:44:00.269] Opened Era store                         datadir=/mnt/state_expiry_vol_data/ubt-vs-pbt-dbs/pbt/geth/chaindata/ancient/chain/era
INFO [06-01|09:44:00.273] State scheme set to already existing     scheme=path
INFO [06-01|09:44:00.274] Initialising Ethereum protocol           network=1337 dbversion=9
INFO [06-01|09:44:00.274] Load database journal from file          path=/mnt/state_expiry_vol_data/ubt-vs-pbt-dbs/pbt/geth/triedb/verkle.journal
INFO [06-01|09:44:00.335] Opened ancient database                  database=/mnt/state_expiry_vol_data/ubt-vs-pbt-dbs/pbt/geth/chaindata/ancient/state_verkle readonly=false
INFO [06-01|09:44:00.337] State snapshot generator is not compatible
INFO [06-01|09:44:00.337] Initialized path database                triecache=0.00B statecache=0.00B buffer=0.00B state-history="last 90000 blocks" journal-dir=/mnt/state_expiry_vol_data/ubt-vs-pbt-dbs/pbt/geth/triedb verkle=true
INFO [06-01|09:44:00.338] 
INFO [06-01|09:44:00.338] ---------------------------------------------------------------------------------------------------------------------------------------------------------
INFO [06-01|09:44:00.338] Chain ID:  1337 (unknown)
INFO [06-01|09:44:00.338] Consensus: unknown
INFO [06-01|09:44:00.338] 
INFO [06-01|09:44:00.338] Pre-Merge hard forks (block based):
INFO [06-01|09:44:00.338]  - Homestead:                   #0       
INFO [06-01|09:44:00.338]  - Tangerine Whistle (EIP 150): #0       
INFO [06-01|09:44:00.338]  - Spurious Dragon/1 (EIP 155): #0       
INFO [06-01|09:44:00.338]  - Spurious Dragon/2 (EIP 158): #0       
INFO [06-01|09:44:00.338]  - Byzantium:                   #0       
INFO [06-01|09:44:00.338]  - Constantinople:              #0       
INFO [06-01|09:44:00.338]  - Petersburg:                  #0       
INFO [06-01|09:44:00.338]  - Istanbul:                    #0       
INFO [06-01|09:44:00.338]  - Berlin:                      #0       
INFO [06-01|09:44:00.338]  - London:                      #0       
INFO [06-01|09:44:00.338]  - Arrow Glacier:               #0       
INFO [06-01|09:44:00.338]  - Gray Glacier:                #0       
INFO [06-01|09:44:00.338] 
INFO [06-01|09:44:00.338] Merge configured:
INFO [06-01|09:44:00.338]  - Total terminal difficulty:  0
INFO [06-01|09:44:00.338]  - Merge netsplit block:       #0       
INFO [06-01|09:44:00.338] 
INFO [06-01|09:44:00.338] Post-Merge hard forks (timestamp based):
INFO [06-01|09:44:00.338]  - Shanghai:                    @0         
INFO [06-01|09:44:00.338]  - Cancun:                      @0          blob: (target: 3, max: 6, fraction: 3338477)
INFO [06-01|09:44:00.338]  - Prague:                      @0          blob: (target: 6, max: 9, fraction: 5007716)
INFO [06-01|09:44:00.338]  - Osaka:                       @0          blob: (target: 6, max: 9, fraction: 5007716)
INFO [06-01|09:44:00.338]  - UBT:                         @0          blob: (nil)
INFO [06-01|09:44:00.338] 
INFO [06-01|09:44:00.338] All fork specifications can be found at https://ethereum.github.io/execution-specs/src/ethereum/forks/
INFO [06-01|09:44:00.338] 
INFO [06-01|09:44:00.338] ---------------------------------------------------------------------------------------------------------------------------------------------------------
INFO [06-01|09:44:00.338] 
INFO [06-01|09:44:00.339] Loaded most recent local block           number=2587 hash=e13f07..af0255 age=3s
INFO [06-01|09:44:00.339] Loaded most recent local finalized block number=2560 hash=82fdbc..1c1708 age=45s
INFO [06-01|09:44:00.340] Initialized transaction indexer          range="last 2350000 blocks"
INFO [06-01|09:44:00.340] Initialized log indexer                  firstblock=0 lastblock=2587 firstmap=0 lastmap=0 headindexed=true
INFO [06-01|09:44:00.376] Enabled full-sync                        head=2587 hash=e13f07..af0255
INFO [06-01|09:44:00.376] Unprotected transactions allowed
INFO [06-01|09:44:00.376] Gasprice oracle is ignoring threshold set threshold=2
INFO [06-01|09:44:00.377] Registered sync override service
WARN [06-01|09:44:00.377] You are running Geth in --dev mode. Please note the following:
WARN [06-01|09:44:00.377] 
WARN [06-01|09:44:00.377]   1. This mode is only intended for fast, iterative development without assumptions on
WARN [06-01|09:44:00.377]      security or persistence.
WARN [06-01|09:44:00.377]   2. The database is created in memory unless specified otherwise. Therefore, shutting down
WARN [06-01|09:44:00.377]      your computer or losing power will wipe your entire block data and chain state for
WARN [06-01|09:44:00.377]      your dev environment.
WARN [06-01|09:44:00.377]   3. A random, pre-allocated developer account will be available and unlocked as
WARN [06-01|09:44:00.377]      eth.coinbase, which can be used for testing. The random dev account is temporary,
WARN [06-01|09:44:00.377]      stored on a ramdisk, and will be lost if your machine is restarted.
WARN [06-01|09:44:00.377]   4. Mining is enabled by default. However, the client will only seal blocks if transactions
WARN [06-01|09:44:00.377]      are pending in the mempool. The miner's minimum accepted gas price is 1.
WARN [06-01|09:44:00.377]   5. Networking is disabled; there is no listen-address, the maximum number of peers is set
WARN [06-01|09:44:00.377]      to 0, and discovery is disabled.
WARN [06-01|09:44:00.377] 
INFO [06-01|09:44:00.377] Starting peer-to-peer node               instance=Geth/v1.17.3-unstable/linux-amd64/go1.24.9
WARN [06-01|09:44:00.377] P2P server will be useless, neither dialing nor listening
INFO [06-01|09:44:00.405] IPC endpoint opened                      url=/mnt/state_expiry_vol_data/ubt-vs-pbt-dbs/pbt/geth.ipc
ERROR[06-01|09:44:00.405] Unavailable modules in HTTP API list     unavailable=[personal] available="[admin debug web3 eth txpool miner net dev testing]"
INFO [06-01|09:44:00.405] New local node record                    seq=1,780,292,694,563 id=972c5cc0b2a1895c ip=127.0.0.1 udp=0 tcp=0
INFO [06-01|09:44:00.405] Started P2P networking                   self=enode://16ec6c0bde109d66472afe00ec8fee3d30718d830d1acf0829842abca89b82afff8a454636cde3b26d700f98647938c6f23e7bee3027caca0d7f19e4b3725e13@127.0.0.1:0
INFO [06-01|09:44:00.406] HTTP server started                      endpoint=127.0.0.1:8545 auth=false prefix= cors= vhosts=localhost
INFO [06-01|09:44:00.406] WebSocket enabled                        url=ws://127.0.0.1:8546
INFO [06-01|09:44:00.623] Loaded local transaction journal         transactions=2029 dropped=0
INFO [06-01|09:44:01.444] Started log indexer
INFO [06-01|09:44:01.483] Starting work on payload                 id=0x037f4910fbff07eb
INFO [06-01|09:44:01.486] Updated payload                          id=0x037f4910fbff07eb number=2588 hash=2a0e50..a31364 txs=0 withdrawals=0 gas=0 fees=0 root=714e0c..5bf74a elapsed=3.048ms
INFO [06-01|09:44:01.487] Stopping work on payload                 id=0x037f4910fbff07eb reason=delivery
WARN [06-01|09:44:01.490] {"level":"warn","msg":"Slow block","block":{"number":2588,"hash":"0x2a0e509a6a380be823ffad06848e71af65247be06b09f5ab533e62702da31364","gas_used":0,"tx_count":0},"timing":{"execution_ms":0.037017,"state_read_ms":2.786672,"state_hash_ms":0.001764,"commit_ms":0.213629,"total_ms":3.22633},"throughput":{"mgas_per_sec":0},"state_reads":{"accounts":4,"storage_slots":0,"code":0,"code_bytes":0},"state_writes":{"accounts":0,"accounts_deleted":0,"storage_slots":0,"storage_slots_deleted":0,"code":0,"code_bytes":0},"cache":{"account":{"hits":0,"misses":4,"hit_rate":0},"storage":{"hits":0,"misses":0,"hit_rate":0},"code":{"hits":0,"misses":0,"hit_rate":0,"hit_bytes":0,"miss_bytes":0}}}
INFO [06-01|09:44:01.490] Imported new potential chain segment     number=2588 hash=2a0e50..a31364 blocks=1 txs=0 mgas=0.000 elapsed=3.489ms mgasps=0.000 triediffs=2.03MiB triedirty=0.00B
INFO [06-01|09:44:01.490] Chain head was updated                   number=2588 hash=2a0e50..a31364 root=714e0c..5bf74a elapsed="65.148µs"
INFO [06-01|09:44:02.498] Starting work on payload                 id=0x03978ed79c891616
INFO [06-01|09:44:02.509] Updated payload                          id=0x03978ed79c891616 number=2589 hash=0eaf6b..3de100 txs=0 withdrawals=0 gas=0 fees=0 root=714e0c..5bf74a elapsed=10.917ms
INFO [06-01|09:44:02.509] Stopping work on payload                 id=0x03978ed79c891616 reason=delivery
WARN [06-01|09:44:02.514] {"level":"warn","msg":"Slow block","block":{"number":2589,"hash":"0x0eaf6bbbe426e30d5e85767109ed6045b0778822f4dea1d51139c218063de100","gas_used":0,"tx_count":0},"timing":{"execution_ms":0.058726,"state_read_ms":4.249566,"state_hash_ms":0.002572,"commit_ms":0.133096,"total_ms":4.900142},"throughput":{"mgas_per_sec":0},"state_reads":{"accounts":4,"storage_slots":0,"code":0,"code_bytes":0},"state_writes":{"accounts":0,"accounts_deleted":0,"storage_slots":0,"storage_slots_deleted":0,"code":0,"code_bytes":0},"cache":{"account":{"hits":0,"misses":4,"hit_rate":0},"storage":{"hits":0,"misses":0,"hit_rate":0},"code":{"hits":0,"misses":0,"hit_rate":0,"hit_bytes":0,"miss_bytes":0}}}
INFO [06-01|09:44:02.514] Imported new potential chain segment     number=2589 hash=0eaf6b..3de100 blocks=1 txs=0 mgas=0.000 elapsed=5.280ms    mgasps=0.000 triediffs=2.03MiB triedirty=0.00B
INFO [06-01|09:44:02.515] Chain head was updated                   number=2589 hash=0eaf6b..3de100 root=714e0c..5bf74a elapsed="49.978µs"
INFO [06-01|09:44:03.542] Starting work on payload                 id=0x034c83022466de59
INFO [06-01|09:44:03.545] Updated payload                          id=0x034c83022466de59 number=2590 hash=236570..fb8055 txs=0 withdrawals=0 gas=0 fees=0 root=714e0c..5bf74a elapsed=3.544ms
INFO [06-01|09:44:03.546] Stopping work on payload                 id=0x034c83022466de59 reason=delivery
WARN [06-01|09:44:03.560] {"level":"warn","msg":"Slow block","block":{"number":2590,"hash":"0x236570a7fa0830f8fe3ff963ef0600b1d993c5910be8743a3faebf34eefb8055","gas_used":0,"tx_count":0},"timing":{"execution_ms":0.029096,"state_read_ms":13.694891,"state_hash_ms":0.00148,"commit_ms":0.091852,"total_ms":13.959523},"throughput":{"mgas_per_sec":0},"state_reads":{"accounts":4,"storage_slots":0,"code":0,"code_bytes":0},"state_writes":{"accounts":0,"accounts_deleted":0,"storage_slots":0,"storage_slots_deleted":0,"code":0,"code_bytes":0},"cache":{"account":{"hits":0,"misses":4,"hit_rate":0},"storage":{"hits":0,"misses":0,"hit_rate":0},"code":{"hits":0,"misses":0,"hit_rate":0,"hit_bytes":0,"miss_bytes":0}}}
INFO [06-01|09:44:03.560] Imported new potential chain segment     number=2590 hash=236570..fb8055 blocks=1 txs=0 mgas=0.000 elapsed=14.144ms   mgasps=0.000 triediffs=2.03MiB triedirty=0.00B
INFO [06-01|09:44:03.560] Chain head was updated                   number=2590 hash=236570..fb8055 root=714e0c..5bf74a elapsed="43.39µs"
INFO [06-01|09:44:03.843] Submitted contract creation              hash=0xe4f323311139a8e847715bc2f48b1fec60ed7855d446d77a5cb19c930fc8b06a from=0xf39Fd6e51aad88F6F4ce6aB8827279cffFb92266 nonce=759 contract=0x30A6d2B697635a0ECf1975d2386A0FE6b608B0Fb value=0
INFO [06-01|09:44:03.844] Submitted transaction                    hash=0xd636ebdd8b9ce75994fea0c603ad82f27a501477d4ccd782dc9502826e66a8e1 from=0xf39Fd6e51aad88F6F4ce6aB8827279cffFb92266 nonce=760 recipient=0x346ddb80fBD10D6F0ccB55f9efa9Fa5D77A4dDE2 value=78,000,000
INFO [06-01|09:44:04.565] Starting work on payload                 id=0x03e5b4cc766eeeeb
INFO [06-01|09:44:04.594] Updated payload                          id=0x03e5b4cc766eeeeb number=2591 hash=515a45..593bfe txs=2 withdrawals=0 gas=86906 fees=5.21436e-13 root=d3510b..0e9892 elapsed=28.944ms
INFO [06-01|09:44:04.594] Stopping work on payload                 id=0x03e5b4cc766eeeeb reason=delivery
INFO [06-01|09:44:04.625] Paused snapshot generation
WARN [06-01|09:44:04.625] {"level":"warn","msg":"Slow block","block":{"number":2591,"hash":"0x515a4500c19fc282688df46f3f271ea4291ea4c411ab175903e046ee2c593bfe","gas_used":86906,"tx_count":2},"timing":{"execution_ms":0.113586,"state_read_ms":21.203894,"state_hash_ms":3.113409,"commit_ms":4.62627,"total_ms":30.803445},"throughput":{"mgas_per_sec":2.821307811512641},"state_reads":{"accounts":11,"storage_slots":0,"code":0,"code_bytes":0},"state_writes":{"accounts":3,"accounts_deleted":0,"storage_slots":0,"storage_slots_deleted":0,"code":1,"code_bytes":163},"cache":{"account":{"hits":5,"misses":6,"hit_rate":45.45454545454545},"storage":{"hits":0,"misses":0,"hit_rate":0},"code":{"hits":0,"misses":0,"hit_rate":0,"hit_bytes":0,"miss_bytes":0}}}
INFO [06-01|09:44:04.625] Imported new potential chain segment     number=2591 hash=515a45..593bfe blocks=1 txs=2 mgas=0.087 elapsed=30.945ms   mgasps=2.808 triediffs=2.03MiB triedirty=0.00B
INFO [06-01|09:44:04.625] Chain head was updated                   number=2591 hash=515a45..593bfe root=d3510b..0e9892 elapsed="144.77µs"
WARN [06-01|09:44:04.644] Snapshot generation is not permitted
INFO [06-01|09:44:04.855] Submitted transaction                    hash=0x91cec2d2c0556e00b0e1c336131a74fa2757359debb8dca3816095c69c9aaa82 from=0x346ddb80fBD10D6F0ccB55f9efa9Fa5D77A4dDE2 nonce=0   recipient=0x30A6d2B697635a0ECf1975d2386A0FE6b608B0Fb value=0
INFO [06-01|09:44:05.629] Starting work on payload                 id=0x039cbf88a53ccd9a
INFO [06-01|09:44:05.658] Updated payload                          id=0x039cbf88a53ccd9a number=2592 hash=b38607..58d904 txs=1 withdrawals=0 gas=5,908,615 fees=3.545169e-11 root=6fe2b5..7f5c22 elapsed=28.956ms
INFO [06-01|09:44:05.659] Stopping work on payload                 id=0x039cbf88a53ccd9a reason=delivery
INFO [06-01|09:44:05.685] Paused snapshot generation
WARN [06-01|09:44:05.686] {"level":"warn","msg":"Slow block","block":{"number":2592,"hash":"0xb386078ef004df80a1fc18143136b9d43d631fe22cc3c1ce8ce1e2f95958d904","gas_used":5908615,"tx_count":1},"timing":{"execution_ms":8.204712,"state_read_ms":13.962595,"state_hash_ms":3.472021,"commit_ms":1.452926,"total_ms":27.266633},"throughput":{"mgas_per_sec":216.69763919879657},"state_reads":{"accounts":8,"storage_slots":751,"code":2,"code_bytes":191},"state_writes":{"accounts":3,"accounts_deleted":0,"storage_slots":197,"storage_slots_deleted":0,"code":0,"code_bytes":0},"cache":{"account":{"hits":3,"misses":5,"hit_rate":37.5},"storage":{"hits":179,"misses":572,"hit_rate":23.834886817576564},"code":{"hits":2,"misses":0,"hit_rate":100,"hit_bytes":191,"miss_bytes":0}}}
INFO [06-01|09:44:05.686] Imported new potential chain segment     number=2592 hash=b38607..58d904 blocks=1 txs=1 mgas=5.909 elapsed=27.444ms   mgasps=215.290 triediffs=2.07MiB triedirty=0.00B
INFO [06-01|09:44:05.686] Chain head was updated                   number=2592 hash=b38607..58d904 root=6fe2b5..7f5c22 elapsed="80.495µs"
WARN [06-01|09:44:05.709] Snapshot generation is not permitted
INFO [06-01|09:44:05.868] Submitted transaction                    hash=0x2067fccca84029588f66592e562e1c215d7a7654fb6dd4c0ed97d730f3759887 from=0x346ddb80fBD10D6F0ccB55f9efa9Fa5D77A4dDE2 nonce=1   recipient=0xf39Fd6e51aad88F6F4ce6aB8827279cffFb92266 value=936,005
INFO [06-01|09:44:06.690] Starting work on payload                 id=0x03888afcf8e0ff32
INFO [06-01|09:44:06.706] Updated payload                          id=0x03888afcf8e0ff32 number=2593 hash=78fe41..d04b7a txs=1 withdrawals=0 gas=21000     fees=2.1e-14      root=dbe87a..32902f elapsed=15.866ms
INFO [06-01|09:44:06.706] Stopping work on payload                 id=0x03888afcf8e0ff32 reason=delivery
INFO [06-01|09:44:06.738] Paused snapshot generation
WARN [06-01|09:44:06.738] {"level":"warn","msg":"Slow block","block":{"number":2593,"hash":"0x78fe410962d3223860b2b082ce9d23e2f677b58e5ea34330de3357a80dd04b7a","gas_used":21000,"tx_count":1},"timing":{"execution_ms":0.068604,"state_read_ms":15.618211,"state_hash_ms":15.093634,"commit_ms":0.660424,"total_ms":31.614704},"throughput":{"mgas_per_sec":0.6642478765576929},"state_reads":{"accounts":6,"storage_slots":0,"code":0,"code_bytes":0},"state_writes":{"accounts":2,"accounts_deleted":0,"storage_slots":0,"storage_slots_deleted":0,"code":0,"code_bytes":0},"cache":{"account":{"hits":2,"misses":4,"hit_rate":33.33333333333333},"storage":{"hits":0,"misses":0,"hit_rate":0},"code":{"hits":0,"misses":0,"hit_rate":0,"hit_bytes":0,"miss_bytes":0}}}
INFO [06-01|09:44:06.738] Imported new potential chain segment     number=2593 hash=78fe41..d04b7a blocks=1 txs=1 mgas=0.021 elapsed=31.738ms   mgasps=0.662   triediffs=2.07MiB triedirty=0.00B
INFO [06-01|09:44:06.738] Chain head was updated                   number=2593 hash=78fe41..d04b7a root=dbe87a..32902f elapsed="56.689µs"
WARN [06-01|09:44:06.759] Snapshot generation is not permitted
