WARN [06-01|09:51:29.481] Unknown config environment variable      envvar=GETH_PBT_BIN
WARN [06-01|09:51:29.481] Unknown config environment variable      envvar=GETH_UBT_BIN
INFO [06-01|09:51:29.492] Starting Geth on Ethereum mainnet...
INFO [06-01|09:51:29.494] Maximum peer count                       ETH=0 total=0
INFO [06-01|09:51:29.495] Smartcard socket not found, disabling    err="stat /run/pcscd/pcscd.comm: no such file or directory"
WARN [06-01|09:51:29.500] Option --miner.etherbase is deprecated as the etherbase is set by the consensus client post-merge
WARN [06-01|09:51:29.502] Snap sync requested, resetting --cache.snapshot
INFO [06-01|09:51:29.502] Set global gas cap                       cap=50,000,000
INFO [06-01|09:51:30.291] Using developer account                  address=0xf39Fd6e51aad88F6F4ce6aB8827279cffFb92266
INFO [06-01|09:51:30.328] Using pebble as the backing database
INFO [06-01|09:51:30.328] Allocated cache and file handles         database=/mnt/state_expiry_vol_data/ubt-vs-pbt-dbs/pbt/geth/chaindata cache=16.00MiB handles=262,144
INFO [06-01|09:51:30.533] Opened ancient database                  database=/mnt/state_expiry_vol_data/ubt-vs-pbt-dbs/pbt/geth/chaindata/ancient/chain readonly=true
INFO [06-01|09:51:30.533] Opened Era store                         datadir=/mnt/state_expiry_vol_data/ubt-vs-pbt-dbs/pbt/geth/chaindata/ancient/chain/era
INFO [06-01|09:51:30.541] Initializing the KZG library             backend=gokzg
INFO [06-01|09:51:30.542] Allocated trie memory caches             clean=0.00B dirty=0.00B
INFO [06-01|09:51:30.550] Using pebble as the backing database
INFO [06-01|09:51:30.550] Allocated cache and file handles         database=/mnt/state_expiry_vol_data/ubt-vs-pbt-dbs/pbt/geth/chaindata cache=16.00MiB handles=262,144
INFO [06-01|09:51:30.741] Opened ancient database                  database=/mnt/state_expiry_vol_data/ubt-vs-pbt-dbs/pbt/geth/chaindata/ancient/chain readonly=false
INFO [06-01|09:51:30.741] Opened Era store                         datadir=/mnt/state_expiry_vol_data/ubt-vs-pbt-dbs/pbt/geth/chaindata/ancient/chain/era
INFO [06-01|09:51:30.746] State scheme set to already existing     scheme=path
INFO [06-01|09:51:30.746] Initialising Ethereum protocol           network=1337 dbversion=9
INFO [06-01|09:51:30.746] Load database journal from file          path=/mnt/state_expiry_vol_data/ubt-vs-pbt-dbs/pbt/geth/triedb/verkle.journal
INFO [06-01|09:51:30.815] Opened ancient database                  database=/mnt/state_expiry_vol_data/ubt-vs-pbt-dbs/pbt/geth/chaindata/ancient/state_verkle readonly=false
INFO [06-01|09:51:30.817] State snapshot generator is not compatible
INFO [06-01|09:51:30.817] Initialized path database                triecache=0.00B statecache=0.00B buffer=0.00B state-history="last 90000 blocks" journal-dir=/mnt/state_expiry_vol_data/ubt-vs-pbt-dbs/pbt/geth/triedb verkle=true
INFO [06-01|09:51:30.818] 
INFO [06-01|09:51:30.818] ---------------------------------------------------------------------------------------------------------------------------------------------------------
INFO [06-01|09:51:30.818] Chain ID:  1337 (unknown)
INFO [06-01|09:51:30.818] Consensus: unknown
INFO [06-01|09:51:30.818] 
INFO [06-01|09:51:30.818] Pre-Merge hard forks (block based):
INFO [06-01|09:51:30.818]  - Homestead:                   #0       
INFO [06-01|09:51:30.818]  - Tangerine Whistle (EIP 150): #0       
INFO [06-01|09:51:30.818]  - Spurious Dragon/1 (EIP 155): #0       
INFO [06-01|09:51:30.818]  - Spurious Dragon/2 (EIP 158): #0       
INFO [06-01|09:51:30.818]  - Byzantium:                   #0       
INFO [06-01|09:51:30.818]  - Constantinople:              #0       
INFO [06-01|09:51:30.818]  - Petersburg:                  #0       
INFO [06-01|09:51:30.818]  - Istanbul:                    #0       
INFO [06-01|09:51:30.818]  - Berlin:                      #0       
INFO [06-01|09:51:30.818]  - London:                      #0       
INFO [06-01|09:51:30.818]  - Arrow Glacier:               #0       
INFO [06-01|09:51:30.818]  - Gray Glacier:                #0       
INFO [06-01|09:51:30.818] 
INFO [06-01|09:51:30.818] Merge configured:
INFO [06-01|09:51:30.818]  - Total terminal difficulty:  0
INFO [06-01|09:51:30.818]  - Merge netsplit block:       #0       
INFO [06-01|09:51:30.818] 
INFO [06-01|09:51:30.818] Post-Merge hard forks (timestamp based):
INFO [06-01|09:51:30.818]  - Shanghai:                    @0         
INFO [06-01|09:51:30.818]  - Cancun:                      @0          blob: (target: 3, max: 6, fraction: 3338477)
INFO [06-01|09:51:30.818]  - Prague:                      @0          blob: (target: 6, max: 9, fraction: 5007716)
INFO [06-01|09:51:30.818]  - Osaka:                       @0          blob: (target: 6, max: 9, fraction: 5007716)
INFO [06-01|09:51:30.818]  - UBT:                         @0          blob: (nil)
INFO [06-01|09:51:30.818] 
INFO [06-01|09:51:30.818] All fork specifications can be found at https://ethereum.github.io/execution-specs/src/ethereum/forks/
INFO [06-01|09:51:30.818] 
INFO [06-01|09:51:30.818] ---------------------------------------------------------------------------------------------------------------------------------------------------------
INFO [06-01|09:51:30.818] 
INFO [06-01|09:51:30.819] Loaded most recent local block           number=2869 hash=4cf31f..ff66d5 age=3s
INFO [06-01|09:51:30.819] Loaded most recent local finalized block number=2848 hash=0dec5c..e54454 age=35s
INFO [06-01|09:51:30.820] Initialized transaction indexer          range="last 2350000 blocks"
INFO [06-01|09:51:30.820] Initialized log indexer                  firstblock=0 lastblock=2869 firstmap=0 lastmap=0 headindexed=true
INFO [06-01|09:51:30.870] Enabled full-sync                        head=2869 hash=4cf31f..ff66d5
INFO [06-01|09:51:30.871] Unprotected transactions allowed
INFO [06-01|09:51:30.871] Gasprice oracle is ignoring threshold set threshold=2
INFO [06-01|09:51:30.871] Registered sync override service
WARN [06-01|09:51:30.872] You are running Geth in --dev mode. Please note the following:
WARN [06-01|09:51:30.872] 
WARN [06-01|09:51:30.872]   1. This mode is only intended for fast, iterative development without assumptions on
WARN [06-01|09:51:30.872]      security or persistence.
WARN [06-01|09:51:30.872]   2. The database is created in memory unless specified otherwise. Therefore, shutting down
WARN [06-01|09:51:30.872]      your computer or losing power will wipe your entire block data and chain state for
WARN [06-01|09:51:30.872]      your dev environment.
WARN [06-01|09:51:30.872]   3. A random, pre-allocated developer account will be available and unlocked as
WARN [06-01|09:51:30.872]      eth.coinbase, which can be used for testing. The random dev account is temporary,
WARN [06-01|09:51:30.872]      stored on a ramdisk, and will be lost if your machine is restarted.
WARN [06-01|09:51:30.872]   4. Mining is enabled by default. However, the client will only seal blocks if transactions
WARN [06-01|09:51:30.872]      are pending in the mempool. The miner's minimum accepted gas price is 1.
WARN [06-01|09:51:30.872]   5. Networking is disabled; there is no listen-address, the maximum number of peers is set
WARN [06-01|09:51:30.872]      to 0, and discovery is disabled.
WARN [06-01|09:51:30.872] 
INFO [06-01|09:51:30.872] Starting peer-to-peer node               instance=Geth/v1.17.3-unstable/linux-amd64/go1.24.9
WARN [06-01|09:51:30.872] P2P server will be useless, neither dialing nor listening
INFO [06-01|09:51:30.899] IPC endpoint opened                      url=/mnt/state_expiry_vol_data/ubt-vs-pbt-dbs/pbt/geth.ipc
ERROR[06-01|09:51:30.899] Unavailable modules in HTTP API list     unavailable=[personal] available="[admin debug web3 eth txpool miner net dev testing]"
INFO [06-01|09:51:30.899] New local node record                    seq=1,780,292,694,610 id=972c5cc0b2a1895c ip=127.0.0.1 udp=0 tcp=0
INFO [06-01|09:51:30.899] Started P2P networking                   self=enode://16ec6c0bde109d66472afe00ec8fee3d30718d830d1acf0829842abca89b82afff8a454636cde3b26d700f98647938c6f23e7bee3027caca0d7f19e4b3725e13@127.0.0.1:0
INFO [06-01|09:51:30.900] HTTP server started                      endpoint=127.0.0.1:8545 auth=false prefix= cors= vhosts=localhost
INFO [06-01|09:51:30.900] WebSocket enabled                        url=ws://127.0.0.1:8546
INFO [06-01|09:51:31.179] Loaded local transaction journal         transactions=2217 dropped=0
INFO [06-01|09:51:32.004] Started log indexer
INFO [06-01|09:51:32.046] Starting work on payload                 id=0x03235bd74dcd7755
INFO [06-01|09:51:32.049] Updated payload                          id=0x03235bd74dcd7755 number=2870 hash=b00c24..b58be8 txs=0 withdrawals=0 gas=0 fees=0 root=ea90d2..85d623 elapsed=3.368ms
INFO [06-01|09:51:32.050] Stopping work on payload                 id=0x03235bd74dcd7755 reason=delivery
WARN [06-01|09:51:32.054] {"level":"warn","msg":"Slow block","block":{"number":2870,"hash":"0xb00c247e777b27730c83cfd549d2891fca9fa336b62e8e4b4e7bc1a484b58be8","gas_used":0,"tx_count":0},"timing":{"execution_ms":0.049126,"state_read_ms":3.520862,"state_hash_ms":0.001659,"commit_ms":0.210529,"total_ms":3.978524},"throughput":{"mgas_per_sec":0},"state_reads":{"accounts":4,"storage_slots":0,"code":0,"code_bytes":0},"state_writes":{"accounts":0,"accounts_deleted":0,"storage_slots":0,"storage_slots_deleted":0,"code":0,"code_bytes":0},"cache":{"account":{"hits":0,"misses":4,"hit_rate":0},"storage":{"hits":0,"misses":0,"hit_rate":0},"code":{"hits":0,"misses":0,"hit_rate":0,"hit_bytes":0,"miss_bytes":0}}}
INFO [06-01|09:51:32.054] Imported new potential chain segment     number=2870 hash=b00c24..b58be8 blocks=1 txs=0 mgas=0.000 elapsed=4.292ms mgasps=0.000 triediffs=2.79MiB triedirty=0.00B
INFO [06-01|09:51:32.054] Chain head was updated                   number=2870 hash=b00c24..b58be8 root=ea90d2..85d623 elapsed="70.967µs"
INFO [06-01|09:51:33.059] Starting work on payload                 id=0x0378b93228f802fa
INFO [06-01|09:51:33.065] Updated payload                          id=0x0378b93228f802fa number=2871 hash=7c0e6d..fbc6b2 txs=0 withdrawals=0 gas=0 fees=0 root=ea90d2..85d623 elapsed=6.266ms
INFO [06-01|09:51:33.067] Stopping work on payload                 id=0x0378b93228f802fa reason=delivery
WARN [06-01|09:51:33.072] {"level":"warn","msg":"Slow block","block":{"number":2871,"hash":"0x7c0e6d9354719ce7372b6d200290ea1cb2725500f672999ab4f00b6628fbc6b2","gas_used":0,"tx_count":0},"timing":{"execution_ms":0.043448,"state_read_ms":5.616222,"state_hash_ms":0.002222,"commit_ms":0.118731,"total_ms":5.966504},"throughput":{"mgas_per_sec":0},"state_reads":{"accounts":4,"storage_slots":0,"code":0,"code_bytes":0},"state_writes":{"accounts":0,"accounts_deleted":0,"storage_slots":0,"storage_slots_deleted":0,"code":0,"code_bytes":0},"cache":{"account":{"hits":0,"misses":4,"hit_rate":0},"storage":{"hits":0,"misses":0,"hit_rate":0},"code":{"hits":0,"misses":0,"hit_rate":0,"hit_bytes":0,"miss_bytes":0}}}
INFO [06-01|09:51:33.072] Imported new potential chain segment     number=2871 hash=7c0e6d..fbc6b2 blocks=1 txs=0 mgas=0.000 elapsed=6.168ms    mgasps=0.000 triediffs=2.79MiB triedirty=0.00B
INFO [06-01|09:51:33.072] Chain head was updated                   number=2871 hash=7c0e6d..fbc6b2 root=ea90d2..85d623 elapsed="34.921µs"
INFO [06-01|09:51:34.087] Starting work on payload                 id=0x032b9ffeed1ad52c
INFO [06-01|09:51:34.104] Updated payload                          id=0x032b9ffeed1ad52c number=2872 hash=a2ef67..e1ee31 txs=0 withdrawals=0 gas=0 fees=0 root=ea90d2..85d623 elapsed=16.459ms
INFO [06-01|09:51:34.104] Stopping work on payload                 id=0x032b9ffeed1ad52c reason=delivery
WARN [06-01|09:51:34.108] {"level":"warn","msg":"Slow block","block":{"number":2872,"hash":"0xa2ef67d5a06c246481616fdfc72860b9250103066a5b05f82f2daf7a58e1ee31","gas_used":0,"tx_count":0},"timing":{"execution_ms":0.026841,"state_read_ms":3.625443,"state_hash_ms":0.00136,"commit_ms":0.131326,"total_ms":3.996007},"throughput":{"mgas_per_sec":0},"state_reads":{"accounts":4,"storage_slots":0,"code":0,"code_bytes":0},"state_writes":{"accounts":0,"accounts_deleted":0,"storage_slots":0,"storage_slots_deleted":0,"code":0,"code_bytes":0},"cache":{"account":{"hits":0,"misses":4,"hit_rate":0},"storage":{"hits":0,"misses":0,"hit_rate":0},"code":{"hits":0,"misses":0,"hit_rate":0,"hit_bytes":0,"miss_bytes":0}}}
INFO [06-01|09:51:34.108] Imported new potential chain segment     number=2872 hash=a2ef67..e1ee31 blocks=1 txs=0 mgas=0.000 elapsed=4.273ms    mgasps=0.000 triediffs=2.79MiB triedirty=0.00B
INFO [06-01|09:51:34.108] Chain head was updated                   number=2872 hash=a2ef67..e1ee31 root=ea90d2..85d623 elapsed="47.428µs"
INFO [06-01|09:51:34.411] Submitted contract creation              hash=0x33988e595e0f117408a2a3a551b44000275052d067e2cdce8e5a7cd9e054208d from=0xf39Fd6e51aad88F6F4ce6aB8827279cffFb92266 nonce=853 contract=0xfDb6669cF60C1dBfB0f72Ea50A6eC5e0FD6089E1 value=0
INFO [06-01|09:51:34.411] Submitted transaction                    hash=0x31405a5dd7df33b1c99255dcb5eb2cdee01fefed75b3b1a8916f0929bd8f2a42 from=0xf39Fd6e51aad88F6F4ce6aB8827279cffFb92266 nonce=854 recipient=0x2Cc613eb0439De8CC0368FB2D7Fb35100704D472 value=78,000,000
INFO [06-01|09:51:35.114] Starting work on payload                 id=0x035eefc488396933
INFO [06-01|09:51:35.152] Updated payload                          id=0x035eefc488396933 number=2873 hash=c139a1..eedcd4 txs=2 withdrawals=0 gas=86926 fees=5.21556e-13 root=fee943..2586bc elapsed=37.684ms
INFO [06-01|09:51:35.152] Stopping work on payload                 id=0x035eefc488396933 reason=delivery
INFO [06-01|09:51:35.188] Paused snapshot generation
WARN [06-01|09:51:35.188] {"level":"warn","msg":"Slow block","block":{"number":2873,"hash":"0xc139a18592e85bda366b2df559a07c6808079a0fc98e039dacc2227747eedcd4","gas_used":86926,"tx_count":2},"timing":{"execution_ms":0.145246,"state_read_ms":27.610091,"state_hash_ms":2.81176,"commit_ms":5.133796,"total_ms":35.88388},"throughput":{"mgas_per_sec":2.4224247768078593},"state_reads":{"accounts":11,"storage_slots":0,"code":0,"code_bytes":0},"state_writes":{"accounts":3,"accounts_deleted":0,"storage_slots":0,"storage_slots_deleted":0,"code":1,"code_bytes":165},"cache":{"account":{"hits":5,"misses":6,"hit_rate":45.45454545454545},"storage":{"hits":0,"misses":0,"hit_rate":0},"code":{"hits":0,"misses":0,"hit_rate":0,"hit_bytes":0,"miss_bytes":0}}}
INFO [06-01|09:51:35.188] Imported new potential chain segment     number=2873 hash=c139a1..eedcd4 blocks=1 txs=2 mgas=0.087 elapsed=36.068ms   mgasps=2.410 triediffs=2.76MiB triedirty=0.00B
INFO [06-01|09:51:35.188] Chain head was updated                   number=2873 hash=c139a1..eedcd4 root=fee943..2586bc elapsed="204.444µs"
WARN [06-01|09:51:35.207] Snapshot generation is not permitted
INFO [06-01|09:51:35.426] Submitted transaction                    hash=0xc92212cc504159bd1077d5d59897677125c4047a3f30b0d39bfdce489f876c16 from=0x2Cc613eb0439De8CC0368FB2D7Fb35100704D472 nonce=0   recipient=0xfDb6669cF60C1dBfB0f72Ea50A6eC5e0FD6089E1 value=0
INFO [06-01|09:51:36.193] Starting work on payload                 id=0x031eb467d1076b9c
INFO [06-01|09:51:36.244] Updated payload                          id=0x031eb467d1076b9c number=2874 hash=ea18aa..38f55f txs=1 withdrawals=0 gas=5,900,884 fees=3.5405304e-11 root=548d1a..90b9c5 elapsed=50.384ms
INFO [06-01|09:51:36.244] Stopping work on payload                 id=0x031eb467d1076b9c reason=delivery
INFO [06-01|09:51:36.309] Paused snapshot generation
WARN [06-01|09:51:36.309] {"level":"warn","msg":"Slow block","block":{"number":2874,"hash":"0xea18aad57f7496ea36c8ba4bd056e9e3ab30559e32fadc438c881649ef38f55f","gas_used":5900884,"tx_count":1},"timing":{"execution_ms":23.548288,"state_read_ms":19.277894,"state_hash_ms":20.17039,"commit_ms":1.037399,"total_ms":64.946043},"throughput":{"mgas_per_sec":90.85825290387591},"state_reads":{"accounts":263,"storage_slots":1339,"code":257,"code_bytes":7333},"state_writes":{"accounts":3,"accounts_deleted":0,"storage_slots":59,"storage_slots_deleted":0,"code":0,"code_bytes":0},"cache":{"account":{"hits":53,"misses":210,"hit_rate":20.15209125475285},"storage":{"hits":175,"misses":1164,"hit_rate":13.069454817027632},"code":{"hits":257,"misses":0,"hit_rate":100,"hit_bytes":7333,"miss_bytes":0}}}
INFO [06-01|09:51:36.309] Imported new potential chain segment     number=2874 hash=ea18aa..38f55f blocks=1 txs=1 mgas=5.901 elapsed=65.157ms    mgasps=90.563 triediffs=2.78MiB triedirty=0.00B
INFO [06-01|09:51:36.309] Chain head was updated                   number=2874 hash=ea18aa..38f55f root=548d1a..90b9c5 elapsed="127.305µs"
WARN [06-01|09:51:36.342] Snapshot generation is not permitted
INFO [06-01|09:51:36.441] Submitted transaction                    hash=0x04254c4c54be535b561b16fe0680bc04a5f7844affb9785b5599d63ef3f3aab1 from=0x2Cc613eb0439De8CC0368FB2D7Fb35100704D472 nonce=1   recipient=0xf39Fd6e51aad88F6F4ce6aB8827279cffFb92266 value=1,036,508
INFO [06-01|09:51:37.313] Starting work on payload                 id=0x03073dd17339c07c
INFO [06-01|09:51:37.329] Updated payload                          id=0x03073dd17339c07c number=2875 hash=879de1..881aec txs=1 withdrawals=0 gas=21000     fees=2.1e-14       root=573d6c..505595 elapsed=15.535ms
INFO [06-01|09:51:37.332] Stopping work on payload                 id=0x03073dd17339c07c reason=delivery
INFO [06-01|09:51:37.356] Paused snapshot generation
WARN [06-01|09:51:37.356] {"level":"warn","msg":"Slow block","block":{"number":2875,"hash":"0x879de1fe9a6ef37e828b42d751e72da973d06c934e298fd9b6fb6c1dad881aec","gas_used":21000,"tx_count":1},"timing":{"execution_ms":0.204963,"state_read_ms":9.740996,"state_hash_ms":14.464168,"commit_ms":1.09009,"total_ms":26.288323},"throughput":{"mgas_per_sec":0.7988337635687145},"state_reads":{"accounts":6,"storage_slots":0,"code":0,"code_bytes":0},"state_writes":{"accounts":2,"accounts_deleted":0,"storage_slots":0,"storage_slots_deleted":0,"code":0,"code_bytes":0},"cache":{"account":{"hits":0,"misses":6,"hit_rate":0},"storage":{"hits":0,"misses":0,"hit_rate":0},"code":{"hits":0,"misses":0,"hit_rate":0,"hit_bytes":0,"miss_bytes":0}}}
INFO [06-01|09:51:37.356] Imported new potential chain segment     number=2875 hash=879de1..881aec blocks=1 txs=1 mgas=0.021 elapsed=26.483ms    mgasps=0.793  triediffs=2.78MiB triedirty=0.00B
INFO [06-01|09:51:37.356] Chain head was updated                   number=2875 hash=879de1..881aec root=573d6c..505595 elapsed="81.846µs"
WARN [06-01|09:51:37.382] Snapshot generation is not permitted
