WARN [06-01|10:03:31.470] Unknown config environment variable      envvar=GETH_PBT_BIN
WARN [06-01|10:03:31.471] Unknown config environment variable      envvar=GETH_UBT_BIN
INFO [06-01|10:03:31.482] Starting Geth on Ethereum mainnet...
INFO [06-01|10:03:31.483] Maximum peer count                       ETH=0 total=0
INFO [06-01|10:03:31.485] Smartcard socket not found, disabling    err="stat /run/pcscd/pcscd.comm: no such file or directory"
WARN [06-01|10:03:31.489] Option --miner.etherbase is deprecated as the etherbase is set by the consensus client post-merge
WARN [06-01|10:03:31.491] Snap sync requested, resetting --cache.snapshot
INFO [06-01|10:03:31.491] Set global gas cap                       cap=50,000,000
INFO [06-01|10:03:32.338] Using developer account                  address=0xf39Fd6e51aad88F6F4ce6aB8827279cffFb92266
INFO [06-01|10:03:32.378] Using pebble as the backing database
INFO [06-01|10:03:32.378] Allocated cache and file handles         database=/mnt/state_expiry_vol_data/ubt-vs-pbt-dbs/pbt/geth/chaindata cache=16.00MiB handles=262,144
INFO [06-01|10:03:32.600] Opened ancient database                  database=/mnt/state_expiry_vol_data/ubt-vs-pbt-dbs/pbt/geth/chaindata/ancient/chain readonly=true
INFO [06-01|10:03:32.600] Opened Era store                         datadir=/mnt/state_expiry_vol_data/ubt-vs-pbt-dbs/pbt/geth/chaindata/ancient/chain/era
INFO [06-01|10:03:32.609] Initializing the KZG library             backend=gokzg
INFO [06-01|10:03:32.612] Allocated trie memory caches             clean=0.00B dirty=0.00B
INFO [06-01|10:03:32.620] Using pebble as the backing database
INFO [06-01|10:03:32.620] Allocated cache and file handles         database=/mnt/state_expiry_vol_data/ubt-vs-pbt-dbs/pbt/geth/chaindata cache=16.00MiB handles=262,144
INFO [06-01|10:03:32.797] Opened ancient database                  database=/mnt/state_expiry_vol_data/ubt-vs-pbt-dbs/pbt/geth/chaindata/ancient/chain readonly=false
INFO [06-01|10:03:32.797] Opened Era store                         datadir=/mnt/state_expiry_vol_data/ubt-vs-pbt-dbs/pbt/geth/chaindata/ancient/chain/era
INFO [06-01|10:03:32.802] State scheme set to already existing     scheme=path
INFO [06-01|10:03:32.805] Initialising Ethereum protocol           network=1337 dbversion=9
INFO [06-01|10:03:32.805] Load database journal from file          path=/mnt/state_expiry_vol_data/ubt-vs-pbt-dbs/pbt/geth/triedb/verkle.journal
INFO [06-01|10:03:32.860] Opened ancient database                  database=/mnt/state_expiry_vol_data/ubt-vs-pbt-dbs/pbt/geth/chaindata/ancient/state_verkle readonly=false
INFO [06-01|10:03:32.863] State snapshot generator is not compatible
INFO [06-01|10:03:32.863] Initialized path database                triecache=0.00B statecache=0.00B buffer=0.00B state-history="last 90000 blocks" journal-dir=/mnt/state_expiry_vol_data/ubt-vs-pbt-dbs/pbt/geth/triedb verkle=true
INFO [06-01|10:03:32.863] 
INFO [06-01|10:03:32.863] ---------------------------------------------------------------------------------------------------------------------------------------------------------
INFO [06-01|10:03:32.863] Chain ID:  1337 (unknown)
INFO [06-01|10:03:32.863] Consensus: unknown
INFO [06-01|10:03:32.863] 
INFO [06-01|10:03:32.863] Pre-Merge hard forks (block based):
INFO [06-01|10:03:32.863]  - Homestead:                   #0       
INFO [06-01|10:03:32.863]  - Tangerine Whistle (EIP 150): #0       
INFO [06-01|10:03:32.863]  - Spurious Dragon/1 (EIP 155): #0       
INFO [06-01|10:03:32.863]  - Spurious Dragon/2 (EIP 158): #0       
INFO [06-01|10:03:32.863]  - Byzantium:                   #0       
INFO [06-01|10:03:32.863]  - Constantinople:              #0       
INFO [06-01|10:03:32.863]  - Petersburg:                  #0       
INFO [06-01|10:03:32.863]  - Istanbul:                    #0       
INFO [06-01|10:03:32.863]  - Berlin:                      #0       
INFO [06-01|10:03:32.863]  - London:                      #0       
INFO [06-01|10:03:32.863]  - Arrow Glacier:               #0       
INFO [06-01|10:03:32.863]  - Gray Glacier:                #0       
INFO [06-01|10:03:32.863] 
INFO [06-01|10:03:32.863] Merge configured:
INFO [06-01|10:03:32.863]  - Total terminal difficulty:  0
INFO [06-01|10:03:32.863]  - Merge netsplit block:       #0       
INFO [06-01|10:03:32.863] 
INFO [06-01|10:03:32.863] Post-Merge hard forks (timestamp based):
INFO [06-01|10:03:32.863]  - Shanghai:                    @0         
INFO [06-01|10:03:32.863]  - Cancun:                      @0          blob: (target: 3, max: 6, fraction: 3338477)
INFO [06-01|10:03:32.863]  - Prague:                      @0          blob: (target: 6, max: 9, fraction: 5007716)
INFO [06-01|10:03:32.863]  - Osaka:                       @0          blob: (target: 6, max: 9, fraction: 5007716)
INFO [06-01|10:03:32.863]  - UBT:                         @0          blob: (nil)
INFO [06-01|10:03:32.863] 
INFO [06-01|10:03:32.863] All fork specifications can be found at https://ethereum.github.io/execution-specs/src/ethereum/forks/
INFO [06-01|10:03:32.863] 
INFO [06-01|10:03:32.863] ---------------------------------------------------------------------------------------------------------------------------------------------------------
INFO [06-01|10:03:32.863] 
INFO [06-01|10:03:32.864] Loaded most recent local block           number=3329 hash=4ecf3a..e334b3 age=3s
INFO [06-01|10:03:32.864] Loaded most recent local finalized block number=3328 hash=8346c8..353408 age=4s
INFO [06-01|10:03:32.865] Initialized transaction indexer          range="last 2350000 blocks"
INFO [06-01|10:03:32.865] Initialized log indexer                  firstblock=0 lastblock=3329 firstmap=0 lastmap=0 headindexed=true
INFO [06-01|10:03:32.919] Enabled full-sync                        head=3329 hash=4ecf3a..e334b3
INFO [06-01|10:03:32.920] Unprotected transactions allowed
INFO [06-01|10:03:32.920] Gasprice oracle is ignoring threshold set threshold=2
INFO [06-01|10:03:32.920] Registered sync override service
WARN [06-01|10:03:32.920] You are running Geth in --dev mode. Please note the following:
WARN [06-01|10:03:32.920] 
WARN [06-01|10:03:32.920]   1. This mode is only intended for fast, iterative development without assumptions on
WARN [06-01|10:03:32.920]      security or persistence.
WARN [06-01|10:03:32.920]   2. The database is created in memory unless specified otherwise. Therefore, shutting down
WARN [06-01|10:03:32.920]      your computer or losing power will wipe your entire block data and chain state for
WARN [06-01|10:03:32.920]      your dev environment.
WARN [06-01|10:03:32.920]   3. A random, pre-allocated developer account will be available and unlocked as
WARN [06-01|10:03:32.920]      eth.coinbase, which can be used for testing. The random dev account is temporary,
WARN [06-01|10:03:32.920]      stored on a ramdisk, and will be lost if your machine is restarted.
WARN [06-01|10:03:32.920]   4. Mining is enabled by default. However, the client will only seal blocks if transactions
WARN [06-01|10:03:32.920]      are pending in the mempool. The miner's minimum accepted gas price is 1.
WARN [06-01|10:03:32.920]   5. Networking is disabled; there is no listen-address, the maximum number of peers is set
WARN [06-01|10:03:32.920]      to 0, and discovery is disabled.
WARN [06-01|10:03:32.920] 
INFO [06-01|10:03:32.920] Starting peer-to-peer node               instance=Geth/v1.17.3-unstable/linux-amd64/go1.24.9
WARN [06-01|10:03:32.920] P2P server will be useless, neither dialing nor listening
INFO [06-01|10:03:32.948] IPC endpoint opened                      url=/mnt/state_expiry_vol_data/ubt-vs-pbt-dbs/pbt/geth.ipc
ERROR[06-01|10:03:32.948] Unavailable modules in HTTP API list     unavailable=[personal] available="[admin debug web3 eth txpool miner net dev testing]"
INFO [06-01|10:03:32.949] New local node record                    seq=1,780,292,694,682 id=972c5cc0b2a1895c ip=127.0.0.1 udp=0 tcp=0
INFO [06-01|10:03:32.949] Started P2P networking                   self=enode://16ec6c0bde109d66472afe00ec8fee3d30718d830d1acf0829842abca89b82afff8a454636cde3b26d700f98647938c6f23e7bee3027caca0d7f19e4b3725e13@127.0.0.1:0
INFO [06-01|10:03:32.949] HTTP server started                      endpoint=127.0.0.1:8545 auth=false prefix= cors= vhosts=localhost
INFO [06-01|10:03:32.949] WebSocket enabled                        url=ws://127.0.0.1:8546
INFO [06-01|10:03:33.247] Loaded local transaction journal         transactions=2505 dropped=0
INFO [06-01|10:03:34.011] Started log indexer
INFO [06-01|10:03:34.055] Starting work on payload                 id=0x030e4a293085d34b
INFO [06-01|10:03:34.058] Updated payload                          id=0x030e4a293085d34b number=3330 hash=f4302b..a0c007 txs=0 withdrawals=0 gas=0 fees=0 root=329760..2a80a9 elapsed=3.515ms
INFO [06-01|10:03:34.058] Stopping work on payload                 id=0x030e4a293085d34b reason=delivery
WARN [06-01|10:03:34.063] {"level":"warn","msg":"Slow block","block":{"number":3330,"hash":"0xf4302b433064159ce8a53af670f5989e99b9e96a988a40006f1b453ffca0c007","gas_used":0,"tx_count":0},"timing":{"execution_ms":0.039232,"state_read_ms":3.358124,"state_hash_ms":0.00212,"commit_ms":0.201347,"total_ms":3.777661},"throughput":{"mgas_per_sec":0},"state_reads":{"accounts":4,"storage_slots":0,"code":0,"code_bytes":0},"state_writes":{"accounts":0,"accounts_deleted":0,"storage_slots":0,"storage_slots_deleted":0,"code":0,"code_bytes":0},"cache":{"account":{"hits":0,"misses":4,"hit_rate":0},"storage":{"hits":0,"misses":0,"hit_rate":0},"code":{"hits":0,"misses":0,"hit_rate":0,"hit_bytes":0,"miss_bytes":0}}}
INFO [06-01|10:03:34.063] Imported new potential chain segment     number=3330 hash=f4302b..a0c007 blocks=1 txs=0 mgas=0.000 elapsed=4.173ms mgasps=0.000 triediffs=1.33MiB triedirty=0.00B
INFO [06-01|10:03:34.063] Chain head was updated                   number=3330 hash=f4302b..a0c007 root=329760..2a80a9 elapsed="83.114µs"
INFO [06-01|10:03:35.069] Starting work on payload                 id=0x03f8c58389ed6f60
INFO [06-01|10:03:35.077] Updated payload                          id=0x03f8c58389ed6f60 number=3331 hash=565c93..b598e3 txs=0 withdrawals=0 gas=0 fees=0 root=329760..2a80a9 elapsed=8.039ms
INFO [06-01|10:03:35.078] Stopping work on payload                 id=0x03f8c58389ed6f60 reason=delivery
WARN [06-01|10:03:35.085] {"level":"warn","msg":"Slow block","block":{"number":3331,"hash":"0x565c93714cc18ca9387cf39451e9f62c94bc5892ce0aa6d41ac242a333b598e3","gas_used":0,"tx_count":0},"timing":{"execution_ms":0.0328,"state_read_ms":7.109036,"state_hash_ms":0.001935,"commit_ms":0.105612,"total_ms":7.557994},"throughput":{"mgas_per_sec":0},"state_reads":{"accounts":4,"storage_slots":0,"code":0,"code_bytes":0},"state_writes":{"accounts":0,"accounts_deleted":0,"storage_slots":0,"storage_slots_deleted":0,"code":0,"code_bytes":0},"cache":{"account":{"hits":0,"misses":4,"hit_rate":0},"storage":{"hits":0,"misses":0,"hit_rate":0},"code":{"hits":0,"misses":0,"hit_rate":0,"hit_bytes":0,"miss_bytes":0}}}
INFO [06-01|10:03:35.085] Imported new potential chain segment     number=3331 hash=565c93..b598e3 blocks=1 txs=0 mgas=0.000 elapsed=7.740ms    mgasps=0.000 triediffs=1.33MiB triedirty=0.00B
INFO [06-01|10:03:35.086] Chain head was updated                   number=3331 hash=565c93..b598e3 root=329760..2a80a9 elapsed="46.197µs"
INFO [06-01|10:03:36.091] Starting work on payload                 id=0x03fb959ec0bd4e7d
INFO [06-01|10:03:36.112] Updated payload                          id=0x03fb959ec0bd4e7d number=3332 hash=339bd3..1284bc txs=0 withdrawals=0 gas=0 fees=0 root=329760..2a80a9 elapsed=20.640ms
INFO [06-01|10:03:36.112] Stopping work on payload                 id=0x03fb959ec0bd4e7d reason=delivery
WARN [06-01|10:03:36.116] {"level":"warn","msg":"Slow block","block":{"number":3332,"hash":"0x339bd3e5aa6a858555a12ea3127df0356326ba5ca339ff528a535787611284bc","gas_used":0,"tx_count":0},"timing":{"execution_ms":0.038789,"state_read_ms":3.266358,"state_hash_ms":0.002212,"commit_ms":0.180842,"total_ms":3.656095},"throughput":{"mgas_per_sec":0},"state_reads":{"accounts":4,"storage_slots":0,"code":0,"code_bytes":0},"state_writes":{"accounts":0,"accounts_deleted":0,"storage_slots":0,"storage_slots_deleted":0,"code":0,"code_bytes":0},"cache":{"account":{"hits":0,"misses":4,"hit_rate":0},"storage":{"hits":0,"misses":0,"hit_rate":0},"code":{"hits":0,"misses":0,"hit_rate":0,"hit_bytes":0,"miss_bytes":0}}}
INFO [06-01|10:03:36.116] Imported new potential chain segment     number=3332 hash=339bd3..1284bc blocks=1 txs=0 mgas=0.000 elapsed=3.881ms    mgasps=0.000 triediffs=1.33MiB triedirty=0.00B
INFO [06-01|10:03:36.116] Chain head was updated                   number=3332 hash=339bd3..1284bc root=329760..2a80a9 elapsed="73.465µs"
INFO [06-01|10:03:36.487] Submitted contract creation              hash=0xfa2a99e4438402f15e08b3bded21730f6732b67295d7eaded943bef7b360b190 from=0xf39Fd6e51aad88F6F4ce6aB8827279cffFb92266 nonce=997 contract=0x77e6Bd5c1988d8d766698F9CeEa5C24559b999f8 value=0
INFO [06-01|10:03:36.488] Submitted transaction                    hash=0x95a795af52fe8577519224f04ccf7ce5dce2bbd55d2d40df38d21f6395c7794d from=0xf39Fd6e51aad88F6F4ce6aB8827279cffFb92266 nonce=998 recipient=0xed4bF52764c83163881417056aE4258563B7A725 value=78,000,000
INFO [06-01|10:03:37.120] Starting work on payload                 id=0x0398e860b40bd765
INFO [06-01|10:03:37.159] Updated payload                          id=0x0398e860b40bd765 number=3333 hash=c04234..9106a9 txs=2 withdrawals=0 gas=91710 fees=5.5026e-13 root=9bc85e..ac1163 elapsed=39.023ms
INFO [06-01|10:03:37.159] Stopping work on payload                 id=0x0398e860b40bd765 reason=delivery
INFO [06-01|10:03:37.189] Paused snapshot generation
WARN [06-01|10:03:37.189] {"level":"warn","msg":"Slow block","block":{"number":3333,"hash":"0xc042343eb49630dc78354a5f447e87dd91384d88fe8ce754955ecab2c09106a9","gas_used":91710,"tx_count":2},"timing":{"execution_ms":0.095357,"state_read_ms":19.431122,"state_hash_ms":5.580885,"commit_ms":4.861091,"total_ms":30.157413},"throughput":{"mgas_per_sec":3.0410433414829052},"state_reads":{"accounts":11,"storage_slots":0,"code":0,"code_bytes":0},"state_writes":{"accounts":3,"accounts_deleted":0,"storage_slots":0,"storage_slots_deleted":0,"code":1,"code_bytes":305},"cache":{"account":{"hits":6,"misses":5,"hit_rate":54.54545454545454},"storage":{"hits":0,"misses":0,"hit_rate":0},"code":{"hits":0,"misses":0,"hit_rate":0,"hit_bytes":0,"miss_bytes":0}}}
INFO [06-01|10:03:37.190] Imported new potential chain segment     number=3333 hash=c04234..9106a9 blocks=1 txs=2 mgas=0.092 elapsed=30.296ms   mgasps=3.027 triediffs=1.33MiB triedirty=0.00B
INFO [06-01|10:03:37.190] Chain head was updated                   number=3333 hash=c04234..9106a9 root=9bc85e..ac1163 elapsed="149.116µs"
WARN [06-01|10:03:37.210] Snapshot generation is not permitted
INFO [06-01|10:03:37.500] Submitted transaction                    hash=0x84864215f57f724d4977555bc415996277ce119669471e0cc85fe8cf531a8217 from=0xed4bF52764c83163881417056aE4258563B7A725 nonce=0   recipient=0x77e6Bd5c1988d8d766698F9CeEa5C24559b999f8 value=0
INFO [06-01|10:03:38.195] Starting work on payload                 id=0x03ef6e6c5945b0b7
INFO [06-01|10:03:38.339] Updated payload                          id=0x03ef6e6c5945b0b7 number=3334 hash=238386..115d01 txs=1 withdrawals=0 gas=5,902,152 fees=3.5412912e-11 root=eb5fbe..d8e920 elapsed=143.886ms
INFO [06-01|10:03:38.339] Stopping work on payload                 id=0x03ef6e6c5945b0b7 reason=delivery
INFO [06-01|10:03:38.426] Paused snapshot generation
WARN [06-01|10:03:38.427] {"level":"warn","msg":"Slow block","block":{"number":3334,"hash":"0x2383861844f63628918850400f4b2d9236a1ceca223d2ac2aff4c39ce7115d01","gas_used":5902152,"tx_count":1},"timing":{"execution_ms":68.845518,"state_read_ms":14.657945,"state_hash_ms":3.17184,"commit_ms":0.63718,"total_ms":87.543944},"throughput":{"mgas_per_sec":67.41930658276031},"state_reads":{"accounts":107,"storage_slots":1390,"code":101,"code_bytes":3105},"state_writes":{"accounts":2,"accounts_deleted":0,"storage_slots":0,"storage_slots_deleted":0,"code":0,"code_bytes":0},"cache":{"account":{"hits":42,"misses":65,"hit_rate":39.25233644859813},"storage":{"hits":396,"misses":994,"hit_rate":28.489208633093526},"code":{"hits":101,"misses":0,"hit_rate":100,"hit_bytes":3105,"miss_bytes":0}}}
INFO [06-01|10:03:38.427] Imported new potential chain segment     number=3334 hash=238386..115d01 blocks=1 txs=1 mgas=5.902 elapsed=87.766ms    mgasps=67.249 triediffs=1.33MiB triedirty=0.00B
INFO [06-01|10:03:38.427] Chain head was updated                   number=3334 hash=238386..115d01 root=eb5fbe..d8e920 elapsed="88.506µs"
WARN [06-01|10:03:38.453] Snapshot generation is not permitted
INFO [06-01|10:03:38.514] Submitted transaction                    hash=0xb89de9d0babf7479b56f52639a01f79c848a40f20ebbf6a9205174e12fff0529 from=0xed4bF52764c83163881417056aE4258563B7A725 nonce=1   recipient=0xf39Fd6e51aad88F6F4ce6aB8827279cffFb92266 value=1,020,024
INFO [06-01|10:03:39.443] Starting work on payload                 id=0x0331f5e5d447b6ba
INFO [06-01|10:03:39.452] Updated payload                          id=0x0331f5e5d447b6ba number=3335 hash=639608..dd4583 txs=1 withdrawals=0 gas=21000     fees=2.1e-14       root=4ef092..0bf624 elapsed=9.094ms
INFO [06-01|10:03:39.453] Stopping work on payload                 id=0x0331f5e5d447b6ba reason=delivery
INFO [06-01|10:03:39.477] Paused snapshot generation
WARN [06-01|10:03:39.477] {"level":"warn","msg":"Slow block","block":{"number":3335,"hash":"0x639608db98cbfa0a7a0b65a0346583dca662a25fd0bf210a42908a354fdd4583","gas_used":21000,"tx_count":1},"timing":{"execution_ms":0.068522,"state_read_ms":21.029892,"state_hash_ms":2.507263,"commit_ms":0.569353,"total_ms":24.337628},"throughput":{"mgas_per_sec":0.8628614095013697},"state_reads":{"accounts":6,"storage_slots":0,"code":0,"code_bytes":0},"state_writes":{"accounts":2,"accounts_deleted":0,"storage_slots":0,"storage_slots_deleted":0,"code":0,"code_bytes":0},"cache":{"account":{"hits":2,"misses":4,"hit_rate":33.33333333333333},"storage":{"hits":0,"misses":0,"hit_rate":0},"code":{"hits":0,"misses":0,"hit_rate":0,"hit_bytes":0,"miss_bytes":0}}}
INFO [06-01|10:03:39.477] Imported new potential chain segment     number=3335 hash=639608..dd4583 blocks=1 txs=1 mgas=0.021 elapsed=24.624ms    mgasps=0.853  triediffs=1.33MiB triedirty=0.00B
INFO [06-01|10:03:39.477] Chain head was updated                   number=3335 hash=639608..dd4583 root=4ef092..0bf624 elapsed="44.006µs"
WARN [06-01|10:03:39.501] Snapshot generation is not permitted
