WARN [06-01|09:38:05.101] Unknown config environment variable      envvar=GETH_PBT_BIN
WARN [06-01|09:38:05.101] Unknown config environment variable      envvar=GETH_UBT_BIN
INFO [06-01|09:38:05.117] Starting Geth on Ethereum mainnet...
INFO [06-01|09:38:05.119] Maximum peer count                       ETH=0 total=0
INFO [06-01|09:38:05.121] Smartcard socket not found, disabling    err="stat /run/pcscd/pcscd.comm: no such file or directory"
WARN [06-01|09:38:05.126] Option --miner.etherbase is deprecated as the etherbase is set by the consensus client post-merge
WARN [06-01|09:38:05.128] Snap sync requested, resetting --cache.snapshot
INFO [06-01|09:38:05.128] Set global gas cap                       cap=50,000,000
INFO [06-01|09:38:05.962] Using developer account                  address=0xf39Fd6e51aad88F6F4ce6aB8827279cffFb92266
INFO [06-01|09:38:06.002] Using pebble as the backing database
INFO [06-01|09:38:06.002] Allocated cache and file handles         database=/mnt/state_expiry_vol_data/ubt-vs-pbt-dbs/pbt/geth/chaindata cache=16.00MiB handles=262,144
INFO [06-01|09:38:06.219] Opened ancient database                  database=/mnt/state_expiry_vol_data/ubt-vs-pbt-dbs/pbt/geth/chaindata/ancient/chain readonly=true
INFO [06-01|09:38:06.219] Opened Era store                         datadir=/mnt/state_expiry_vol_data/ubt-vs-pbt-dbs/pbt/geth/chaindata/ancient/chain/era
INFO [06-01|09:38:06.228] Initializing the KZG library             backend=gokzg
INFO [06-01|09:38:06.230] Allocated trie memory caches             clean=0.00B dirty=0.00B
INFO [06-01|09:38:06.239] Using pebble as the backing database
INFO [06-01|09:38:06.239] Allocated cache and file handles         database=/mnt/state_expiry_vol_data/ubt-vs-pbt-dbs/pbt/geth/chaindata cache=16.00MiB handles=262,144
INFO [06-01|09:38:06.415] Opened ancient database                  database=/mnt/state_expiry_vol_data/ubt-vs-pbt-dbs/pbt/geth/chaindata/ancient/chain readonly=false
INFO [06-01|09:38:06.415] Opened Era store                         datadir=/mnt/state_expiry_vol_data/ubt-vs-pbt-dbs/pbt/geth/chaindata/ancient/chain/era
INFO [06-01|09:38:06.420] State scheme set to already existing     scheme=path
INFO [06-01|09:38:06.420] Initialising Ethereum protocol           network=1337 dbversion=9
INFO [06-01|09:38:06.421] Load database journal from file          path=/mnt/state_expiry_vol_data/ubt-vs-pbt-dbs/pbt/geth/triedb/verkle.journal
INFO [06-01|09:38:06.473] Opened ancient database                  database=/mnt/state_expiry_vol_data/ubt-vs-pbt-dbs/pbt/geth/chaindata/ancient/state_verkle readonly=false
INFO [06-01|09:38:06.475] State snapshot generator is not compatible
INFO [06-01|09:38:06.475] Initialized path database                triecache=0.00B statecache=0.00B buffer=0.00B state-history="last 90000 blocks" journal-dir=/mnt/state_expiry_vol_data/ubt-vs-pbt-dbs/pbt/geth/triedb verkle=true
INFO [06-01|09:38:06.475] 
INFO [06-01|09:38:06.475] ---------------------------------------------------------------------------------------------------------------------------------------------------------
INFO [06-01|09:38:06.475] Chain ID:  1337 (unknown)
INFO [06-01|09:38:06.475] Consensus: unknown
INFO [06-01|09:38:06.475] 
INFO [06-01|09:38:06.475] Pre-Merge hard forks (block based):
INFO [06-01|09:38:06.475]  - Homestead:                   #0       
INFO [06-01|09:38:06.475]  - Tangerine Whistle (EIP 150): #0       
INFO [06-01|09:38:06.475]  - Spurious Dragon/1 (EIP 155): #0       
INFO [06-01|09:38:06.475]  - Spurious Dragon/2 (EIP 158): #0       
INFO [06-01|09:38:06.475]  - Byzantium:                   #0       
INFO [06-01|09:38:06.475]  - Constantinople:              #0       
INFO [06-01|09:38:06.475]  - Petersburg:                  #0       
INFO [06-01|09:38:06.475]  - Istanbul:                    #0       
INFO [06-01|09:38:06.475]  - Berlin:                      #0       
INFO [06-01|09:38:06.475]  - London:                      #0       
INFO [06-01|09:38:06.475]  - Arrow Glacier:               #0       
INFO [06-01|09:38:06.475]  - Gray Glacier:                #0       
INFO [06-01|09:38:06.475] 
INFO [06-01|09:38:06.475] Merge configured:
INFO [06-01|09:38:06.475]  - Total terminal difficulty:  0
INFO [06-01|09:38:06.475]  - Merge netsplit block:       #0       
INFO [06-01|09:38:06.475] 
INFO [06-01|09:38:06.475] Post-Merge hard forks (timestamp based):
INFO [06-01|09:38:06.475]  - Shanghai:                    @0         
INFO [06-01|09:38:06.475]  - Cancun:                      @0          blob: (target: 3, max: 6, fraction: 3338477)
INFO [06-01|09:38:06.475]  - Prague:                      @0          blob: (target: 6, max: 9, fraction: 5007716)
INFO [06-01|09:38:06.475]  - Osaka:                       @0          blob: (target: 6, max: 9, fraction: 5007716)
INFO [06-01|09:38:06.475]  - UBT:                         @0          blob: (nil)
INFO [06-01|09:38:06.475] 
INFO [06-01|09:38:06.475] All fork specifications can be found at https://ethereum.github.io/execution-specs/src/ethereum/forks/
INFO [06-01|09:38:06.475] 
INFO [06-01|09:38:06.475] ---------------------------------------------------------------------------------------------------------------------------------------------------------
INFO [06-01|09:38:06.475] 
INFO [06-01|09:38:06.477] Loaded most recent local block           number=2365 hash=8941d6..9ca472 age=3s
INFO [06-01|09:38:06.477] Loaded most recent local finalized block number=2336 hash=301690..8f4186 age=47s
INFO [06-01|09:38:06.478] Initialized transaction indexer          range="last 2350000 blocks"
INFO [06-01|09:38:06.478] Initialized log indexer                  firstblock=0 lastblock=2365 firstmap=0 lastmap=0 headindexed=true
INFO [06-01|09:38:06.510] Enabled full-sync                        head=2365 hash=8941d6..9ca472
INFO [06-01|09:38:06.510] Unprotected transactions allowed
INFO [06-01|09:38:06.510] Gasprice oracle is ignoring threshold set threshold=2
INFO [06-01|09:38:06.511] Registered sync override service
WARN [06-01|09:38:06.511] You are running Geth in --dev mode. Please note the following:
WARN [06-01|09:38:06.511] 
WARN [06-01|09:38:06.511]   1. This mode is only intended for fast, iterative development without assumptions on
WARN [06-01|09:38:06.511]      security or persistence.
WARN [06-01|09:38:06.511]   2. The database is created in memory unless specified otherwise. Therefore, shutting down
WARN [06-01|09:38:06.511]      your computer or losing power will wipe your entire block data and chain state for
WARN [06-01|09:38:06.511]      your dev environment.
WARN [06-01|09:38:06.511]   3. A random, pre-allocated developer account will be available and unlocked as
WARN [06-01|09:38:06.511]      eth.coinbase, which can be used for testing. The random dev account is temporary,
WARN [06-01|09:38:06.511]      stored on a ramdisk, and will be lost if your machine is restarted.
WARN [06-01|09:38:06.511]   4. Mining is enabled by default. However, the client will only seal blocks if transactions
WARN [06-01|09:38:06.511]      are pending in the mempool. The miner's minimum accepted gas price is 1.
WARN [06-01|09:38:06.511]   5. Networking is disabled; there is no listen-address, the maximum number of peers is set
WARN [06-01|09:38:06.511]      to 0, and discovery is disabled.
WARN [06-01|09:38:06.511] 
INFO [06-01|09:38:06.511] Starting peer-to-peer node               instance=Geth/v1.17.3-unstable/linux-amd64/go1.24.9
WARN [06-01|09:38:06.511] P2P server will be useless, neither dialing nor listening
INFO [06-01|09:38:06.531] New local node record                    seq=1,780,292,694,527 id=972c5cc0b2a1895c ip=127.0.0.1 udp=0 tcp=0
INFO [06-01|09:38:06.531] Started P2P networking                   self=enode://16ec6c0bde109d66472afe00ec8fee3d30718d830d1acf0829842abca89b82afff8a454636cde3b26d700f98647938c6f23e7bee3027caca0d7f19e4b3725e13@127.0.0.1:0
INFO [06-01|09:38:06.531] IPC endpoint opened                      url=/mnt/state_expiry_vol_data/ubt-vs-pbt-dbs/pbt/geth.ipc
ERROR[06-01|09:38:06.531] Unavailable modules in HTTP API list     unavailable=[personal] available="[admin debug web3 eth txpool miner net dev testing]"
INFO [06-01|09:38:06.532] HTTP server started                      endpoint=127.0.0.1:8545 auth=false prefix= cors= vhosts=localhost
INFO [06-01|09:38:06.532] WebSocket enabled                        url=ws://127.0.0.1:8546
INFO [06-01|09:38:06.737] Loaded local transaction journal         transactions=1885 dropped=0
INFO [06-01|09:38:07.641] Started log indexer
INFO [06-01|09:38:07.679] Starting work on payload                 id=0x03ff4617b3c31159
INFO [06-01|09:38:07.683] Updated payload                          id=0x03ff4617b3c31159 number=2366 hash=8221af..0420e8 txs=0 withdrawals=0 gas=0 fees=0 root=0148f2..38c402 elapsed=3.834ms
INFO [06-01|09:38:07.683] Stopping work on payload                 id=0x03ff4617b3c31159 reason=delivery
WARN [06-01|09:38:07.686] {"level":"warn","msg":"Slow block","block":{"number":2366,"hash":"0x8221afd37ede03ead7bbec6a0baf8cadff5f05fa6664987372cb87ef670420e8","gas_used":0,"tx_count":0},"timing":{"execution_ms":0.032159,"state_read_ms":3.082675,"state_hash_ms":0.001519,"commit_ms":0.157149,"total_ms":3.496265},"throughput":{"mgas_per_sec":0},"state_reads":{"accounts":4,"storage_slots":0,"code":0,"code_bytes":0},"state_writes":{"accounts":0,"accounts_deleted":0,"storage_slots":0,"storage_slots_deleted":0,"code":0,"code_bytes":0},"cache":{"account":{"hits":0,"misses":4,"hit_rate":0},"storage":{"hits":0,"misses":0,"hit_rate":0},"code":{"hits":0,"misses":0,"hit_rate":0,"hit_bytes":0,"miss_bytes":0}}}
INFO [06-01|09:38:07.686] Imported new potential chain segment     number=2366 hash=8221af..0420e8 blocks=1 txs=0 mgas=0.000 elapsed=3.781ms mgasps=0.000 triediffs=1.35MiB triedirty=0.00B
INFO [06-01|09:38:07.687] Chain head was updated                   number=2366 hash=8221af..0420e8 root=0148f2..38c402 elapsed="53.561µs"
INFO [06-01|09:38:08.693] Starting work on payload                 id=0x032f0e7556f75a07
INFO [06-01|09:38:08.703] Updated payload                          id=0x032f0e7556f75a07 number=2367 hash=b56b0f..bed76c txs=0 withdrawals=0 gas=0 fees=0 root=0148f2..38c402 elapsed=9.924ms
INFO [06-01|09:38:08.704] Stopping work on payload                 id=0x032f0e7556f75a07 reason=delivery
WARN [06-01|09:38:08.707] {"level":"warn","msg":"Slow block","block":{"number":2367,"hash":"0xb56b0fb193595483a89462d4a4986fa5db5cc12e416f0f5b5bfb084964bed76c","gas_used":0,"tx_count":0},"timing":{"execution_ms":0.026338,"state_read_ms":2.953384,"state_hash_ms":0.001707,"commit_ms":0.098437,"total_ms":3.213543},"throughput":{"mgas_per_sec":0},"state_reads":{"accounts":4,"storage_slots":0,"code":0,"code_bytes":0},"state_writes":{"accounts":0,"accounts_deleted":0,"storage_slots":0,"storage_slots_deleted":0,"code":0,"code_bytes":0},"cache":{"account":{"hits":0,"misses":4,"hit_rate":0},"storage":{"hits":0,"misses":0,"hit_rate":0},"code":{"hits":0,"misses":0,"hit_rate":0,"hit_bytes":0,"miss_bytes":0}}}
INFO [06-01|09:38:08.707] Imported new potential chain segment     number=2367 hash=b56b0f..bed76c blocks=1 txs=0 mgas=0.000 elapsed=3.373ms    mgasps=0.000 triediffs=1.35MiB triedirty=0.00B
INFO [06-01|09:38:08.707] Chain head was updated                   number=2367 hash=b56b0f..bed76c root=0148f2..38c402 elapsed="30.944µs"
INFO [06-01|09:38:09.718] Starting work on payload                 id=0x038ffc971dec812b
INFO [06-01|09:38:09.736] Updated payload                          id=0x038ffc971dec812b number=2368 hash=2cfa97..fdac3f txs=0 withdrawals=0 gas=0 fees=0 root=0148f2..38c402 elapsed=17.133ms
INFO [06-01|09:38:09.736] Stopping work on payload                 id=0x038ffc971dec812b reason=delivery
WARN [06-01|09:38:09.739] {"level":"warn","msg":"Slow block","block":{"number":2368,"hash":"0x2cfa97f122edbda8dfaf8f93f8985bd30901dc0f9950e396ba8ae0db19fdac3f","gas_used":0,"tx_count":0},"timing":{"execution_ms":0.040413,"state_read_ms":2.806121,"state_hash_ms":0.002059,"commit_ms":0.107678,"total_ms":3.115704},"throughput":{"mgas_per_sec":0},"state_reads":{"accounts":4,"storage_slots":0,"code":0,"code_bytes":0},"state_writes":{"accounts":0,"accounts_deleted":0,"storage_slots":0,"storage_slots_deleted":0,"code":0,"code_bytes":0},"cache":{"account":{"hits":0,"misses":4,"hit_rate":0},"storage":{"hits":0,"misses":0,"hit_rate":0},"code":{"hits":0,"misses":0,"hit_rate":0,"hit_bytes":0,"miss_bytes":0}}}
INFO [06-01|09:38:09.739] Imported new potential chain segment     number=2368 hash=2cfa97..fdac3f blocks=1 txs=0 mgas=0.000 elapsed=3.332ms    mgasps=0.000 triediffs=1.35MiB triedirty=0.00B
INFO [06-01|09:38:09.739] Chain head was updated                   number=2368 hash=2cfa97..fdac3f root=0148f2..38c402 elapsed="84.162µs"
INFO [06-01|09:38:10.098] Submitted contract creation              hash=0x34b40df3de2e029ddb66dfb9b3b3bcdff6c53ca697b0a67ecdebd63542f9b6cb from=0xf39Fd6e51aad88F6F4ce6aB8827279cffFb92266 nonce=687 contract=0x64079a2Edd1104a2323E2b732A1244BCE011B1F5 value=0
INFO [06-01|09:38:10.099] Submitted transaction                    hash=0x3a6369c94d87b53e767c8e02deda1f14d08bfe80e11f318920de0059c0f9fc07 from=0xf39Fd6e51aad88F6F4ce6aB8827279cffFb92266 nonce=688 recipient=0xacd0bd8e96C8c484Ec67970CE369d0b6fB2C4bB7 value=78,000,000
INFO [06-01|09:38:10.749] Starting work on payload                 id=0x038ed4808f0dfd56
INFO [06-01|09:38:10.777] Updated payload                          id=0x038ed4808f0dfd56 number=2369 hash=119153..9421ab txs=2 withdrawals=0 gas=86840 fees=5.2104e-13 root=2488ab..026281 elapsed=28.503ms
INFO [06-01|09:38:10.778] Stopping work on payload                 id=0x038ed4808f0dfd56 reason=delivery
INFO [06-01|09:38:10.806] Paused snapshot generation
WARN [06-01|09:38:10.807] {"level":"warn","msg":"Slow block","block":{"number":2369,"hash":"0x1191538a99b59f152d7f049d8b5677b52de44b710888d1eabdc74139d79421ab","gas_used":86840,"tx_count":2},"timing":{"execution_ms":0.113272,"state_read_ms":21.59385,"state_hash_ms":2.621145,"commit_ms":4.530444,"total_ms":29.005338},"throughput":{"mgas_per_sec":2.9939316687155997},"state_reads":{"accounts":11,"storage_slots":0,"code":0,"code_bytes":0},"state_writes":{"accounts":3,"accounts_deleted":0,"storage_slots":0,"storage_slots_deleted":0,"code":1,"code_bytes":157},"cache":{"account":{"hits":5,"misses":6,"hit_rate":45.45454545454545},"storage":{"hits":0,"misses":0,"hit_rate":0},"code":{"hits":0,"misses":0,"hit_rate":0,"hit_bytes":0,"miss_bytes":0}}}
INFO [06-01|09:38:10.807] Imported new potential chain segment     number=2369 hash=119153..9421ab blocks=1 txs=2 mgas=0.087 elapsed=29.152ms   mgasps=2.979 triediffs=1.35MiB triedirty=0.00B
INFO [06-01|09:38:10.807] Chain head was updated                   number=2369 hash=119153..9421ab root=2488ab..026281 elapsed="214.841µs"
WARN [06-01|09:38:10.826] Snapshot generation is not permitted
INFO [06-01|09:38:11.113] Submitted transaction                    hash=0xc3445b1b986115787ba37034793569b6fa6c99be70fc9df5b47da5de83400656 from=0xacd0bd8e96C8c484Ec67970CE369d0b6fB2C4bB7 nonce=0   recipient=0x64079a2Edd1104a2323E2b732A1244BCE011B1F5 value=0
INFO [06-01|09:38:11.812] Starting work on payload                 id=0x03e104f85068f25c
INFO [06-01|09:38:11.914] Updated payload                          id=0x03e104f85068f25c number=2370 hash=4685f1..6235cc txs=1 withdrawals=0 gas=5,900,456 fees=3.5402736e-11 root=c0ab5f..bd21b7 elapsed=102.067ms
INFO [06-01|09:38:11.914] Stopping work on payload                 id=0x03e104f85068f25c reason=delivery
INFO [06-01|09:38:12.040] Paused snapshot generation
WARN [06-01|09:38:12.040] {"level":"warn","msg":"Slow block","block":{"number":2370,"hash":"0x4685f1c1063d05a52845dac8b8d86ae1d34cb76e5fc082120f48e2fced6235cc","gas_used":5900456,"tx_count":1},"timing":{"execution_ms":102.533719,"state_read_ms":19.031108,"state_hash_ms":3.131577,"commit_ms":0.643075,"total_ms":125.673685},"throughput":{"mgas_per_sec":46.95060863378041},"state_reads":{"accounts":263,"storage_slots":259,"code":257,"code_bytes":7325},"state_writes":{"accounts":2,"accounts_deleted":0,"storage_slots":0,"storage_slots_deleted":0,"code":0,"code_bytes":0},"cache":{"account":{"hits":31,"misses":232,"hit_rate":11.787072243346007},"storage":{"hits":32,"misses":227,"hit_rate":12.355212355212355},"code":{"hits":257,"misses":0,"hit_rate":100,"hit_bytes":7325,"miss_bytes":0}}}
INFO [06-01|09:38:12.040] Imported new potential chain segment     number=2370 hash=4685f1..6235cc blocks=1 txs=1 mgas=5.900 elapsed=125.914ms   mgasps=46.861 triediffs=1.35MiB triedirty=0.00B
INFO [06-01|09:38:12.040] Chain head was updated                   number=2370 hash=4685f1..6235cc root=c0ab5f..bd21b7 elapsed="190.652µs"
WARN [06-01|09:38:12.066] Snapshot generation is not permitted
INFO [06-01|09:38:12.126] Submitted transaction                    hash=0xe8cd7deeebd246352967e96044cc4ffa2b4791d5a89b98be1ca85bf35363019f from=0xacd0bd8e96C8c484Ec67970CE369d0b6fB2C4bB7 nonce=1   recipient=0xf39Fd6e51aad88F6F4ce6aB8827279cffFb92266 value=1,042,072
INFO [06-01|09:38:13.045] Starting work on payload                 id=0x03853bbbbe157a5d
INFO [06-01|09:38:13.064] Updated payload                          id=0x03853bbbbe157a5d number=2371 hash=d0ef30..33b569 txs=1 withdrawals=0 gas=21000     fees=2.1e-14       root=093a06..93515d elapsed=18.943ms
INFO [06-01|09:38:13.065] Stopping work on payload                 id=0x03853bbbbe157a5d reason=delivery
INFO [06-01|09:38:13.101] Paused snapshot generation
WARN [06-01|09:38:13.101] {"level":"warn","msg":"Slow block","block":{"number":2371,"hash":"0xd0ef3031922f91af53c39eb6460240067d0f4afa1e7e1e72dbcfdc9ede33b569","gas_used":21000,"tx_count":1},"timing":{"execution_ms":0.076711,"state_read_ms":16.15106,"state_hash_ms":19.107502,"commit_ms":0.850358,"total_ms":36.406485},"throughput":{"mgas_per_sec":0.5768203109967908},"state_reads":{"accounts":6,"storage_slots":0,"code":0,"code_bytes":0},"state_writes":{"accounts":2,"accounts_deleted":0,"storage_slots":0,"storage_slots_deleted":0,"code":0,"code_bytes":0},"cache":{"account":{"hits":2,"misses":4,"hit_rate":33.33333333333333},"storage":{"hits":0,"misses":0,"hit_rate":0},"code":{"hits":0,"misses":0,"hit_rate":0,"hit_bytes":0,"miss_bytes":0}}}
INFO [06-01|09:38:13.101] Imported new potential chain segment     number=2371 hash=d0ef30..33b569 blocks=1 txs=1 mgas=0.021 elapsed=36.627ms    mgasps=0.573  triediffs=1.34MiB triedirty=0.00B
INFO [06-01|09:38:13.102] Chain head was updated                   number=2371 hash=d0ef30..33b569 root=093a06..93515d elapsed="60.476µs"
WARN [06-01|09:38:13.121] Snapshot generation is not permitted
