WARN [06-01|09:34:52.030] Unknown config environment variable      envvar=GETH_PBT_BIN
WARN [06-01|09:34:52.030] Unknown config environment variable      envvar=GETH_UBT_BIN
INFO [06-01|09:34:52.044] Starting Geth on Ethereum mainnet...
INFO [06-01|09:34:52.045] Maximum peer count                       ETH=0 total=0
INFO [06-01|09:34:52.047] Smartcard socket not found, disabling    err="stat /run/pcscd/pcscd.comm: no such file or directory"
WARN [06-01|09:34:52.051] Option --miner.etherbase is deprecated as the etherbase is set by the consensus client post-merge
WARN [06-01|09:34:52.053] Snap sync requested, resetting --cache.snapshot
INFO [06-01|09:34:52.053] Set global gas cap                       cap=50,000,000
INFO [06-01|09:34:52.852] Using developer account                  address=0xf39Fd6e51aad88F6F4ce6aB8827279cffFb92266
INFO [06-01|09:34:52.888] Using pebble as the backing database
INFO [06-01|09:34:52.889] Allocated cache and file handles         database=/mnt/state_expiry_vol_data/ubt-vs-pbt-dbs/pbt/geth/chaindata cache=16.00MiB handles=262,144
INFO [06-01|09:34:53.092] Opened ancient database                  database=/mnt/state_expiry_vol_data/ubt-vs-pbt-dbs/pbt/geth/chaindata/ancient/chain readonly=true
INFO [06-01|09:34:53.092] Opened Era store                         datadir=/mnt/state_expiry_vol_data/ubt-vs-pbt-dbs/pbt/geth/chaindata/ancient/chain/era
INFO [06-01|09:34:53.099] Initializing the KZG library             backend=gokzg
INFO [06-01|09:34:53.101] Allocated trie memory caches             clean=0.00B dirty=0.00B
INFO [06-01|09:34:53.109] Using pebble as the backing database
INFO [06-01|09:34:53.109] Allocated cache and file handles         database=/mnt/state_expiry_vol_data/ubt-vs-pbt-dbs/pbt/geth/chaindata cache=16.00MiB handles=262,144
INFO [06-01|09:34:53.288] Opened ancient database                  database=/mnt/state_expiry_vol_data/ubt-vs-pbt-dbs/pbt/geth/chaindata/ancient/chain readonly=false
INFO [06-01|09:34:53.288] Opened Era store                         datadir=/mnt/state_expiry_vol_data/ubt-vs-pbt-dbs/pbt/geth/chaindata/ancient/chain/era
INFO [06-01|09:34:53.293] State scheme set to already existing     scheme=path
INFO [06-01|09:34:53.300] Initialising Ethereum protocol           network=1337 dbversion=9
INFO [06-01|09:34:53.300] Load database journal from file          path=/mnt/state_expiry_vol_data/ubt-vs-pbt-dbs/pbt/geth/triedb/verkle.journal
INFO [06-01|09:34:53.352] Opened ancient database                  database=/mnt/state_expiry_vol_data/ubt-vs-pbt-dbs/pbt/geth/chaindata/ancient/state_verkle readonly=false
INFO [06-01|09:34:53.354] State snapshot generator is not compatible
INFO [06-01|09:34:53.354] Initialized path database                triecache=0.00B statecache=0.00B buffer=0.00B state-history="last 90000 blocks" journal-dir=/mnt/state_expiry_vol_data/ubt-vs-pbt-dbs/pbt/geth/triedb verkle=true
INFO [06-01|09:34:53.354] 
INFO [06-01|09:34:53.354] ---------------------------------------------------------------------------------------------------------------------------------------------------------
INFO [06-01|09:34:53.354] Chain ID:  1337 (unknown)
INFO [06-01|09:34:53.354] Consensus: unknown
INFO [06-01|09:34:53.354] 
INFO [06-01|09:34:53.354] Pre-Merge hard forks (block based):
INFO [06-01|09:34:53.354]  - Homestead:                   #0       
INFO [06-01|09:34:53.354]  - Tangerine Whistle (EIP 150): #0       
INFO [06-01|09:34:53.354]  - Spurious Dragon/1 (EIP 155): #0       
INFO [06-01|09:34:53.354]  - Spurious Dragon/2 (EIP 158): #0       
INFO [06-01|09:34:53.354]  - Byzantium:                   #0       
INFO [06-01|09:34:53.354]  - Constantinople:              #0       
INFO [06-01|09:34:53.354]  - Petersburg:                  #0       
INFO [06-01|09:34:53.354]  - Istanbul:                    #0       
INFO [06-01|09:34:53.354]  - Berlin:                      #0       
INFO [06-01|09:34:53.354]  - London:                      #0       
INFO [06-01|09:34:53.354]  - Arrow Glacier:               #0       
INFO [06-01|09:34:53.354]  - Gray Glacier:                #0       
INFO [06-01|09:34:53.354] 
INFO [06-01|09:34:53.354] Merge configured:
INFO [06-01|09:34:53.354]  - Total terminal difficulty:  0
INFO [06-01|09:34:53.354]  - Merge netsplit block:       #0       
INFO [06-01|09:34:53.354] 
INFO [06-01|09:34:53.354] Post-Merge hard forks (timestamp based):
INFO [06-01|09:34:53.354]  - Shanghai:                    @0         
INFO [06-01|09:34:53.354]  - Cancun:                      @0          blob: (target: 3, max: 6, fraction: 3338477)
INFO [06-01|09:34:53.354]  - Prague:                      @0          blob: (target: 6, max: 9, fraction: 5007716)
INFO [06-01|09:34:53.354]  - Osaka:                       @0          blob: (target: 6, max: 9, fraction: 5007716)
INFO [06-01|09:34:53.354]  - UBT:                         @0          blob: (nil)
INFO [06-01|09:34:53.354] 
INFO [06-01|09:34:53.354] All fork specifications can be found at https://ethereum.github.io/execution-specs/src/ethereum/forks/
INFO [06-01|09:34:53.354] 
INFO [06-01|09:34:53.354] ---------------------------------------------------------------------------------------------------------------------------------------------------------
INFO [06-01|09:34:53.354] 
INFO [06-01|09:34:53.355] Loaded most recent local block           number=2241 hash=d4d307..067a64 age=3s
INFO [06-01|09:34:53.355] Loaded most recent local finalized block number=2240 hash=31b639..ec53e3 age=4s
INFO [06-01|09:34:53.356] Initialized transaction indexer          range="last 2350000 blocks"
INFO [06-01|09:34:53.356] Initialized log indexer                  firstblock=0 lastblock=2241 firstmap=0 lastmap=0 headindexed=true
INFO [06-01|09:34:53.405] Enabled full-sync                        head=2241 hash=d4d307..067a64
INFO [06-01|09:34:53.405] Unprotected transactions allowed
INFO [06-01|09:34:53.405] Gasprice oracle is ignoring threshold set threshold=2
INFO [06-01|09:34:53.406] Registered sync override service
WARN [06-01|09:34:53.406] You are running Geth in --dev mode. Please note the following:
WARN [06-01|09:34:53.406] 
WARN [06-01|09:34:53.406]   1. This mode is only intended for fast, iterative development without assumptions on
WARN [06-01|09:34:53.406]      security or persistence.
WARN [06-01|09:34:53.406]   2. The database is created in memory unless specified otherwise. Therefore, shutting down
WARN [06-01|09:34:53.406]      your computer or losing power will wipe your entire block data and chain state for
WARN [06-01|09:34:53.406]      your dev environment.
WARN [06-01|09:34:53.406]   3. A random, pre-allocated developer account will be available and unlocked as
WARN [06-01|09:34:53.406]      eth.coinbase, which can be used for testing. The random dev account is temporary,
WARN [06-01|09:34:53.406]      stored on a ramdisk, and will be lost if your machine is restarted.
WARN [06-01|09:34:53.406]   4. Mining is enabled by default. However, the client will only seal blocks if transactions
WARN [06-01|09:34:53.406]      are pending in the mempool. The miner's minimum accepted gas price is 1.
WARN [06-01|09:34:53.406]   5. Networking is disabled; there is no listen-address, the maximum number of peers is set
WARN [06-01|09:34:53.406]      to 0, and discovery is disabled.
WARN [06-01|09:34:53.406] 
INFO [06-01|09:34:53.406] Starting peer-to-peer node               instance=Geth/v1.17.3-unstable/linux-amd64/go1.24.9
WARN [06-01|09:34:53.406] P2P server will be useless, neither dialing nor listening
INFO [06-01|09:34:53.435] IPC endpoint opened                      url=/mnt/state_expiry_vol_data/ubt-vs-pbt-dbs/pbt/geth.ipc
ERROR[06-01|09:34:53.435] Unavailable modules in HTTP API list     unavailable=[personal] available="[admin debug web3 eth txpool miner net dev testing]"
INFO [06-01|09:34:53.435] New local node record                    seq=1,780,292,694,508 id=972c5cc0b2a1895c ip=127.0.0.1 udp=0 tcp=0
INFO [06-01|09:34:53.435] Started P2P networking                   self=enode://16ec6c0bde109d66472afe00ec8fee3d30718d830d1acf0829842abca89b82afff8a454636cde3b26d700f98647938c6f23e7bee3027caca0d7f19e4b3725e13@127.0.0.1:0
INFO [06-01|09:34:53.436] HTTP server started                      endpoint=127.0.0.1:8545 auth=false prefix= cors= vhosts=localhost
INFO [06-01|09:34:53.436] WebSocket enabled                        url=ws://127.0.0.1:8546
INFO [06-01|09:34:53.616] Loaded local transaction journal         transactions=1809 dropped=0
INFO [06-01|09:34:54.425] Started log indexer
INFO [06-01|09:34:54.465] Starting work on payload                 id=0x03bfab481874d7db
INFO [06-01|09:34:54.468] Updated payload                          id=0x03bfab481874d7db number=2242 hash=e3369f..f6d1d0 txs=0 withdrawals=0 gas=0 fees=0 root=04b61f..296cff elapsed=3.241ms
INFO [06-01|09:34:54.468] Stopping work on payload                 id=0x03bfab481874d7db reason=delivery
WARN [06-01|09:34:54.472] {"level":"warn","msg":"Slow block","block":{"number":2242,"hash":"0xe3369fec487a0f9fdc0bfe74bcea84e408229097c791f05a4b450ace23f6d1d0","gas_used":0,"tx_count":0},"timing":{"execution_ms":0.041574,"state_read_ms":3.207744,"state_hash_ms":0.001483,"commit_ms":0.129558,"total_ms":3.635886},"throughput":{"mgas_per_sec":0},"state_reads":{"accounts":4,"storage_slots":0,"code":0,"code_bytes":0},"state_writes":{"accounts":0,"accounts_deleted":0,"storage_slots":0,"storage_slots_deleted":0,"code":0,"code_bytes":0},"cache":{"account":{"hits":0,"misses":4,"hit_rate":0},"storage":{"hits":0,"misses":0,"hit_rate":0},"code":{"hits":0,"misses":0,"hit_rate":0,"hit_bytes":0,"miss_bytes":0}}}
INFO [06-01|09:34:54.472] Imported new potential chain segment     number=2242 hash=e3369f..f6d1d0 blocks=1 txs=0 mgas=0.000 elapsed=3.904ms mgasps=0.000 triediffs=1.35MiB triedirty=0.00B
INFO [06-01|09:34:54.473] Chain head was updated                   number=2242 hash=e3369f..f6d1d0 root=04b61f..296cff elapsed="77.656µs"
INFO [06-01|09:34:55.478] Starting work on payload                 id=0x03015a478e3f9c7f
INFO [06-01|09:34:55.485] Updated payload                          id=0x03015a478e3f9c7f number=2243 hash=a49d9a..047393 txs=0 withdrawals=0 gas=0 fees=0 root=04b61f..296cff elapsed=6.862ms
INFO [06-01|09:34:55.485] Stopping work on payload                 id=0x03015a478e3f9c7f reason=delivery
WARN [06-01|09:34:55.490] {"level":"warn","msg":"Slow block","block":{"number":2243,"hash":"0xa49d9a1d4b87d4d42a8e99429755c19f4f10ff23f51864b1969ba9d340047393","gas_used":0,"tx_count":0},"timing":{"execution_ms":0.050514,"state_read_ms":4.018934,"state_hash_ms":0.002285,"commit_ms":0.148814,"total_ms":4.617267},"throughput":{"mgas_per_sec":0},"state_reads":{"accounts":4,"storage_slots":0,"code":0,"code_bytes":0},"state_writes":{"accounts":0,"accounts_deleted":0,"storage_slots":0,"storage_slots_deleted":0,"code":0,"code_bytes":0},"cache":{"account":{"hits":0,"misses":4,"hit_rate":0},"storage":{"hits":0,"misses":0,"hit_rate":0},"code":{"hits":0,"misses":0,"hit_rate":0,"hit_bytes":0,"miss_bytes":0}}}
INFO [06-01|09:34:55.490] Imported new potential chain segment     number=2243 hash=a49d9a..047393 blocks=1 txs=0 mgas=0.000 elapsed=4.877ms    mgasps=0.000 triediffs=1.35MiB triedirty=0.00B
INFO [06-01|09:34:55.490] Chain head was updated                   number=2243 hash=a49d9a..047393 root=04b61f..296cff elapsed="47.217µs"
INFO [06-01|09:34:56.506] Starting work on payload                 id=0x0347e0a3c36cc6cd
INFO [06-01|09:34:56.523] Updated payload                          id=0x0347e0a3c36cc6cd number=2244 hash=9f05d1..d225da txs=0 withdrawals=0 gas=0 fees=0 root=04b61f..296cff elapsed=17.018ms
INFO [06-01|09:34:56.524] Stopping work on payload                 id=0x0347e0a3c36cc6cd reason=delivery
WARN [06-01|09:34:56.527] {"level":"warn","msg":"Slow block","block":{"number":2244,"hash":"0x9f05d1d59ef88d5082ab18444471e5f9ceb6757a6f44cab39c01a34400d225da","gas_used":0,"tx_count":0},"timing":{"execution_ms":0.03388,"state_read_ms":3.220381,"state_hash_ms":0.002018,"commit_ms":0.136358,"total_ms":3.560343},"throughput":{"mgas_per_sec":0},"state_reads":{"accounts":4,"storage_slots":0,"code":0,"code_bytes":0},"state_writes":{"accounts":0,"accounts_deleted":0,"storage_slots":0,"storage_slots_deleted":0,"code":0,"code_bytes":0},"cache":{"account":{"hits":0,"misses":4,"hit_rate":0},"storage":{"hits":0,"misses":0,"hit_rate":0},"code":{"hits":0,"misses":0,"hit_rate":0,"hit_bytes":0,"miss_bytes":0}}}
INFO [06-01|09:34:56.527] Imported new potential chain segment     number=2244 hash=9f05d1..d225da blocks=1 txs=0 mgas=0.000 elapsed=3.761ms    mgasps=0.000 triediffs=1.35MiB triedirty=0.00B
INFO [06-01|09:34:56.528] Chain head was updated                   number=2244 hash=9f05d1..d225da root=04b61f..296cff elapsed="46.592µs"
INFO [06-01|09:34:56.901] Submitted contract creation              hash=0x903ff8bcda5085b847360bb106280e473e9a301a7696aa80b8f6c398c4a88b62 from=0xf39Fd6e51aad88F6F4ce6aB8827279cffFb92266 nonce=649 contract=0x7A5EC257391817ef241ef8451642cC6b222d4f8C value=0
INFO [06-01|09:34:56.902] Submitted transaction                    hash=0x650a250c0dae00ceef95d014bce64adf857e5104b24d566f5e7586f8d3142805 from=0xf39Fd6e51aad88F6F4ce6aB8827279cffFb92266 nonce=650 recipient=0x64AB930F14fac0cd6229ED0FF8069baf43C51d6d value=78,000,000
INFO [06-01|09:34:57.532] Starting work on payload                 id=0x03fc2cbb003d68c9
INFO [06-01|09:34:57.586] Updated payload                          id=0x03fc2cbb003d68c9 number=2245 hash=5ad0f9..7a8727 txs=2 withdrawals=0 gas=86852 fees=5.21112e-13 root=2ff4b8..d72b44 elapsed=53.278ms
INFO [06-01|09:34:57.586] Stopping work on payload                 id=0x03fc2cbb003d68c9 reason=delivery
INFO [06-01|09:34:57.611] Paused snapshot generation
WARN [06-01|09:34:57.612] {"level":"warn","msg":"Slow block","block":{"number":2245,"hash":"0x5ad0f9060c1bd5b6e907d096fe88fb4ffdeb9459d0ac18ff52a6283ac27a8727","gas_used":86852,"tx_count":2},"timing":{"execution_ms":0.181167,"state_read_ms":17.204902,"state_hash_ms":3.113574,"commit_ms":4.617253,"total_ms":25.30647},"throughput":{"mgas_per_sec":3.432007703958711},"state_reads":{"accounts":11,"storage_slots":0,"code":0,"code_bytes":0},"state_writes":{"accounts":3,"accounts_deleted":0,"storage_slots":0,"storage_slots_deleted":0,"code":1,"code_bytes":157},"cache":{"account":{"hits":5,"misses":6,"hit_rate":45.45454545454545},"storage":{"hits":0,"misses":0,"hit_rate":0},"code":{"hits":0,"misses":0,"hit_rate":0,"hit_bytes":0,"miss_bytes":0}}}
INFO [06-01|09:34:57.612] Imported new potential chain segment     number=2245 hash=5ad0f9..7a8727 blocks=1 txs=2 mgas=0.087 elapsed=25.515ms   mgasps=3.404 triediffs=1.36MiB triedirty=0.00B
INFO [06-01|09:34:57.612] Chain head was updated                   number=2245 hash=5ad0f9..7a8727 root=2ff4b8..d72b44 elapsed="171.768µs"
WARN [06-01|09:34:57.637] Snapshot generation is not permitted
INFO [06-01|09:34:57.915] Submitted transaction                    hash=0x06bbc161e4255c23b9e8e4737bfcf38feffd27892ce36238ae14d769baa0f4bb from=0x64AB930F14fac0cd6229ED0FF8069baf43C51d6d nonce=0   recipient=0x7A5EC257391817ef241ef8451642cC6b222d4f8C value=0
INFO [06-01|09:34:58.617] Starting work on payload                 id=0x03ad710becc0ce28
INFO [06-01|09:34:58.807] Updated payload                          id=0x03ad710becc0ce28 number=2246 hash=6bba1e..53f668 txs=1 withdrawals=0 gas=5,900,228 fees=3.5401368e-11 root=c0e80e..2b20ba elapsed=190.447ms
INFO [06-01|09:34:58.808] Stopping work on payload                 id=0x03ad710becc0ce28 reason=delivery
INFO [06-01|09:34:58.959] Paused snapshot generation
WARN [06-01|09:34:58.959] {"level":"warn","msg":"Slow block","block":{"number":2246,"hash":"0x6bba1e355c9fe1075b2b44c2baed5aee11a2a71d37a08bc97e6036a0b453f668","gas_used":5900228,"tx_count":1},"timing":{"execution_ms":128.613139,"state_read_ms":18.73722,"state_hash_ms":2.492145,"commit_ms":0.631642,"total_ms":150.669859},"throughput":{"mgas_per_sec":39.15997558609251},"state_reads":{"accounts":107,"storage_slots":258,"code":101,"code_bytes":2957},"state_writes":{"accounts":2,"accounts_deleted":0,"storage_slots":0,"storage_slots_deleted":0,"code":0,"code_bytes":0},"cache":{"account":{"hits":46,"misses":61,"hit_rate":42.99065420560748},"storage":{"hits":104,"misses":154,"hit_rate":40.310077519379846},"code":{"hits":101,"misses":0,"hit_rate":100,"hit_bytes":2957,"miss_bytes":0}}}
INFO [06-01|09:34:58.959] Imported new potential chain segment     number=2246 hash=6bba1e..53f668 blocks=1 txs=1 mgas=5.900 elapsed=150.979ms   mgasps=39.080 triediffs=1.36MiB triedirty=0.00B
INFO [06-01|09:34:58.959] Chain head was updated                   number=2246 hash=6bba1e..53f668 root=c0e80e..2b20ba elapsed="93.124µs"
WARN [06-01|09:34:58.986] Snapshot generation is not permitted
INFO [06-01|09:34:59.931] Submitted transaction                    hash=0xb743f1fe3a4bec711eb254417b7e6bcf5d26e0b1374cb8714df1a0fcef3b7687 from=0x64AB930F14fac0cd6229ED0FF8069baf43C51d6d nonce=1   recipient=0xf39Fd6e51aad88F6F4ce6aB8827279cffFb92266 value=1,045,036
INFO [06-01|09:34:59.974] Starting work on payload                 id=0x03a8f3850219f650
INFO [06-01|09:34:59.980] Updated payload                          id=0x03a8f3850219f650 number=2247 hash=f223e0..92a92a txs=1 withdrawals=0 gas=21000     fees=2.1e-14       root=a873f5..1f3b4b elapsed=5.864ms
INFO [06-01|09:34:59.980] Stopping work on payload                 id=0x03a8f3850219f650 reason=delivery
INFO [06-01|09:35:00.007] Paused snapshot generation
WARN [06-01|09:35:00.007] {"level":"warn","msg":"Slow block","block":{"number":2247,"hash":"0xf223e051580719c2f999d9accffd4529b2d8d802fbb0b250880d1c3a5792a92a","gas_used":21000,"tx_count":1},"timing":{"execution_ms":0.063383,"state_read_ms":24.295015,"state_hash_ms":2.306331,"commit_ms":0.664467,"total_ms":27.489897},"throughput":{"mgas_per_sec":0.7639170128574873},"state_reads":{"accounts":6,"storage_slots":0,"code":0,"code_bytes":0},"state_writes":{"accounts":2,"accounts_deleted":0,"storage_slots":0,"storage_slots_deleted":0,"code":0,"code_bytes":0},"cache":{"account":{"hits":2,"misses":4,"hit_rate":33.33333333333333},"storage":{"hits":0,"misses":0,"hit_rate":0},"code":{"hits":0,"misses":0,"hit_rate":0,"hit_bytes":0,"miss_bytes":0}}}
INFO [06-01|09:35:00.007] Imported new potential chain segment     number=2247 hash=f223e0..92a92a blocks=1 txs=1 mgas=0.021 elapsed=27.615ms    mgasps=0.760  triediffs=1.35MiB triedirty=0.00B
INFO [06-01|09:35:00.008] Chain head was updated                   number=2247 hash=f223e0..92a92a root=a873f5..1f3b4b elapsed="54.055µs"
WARN [06-01|09:35:00.027] Snapshot generation is not permitted
INFO [06-01|09:35:01.012] Starting work on payload                 id=0x03332705824f4c14
INFO [06-01|09:35:01.015] Updated payload                          id=0x03332705824f4c14 number=2248 hash=cde868..30d258 txs=0 withdrawals=0 gas=0         fees=0             root=a873f5..1f3b4b elapsed=2.875ms
INFO [06-01|09:35:01.015] Stopping work on payload                 id=0x03332705824f4c14 reason=delivery
WARN [06-01|09:35:01.018] {"level":"warn","msg":"Slow block","block":{"number":2248,"hash":"0xcde868e709d967940df533ccdeaecae953bdb94cd9abb02d28cb8794c830d258","gas_used":0,"tx_count":0},"timing":{"execution_ms":0.022182,"state_read_ms":2.511832,"state_hash_ms":0.001458,"commit_ms":0.111509,"total_ms":2.828718},"throughput":{"mgas_per_sec":0},"state_reads":{"accounts":4,"storage_slots":0,"code":0,"code_bytes":0},"state_writes":{"accounts":0,"accounts_deleted":0,"storage_slots":0,"storage_slots_deleted":0,"code":0,"code_bytes":0},"cache":{"account":{"hits":0,"misses":4,"hit_rate":0},"storage":{"hits":0,"misses":0,"hit_rate":0},"code":{"hits":0,"misses":0,"hit_rate":0,"hit_bytes":0,"miss_bytes":0}}}
INFO [06-01|09:35:01.018] Imported new potential chain segment     number=2248 hash=cde868..30d258 blocks=1 txs=0 mgas=0.000 elapsed=2.929ms     mgasps=0.000  triediffs=1.35MiB triedirty=0.00B
INFO [06-01|09:35:01.019] Chain head was updated                   number=2248 hash=cde868..30d258 root=a873f5..1f3b4b elapsed="31.439µs"
