WARN [06-01|09:51:48.639] Unknown config environment variable      envvar=GETH_PBT_BIN
WARN [06-01|09:51:48.639] Unknown config environment variable      envvar=GETH_UBT_BIN
INFO [06-01|09:51:48.652] Starting Geth on Ethereum mainnet...
INFO [06-01|09:51:48.654] Maximum peer count                       ETH=0 total=0
INFO [06-01|09:51:48.655] Smartcard socket not found, disabling    err="stat /run/pcscd/pcscd.comm: no such file or directory"
WARN [06-01|09:51:48.660] Option --miner.etherbase is deprecated as the etherbase is set by the consensus client post-merge
WARN [06-01|09:51:48.662] Snap sync requested, resetting --cache.snapshot
INFO [06-01|09:51:48.662] Set global gas cap                       cap=50,000,000
INFO [06-01|09:51:49.463] Using developer account                  address=0xf39Fd6e51aad88F6F4ce6aB8827279cffFb92266
INFO [06-01|09:51:49.500] Using pebble as the backing database
INFO [06-01|09:51:49.500] Allocated cache and file handles         database=/mnt/state_expiry_vol_data/ubt-vs-pbt-dbs/pbt/geth/chaindata cache=16.00MiB handles=262,144
INFO [06-01|09:51:49.702] Opened ancient database                  database=/mnt/state_expiry_vol_data/ubt-vs-pbt-dbs/pbt/geth/chaindata/ancient/chain readonly=true
INFO [06-01|09:51:49.702] Opened Era store                         datadir=/mnt/state_expiry_vol_data/ubt-vs-pbt-dbs/pbt/geth/chaindata/ancient/chain/era
INFO [06-01|09:51:49.710] Initializing the KZG library             backend=gokzg
INFO [06-01|09:51:49.713] Allocated trie memory caches             clean=0.00B dirty=0.00B
INFO [06-01|09:51:49.725] Using pebble as the backing database
INFO [06-01|09:51:49.725] Allocated cache and file handles         database=/mnt/state_expiry_vol_data/ubt-vs-pbt-dbs/pbt/geth/chaindata cache=16.00MiB handles=262,144
INFO [06-01|09:51:49.903] Opened ancient database                  database=/mnt/state_expiry_vol_data/ubt-vs-pbt-dbs/pbt/geth/chaindata/ancient/chain readonly=false
INFO [06-01|09:51:49.903] Opened Era store                         datadir=/mnt/state_expiry_vol_data/ubt-vs-pbt-dbs/pbt/geth/chaindata/ancient/chain/era
INFO [06-01|09:51:49.908] State scheme set to already existing     scheme=path
INFO [06-01|09:51:49.912] Initialising Ethereum protocol           network=1337 dbversion=9
INFO [06-01|09:51:49.912] Load database journal from file          path=/mnt/state_expiry_vol_data/ubt-vs-pbt-dbs/pbt/geth/triedb/verkle.journal
INFO [06-01|09:51:49.969] Opened ancient database                  database=/mnt/state_expiry_vol_data/ubt-vs-pbt-dbs/pbt/geth/chaindata/ancient/state_verkle readonly=false
INFO [06-01|09:51:49.971] State snapshot generator is not compatible
INFO [06-01|09:51:49.971] Initialized path database                triecache=0.00B statecache=0.00B buffer=0.00B state-history="last 90000 blocks" journal-dir=/mnt/state_expiry_vol_data/ubt-vs-pbt-dbs/pbt/geth/triedb verkle=true
INFO [06-01|09:51:49.971] 
INFO [06-01|09:51:49.971] ---------------------------------------------------------------------------------------------------------------------------------------------------------
INFO [06-01|09:51:49.972] Chain ID:  1337 (unknown)
INFO [06-01|09:51:49.972] Consensus: unknown
INFO [06-01|09:51:49.972] 
INFO [06-01|09:51:49.972] Pre-Merge hard forks (block based):
INFO [06-01|09:51:49.972]  - Homestead:                   #0       
INFO [06-01|09:51:49.972]  - Tangerine Whistle (EIP 150): #0       
INFO [06-01|09:51:49.972]  - Spurious Dragon/1 (EIP 155): #0       
INFO [06-01|09:51:49.972]  - Spurious Dragon/2 (EIP 158): #0       
INFO [06-01|09:51:49.972]  - Byzantium:                   #0       
INFO [06-01|09:51:49.972]  - Constantinople:              #0       
INFO [06-01|09:51:49.972]  - Petersburg:                  #0       
INFO [06-01|09:51:49.972]  - Istanbul:                    #0       
INFO [06-01|09:51:49.972]  - Berlin:                      #0       
INFO [06-01|09:51:49.972]  - London:                      #0       
INFO [06-01|09:51:49.972]  - Arrow Glacier:               #0       
INFO [06-01|09:51:49.972]  - Gray Glacier:                #0       
INFO [06-01|09:51:49.972] 
INFO [06-01|09:51:49.972] Merge configured:
INFO [06-01|09:51:49.972]  - Total terminal difficulty:  0
INFO [06-01|09:51:49.972]  - Merge netsplit block:       #0       
INFO [06-01|09:51:49.972] 
INFO [06-01|09:51:49.972] Post-Merge hard forks (timestamp based):
INFO [06-01|09:51:49.972]  - Shanghai:                    @0         
INFO [06-01|09:51:49.972]  - Cancun:                      @0          blob: (target: 3, max: 6, fraction: 3338477)
INFO [06-01|09:51:49.972]  - Prague:                      @0          blob: (target: 6, max: 9, fraction: 5007716)
INFO [06-01|09:51:49.972]  - Osaka:                       @0          blob: (target: 6, max: 9, fraction: 5007716)
INFO [06-01|09:51:49.972]  - UBT:                         @0          blob: (nil)
INFO [06-01|09:51:49.972] 
INFO [06-01|09:51:49.972] All fork specifications can be found at https://ethereum.github.io/execution-specs/src/ethereum/forks/
INFO [06-01|09:51:49.972] 
INFO [06-01|09:51:49.972] ---------------------------------------------------------------------------------------------------------------------------------------------------------
INFO [06-01|09:51:49.972] 
INFO [06-01|09:51:49.972] Loaded most recent local block           number=2881 hash=abb7a0..ab7ca5 age=3s
INFO [06-01|09:51:49.972] Loaded most recent local finalized block number=2880 hash=099a83..71ec98 age=4s
INFO [06-01|09:51:49.973] Initialized transaction indexer          range="last 2350000 blocks"
INFO [06-01|09:51:49.973] Initialized log indexer                  firstblock=0 lastblock=2881 firstmap=0 lastmap=0 headindexed=true
INFO [06-01|09:51:50.008] Enabled full-sync                        head=2881 hash=abb7a0..ab7ca5
INFO [06-01|09:51:50.008] Unprotected transactions allowed
INFO [06-01|09:51:50.009] Gasprice oracle is ignoring threshold set threshold=2
INFO [06-01|09:51:50.009] Registered sync override service
WARN [06-01|09:51:50.009] You are running Geth in --dev mode. Please note the following:
WARN [06-01|09:51:50.009] 
WARN [06-01|09:51:50.009]   1. This mode is only intended for fast, iterative development without assumptions on
WARN [06-01|09:51:50.009]      security or persistence.
WARN [06-01|09:51:50.009]   2. The database is created in memory unless specified otherwise. Therefore, shutting down
WARN [06-01|09:51:50.009]      your computer or losing power will wipe your entire block data and chain state for
WARN [06-01|09:51:50.009]      your dev environment.
WARN [06-01|09:51:50.009]   3. A random, pre-allocated developer account will be available and unlocked as
WARN [06-01|09:51:50.009]      eth.coinbase, which can be used for testing. The random dev account is temporary,
WARN [06-01|09:51:50.009]      stored on a ramdisk, and will be lost if your machine is restarted.
WARN [06-01|09:51:50.009]   4. Mining is enabled by default. However, the client will only seal blocks if transactions
WARN [06-01|09:51:50.009]      are pending in the mempool. The miner's minimum accepted gas price is 1.
WARN [06-01|09:51:50.009]   5. Networking is disabled; there is no listen-address, the maximum number of peers is set
WARN [06-01|09:51:50.009]      to 0, and discovery is disabled.
WARN [06-01|09:51:50.009] 
INFO [06-01|09:51:50.009] Starting peer-to-peer node               instance=Geth/v1.17.3-unstable/linux-amd64/go1.24.9
WARN [06-01|09:51:50.009] P2P server will be useless, neither dialing nor listening
INFO [06-01|09:51:50.031] IPC endpoint opened                      url=/mnt/state_expiry_vol_data/ubt-vs-pbt-dbs/pbt/geth.ipc
ERROR[06-01|09:51:50.031] Unavailable modules in HTTP API list     unavailable=[personal] available="[admin debug web3 eth txpool miner net dev testing]"
INFO [06-01|09:51:50.031] New local node record                    seq=1,780,292,694,612 id=972c5cc0b2a1895c ip=127.0.0.1 udp=0 tcp=0
INFO [06-01|09:51:50.031] Started P2P networking                   self=enode://16ec6c0bde109d66472afe00ec8fee3d30718d830d1acf0829842abca89b82afff8a454636cde3b26d700f98647938c6f23e7bee3027caca0d7f19e4b3725e13@127.0.0.1:0
INFO [06-01|09:51:50.031] HTTP server started                      endpoint=127.0.0.1:8545 auth=false prefix= cors= vhosts=localhost
INFO [06-01|09:51:50.031] WebSocket enabled                        url=ws://127.0.0.1:8546
INFO [06-01|09:51:50.259] Loaded local transaction journal         transactions=2225 dropped=0
INFO [06-01|09:51:51.066] Started log indexer
INFO [06-01|09:51:51.109] Starting work on payload                 id=0x03f984f4f6460e9c
INFO [06-01|09:51:51.113] Updated payload                          id=0x03f984f4f6460e9c number=2882 hash=d84ea3..7ca9b5 txs=0 withdrawals=0 gas=0 fees=0 root=67c69a..264427 elapsed=3.634ms
INFO [06-01|09:51:51.113] Stopping work on payload                 id=0x03f984f4f6460e9c reason=delivery
WARN [06-01|09:51:51.118] {"level":"warn","msg":"Slow block","block":{"number":2882,"hash":"0xd84ea3b7f5dcf323fde22e9d77c2494b4a69b233bfeedd7720432384357ca9b5","gas_used":0,"tx_count":0},"timing":{"execution_ms":0.050124,"state_read_ms":3.336434,"state_hash_ms":0.002149,"commit_ms":0.230029,"total_ms":3.840654},"throughput":{"mgas_per_sec":0},"state_reads":{"accounts":4,"storage_slots":0,"code":0,"code_bytes":0},"state_writes":{"accounts":0,"accounts_deleted":0,"storage_slots":0,"storage_slots_deleted":0,"code":0,"code_bytes":0},"cache":{"account":{"hits":0,"misses":4,"hit_rate":0},"storage":{"hits":0,"misses":0,"hit_rate":0},"code":{"hits":0,"misses":0,"hit_rate":0,"hit_bytes":0,"miss_bytes":0}}}
INFO [06-01|09:51:51.118] Imported new potential chain segment     number=2882 hash=d84ea3..7ca9b5 blocks=1 txs=0 mgas=0.000 elapsed=4.268ms mgasps=0.000 triediffs=2.76MiB triedirty=0.00B
INFO [06-01|09:51:51.118] Chain head was updated                   number=2882 hash=d84ea3..7ca9b5 root=67c69a..264427 elapsed="81.784µs"
INFO [06-01|09:51:52.123] Starting work on payload                 id=0x034799b813bd6827
INFO [06-01|09:51:52.134] Updated payload                          id=0x034799b813bd6827 number=2883 hash=06f4c8..ff971a txs=0 withdrawals=0 gas=0 fees=0 root=67c69a..264427 elapsed=10.902ms
INFO [06-01|09:51:52.137] Stopping work on payload                 id=0x034799b813bd6827 reason=delivery
WARN [06-01|09:51:52.138] {"level":"warn","msg":"Slow block","block":{"number":2883,"hash":"0x06f4c82c986ad902b8e3b2677df044e175297c7bec0c13878d6b71b64fff971a","gas_used":0,"tx_count":0},"timing":{"execution_ms":0.030613,"state_read_ms":3.145687,"state_hash_ms":0.002029,"commit_ms":0.118807,"total_ms":3.459498},"throughput":{"mgas_per_sec":0},"state_reads":{"accounts":4,"storage_slots":0,"code":0,"code_bytes":0},"state_writes":{"accounts":0,"accounts_deleted":0,"storage_slots":0,"storage_slots_deleted":0,"code":0,"code_bytes":0},"cache":{"account":{"hits":0,"misses":4,"hit_rate":0},"storage":{"hits":0,"misses":0,"hit_rate":0},"code":{"hits":0,"misses":0,"hit_rate":0,"hit_bytes":0,"miss_bytes":0}}}
INFO [06-01|09:51:52.138] Imported new potential chain segment     number=2883 hash=06f4c8..ff971a blocks=1 txs=0 mgas=0.000 elapsed=3.624ms    mgasps=0.000 triediffs=2.76MiB triedirty=0.00B
INFO [06-01|09:51:52.138] Chain head was updated                   number=2883 hash=06f4c8..ff971a root=67c69a..264427 elapsed="46.418µs"
INFO [06-01|09:51:53.148] Starting work on payload                 id=0x03088bf974bba58e
INFO [06-01|09:51:53.174] Updated payload                          id=0x03088bf974bba58e number=2884 hash=7af2b5..33331b txs=0 withdrawals=0 gas=0 fees=0 root=67c69a..264427 elapsed=25.649ms
INFO [06-01|09:51:53.177] Stopping work on payload                 id=0x03088bf974bba58e reason=delivery
WARN [06-01|09:51:53.178] {"level":"warn","msg":"Slow block","block":{"number":2884,"hash":"0x7af2b53ff04c7f4fd22f39c30fe986fdc8c3f85b3d2ca7dbf4c275133433331b","gas_used":0,"tx_count":0},"timing":{"execution_ms":0.037531,"state_read_ms":3.446228,"state_hash_ms":0.0024,"commit_ms":0.155829,"total_ms":3.839379},"throughput":{"mgas_per_sec":0},"state_reads":{"accounts":4,"storage_slots":0,"code":0,"code_bytes":0},"state_writes":{"accounts":0,"accounts_deleted":0,"storage_slots":0,"storage_slots_deleted":0,"code":0,"code_bytes":0},"cache":{"account":{"hits":0,"misses":4,"hit_rate":0},"storage":{"hits":0,"misses":0,"hit_rate":0},"code":{"hits":0,"misses":0,"hit_rate":0,"hit_bytes":0,"miss_bytes":0}}}
INFO [06-01|09:51:53.178] Imported new potential chain segment     number=2884 hash=7af2b5..33331b blocks=1 txs=0 mgas=0.000 elapsed=4.027ms    mgasps=0.000 triediffs=2.76MiB triedirty=0.00B
INFO [06-01|09:51:53.178] Chain head was updated                   number=2884 hash=7af2b5..33331b root=67c69a..264427 elapsed="63.998µs"
INFO [06-01|09:51:53.586] Submitted contract creation              hash=0xeee87903c859743e659cd4ed77cb21d13ea535125996eca90c3375f609841a1f from=0xf39Fd6e51aad88F6F4ce6aB8827279cffFb92266 nonce=857 contract=0x905Ad472d7eeB94ed1Fc29D8ff4B53FD4D5a5Eb4 value=0
INFO [06-01|09:51:53.586] Submitted transaction                    hash=0x07cb513bc8f411e9d002d34102cbca83922023cca5d33b86023b894366d94234 from=0xf39Fd6e51aad88F6F4ce6aB8827279cffFb92266 nonce=858 recipient=0xAF12030142B4952B2D8621F9b2D7C9f1B8D818B6 value=78,000,000
INFO [06-01|09:51:54.193] Starting work on payload                 id=0x030ae12fc7a83b47
INFO [06-01|09:51:54.242] Updated payload                          id=0x030ae12fc7a83b47 number=2885 hash=ec7bba..231017 txs=2 withdrawals=0 gas=86926 fees=5.21556e-13 root=ea8f37..6a456c elapsed=49.551ms
INFO [06-01|09:51:54.243] Stopping work on payload                 id=0x030ae12fc7a83b47 reason=delivery
INFO [06-01|09:51:54.277] Paused snapshot generation
WARN [06-01|09:51:54.277] {"level":"warn","msg":"Slow block","block":{"number":2885,"hash":"0xec7bbad0ece80a19643476777d99e86b36cadcfb9031082b1fab6afc18231017","gas_used":86926,"tx_count":2},"timing":{"execution_ms":0.090666,"state_read_ms":14.125166,"state_hash_ms":15.218188,"commit_ms":4.75111,"total_ms":34.456407},"throughput":{"mgas_per_sec":2.522781902361439},"state_reads":{"accounts":11,"storage_slots":0,"code":0,"code_bytes":0},"state_writes":{"accounts":3,"accounts_deleted":0,"storage_slots":0,"storage_slots_deleted":0,"code":1,"code_bytes":165},"cache":{"account":{"hits":6,"misses":5,"hit_rate":54.54545454545454},"storage":{"hits":0,"misses":0,"hit_rate":0},"code":{"hits":0,"misses":0,"hit_rate":0,"hit_bytes":0,"miss_bytes":0}}}
INFO [06-01|09:51:54.277] Imported new potential chain segment     number=2885 hash=ec7bba..231017 blocks=1 txs=2 mgas=0.087 elapsed=34.640ms   mgasps=2.509 triediffs=2.74MiB triedirty=0.00B
INFO [06-01|09:51:54.278] Chain head was updated                   number=2885 hash=ec7bba..231017 root=ea8f37..6a456c elapsed="151.975µs"
WARN [06-01|09:51:54.296] Snapshot generation is not permitted
INFO [06-01|09:51:54.599] Submitted transaction                    hash=0xf9705503903a3e556a92374ab0792047ea7a5ef68da3fd5947d21ea84b0f2325 from=0xAF12030142B4952B2D8621F9b2D7C9f1B8D818B6 nonce=0   recipient=0x905Ad472d7eeB94ed1Fc29D8ff4B53FD4D5a5Eb4 value=0
INFO [06-01|09:51:55.299] Starting work on payload                 id=0x03908dd70a898e76
INFO [06-01|09:51:55.350] Updated payload                          id=0x03908dd70a898e76 number=2886 hash=7248e2..1562d9 txs=1 withdrawals=0 gas=5,900,884 fees=3.5405304e-11 root=b7a7fe..bf3953 elapsed=51.377ms
INFO [06-01|09:51:55.350] Stopping work on payload                 id=0x03908dd70a898e76 reason=delivery
INFO [06-01|09:51:55.385] Paused snapshot generation
WARN [06-01|09:51:55.385] {"level":"warn","msg":"Slow block","block":{"number":2886,"hash":"0x7248e248906507dd01531822166dd6cbd5658d016b3cd031db06012b3d1562d9","gas_used":5900884,"tx_count":1},"timing":{"execution_ms":14.83934,"state_read_ms":15.020291,"state_hash_ms":3.567112,"commit_ms":1.234588,"total_ms":34.830963},"throughput":{"mgas_per_sec":169.41489674000687},"state_reads":{"accounts":263,"storage_slots":1339,"code":257,"code_bytes":7333},"state_writes":{"accounts":3,"accounts_deleted":0,"storage_slots":59,"storage_slots_deleted":0,"code":0,"code_bytes":0},"cache":{"account":{"hits":43,"misses":220,"hit_rate":16.34980988593156},"storage":{"hits":266,"misses":1073,"hit_rate":19.865571321882},"code":{"hits":257,"misses":0,"hit_rate":100,"hit_bytes":7333,"miss_bytes":0}}}
INFO [06-01|09:51:55.385] Imported new potential chain segment     number=2886 hash=7248e2..1562d9 blocks=1 txs=1 mgas=5.901 elapsed=35.011ms    mgasps=168.543 triediffs=2.75MiB triedirty=0.00B
INFO [06-01|09:51:55.386] Chain head was updated                   number=2886 hash=7248e2..1562d9 root=b7a7fe..bf3953 elapsed="115.332µs"
WARN [06-01|09:51:55.412] Snapshot generation is not permitted
INFO [06-01|09:51:55.616] Submitted transaction                    hash=0x0d416f09b47e939a928ae1f8d8b112d708e925aa1060c58eff627b9f1a1e67de from=0xAF12030142B4952B2D8621F9b2D7C9f1B8D818B6 nonce=1   recipient=0xf39Fd6e51aad88F6F4ce6aB8827279cffFb92266 value=1,036,508
INFO [06-01|09:51:56.390] Starting work on payload                 id=0x03c5e509d4227060
INFO [06-01|09:51:56.412] Updated payload                          id=0x03c5e509d4227060 number=2887 hash=94d89b..26ca45 txs=1 withdrawals=0 gas=21000     fees=2.1e-14       root=ce55ab..f90870 elapsed=22.371ms
INFO [06-01|09:51:56.413] Stopping work on payload                 id=0x03c5e509d4227060 reason=delivery
INFO [06-01|09:51:56.420] Paused snapshot generation
WARN [06-01|09:51:56.420] {"level":"warn","msg":"Slow block","block":{"number":2887,"hash":"0x94d89ba982acf4caceced46e73acf9deaf96ecd8e7ff1031bc2b91de2b26ca45","gas_used":21000,"tx_count":1},"timing":{"execution_ms":0.088024,"state_read_ms":3.419217,"state_hash_ms":2.960853,"commit_ms":0.671432,"total_ms":7.362772},"throughput":{"mgas_per_sec":2.8521866492674226},"state_reads":{"accounts":6,"storage_slots":0,"code":0,"code_bytes":0},"state_writes":{"accounts":2,"accounts_deleted":0,"storage_slots":0,"storage_slots_deleted":0,"code":0,"code_bytes":0},"cache":{"account":{"hits":2,"misses":4,"hit_rate":33.33333333333333},"storage":{"hits":0,"misses":0,"hit_rate":0},"code":{"hits":0,"misses":0,"hit_rate":0,"hit_bytes":0,"miss_bytes":0}}}
INFO [06-01|09:51:56.420] Imported new potential chain segment     number=2887 hash=94d89b..26ca45 blocks=1 txs=1 mgas=0.021 elapsed=7.493ms     mgasps=2.802   triediffs=2.75MiB triedirty=0.00B
INFO [06-01|09:51:56.420] Chain head was updated                   number=2887 hash=94d89b..26ca45 root=ce55ab..f90870 elapsed="68.703µs"
WARN [06-01|09:51:56.439] Snapshot generation is not permitted
