WARN [06-01|09:50:50.874] Unknown config environment variable      envvar=GETH_PBT_BIN
WARN [06-01|09:50:50.874] Unknown config environment variable      envvar=GETH_UBT_BIN
INFO [06-01|09:50:50.886] Starting Geth on Ethereum mainnet...
INFO [06-01|09:50:50.887] Maximum peer count                       ETH=0 total=0
INFO [06-01|09:50:50.889] Smartcard socket not found, disabling    err="stat /run/pcscd/pcscd.comm: no such file or directory"
WARN [06-01|09:50:50.894] Option --miner.etherbase is deprecated as the etherbase is set by the consensus client post-merge
WARN [06-01|09:50:50.896] Snap sync requested, resetting --cache.snapshot
INFO [06-01|09:50:50.896] Set global gas cap                       cap=50,000,000
INFO [06-01|09:50:51.686] Using developer account                  address=0xf39Fd6e51aad88F6F4ce6aB8827279cffFb92266
INFO [06-01|09:50:51.724] Using pebble as the backing database
INFO [06-01|09:50:51.724] Allocated cache and file handles         database=/mnt/state_expiry_vol_data/ubt-vs-pbt-dbs/pbt/geth/chaindata cache=16.00MiB handles=262,144
INFO [06-01|09:50:51.941] Opened ancient database                  database=/mnt/state_expiry_vol_data/ubt-vs-pbt-dbs/pbt/geth/chaindata/ancient/chain readonly=true
INFO [06-01|09:50:51.941] Opened Era store                         datadir=/mnt/state_expiry_vol_data/ubt-vs-pbt-dbs/pbt/geth/chaindata/ancient/chain/era
INFO [06-01|09:50:51.948] Initializing the KZG library             backend=gokzg
INFO [06-01|09:50:51.951] Allocated trie memory caches             clean=0.00B dirty=0.00B
INFO [06-01|09:50:51.959] Using pebble as the backing database
INFO [06-01|09:50:51.959] Allocated cache and file handles         database=/mnt/state_expiry_vol_data/ubt-vs-pbt-dbs/pbt/geth/chaindata cache=16.00MiB handles=262,144
INFO [06-01|09:50:52.163] Opened ancient database                  database=/mnt/state_expiry_vol_data/ubt-vs-pbt-dbs/pbt/geth/chaindata/ancient/chain readonly=false
INFO [06-01|09:50:52.163] Opened Era store                         datadir=/mnt/state_expiry_vol_data/ubt-vs-pbt-dbs/pbt/geth/chaindata/ancient/chain/era
INFO [06-01|09:50:52.168] State scheme set to already existing     scheme=path
INFO [06-01|09:50:52.168] Initialising Ethereum protocol           network=1337 dbversion=9
INFO [06-01|09:50:52.168] Load database journal from file          path=/mnt/state_expiry_vol_data/ubt-vs-pbt-dbs/pbt/geth/triedb/verkle.journal
INFO [06-01|09:50:52.228] Opened ancient database                  database=/mnt/state_expiry_vol_data/ubt-vs-pbt-dbs/pbt/geth/chaindata/ancient/state_verkle readonly=false
INFO [06-01|09:50:52.230] State snapshot generator is not compatible
INFO [06-01|09:50:52.230] Initialized path database                triecache=0.00B statecache=0.00B buffer=0.00B state-history="last 90000 blocks" journal-dir=/mnt/state_expiry_vol_data/ubt-vs-pbt-dbs/pbt/geth/triedb verkle=true
INFO [06-01|09:50:52.231] 
INFO [06-01|09:50:52.231] ---------------------------------------------------------------------------------------------------------------------------------------------------------
INFO [06-01|09:50:52.231] Chain ID:  1337 (unknown)
INFO [06-01|09:50:52.231] Consensus: unknown
INFO [06-01|09:50:52.231] 
INFO [06-01|09:50:52.231] Pre-Merge hard forks (block based):
INFO [06-01|09:50:52.231]  - Homestead:                   #0       
INFO [06-01|09:50:52.231]  - Tangerine Whistle (EIP 150): #0       
INFO [06-01|09:50:52.231]  - Spurious Dragon/1 (EIP 155): #0       
INFO [06-01|09:50:52.231]  - Spurious Dragon/2 (EIP 158): #0       
INFO [06-01|09:50:52.231]  - Byzantium:                   #0       
INFO [06-01|09:50:52.231]  - Constantinople:              #0       
INFO [06-01|09:50:52.231]  - Petersburg:                  #0       
INFO [06-01|09:50:52.231]  - Istanbul:                    #0       
INFO [06-01|09:50:52.231]  - Berlin:                      #0       
INFO [06-01|09:50:52.231]  - London:                      #0       
INFO [06-01|09:50:52.231]  - Arrow Glacier:               #0       
INFO [06-01|09:50:52.231]  - Gray Glacier:                #0       
INFO [06-01|09:50:52.231] 
INFO [06-01|09:50:52.231] Merge configured:
INFO [06-01|09:50:52.231]  - Total terminal difficulty:  0
INFO [06-01|09:50:52.231]  - Merge netsplit block:       #0       
INFO [06-01|09:50:52.231] 
INFO [06-01|09:50:52.231] Post-Merge hard forks (timestamp based):
INFO [06-01|09:50:52.231]  - Shanghai:                    @0         
INFO [06-01|09:50:52.231]  - Cancun:                      @0          blob: (target: 3, max: 6, fraction: 3338477)
INFO [06-01|09:50:52.231]  - Prague:                      @0          blob: (target: 6, max: 9, fraction: 5007716)
INFO [06-01|09:50:52.231]  - Osaka:                       @0          blob: (target: 6, max: 9, fraction: 5007716)
INFO [06-01|09:50:52.231]  - UBT:                         @0          blob: (nil)
INFO [06-01|09:50:52.231] 
INFO [06-01|09:50:52.231] All fork specifications can be found at https://ethereum.github.io/execution-specs/src/ethereum/forks/
INFO [06-01|09:50:52.231] 
INFO [06-01|09:50:52.231] ---------------------------------------------------------------------------------------------------------------------------------------------------------
INFO [06-01|09:50:52.231] 
INFO [06-01|09:50:52.232] Loaded most recent local block           number=2845 hash=023ddc..df3515 age=3s
INFO [06-01|09:50:52.232] Loaded most recent local finalized block number=2816 hash=ef9035..b083e9 age=47s
INFO [06-01|09:50:52.233] Initialized transaction indexer          range="last 2350000 blocks"
INFO [06-01|09:50:52.233] Initialized log indexer                  firstblock=0 lastblock=2845 firstmap=0 lastmap=0 headindexed=true
INFO [06-01|09:50:52.280] Enabled full-sync                        head=2845 hash=023ddc..df3515
INFO [06-01|09:50:52.281] Unprotected transactions allowed
INFO [06-01|09:50:52.281] Gasprice oracle is ignoring threshold set threshold=2
INFO [06-01|09:50:52.281] Registered sync override service
WARN [06-01|09:50:52.281] You are running Geth in --dev mode. Please note the following:
WARN [06-01|09:50:52.281] 
WARN [06-01|09:50:52.281]   1. This mode is only intended for fast, iterative development without assumptions on
WARN [06-01|09:50:52.281]      security or persistence.
WARN [06-01|09:50:52.281]   2. The database is created in memory unless specified otherwise. Therefore, shutting down
WARN [06-01|09:50:52.281]      your computer or losing power will wipe your entire block data and chain state for
WARN [06-01|09:50:52.281]      your dev environment.
WARN [06-01|09:50:52.281]   3. A random, pre-allocated developer account will be available and unlocked as
WARN [06-01|09:50:52.281]      eth.coinbase, which can be used for testing. The random dev account is temporary,
WARN [06-01|09:50:52.281]      stored on a ramdisk, and will be lost if your machine is restarted.
WARN [06-01|09:50:52.281]   4. Mining is enabled by default. However, the client will only seal blocks if transactions
WARN [06-01|09:50:52.281]      are pending in the mempool. The miner's minimum accepted gas price is 1.
WARN [06-01|09:50:52.281]   5. Networking is disabled; there is no listen-address, the maximum number of peers is set
WARN [06-01|09:50:52.281]      to 0, and discovery is disabled.
WARN [06-01|09:50:52.281] 
INFO [06-01|09:50:52.281] Starting peer-to-peer node               instance=Geth/v1.17.3-unstable/linux-amd64/go1.24.9
WARN [06-01|09:50:52.281] P2P server will be useless, neither dialing nor listening
INFO [06-01|09:50:52.298] IPC endpoint opened                      url=/mnt/state_expiry_vol_data/ubt-vs-pbt-dbs/pbt/geth.ipc
INFO [06-01|09:50:52.298] New local node record                    seq=1,780,292,694,606 id=972c5cc0b2a1895c ip=127.0.0.1 udp=0 tcp=0
ERROR[06-01|09:50:52.298] Unavailable modules in HTTP API list     unavailable=[personal] available="[admin debug web3 eth txpool miner net dev testing]"
INFO [06-01|09:50:52.298] Started P2P networking                   self=enode://16ec6c0bde109d66472afe00ec8fee3d30718d830d1acf0829842abca89b82afff8a454636cde3b26d700f98647938c6f23e7bee3027caca0d7f19e4b3725e13@127.0.0.1:0
INFO [06-01|09:50:52.299] HTTP server started                      endpoint=127.0.0.1:8545 auth=false prefix= cors= vhosts=localhost
INFO [06-01|09:50:52.299] WebSocket enabled                        url=ws://127.0.0.1:8546
INFO [06-01|09:50:52.531] Loaded local transaction journal         transactions=2201 dropped=0
INFO [06-01|09:50:53.294] Started log indexer
INFO [06-01|09:50:53.354] Starting work on payload                 id=0x03cb672bac3526b1
INFO [06-01|09:50:53.358] Updated payload                          id=0x03cb672bac3526b1 number=2846 hash=c736a1..0252a7 txs=0 withdrawals=0 gas=0 fees=0 root=486253..34a69c elapsed=3.686ms
INFO [06-01|09:50:53.358] Stopping work on payload                 id=0x03cb672bac3526b1 reason=delivery
WARN [06-01|09:50:53.362] {"level":"warn","msg":"Slow block","block":{"number":2846,"hash":"0xc736a19b73b415f7cb3f536ca23fd35fbb6543226bbbf79b28d96f94d00252a7","gas_used":0,"tx_count":0},"timing":{"execution_ms":0.040335,"state_read_ms":2.920368,"state_hash_ms":0.00185,"commit_ms":0.180678,"total_ms":3.343706},"throughput":{"mgas_per_sec":0},"state_reads":{"accounts":4,"storage_slots":0,"code":0,"code_bytes":0},"state_writes":{"accounts":0,"accounts_deleted":0,"storage_slots":0,"storage_slots_deleted":0,"code":0,"code_bytes":0},"cache":{"account":{"hits":0,"misses":4,"hit_rate":0},"storage":{"hits":0,"misses":0,"hit_rate":0},"code":{"hits":0,"misses":0,"hit_rate":0,"hit_bytes":0,"miss_bytes":0}}}
INFO [06-01|09:50:53.362] Imported new potential chain segment     number=2846 hash=c736a1..0252a7 blocks=1 txs=0 mgas=0.000 elapsed=3.658ms mgasps=0.000 triediffs=2.87MiB triedirty=0.00B
INFO [06-01|09:50:53.362] Chain head was updated                   number=2846 hash=c736a1..0252a7 root=486253..34a69c elapsed="67.638µs"
INFO [06-01|09:50:54.368] Starting work on payload                 id=0x03c2245ba3541d46
INFO [06-01|09:50:54.379] Updated payload                          id=0x03c2245ba3541d46 number=2847 hash=93744c..21277d txs=0 withdrawals=0 gas=0 fees=0 root=486253..34a69c elapsed=10.879ms
INFO [06-01|09:50:54.380] Stopping work on payload                 id=0x03c2245ba3541d46 reason=delivery
WARN [06-01|09:50:54.383] {"level":"warn","msg":"Slow block","block":{"number":2847,"hash":"0x93744c6b7e3b8a63f893a2b0d01c25626fda0bdf7f22d5dd554af9fcc921277d","gas_used":0,"tx_count":0},"timing":{"execution_ms":0.026352,"state_read_ms":2.81066,"state_hash_ms":0.001378,"commit_ms":0.160242,"total_ms":3.123728},"throughput":{"mgas_per_sec":0},"state_reads":{"accounts":4,"storage_slots":0,"code":0,"code_bytes":0},"state_writes":{"accounts":0,"accounts_deleted":0,"storage_slots":0,"storage_slots_deleted":0,"code":0,"code_bytes":0},"cache":{"account":{"hits":0,"misses":4,"hit_rate":0},"storage":{"hits":0,"misses":0,"hit_rate":0},"code":{"hits":0,"misses":0,"hit_rate":0,"hit_bytes":0,"miss_bytes":0}}}
INFO [06-01|09:50:54.383] Imported new potential chain segment     number=2847 hash=93744c..21277d blocks=1 txs=0 mgas=0.000 elapsed=3.276ms    mgasps=0.000 triediffs=2.87MiB triedirty=0.00B
INFO [06-01|09:50:54.383] Chain head was updated                   number=2847 hash=93744c..21277d root=486253..34a69c elapsed="33.551µs"
INFO [06-01|09:50:55.387] Starting work on payload                 id=0x032ef49dd6274225
INFO [06-01|09:50:55.409] Updated payload                          id=0x032ef49dd6274225 number=2848 hash=0dec5c..e54454 txs=0 withdrawals=0 gas=0 fees=0 root=486253..34a69c elapsed=22.023ms
INFO [06-01|09:50:55.409] Stopping work on payload                 id=0x032ef49dd6274225 reason=delivery
WARN [06-01|09:50:55.412] {"level":"warn","msg":"Slow block","block":{"number":2848,"hash":"0x0dec5cd2b3e39710c17037dc4836751994a11ea14775f2a00ea1c00e6de54454","gas_used":0,"tx_count":0},"timing":{"execution_ms":0.026941,"state_read_ms":2.70844,"state_hash_ms":0.00188,"commit_ms":0.119306,"total_ms":3.001541},"throughput":{"mgas_per_sec":0},"state_reads":{"accounts":4,"storage_slots":0,"code":0,"code_bytes":0},"state_writes":{"accounts":0,"accounts_deleted":0,"storage_slots":0,"storage_slots_deleted":0,"code":0,"code_bytes":0},"cache":{"account":{"hits":0,"misses":4,"hit_rate":0},"storage":{"hits":0,"misses":0,"hit_rate":0},"code":{"hits":0,"misses":0,"hit_rate":0,"hit_bytes":0,"miss_bytes":0}}}
INFO [06-01|09:50:55.412] Imported new potential chain segment     number=2848 hash=0dec5c..e54454 blocks=1 txs=0 mgas=0.000 elapsed=3.156ms    mgasps=0.000 triediffs=2.87MiB triedirty=0.00B
INFO [06-01|09:50:55.413] Chain head was updated                   number=2848 hash=0dec5c..e54454 root=486253..34a69c elapsed="50.367µs"
INFO [06-01|09:50:55.903] Submitted contract creation              hash=0xc335c721aff676321c1127da0e72a2b60a6c73694a9ec2df06c19671f62f7889 from=0xf39Fd6e51aad88F6F4ce6aB8827279cffFb92266 nonce=845 contract=0x2ca60d89144D4cdf85dA87af4FE12aBF9265F28C value=0
INFO [06-01|09:50:55.903] Submitted transaction                    hash=0xbb0a16fe63cbb7a933f96b110f1c8b5b253e9e7b638dc5dfff482bbd381fbd8e from=0xf39Fd6e51aad88F6F4ce6aB8827279cffFb92266 nonce=846 recipient=0xec9c962F6d893E91e110922644E329D1a8c40A06 value=78,000,000
INFO [06-01|09:50:56.431] Starting work on payload                 id=0x03612561d5e3f3bc
INFO [06-01|09:50:56.474] Updated payload                          id=0x03612561d5e3f3bc number=2849 hash=d1eb92..e9299c txs=2 withdrawals=0 gas=86926 fees=5.21556e-13 root=50c656..b9161e elapsed=42.654ms
INFO [06-01|09:50:56.474] Stopping work on payload                 id=0x03612561d5e3f3bc reason=delivery
INFO [06-01|09:50:56.509] Paused snapshot generation
WARN [06-01|09:50:56.509] {"level":"warn","msg":"Slow block","block":{"number":2849,"hash":"0xd1eb92b01dca6cd1b88e7064e37db90c9fefb97d7ee5c07654125131e8e9299c","gas_used":86926,"tx_count":2},"timing":{"execution_ms":0.110238,"state_read_ms":15.41754,"state_hash_ms":14.077602,"commit_ms":5.136055,"total_ms":34.914812},"throughput":{"mgas_per_sec":2.489659689417775},"state_reads":{"accounts":11,"storage_slots":0,"code":0,"code_bytes":0},"state_writes":{"accounts":3,"accounts_deleted":0,"storage_slots":0,"storage_slots_deleted":0,"code":1,"code_bytes":165},"cache":{"account":{"hits":5,"misses":6,"hit_rate":45.45454545454545},"storage":{"hits":0,"misses":0,"hit_rate":0},"code":{"hits":0,"misses":0,"hit_rate":0,"hit_bytes":0,"miss_bytes":0}}}
INFO [06-01|09:50:56.510] Imported new potential chain segment     number=2849 hash=d1eb92..e9299c blocks=1 txs=2 mgas=0.087 elapsed=35.147ms   mgasps=2.473 triediffs=2.83MiB triedirty=0.00B
INFO [06-01|09:50:56.510] Chain head was updated                   number=2849 hash=d1eb92..e9299c root=50c656..b9161e elapsed="187.626µs"
WARN [06-01|09:50:56.539] Snapshot generation is not permitted
INFO [06-01|09:50:56.915] Submitted transaction                    hash=0xb95907d00d053da8f0b9157a596045e426f6e70a796d57b4cdcfa609d37898be from=0xec9c962F6d893E91e110922644E329D1a8c40A06 nonce=0   recipient=0x2ca60d89144D4cdf85dA87af4FE12aBF9265F28C value=0
INFO [06-01|09:50:57.534] Starting work on payload                 id=0x03464065e2f1bb21
INFO [06-01|09:50:57.573] Updated payload                          id=0x03464065e2f1bb21 number=2850 hash=023e79..8aa19c txs=1 withdrawals=0 gas=5,900,884 fees=3.5405304e-11 root=42ac01..1917c8 elapsed=38.970ms
INFO [06-01|09:50:57.574] Stopping work on payload                 id=0x03464065e2f1bb21 reason=delivery
INFO [06-01|09:50:57.619] Paused snapshot generation
WARN [06-01|09:50:57.620] {"level":"warn","msg":"Slow block","block":{"number":2850,"hash":"0x023e7926036c7ee364bf997ca00245187b6fd0548326929bebb4eb949e8aa19c","gas_used":5900884,"tx_count":1},"timing":{"execution_ms":22.264098,"state_read_ms":19.448918,"state_hash_ms":2.866745,"commit_ms":1.029605,"total_ms":45.783596},"throughput":{"mgas_per_sec":128.8864247360561},"state_reads":{"accounts":263,"storage_slots":1339,"code":257,"code_bytes":7333},"state_writes":{"accounts":3,"accounts_deleted":0,"storage_slots":59,"storage_slots_deleted":0,"code":0,"code_bytes":0},"cache":{"account":{"hits":65,"misses":198,"hit_rate":24.714828897338403},"storage":{"hits":151,"misses":1188,"hit_rate":11.277072442120986},"code":{"hits":257,"misses":0,"hit_rate":100,"hit_bytes":7333,"miss_bytes":0}}}
INFO [06-01|09:50:57.620] Imported new potential chain segment     number=2850 hash=023e79..8aa19c blocks=1 txs=1 mgas=5.901 elapsed=46.051ms    mgasps=128.137 triediffs=2.85MiB triedirty=0.00B
INFO [06-01|09:50:57.620] Chain head was updated                   number=2850 hash=023e79..8aa19c root=42ac01..1917c8 elapsed="153.55µs"
WARN [06-01|09:50:57.645] Snapshot generation is not permitted
INFO [06-01|09:50:57.939] Submitted transaction                    hash=0x4260c3adbb7469a3c1c8ac3bca3fabb95aaa54fc63e1f47a1630d5f4e4491f2f from=0xec9c962F6d893E91e110922644E329D1a8c40A06 nonce=1   recipient=0xf39Fd6e51aad88F6F4ce6aB8827279cffFb92266 value=1,036,508
INFO [06-01|09:50:58.625] Starting work on payload                 id=0x033bfa0833914211
INFO [06-01|09:50:58.640] Updated payload                          id=0x033bfa0833914211 number=2851 hash=52c500..3daffd txs=1 withdrawals=0 gas=21000     fees=2.1e-14       root=94be62..067ca9 elapsed=14.331ms
INFO [06-01|09:50:58.640] Stopping work on payload                 id=0x033bfa0833914211 reason=delivery
INFO [06-01|09:50:58.647] Paused snapshot generation
WARN [06-01|09:50:58.647] {"level":"warn","msg":"Slow block","block":{"number":2851,"hash":"0x52c500203a59ac60e84bc70c12151f520f7feaf17efa1aa2b9d4ae979c3daffd","gas_used":21000,"tx_count":1},"timing":{"execution_ms":0.056637,"state_read_ms":2.964242,"state_hash_ms":3.656903,"commit_ms":0.533161,"total_ms":7.367223},"throughput":{"mgas_per_sec":2.8504634649989553},"state_reads":{"accounts":6,"storage_slots":0,"code":0,"code_bytes":0},"state_writes":{"accounts":2,"accounts_deleted":0,"storage_slots":0,"storage_slots_deleted":0,"code":0,"code_bytes":0},"cache":{"account":{"hits":2,"misses":4,"hit_rate":33.33333333333333},"storage":{"hits":0,"misses":0,"hit_rate":0},"code":{"hits":0,"misses":0,"hit_rate":0,"hit_bytes":0,"miss_bytes":0}}}
INFO [06-01|09:50:58.647] Imported new potential chain segment     number=2851 hash=52c500..3daffd blocks=1 txs=1 mgas=0.021 elapsed=7.487ms     mgasps=2.805   triediffs=2.84MiB triedirty=0.00B
INFO [06-01|09:50:58.647] Chain head was updated                   number=2851 hash=52c500..3daffd root=94be62..067ca9 elapsed="62.644µs"
WARN [06-01|09:50:58.668] Snapshot generation is not permitted
