WARN [06-01|09:57:03.475] Unknown config environment variable      envvar=GETH_PBT_BIN
WARN [06-01|09:57:03.475] Unknown config environment variable      envvar=GETH_UBT_BIN
INFO [06-01|09:57:03.485] Starting Geth on Ethereum mainnet...
INFO [06-01|09:57:03.487] Maximum peer count                       ETH=0 total=0
INFO [06-01|09:57:03.488] Smartcard socket not found, disabling    err="stat /run/pcscd/pcscd.comm: no such file or directory"
WARN [06-01|09:57:03.493] Option --miner.etherbase is deprecated as the etherbase is set by the consensus client post-merge
WARN [06-01|09:57:03.495] Snap sync requested, resetting --cache.snapshot
INFO [06-01|09:57:03.496] Set global gas cap                       cap=50,000,000
INFO [06-01|09:57:04.370] Using developer account                  address=0xf39Fd6e51aad88F6F4ce6aB8827279cffFb92266
INFO [06-01|09:57:04.411] Using pebble as the backing database
INFO [06-01|09:57:04.411] Allocated cache and file handles         database=/mnt/state_expiry_vol_data/ubt-vs-pbt-dbs/pbt/geth/chaindata cache=16.00MiB handles=262,144
INFO [06-01|09:57:04.624] Opened ancient database                  database=/mnt/state_expiry_vol_data/ubt-vs-pbt-dbs/pbt/geth/chaindata/ancient/chain readonly=true
INFO [06-01|09:57:04.624] Opened Era store                         datadir=/mnt/state_expiry_vol_data/ubt-vs-pbt-dbs/pbt/geth/chaindata/ancient/chain/era
INFO [06-01|09:57:04.630] Initializing the KZG library             backend=gokzg
INFO [06-01|09:57:04.633] Allocated trie memory caches             clean=0.00B dirty=0.00B
INFO [06-01|09:57:04.644] Using pebble as the backing database
INFO [06-01|09:57:04.644] Allocated cache and file handles         database=/mnt/state_expiry_vol_data/ubt-vs-pbt-dbs/pbt/geth/chaindata cache=16.00MiB handles=262,144
INFO [06-01|09:57:04.822] Opened ancient database                  database=/mnt/state_expiry_vol_data/ubt-vs-pbt-dbs/pbt/geth/chaindata/ancient/chain readonly=false
INFO [06-01|09:57:04.822] Opened Era store                         datadir=/mnt/state_expiry_vol_data/ubt-vs-pbt-dbs/pbt/geth/chaindata/ancient/chain/era
INFO [06-01|09:57:04.826] State scheme set to already existing     scheme=path
INFO [06-01|09:57:04.826] Initialising Ethereum protocol           network=1337 dbversion=9
INFO [06-01|09:57:04.827] Load database journal from file          path=/mnt/state_expiry_vol_data/ubt-vs-pbt-dbs/pbt/geth/triedb/verkle.journal
INFO [06-01|09:57:04.884] Opened ancient database                  database=/mnt/state_expiry_vol_data/ubt-vs-pbt-dbs/pbt/geth/chaindata/ancient/state_verkle readonly=false
INFO [06-01|09:57:04.887] State snapshot generator is not compatible
INFO [06-01|09:57:04.887] Initialized path database                triecache=0.00B statecache=0.00B buffer=0.00B state-history="last 90000 blocks" journal-dir=/mnt/state_expiry_vol_data/ubt-vs-pbt-dbs/pbt/geth/triedb verkle=true
INFO [06-01|09:57:04.888] 
INFO [06-01|09:57:04.888] ---------------------------------------------------------------------------------------------------------------------------------------------------------
INFO [06-01|09:57:04.888] Chain ID:  1337 (unknown)
INFO [06-01|09:57:04.888] Consensus: unknown
INFO [06-01|09:57:04.888] 
INFO [06-01|09:57:04.888] Pre-Merge hard forks (block based):
INFO [06-01|09:57:04.888]  - Homestead:                   #0       
INFO [06-01|09:57:04.888]  - Tangerine Whistle (EIP 150): #0       
INFO [06-01|09:57:04.888]  - Spurious Dragon/1 (EIP 155): #0       
INFO [06-01|09:57:04.888]  - Spurious Dragon/2 (EIP 158): #0       
INFO [06-01|09:57:04.888]  - Byzantium:                   #0       
INFO [06-01|09:57:04.888]  - Constantinople:              #0       
INFO [06-01|09:57:04.888]  - Petersburg:                  #0       
INFO [06-01|09:57:04.888]  - Istanbul:                    #0       
INFO [06-01|09:57:04.888]  - Berlin:                      #0       
INFO [06-01|09:57:04.888]  - London:                      #0       
INFO [06-01|09:57:04.888]  - Arrow Glacier:               #0       
INFO [06-01|09:57:04.888]  - Gray Glacier:                #0       
INFO [06-01|09:57:04.888] 
INFO [06-01|09:57:04.888] Merge configured:
INFO [06-01|09:57:04.888]  - Total terminal difficulty:  0
INFO [06-01|09:57:04.888]  - Merge netsplit block:       #0       
INFO [06-01|09:57:04.888] 
INFO [06-01|09:57:04.888] Post-Merge hard forks (timestamp based):
INFO [06-01|09:57:04.888]  - Shanghai:                    @0         
INFO [06-01|09:57:04.888]  - Cancun:                      @0          blob: (target: 3, max: 6, fraction: 3338477)
INFO [06-01|09:57:04.888]  - Prague:                      @0          blob: (target: 6, max: 9, fraction: 5007716)
INFO [06-01|09:57:04.888]  - Osaka:                       @0          blob: (target: 6, max: 9, fraction: 5007716)
INFO [06-01|09:57:04.888]  - UBT:                         @0          blob: (nil)
INFO [06-01|09:57:04.888] 
INFO [06-01|09:57:04.888] All fork specifications can be found at https://ethereum.github.io/execution-specs/src/ethereum/forks/
INFO [06-01|09:57:04.888] 
INFO [06-01|09:57:04.888] ---------------------------------------------------------------------------------------------------------------------------------------------------------
INFO [06-01|09:57:04.888] 
INFO [06-01|09:57:04.890] Loaded most recent local block           number=3080 hash=c70d8e..7576ec age=3s
INFO [06-01|09:57:04.890] Loaded most recent local finalized block number=3072 hash=76d8da..638a7f age=14s
INFO [06-01|09:57:04.891] Initialized transaction indexer          range="last 2350000 blocks"
INFO [06-01|09:57:04.891] Initialized log indexer                  firstblock=0 lastblock=3080 firstmap=0 lastmap=0 headindexed=true
INFO [06-01|09:57:04.929] Enabled full-sync                        head=3080 hash=c70d8e..7576ec
INFO [06-01|09:57:04.929] Unprotected transactions allowed
INFO [06-01|09:57:04.929] Gasprice oracle is ignoring threshold set threshold=2
INFO [06-01|09:57:04.930] Registered sync override service
WARN [06-01|09:57:04.930] You are running Geth in --dev mode. Please note the following:
WARN [06-01|09:57:04.930] 
WARN [06-01|09:57:04.930]   1. This mode is only intended for fast, iterative development without assumptions on
WARN [06-01|09:57:04.930]      security or persistence.
WARN [06-01|09:57:04.930]   2. The database is created in memory unless specified otherwise. Therefore, shutting down
WARN [06-01|09:57:04.930]      your computer or losing power will wipe your entire block data and chain state for
WARN [06-01|09:57:04.930]      your dev environment.
WARN [06-01|09:57:04.930]   3. A random, pre-allocated developer account will be available and unlocked as
WARN [06-01|09:57:04.930]      eth.coinbase, which can be used for testing. The random dev account is temporary,
WARN [06-01|09:57:04.930]      stored on a ramdisk, and will be lost if your machine is restarted.
WARN [06-01|09:57:04.930]   4. Mining is enabled by default. However, the client will only seal blocks if transactions
WARN [06-01|09:57:04.930]      are pending in the mempool. The miner's minimum accepted gas price is 1.
WARN [06-01|09:57:04.930]   5. Networking is disabled; there is no listen-address, the maximum number of peers is set
WARN [06-01|09:57:04.930]      to 0, and discovery is disabled.
WARN [06-01|09:57:04.930] 
INFO [06-01|09:57:04.930] Starting peer-to-peer node               instance=Geth/v1.17.3-unstable/linux-amd64/go1.24.9
WARN [06-01|09:57:04.930] P2P server will be useless, neither dialing nor listening
INFO [06-01|09:57:04.961] IPC endpoint opened                      url=/mnt/state_expiry_vol_data/ubt-vs-pbt-dbs/pbt/geth.ipc
ERROR[06-01|09:57:04.961] Unavailable modules in HTTP API list     unavailable=[personal] available="[admin debug web3 eth txpool miner net dev testing]"
INFO [06-01|09:57:04.961] New local node record                    seq=1,780,292,694,644 id=972c5cc0b2a1895c ip=127.0.0.1 udp=0 tcp=0
INFO [06-01|09:57:04.962] Started P2P networking                   self=enode://16ec6c0bde109d66472afe00ec8fee3d30718d830d1acf0829842abca89b82afff8a454636cde3b26d700f98647938c6f23e7bee3027caca0d7f19e4b3725e13@127.0.0.1:0
INFO [06-01|09:57:04.962] HTTP server started                      endpoint=127.0.0.1:8545 auth=false prefix= cors= vhosts=localhost
INFO [06-01|09:57:04.962] WebSocket enabled                        url=ws://127.0.0.1:8546
INFO [06-01|09:57:05.183] Loaded local transaction journal         transactions=2353 dropped=0
INFO [06-01|09:57:05.993] Started log indexer
INFO [06-01|09:57:06.037] Starting work on payload                 id=0x03f6f63316ccf3dd
INFO [06-01|09:57:06.042] Updated payload                          id=0x03f6f63316ccf3dd number=3081 hash=ce2c0b..3ef7f4 txs=0 withdrawals=0 gas=0 fees=0 root=bc59ac..86bc20 elapsed=4.402ms
INFO [06-01|09:57:06.042] Stopping work on payload                 id=0x03f6f63316ccf3dd reason=delivery
WARN [06-01|09:57:06.047] {"level":"warn","msg":"Slow block","block":{"number":3081,"hash":"0xce2c0b9d67cc1308bc6a5923e48baee16a05035550733f26bad0b50eb63ef7f4","gas_used":0,"tx_count":0},"timing":{"execution_ms":0.052636,"state_read_ms":3.633556,"state_hash_ms":0.002239,"commit_ms":0.217242,"total_ms":4.286567},"throughput":{"mgas_per_sec":0},"state_reads":{"accounts":4,"storage_slots":0,"code":0,"code_bytes":0},"state_writes":{"accounts":0,"accounts_deleted":0,"storage_slots":0,"storage_slots_deleted":0,"code":0,"code_bytes":0},"cache":{"account":{"hits":0,"misses":4,"hit_rate":0},"storage":{"hits":0,"misses":0,"hit_rate":0},"code":{"hits":0,"misses":0,"hit_rate":0,"hit_bytes":0,"miss_bytes":0}}}
INFO [06-01|09:57:06.047] Imported new potential chain segment     number=3081 hash=ce2c0b..3ef7f4 blocks=1 txs=0 mgas=0.000 elapsed=4.648ms mgasps=0.000 triediffs=1.88MiB triedirty=0.00B
INFO [06-01|09:57:06.047] Chain head was updated                   number=3081 hash=ce2c0b..3ef7f4 root=bc59ac..86bc20 elapsed="66.865µs"
INFO [06-01|09:57:07.053] Starting work on payload                 id=0x03afade9c984451b
INFO [06-01|09:57:07.062] Updated payload                          id=0x03afade9c984451b number=3082 hash=010e9c..9f8548 txs=0 withdrawals=0 gas=0 fees=0 root=bc59ac..86bc20 elapsed=9.194ms
INFO [06-01|09:57:07.065] Stopping work on payload                 id=0x03afade9c984451b reason=delivery
WARN [06-01|09:57:07.074] {"level":"warn","msg":"Slow block","block":{"number":3082,"hash":"0x010e9c24f09f9e3d2fc77dac2fbc3e4f53c3461d785d10b7787f92dc959f8548","gas_used":0,"tx_count":0},"timing":{"execution_ms":0.035497,"state_read_ms":11.3249,"state_hash_ms":0.002401,"commit_ms":0.205961,"total_ms":11.776913},"throughput":{"mgas_per_sec":0},"state_reads":{"accounts":4,"storage_slots":0,"code":0,"code_bytes":0},"state_writes":{"accounts":0,"accounts_deleted":0,"storage_slots":0,"storage_slots_deleted":0,"code":0,"code_bytes":0},"cache":{"account":{"hits":0,"misses":4,"hit_rate":0},"storage":{"hits":0,"misses":0,"hit_rate":0},"code":{"hits":0,"misses":0,"hit_rate":0,"hit_bytes":0,"miss_bytes":0}}}
INFO [06-01|09:57:07.074] Imported new potential chain segment     number=3082 hash=010e9c..9f8548 blocks=1 txs=0 mgas=0.000 elapsed=11.961ms   mgasps=0.000 triediffs=1.88MiB triedirty=0.00B
INFO [06-01|09:57:07.074] Chain head was updated                   number=3082 hash=010e9c..9f8548 root=bc59ac..86bc20 elapsed="32.083µs"
INFO [06-01|09:57:08.079] Starting work on payload                 id=0x03862074757adec4
INFO [06-01|09:57:08.096] Updated payload                          id=0x03862074757adec4 number=3083 hash=a32405..a1b38c txs=0 withdrawals=0 gas=0 fees=0 root=bc59ac..86bc20 elapsed=16.865ms
INFO [06-01|09:57:08.097] Stopping work on payload                 id=0x03862074757adec4 reason=delivery
WARN [06-01|09:57:08.100] {"level":"warn","msg":"Slow block","block":{"number":3083,"hash":"0xa32405321171e73ae86ed0e3663d4c1f7e44ea3568999a3960fc44307fa1b38c","gas_used":0,"tx_count":0},"timing":{"execution_ms":0.029249,"state_read_ms":3.728989,"state_hash_ms":0.001262,"commit_ms":0.094856,"total_ms":4.008227},"throughput":{"mgas_per_sec":0},"state_reads":{"accounts":4,"storage_slots":0,"code":0,"code_bytes":0},"state_writes":{"accounts":0,"accounts_deleted":0,"storage_slots":0,"storage_slots_deleted":0,"code":0,"code_bytes":0},"cache":{"account":{"hits":0,"misses":4,"hit_rate":0},"storage":{"hits":0,"misses":0,"hit_rate":0},"code":{"hits":0,"misses":0,"hit_rate":0,"hit_bytes":0,"miss_bytes":0}}}
INFO [06-01|09:57:08.100] Imported new potential chain segment     number=3083 hash=a32405..a1b38c blocks=1 txs=0 mgas=0.000 elapsed=4.172ms    mgasps=0.000 triediffs=1.88MiB triedirty=0.00B
INFO [06-01|09:57:08.100] Chain head was updated                   number=3083 hash=a32405..a1b38c root=bc59ac..86bc20 elapsed="37.807µs"
INFO [06-01|09:57:08.448] Submitted contract creation              hash=0xc741eea501d5184328b569ca441a01e1bba36c3f5c8ab5e1694ca778f12525e8 from=0xf39Fd6e51aad88F6F4ce6aB8827279cffFb92266 nonce=921 contract=0xDf795df2e0ad240a82d773DA01a812B96345F9C5 value=0
INFO [06-01|09:57:08.448] Submitted transaction                    hash=0x155955cd6cb2bdfec7f3460e4e910b2e05584aabb8de8d79f43455014ffe8f33 from=0xf39Fd6e51aad88F6F4ce6aB8827279cffFb92266 nonce=922 recipient=0x8C9774A73762EAea71768001a258b6074e896797 value=78,000,000
INFO [06-01|09:57:09.109] Starting work on payload                 id=0x035813e547be4860
INFO [06-01|09:57:09.171] Updated payload                          id=0x035813e547be4860 number=3084 hash=f0d8d8..ca43be txs=2 withdrawals=0 gas=91678 fees=5.50068e-13 root=e3c06a..92d504 elapsed=62.756ms
INFO [06-01|09:57:09.172] Stopping work on payload                 id=0x035813e547be4860 reason=delivery
INFO [06-01|09:57:09.196] Paused snapshot generation
WARN [06-01|09:57:09.196] {"level":"warn","msg":"Slow block","block":{"number":3084,"hash":"0xf0d8d8b611739d4e0c17fda7b57e4336c60c98f96337acdbe01dbfdd3eca43be","gas_used":91678,"tx_count":2},"timing":{"execution_ms":0.121478,"state_read_ms":3.270909,"state_hash_ms":16.418658,"commit_ms":4.356438,"total_ms":24.351093},"throughput":{"mgas_per_sec":3.7648412742705224},"state_reads":{"accounts":11,"storage_slots":0,"code":0,"code_bytes":0},"state_writes":{"accounts":3,"accounts_deleted":0,"storage_slots":0,"storage_slots_deleted":0,"code":1,"code_bytes":303},"cache":{"account":{"hits":6,"misses":5,"hit_rate":54.54545454545454},"storage":{"hits":0,"misses":0,"hit_rate":0},"code":{"hits":0,"misses":0,"hit_rate":0,"hit_bytes":0,"miss_bytes":0}}}
INFO [06-01|09:57:09.196] Imported new potential chain segment     number=3084 hash=f0d8d8..ca43be blocks=1 txs=2 mgas=0.092 elapsed=24.503ms   mgasps=3.741 triediffs=1.85MiB triedirty=0.00B
INFO [06-01|09:57:09.196] Chain head was updated                   number=3084 hash=f0d8d8..ca43be root=e3c06a..92d504 elapsed="154.531µs"
WARN [06-01|09:57:09.220] Snapshot generation is not permitted
INFO [06-01|09:57:09.460] Submitted transaction                    hash=0x51b06e18f8d5401cf9fe16e71cdc22e3d2db45122ce075e75dc75d5441265cae from=0x8C9774A73762EAea71768001a258b6074e896797 nonce=0   recipient=0xDf795df2e0ad240a82d773DA01a812B96345F9C5 value=0
INFO [06-01|09:57:10.219] Starting work on payload                 id=0x036e6f1a68444519
INFO [06-01|09:57:10.322] Updated payload                          id=0x036e6f1a68444519 number=3085 hash=450567..101b72 txs=1 withdrawals=0 gas=5,900,119 fees=3.5400714e-11 root=4c3a78..074b6b elapsed=103.644ms
INFO [06-01|09:57:10.323] Stopping work on payload                 id=0x036e6f1a68444519 reason=delivery
INFO [06-01|09:57:10.418] Paused snapshot generation
WARN [06-01|09:57:10.419] {"level":"warn","msg":"Slow block","block":{"number":3085,"hash":"0x4505674ef0ce73f97219584d1a86f521cc51ce1954690410e8809ff898101b72","gas_used":5900119,"tx_count":1},"timing":{"execution_ms":76.910479,"state_read_ms":15.493743,"state_hash_ms":2.488687,"commit_ms":0.951862,"total_ms":96.079407},"throughput":{"mgas_per_sec":61.40877826192246},"state_reads":{"accounts":8,"storage_slots":1397,"code":2,"code_bytes":331},"state_writes":{"accounts":2,"accounts_deleted":0,"storage_slots":0,"storage_slots_deleted":0,"code":0,"code_bytes":0},"cache":{"account":{"hits":3,"misses":5,"hit_rate":37.5},"storage":{"hits":290,"misses":1107,"hit_rate":20.758768790264853},"code":{"hits":2,"misses":0,"hit_rate":100,"hit_bytes":331,"miss_bytes":0}}}
INFO [06-01|09:57:10.419] Imported new potential chain segment     number=3085 hash=450567..101b72 blocks=1 txs=1 mgas=5.900 elapsed=96.280ms    mgasps=61.280 triediffs=1.85MiB triedirty=0.00B
INFO [06-01|09:57:10.419] Chain head was updated                   number=3085 hash=450567..101b72 root=4c3a78..074b6b elapsed="84.667µs"
WARN [06-01|09:57:10.447] Snapshot generation is not permitted
INFO [06-01|09:57:10.475] Submitted transaction                    hash=0x0f48aba301466b6bedd276f12fcabd7550f410848b790fcf5649975da6371452 from=0x8C9774A73762EAea71768001a258b6074e896797 nonce=1   recipient=0xf39Fd6e51aad88F6F4ce6aB8827279cffFb92266 value=1,046,453
INFO [06-01|09:57:11.423] Starting work on payload                 id=0x030c71de4fa9ae33
INFO [06-01|09:57:11.437] Updated payload                          id=0x030c71de4fa9ae33 number=3086 hash=30ef9c..c12fbc txs=1 withdrawals=0 gas=21000     fees=2.1e-14       root=5f2513..7ae730 elapsed=13.595ms
INFO [06-01|09:57:11.437] Stopping work on payload                 id=0x030c71de4fa9ae33 reason=delivery
INFO [06-01|09:57:11.445] Paused snapshot generation
WARN [06-01|09:57:11.446] {"level":"warn","msg":"Slow block","block":{"number":3086,"hash":"0x30ef9c3dac5abb01a796f95bff3284cd2ccae0ee6738d1349e13ce7440c12fbc","gas_used":21000,"tx_count":1},"timing":{"execution_ms":0.087047,"state_read_ms":4.505204,"state_hash_ms":2.876476,"commit_ms":0.568906,"total_ms":8.242331},"throughput":{"mgas_per_sec":2.547822939894066},"state_reads":{"accounts":6,"storage_slots":0,"code":0,"code_bytes":0},"state_writes":{"accounts":2,"accounts_deleted":0,"storage_slots":0,"storage_slots_deleted":0,"code":0,"code_bytes":0},"cache":{"account":{"hits":2,"misses":4,"hit_rate":33.33333333333333},"storage":{"hits":0,"misses":0,"hit_rate":0},"code":{"hits":0,"misses":0,"hit_rate":0,"hit_bytes":0,"miss_bytes":0}}}
INFO [06-01|09:57:11.446] Imported new potential chain segment     number=3086 hash=30ef9c..c12fbc blocks=1 txs=1 mgas=0.021 elapsed=8.365ms     mgasps=2.510  triediffs=1.84MiB triedirty=0.00B
INFO [06-01|09:57:11.446] Chain head was updated                   number=3086 hash=30ef9c..c12fbc root=5f2513..7ae730 elapsed="47.796µs"
WARN [06-01|09:57:11.467] Snapshot generation is not permitted
