WARN [06-01|09:59:31.835] Unknown config environment variable      envvar=GETH_PBT_BIN
WARN [06-01|09:59:31.835] Unknown config environment variable      envvar=GETH_UBT_BIN
INFO [06-01|09:59:31.847] Starting Geth on Ethereum mainnet...
INFO [06-01|09:59:31.849] Maximum peer count                       ETH=0 total=0
INFO [06-01|09:59:31.850] Smartcard socket not found, disabling    err="stat /run/pcscd/pcscd.comm: no such file or directory"
WARN [06-01|09:59:31.855] Option --miner.etherbase is deprecated as the etherbase is set by the consensus client post-merge
WARN [06-01|09:59:31.858] Snap sync requested, resetting --cache.snapshot
INFO [06-01|09:59:31.858] Set global gas cap                       cap=50,000,000
INFO [06-01|09:59:32.668] Using developer account                  address=0xf39Fd6e51aad88F6F4ce6aB8827279cffFb92266
INFO [06-01|09:59:32.708] Using pebble as the backing database
INFO [06-01|09:59:32.708] Allocated cache and file handles         database=/mnt/state_expiry_vol_data/ubt-vs-pbt-dbs/pbt/geth/chaindata cache=16.00MiB handles=262,144
INFO [06-01|09:59:32.915] Opened ancient database                  database=/mnt/state_expiry_vol_data/ubt-vs-pbt-dbs/pbt/geth/chaindata/ancient/chain readonly=true
INFO [06-01|09:59:32.915] Opened Era store                         datadir=/mnt/state_expiry_vol_data/ubt-vs-pbt-dbs/pbt/geth/chaindata/ancient/chain/era
INFO [06-01|09:59:32.921] Initializing the KZG library             backend=gokzg
INFO [06-01|09:59:32.923] Allocated trie memory caches             clean=0.00B dirty=0.00B
INFO [06-01|09:59:32.931] Using pebble as the backing database
INFO [06-01|09:59:32.931] Allocated cache and file handles         database=/mnt/state_expiry_vol_data/ubt-vs-pbt-dbs/pbt/geth/chaindata cache=16.00MiB handles=262,144
INFO [06-01|09:59:33.118] Opened ancient database                  database=/mnt/state_expiry_vol_data/ubt-vs-pbt-dbs/pbt/geth/chaindata/ancient/chain readonly=false
INFO [06-01|09:59:33.118] Opened Era store                         datadir=/mnt/state_expiry_vol_data/ubt-vs-pbt-dbs/pbt/geth/chaindata/ancient/chain/era
INFO [06-01|09:59:33.123] State scheme set to already existing     scheme=path
INFO [06-01|09:59:33.123] Initialising Ethereum protocol           network=1337 dbversion=9
INFO [06-01|09:59:33.123] Load database journal from file          path=/mnt/state_expiry_vol_data/ubt-vs-pbt-dbs/pbt/geth/triedb/verkle.journal
INFO [06-01|09:59:33.155] Opened ancient database                  database=/mnt/state_expiry_vol_data/ubt-vs-pbt-dbs/pbt/geth/chaindata/ancient/state_verkle readonly=false
INFO [06-01|09:59:33.158] State snapshot generator is not compatible
INFO [06-01|09:59:33.158] Initialized path database                triecache=0.00B statecache=0.00B buffer=0.00B state-history="last 90000 blocks" journal-dir=/mnt/state_expiry_vol_data/ubt-vs-pbt-dbs/pbt/geth/triedb verkle=true
INFO [06-01|09:59:33.158] 
INFO [06-01|09:59:33.158] ---------------------------------------------------------------------------------------------------------------------------------------------------------
INFO [06-01|09:59:33.158] Chain ID:  1337 (unknown)
INFO [06-01|09:59:33.158] Consensus: unknown
INFO [06-01|09:59:33.158] 
INFO [06-01|09:59:33.158] Pre-Merge hard forks (block based):
INFO [06-01|09:59:33.158]  - Homestead:                   #0       
INFO [06-01|09:59:33.158]  - Tangerine Whistle (EIP 150): #0       
INFO [06-01|09:59:33.158]  - Spurious Dragon/1 (EIP 155): #0       
INFO [06-01|09:59:33.158]  - Spurious Dragon/2 (EIP 158): #0       
INFO [06-01|09:59:33.158]  - Byzantium:                   #0       
INFO [06-01|09:59:33.158]  - Constantinople:              #0       
INFO [06-01|09:59:33.158]  - Petersburg:                  #0       
INFO [06-01|09:59:33.158]  - Istanbul:                    #0       
INFO [06-01|09:59:33.158]  - Berlin:                      #0       
INFO [06-01|09:59:33.158]  - London:                      #0       
INFO [06-01|09:59:33.158]  - Arrow Glacier:               #0       
INFO [06-01|09:59:33.158]  - Gray Glacier:                #0       
INFO [06-01|09:59:33.158] 
INFO [06-01|09:59:33.158] Merge configured:
INFO [06-01|09:59:33.158]  - Total terminal difficulty:  0
INFO [06-01|09:59:33.158]  - Merge netsplit block:       #0       
INFO [06-01|09:59:33.158] 
INFO [06-01|09:59:33.158] Post-Merge hard forks (timestamp based):
INFO [06-01|09:59:33.158]  - Shanghai:                    @0         
INFO [06-01|09:59:33.158]  - Cancun:                      @0          blob: (target: 3, max: 6, fraction: 3338477)
INFO [06-01|09:59:33.158]  - Prague:                      @0          blob: (target: 6, max: 9, fraction: 5007716)
INFO [06-01|09:59:33.158]  - Osaka:                       @0          blob: (target: 6, max: 9, fraction: 5007716)
INFO [06-01|09:59:33.158]  - UBT:                         @0          blob: (nil)
INFO [06-01|09:59:33.158] 
INFO [06-01|09:59:33.158] All fork specifications can be found at https://ethereum.github.io/execution-specs/src/ethereum/forks/
INFO [06-01|09:59:33.158] 
INFO [06-01|09:59:33.158] ---------------------------------------------------------------------------------------------------------------------------------------------------------
INFO [06-01|09:59:33.158] 
INFO [06-01|09:59:33.160] Loaded most recent local block           number=3174 hash=df5314..0c6421 age=3s
INFO [06-01|09:59:33.160] Loaded most recent local finalized block number=3168 hash=9629a5..bef842 age=13s
INFO [06-01|09:59:33.161] Initialized transaction indexer          range="last 2350000 blocks"
INFO [06-01|09:59:33.161] Initialized log indexer                  firstblock=0 lastblock=3174 firstmap=0 lastmap=0 headindexed=true
INFO [06-01|09:59:33.212] Enabled full-sync                        head=3174 hash=df5314..0c6421
INFO [06-01|09:59:33.212] Unprotected transactions allowed
INFO [06-01|09:59:33.212] Gasprice oracle is ignoring threshold set threshold=2
INFO [06-01|09:59:33.212] Registered sync override service
WARN [06-01|09:59:33.212] You are running Geth in --dev mode. Please note the following:
WARN [06-01|09:59:33.212] 
WARN [06-01|09:59:33.212]   1. This mode is only intended for fast, iterative development without assumptions on
WARN [06-01|09:59:33.212]      security or persistence.
WARN [06-01|09:59:33.212]   2. The database is created in memory unless specified otherwise. Therefore, shutting down
WARN [06-01|09:59:33.212]      your computer or losing power will wipe your entire block data and chain state for
WARN [06-01|09:59:33.212]      your dev environment.
WARN [06-01|09:59:33.212]   3. A random, pre-allocated developer account will be available and unlocked as
WARN [06-01|09:59:33.212]      eth.coinbase, which can be used for testing. The random dev account is temporary,
WARN [06-01|09:59:33.212]      stored on a ramdisk, and will be lost if your machine is restarted.
WARN [06-01|09:59:33.212]   4. Mining is enabled by default. However, the client will only seal blocks if transactions
WARN [06-01|09:59:33.212]      are pending in the mempool. The miner's minimum accepted gas price is 1.
WARN [06-01|09:59:33.212]   5. Networking is disabled; there is no listen-address, the maximum number of peers is set
WARN [06-01|09:59:33.212]      to 0, and discovery is disabled.
WARN [06-01|09:59:33.212] 
INFO [06-01|09:59:33.212] Starting peer-to-peer node               instance=Geth/v1.17.3-unstable/linux-amd64/go1.24.9
WARN [06-01|09:59:33.212] P2P server will be useless, neither dialing nor listening
INFO [06-01|09:59:33.236] IPC endpoint opened                      url=/mnt/state_expiry_vol_data/ubt-vs-pbt-dbs/pbt/geth.ipc
ERROR[06-01|09:59:33.236] Unavailable modules in HTTP API list     unavailable=[personal] available="[admin debug web3 eth txpool miner net dev testing]"
INFO [06-01|09:59:33.237] New local node record                    seq=1,780,292,694,659 id=972c5cc0b2a1895c ip=127.0.0.1 udp=0 tcp=0
INFO [06-01|09:59:33.237] Started P2P networking                   self=enode://16ec6c0bde109d66472afe00ec8fee3d30718d830d1acf0829842abca89b82afff8a454636cde3b26d700f98647938c6f23e7bee3027caca0d7f19e4b3725e13@127.0.0.1:0
INFO [06-01|09:59:33.237] HTTP server started                      endpoint=127.0.0.1:8545 auth=false prefix= cors= vhosts=localhost
INFO [06-01|09:59:33.237] WebSocket enabled                        url=ws://127.0.0.1:8546
INFO [06-01|09:59:33.479] Loaded local transaction journal         transactions=2413 dropped=0
INFO [06-01|09:59:34.324] Started log indexer
INFO [06-01|09:59:34.366] Starting work on payload                 id=0x03e1bdb645f273e9
INFO [06-01|09:59:34.369] Updated payload                          id=0x03e1bdb645f273e9 number=3175 hash=194ab5..8de402 txs=0 withdrawals=0 gas=0 fees=0 root=b37c80..6aa9c5 elapsed=2.954ms
INFO [06-01|09:59:34.369] Stopping work on payload                 id=0x03e1bdb645f273e9 reason=delivery
WARN [06-01|09:59:34.372] {"level":"warn","msg":"Slow block","block":{"number":3175,"hash":"0x194ab5c12ae935bdc09e9d05e2cdaa5e007b83b2c7bcdf6c8267f3aca28de402","gas_used":0,"tx_count":0},"timing":{"execution_ms":0.046943,"state_read_ms":2.852635,"state_hash_ms":0.00137,"commit_ms":0.155867,"total_ms":3.278165},"throughput":{"mgas_per_sec":0},"state_reads":{"accounts":4,"storage_slots":0,"code":0,"code_bytes":0},"state_writes":{"accounts":0,"accounts_deleted":0,"storage_slots":0,"storage_slots_deleted":0,"code":0,"code_bytes":0},"cache":{"account":{"hits":0,"misses":4,"hit_rate":0},"storage":{"hits":0,"misses":0,"hit_rate":0},"code":{"hits":0,"misses":0,"hit_rate":0,"hit_bytes":0,"miss_bytes":0}}}
INFO [06-01|09:59:34.372] Imported new potential chain segment     number=3175 hash=194ab5..8de402 blocks=1 txs=0 mgas=0.000 elapsed=3.531ms mgasps=0.000 triediffs=1.54MiB triedirty=0.00B
INFO [06-01|09:59:34.373] Chain head was updated                   number=3175 hash=194ab5..8de402 root=b37c80..6aa9c5 elapsed="62.395µs"
INFO [06-01|09:59:35.380] Starting work on payload                 id=0x03baad9ccdc0c519
INFO [06-01|09:59:35.390] Updated payload                          id=0x03baad9ccdc0c519 number=3176 hash=648053..392b52 txs=0 withdrawals=0 gas=0 fees=0 root=b37c80..6aa9c5 elapsed=10.043ms
INFO [06-01|09:59:35.392] Stopping work on payload                 id=0x03baad9ccdc0c519 reason=delivery
WARN [06-01|09:59:35.397] {"level":"warn","msg":"Slow block","block":{"number":3176,"hash":"0x6480533815a2c94f8e09c9b53da385fe13b630b6ff71797dacdf00d769392b52","gas_used":0,"tx_count":0},"timing":{"execution_ms":0.129564,"state_read_ms":5.817104,"state_hash_ms":0.002849,"commit_ms":0.171395,"total_ms":6.475128},"throughput":{"mgas_per_sec":0},"state_reads":{"accounts":4,"storage_slots":0,"code":0,"code_bytes":0},"state_writes":{"accounts":0,"accounts_deleted":0,"storage_slots":0,"storage_slots_deleted":0,"code":0,"code_bytes":0},"cache":{"account":{"hits":0,"misses":4,"hit_rate":0},"storage":{"hits":0,"misses":0,"hit_rate":0},"code":{"hits":0,"misses":0,"hit_rate":0,"hit_bytes":0,"miss_bytes":0}}}
INFO [06-01|09:59:35.397] Imported new potential chain segment     number=3176 hash=648053..392b52 blocks=1 txs=0 mgas=0.000 elapsed=6.726ms    mgasps=0.000 triediffs=1.54MiB triedirty=0.00B
INFO [06-01|09:59:35.398] Chain head was updated                   number=3176 hash=648053..392b52 root=b37c80..6aa9c5 elapsed="48.104µs"
INFO [06-01|09:59:36.422] Starting work on payload                 id=0x03abd0cf15cdfd00
INFO [06-01|09:59:36.425] Updated payload                          id=0x03abd0cf15cdfd00 number=3177 hash=0e4191..2ec109 txs=0 withdrawals=0 gas=0 fees=0 root=b37c80..6aa9c5 elapsed=2.912ms
INFO [06-01|09:59:36.425] Stopping work on payload                 id=0x03abd0cf15cdfd00 reason=delivery
WARN [06-01|09:59:36.440] {"level":"warn","msg":"Slow block","block":{"number":3177,"hash":"0x0e41917ac641da05f94a8a23dd32aad62dbfa6af4299e8e22ed6699fb62ec109","gas_used":0,"tx_count":0},"timing":{"execution_ms":0.020368,"state_read_ms":14.06608,"state_hash_ms":0.001453,"commit_ms":0.109699,"total_ms":14.340643},"throughput":{"mgas_per_sec":0},"state_reads":{"accounts":4,"storage_slots":0,"code":0,"code_bytes":0},"state_writes":{"accounts":0,"accounts_deleted":0,"storage_slots":0,"storage_slots_deleted":0,"code":0,"code_bytes":0},"cache":{"account":{"hits":0,"misses":4,"hit_rate":0},"storage":{"hits":0,"misses":0,"hit_rate":0},"code":{"hits":0,"misses":0,"hit_rate":0,"hit_bytes":0,"miss_bytes":0}}}
INFO [06-01|09:59:36.440] Imported new potential chain segment     number=3177 hash=0e4191..2ec109 blocks=1 txs=0 mgas=0.000 elapsed=14.479ms   mgasps=0.000 triediffs=1.54MiB triedirty=0.00B
INFO [06-01|09:59:36.440] Chain head was updated                   number=3177 hash=0e4191..2ec109 root=b37c80..6aa9c5 elapsed="31.045µs"
INFO [06-01|09:59:36.786] Submitted contract creation              hash=0x51da46e23b088602fea3d9713b618246ab1f6e350ea6cb4c83689f09da5d17b4 from=0xf39Fd6e51aad88F6F4ce6aB8827279cffFb92266 nonce=951 contract=0x7c77704007C9996Ee591C516f7319828BA49d91E value=0
INFO [06-01|09:59:36.787] Submitted transaction                    hash=0x873b4c1b73c827af2707d4da12229e5e126fe88085515e9aef8f05eded537b65 from=0xf39Fd6e51aad88F6F4ce6aB8827279cffFb92266 nonce=952 recipient=0x997Cb3c800e34E1108F3CE63b9b275B932dCcBaF value=78,000,000
INFO [06-01|09:59:37.455] Starting work on payload                 id=0x0300400e683c6471
INFO [06-01|09:59:37.483] Updated payload                          id=0x0300400e683c6471 number=3178 hash=42a862..36839c txs=2 withdrawals=0 gas=91710 fees=5.5026e-13 root=23f583..564c10 elapsed=27.957ms
INFO [06-01|09:59:37.483] Stopping work on payload                 id=0x0300400e683c6471 reason=delivery
INFO [06-01|09:59:37.512] Paused snapshot generation
WARN [06-01|09:59:37.512] {"level":"warn","msg":"Slow block","block":{"number":3178,"hash":"0x42a86213d94bc81bda6a7644948efd5e37f85cc21def2dcd48ccfd890636839c","gas_used":91710,"tx_count":2},"timing":{"execution_ms":0.10333,"state_read_ms":21.774432,"state_hash_ms":2.640096,"commit_ms":4.530893,"total_ms":29.214517},"throughput":{"mgas_per_sec":3.1391927513297584},"state_reads":{"accounts":11,"storage_slots":0,"code":0,"code_bytes":0},"state_writes":{"accounts":3,"accounts_deleted":0,"storage_slots":0,"storage_slots_deleted":0,"code":1,"code_bytes":305},"cache":{"account":{"hits":5,"misses":6,"hit_rate":45.45454545454545},"storage":{"hits":0,"misses":0,"hit_rate":0},"code":{"hits":0,"misses":0,"hit_rate":0,"hit_bytes":0,"miss_bytes":0}}}
INFO [06-01|09:59:37.512] Imported new potential chain segment     number=3178 hash=42a862..36839c blocks=1 txs=2 mgas=0.092 elapsed=29.363ms   mgasps=3.123 triediffs=1.52MiB triedirty=0.00B
INFO [06-01|09:59:37.513] Chain head was updated                   number=3178 hash=42a862..36839c root=23f583..564c10 elapsed="155.339µs"
WARN [06-01|09:59:37.533] Snapshot generation is not permitted
INFO [06-01|09:59:37.798] Submitted transaction                    hash=0xa8fa28bd4a7ac0eee7d2b3f1f50d5cab5888d27f130d6d5524f91fbbb777b90d from=0x997Cb3c800e34E1108F3CE63b9b275B932dCcBaF nonce=0   recipient=0x7c77704007C9996Ee591C516f7319828BA49d91E value=0
INFO [06-01|09:59:38.516] Starting work on payload                 id=0x030131f2a514f171
INFO [06-01|09:59:38.623] Updated payload                          id=0x030131f2a514f171 number=3179 hash=35d69a..d4a195 txs=1 withdrawals=0 gas=5,900,601 fees=3.5403606e-11 root=bfc0df..ce1d18 elapsed=106.913ms
INFO [06-01|09:59:38.624] Stopping work on payload                 id=0x030131f2a514f171 reason=delivery
INFO [06-01|09:59:38.710] Paused snapshot generation
WARN [06-01|09:59:38.711] {"level":"warn","msg":"Slow block","block":{"number":3179,"hash":"0x35d69a0b830063f139be75a0f3b7da0adb090503cca7eadba0b22ffdcbd4a195","gas_used":5900601,"tx_count":1},"timing":{"execution_ms":68.476622,"state_read_ms":14.573995,"state_hash_ms":2.788649,"commit_ms":0.698141,"total_ms":86.710525},"throughput":{"mgas_per_sec":68.04942075947528},"state_reads":{"accounts":17,"storage_slots":1396,"code":11,"code_bytes":585},"state_writes":{"accounts":2,"accounts_deleted":0,"storage_slots":0,"storage_slots_deleted":0,"code":0,"code_bytes":0},"cache":{"account":{"hits":5,"misses":12,"hit_rate":29.411764705882355},"storage":{"hits":121,"misses":1275,"hit_rate":8.667621776504298},"code":{"hits":11,"misses":0,"hit_rate":100,"hit_bytes":585,"miss_bytes":0}}}
INFO [06-01|09:59:38.711] Imported new potential chain segment     number=3179 hash=35d69a..d4a195 blocks=1 txs=1 mgas=5.901 elapsed=86.953ms    mgasps=67.859 triediffs=1.52MiB triedirty=0.00B
INFO [06-01|09:59:38.711] Chain head was updated                   number=3179 hash=35d69a..d4a195 root=bfc0df..ce1d18 elapsed="110.264µs"
WARN [06-01|09:59:38.741] Snapshot generation is not permitted
INFO [06-01|09:59:38.812] Submitted transaction                    hash=0x2d563614f666e15c00a13581bc80a27c9fc5707268815a098199fb541a24f876 from=0x997Cb3c800e34E1108F3CE63b9b275B932dCcBaF nonce=1   recipient=0xf39Fd6e51aad88F6F4ce6aB8827279cffFb92266 value=1,040,187
INFO [06-01|09:59:39.717] Starting work on payload                 id=0x034799f2a519fadf
INFO [06-01|09:59:39.746] Updated payload                          id=0x034799f2a519fadf number=3180 hash=570518..546248 txs=1 withdrawals=0 gas=21000     fees=2.1e-14       root=cac5bd..ee6606 elapsed=29.348ms
INFO [06-01|09:59:39.746] Stopping work on payload                 id=0x034799f2a519fadf reason=delivery
INFO [06-01|09:59:39.779] Paused snapshot generation
WARN [06-01|09:59:39.780] {"level":"warn","msg":"Slow block","block":{"number":3180,"hash":"0x570518826fca0418fe0bdba75a1c825d6bbcddd435b807a4f2248bedc0546248","gas_used":21000,"tx_count":1},"timing":{"execution_ms":0.089639,"state_read_ms":15.895989,"state_hash_ms":16.073211,"commit_ms":0.755327,"total_ms":32.999502},"throughput":{"mgas_per_sec":0.6363732398143462},"state_reads":{"accounts":6,"storage_slots":0,"code":0,"code_bytes":0},"state_writes":{"accounts":2,"accounts_deleted":0,"storage_slots":0,"storage_slots_deleted":0,"code":0,"code_bytes":0},"cache":{"account":{"hits":2,"misses":4,"hit_rate":33.33333333333333},"storage":{"hits":0,"misses":0,"hit_rate":0},"code":{"hits":0,"misses":0,"hit_rate":0,"hit_bytes":0,"miss_bytes":0}}}
INFO [06-01|09:59:39.780] Imported new potential chain segment     number=3180 hash=570518..546248 blocks=1 txs=1 mgas=0.021 elapsed=33.184ms    mgasps=0.633  triediffs=1.51MiB triedirty=0.00B
INFO [06-01|09:59:39.780] Chain head was updated                   number=3180 hash=570518..546248 root=cac5bd..ee6606 elapsed="52.428µs"
WARN [06-01|09:59:39.798] Snapshot generation is not permitted
