WARN [06-01|09:58:23.548] Unknown config environment variable      envvar=GETH_PBT_BIN
WARN [06-01|09:58:23.548] Unknown config environment variable      envvar=GETH_UBT_BIN
INFO [06-01|09:58:23.561] Starting Geth on Ethereum mainnet...
INFO [06-01|09:58:23.562] Maximum peer count                       ETH=0 total=0
INFO [06-01|09:58:23.564] Smartcard socket not found, disabling    err="stat /run/pcscd/pcscd.comm: no such file or directory"
WARN [06-01|09:58:23.569] Option --miner.etherbase is deprecated as the etherbase is set by the consensus client post-merge
WARN [06-01|09:58:23.571] Snap sync requested, resetting --cache.snapshot
INFO [06-01|09:58:23.572] Set global gas cap                       cap=50,000,000
INFO [06-01|09:58:24.382] Using developer account                  address=0xf39Fd6e51aad88F6F4ce6aB8827279cffFb92266
INFO [06-01|09:58:24.420] Using pebble as the backing database
INFO [06-01|09:58:24.420] Allocated cache and file handles         database=/mnt/state_expiry_vol_data/ubt-vs-pbt-dbs/pbt/geth/chaindata cache=16.00MiB handles=262,144
INFO [06-01|09:58:24.629] Opened ancient database                  database=/mnt/state_expiry_vol_data/ubt-vs-pbt-dbs/pbt/geth/chaindata/ancient/chain readonly=true
INFO [06-01|09:58:24.629] Opened Era store                         datadir=/mnt/state_expiry_vol_data/ubt-vs-pbt-dbs/pbt/geth/chaindata/ancient/chain/era
INFO [06-01|09:58:24.637] Initializing the KZG library             backend=gokzg
INFO [06-01|09:58:24.638] Allocated trie memory caches             clean=0.00B dirty=0.00B
INFO [06-01|09:58:24.648] Using pebble as the backing database
INFO [06-01|09:58:24.648] Allocated cache and file handles         database=/mnt/state_expiry_vol_data/ubt-vs-pbt-dbs/pbt/geth/chaindata cache=16.00MiB handles=262,144
INFO [06-01|09:58:24.837] Opened ancient database                  database=/mnt/state_expiry_vol_data/ubt-vs-pbt-dbs/pbt/geth/chaindata/ancient/chain readonly=false
INFO [06-01|09:58:24.838] Opened Era store                         datadir=/mnt/state_expiry_vol_data/ubt-vs-pbt-dbs/pbt/geth/chaindata/ancient/chain/era
INFO [06-01|09:58:24.842] State scheme set to already existing     scheme=path
INFO [06-01|09:58:24.843] Initialising Ethereum protocol           network=1337 dbversion=9
INFO [06-01|09:58:24.843] Load database journal from file          path=/mnt/state_expiry_vol_data/ubt-vs-pbt-dbs/pbt/geth/triedb/verkle.journal
INFO [06-01|09:58:24.907] Opened ancient database                  database=/mnt/state_expiry_vol_data/ubt-vs-pbt-dbs/pbt/geth/chaindata/ancient/state_verkle readonly=false
INFO [06-01|09:58:24.909] State snapshot generator is not compatible
INFO [06-01|09:58:24.909] Initialized path database                triecache=0.00B statecache=0.00B buffer=0.00B state-history="last 90000 blocks" journal-dir=/mnt/state_expiry_vol_data/ubt-vs-pbt-dbs/pbt/geth/triedb verkle=true
INFO [06-01|09:58:24.909] 
INFO [06-01|09:58:24.909] ---------------------------------------------------------------------------------------------------------------------------------------------------------
INFO [06-01|09:58:24.909] Chain ID:  1337 (unknown)
INFO [06-01|09:58:24.909] Consensus: unknown
INFO [06-01|09:58:24.909] 
INFO [06-01|09:58:24.909] Pre-Merge hard forks (block based):
INFO [06-01|09:58:24.909]  - Homestead:                   #0       
INFO [06-01|09:58:24.909]  - Tangerine Whistle (EIP 150): #0       
INFO [06-01|09:58:24.909]  - Spurious Dragon/1 (EIP 155): #0       
INFO [06-01|09:58:24.909]  - Spurious Dragon/2 (EIP 158): #0       
INFO [06-01|09:58:24.909]  - Byzantium:                   #0       
INFO [06-01|09:58:24.909]  - Constantinople:              #0       
INFO [06-01|09:58:24.909]  - Petersburg:                  #0       
INFO [06-01|09:58:24.909]  - Istanbul:                    #0       
INFO [06-01|09:58:24.909]  - Berlin:                      #0       
INFO [06-01|09:58:24.909]  - London:                      #0       
INFO [06-01|09:58:24.909]  - Arrow Glacier:               #0       
INFO [06-01|09:58:24.909]  - Gray Glacier:                #0       
INFO [06-01|09:58:24.909] 
INFO [06-01|09:58:24.909] Merge configured:
INFO [06-01|09:58:24.909]  - Total terminal difficulty:  0
INFO [06-01|09:58:24.909]  - Merge netsplit block:       #0       
INFO [06-01|09:58:24.909] 
INFO [06-01|09:58:24.909] Post-Merge hard forks (timestamp based):
INFO [06-01|09:58:24.909]  - Shanghai:                    @0         
INFO [06-01|09:58:24.909]  - Cancun:                      @0          blob: (target: 3, max: 6, fraction: 3338477)
INFO [06-01|09:58:24.909]  - Prague:                      @0          blob: (target: 6, max: 9, fraction: 5007716)
INFO [06-01|09:58:24.909]  - Osaka:                       @0          blob: (target: 6, max: 9, fraction: 5007716)
INFO [06-01|09:58:24.909]  - UBT:                         @0          blob: (nil)
INFO [06-01|09:58:24.909] 
INFO [06-01|09:58:24.909] All fork specifications can be found at https://ethereum.github.io/execution-specs/src/ethereum/forks/
INFO [06-01|09:58:24.909] 
INFO [06-01|09:58:24.909] ---------------------------------------------------------------------------------------------------------------------------------------------------------
INFO [06-01|09:58:24.909] 
INFO [06-01|09:58:24.911] Loaded most recent local block           number=3131 hash=00532b..a27dd3 age=3s
INFO [06-01|09:58:24.911] Loaded most recent local finalized block number=3104 hash=956d3d..fab775 age=44s
INFO [06-01|09:58:24.912] Initialized transaction indexer          range="last 2350000 blocks"
INFO [06-01|09:58:24.912] Initialized log indexer                  firstblock=0 lastblock=3131 firstmap=0 lastmap=0 headindexed=true
INFO [06-01|09:58:24.957] Enabled full-sync                        head=3131 hash=00532b..a27dd3
INFO [06-01|09:58:24.957] Unprotected transactions allowed
INFO [06-01|09:58:24.957] Gasprice oracle is ignoring threshold set threshold=2
INFO [06-01|09:58:24.958] Registered sync override service
WARN [06-01|09:58:24.958] You are running Geth in --dev mode. Please note the following:
WARN [06-01|09:58:24.958] 
WARN [06-01|09:58:24.958]   1. This mode is only intended for fast, iterative development without assumptions on
WARN [06-01|09:58:24.958]      security or persistence.
WARN [06-01|09:58:24.958]   2. The database is created in memory unless specified otherwise. Therefore, shutting down
WARN [06-01|09:58:24.958]      your computer or losing power will wipe your entire block data and chain state for
WARN [06-01|09:58:24.958]      your dev environment.
WARN [06-01|09:58:24.958]   3. A random, pre-allocated developer account will be available and unlocked as
WARN [06-01|09:58:24.958]      eth.coinbase, which can be used for testing. The random dev account is temporary,
WARN [06-01|09:58:24.958]      stored on a ramdisk, and will be lost if your machine is restarted.
WARN [06-01|09:58:24.958]   4. Mining is enabled by default. However, the client will only seal blocks if transactions
WARN [06-01|09:58:24.958]      are pending in the mempool. The miner's minimum accepted gas price is 1.
WARN [06-01|09:58:24.958]   5. Networking is disabled; there is no listen-address, the maximum number of peers is set
WARN [06-01|09:58:24.958]      to 0, and discovery is disabled.
WARN [06-01|09:58:24.958] 
INFO [06-01|09:58:24.958] Starting peer-to-peer node               instance=Geth/v1.17.3-unstable/linux-amd64/go1.24.9
WARN [06-01|09:58:24.958] P2P server will be useless, neither dialing nor listening
INFO [06-01|09:58:24.985] New local node record                    seq=1,780,292,694,652 id=972c5cc0b2a1895c ip=127.0.0.1 udp=0 tcp=0
INFO [06-01|09:58:24.985] Started P2P networking                   self=enode://16ec6c0bde109d66472afe00ec8fee3d30718d830d1acf0829842abca89b82afff8a454636cde3b26d700f98647938c6f23e7bee3027caca0d7f19e4b3725e13@127.0.0.1:0
INFO [06-01|09:58:24.986] IPC endpoint opened                      url=/mnt/state_expiry_vol_data/ubt-vs-pbt-dbs/pbt/geth.ipc
ERROR[06-01|09:58:24.986] Unavailable modules in HTTP API list     unavailable=[personal] available="[admin debug web3 eth txpool miner net dev testing]"
INFO [06-01|09:58:24.986] HTTP server started                      endpoint=127.0.0.1:8545 auth=false prefix= cors= vhosts=localhost
INFO [06-01|09:58:24.986] WebSocket enabled                        url=ws://127.0.0.1:8546
INFO [06-01|09:58:25.211] Loaded local transaction journal         transactions=2385 dropped=0
INFO [06-01|09:58:25.999] Started log indexer
INFO [06-01|09:58:26.040] Starting work on payload                 id=0x0350d1b7faa78db4
INFO [06-01|09:58:26.045] Updated payload                          id=0x0350d1b7faa78db4 number=3132 hash=d6a2cf..29abc2 txs=0 withdrawals=0 gas=0 fees=0 root=4779ca..566724 elapsed=4.011ms
INFO [06-01|09:58:26.045] Stopping work on payload                 id=0x0350d1b7faa78db4 reason=delivery
WARN [06-01|09:58:26.048] {"level":"warn","msg":"Slow block","block":{"number":3132,"hash":"0xd6a2cf92a117d712b7e0cdad3f26c0e9f83b1ea65672d0ddfb4409512229abc2","gas_used":0,"tx_count":0},"timing":{"execution_ms":0.053314,"state_read_ms":3.065687,"state_hash_ms":0.001286,"commit_ms":0.139139,"total_ms":3.477176},"throughput":{"mgas_per_sec":0},"state_reads":{"accounts":4,"storage_slots":0,"code":0,"code_bytes":0},"state_writes":{"accounts":0,"accounts_deleted":0,"storage_slots":0,"storage_slots_deleted":0,"code":0,"code_bytes":0},"cache":{"account":{"hits":0,"misses":4,"hit_rate":0},"storage":{"hits":0,"misses":0,"hit_rate":0},"code":{"hits":0,"misses":0,"hit_rate":0,"hit_bytes":0,"miss_bytes":0}}}
INFO [06-01|09:58:26.049] Imported new potential chain segment     number=3132 hash=d6a2cf..29abc2 blocks=1 txs=0 mgas=0.000 elapsed=3.812ms mgasps=0.000 triediffs=1.66MiB triedirty=0.00B
INFO [06-01|09:58:26.049] Chain head was updated                   number=3132 hash=d6a2cf..29abc2 root=4779ca..566724 elapsed="48.762µs"
INFO [06-01|09:58:27.058] Starting work on payload                 id=0x0300f5641fedbe21
INFO [06-01|09:58:27.061] Updated payload                          id=0x0300f5641fedbe21 number=3133 hash=8a9932..6f26c6 txs=0 withdrawals=0 gas=0 fees=0 root=4779ca..566724 elapsed=3.721ms
INFO [06-01|09:58:27.062] Stopping work on payload                 id=0x0300f5641fedbe21 reason=delivery
WARN [06-01|09:58:27.065] {"level":"warn","msg":"Slow block","block":{"number":3133,"hash":"0x8a9932fbdb24c365356fd297c76b3c1efd0ba7dbb4ea8ad845aa07735e6f26c6","gas_used":0,"tx_count":0},"timing":{"execution_ms":0.050612,"state_read_ms":3.011337,"state_hash_ms":0.004268,"commit_ms":0.205359,"total_ms":3.422362},"throughput":{"mgas_per_sec":0},"state_reads":{"accounts":4,"storage_slots":0,"code":0,"code_bytes":0},"state_writes":{"accounts":0,"accounts_deleted":0,"storage_slots":0,"storage_slots_deleted":0,"code":0,"code_bytes":0},"cache":{"account":{"hits":0,"misses":4,"hit_rate":0},"storage":{"hits":0,"misses":0,"hit_rate":0},"code":{"hits":0,"misses":0,"hit_rate":0,"hit_bytes":0,"miss_bytes":0}}}
INFO [06-01|09:58:27.065] Imported new potential chain segment     number=3133 hash=8a9932..6f26c6 blocks=1 txs=0 mgas=0.000 elapsed=3.608ms    mgasps=0.000 triediffs=1.66MiB triedirty=0.00B
INFO [06-01|09:58:27.065] Chain head was updated                   number=3133 hash=8a9932..6f26c6 root=4779ca..566724 elapsed="59.597µs"
INFO [06-01|09:58:28.090] Starting work on payload                 id=0x034cfdfbb7996f85
INFO [06-01|09:58:28.099] Updated payload                          id=0x034cfdfbb7996f85 number=3134 hash=4bd7fe..387c25 txs=0 withdrawals=0 gas=0 fees=0 root=4779ca..566724 elapsed=8.403ms
INFO [06-01|09:58:28.099] Stopping work on payload                 id=0x034cfdfbb7996f85 reason=delivery
WARN [06-01|09:58:28.113] {"level":"warn","msg":"Slow block","block":{"number":3134,"hash":"0x4bd7fe52335517d3447df5c2b68d296c45af5cec317bfa6669d7e4d208387c25","gas_used":0,"tx_count":0},"timing":{"execution_ms":0.026628,"state_read_ms":13.987258,"state_hash_ms":0.001747,"commit_ms":0.196879,"total_ms":14.348144},"throughput":{"mgas_per_sec":0},"state_reads":{"accounts":4,"storage_slots":0,"code":0,"code_bytes":0},"state_writes":{"accounts":0,"accounts_deleted":0,"storage_slots":0,"storage_slots_deleted":0,"code":0,"code_bytes":0},"cache":{"account":{"hits":0,"misses":4,"hit_rate":0},"storage":{"hits":0,"misses":0,"hit_rate":0},"code":{"hits":0,"misses":0,"hit_rate":0,"hit_bytes":0,"miss_bytes":0}}}
INFO [06-01|09:58:28.113] Imported new potential chain segment     number=3134 hash=4bd7fe..387c25 blocks=1 txs=0 mgas=0.000 elapsed=14.511ms   mgasps=0.000 triediffs=1.66MiB triedirty=0.00B
INFO [06-01|09:58:28.114] Chain head was updated                   number=3134 hash=4bd7fe..387c25 root=4779ca..566724 elapsed="35.364µs"
INFO [06-01|09:58:28.450] Submitted contract creation              hash=0x41abca5df1cb577017a7adc92c0dac3dea9329e4d3811d56f8ae2791dc41e8c5 from=0xf39Fd6e51aad88F6F4ce6aB8827279cffFb92266 nonce=937 contract=0x7722f5d7964a04672761cdfdC7c17B7Ac8f197b7 value=0
INFO [06-01|09:58:28.451] Submitted transaction                    hash=0x11ef1363936009c0973cde6006cf3ccc9694e05fcaa52765e7db2c18c5911b24 from=0xf39Fd6e51aad88F6F4ce6aB8827279cffFb92266 nonce=938 recipient=0x39AA6b47877a27546c457234CC7819973Fb62DA2 value=78,000,000
INFO [06-01|09:58:29.118] Starting work on payload                 id=0x03dc36c46d4daeb7
INFO [06-01|09:58:29.144] Updated payload                          id=0x03dc36c46d4daeb7 number=3135 hash=7b71a5..957504 txs=2 withdrawals=0 gas=91710 fees=5.5026e-13 root=0cf996..ce7087 elapsed=25.393ms
INFO [06-01|09:58:29.144] Stopping work on payload                 id=0x03dc36c46d4daeb7 reason=delivery
INFO [06-01|09:58:29.177] Paused snapshot generation
WARN [06-01|09:58:29.177] {"level":"warn","msg":"Slow block","block":{"number":3135,"hash":"0x7b71a5d850d2ad1c284174f7a35ee9d618206ec90cafb413c0bc7c3c5e957504","gas_used":91710,"tx_count":2},"timing":{"execution_ms":0.136908,"state_read_ms":24.505842,"state_hash_ms":2.855232,"commit_ms":5.406159,"total_ms":33.114539},"throughput":{"mgas_per_sec":2.7694783853098484},"state_reads":{"accounts":11,"storage_slots":0,"code":0,"code_bytes":0},"state_writes":{"accounts":3,"accounts_deleted":0,"storage_slots":0,"storage_slots_deleted":0,"code":1,"code_bytes":305},"cache":{"account":{"hits":5,"misses":6,"hit_rate":45.45454545454545},"storage":{"hits":0,"misses":0,"hit_rate":0},"code":{"hits":0,"misses":0,"hit_rate":0,"hit_bytes":0,"miss_bytes":0}}}
INFO [06-01|09:58:29.177] Imported new potential chain segment     number=3135 hash=7b71a5..957504 blocks=1 txs=2 mgas=0.092 elapsed=33.392ms   mgasps=2.746 triediffs=1.65MiB triedirty=0.00B
INFO [06-01|09:58:29.178] Chain head was updated                   number=3135 hash=7b71a5..957504 root=0cf996..ce7087 elapsed="160.489µs"
WARN [06-01|09:58:29.199] Snapshot generation is not permitted
INFO [06-01|09:58:29.464] Submitted transaction                    hash=0xa4d568d47f76dbc77bb9f17173ac4b113200a6a01d6b316bbfa9c1e50cd1e16f from=0x39AA6b47877a27546c457234CC7819973Fb62DA2 nonce=0   recipient=0x7722f5d7964a04672761cdfdC7c17B7Ac8f197b7 value=0
INFO [06-01|09:58:30.182] Starting work on payload                 id=0x030f40238da0d3c5
INFO [06-01|09:58:30.281] Updated payload                          id=0x030f40238da0d3c5 number=3136 hash=c09c17..ff113f txs=1 withdrawals=0 gas=5,900,601 fees=3.5403606e-11 root=322eef..cbc76e elapsed=98.689ms
INFO [06-01|09:58:30.281] Stopping work on payload                 id=0x030f40238da0d3c5 reason=delivery
INFO [06-01|09:58:30.371] Paused snapshot generation
WARN [06-01|09:58:30.371] {"level":"warn","msg":"Slow block","block":{"number":3136,"hash":"0xc09c17b1d3f1b549104e99628497fbdc497b2eae5a8fa7e3003dcde0f6ff113f","gas_used":5900601,"tx_count":1},"timing":{"execution_ms":73.967123,"state_read_ms":12.116286,"state_hash_ms":2.540754,"commit_ms":0.731707,"total_ms":89.514701},"throughput":{"mgas_per_sec":65.9176753548001},"state_reads":{"accounts":17,"storage_slots":1396,"code":11,"code_bytes":585},"state_writes":{"accounts":2,"accounts_deleted":0,"storage_slots":0,"storage_slots_deleted":0,"code":0,"code_bytes":0},"cache":{"account":{"hits":6,"misses":11,"hit_rate":35.294117647058826},"storage":{"hits":1123,"misses":273,"hit_rate":80.44412607449857},"code":{"hits":11,"misses":0,"hit_rate":100,"hit_bytes":585,"miss_bytes":0}}}
INFO [06-01|09:58:30.371] Imported new potential chain segment     number=3136 hash=c09c17..ff113f blocks=1 txs=1 mgas=5.901 elapsed=89.736ms    mgasps=65.755 triediffs=1.65MiB triedirty=0.00B
INFO [06-01|09:58:30.371] Chain head was updated                   number=3136 hash=c09c17..ff113f root=322eef..cbc76e elapsed="140.093µs"
WARN [06-01|09:58:30.399] Snapshot generation is not permitted
INFO [06-01|09:58:30.476] Submitted transaction                    hash=0xaed105e00c4687bb602e65979ce756b854b173a386da2e9b36dda6e7606697ef from=0x39AA6b47877a27546c457234CC7819973Fb62DA2 nonce=1   recipient=0xf39Fd6e51aad88F6F4ce6aB8827279cffFb92266 value=1,040,187
INFO [06-01|09:58:31.377] Starting work on payload                 id=0x03303ee81226621a
INFO [06-01|09:58:31.399] Updated payload                          id=0x03303ee81226621a number=3137 hash=a5f183..69b0cd txs=1 withdrawals=0 gas=21000     fees=2.1e-14       root=67c7bc..7fc31c elapsed=22.552ms
INFO [06-01|09:58:31.399] Stopping work on payload                 id=0x03303ee81226621a reason=delivery
INFO [06-01|09:58:31.434] Paused snapshot generation
WARN [06-01|09:58:31.434] {"level":"warn","msg":"Slow block","block":{"number":3137,"hash":"0xa5f1830898fa57854a120d0eb0ab3f4a2f65f8c7413b67f1066141fa7469b0cd","gas_used":21000,"tx_count":1},"timing":{"execution_ms":0.070192,"state_read_ms":16.001376,"state_hash_ms":17.422668,"commit_ms":0.698337,"total_ms":34.353451},"throughput":{"mgas_per_sec":0.6112922978247513},"state_reads":{"accounts":6,"storage_slots":0,"code":0,"code_bytes":0},"state_writes":{"accounts":2,"accounts_deleted":0,"storage_slots":0,"storage_slots_deleted":0,"code":0,"code_bytes":0},"cache":{"account":{"hits":2,"misses":4,"hit_rate":33.33333333333333},"storage":{"hits":0,"misses":0,"hit_rate":0},"code":{"hits":0,"misses":0,"hit_rate":0,"hit_bytes":0,"miss_bytes":0}}}
INFO [06-01|09:58:31.434] Imported new potential chain segment     number=3137 hash=a5f183..69b0cd blocks=1 txs=1 mgas=0.021 elapsed=34.538ms    mgasps=0.608  triediffs=1.64MiB triedirty=0.00B
INFO [06-01|09:58:31.434] Chain head was updated                   number=3137 hash=a5f183..69b0cd root=67c7bc..7fc31c elapsed="42.432µs"
WARN [06-01|09:58:31.455] Snapshot generation is not permitted
