WARN [06-01|09:47:20.489] Unknown config environment variable      envvar=GETH_PBT_BIN
WARN [06-01|09:47:20.489] Unknown config environment variable      envvar=GETH_UBT_BIN
INFO [06-01|09:47:20.499] Starting Geth on Ethereum mainnet...
INFO [06-01|09:47:20.501] Maximum peer count                       ETH=0 total=0
INFO [06-01|09:47:20.502] Smartcard socket not found, disabling    err="stat /run/pcscd/pcscd.comm: no such file or directory"
WARN [06-01|09:47:20.507] Option --miner.etherbase is deprecated as the etherbase is set by the consensus client post-merge
WARN [06-01|09:47:20.510] Snap sync requested, resetting --cache.snapshot
INFO [06-01|09:47:20.511] Set global gas cap                       cap=50,000,000
INFO [06-01|09:47:21.355] Using developer account                  address=0xf39Fd6e51aad88F6F4ce6aB8827279cffFb92266
INFO [06-01|09:47:21.392] Using pebble as the backing database
INFO [06-01|09:47:21.392] Allocated cache and file handles         database=/mnt/state_expiry_vol_data/ubt-vs-pbt-dbs/pbt/geth/chaindata cache=16.00MiB handles=262,144
INFO [06-01|09:47:21.595] Opened ancient database                  database=/mnt/state_expiry_vol_data/ubt-vs-pbt-dbs/pbt/geth/chaindata/ancient/chain readonly=true
INFO [06-01|09:47:21.595] Opened Era store                         datadir=/mnt/state_expiry_vol_data/ubt-vs-pbt-dbs/pbt/geth/chaindata/ancient/chain/era
INFO [06-01|09:47:21.602] Initializing the KZG library             backend=gokzg
INFO [06-01|09:47:21.605] Allocated trie memory caches             clean=0.00B dirty=0.00B
INFO [06-01|09:47:21.617] Using pebble as the backing database
INFO [06-01|09:47:21.617] Allocated cache and file handles         database=/mnt/state_expiry_vol_data/ubt-vs-pbt-dbs/pbt/geth/chaindata cache=16.00MiB handles=262,144
INFO [06-01|09:47:21.872] Opened ancient database                  database=/mnt/state_expiry_vol_data/ubt-vs-pbt-dbs/pbt/geth/chaindata/ancient/chain readonly=false
INFO [06-01|09:47:21.872] Opened Era store                         datadir=/mnt/state_expiry_vol_data/ubt-vs-pbt-dbs/pbt/geth/chaindata/ancient/chain/era
INFO [06-01|09:47:21.878] State scheme set to already existing     scheme=path
INFO [06-01|09:47:21.878] Initialising Ethereum protocol           network=1337 dbversion=9
INFO [06-01|09:47:21.878] Load database journal from file          path=/mnt/state_expiry_vol_data/ubt-vs-pbt-dbs/pbt/geth/triedb/verkle.journal
INFO [06-01|09:47:21.945] Opened ancient database                  database=/mnt/state_expiry_vol_data/ubt-vs-pbt-dbs/pbt/geth/chaindata/ancient/state_verkle readonly=false
INFO [06-01|09:47:21.947] State snapshot generator is not compatible
INFO [06-01|09:47:21.947] Initialized path database                triecache=0.00B statecache=0.00B buffer=0.00B state-history="last 90000 blocks" journal-dir=/mnt/state_expiry_vol_data/ubt-vs-pbt-dbs/pbt/geth/triedb verkle=true
INFO [06-01|09:47:21.947] 
INFO [06-01|09:47:21.947] ---------------------------------------------------------------------------------------------------------------------------------------------------------
INFO [06-01|09:47:21.947] Chain ID:  1337 (unknown)
INFO [06-01|09:47:21.947] Consensus: unknown
INFO [06-01|09:47:21.947] 
INFO [06-01|09:47:21.947] Pre-Merge hard forks (block based):
INFO [06-01|09:47:21.947]  - Homestead:                   #0       
INFO [06-01|09:47:21.947]  - Tangerine Whistle (EIP 150): #0       
INFO [06-01|09:47:21.947]  - Spurious Dragon/1 (EIP 155): #0       
INFO [06-01|09:47:21.947]  - Spurious Dragon/2 (EIP 158): #0       
INFO [06-01|09:47:21.947]  - Byzantium:                   #0       
INFO [06-01|09:47:21.947]  - Constantinople:              #0       
INFO [06-01|09:47:21.947]  - Petersburg:                  #0       
INFO [06-01|09:47:21.947]  - Istanbul:                    #0       
INFO [06-01|09:47:21.947]  - Berlin:                      #0       
INFO [06-01|09:47:21.947]  - London:                      #0       
INFO [06-01|09:47:21.947]  - Arrow Glacier:               #0       
INFO [06-01|09:47:21.947]  - Gray Glacier:                #0       
INFO [06-01|09:47:21.947] 
INFO [06-01|09:47:21.947] Merge configured:
INFO [06-01|09:47:21.947]  - Total terminal difficulty:  0
INFO [06-01|09:47:21.947]  - Merge netsplit block:       #0       
INFO [06-01|09:47:21.947] 
INFO [06-01|09:47:21.947] Post-Merge hard forks (timestamp based):
INFO [06-01|09:47:21.947]  - Shanghai:                    @0         
INFO [06-01|09:47:21.947]  - Cancun:                      @0          blob: (target: 3, max: 6, fraction: 3338477)
INFO [06-01|09:47:21.947]  - Prague:                      @0          blob: (target: 6, max: 9, fraction: 5007716)
INFO [06-01|09:47:21.947]  - Osaka:                       @0          blob: (target: 6, max: 9, fraction: 5007716)
INFO [06-01|09:47:21.947]  - UBT:                         @0          blob: (nil)
INFO [06-01|09:47:21.947] 
INFO [06-01|09:47:21.947] All fork specifications can be found at https://ethereum.github.io/execution-specs/src/ethereum/forks/
INFO [06-01|09:47:21.947] 
INFO [06-01|09:47:21.947] ---------------------------------------------------------------------------------------------------------------------------------------------------------
INFO [06-01|09:47:21.947] 
INFO [06-01|09:47:21.949] Loaded most recent local block           number=2713 hash=7e16b7..ee3ce1 age=3s
INFO [06-01|09:47:21.949] Loaded most recent local finalized block number=2688 hash=5f85a2..51e31a age=43s
INFO [06-01|09:47:21.950] Initialized transaction indexer          range="last 2350000 blocks"
INFO [06-01|09:47:21.950] Initialized log indexer                  firstblock=0 lastblock=2713 firstmap=0 lastmap=0 headindexed=true
INFO [06-01|09:47:21.986] Enabled full-sync                        head=2713 hash=7e16b7..ee3ce1
INFO [06-01|09:47:21.986] Unprotected transactions allowed
INFO [06-01|09:47:21.986] Gasprice oracle is ignoring threshold set threshold=2
INFO [06-01|09:47:21.986] Registered sync override service
WARN [06-01|09:47:21.986] You are running Geth in --dev mode. Please note the following:
WARN [06-01|09:47:21.986] 
WARN [06-01|09:47:21.986]   1. This mode is only intended for fast, iterative development without assumptions on
WARN [06-01|09:47:21.986]      security or persistence.
WARN [06-01|09:47:21.986]   2. The database is created in memory unless specified otherwise. Therefore, shutting down
WARN [06-01|09:47:21.986]      your computer or losing power will wipe your entire block data and chain state for
WARN [06-01|09:47:21.986]      your dev environment.
WARN [06-01|09:47:21.986]   3. A random, pre-allocated developer account will be available and unlocked as
WARN [06-01|09:47:21.986]      eth.coinbase, which can be used for testing. The random dev account is temporary,
WARN [06-01|09:47:21.986]      stored on a ramdisk, and will be lost if your machine is restarted.
WARN [06-01|09:47:21.986]   4. Mining is enabled by default. However, the client will only seal blocks if transactions
WARN [06-01|09:47:21.986]      are pending in the mempool. The miner's minimum accepted gas price is 1.
WARN [06-01|09:47:21.986]   5. Networking is disabled; there is no listen-address, the maximum number of peers is set
WARN [06-01|09:47:21.986]      to 0, and discovery is disabled.
WARN [06-01|09:47:21.986] 
INFO [06-01|09:47:21.986] Starting peer-to-peer node               instance=Geth/v1.17.3-unstable/linux-amd64/go1.24.9
WARN [06-01|09:47:21.986] P2P server will be useless, neither dialing nor listening
INFO [06-01|09:47:22.009] IPC endpoint opened                      url=/mnt/state_expiry_vol_data/ubt-vs-pbt-dbs/pbt/geth.ipc
ERROR[06-01|09:47:22.009] Unavailable modules in HTTP API list     unavailable=[personal] available="[admin debug web3 eth txpool miner net dev testing]"
INFO [06-01|09:47:22.009] New local node record                    seq=1,780,292,694,584 id=972c5cc0b2a1895c ip=127.0.0.1 udp=0 tcp=0
INFO [06-01|09:47:22.009] Started P2P networking                   self=enode://16ec6c0bde109d66472afe00ec8fee3d30718d830d1acf0829842abca89b82afff8a454636cde3b26d700f98647938c6f23e7bee3027caca0d7f19e4b3725e13@127.0.0.1:0
INFO [06-01|09:47:22.010] HTTP server started                      endpoint=127.0.0.1:8545 auth=false prefix= cors= vhosts=localhost
INFO [06-01|09:47:22.010] WebSocket enabled                        url=ws://127.0.0.1:8546
INFO [06-01|09:47:22.250] Loaded local transaction journal         transactions=2113 dropped=0
INFO [06-01|09:47:23.120] Started log indexer
INFO [06-01|09:47:23.161] Starting work on payload                 id=0x03dd85647fe9f3fe
INFO [06-01|09:47:23.165] Updated payload                          id=0x03dd85647fe9f3fe number=2714 hash=51ae10..c60ff0 txs=0 withdrawals=0 gas=0 fees=0 root=9a8714..b16dbd elapsed=3.392ms
INFO [06-01|09:47:23.165] Stopping work on payload                 id=0x03dd85647fe9f3fe reason=delivery
WARN [06-01|09:47:23.169] {"level":"warn","msg":"Slow block","block":{"number":2714,"hash":"0x51ae104570c2e75f7c483500b41aeaf91ca35eda46d11146c4475979a7c60ff0","gas_used":0,"tx_count":0},"timing":{"execution_ms":0.037609,"state_read_ms":2.994181,"state_hash_ms":0.001472,"commit_ms":0.192226,"total_ms":3.417727},"throughput":{"mgas_per_sec":0},"state_reads":{"accounts":4,"storage_slots":0,"code":0,"code_bytes":0},"state_writes":{"accounts":0,"accounts_deleted":0,"storage_slots":0,"storage_slots_deleted":0,"code":0,"code_bytes":0},"cache":{"account":{"hits":0,"misses":4,"hit_rate":0},"storage":{"hits":0,"misses":0,"hit_rate":0},"code":{"hits":0,"misses":0,"hit_rate":0,"hit_bytes":0,"miss_bytes":0}}}
INFO [06-01|09:47:23.169] Imported new potential chain segment     number=2714 hash=51ae10..c60ff0 blocks=1 txs=0 mgas=0.000 elapsed=3.662ms mgasps=0.000 triediffs=2.84MiB triedirty=0.00B
INFO [06-01|09:47:23.169] Chain head was updated                   number=2714 hash=51ae10..c60ff0 root=9a8714..b16dbd elapsed="86.634µs"
INFO [06-01|09:47:24.175] Starting work on payload                 id=0x0354adccf7c472cc
INFO [06-01|09:47:24.182] Updated payload                          id=0x0354adccf7c472cc number=2715 hash=b36e03..0a1126 txs=0 withdrawals=0 gas=0 fees=0 root=9a8714..b16dbd elapsed=6.045ms
INFO [06-01|09:47:24.183] Stopping work on payload                 id=0x0354adccf7c472cc reason=delivery
WARN [06-01|09:47:24.187] {"level":"warn","msg":"Slow block","block":{"number":2715,"hash":"0xb36e0310177d92fd650bedddf9e3ea315893aca18d48f6f66a65d511180a1126","gas_used":0,"tx_count":0},"timing":{"execution_ms":0.029596,"state_read_ms":4.473948,"state_hash_ms":0.002029,"commit_ms":0.115802,"total_ms":4.819901},"throughput":{"mgas_per_sec":0},"state_reads":{"accounts":4,"storage_slots":0,"code":0,"code_bytes":0},"state_writes":{"accounts":0,"accounts_deleted":0,"storage_slots":0,"storage_slots_deleted":0,"code":0,"code_bytes":0},"cache":{"account":{"hits":0,"misses":4,"hit_rate":0},"storage":{"hits":0,"misses":0,"hit_rate":0},"code":{"hits":0,"misses":0,"hit_rate":0,"hit_bytes":0,"miss_bytes":0}}}
INFO [06-01|09:47:24.187] Imported new potential chain segment     number=2715 hash=b36e03..0a1126 blocks=1 txs=0 mgas=0.000 elapsed=5.014ms    mgasps=0.000 triediffs=2.84MiB triedirty=0.00B
INFO [06-01|09:47:24.187] Chain head was updated                   number=2715 hash=b36e03..0a1126 root=9a8714..b16dbd elapsed="36.746µs"
INFO [06-01|09:47:25.192] Starting work on payload                 id=0x03d4e357d7525f4b
INFO [06-01|09:47:25.210] Updated payload                          id=0x03d4e357d7525f4b number=2716 hash=eea059..485084 txs=0 withdrawals=0 gas=0 fees=0 root=9a8714..b16dbd elapsed=17.844ms
INFO [06-01|09:47:25.210] Stopping work on payload                 id=0x03d4e357d7525f4b reason=delivery
WARN [06-01|09:47:25.215] {"level":"warn","msg":"Slow block","block":{"number":2716,"hash":"0xeea059c6f4c67976308e0fb2ed4befcbee9683fcffc12f7bd1984c7f0b485084","gas_used":0,"tx_count":0},"timing":{"execution_ms":0.030227,"state_read_ms":4.39557,"state_hash_ms":0.00406,"commit_ms":0.092133,"total_ms":4.695731},"throughput":{"mgas_per_sec":0},"state_reads":{"accounts":4,"storage_slots":0,"code":0,"code_bytes":0},"state_writes":{"accounts":0,"accounts_deleted":0,"storage_slots":0,"storage_slots_deleted":0,"code":0,"code_bytes":0},"cache":{"account":{"hits":0,"misses":4,"hit_rate":0},"storage":{"hits":0,"misses":0,"hit_rate":0},"code":{"hits":0,"misses":0,"hit_rate":0,"hit_bytes":0,"miss_bytes":0}}}
INFO [06-01|09:47:25.215] Imported new potential chain segment     number=2716 hash=eea059..485084 blocks=1 txs=0 mgas=0.000 elapsed=4.858ms    mgasps=0.000 triediffs=2.84MiB triedirty=0.00B
INFO [06-01|09:47:25.215] Chain head was updated                   number=2716 hash=eea059..485084 root=9a8714..b16dbd elapsed="92.929µs"
INFO [06-01|09:47:25.422] Submitted contract creation              hash=0x8fa8221f60d1898949c0c53297eeeccb05d3a5e6f5ceff3f7c602de26ed6630a from=0xf39Fd6e51aad88F6F4ce6aB8827279cffFb92266 nonce=801 contract=0xb60971942E4528A811D24826768Bc91ad1383D21 value=0
INFO [06-01|09:47:25.422] Submitted transaction                    hash=0xe611258f49971827cf982f1395c17d75ace20c880f7a95db864f587f29f8f98e from=0xf39Fd6e51aad88F6F4ce6aB8827279cffFb92266 nonce=802 recipient=0xBBCbD604F8563D80600eDD47895F45c31EB348FF value=78,000,000
INFO [06-01|09:47:26.225] Starting work on payload                 id=0x037e0e66ca2434b2
INFO [06-01|09:47:26.268] Updated payload                          id=0x037e0e66ca2434b2 number=2717 hash=fce8b7..8d44e7 txs=2 withdrawals=0 gas=86938 fees=5.21628e-13 root=6fa7f0..f2459d elapsed=42.383ms
INFO [06-01|09:47:26.268] Stopping work on payload                 id=0x037e0e66ca2434b2 reason=delivery
INFO [06-01|09:47:26.300] Paused snapshot generation
WARN [06-01|09:47:26.301] {"level":"warn","msg":"Slow block","block":{"number":2717,"hash":"0xfce8b7cd4d7400fd8397a8a531927c6f1cc3679c1ea5999104397bc5af8d44e7","gas_used":86938,"tx_count":2},"timing":{"execution_ms":0.121734,"state_read_ms":25.128179,"state_hash_ms":2.574485,"commit_ms":4.308724,"total_ms":32.332061},"throughput":{"mgas_per_sec":2.6889099337032674},"state_reads":{"accounts":11,"storage_slots":0,"code":0,"code_bytes":0},"state_writes":{"accounts":3,"accounts_deleted":0,"storage_slots":0,"storage_slots_deleted":0,"code":1,"code_bytes":165},"cache":{"account":{"hits":6,"misses":5,"hit_rate":54.54545454545454},"storage":{"hits":0,"misses":0,"hit_rate":0},"code":{"hits":0,"misses":0,"hit_rate":0,"hit_bytes":0,"miss_bytes":0}}}
INFO [06-01|09:47:26.301] Imported new potential chain segment     number=2717 hash=fce8b7..8d44e7 blocks=1 txs=2 mgas=0.087 elapsed=32.519ms   mgasps=2.673 triediffs=2.84MiB triedirty=0.00B
INFO [06-01|09:47:26.301] Chain head was updated                   number=2717 hash=fce8b7..8d44e7 root=6fa7f0..f2459d elapsed="196.184µs"
WARN [06-01|09:47:26.321] Snapshot generation is not permitted
INFO [06-01|09:47:26.434] Submitted transaction                    hash=0x98113bbf11e240f184a14ffc0ae1035e0483eb97be3eb4d31ac5b1a9a05b39bd from=0xBBCbD604F8563D80600eDD47895F45c31EB348FF nonce=0   recipient=0xb60971942E4528A811D24826768Bc91ad1383D21 value=0
INFO [06-01|09:47:27.305] Starting work on payload                 id=0x03fe12fa47b3bfb2
INFO [06-01|09:47:27.338] Updated payload                          id=0x03fe12fa47b3bfb2 number=2718 hash=b8c5b9..3886a0 txs=1 withdrawals=0 gas=5,911,240 fees=3.546744e-11 root=757e29..254756 elapsed=32.892ms
INFO [06-01|09:47:27.338] Stopping work on payload                 id=0x03fe12fa47b3bfb2 reason=delivery
INFO [06-01|09:47:27.370] Paused snapshot generation
WARN [06-01|09:47:27.371] {"level":"warn","msg":"Slow block","block":{"number":2718,"hash":"0xb8c5b9ced56b11f33991242678c7a39642bc1ef6f019b0fe9aafe5b8793886a0","gas_used":5911240,"tx_count":1},"timing":{"execution_ms":12.726435,"state_read_ms":15.472726,"state_hash_ms":3.387438,"commit_ms":1.424113,"total_ms":33.168434},"throughput":{"mgas_per_sec":178.21884506214553},"state_reads":{"accounts":17,"storage_slots":924,"code":11,"code_bytes":445},"state_writes":{"accounts":3,"accounts_deleted":0,"storage_slots":173,"storage_slots_deleted":0,"code":0,"code_bytes":0},"cache":{"account":{"hits":6,"misses":11,"hit_rate":35.294117647058826},"storage":{"hits":369,"misses":555,"hit_rate":39.935064935064936},"code":{"hits":11,"misses":0,"hit_rate":100,"hit_bytes":445,"miss_bytes":0}}}
INFO [06-01|09:47:27.371] Imported new potential chain segment     number=2718 hash=b8c5b9..3886a0 blocks=1 txs=1 mgas=5.911 elapsed=33.313ms    mgasps=177.442 triediffs=2.88MiB triedirty=0.00B
INFO [06-01|09:47:27.371] Chain head was updated                   number=2718 hash=b8c5b9..3886a0 root=757e29..254756 elapsed="89.564µs"
WARN [06-01|09:47:27.397] Snapshot generation is not permitted
INFO [06-01|09:47:27.447] Submitted transaction                    hash=0xf433203d9f1ebbc8098c7e0fa6038447a190ff62bccf436f2e3de9e04ec1796f from=0xBBCbD604F8563D80600eDD47895F45c31EB348FF nonce=1   recipient=0xf39Fd6e51aad88F6F4ce6aB8827279cffFb92266 value=901,880
INFO [06-01|09:47:28.376] Starting work on payload                 id=0x03d7659cfc0b9540
INFO [06-01|09:47:28.402] Updated payload                          id=0x03d7659cfc0b9540 number=2719 hash=bd9409..f55ae1 txs=1 withdrawals=0 gas=21000     fees=2.1e-14      root=41810d..55133b elapsed=26.546ms
INFO [06-01|09:47:28.402] Stopping work on payload                 id=0x03d7659cfc0b9540 reason=delivery
INFO [06-01|09:47:28.410] Paused snapshot generation
WARN [06-01|09:47:28.415] {"level":"warn","msg":"Slow block","block":{"number":2719,"hash":"0xbd9409af0f36b7133388b3f5118c9261b9f49125e32720dc62ad227306f55ae1","gas_used":21000,"tx_count":1},"timing":{"execution_ms":0.058704,"state_read_ms":3.041621,"state_hash_ms":3.296008,"commit_ms":6.399785,"total_ms":12.962786},"throughput":{"mgas_per_sec":1.6200221156161956},"state_reads":{"accounts":6,"storage_slots":0,"code":0,"code_bytes":0},"state_writes":{"accounts":2,"accounts_deleted":0,"storage_slots":0,"storage_slots_deleted":0,"code":0,"code_bytes":0},"cache":{"account":{"hits":2,"misses":4,"hit_rate":33.33333333333333},"storage":{"hits":0,"misses":0,"hit_rate":0},"code":{"hits":0,"misses":0,"hit_rate":0,"hit_bytes":0,"miss_bytes":0}}}
INFO [06-01|09:47:28.416] Imported new potential chain segment     number=2719 hash=bd9409..f55ae1 blocks=1 txs=1 mgas=0.021 elapsed=13.101ms    mgasps=1.603   triediffs=2.88MiB triedirty=0.00B
INFO [06-01|09:47:28.416] Chain head was updated                   number=2719 hash=bd9409..f55ae1 root=41810d..55133b elapsed="86.856µs"
WARN [06-01|09:47:28.429] Snapshot generation is not permitted
