WARN [06-01|10:04:41.781] Unknown config environment variable      envvar=GETH_PBT_BIN
WARN [06-01|10:04:41.781] Unknown config environment variable      envvar=GETH_UBT_BIN
INFO [06-01|10:04:41.797] Starting Geth on Ethereum mainnet...
INFO [06-01|10:04:41.799] Maximum peer count                       ETH=0 total=0
INFO [06-01|10:04:41.800] Smartcard socket not found, disabling    err="stat /run/pcscd/pcscd.comm: no such file or directory"
WARN [06-01|10:04:41.805] Option --miner.etherbase is deprecated as the etherbase is set by the consensus client post-merge
WARN [06-01|10:04:41.807] Snap sync requested, resetting --cache.snapshot
INFO [06-01|10:04:41.807] Set global gas cap                       cap=50,000,000
INFO [06-01|10:04:42.614] Using developer account                  address=0xf39Fd6e51aad88F6F4ce6aB8827279cffFb92266
INFO [06-01|10:04:42.651] Using pebble as the backing database
INFO [06-01|10:04:42.651] Allocated cache and file handles         database=/mnt/state_expiry_vol_data/ubt-vs-pbt-dbs/pbt/geth/chaindata cache=16.00MiB handles=262,144
INFO [06-01|10:04:42.866] Opened ancient database                  database=/mnt/state_expiry_vol_data/ubt-vs-pbt-dbs/pbt/geth/chaindata/ancient/chain readonly=true
INFO [06-01|10:04:42.866] Opened Era store                         datadir=/mnt/state_expiry_vol_data/ubt-vs-pbt-dbs/pbt/geth/chaindata/ancient/chain/era
INFO [06-01|10:04:42.874] Initializing the KZG library             backend=gokzg
INFO [06-01|10:04:42.875] Allocated trie memory caches             clean=0.00B dirty=0.00B
INFO [06-01|10:04:42.884] Using pebble as the backing database
INFO [06-01|10:04:42.884] Allocated cache and file handles         database=/mnt/state_expiry_vol_data/ubt-vs-pbt-dbs/pbt/geth/chaindata cache=16.00MiB handles=262,144
INFO [06-01|10:04:43.065] Opened ancient database                  database=/mnt/state_expiry_vol_data/ubt-vs-pbt-dbs/pbt/geth/chaindata/ancient/chain readonly=false
INFO [06-01|10:04:43.065] Opened Era store                         datadir=/mnt/state_expiry_vol_data/ubt-vs-pbt-dbs/pbt/geth/chaindata/ancient/chain/era
INFO [06-01|10:04:43.071] State scheme set to already existing     scheme=path
INFO [06-01|10:04:43.071] Initialising Ethereum protocol           network=1337 dbversion=9
INFO [06-01|10:04:43.071] Load database journal from file          path=/mnt/state_expiry_vol_data/ubt-vs-pbt-dbs/pbt/geth/triedb/verkle.journal
INFO [06-01|10:04:43.127] Opened ancient database                  database=/mnt/state_expiry_vol_data/ubt-vs-pbt-dbs/pbt/geth/chaindata/ancient/state_verkle readonly=false
INFO [06-01|10:04:43.129] State snapshot generator is not compatible
INFO [06-01|10:04:43.129] Initialized path database                triecache=0.00B statecache=0.00B buffer=0.00B state-history="last 90000 blocks" journal-dir=/mnt/state_expiry_vol_data/ubt-vs-pbt-dbs/pbt/geth/triedb verkle=true
INFO [06-01|10:04:43.130] 
INFO [06-01|10:04:43.130] ---------------------------------------------------------------------------------------------------------------------------------------------------------
INFO [06-01|10:04:43.130] Chain ID:  1337 (unknown)
INFO [06-01|10:04:43.130] Consensus: unknown
INFO [06-01|10:04:43.130] 
INFO [06-01|10:04:43.130] Pre-Merge hard forks (block based):
INFO [06-01|10:04:43.130]  - Homestead:                   #0       
INFO [06-01|10:04:43.130]  - Tangerine Whistle (EIP 150): #0       
INFO [06-01|10:04:43.130]  - Spurious Dragon/1 (EIP 155): #0       
INFO [06-01|10:04:43.130]  - Spurious Dragon/2 (EIP 158): #0       
INFO [06-01|10:04:43.130]  - Byzantium:                   #0       
INFO [06-01|10:04:43.130]  - Constantinople:              #0       
INFO [06-01|10:04:43.130]  - Petersburg:                  #0       
INFO [06-01|10:04:43.130]  - Istanbul:                    #0       
INFO [06-01|10:04:43.130]  - Berlin:                      #0       
INFO [06-01|10:04:43.130]  - London:                      #0       
INFO [06-01|10:04:43.130]  - Arrow Glacier:               #0       
INFO [06-01|10:04:43.130]  - Gray Glacier:                #0       
INFO [06-01|10:04:43.130] 
INFO [06-01|10:04:43.130] Merge configured:
INFO [06-01|10:04:43.130]  - Total terminal difficulty:  0
INFO [06-01|10:04:43.130]  - Merge netsplit block:       #0       
INFO [06-01|10:04:43.130] 
INFO [06-01|10:04:43.130] Post-Merge hard forks (timestamp based):
INFO [06-01|10:04:43.130]  - Shanghai:                    @0         
INFO [06-01|10:04:43.130]  - Cancun:                      @0          blob: (target: 3, max: 6, fraction: 3338477)
INFO [06-01|10:04:43.130]  - Prague:                      @0          blob: (target: 6, max: 9, fraction: 5007716)
INFO [06-01|10:04:43.130]  - Osaka:                       @0          blob: (target: 6, max: 9, fraction: 5007716)
INFO [06-01|10:04:43.130]  - UBT:                         @0          blob: (nil)
INFO [06-01|10:04:43.130] 
INFO [06-01|10:04:43.130] All fork specifications can be found at https://ethereum.github.io/execution-specs/src/ethereum/forks/
INFO [06-01|10:04:43.130] 
INFO [06-01|10:04:43.130] ---------------------------------------------------------------------------------------------------------------------------------------------------------
INFO [06-01|10:04:43.130] 
INFO [06-01|10:04:43.132] Loaded most recent local block           number=3374 hash=2fc049..db131b age=4s
INFO [06-01|10:04:43.132] Loaded most recent local finalized block number=3360 hash=9f691e..3daef1 age=25s
INFO [06-01|10:04:43.133] Initialized transaction indexer          range="last 2350000 blocks"
INFO [06-01|10:04:43.133] Initialized log indexer                  firstblock=0 lastblock=3374 firstmap=0 lastmap=0 headindexed=true
INFO [06-01|10:04:43.179] Enabled full-sync                        head=3374 hash=2fc049..db131b
INFO [06-01|10:04:43.180] Unprotected transactions allowed
INFO [06-01|10:04:43.180] Gasprice oracle is ignoring threshold set threshold=2
INFO [06-01|10:04:43.180] Registered sync override service
WARN [06-01|10:04:43.180] You are running Geth in --dev mode. Please note the following:
WARN [06-01|10:04:43.180] 
WARN [06-01|10:04:43.180]   1. This mode is only intended for fast, iterative development without assumptions on
WARN [06-01|10:04:43.180]      security or persistence.
WARN [06-01|10:04:43.180]   2. The database is created in memory unless specified otherwise. Therefore, shutting down
WARN [06-01|10:04:43.180]      your computer or losing power will wipe your entire block data and chain state for
WARN [06-01|10:04:43.180]      your dev environment.
WARN [06-01|10:04:43.180]   3. A random, pre-allocated developer account will be available and unlocked as
WARN [06-01|10:04:43.180]      eth.coinbase, which can be used for testing. The random dev account is temporary,
WARN [06-01|10:04:43.180]      stored on a ramdisk, and will be lost if your machine is restarted.
WARN [06-01|10:04:43.180]   4. Mining is enabled by default. However, the client will only seal blocks if transactions
WARN [06-01|10:04:43.180]      are pending in the mempool. The miner's minimum accepted gas price is 1.
WARN [06-01|10:04:43.180]   5. Networking is disabled; there is no listen-address, the maximum number of peers is set
WARN [06-01|10:04:43.180]      to 0, and discovery is disabled.
WARN [06-01|10:04:43.180] 
INFO [06-01|10:04:43.180] Starting peer-to-peer node               instance=Geth/v1.17.3-unstable/linux-amd64/go1.24.9
WARN [06-01|10:04:43.180] P2P server will be useless, neither dialing nor listening
INFO [06-01|10:04:43.200] IPC endpoint opened                      url=/mnt/state_expiry_vol_data/ubt-vs-pbt-dbs/pbt/geth.ipc
ERROR[06-01|10:04:43.201] Unavailable modules in HTTP API list     unavailable=[personal] available="[admin debug web3 eth txpool miner net dev testing]"
INFO [06-01|10:04:43.201] New local node record                    seq=1,780,292,694,689 id=972c5cc0b2a1895c ip=127.0.0.1 udp=0 tcp=0
INFO [06-01|10:04:43.201] Started P2P networking                   self=enode://16ec6c0bde109d66472afe00ec8fee3d30718d830d1acf0829842abca89b82afff8a454636cde3b26d700f98647938c6f23e7bee3027caca0d7f19e4b3725e13@127.0.0.1:0
INFO [06-01|10:04:43.201] HTTP server started                      endpoint=127.0.0.1:8545 auth=false prefix= cors= vhosts=localhost
INFO [06-01|10:04:43.201] WebSocket enabled                        url=ws://127.0.0.1:8546
INFO [06-01|10:04:43.454] Loaded local transaction journal         transactions=2533 dropped=0
INFO [06-01|10:04:44.237] Started log indexer
INFO [06-01|10:04:44.280] Starting work on payload                 id=0x03226577abca78d2
INFO [06-01|10:04:44.284] Updated payload                          id=0x03226577abca78d2 number=3375 hash=49a432..da54b5 txs=0 withdrawals=0 gas=0 fees=0 root=54b845..c57dad elapsed=3.780ms
INFO [06-01|10:04:44.285] Stopping work on payload                 id=0x03226577abca78d2 reason=delivery
WARN [06-01|10:04:44.289] {"level":"warn","msg":"Slow block","block":{"number":3375,"hash":"0x49a4320df49e39a07c5cd751c856658ad480d93c8f05f3d97ff32f7b17da54b5","gas_used":0,"tx_count":0},"timing":{"execution_ms":0.097042,"state_read_ms":3.44562,"state_hash_ms":0.002414,"commit_ms":0.297233,"total_ms":4.152637},"throughput":{"mgas_per_sec":0},"state_reads":{"accounts":4,"storage_slots":0,"code":0,"code_bytes":0},"state_writes":{"accounts":0,"accounts_deleted":0,"storage_slots":0,"storage_slots_deleted":0,"code":0,"code_bytes":0},"cache":{"account":{"hits":0,"misses":4,"hit_rate":0},"storage":{"hits":0,"misses":0,"hit_rate":0},"code":{"hits":0,"misses":0,"hit_rate":0,"hit_bytes":0,"miss_bytes":0}}}
INFO [06-01|10:04:44.289] Imported new potential chain segment     number=3375 hash=49a432..da54b5 blocks=1 txs=0 mgas=0.000 elapsed=4.554ms mgasps=0.000 triediffs=1.33MiB triedirty=0.00B
INFO [06-01|10:04:44.289] Chain head was updated                   number=3375 hash=49a432..da54b5 root=54b845..c57dad elapsed="82.754µs"
INFO [06-01|10:04:45.295] Starting work on payload                 id=0x034189a4c981fde2
INFO [06-01|10:04:45.301] Updated payload                          id=0x034189a4c981fde2 number=3376 hash=fb59ea..f9fbbf txs=0 withdrawals=0 gas=0 fees=0 root=54b845..c57dad elapsed=5.164ms
INFO [06-01|10:04:45.301] Stopping work on payload                 id=0x034189a4c981fde2 reason=delivery
WARN [06-01|10:04:45.307] {"level":"warn","msg":"Slow block","block":{"number":3376,"hash":"0xfb59ea4009b51f9ed1d915615236d32bd7581c3b5f624fac507535f510f9fbbf","gas_used":0,"tx_count":0},"timing":{"execution_ms":0.039759,"state_read_ms":4.691736,"state_hash_ms":0.002512,"commit_ms":0.108854,"total_ms":5.243906},"throughput":{"mgas_per_sec":0},"state_reads":{"accounts":4,"storage_slots":0,"code":0,"code_bytes":0},"state_writes":{"accounts":0,"accounts_deleted":0,"storage_slots":0,"storage_slots_deleted":0,"code":0,"code_bytes":0},"cache":{"account":{"hits":0,"misses":4,"hit_rate":0},"storage":{"hits":0,"misses":0,"hit_rate":0},"code":{"hits":0,"misses":0,"hit_rate":0,"hit_bytes":0,"miss_bytes":0}}}
INFO [06-01|10:04:45.307] Imported new potential chain segment     number=3376 hash=fb59ea..f9fbbf blocks=1 txs=0 mgas=0.000 elapsed=5.500ms    mgasps=0.000 triediffs=1.33MiB triedirty=0.00B
INFO [06-01|10:04:45.307] Chain head was updated                   number=3376 hash=fb59ea..f9fbbf root=54b845..c57dad elapsed="46.87µs"
INFO [06-01|10:04:46.312] Starting work on payload                 id=0x032808106f973b77
INFO [06-01|10:04:46.336] Updated payload                          id=0x032808106f973b77 number=3377 hash=42707c..9a1105 txs=0 withdrawals=0 gas=0 fees=0 root=54b845..c57dad elapsed=23.680ms
INFO [06-01|10:04:46.336] Stopping work on payload                 id=0x032808106f973b77 reason=delivery
WARN [06-01|10:04:46.340] {"level":"warn","msg":"Slow block","block":{"number":3377,"hash":"0x42707c15e55cb6c423a7667ab2dd65aeffeb3f50f06256fae395d3889c9a1105","gas_used":0,"tx_count":0},"timing":{"execution_ms":0.049978,"state_read_ms":3.527769,"state_hash_ms":0.001959,"commit_ms":0.103607,"total_ms":3.855146},"throughput":{"mgas_per_sec":0},"state_reads":{"accounts":4,"storage_slots":0,"code":0,"code_bytes":0},"state_writes":{"accounts":0,"accounts_deleted":0,"storage_slots":0,"storage_slots_deleted":0,"code":0,"code_bytes":0},"cache":{"account":{"hits":0,"misses":4,"hit_rate":0},"storage":{"hits":0,"misses":0,"hit_rate":0},"code":{"hits":0,"misses":0,"hit_rate":0,"hit_bytes":0,"miss_bytes":0}}}
INFO [06-01|10:04:46.340] Imported new potential chain segment     number=3377 hash=42707c..9a1105 blocks=1 txs=0 mgas=0.000 elapsed=4.084ms    mgasps=0.000 triediffs=1.33MiB triedirty=0.00B
INFO [06-01|10:04:46.340] Chain head was updated                   number=3377 hash=42707c..9a1105 root=54b845..c57dad elapsed="32.872µs"
INFO [06-01|10:04:46.704] Submitted contract creation              hash=0x6252ce07402c997e9ad08c6dad72b63439ce474987b853452281dde7dac16369 from=0xf39Fd6e51aad88F6F4ce6aB8827279cffFb92266 nonce=1011 contract=0x566be608Fe7e9f23c9337004cfB60877810E6d28 value=0
INFO [06-01|10:04:46.704] Submitted transaction                    hash=0x3704be0c7630b836722f5eefee15a9abe46fbc24030b2c4269caadb2190d202a from=0xf39Fd6e51aad88F6F4ce6aB8827279cffFb92266 nonce=1012 recipient=0x4f1d0fd304b135A8812eCB8a572c49014C4Cc82d value=78,000,000
INFO [06-01|10:04:47.365] Starting work on payload                 id=0x0382d1872bdee73d
INFO [06-01|10:04:47.418] Updated payload                          id=0x0382d1872bdee73d number=3378 hash=1123da..d856aa txs=2 withdrawals=0 gas=91698 fees=5.50188e-13 root=e20007..a4792d elapsed=53.030ms
INFO [06-01|10:04:47.418] Stopping work on payload                 id=0x0382d1872bdee73d reason=delivery
INFO [06-01|10:04:47.452] Paused snapshot generation
WARN [06-01|10:04:47.452] {"level":"warn","msg":"Slow block","block":{"number":3378,"hash":"0x1123da4f44ba64fb083cafe49f45df352d42bb68bad1778891dd3d1108d856aa","gas_used":91698,"tx_count":2},"timing":{"execution_ms":0.147492,"state_read_ms":15.259038,"state_hash_ms":14.169899,"commit_ms":4.49831,"total_ms":34.227486},"throughput":{"mgas_per_sec":2.679074939947386},"state_reads":{"accounts":11,"storage_slots":0,"code":0,"code_bytes":0},"state_writes":{"accounts":3,"accounts_deleted":0,"storage_slots":0,"storage_slots_deleted":0,"code":1,"code_bytes":305},"cache":{"account":{"hits":5,"misses":6,"hit_rate":45.45454545454545},"storage":{"hits":0,"misses":0,"hit_rate":0},"code":{"hits":0,"misses":0,"hit_rate":0,"hit_bytes":0,"miss_bytes":0}}}
INFO [06-01|10:04:47.452] Imported new potential chain segment     number=3378 hash=1123da..d856aa blocks=1 txs=2 mgas=0.092 elapsed=34.397ms   mgasps=2.666 triediffs=1.33MiB triedirty=0.00B
INFO [06-01|10:04:47.453] Chain head was updated                   number=3378 hash=1123da..d856aa root=e20007..a4792d elapsed="184.323µs"
WARN [06-01|10:04:47.474] Snapshot generation is not permitted
INFO [06-01|10:04:47.716] Submitted transaction                    hash=0xe4ec314120a74899d724e79ca67799b5678c34b78878be3798ffa3741e0a1548 from=0x4f1d0fd304b135A8812eCB8a572c49014C4Cc82d nonce=0    recipient=0x566be608Fe7e9f23c9337004cfB60877810E6d28 value=0
INFO [06-01|10:04:48.473] Starting work on payload                 id=0x037eb08f82d232a2
INFO [06-01|10:04:48.550] Updated payload                          id=0x037eb08f82d232a2 number=3379 hash=af3f8d..107675 txs=1 withdrawals=0 gas=5,900,070 fees=3.540042e-11 root=903127..023a59 elapsed=76.702ms
INFO [06-01|10:04:48.550] Stopping work on payload                 id=0x037eb08f82d232a2 reason=delivery
INFO [06-01|10:04:48.615] Paused snapshot generation
WARN [06-01|10:04:48.615] {"level":"warn","msg":"Slow block","block":{"number":3379,"hash":"0xaf3f8d2b59902305d63be52ce12da3df74273ef7ca47125955dd7f75f4107675","gas_used":5900070,"tx_count":1},"timing":{"execution_ms":42.85847,"state_read_ms":18.648024,"state_hash_ms":2.445029,"commit_ms":0.801879,"total_ms":65.111424},"throughput":{"mgas_per_sec":90.61497410961248},"state_reads":{"accounts":263,"storage_slots":1379,"code":257,"code_bytes":7473},"state_writes":{"accounts":2,"accounts_deleted":0,"storage_slots":0,"storage_slots_deleted":0,"code":0,"code_bytes":0},"cache":{"account":{"hits":99,"misses":164,"hit_rate":37.6425855513308},"storage":{"hits":362,"misses":1017,"hit_rate":26.25090645395214},"code":{"hits":257,"misses":0,"hit_rate":100,"hit_bytes":7473,"miss_bytes":0}}}
INFO [06-01|10:04:48.615] Imported new potential chain segment     number=3379 hash=af3f8d..107675 blocks=1 txs=1 mgas=5.900 elapsed=65.378ms    mgasps=90.244 triediffs=1.33MiB triedirty=0.00B
INFO [06-01|10:04:48.616] Chain head was updated                   number=3379 hash=af3f8d..107675 root=903127..023a59 elapsed="146.399µs"
WARN [06-01|10:04:48.647] Snapshot generation is not permitted
INFO [06-01|10:04:48.732] Submitted transaction                    hash=0x99862682a067937d1ce72dfe941e28d8bb104b9fc8804e392bd856bd9835c534 from=0x4f1d0fd304b135A8812eCB8a572c49014C4Cc82d nonce=1    recipient=0xf39Fd6e51aad88F6F4ce6aB8827279cffFb92266 value=1,047,090
INFO [06-01|10:04:49.621] Starting work on payload                 id=0x036d0055b0b5e739
INFO [06-01|10:04:49.637] Updated payload                          id=0x036d0055b0b5e739 number=3380 hash=1f18dd..980b8a txs=1 withdrawals=0 gas=21000     fees=2.1e-14      root=6aa36d..7a78d5 elapsed=15.610ms
INFO [06-01|10:04:49.637] Stopping work on payload                 id=0x036d0055b0b5e739 reason=delivery
INFO [06-01|10:04:49.646] Paused snapshot generation
WARN [06-01|10:04:49.646] {"level":"warn","msg":"Slow block","block":{"number":3380,"hash":"0x1f18ddb6c089854bb7182ce3a138d6672b10d70c5440a6b4a1e80eeb93980b8a","gas_used":21000,"tx_count":1},"timing":{"execution_ms":0.092368,"state_read_ms":4.213719,"state_hash_ms":3.479617,"commit_ms":0.586326,"total_ms":8.549013},"throughput":{"mgas_per_sec":2.4564239170065596},"state_reads":{"accounts":6,"storage_slots":0,"code":0,"code_bytes":0},"state_writes":{"accounts":2,"accounts_deleted":0,"storage_slots":0,"storage_slots_deleted":0,"code":0,"code_bytes":0},"cache":{"account":{"hits":2,"misses":4,"hit_rate":33.33333333333333},"storage":{"hits":0,"misses":0,"hit_rate":0},"code":{"hits":0,"misses":0,"hit_rate":0,"hit_bytes":0,"miss_bytes":0}}}
INFO [06-01|10:04:49.646] Imported new potential chain segment     number=3380 hash=1f18dd..980b8a blocks=1 txs=1 mgas=0.021 elapsed=8.719ms     mgasps=2.409  triediffs=1.33MiB triedirty=0.00B
INFO [06-01|10:04:49.646] Chain head was updated                   number=3380 hash=1f18dd..980b8a root=6aa36d..7a78d5 elapsed="54.747µs"
WARN [06-01|10:04:49.667] Snapshot generation is not permitted
