WARN [06-01|09:47:49.228] Unknown config environment variable      envvar=GETH_PBT_BIN
WARN [06-01|09:47:49.228] Unknown config environment variable      envvar=GETH_UBT_BIN
INFO [06-01|09:47:49.239] Starting Geth on Ethereum mainnet...
INFO [06-01|09:47:49.240] Maximum peer count                       ETH=0 total=0
INFO [06-01|09:47:49.242] Smartcard socket not found, disabling    err="stat /run/pcscd/pcscd.comm: no such file or directory"
WARN [06-01|09:47:49.246] Option --miner.etherbase is deprecated as the etherbase is set by the consensus client post-merge
WARN [06-01|09:47:49.248] Snap sync requested, resetting --cache.snapshot
INFO [06-01|09:47:49.248] Set global gas cap                       cap=50,000,000
INFO [06-01|09:47:50.045] Using developer account                  address=0xf39Fd6e51aad88F6F4ce6aB8827279cffFb92266
INFO [06-01|09:47:50.081] Using pebble as the backing database
INFO [06-01|09:47:50.081] Allocated cache and file handles         database=/mnt/state_expiry_vol_data/ubt-vs-pbt-dbs/pbt/geth/chaindata cache=16.00MiB handles=262,144
INFO [06-01|09:47:50.279] Opened ancient database                  database=/mnt/state_expiry_vol_data/ubt-vs-pbt-dbs/pbt/geth/chaindata/ancient/chain readonly=true
INFO [06-01|09:47:50.279] Opened Era store                         datadir=/mnt/state_expiry_vol_data/ubt-vs-pbt-dbs/pbt/geth/chaindata/ancient/chain/era
INFO [06-01|09:47:50.285] Initializing the KZG library             backend=gokzg
INFO [06-01|09:47:50.287] Allocated trie memory caches             clean=0.00B dirty=0.00B
INFO [06-01|09:47:50.294] Using pebble as the backing database
INFO [06-01|09:47:50.294] Allocated cache and file handles         database=/mnt/state_expiry_vol_data/ubt-vs-pbt-dbs/pbt/geth/chaindata cache=16.00MiB handles=262,144
INFO [06-01|09:47:50.480] Opened ancient database                  database=/mnt/state_expiry_vol_data/ubt-vs-pbt-dbs/pbt/geth/chaindata/ancient/chain readonly=false
INFO [06-01|09:47:50.480] Opened Era store                         datadir=/mnt/state_expiry_vol_data/ubt-vs-pbt-dbs/pbt/geth/chaindata/ancient/chain/era
INFO [06-01|09:47:50.485] State scheme set to already existing     scheme=path
INFO [06-01|09:47:50.486] Initialising Ethereum protocol           network=1337 dbversion=9
INFO [06-01|09:47:50.486] Load database journal from file          path=/mnt/state_expiry_vol_data/ubt-vs-pbt-dbs/pbt/geth/triedb/verkle.journal
INFO [06-01|09:47:50.549] Opened ancient database                  database=/mnt/state_expiry_vol_data/ubt-vs-pbt-dbs/pbt/geth/chaindata/ancient/state_verkle readonly=false
INFO [06-01|09:47:50.551] State snapshot generator is not compatible
INFO [06-01|09:47:50.551] Initialized path database                triecache=0.00B statecache=0.00B buffer=0.00B state-history="last 90000 blocks" journal-dir=/mnt/state_expiry_vol_data/ubt-vs-pbt-dbs/pbt/geth/triedb verkle=true
INFO [06-01|09:47:50.552] 
INFO [06-01|09:47:50.552] ---------------------------------------------------------------------------------------------------------------------------------------------------------
INFO [06-01|09:47:50.552] Chain ID:  1337 (unknown)
INFO [06-01|09:47:50.552] Consensus: unknown
INFO [06-01|09:47:50.552] 
INFO [06-01|09:47:50.552] Pre-Merge hard forks (block based):
INFO [06-01|09:47:50.552]  - Homestead:                   #0       
INFO [06-01|09:47:50.552]  - Tangerine Whistle (EIP 150): #0       
INFO [06-01|09:47:50.552]  - Spurious Dragon/1 (EIP 155): #0       
INFO [06-01|09:47:50.552]  - Spurious Dragon/2 (EIP 158): #0       
INFO [06-01|09:47:50.552]  - Byzantium:                   #0       
INFO [06-01|09:47:50.552]  - Constantinople:              #0       
INFO [06-01|09:47:50.552]  - Petersburg:                  #0       
INFO [06-01|09:47:50.552]  - Istanbul:                    #0       
INFO [06-01|09:47:50.552]  - Berlin:                      #0       
INFO [06-01|09:47:50.552]  - London:                      #0       
INFO [06-01|09:47:50.552]  - Arrow Glacier:               #0       
INFO [06-01|09:47:50.552]  - Gray Glacier:                #0       
INFO [06-01|09:47:50.552] 
INFO [06-01|09:47:50.552] Merge configured:
INFO [06-01|09:47:50.552]  - Total terminal difficulty:  0
INFO [06-01|09:47:50.552]  - Merge netsplit block:       #0       
INFO [06-01|09:47:50.552] 
INFO [06-01|09:47:50.552] Post-Merge hard forks (timestamp based):
INFO [06-01|09:47:50.552]  - Shanghai:                    @0         
INFO [06-01|09:47:50.552]  - Cancun:                      @0          blob: (target: 3, max: 6, fraction: 3338477)
INFO [06-01|09:47:50.552]  - Prague:                      @0          blob: (target: 6, max: 9, fraction: 5007716)
INFO [06-01|09:47:50.552]  - Osaka:                       @0          blob: (target: 6, max: 9, fraction: 5007716)
INFO [06-01|09:47:50.552]  - UBT:                         @0          blob: (nil)
INFO [06-01|09:47:50.552] 
INFO [06-01|09:47:50.552] All fork specifications can be found at https://ethereum.github.io/execution-specs/src/ethereum/forks/
INFO [06-01|09:47:50.552] 
INFO [06-01|09:47:50.552] ---------------------------------------------------------------------------------------------------------------------------------------------------------
INFO [06-01|09:47:50.552] 
INFO [06-01|09:47:50.554] Loaded most recent local block           number=2731 hash=d72c4e..d321fb age=3s
INFO [06-01|09:47:50.554] Loaded most recent local finalized block number=2720 hash=82ebb0..b34130 age=18s
INFO [06-01|09:47:50.555] Initialized transaction indexer          range="last 2350000 blocks"
INFO [06-01|09:47:50.555] Initialized log indexer                  firstblock=0 lastblock=2731 firstmap=0 lastmap=0 headindexed=true
INFO [06-01|09:47:50.610] Enabled full-sync                        head=2731 hash=d72c4e..d321fb
INFO [06-01|09:47:50.610] Unprotected transactions allowed
INFO [06-01|09:47:50.610] Gasprice oracle is ignoring threshold set threshold=2
INFO [06-01|09:47:50.611] Registered sync override service
WARN [06-01|09:47:50.611] You are running Geth in --dev mode. Please note the following:
WARN [06-01|09:47:50.611] 
WARN [06-01|09:47:50.611]   1. This mode is only intended for fast, iterative development without assumptions on
WARN [06-01|09:47:50.611]      security or persistence.
WARN [06-01|09:47:50.611]   2. The database is created in memory unless specified otherwise. Therefore, shutting down
WARN [06-01|09:47:50.611]      your computer or losing power will wipe your entire block data and chain state for
WARN [06-01|09:47:50.611]      your dev environment.
WARN [06-01|09:47:50.611]   3. A random, pre-allocated developer account will be available and unlocked as
WARN [06-01|09:47:50.611]      eth.coinbase, which can be used for testing. The random dev account is temporary,
WARN [06-01|09:47:50.611]      stored on a ramdisk, and will be lost if your machine is restarted.
WARN [06-01|09:47:50.611]   4. Mining is enabled by default. However, the client will only seal blocks if transactions
WARN [06-01|09:47:50.611]      are pending in the mempool. The miner's minimum accepted gas price is 1.
WARN [06-01|09:47:50.611]   5. Networking is disabled; there is no listen-address, the maximum number of peers is set
WARN [06-01|09:47:50.611]      to 0, and discovery is disabled.
WARN [06-01|09:47:50.611] 
INFO [06-01|09:47:50.611] Starting peer-to-peer node               instance=Geth/v1.17.3-unstable/linux-amd64/go1.24.9
WARN [06-01|09:47:50.611] P2P server will be useless, neither dialing nor listening
INFO [06-01|09:47:50.640] IPC endpoint opened                      url=/mnt/state_expiry_vol_data/ubt-vs-pbt-dbs/pbt/geth.ipc
ERROR[06-01|09:47:50.641] Unavailable modules in HTTP API list     unavailable=[personal] available="[admin debug web3 eth txpool miner net dev testing]"
INFO [06-01|09:47:50.641] New local node record                    seq=1,780,292,694,587 id=972c5cc0b2a1895c ip=127.0.0.1 udp=0 tcp=0
INFO [06-01|09:47:50.641] Started P2P networking                   self=enode://16ec6c0bde109d66472afe00ec8fee3d30718d830d1acf0829842abca89b82afff8a454636cde3b26d700f98647938c6f23e7bee3027caca0d7f19e4b3725e13@127.0.0.1:0
INFO [06-01|09:47:50.641] HTTP server started                      endpoint=127.0.0.1:8545 auth=false prefix= cors= vhosts=localhost
INFO [06-01|09:47:50.641] WebSocket enabled                        url=ws://127.0.0.1:8546
INFO [06-01|09:47:50.851] Loaded local transaction journal         transactions=2125 dropped=0
INFO [06-01|09:47:51.692] Started log indexer
INFO [06-01|09:47:51.735] Starting work on payload                 id=0x0331479f1128736f
INFO [06-01|09:47:51.742] Updated payload                          id=0x0331479f1128736f number=2732 hash=e8c7fd..538a10 txs=0 withdrawals=0 gas=0 fees=0 root=2d3171..a04ce9 elapsed=6.262ms
INFO [06-01|09:47:51.742] Stopping work on payload                 id=0x0331479f1128736f reason=delivery
WARN [06-01|09:47:51.746] {"level":"warn","msg":"Slow block","block":{"number":2732,"hash":"0xe8c7fde82ba54b54764990f097240c00c4bf89edb62e9afee077197d5b538a10","gas_used":0,"tx_count":0},"timing":{"execution_ms":0.069491,"state_read_ms":3.117712,"state_hash_ms":0.00445,"commit_ms":0.180322,"total_ms":3.638251},"throughput":{"mgas_per_sec":0},"state_reads":{"accounts":4,"storage_slots":0,"code":0,"code_bytes":0},"state_writes":{"accounts":0,"accounts_deleted":0,"storage_slots":0,"storage_slots_deleted":0,"code":0,"code_bytes":0},"cache":{"account":{"hits":0,"misses":4,"hit_rate":0},"storage":{"hits":0,"misses":0,"hit_rate":0},"code":{"hits":0,"misses":0,"hit_rate":0,"hit_bytes":0,"miss_bytes":0}}}
INFO [06-01|09:47:51.746] Imported new potential chain segment     number=2732 hash=e8c7fd..538a10 blocks=1 txs=0 mgas=0.000 elapsed=3.987ms mgasps=0.000 triediffs=2.95MiB triedirty=0.00B
INFO [06-01|09:47:51.746] Chain head was updated                   number=2732 hash=e8c7fd..538a10 root=2d3171..a04ce9 elapsed="47.212µs"
INFO [06-01|09:47:52.751] Starting work on payload                 id=0x039c1439481839be
INFO [06-01|09:47:52.763] Updated payload                          id=0x039c1439481839be number=2733 hash=4cdf83..22ea19 txs=0 withdrawals=0 gas=0 fees=0 root=2d3171..a04ce9 elapsed=12.138ms
INFO [06-01|09:47:52.763] Stopping work on payload                 id=0x039c1439481839be reason=delivery
WARN [06-01|09:47:52.768] {"level":"warn","msg":"Slow block","block":{"number":2733,"hash":"0x4cdf83d14b68282d36c76e49c687793d3e60e0ccf8c544b5d7563bdcd022ea19","gas_used":0,"tx_count":0},"timing":{"execution_ms":0.033339,"state_read_ms":4.566447,"state_hash_ms":0.001761,"commit_ms":0.094745,"total_ms":4.858728},"throughput":{"mgas_per_sec":0},"state_reads":{"accounts":4,"storage_slots":0,"code":0,"code_bytes":0},"state_writes":{"accounts":0,"accounts_deleted":0,"storage_slots":0,"storage_slots_deleted":0,"code":0,"code_bytes":0},"cache":{"account":{"hits":0,"misses":4,"hit_rate":0},"storage":{"hits":0,"misses":0,"hit_rate":0},"code":{"hits":0,"misses":0,"hit_rate":0,"hit_bytes":0,"miss_bytes":0}}}
INFO [06-01|09:47:52.768] Imported new potential chain segment     number=2733 hash=4cdf83..22ea19 blocks=1 txs=0 mgas=0.000 elapsed=5.081ms    mgasps=0.000 triediffs=2.95MiB triedirty=0.00B
INFO [06-01|09:47:52.768] Chain head was updated                   number=2733 hash=4cdf83..22ea19 root=2d3171..a04ce9 elapsed="34.114µs"
INFO [06-01|09:47:53.773] Starting work on payload                 id=0x03985aecba2e7506
INFO [06-01|09:47:53.782] Updated payload                          id=0x03985aecba2e7506 number=2734 hash=9dfc4d..d6140d txs=0 withdrawals=0 gas=0 fees=0 root=2d3171..a04ce9 elapsed=8.525ms
INFO [06-01|09:47:53.782] Stopping work on payload                 id=0x03985aecba2e7506 reason=delivery
WARN [06-01|09:47:53.798] {"level":"warn","msg":"Slow block","block":{"number":2734,"hash":"0x9dfc4d080b551ec927687088b7f8a886df6be66e3f624f0c7f2601e3f3d6140d","gas_used":0,"tx_count":0},"timing":{"execution_ms":0.056345,"state_read_ms":15.229429,"state_hash_ms":0.002321,"commit_ms":0.156235,"total_ms":15.778991},"throughput":{"mgas_per_sec":0},"state_reads":{"accounts":4,"storage_slots":0,"code":0,"code_bytes":0},"state_writes":{"accounts":0,"accounts_deleted":0,"storage_slots":0,"storage_slots_deleted":0,"code":0,"code_bytes":0},"cache":{"account":{"hits":0,"misses":4,"hit_rate":0},"storage":{"hits":0,"misses":0,"hit_rate":0},"code":{"hits":0,"misses":0,"hit_rate":0,"hit_bytes":0,"miss_bytes":0}}}
INFO [06-01|09:47:53.798] Imported new potential chain segment     number=2734 hash=9dfc4d..d6140d blocks=1 txs=0 mgas=0.000 elapsed=15.946ms   mgasps=0.000 triediffs=2.95MiB triedirty=0.00B
INFO [06-01|09:47:53.799] Chain head was updated                   number=2734 hash=9dfc4d..d6140d root=2d3171..a04ce9 elapsed="60.456µs"
INFO [06-01|09:47:54.135] Submitted contract creation              hash=0xdef11022e3cb0d457d3b9af2c1f69f0a92677cfd3250a1955ca9bdb6af77f4e1 from=0xf39Fd6e51aad88F6F4ce6aB8827279cffFb92266 nonce=807 contract=0x5147c5C1Cb5b5D3f56186C37a4bcFBb3Cd0bD5A7 value=0
INFO [06-01|09:47:54.136] Submitted transaction                    hash=0xdd3a6d366560298a6dff90643350b6cc6a68e90e87950b165929ae6ef8b782fe from=0xf39Fd6e51aad88F6F4ce6aB8827279cffFb92266 nonce=808 recipient=0xE3a1fe3BE7274C951E371Cf3eD941630D4F224d1 value=78,000,000
INFO [06-01|09:47:54.803] Starting work on payload                 id=0x03ddeb93fc92856e
INFO [06-01|09:47:54.839] Updated payload                          id=0x03ddeb93fc92856e number=2735 hash=996a56..72fdd4 txs=2 withdrawals=0 gas=86938 fees=5.21628e-13 root=0c653d..5f5ce1 elapsed=35.330ms
INFO [06-01|09:47:54.839] Stopping work on payload                 id=0x03ddeb93fc92856e reason=delivery
INFO [06-01|09:47:54.878] Paused snapshot generation
WARN [06-01|09:47:54.879] {"level":"warn","msg":"Slow block","block":{"number":2735,"hash":"0x996a567d2e5fab683ab2d58be3adc3b9af27ea7f631e9619f138c663e172fdd4","gas_used":86938,"tx_count":2},"timing":{"execution_ms":0.161052,"state_read_ms":15.252067,"state_hash_ms":18.070046,"commit_ms":5.849402,"total_ms":39.514223},"throughput":{"mgas_per_sec":2.2001697970880003},"state_reads":{"accounts":11,"storage_slots":0,"code":0,"code_bytes":0},"state_writes":{"accounts":3,"accounts_deleted":0,"storage_slots":0,"storage_slots_deleted":0,"code":1,"code_bytes":165},"cache":{"account":{"hits":5,"misses":6,"hit_rate":45.45454545454545},"storage":{"hits":0,"misses":0,"hit_rate":0},"code":{"hits":0,"misses":0,"hit_rate":0,"hit_bytes":0,"miss_bytes":0}}}
INFO [06-01|09:47:54.879] Imported new potential chain segment     number=2735 hash=996a56..72fdd4 blocks=1 txs=2 mgas=0.087 elapsed=39.666ms   mgasps=2.192 triediffs=2.95MiB triedirty=0.00B
INFO [06-01|09:47:54.879] Chain head was updated                   number=2735 hash=996a56..72fdd4 root=0c653d..5f5ce1 elapsed="158.841µs"
WARN [06-01|09:47:54.904] Snapshot generation is not permitted
INFO [06-01|09:47:55.149] Submitted transaction                    hash=0x32371f4fd0a83b5790d00ab4b4665911a6c59d33d7c4c0f1fcd4acdfff05e977 from=0xE3a1fe3BE7274C951E371Cf3eD941630D4F224d1 nonce=0   recipient=0x5147c5C1Cb5b5D3f56186C37a4bcFBb3Cd0bD5A7 value=0
INFO [06-01|09:47:55.884] Starting work on payload                 id=0x0355473e63dfa1a2
INFO [06-01|09:47:55.935] Updated payload                          id=0x0355473e63dfa1a2 number=2736 hash=7789cb..f7d166 txs=1 withdrawals=0 gas=5,915,142 fees=3.5490852e-11 root=19fb4b..00e447 elapsed=51.235ms
INFO [06-01|09:47:55.935] Stopping work on payload                 id=0x0355473e63dfa1a2 reason=delivery
INFO [06-01|09:47:55.970] Paused snapshot generation
WARN [06-01|09:47:55.970] {"level":"warn","msg":"Slow block","block":{"number":2736,"hash":"0x7789cb59e4ca7c2f1e48621dcad858909cbe12fd12c389fced064eddeff7d166","gas_used":5915142,"tx_count":1},"timing":{"execution_ms":17.713241,"state_read_ms":12.021751,"state_hash_ms":3.99012,"commit_ms":1.120084,"total_ms":35.053384},"throughput":{"mgas_per_sec":168.74667507137113},"state_reads":{"accounts":107,"storage_slots":1280,"code":101,"code_bytes":2965},"state_writes":{"accounts":3,"accounts_deleted":0,"storage_slots":106,"storage_slots_deleted":0,"code":0,"code_bytes":0},"cache":{"account":{"hits":32,"misses":75,"hit_rate":29.906542056074763},"storage":{"hits":610,"misses":670,"hit_rate":47.65625},"code":{"hits":101,"misses":0,"hit_rate":100,"hit_bytes":2965,"miss_bytes":0}}}
INFO [06-01|09:47:55.970] Imported new potential chain segment     number=2736 hash=7789cb..f7d166 blocks=1 txs=1 mgas=5.915 elapsed=35.222ms    mgasps=167.939 triediffs=2.98MiB triedirty=0.00B
INFO [06-01|09:47:55.971] Chain head was updated                   number=2736 hash=7789cb..f7d166 root=19fb4b..00e447 elapsed="95.483µs"
WARN [06-01|09:47:55.994] Snapshot generation is not permitted
INFO [06-01|09:47:56.162] Submitted transaction                    hash=0xa10f901a1ca59c89b541b54ecd944c54775729063651c0f1c32e6e07ae7f4eae from=0xE3a1fe3BE7274C951E371Cf3eD941630D4F224d1 nonce=1   recipient=0xf39Fd6e51aad88F6F4ce6aB8827279cffFb92266 value=851,154
INFO [06-01|09:47:56.975] Starting work on payload                 id=0x03e300730bfeeeaf
INFO [06-01|09:47:56.988] Updated payload                          id=0x03e300730bfeeeaf number=2737 hash=ca0339..f55e34 txs=1 withdrawals=0 gas=21000     fees=2.1e-14       root=3b2cd0..fdd0c9 elapsed=12.273ms
INFO [06-01|09:47:56.988] Stopping work on payload                 id=0x03e300730bfeeeaf reason=delivery
INFO [06-01|09:47:57.006] Paused snapshot generation
WARN [06-01|09:47:57.006] {"level":"warn","msg":"Slow block","block":{"number":2737,"hash":"0xca033923d2ef82511e264c310e5a473a94510573229c6b4de8a41add50f55e34","gas_used":21000,"tx_count":1},"timing":{"execution_ms":0.091004,"state_read_ms":3.315303,"state_hash_ms":13.591034,"commit_ms":0.552277,"total_ms":17.847859},"throughput":{"mgas_per_sec":1.1766117157245584},"state_reads":{"accounts":6,"storage_slots":0,"code":0,"code_bytes":0},"state_writes":{"accounts":2,"accounts_deleted":0,"storage_slots":0,"storage_slots_deleted":0,"code":0,"code_bytes":0},"cache":{"account":{"hits":2,"misses":4,"hit_rate":33.33333333333333},"storage":{"hits":0,"misses":0,"hit_rate":0},"code":{"hits":0,"misses":0,"hit_rate":0,"hit_bytes":0,"miss_bytes":0}}}
INFO [06-01|09:47:57.006] Imported new potential chain segment     number=2737 hash=ca0339..f55e34 blocks=1 txs=1 mgas=0.021 elapsed=17.977ms    mgasps=1.168   triediffs=2.98MiB triedirty=0.00B
INFO [06-01|09:47:57.006] Chain head was updated                   number=2737 hash=ca0339..f55e34 root=3b2cd0..fdd0c9 elapsed="48.537µs"
WARN [06-01|09:47:57.025] Snapshot generation is not permitted
