WARN [06-01|09:57:22.823] Unknown config environment variable      envvar=GETH_PBT_BIN
WARN [06-01|09:57:22.823] Unknown config environment variable      envvar=GETH_UBT_BIN
INFO [06-01|09:57:22.838] Starting Geth on Ethereum mainnet...
INFO [06-01|09:57:22.840] Maximum peer count                       ETH=0 total=0
INFO [06-01|09:57:22.842] Smartcard socket not found, disabling    err="stat /run/pcscd/pcscd.comm: no such file or directory"
WARN [06-01|09:57:22.849] Option --miner.etherbase is deprecated as the etherbase is set by the consensus client post-merge
WARN [06-01|09:57:22.850] Snap sync requested, resetting --cache.snapshot
INFO [06-01|09:57:22.851] Set global gas cap                       cap=50,000,000
INFO [06-01|09:57:23.672] Using developer account                  address=0xf39Fd6e51aad88F6F4ce6aB8827279cffFb92266
INFO [06-01|09:57:23.710] Using pebble as the backing database
INFO [06-01|09:57:23.710] Allocated cache and file handles         database=/mnt/state_expiry_vol_data/ubt-vs-pbt-dbs/pbt/geth/chaindata cache=16.00MiB handles=262,144
INFO [06-01|09:57:23.926] Opened ancient database                  database=/mnt/state_expiry_vol_data/ubt-vs-pbt-dbs/pbt/geth/chaindata/ancient/chain readonly=true
INFO [06-01|09:57:23.926] Opened Era store                         datadir=/mnt/state_expiry_vol_data/ubt-vs-pbt-dbs/pbt/geth/chaindata/ancient/chain/era
INFO [06-01|09:57:23.933] Initializing the KZG library             backend=gokzg
INFO [06-01|09:57:23.934] Allocated trie memory caches             clean=0.00B dirty=0.00B
INFO [06-01|09:57:23.942] Using pebble as the backing database
INFO [06-01|09:57:23.942] Allocated cache and file handles         database=/mnt/state_expiry_vol_data/ubt-vs-pbt-dbs/pbt/geth/chaindata cache=16.00MiB handles=262,144
INFO [06-01|09:57:24.150] Opened ancient database                  database=/mnt/state_expiry_vol_data/ubt-vs-pbt-dbs/pbt/geth/chaindata/ancient/chain readonly=false
INFO [06-01|09:57:24.150] Opened Era store                         datadir=/mnt/state_expiry_vol_data/ubt-vs-pbt-dbs/pbt/geth/chaindata/ancient/chain/era
INFO [06-01|09:57:24.156] State scheme set to already existing     scheme=path
INFO [06-01|09:57:24.156] Initialising Ethereum protocol           network=1337 dbversion=9
INFO [06-01|09:57:24.156] Load database journal from file          path=/mnt/state_expiry_vol_data/ubt-vs-pbt-dbs/pbt/geth/triedb/verkle.journal
INFO [06-01|09:57:24.265] Opened ancient database                  database=/mnt/state_expiry_vol_data/ubt-vs-pbt-dbs/pbt/geth/chaindata/ancient/state_verkle readonly=false
INFO [06-01|09:57:24.267] State snapshot generator is not compatible
INFO [06-01|09:57:24.267] Initialized path database                triecache=0.00B statecache=0.00B buffer=0.00B state-history="last 90000 blocks" journal-dir=/mnt/state_expiry_vol_data/ubt-vs-pbt-dbs/pbt/geth/triedb verkle=true
INFO [06-01|09:57:24.268] 
INFO [06-01|09:57:24.268] ---------------------------------------------------------------------------------------------------------------------------------------------------------
INFO [06-01|09:57:24.268] Chain ID:  1337 (unknown)
INFO [06-01|09:57:24.268] Consensus: unknown
INFO [06-01|09:57:24.268] 
INFO [06-01|09:57:24.268] Pre-Merge hard forks (block based):
INFO [06-01|09:57:24.268]  - Homestead:                   #0       
INFO [06-01|09:57:24.268]  - Tangerine Whistle (EIP 150): #0       
INFO [06-01|09:57:24.268]  - Spurious Dragon/1 (EIP 155): #0       
INFO [06-01|09:57:24.268]  - Spurious Dragon/2 (EIP 158): #0       
INFO [06-01|09:57:24.268]  - Byzantium:                   #0       
INFO [06-01|09:57:24.268]  - Constantinople:              #0       
INFO [06-01|09:57:24.268]  - Petersburg:                  #0       
INFO [06-01|09:57:24.268]  - Istanbul:                    #0       
INFO [06-01|09:57:24.268]  - Berlin:                      #0       
INFO [06-01|09:57:24.268]  - London:                      #0       
INFO [06-01|09:57:24.268]  - Arrow Glacier:               #0       
INFO [06-01|09:57:24.268]  - Gray Glacier:                #0       
INFO [06-01|09:57:24.268] 
INFO [06-01|09:57:24.268] Merge configured:
INFO [06-01|09:57:24.268]  - Total terminal difficulty:  0
INFO [06-01|09:57:24.268]  - Merge netsplit block:       #0       
INFO [06-01|09:57:24.268] 
INFO [06-01|09:57:24.268] Post-Merge hard forks (timestamp based):
INFO [06-01|09:57:24.268]  - Shanghai:                    @0         
INFO [06-01|09:57:24.268]  - Cancun:                      @0          blob: (target: 3, max: 6, fraction: 3338477)
INFO [06-01|09:57:24.268]  - Prague:                      @0          blob: (target: 6, max: 9, fraction: 5007716)
INFO [06-01|09:57:24.268]  - Osaka:                       @0          blob: (target: 6, max: 9, fraction: 5007716)
INFO [06-01|09:57:24.268]  - UBT:                         @0          blob: (nil)
INFO [06-01|09:57:24.268] 
INFO [06-01|09:57:24.268] All fork specifications can be found at https://ethereum.github.io/execution-specs/src/ethereum/forks/
INFO [06-01|09:57:24.268] 
INFO [06-01|09:57:24.268] ---------------------------------------------------------------------------------------------------------------------------------------------------------
INFO [06-01|09:57:24.268] 
INFO [06-01|09:57:24.270] Loaded most recent local block           number=3092 hash=49c9f0..097805 age=3s
INFO [06-01|09:57:24.270] Loaded most recent local finalized block number=3072 hash=76d8da..638a7f age=34s
INFO [06-01|09:57:24.271] Initialized transaction indexer          range="last 2350000 blocks"
INFO [06-01|09:57:24.271] Initialized log indexer                  firstblock=0 lastblock=3092 firstmap=0 lastmap=0 headindexed=true
INFO [06-01|09:57:24.293] Enabled full-sync                        head=3092 hash=49c9f0..097805
INFO [06-01|09:57:24.293] Unprotected transactions allowed
INFO [06-01|09:57:24.293] Gasprice oracle is ignoring threshold set threshold=2
INFO [06-01|09:57:24.294] Registered sync override service
WARN [06-01|09:57:24.294] You are running Geth in --dev mode. Please note the following:
WARN [06-01|09:57:24.294] 
WARN [06-01|09:57:24.294]   1. This mode is only intended for fast, iterative development without assumptions on
WARN [06-01|09:57:24.294]      security or persistence.
WARN [06-01|09:57:24.294]   2. The database is created in memory unless specified otherwise. Therefore, shutting down
WARN [06-01|09:57:24.294]      your computer or losing power will wipe your entire block data and chain state for
WARN [06-01|09:57:24.294]      your dev environment.
WARN [06-01|09:57:24.294]   3. A random, pre-allocated developer account will be available and unlocked as
WARN [06-01|09:57:24.294]      eth.coinbase, which can be used for testing. The random dev account is temporary,
WARN [06-01|09:57:24.294]      stored on a ramdisk, and will be lost if your machine is restarted.
WARN [06-01|09:57:24.294]   4. Mining is enabled by default. However, the client will only seal blocks if transactions
WARN [06-01|09:57:24.294]      are pending in the mempool. The miner's minimum accepted gas price is 1.
WARN [06-01|09:57:24.294]   5. Networking is disabled; there is no listen-address, the maximum number of peers is set
WARN [06-01|09:57:24.294]      to 0, and discovery is disabled.
WARN [06-01|09:57:24.294] 
INFO [06-01|09:57:24.294] Starting peer-to-peer node               instance=Geth/v1.17.3-unstable/linux-amd64/go1.24.9
WARN [06-01|09:57:24.294] P2P server will be useless, neither dialing nor listening
INFO [06-01|09:57:24.318] New local node record                    seq=1,780,292,694,646 id=972c5cc0b2a1895c ip=127.0.0.1 udp=0 tcp=0
INFO [06-01|09:57:24.318] Started P2P networking                   self=enode://16ec6c0bde109d66472afe00ec8fee3d30718d830d1acf0829842abca89b82afff8a454636cde3b26d700f98647938c6f23e7bee3027caca0d7f19e4b3725e13@127.0.0.1:0
INFO [06-01|09:57:24.318] IPC endpoint opened                      url=/mnt/state_expiry_vol_data/ubt-vs-pbt-dbs/pbt/geth.ipc
ERROR[06-01|09:57:24.318] Unavailable modules in HTTP API list     unavailable=[personal] available="[admin debug web3 eth txpool miner net dev testing]"
INFO [06-01|09:57:24.319] HTTP server started                      endpoint=127.0.0.1:8545 auth=false prefix= cors= vhosts=localhost
INFO [06-01|09:57:24.319] WebSocket enabled                        url=ws://127.0.0.1:8546
INFO [06-01|09:57:24.579] Loaded local transaction journal         transactions=2361 dropped=0
INFO [06-01|09:57:25.532] Started log indexer
INFO [06-01|09:57:25.575] Starting work on payload                 id=0x03483d28c8aaf3be
INFO [06-01|09:57:25.578] Updated payload                          id=0x03483d28c8aaf3be number=3093 hash=d9bb20..0d7b55 txs=0 withdrawals=0 gas=0 fees=0 root=47882d..8bad9c elapsed=3.362ms
INFO [06-01|09:57:25.578] Stopping work on payload                 id=0x03483d28c8aaf3be reason=delivery
WARN [06-01|09:57:25.583] {"level":"warn","msg":"Slow block","block":{"number":3093,"hash":"0xd9bb2073e3b391e73aa60fac69822a2346bad055da64b223b1095116890d7b55","gas_used":0,"tx_count":0},"timing":{"execution_ms":0.042053,"state_read_ms":3.590396,"state_hash_ms":0.001434,"commit_ms":0.255242,"total_ms":4.130642},"throughput":{"mgas_per_sec":0},"state_reads":{"accounts":4,"storage_slots":0,"code":0,"code_bytes":0},"state_writes":{"accounts":0,"accounts_deleted":0,"storage_slots":0,"storage_slots_deleted":0,"code":0,"code_bytes":0},"cache":{"account":{"hits":0,"misses":4,"hit_rate":0},"storage":{"hits":0,"misses":0,"hit_rate":0},"code":{"hits":0,"misses":0,"hit_rate":0,"hit_bytes":0,"miss_bytes":0}}}
INFO [06-01|09:57:25.583] Imported new potential chain segment     number=3093 hash=d9bb20..0d7b55 blocks=1 txs=0 mgas=0.000 elapsed=4.489ms mgasps=0.000 triediffs=1.81MiB triedirty=0.00B
INFO [06-01|09:57:25.583] Chain head was updated                   number=3093 hash=d9bb20..0d7b55 root=47882d..8bad9c elapsed="86.84µs"
INFO [06-01|09:57:26.588] Starting work on payload                 id=0x031829d18cd46838
INFO [06-01|09:57:26.601] Updated payload                          id=0x031829d18cd46838 number=3094 hash=7d879b..97b993 txs=0 withdrawals=0 gas=0 fees=0 root=47882d..8bad9c elapsed=13.236ms
INFO [06-01|09:57:26.601] Stopping work on payload                 id=0x031829d18cd46838 reason=delivery
WARN [06-01|09:57:26.606] {"level":"warn","msg":"Slow block","block":{"number":3094,"hash":"0x7d879b7f5f6ed951c672394913cdea0094dc750b0728d23b06a703a13597b993","gas_used":0,"tx_count":0},"timing":{"execution_ms":0.034691,"state_read_ms":3.999337,"state_hash_ms":0.002408,"commit_ms":0.110761,"total_ms":4.464133},"throughput":{"mgas_per_sec":0},"state_reads":{"accounts":4,"storage_slots":0,"code":0,"code_bytes":0},"state_writes":{"accounts":0,"accounts_deleted":0,"storage_slots":0,"storage_slots_deleted":0,"code":0,"code_bytes":0},"cache":{"account":{"hits":0,"misses":4,"hit_rate":0},"storage":{"hits":0,"misses":0,"hit_rate":0},"code":{"hits":0,"misses":0,"hit_rate":0,"hit_bytes":0,"miss_bytes":0}}}
INFO [06-01|09:57:26.606] Imported new potential chain segment     number=3094 hash=7d879b..97b993 blocks=1 txs=0 mgas=0.000 elapsed=4.678ms   mgasps=0.000 triediffs=1.81MiB triedirty=0.00B
INFO [06-01|09:57:26.606] Chain head was updated                   number=3094 hash=7d879b..97b993 root=47882d..8bad9c elapsed="49.569µs"
INFO [06-01|09:57:27.612] Starting work on payload                 id=0x03fae3ad32fe23db
INFO [06-01|09:57:27.624] Updated payload                          id=0x03fae3ad32fe23db number=3095 hash=753fa5..21a4df txs=0 withdrawals=0 gas=0 fees=0 root=47882d..8bad9c elapsed=12.205ms
INFO [06-01|09:57:27.625] Stopping work on payload                 id=0x03fae3ad32fe23db reason=delivery
WARN [06-01|09:57:27.642] {"level":"warn","msg":"Slow block","block":{"number":3095,"hash":"0x753fa553ecc24c288e00c983104b9d6df74a2bda35eff2f5c7816a6f1821a4df","gas_used":0,"tx_count":0},"timing":{"execution_ms":0.043726,"state_read_ms":17.157874,"state_hash_ms":0.002575,"commit_ms":0.129811,"total_ms":17.517021},"throughput":{"mgas_per_sec":0},"state_reads":{"accounts":4,"storage_slots":0,"code":0,"code_bytes":0},"state_writes":{"accounts":0,"accounts_deleted":0,"storage_slots":0,"storage_slots_deleted":0,"code":0,"code_bytes":0},"cache":{"account":{"hits":0,"misses":4,"hit_rate":0},"storage":{"hits":0,"misses":0,"hit_rate":0},"code":{"hits":0,"misses":0,"hit_rate":0,"hit_bytes":0,"miss_bytes":0}}}
INFO [06-01|09:57:27.642] Imported new potential chain segment     number=3095 hash=753fa5..21a4df blocks=1 txs=0 mgas=0.000 elapsed=17.748ms   mgasps=0.000 triediffs=1.81MiB triedirty=0.00B
INFO [06-01|09:57:27.643] Chain head was updated                   number=3095 hash=753fa5..21a4df root=47882d..8bad9c elapsed="43.919µs"
INFO [06-01|09:57:27.824] Submitted contract creation              hash=0x88c6adaea05a85108049e36dd2ffdff44cdb871aed16db42c8fded6459024f32 from=0xf39Fd6e51aad88F6F4ce6aB8827279cffFb92266 nonce=925 contract=0x2550d6424b46f78F4E31F1CCf88Da26dda7826C6 value=0
INFO [06-01|09:57:27.824] Submitted transaction                    hash=0x6332a619add0af95bc41a155ea4ce7939dddee65dc0b3e1f51738b411dd8a004 from=0xf39Fd6e51aad88F6F4ce6aB8827279cffFb92266 nonce=926 recipient=0xde85c2428893a8EB0B1f89c8F0C82C9d014748A2 value=78,000,000
INFO [06-01|09:57:28.647] Starting work on payload                 id=0x036942a75f8f5db6
INFO [06-01|09:57:28.681] Updated payload                          id=0x036942a75f8f5db6 number=3096 hash=3434fc..527be9 txs=2 withdrawals=0 gas=91710 fees=5.5026e-13 root=23d6cb..5719b9 elapsed=33.827ms
INFO [06-01|09:57:28.681] Stopping work on payload                 id=0x036942a75f8f5db6 reason=delivery
INFO [06-01|09:57:28.721] Paused snapshot generation
WARN [06-01|09:57:28.722] {"level":"warn","msg":"Slow block","block":{"number":3096,"hash":"0x3434fcfc1ea2a0e8440cab788caaaa4699cb390ae57c8866510e4ee9d2527be9","gas_used":91710,"tx_count":2},"timing":{"execution_ms":0.119492,"state_read_ms":15.479262,"state_hash_ms":19.531003,"commit_ms":4.820418,"total_ms":40.179997},"throughput":{"mgas_per_sec":2.282479015615656},"state_reads":{"accounts":11,"storage_slots":0,"code":0,"code_bytes":0},"state_writes":{"accounts":3,"accounts_deleted":0,"storage_slots":0,"storage_slots_deleted":0,"code":1,"code_bytes":305},"cache":{"account":{"hits":5,"misses":6,"hit_rate":45.45454545454545},"storage":{"hits":0,"misses":0,"hit_rate":0},"code":{"hits":0,"misses":0,"hit_rate":0,"hit_bytes":0,"miss_bytes":0}}}
INFO [06-01|09:57:28.722] Imported new potential chain segment     number=3096 hash=3434fc..527be9 blocks=1 txs=2 mgas=0.092 elapsed=40.437ms   mgasps=2.268 triediffs=1.78MiB triedirty=0.00B
INFO [06-01|09:57:28.722] Chain head was updated                   number=3096 hash=3434fc..527be9 root=23d6cb..5719b9 elapsed="199.69µs"
WARN [06-01|09:57:28.744] Snapshot generation is not permitted
INFO [06-01|09:57:28.836] Submitted transaction                    hash=0xf5e94463eeda6e79eccd9785790f82c20a8695dede08378af7a09513ab84e37c from=0xde85c2428893a8EB0B1f89c8F0C82C9d014748A2 nonce=0   recipient=0x2550d6424b46f78F4E31F1CCf88Da26dda7826C6 value=0
INFO [06-01|09:57:29.726] Starting work on payload                 id=0x03eacde40f78b833
INFO [06-01|09:57:29.849] Updated payload                          id=0x03eacde40f78b833 number=3097 hash=682c28..b7fd5f txs=1 withdrawals=0 gas=5,900,601 fees=3.5403606e-11 root=4fff7e..2c800e elapsed=122.934ms
INFO [06-01|09:57:29.850] Stopping work on payload                 id=0x03eacde40f78b833 reason=delivery
INFO [06-01|09:57:29.963] Paused snapshot generation
WARN [06-01|09:57:29.963] {"level":"warn","msg":"Slow block","block":{"number":3097,"hash":"0x682c289df1420d55fbd7637e1304ff02d895cb714fa685398c258903d3b7fd5f","gas_used":5900601,"tx_count":1},"timing":{"execution_ms":97.566083,"state_read_ms":10.272417,"state_hash_ms":2.537257,"commit_ms":0.701287,"total_ms":112.245871},"throughput":{"mgas_per_sec":52.56853501542164},"state_reads":{"accounts":17,"storage_slots":1396,"code":11,"code_bytes":585},"state_writes":{"accounts":2,"accounts_deleted":0,"storage_slots":0,"storage_slots_deleted":0,"code":0,"code_bytes":0},"cache":{"account":{"hits":13,"misses":4,"hit_rate":76.47058823529412},"storage":{"hits":906,"misses":490,"hit_rate":64.89971346704871},"code":{"hits":11,"misses":0,"hit_rate":100,"hit_bytes":585,"miss_bytes":0}}}
INFO [06-01|09:57:29.963] Imported new potential chain segment     number=3097 hash=682c28..b7fd5f blocks=1 txs=1 mgas=5.901 elapsed=112.592ms  mgasps=52.407 triediffs=1.78MiB triedirty=0.00B
INFO [06-01|09:57:29.963] Chain head was updated                   number=3097 hash=682c28..b7fd5f root=4fff7e..2c800e elapsed="107.085µs"
WARN [06-01|09:57:29.987] Snapshot generation is not permitted
INFO [06-01|09:57:30.854] Submitted transaction                    hash=0xe2f9badab661192bee19855a58de39773c3bba09d8cc256c9d1f86dc72d1dcd6 from=0xde85c2428893a8EB0B1f89c8F0C82C9d014748A2 nonce=1   recipient=0xf39Fd6e51aad88F6F4ce6aB8827279cffFb92266 value=1,040,187
INFO [06-01|09:57:30.969] Starting work on payload                 id=0x03b4a1f775cd51fa
INFO [06-01|09:57:30.985] Updated payload                          id=0x03b4a1f775cd51fa number=3098 hash=603c90..b4fadd txs=1 withdrawals=0 gas=21000     fees=2.1e-14       root=24672f..3a2e1c elapsed=15.630ms
INFO [06-01|09:57:30.985] Stopping work on payload                 id=0x03b4a1f775cd51fa reason=delivery
INFO [06-01|09:57:31.005] Paused snapshot generation
WARN [06-01|09:57:31.011] {"level":"warn","msg":"Slow block","block":{"number":3098,"hash":"0x603c90aaa9ce90cb46381c125afb01388335a314fa256630c4b7069220b4fadd","gas_used":21000,"tx_count":1},"timing":{"execution_ms":0.066672,"state_read_ms":15.148505,"state_hash_ms":4.050776,"commit_ms":6.126543,"total_ms":25.581841},"throughput":{"mgas_per_sec":0.8208947901755781},"state_reads":{"accounts":6,"storage_slots":0,"code":0,"code_bytes":0},"state_writes":{"accounts":2,"accounts_deleted":0,"storage_slots":0,"storage_slots_deleted":0,"code":0,"code_bytes":0},"cache":{"account":{"hits":2,"misses":4,"hit_rate":33.33333333333333},"storage":{"hits":0,"misses":0,"hit_rate":0},"code":{"hits":0,"misses":0,"hit_rate":0,"hit_bytes":0,"miss_bytes":0}}}
INFO [06-01|09:57:31.011] Imported new potential chain segment     number=3098 hash=603c90..b4fadd blocks=1 txs=1 mgas=0.021 elapsed=25.782ms    mgasps=0.815  triediffs=1.77MiB triedirty=0.00B
INFO [06-01|09:57:31.011] Chain head was updated                   number=3098 hash=603c90..b4fadd root=24672f..3a2e1c elapsed="99.079µs"
WARN [06-01|09:57:31.028] Snapshot generation is not permitted
INFO [06-01|09:57:32.015] Starting work on payload                 id=0x03ba510517514610
INFO [06-01|09:57:32.018] Updated payload                          id=0x03ba510517514610 number=3099 hash=b5ad8a..58940b txs=0 withdrawals=0 gas=0         fees=0             root=24672f..3a2e1c elapsed=3.006ms
INFO [06-01|09:57:32.018] Stopping work on payload                 id=0x03ba510517514610 reason=delivery
WARN [06-01|09:57:32.022] {"level":"warn","msg":"Slow block","block":{"number":3099,"hash":"0xb5ad8a1d9b748a7c82a83b4057349a0b9be4c5d7f8c9a86c970ab370d258940b","gas_used":0,"tx_count":0},"timing":{"execution_ms":0.023625,"state_read_ms":2.697167,"state_hash_ms":0.001192,"commit_ms":0.111545,"total_ms":3.01456},"throughput":{"mgas_per_sec":0},"state_reads":{"accounts":4,"storage_slots":0,"code":0,"code_bytes":0},"state_writes":{"accounts":0,"accounts_deleted":0,"storage_slots":0,"storage_slots_deleted":0,"code":0,"code_bytes":0},"cache":{"account":{"hits":0,"misses":4,"hit_rate":0},"storage":{"hits":0,"misses":0,"hit_rate":0},"code":{"hits":0,"misses":0,"hit_rate":0,"hit_bytes":0,"miss_bytes":0}}}
INFO [06-01|09:57:32.022] Imported new potential chain segment     number=3099 hash=b5ad8a..58940b blocks=1 txs=0 mgas=0.000 elapsed=3.198ms     mgasps=0.000  triediffs=1.77MiB triedirty=0.00B
INFO [06-01|09:57:32.022] Chain head was updated                   number=3099 hash=b5ad8a..58940b root=24672f..3a2e1c elapsed="48.63µs"
