WARN [06-01|09:31:22.424] Unknown config environment variable      envvar=GETH_PBT_BIN
WARN [06-01|09:31:22.424] Unknown config environment variable      envvar=GETH_UBT_BIN
INFO [06-01|09:31:22.435] Starting Geth on Ethereum mainnet...
INFO [06-01|09:31:22.436] Maximum peer count                       ETH=0 total=0
INFO [06-01|09:31:22.437] Smartcard socket not found, disabling    err="stat /run/pcscd/pcscd.comm: no such file or directory"
WARN [06-01|09:31:22.442] Option --miner.etherbase is deprecated as the etherbase is set by the consensus client post-merge
WARN [06-01|09:31:22.444] Snap sync requested, resetting --cache.snapshot
INFO [06-01|09:31:22.444] Set global gas cap                       cap=50,000,000
INFO [06-01|09:31:23.285] Using developer account                  address=0xf39Fd6e51aad88F6F4ce6aB8827279cffFb92266
INFO [06-01|09:31:23.323] Using pebble as the backing database
INFO [06-01|09:31:23.323] Allocated cache and file handles         database=/mnt/state_expiry_vol_data/ubt-vs-pbt-dbs/pbt/geth/chaindata cache=16.00MiB handles=262,144
INFO [06-01|09:31:23.527] Opened ancient database                  database=/mnt/state_expiry_vol_data/ubt-vs-pbt-dbs/pbt/geth/chaindata/ancient/chain readonly=true
INFO [06-01|09:31:23.527] Opened Era store                         datadir=/mnt/state_expiry_vol_data/ubt-vs-pbt-dbs/pbt/geth/chaindata/ancient/chain/era
INFO [06-01|09:31:23.535] Initializing the KZG library             backend=gokzg
INFO [06-01|09:31:23.536] Allocated trie memory caches             clean=0.00B dirty=0.00B
INFO [06-01|09:31:23.543] Using pebble as the backing database
INFO [06-01|09:31:23.544] Allocated cache and file handles         database=/mnt/state_expiry_vol_data/ubt-vs-pbt-dbs/pbt/geth/chaindata cache=16.00MiB handles=262,144
INFO [06-01|09:31:23.720] Opened ancient database                  database=/mnt/state_expiry_vol_data/ubt-vs-pbt-dbs/pbt/geth/chaindata/ancient/chain readonly=false
INFO [06-01|09:31:23.720] Opened Era store                         datadir=/mnt/state_expiry_vol_data/ubt-vs-pbt-dbs/pbt/geth/chaindata/ancient/chain/era
INFO [06-01|09:31:23.724] State scheme set to already existing     scheme=path
INFO [06-01|09:31:23.725] Initialising Ethereum protocol           network=1337 dbversion=9
INFO [06-01|09:31:23.725] Load database journal from file          path=/mnt/state_expiry_vol_data/ubt-vs-pbt-dbs/pbt/geth/triedb/verkle.journal
INFO [06-01|09:31:23.785] Opened ancient database                  database=/mnt/state_expiry_vol_data/ubt-vs-pbt-dbs/pbt/geth/chaindata/ancient/state_verkle readonly=false
INFO [06-01|09:31:23.787] State snapshot generator is not compatible
INFO [06-01|09:31:23.787] Initialized path database                triecache=0.00B statecache=0.00B buffer=0.00B state-history="last 90000 blocks" journal-dir=/mnt/state_expiry_vol_data/ubt-vs-pbt-dbs/pbt/geth/triedb verkle=true
INFO [06-01|09:31:23.788] 
INFO [06-01|09:31:23.788] ---------------------------------------------------------------------------------------------------------------------------------------------------------
INFO [06-01|09:31:23.788] Chain ID:  1337 (unknown)
INFO [06-01|09:31:23.788] Consensus: unknown
INFO [06-01|09:31:23.788] 
INFO [06-01|09:31:23.788] Pre-Merge hard forks (block based):
INFO [06-01|09:31:23.788]  - Homestead:                   #0       
INFO [06-01|09:31:23.788]  - Tangerine Whistle (EIP 150): #0       
INFO [06-01|09:31:23.788]  - Spurious Dragon/1 (EIP 155): #0       
INFO [06-01|09:31:23.788]  - Spurious Dragon/2 (EIP 158): #0       
INFO [06-01|09:31:23.788]  - Byzantium:                   #0       
INFO [06-01|09:31:23.788]  - Constantinople:              #0       
INFO [06-01|09:31:23.788]  - Petersburg:                  #0       
INFO [06-01|09:31:23.788]  - Istanbul:                    #0       
INFO [06-01|09:31:23.788]  - Berlin:                      #0       
INFO [06-01|09:31:23.788]  - London:                      #0       
INFO [06-01|09:31:23.788]  - Arrow Glacier:               #0       
INFO [06-01|09:31:23.788]  - Gray Glacier:                #0       
INFO [06-01|09:31:23.788] 
INFO [06-01|09:31:23.788] Merge configured:
INFO [06-01|09:31:23.788]  - Total terminal difficulty:  0
INFO [06-01|09:31:23.788]  - Merge netsplit block:       #0       
INFO [06-01|09:31:23.788] 
INFO [06-01|09:31:23.788] Post-Merge hard forks (timestamp based):
INFO [06-01|09:31:23.788]  - Shanghai:                    @0         
INFO [06-01|09:31:23.788]  - Cancun:                      @0          blob: (target: 3, max: 6, fraction: 3338477)
INFO [06-01|09:31:23.788]  - Prague:                      @0          blob: (target: 6, max: 9, fraction: 5007716)
INFO [06-01|09:31:23.788]  - Osaka:                       @0          blob: (target: 6, max: 9, fraction: 5007716)
INFO [06-01|09:31:23.788]  - UBT:                         @0          blob: (nil)
INFO [06-01|09:31:23.788] 
INFO [06-01|09:31:23.788] All fork specifications can be found at https://ethereum.github.io/execution-specs/src/ethereum/forks/
INFO [06-01|09:31:23.788] 
INFO [06-01|09:31:23.788] ---------------------------------------------------------------------------------------------------------------------------------------------------------
INFO [06-01|09:31:23.788] 
INFO [06-01|09:31:23.790] Loaded most recent local block           number=2102 hash=6f6384..5a29fc age=3s
INFO [06-01|09:31:23.790] Loaded most recent local finalized block number=2080 hash=b10f0e..df796a age=36s
INFO [06-01|09:31:23.791] Initialized transaction indexer          range="last 2350000 blocks"
INFO [06-01|09:31:23.791] Initialized log indexer                  firstblock=0 lastblock=2102 firstmap=0 lastmap=0 headindexed=true
INFO [06-01|09:31:23.841] Enabled full-sync                        head=2102 hash=6f6384..5a29fc
INFO [06-01|09:31:23.841] Unprotected transactions allowed
INFO [06-01|09:31:23.841] Gasprice oracle is ignoring threshold set threshold=2
INFO [06-01|09:31:23.842] Registered sync override service
WARN [06-01|09:31:23.842] You are running Geth in --dev mode. Please note the following:
WARN [06-01|09:31:23.842] 
WARN [06-01|09:31:23.842]   1. This mode is only intended for fast, iterative development without assumptions on
WARN [06-01|09:31:23.842]      security or persistence.
WARN [06-01|09:31:23.842]   2. The database is created in memory unless specified otherwise. Therefore, shutting down
WARN [06-01|09:31:23.842]      your computer or losing power will wipe your entire block data and chain state for
WARN [06-01|09:31:23.842]      your dev environment.
WARN [06-01|09:31:23.842]   3. A random, pre-allocated developer account will be available and unlocked as
WARN [06-01|09:31:23.842]      eth.coinbase, which can be used for testing. The random dev account is temporary,
WARN [06-01|09:31:23.842]      stored on a ramdisk, and will be lost if your machine is restarted.
WARN [06-01|09:31:23.842]   4. Mining is enabled by default. However, the client will only seal blocks if transactions
WARN [06-01|09:31:23.842]      are pending in the mempool. The miner's minimum accepted gas price is 1.
WARN [06-01|09:31:23.842]   5. Networking is disabled; there is no listen-address, the maximum number of peers is set
WARN [06-01|09:31:23.842]      to 0, and discovery is disabled.
WARN [06-01|09:31:23.842] 
INFO [06-01|09:31:23.842] Starting peer-to-peer node               instance=Geth/v1.17.3-unstable/linux-amd64/go1.24.9
WARN [06-01|09:31:23.842] P2P server will be useless, neither dialing nor listening
INFO [06-01|09:31:23.867] New local node record                    seq=1,780,292,694,488 id=972c5cc0b2a1895c ip=127.0.0.1 udp=0 tcp=0
INFO [06-01|09:31:23.867] Started P2P networking                   self=enode://16ec6c0bde109d66472afe00ec8fee3d30718d830d1acf0829842abca89b82afff8a454636cde3b26d700f98647938c6f23e7bee3027caca0d7f19e4b3725e13@127.0.0.1:0
INFO [06-01|09:31:23.867] IPC endpoint opened                      url=/mnt/state_expiry_vol_data/ubt-vs-pbt-dbs/pbt/geth.ipc
ERROR[06-01|09:31:23.867] Unavailable modules in HTTP API list     unavailable=[personal] available="[admin debug web3 eth txpool miner net dev testing]"
INFO [06-01|09:31:23.868] HTTP server started                      endpoint=127.0.0.1:8545 auth=false prefix= cors= vhosts=localhost
INFO [06-01|09:31:23.868] WebSocket enabled                        url=ws://127.0.0.1:8546
INFO [06-01|09:31:24.067] Loaded local transaction journal         transactions=1729 dropped=0
INFO [06-01|09:31:24.874] Started log indexer
INFO [06-01|09:31:24.916] Starting work on payload                 id=0x034e6beb8eb31895
INFO [06-01|09:31:24.920] Updated payload                          id=0x034e6beb8eb31895 number=2103 hash=1357cd..d59224 txs=0 withdrawals=0 gas=0 fees=0 root=b417d8..a50ac6 elapsed=3.596ms
INFO [06-01|09:31:24.920] Stopping work on payload                 id=0x034e6beb8eb31895 reason=delivery
WARN [06-01|09:31:24.925] {"level":"warn","msg":"Slow block","block":{"number":2103,"hash":"0x1357cd55ddd76529bedb646ccdcb2d13d38f5841e53a60c48714373720d59224","gas_used":0,"tx_count":0},"timing":{"execution_ms":0.049412,"state_read_ms":3.445273,"state_hash_ms":0.002284,"commit_ms":0.277791,"total_ms":4.021382},"throughput":{"mgas_per_sec":0},"state_reads":{"accounts":4,"storage_slots":0,"code":0,"code_bytes":0},"state_writes":{"accounts":0,"accounts_deleted":0,"storage_slots":0,"storage_slots_deleted":0,"code":0,"code_bytes":0},"cache":{"account":{"hits":0,"misses":4,"hit_rate":0},"storage":{"hits":0,"misses":0,"hit_rate":0},"code":{"hits":0,"misses":0,"hit_rate":0,"hit_bytes":0,"miss_bytes":0}}}
INFO [06-01|09:31:24.925] Imported new potential chain segment     number=2103 hash=1357cd..d59224 blocks=1 txs=0 mgas=0.000 elapsed=4.412ms mgasps=0.000 triediffs=2.12MiB triedirty=0.00B
INFO [06-01|09:31:24.925] Chain head was updated                   number=2103 hash=1357cd..d59224 root=b417d8..a50ac6 elapsed="100.017µs"
INFO [06-01|09:31:25.932] Starting work on payload                 id=0x03d1ab24b180a3c8
INFO [06-01|09:31:25.942] Updated payload                          id=0x03d1ab24b180a3c8 number=2104 hash=f9b9e2..c8896a txs=0 withdrawals=0 gas=0 fees=0 root=b417d8..a50ac6 elapsed=10.476ms
INFO [06-01|09:31:25.943] Stopping work on payload                 id=0x03d1ab24b180a3c8 reason=delivery
WARN [06-01|09:31:25.948] {"level":"warn","msg":"Slow block","block":{"number":2104,"hash":"0xf9b9e2992b41940915c061d371358b34854e2f04a36cea04f2855114ffc8896a","gas_used":0,"tx_count":0},"timing":{"execution_ms":0.04538,"state_read_ms":4.585743,"state_hash_ms":0.00142,"commit_ms":0.087607,"total_ms":5.024913},"throughput":{"mgas_per_sec":0},"state_reads":{"accounts":4,"storage_slots":0,"code":0,"code_bytes":0},"state_writes":{"accounts":0,"accounts_deleted":0,"storage_slots":0,"storage_slots_deleted":0,"code":0,"code_bytes":0},"cache":{"account":{"hits":0,"misses":4,"hit_rate":0},"storage":{"hits":0,"misses":0,"hit_rate":0},"code":{"hits":0,"misses":0,"hit_rate":0,"hit_bytes":0,"miss_bytes":0}}}
INFO [06-01|09:31:25.948] Imported new potential chain segment     number=2104 hash=f9b9e2..c8896a blocks=1 txs=0 mgas=0.000 elapsed=5.335ms     mgasps=0.000 triediffs=2.12MiB triedirty=0.00B
INFO [06-01|09:31:25.948] Chain head was updated                   number=2104 hash=f9b9e2..c8896a root=b417d8..a50ac6 elapsed="36.26µs"
INFO [06-01|09:31:26.959] Starting work on payload                 id=0x039efbb64f7392cd
INFO [06-01|09:31:26.976] Updated payload                          id=0x039efbb64f7392cd number=2105 hash=8601a8..65d040 txs=0 withdrawals=0 gas=0 fees=0 root=b417d8..a50ac6 elapsed=17.118ms
INFO [06-01|09:31:26.981] Stopping work on payload                 id=0x039efbb64f7392cd reason=delivery
WARN [06-01|09:31:26.994] {"level":"warn","msg":"Slow block","block":{"number":2105,"hash":"0x8601a81f4a4cf653cd1bea84efec8619e887ecb46c177ea9b9fb07655465d040","gas_used":0,"tx_count":0},"timing":{"execution_ms":0.027764,"state_read_ms":17.639083,"state_hash_ms":0.00166,"commit_ms":0.101648,"total_ms":17.893719},"throughput":{"mgas_per_sec":0},"state_reads":{"accounts":4,"storage_slots":0,"code":0,"code_bytes":0},"state_writes":{"accounts":0,"accounts_deleted":0,"storage_slots":0,"storage_slots_deleted":0,"code":0,"code_bytes":0},"cache":{"account":{"hits":0,"misses":4,"hit_rate":0},"storage":{"hits":0,"misses":0,"hit_rate":0},"code":{"hits":0,"misses":0,"hit_rate":0,"hit_bytes":0,"miss_bytes":0}}}
INFO [06-01|09:31:26.994] Imported new potential chain segment     number=2105 hash=8601a8..65d040 blocks=1 txs=0 mgas=0.000 elapsed=18.037ms    mgasps=0.000 triediffs=2.12MiB triedirty=0.00B
INFO [06-01|09:31:26.995] Chain head was updated                   number=2105 hash=8601a8..65d040 root=b417d8..a50ac6 elapsed="34.955µs"
INFO [06-01|09:31:27.346] Submitted contract creation              hash=0xec2a05404d70b2203475e69bea676ac45da7527fb1d34494b9f6e84612ca2b47 from=0xf39Fd6e51aad88F6F4ce6aB8827279cffFb92266 nonce=609 contract=0x9DBb24B10502aD166c198Dbeb5AB54d2d13AfcFd value=0
INFO [06-01|09:31:27.346] Submitted transaction                    hash=0xf0a33bce747afba9d5ea54620fd261d93b6228e715923cedf8a0d92fbf358de2 from=0xf39Fd6e51aad88F6F4ce6aB8827279cffFb92266 nonce=610 recipient=0x4397c3E5B0D8E2c0E3f0C2C324A56b08C2b2A5cd value=78,000,000
INFO [06-01|09:31:28.008] Starting work on payload                 id=0x0326d82b0715acaa
INFO [06-01|09:31:28.058] Updated payload                          id=0x0326d82b0715acaa number=2106 hash=3eccdf..2a92ba txs=2 withdrawals=0 gas=86852 fees=5.21112e-13 root=5b0c07..d62939 elapsed=50.547ms
INFO [06-01|09:31:28.058] Stopping work on payload                 id=0x0326d82b0715acaa reason=delivery
INFO [06-01|09:31:28.091] Paused snapshot generation
WARN [06-01|09:31:28.092] {"level":"warn","msg":"Slow block","block":{"number":2106,"hash":"0x3eccdf6c8e191977c74609a1042045facda90f09d24752139b36a238cc2a92ba","gas_used":86852,"tx_count":2},"timing":{"execution_ms":0.123558,"state_read_ms":14.474103,"state_hash_ms":13.592414,"commit_ms":4.797164,"total_ms":33.151424},"throughput":{"mgas_per_sec":2.6198572948178636},"state_reads":{"accounts":11,"storage_slots":0,"code":0,"code_bytes":0},"state_writes":{"accounts":3,"accounts_deleted":0,"storage_slots":0,"storage_slots_deleted":0,"code":1,"code_bytes":157},"cache":{"account":{"hits":5,"misses":6,"hit_rate":45.45454545454545},"storage":{"hits":0,"misses":0,"hit_rate":0},"code":{"hits":0,"misses":0,"hit_rate":0,"hit_bytes":0,"miss_bytes":0}}}
INFO [06-01|09:31:28.092] Imported new potential chain segment     number=2106 hash=3eccdf..2a92ba blocks=1 txs=2 mgas=0.087 elapsed=33.332ms    mgasps=2.606 triediffs=2.09MiB triedirty=0.00B
INFO [06-01|09:31:28.092] Chain head was updated                   number=2106 hash=3eccdf..2a92ba root=5b0c07..d62939 elapsed="159.769µs"
WARN [06-01|09:31:28.114] Snapshot generation is not permitted
INFO [06-01|09:31:28.357] Submitted transaction                    hash=0x246ad1b86fe9eaf3f6133ceb91d5ad5e0fc6339edba0cfd454b712f566ebbad2 from=0x4397c3E5B0D8E2c0E3f0C2C324A56b08C2b2A5cd nonce=0   recipient=0x9DBb24B10502aD166c198Dbeb5AB54d2d13AfcFd value=0
INFO [06-01|09:31:29.118] Starting work on payload                 id=0x035ee2312c2068a7
INFO [06-01|09:31:29.252] Updated payload                          id=0x035ee2312c2068a7 number=2107 hash=95e912..2dd97a txs=1 withdrawals=0 gas=5,900,128 fees=3.5400768e-11 root=f7d609..f298b3 elapsed=133.663ms
INFO [06-01|09:31:29.253] Stopping work on payload                 id=0x035ee2312c2068a7 reason=delivery
INFO [06-01|09:31:29.401] Paused snapshot generation
WARN [06-01|09:31:29.401] {"level":"warn","msg":"Slow block","block":{"number":2107,"hash":"0x95e912ee776c1bf19c58e1d47cfd7839b411d27d5a0466b8e407d57f1f2dd97a","gas_used":5900128,"tx_count":1},"timing":{"execution_ms":134.673666,"state_read_ms":9.249116,"state_hash_ms":3.208235,"commit_ms":0.951057,"total_ms":148.650092},"throughput":{"mgas_per_sec":39.69138478568853},"state_reads":{"accounts":17,"storage_slots":258,"code":11,"code_bytes":437},"state_writes":{"accounts":2,"accounts_deleted":0,"storage_slots":0,"storage_slots_deleted":0,"code":0,"code_bytes":0},"cache":{"account":{"hits":7,"misses":10,"hit_rate":41.17647058823529},"storage":{"hits":114,"misses":144,"hit_rate":44.18604651162791},"code":{"hits":11,"misses":0,"hit_rate":100,"hit_bytes":437,"miss_bytes":0}}}
INFO [06-01|09:31:29.401] Imported new potential chain segment     number=2107 hash=95e912..2dd97a blocks=1 txs=1 mgas=5.900 elapsed=148.906ms   mgasps=39.623 triediffs=2.09MiB triedirty=0.00B
INFO [06-01|09:31:29.401] Chain head was updated                   number=2107 hash=95e912..2dd97a root=f7d609..f298b3 elapsed="99.506µs"
WARN [06-01|09:31:29.423] Snapshot generation is not permitted
INFO [06-01|09:31:30.375] Submitted transaction                    hash=0x2914a2cac9de07b9091739896b6d7cbb387bd64dac958c4cfa3579dd09d36f40 from=0x4397c3E5B0D8E2c0E3f0C2C324A56b08C2b2A5cd nonce=1   recipient=0xf39Fd6e51aad88F6F4ce6aB8827279cffFb92266 value=1,046,336
INFO [06-01|09:31:30.406] Starting work on payload                 id=0x03f4e291ddee89ef
INFO [06-01|09:31:30.425] Updated payload                          id=0x03f4e291ddee89ef number=2108 hash=d5c6fe..a79eeb txs=1 withdrawals=0 gas=21000     fees=2.1e-14       root=a075e6..962666 elapsed=18.487ms
INFO [06-01|09:31:30.425] Stopping work on payload                 id=0x03f4e291ddee89ef reason=delivery
INFO [06-01|09:31:30.432] Paused snapshot generation
WARN [06-01|09:31:30.433] {"level":"warn","msg":"Slow block","block":{"number":2108,"hash":"0xd5c6fe268267ccae6c7f34c2fd157f7fb5790e2952eb6b89efafee9837a79eeb","gas_used":21000,"tx_count":1},"timing":{"execution_ms":0.085519,"state_read_ms":4.16046,"state_hash_ms":2.687884,"commit_ms":0.590129,"total_ms":7.710081},"throughput":{"mgas_per_sec":2.7237067937418558},"state_reads":{"accounts":6,"storage_slots":0,"code":0,"code_bytes":0},"state_writes":{"accounts":2,"accounts_deleted":0,"storage_slots":0,"storage_slots_deleted":0,"code":0,"code_bytes":0},"cache":{"account":{"hits":2,"misses":4,"hit_rate":33.33333333333333},"storage":{"hits":0,"misses":0,"hit_rate":0},"code":{"hits":0,"misses":0,"hit_rate":0,"hit_bytes":0,"miss_bytes":0}}}
INFO [06-01|09:31:30.433] Imported new potential chain segment     number=2108 hash=d5c6fe..a79eeb blocks=1 txs=1 mgas=0.021 elapsed=7.848ms     mgasps=2.676  triediffs=2.08MiB triedirty=0.00B
INFO [06-01|09:31:30.433] Chain head was updated                   number=2108 hash=d5c6fe..a79eeb root=a075e6..962666 elapsed="50.091µs"
WARN [06-01|09:31:30.453] Snapshot generation is not permitted
INFO [06-01|09:31:31.452] Starting work on payload                 id=0x030eaf724e988374
INFO [06-01|09:31:31.458] Updated payload                          id=0x030eaf724e988374 number=2109 hash=ce56ec..8dea33 txs=0 withdrawals=0 gas=0         fees=0             root=a075e6..962666 elapsed=6.607ms
INFO [06-01|09:31:31.458] Stopping work on payload                 id=0x030eaf724e988374 reason=delivery
WARN [06-01|09:31:31.463] {"level":"warn","msg":"Slow block","block":{"number":2109,"hash":"0xce56ecc0f3eba66a13e5b6aba8e7a4fdbee934ec03531836e556a02cc68dea33","gas_used":0,"tx_count":0},"timing":{"execution_ms":0.036669,"state_read_ms":4.007595,"state_hash_ms":0.002367,"commit_ms":0.154091,"total_ms":4.391848},"throughput":{"mgas_per_sec":0},"state_reads":{"accounts":4,"storage_slots":0,"code":0,"code_bytes":0},"state_writes":{"accounts":0,"accounts_deleted":0,"storage_slots":0,"storage_slots_deleted":0,"code":0,"code_bytes":0},"cache":{"account":{"hits":0,"misses":4,"hit_rate":0},"storage":{"hits":0,"misses":0,"hit_rate":0},"code":{"hits":0,"misses":0,"hit_rate":0,"hit_bytes":0,"miss_bytes":0}}}
INFO [06-01|09:31:31.463] Imported new potential chain segment     number=2109 hash=ce56ec..8dea33 blocks=1 txs=0 mgas=0.000 elapsed=4.529ms     mgasps=0.000  triediffs=2.08MiB triedirty=0.00B
INFO [06-01|09:31:31.463] Chain head was updated                   number=2109 hash=ce56ec..8dea33 root=a075e6..962666 elapsed="56.36µs"
