WARN [06-01|09:29:11.973] Unknown config environment variable      envvar=GETH_PBT_BIN
WARN [06-01|09:29:11.973] Unknown config environment variable      envvar=GETH_UBT_BIN
INFO [06-01|09:29:11.984] Starting Geth on Ethereum mainnet...
INFO [06-01|09:29:11.985] Maximum peer count                       ETH=0 total=0
INFO [06-01|09:29:11.988] Smartcard socket not found, disabling    err="stat /run/pcscd/pcscd.comm: no such file or directory"
WARN [06-01|09:29:11.994] Option --miner.etherbase is deprecated as the etherbase is set by the consensus client post-merge
WARN [06-01|09:29:11.995] Snap sync requested, resetting --cache.snapshot
INFO [06-01|09:29:11.996] Set global gas cap                       cap=50,000,000
INFO [06-01|09:29:12.801] Using developer account                  address=0xf39Fd6e51aad88F6F4ce6aB8827279cffFb92266
INFO [06-01|09:29:12.841] Using pebble as the backing database
INFO [06-01|09:29:12.841] Allocated cache and file handles         database=/mnt/state_expiry_vol_data/ubt-vs-pbt-dbs/pbt/geth/chaindata cache=16.00MiB handles=262,144
INFO [06-01|09:29:13.046] Opened ancient database                  database=/mnt/state_expiry_vol_data/ubt-vs-pbt-dbs/pbt/geth/chaindata/ancient/chain readonly=true
INFO [06-01|09:29:13.046] Opened Era store                         datadir=/mnt/state_expiry_vol_data/ubt-vs-pbt-dbs/pbt/geth/chaindata/ancient/chain/era
INFO [06-01|09:29:13.054] Initializing the KZG library             backend=gokzg
INFO [06-01|09:29:13.055] Allocated trie memory caches             clean=0.00B dirty=0.00B
INFO [06-01|09:29:13.064] Using pebble as the backing database
INFO [06-01|09:29:13.064] Allocated cache and file handles         database=/mnt/state_expiry_vol_data/ubt-vs-pbt-dbs/pbt/geth/chaindata cache=16.00MiB handles=262,144
INFO [06-01|09:29:13.242] Opened ancient database                  database=/mnt/state_expiry_vol_data/ubt-vs-pbt-dbs/pbt/geth/chaindata/ancient/chain readonly=false
INFO [06-01|09:29:13.242] Opened Era store                         datadir=/mnt/state_expiry_vol_data/ubt-vs-pbt-dbs/pbt/geth/chaindata/ancient/chain/era
INFO [06-01|09:29:13.247] State scheme set to already existing     scheme=path
INFO [06-01|09:29:13.258] Initialising Ethereum protocol           network=1337 dbversion=9
INFO [06-01|09:29:13.259] Load database journal from file          path=/mnt/state_expiry_vol_data/ubt-vs-pbt-dbs/pbt/geth/triedb/verkle.journal
INFO [06-01|09:29:13.314] Opened ancient database                  database=/mnt/state_expiry_vol_data/ubt-vs-pbt-dbs/pbt/geth/chaindata/ancient/state_verkle readonly=false
INFO [06-01|09:29:13.317] State snapshot generator is not compatible
INFO [06-01|09:29:13.317] Initialized path database                triecache=0.00B statecache=0.00B buffer=0.00B state-history="last 90000 blocks" journal-dir=/mnt/state_expiry_vol_data/ubt-vs-pbt-dbs/pbt/geth/triedb verkle=true
INFO [06-01|09:29:13.318] 
INFO [06-01|09:29:13.318] ---------------------------------------------------------------------------------------------------------------------------------------------------------
INFO [06-01|09:29:13.318] Chain ID:  1337 (unknown)
INFO [06-01|09:29:13.318] Consensus: unknown
INFO [06-01|09:29:13.318] 
INFO [06-01|09:29:13.318] Pre-Merge hard forks (block based):
INFO [06-01|09:29:13.318]  - Homestead:                   #0       
INFO [06-01|09:29:13.318]  - Tangerine Whistle (EIP 150): #0       
INFO [06-01|09:29:13.318]  - Spurious Dragon/1 (EIP 155): #0       
INFO [06-01|09:29:13.318]  - Spurious Dragon/2 (EIP 158): #0       
INFO [06-01|09:29:13.318]  - Byzantium:                   #0       
INFO [06-01|09:29:13.318]  - Constantinople:              #0       
INFO [06-01|09:29:13.318]  - Petersburg:                  #0       
INFO [06-01|09:29:13.318]  - Istanbul:                    #0       
INFO [06-01|09:29:13.318]  - Berlin:                      #0       
INFO [06-01|09:29:13.318]  - London:                      #0       
INFO [06-01|09:29:13.318]  - Arrow Glacier:               #0       
INFO [06-01|09:29:13.318]  - Gray Glacier:                #0       
INFO [06-01|09:29:13.318] 
INFO [06-01|09:29:13.318] Merge configured:
INFO [06-01|09:29:13.318]  - Total terminal difficulty:  0
INFO [06-01|09:29:13.318]  - Merge netsplit block:       #0       
INFO [06-01|09:29:13.318] 
INFO [06-01|09:29:13.318] Post-Merge hard forks (timestamp based):
INFO [06-01|09:29:13.318]  - Shanghai:                    @0         
INFO [06-01|09:29:13.318]  - Cancun:                      @0          blob: (target: 3, max: 6, fraction: 3338477)
INFO [06-01|09:29:13.318]  - Prague:                      @0          blob: (target: 6, max: 9, fraction: 5007716)
INFO [06-01|09:29:13.318]  - Osaka:                       @0          blob: (target: 6, max: 9, fraction: 5007716)
INFO [06-01|09:29:13.318]  - UBT:                         @0          blob: (nil)
INFO [06-01|09:29:13.318] 
INFO [06-01|09:29:13.318] All fork specifications can be found at https://ethereum.github.io/execution-specs/src/ethereum/forks/
INFO [06-01|09:29:13.318] 
INFO [06-01|09:29:13.318] ---------------------------------------------------------------------------------------------------------------------------------------------------------
INFO [06-01|09:29:13.318] 
INFO [06-01|09:29:13.318] Loaded most recent local block           number=2018 hash=dafa34..1e1923 age=3s
INFO [06-01|09:29:13.318] Loaded most recent local finalized block number=2016 hash=b09504..c5bdc6 age=5s
INFO [06-01|09:29:13.324] Initialized transaction indexer          range="last 2350000 blocks"
INFO [06-01|09:29:13.324] Initialized log indexer                  firstblock=0 lastblock=2018 firstmap=0 lastmap=0 headindexed=true
INFO [06-01|09:29:13.379] Enabled full-sync                        head=2018 hash=dafa34..1e1923
INFO [06-01|09:29:13.380] Unprotected transactions allowed
INFO [06-01|09:29:13.380] Gasprice oracle is ignoring threshold set threshold=2
INFO [06-01|09:29:13.381] Registered sync override service
WARN [06-01|09:29:13.381] You are running Geth in --dev mode. Please note the following:
WARN [06-01|09:29:13.381] 
WARN [06-01|09:29:13.381]   1. This mode is only intended for fast, iterative development without assumptions on
WARN [06-01|09:29:13.381]      security or persistence.
WARN [06-01|09:29:13.381]   2. The database is created in memory unless specified otherwise. Therefore, shutting down
WARN [06-01|09:29:13.381]      your computer or losing power will wipe your entire block data and chain state for
WARN [06-01|09:29:13.381]      your dev environment.
WARN [06-01|09:29:13.381]   3. A random, pre-allocated developer account will be available and unlocked as
WARN [06-01|09:29:13.381]      eth.coinbase, which can be used for testing. The random dev account is temporary,
WARN [06-01|09:29:13.381]      stored on a ramdisk, and will be lost if your machine is restarted.
WARN [06-01|09:29:13.381]   4. Mining is enabled by default. However, the client will only seal blocks if transactions
WARN [06-01|09:29:13.381]      are pending in the mempool. The miner's minimum accepted gas price is 1.
WARN [06-01|09:29:13.381]   5. Networking is disabled; there is no listen-address, the maximum number of peers is set
WARN [06-01|09:29:13.381]      to 0, and discovery is disabled.
WARN [06-01|09:29:13.381] 
INFO [06-01|09:29:13.381] Starting peer-to-peer node               instance=Geth/v1.17.3-unstable/linux-amd64/go1.24.9
WARN [06-01|09:29:13.381] P2P server will be useless, neither dialing nor listening
INFO [06-01|09:29:13.411] IPC endpoint opened                      url=/mnt/state_expiry_vol_data/ubt-vs-pbt-dbs/pbt/geth.ipc
ERROR[06-01|09:29:13.411] Unavailable modules in HTTP API list     unavailable=[personal] available="[admin debug web3 eth txpool miner net dev testing]"
INFO [06-01|09:29:13.411] New local node record                    seq=1,780,292,694,475 id=972c5cc0b2a1895c ip=127.0.0.1 udp=0 tcp=0
INFO [06-01|09:29:13.411] Started P2P networking                   self=enode://16ec6c0bde109d66472afe00ec8fee3d30718d830d1acf0829842abca89b82afff8a454636cde3b26d700f98647938c6f23e7bee3027caca0d7f19e4b3725e13@127.0.0.1:0
INFO [06-01|09:29:13.412] HTTP server started                      endpoint=127.0.0.1:8545 auth=false prefix= cors= vhosts=localhost
INFO [06-01|09:29:13.412] WebSocket enabled                        url=ws://127.0.0.1:8546
INFO [06-01|09:29:13.573] Loaded local transaction journal         transactions=1677 dropped=0
INFO [06-01|09:29:14.434] Started log indexer
INFO [06-01|09:29:14.472] Starting work on payload                 id=0x03f94406f1164460
INFO [06-01|09:29:14.476] Updated payload                          id=0x03f94406f1164460 number=2019 hash=55034b..dbe205 txs=0 withdrawals=0 gas=0 fees=0 root=83963d..f495b1 elapsed=3.973ms
INFO [06-01|09:29:14.476] Stopping work on payload                 id=0x03f94406f1164460 reason=delivery
WARN [06-01|09:29:14.483] {"level":"warn","msg":"Slow block","block":{"number":2019,"hash":"0x55034b2c1815f069b3db5fb69d5d898b82a061766ea983d9c2580d7f8edbe205","gas_used":0,"tx_count":0},"timing":{"execution_ms":0.165825,"state_read_ms":4.767894,"state_hash_ms":0.002616,"commit_ms":0.246737,"total_ms":5.510701},"throughput":{"mgas_per_sec":0},"state_reads":{"accounts":4,"storage_slots":0,"code":0,"code_bytes":0},"state_writes":{"accounts":0,"accounts_deleted":0,"storage_slots":0,"storage_slots_deleted":0,"code":0,"code_bytes":0},"cache":{"account":{"hits":0,"misses":4,"hit_rate":0},"storage":{"hits":0,"misses":0,"hit_rate":0},"code":{"hits":0,"misses":0,"hit_rate":0,"hit_bytes":0,"miss_bytes":0}}}
INFO [06-01|09:29:14.483] Imported new potential chain segment     number=2019 hash=55034b..dbe205 blocks=1 txs=0 mgas=0.000 elapsed=6.221ms mgasps=0.000 triediffs=2.12MiB triedirty=0.00B
INFO [06-01|09:29:14.484] Chain head was updated                   number=2019 hash=55034b..dbe205 root=83963d..f495b1 elapsed="332.188µs"
INFO [06-01|09:29:15.491] Starting work on payload                 id=0x03699af7f6d6c54f
INFO [06-01|09:29:15.505] Updated payload                          id=0x03699af7f6d6c54f number=2020 hash=b1e5bd..98315d txs=0 withdrawals=0 gas=0 fees=0 root=83963d..f495b1 elapsed=13.311ms
INFO [06-01|09:29:15.505] Stopping work on payload                 id=0x03699af7f6d6c54f reason=delivery
WARN [06-01|09:29:15.515] {"level":"warn","msg":"Slow block","block":{"number":2020,"hash":"0xb1e5bd555fcc9ffef9ecea7c2c00a463f9ba5c0fc223dcc928bed6e6cf98315d","gas_used":0,"tx_count":0},"timing":{"execution_ms":0.052271,"state_read_ms":8.661516,"state_hash_ms":0.001961,"commit_ms":0.113431,"total_ms":9.277107},"throughput":{"mgas_per_sec":0},"state_reads":{"accounts":4,"storage_slots":0,"code":0,"code_bytes":0},"state_writes":{"accounts":0,"accounts_deleted":0,"storage_slots":0,"storage_slots_deleted":0,"code":0,"code_bytes":0},"cache":{"account":{"hits":0,"misses":4,"hit_rate":0},"storage":{"hits":0,"misses":0,"hit_rate":0},"code":{"hits":0,"misses":0,"hit_rate":0,"hit_bytes":0,"miss_bytes":0}}}
INFO [06-01|09:29:15.515] Imported new potential chain segment     number=2020 hash=b1e5bd..98315d blocks=1 txs=0 mgas=0.000 elapsed=9.544ms     mgasps=0.000 triediffs=2.12MiB triedirty=0.00B
INFO [06-01|09:29:15.515] Chain head was updated                   number=2020 hash=b1e5bd..98315d root=83963d..f495b1 elapsed="44.771µs"
INFO [06-01|09:29:16.525] Starting work on payload                 id=0x038957a1e1039563
INFO [06-01|09:29:16.547] Updated payload                          id=0x038957a1e1039563 number=2021 hash=f7a054..eb6331 txs=0 withdrawals=0 gas=0 fees=0 root=83963d..f495b1 elapsed=21.844ms
INFO [06-01|09:29:16.548] Stopping work on payload                 id=0x038957a1e1039563 reason=delivery
WARN [06-01|09:29:16.551] {"level":"warn","msg":"Slow block","block":{"number":2021,"hash":"0xf7a054390f0ac2f2fbb04bd8b60c932241931ff0c8602131a6e48693d8eb6331","gas_used":0,"tx_count":0},"timing":{"execution_ms":0.028219,"state_read_ms":2.80341,"state_hash_ms":0.001838,"commit_ms":0.125917,"total_ms":3.159866},"throughput":{"mgas_per_sec":0},"state_reads":{"accounts":4,"storage_slots":0,"code":0,"code_bytes":0},"state_writes":{"accounts":0,"accounts_deleted":0,"storage_slots":0,"storage_slots_deleted":0,"code":0,"code_bytes":0},"cache":{"account":{"hits":0,"misses":4,"hit_rate":0},"storage":{"hits":0,"misses":0,"hit_rate":0},"code":{"hits":0,"misses":0,"hit_rate":0,"hit_bytes":0,"miss_bytes":0}}}
INFO [06-01|09:29:16.551] Imported new potential chain segment     number=2021 hash=f7a054..eb6331 blocks=1 txs=0 mgas=0.000 elapsed=3.348ms     mgasps=0.000 triediffs=2.12MiB triedirty=0.00B
INFO [06-01|09:29:16.551] Chain head was updated                   number=2021 hash=f7a054..eb6331 root=83963d..f495b1 elapsed="40.043µs"
INFO [06-01|09:29:16.862] Submitted contract creation              hash=0x41916d2b3f6db48f993d4de30c87e2e6cda227fc37396bf9991accc8778ed241 from=0xf39Fd6e51aad88F6F4ce6aB8827279cffFb92266 nonce=583 contract=0x0aD6371dd7E9923d9968D63Eb8B9858c700abD9d value=0
INFO [06-01|09:29:16.862] Submitted transaction                    hash=0x708b7cecf33cd57a7aaecc11d9d9967af24b9434a64649879fe8258cac8ee4be from=0xf39Fd6e51aad88F6F4ce6aB8827279cffFb92266 nonce=584 recipient=0xd66B634695d79Ee78C8C87a1c950A45625501301 value=78,000,000
INFO [06-01|09:29:17.563] Starting work on payload                 id=0x03f0235a1e2cd2f8
INFO [06-01|09:29:17.611] Updated payload                          id=0x03f0235a1e2cd2f8 number=2022 hash=11e601..2afa24 txs=2 withdrawals=0 gas=86120 fees=5.1672e-13 root=3eb1fe..14c28f elapsed=48.384ms
INFO [06-01|09:29:17.611] Stopping work on payload                 id=0x03f0235a1e2cd2f8 reason=delivery
INFO [06-01|09:29:17.647] Paused snapshot generation
WARN [06-01|09:29:17.647] {"level":"warn","msg":"Slow block","block":{"number":2022,"hash":"0x11e6011e5814aa90474c203cc629d18bd835ba523eb554b87fda03e3cd2afa24","gas_used":86120,"tx_count":2},"timing":{"execution_ms":0.10673,"state_read_ms":16.087627,"state_hash_ms":14.525057,"commit_ms":4.643675,"total_ms":35.561557},"throughput":{"mgas_per_sec":2.4217162370027836},"state_reads":{"accounts":11,"storage_slots":0,"code":0,"code_bytes":0},"state_writes":{"accounts":3,"accounts_deleted":0,"storage_slots":0,"storage_slots_deleted":0,"code":1,"code_bytes":155},"cache":{"account":{"hits":5,"misses":6,"hit_rate":45.45454545454545},"storage":{"hits":0,"misses":0,"hit_rate":0},"code":{"hits":0,"misses":0,"hit_rate":0,"hit_bytes":0,"miss_bytes":0}}}
INFO [06-01|09:29:17.647] Imported new potential chain segment     number=2022 hash=11e601..2afa24 blocks=1 txs=2 mgas=0.086 elapsed=35.730ms    mgasps=2.410 triediffs=2.12MiB triedirty=0.00B
INFO [06-01|09:29:17.647] Chain head was updated                   number=2022 hash=11e601..2afa24 root=3eb1fe..14c28f elapsed="176.607µs"
WARN [06-01|09:29:17.669] Snapshot generation is not permitted
INFO [06-01|09:29:17.874] Submitted transaction                    hash=0x2b8a77085f102f6e5aadb2692200f4cb5627db10d748766290b4e393af462915 from=0xd66B634695d79Ee78C8C87a1c950A45625501301 nonce=0   recipient=0x0aD6371dd7E9923d9968D63Eb8B9858c700abD9d value=0
INFO [06-01|09:29:18.668] Starting work on payload                 id=0x03b2a28e90ddaf4d
INFO [06-01|09:29:18.792] Updated payload                          id=0x03b2a28e90ddaf4d number=2023 hash=070a85..5b438a txs=1 withdrawals=0 gas=5,900,406 fees=3.5402436e-11 root=317d47..8b6945 elapsed=123.622ms
INFO [06-01|09:29:18.795] Stopping work on payload                 id=0x03b2a28e90ddaf4d reason=delivery
INFO [06-01|09:29:18.914] Paused snapshot generation
WARN [06-01|09:29:18.915] {"level":"warn","msg":"Slow block","block":{"number":2023,"hash":"0x070a8546c642a5b82cc773675f6008cea863ddfc8c7ac8ac201e5a8a3a5b438a","gas_used":5900406,"tx_count":1},"timing":{"execution_ms":109.728159,"state_read_ms":8.114786,"state_hash_ms":3.209009,"commit_ms":0.829616,"total_ms":122.570361},"throughput":{"mgas_per_sec":48.13892976948971},"state_reads":{"accounts":8,"storage_slots":258,"code":2,"code_bytes":183},"state_writes":{"accounts":2,"accounts_deleted":0,"storage_slots":0,"storage_slots_deleted":0,"code":0,"code_bytes":0},"cache":{"account":{"hits":1,"misses":7,"hit_rate":12.5},"storage":{"hits":10,"misses":248,"hit_rate":3.875968992248062},"code":{"hits":2,"misses":0,"hit_rate":100,"hit_bytes":183,"miss_bytes":0}}}
INFO [06-01|09:29:18.915] Imported new potential chain segment     number=2023 hash=070a85..5b438a blocks=1 txs=1 mgas=5.900 elapsed=122.789ms   mgasps=48.053 triediffs=2.12MiB triedirty=0.00B
INFO [06-01|09:29:18.915] Chain head was updated                   number=2023 hash=070a85..5b438a root=317d47..8b6945 elapsed="84.596µs"
WARN [06-01|09:29:18.945] Snapshot generation is not permitted
INFO [06-01|09:29:19.892] Submitted transaction                    hash=0x8bd061765f4b9bff40753d06c8ac0eec7c28e8e27c8a14972211578aba54e108 from=0xd66B634695d79Ee78C8C87a1c950A45625501301 nonce=1   recipient=0xf39Fd6e51aad88F6F4ce6aB8827279cffFb92266 value=1,042,722
INFO [06-01|09:29:19.920] Starting work on payload                 id=0x03d8533f388e0a78
INFO [06-01|09:29:19.930] Updated payload                          id=0x03d8533f388e0a78 number=2024 hash=f2e24e..0f399e txs=1 withdrawals=0 gas=21000     fees=2.1e-14       root=b707da..5725cb elapsed=9.551ms
INFO [06-01|09:29:19.933] Stopping work on payload                 id=0x03d8533f388e0a78 reason=delivery
INFO [06-01|09:29:19.940] Paused snapshot generation
WARN [06-01|09:29:19.941] {"level":"warn","msg":"Slow block","block":{"number":2024,"hash":"0xf2e24e8d18e1958d7ed34795aa8e6cd856f192afee64bd546def516dcb0f399e","gas_used":21000,"tx_count":1},"timing":{"execution_ms":0.078371,"state_read_ms":3.812974,"state_hash_ms":2.197103,"commit_ms":0.597771,"total_ms":6.859899},"throughput":{"mgas_per_sec":3.0612695609658394},"state_reads":{"accounts":6,"storage_slots":0,"code":0,"code_bytes":0},"state_writes":{"accounts":2,"accounts_deleted":0,"storage_slots":0,"storage_slots_deleted":0,"code":0,"code_bytes":0},"cache":{"account":{"hits":2,"misses":4,"hit_rate":33.33333333333333},"storage":{"hits":0,"misses":0,"hit_rate":0},"code":{"hits":0,"misses":0,"hit_rate":0,"hit_bytes":0,"miss_bytes":0}}}
INFO [06-01|09:29:19.941] Imported new potential chain segment     number=2024 hash=f2e24e..0f399e blocks=1 txs=1 mgas=0.021 elapsed=7.006ms     mgasps=2.997  triediffs=2.12MiB triedirty=0.00B
INFO [06-01|09:29:19.941] Chain head was updated                   number=2024 hash=f2e24e..0f399e root=b707da..5725cb elapsed="48.736µs"
WARN [06-01|09:29:19.960] Snapshot generation is not permitted
INFO [06-01|09:29:20.957] Starting work on payload                 id=0x03f68302bf39dfc6
INFO [06-01|09:29:20.970] Updated payload                          id=0x03f68302bf39dfc6 number=2025 hash=e0c2ad..6693b3 txs=0 withdrawals=0 gas=0         fees=0             root=b707da..5725cb elapsed=13.501ms
INFO [06-01|09:29:20.970] Stopping work on payload                 id=0x03f68302bf39dfc6 reason=delivery
WARN [06-01|09:29:20.983] {"level":"warn","msg":"Slow block","block":{"number":2025,"hash":"0xe0c2ad3f8728688fb6062bdedbb5e6c63e88f1ea2578f102a7727e22486693b3","gas_used":0,"tx_count":0},"timing":{"execution_ms":0.056749,"state_read_ms":8.851022,"state_hash_ms":0.004799,"commit_ms":0.150595,"total_ms":12.373214},"throughput":{"mgas_per_sec":0},"state_reads":{"accounts":4,"storage_slots":0,"code":0,"code_bytes":0},"state_writes":{"accounts":0,"accounts_deleted":0,"storage_slots":0,"storage_slots_deleted":0,"code":0,"code_bytes":0},"cache":{"account":{"hits":0,"misses":4,"hit_rate":0},"storage":{"hits":0,"misses":0,"hit_rate":0},"code":{"hits":0,"misses":0,"hit_rate":0,"hit_bytes":0,"miss_bytes":0}}}
INFO [06-01|09:29:20.983] Imported new potential chain segment     number=2025 hash=e0c2ad..6693b3 blocks=1 txs=0 mgas=0.000 elapsed=12.490ms    mgasps=0.000  triediffs=2.12MiB triedirty=0.00B
INFO [06-01|09:29:20.983] Chain head was updated                   number=2025 hash=e0c2ad..6693b3 root=b707da..5725cb elapsed="39.855µs"
