WARN [06-01|09:49:34.264] Unknown config environment variable      envvar=GETH_PBT_BIN
WARN [06-01|09:49:34.264] Unknown config environment variable      envvar=GETH_UBT_BIN
INFO [06-01|09:49:34.278] Starting Geth on Ethereum mainnet...
INFO [06-01|09:49:34.280] Maximum peer count                       ETH=0 total=0
INFO [06-01|09:49:34.281] Smartcard socket not found, disabling    err="stat /run/pcscd/pcscd.comm: no such file or directory"
WARN [06-01|09:49:34.287] Option --miner.etherbase is deprecated as the etherbase is set by the consensus client post-merge
WARN [06-01|09:49:34.288] Snap sync requested, resetting --cache.snapshot
INFO [06-01|09:49:34.289] Set global gas cap                       cap=50,000,000
INFO [06-01|09:49:35.085] Using developer account                  address=0xf39Fd6e51aad88F6F4ce6aB8827279cffFb92266
INFO [06-01|09:49:35.122] Using pebble as the backing database
INFO [06-01|09:49:35.122] Allocated cache and file handles         database=/mnt/state_expiry_vol_data/ubt-vs-pbt-dbs/pbt/geth/chaindata cache=16.00MiB handles=262,144
INFO [06-01|09:49:35.335] Opened ancient database                  database=/mnt/state_expiry_vol_data/ubt-vs-pbt-dbs/pbt/geth/chaindata/ancient/chain readonly=true
INFO [06-01|09:49:35.335] Opened Era store                         datadir=/mnt/state_expiry_vol_data/ubt-vs-pbt-dbs/pbt/geth/chaindata/ancient/chain/era
INFO [06-01|09:49:35.343] Initializing the KZG library             backend=gokzg
INFO [06-01|09:49:35.344] Allocated trie memory caches             clean=0.00B dirty=0.00B
INFO [06-01|09:49:35.352] Using pebble as the backing database
INFO [06-01|09:49:35.352] Allocated cache and file handles         database=/mnt/state_expiry_vol_data/ubt-vs-pbt-dbs/pbt/geth/chaindata cache=16.00MiB handles=262,144
INFO [06-01|09:49:35.522] Opened ancient database                  database=/mnt/state_expiry_vol_data/ubt-vs-pbt-dbs/pbt/geth/chaindata/ancient/chain readonly=false
INFO [06-01|09:49:35.522] Opened Era store                         datadir=/mnt/state_expiry_vol_data/ubt-vs-pbt-dbs/pbt/geth/chaindata/ancient/chain/era
INFO [06-01|09:49:35.527] State scheme set to already existing     scheme=path
INFO [06-01|09:49:35.527] Initialising Ethereum protocol           network=1337 dbversion=9
INFO [06-01|09:49:35.527] Load database journal from file          path=/mnt/state_expiry_vol_data/ubt-vs-pbt-dbs/pbt/geth/triedb/verkle.journal
INFO [06-01|09:49:35.598] Opened ancient database                  database=/mnt/state_expiry_vol_data/ubt-vs-pbt-dbs/pbt/geth/chaindata/ancient/state_verkle readonly=false
INFO [06-01|09:49:35.600] State snapshot generator is not compatible
INFO [06-01|09:49:35.600] Initialized path database                triecache=0.00B statecache=0.00B buffer=0.00B state-history="last 90000 blocks" journal-dir=/mnt/state_expiry_vol_data/ubt-vs-pbt-dbs/pbt/geth/triedb verkle=true
INFO [06-01|09:49:35.600] 
INFO [06-01|09:49:35.600] ---------------------------------------------------------------------------------------------------------------------------------------------------------
INFO [06-01|09:49:35.600] Chain ID:  1337 (unknown)
INFO [06-01|09:49:35.600] Consensus: unknown
INFO [06-01|09:49:35.600] 
INFO [06-01|09:49:35.600] Pre-Merge hard forks (block based):
INFO [06-01|09:49:35.600]  - Homestead:                   #0       
INFO [06-01|09:49:35.600]  - Tangerine Whistle (EIP 150): #0       
INFO [06-01|09:49:35.600]  - Spurious Dragon/1 (EIP 155): #0       
INFO [06-01|09:49:35.600]  - Spurious Dragon/2 (EIP 158): #0       
INFO [06-01|09:49:35.600]  - Byzantium:                   #0       
INFO [06-01|09:49:35.600]  - Constantinople:              #0       
INFO [06-01|09:49:35.600]  - Petersburg:                  #0       
INFO [06-01|09:49:35.600]  - Istanbul:                    #0       
INFO [06-01|09:49:35.600]  - Berlin:                      #0       
INFO [06-01|09:49:35.600]  - London:                      #0       
INFO [06-01|09:49:35.600]  - Arrow Glacier:               #0       
INFO [06-01|09:49:35.600]  - Gray Glacier:                #0       
INFO [06-01|09:49:35.600] 
INFO [06-01|09:49:35.600] Merge configured:
INFO [06-01|09:49:35.600]  - Total terminal difficulty:  0
INFO [06-01|09:49:35.600]  - Merge netsplit block:       #0       
INFO [06-01|09:49:35.600] 
INFO [06-01|09:49:35.600] Post-Merge hard forks (timestamp based):
INFO [06-01|09:49:35.600]  - Shanghai:                    @0         
INFO [06-01|09:49:35.600]  - Cancun:                      @0          blob: (target: 3, max: 6, fraction: 3338477)
INFO [06-01|09:49:35.600]  - Prague:                      @0          blob: (target: 6, max: 9, fraction: 5007716)
INFO [06-01|09:49:35.600]  - Osaka:                       @0          blob: (target: 6, max: 9, fraction: 5007716)
INFO [06-01|09:49:35.600]  - UBT:                         @0          blob: (nil)
INFO [06-01|09:49:35.600] 
INFO [06-01|09:49:35.600] All fork specifications can be found at https://ethereum.github.io/execution-specs/src/ethereum/forks/
INFO [06-01|09:49:35.600] 
INFO [06-01|09:49:35.600] ---------------------------------------------------------------------------------------------------------------------------------------------------------
INFO [06-01|09:49:35.600] 
INFO [06-01|09:49:35.602] Loaded most recent local block           number=2797 hash=c3d24d..54b0c0 age=3s
INFO [06-01|09:49:35.602] Loaded most recent local finalized block number=2784 hash=4161b6..e36ed1 age=23s
INFO [06-01|09:49:35.603] Initialized transaction indexer          range="last 2350000 blocks"
INFO [06-01|09:49:35.603] Initialized log indexer                  firstblock=0 lastblock=2797 firstmap=0 lastmap=0 headindexed=true
INFO [06-01|09:49:35.640] Enabled full-sync                        head=2797 hash=c3d24d..54b0c0
INFO [06-01|09:49:35.641] Unprotected transactions allowed
INFO [06-01|09:49:35.641] Gasprice oracle is ignoring threshold set threshold=2
INFO [06-01|09:49:35.641] Registered sync override service
WARN [06-01|09:49:35.641] You are running Geth in --dev mode. Please note the following:
WARN [06-01|09:49:35.641] 
WARN [06-01|09:49:35.641]   1. This mode is only intended for fast, iterative development without assumptions on
WARN [06-01|09:49:35.641]      security or persistence.
WARN [06-01|09:49:35.641]   2. The database is created in memory unless specified otherwise. Therefore, shutting down
WARN [06-01|09:49:35.641]      your computer or losing power will wipe your entire block data and chain state for
WARN [06-01|09:49:35.641]      your dev environment.
WARN [06-01|09:49:35.641]   3. A random, pre-allocated developer account will be available and unlocked as
WARN [06-01|09:49:35.641]      eth.coinbase, which can be used for testing. The random dev account is temporary,
WARN [06-01|09:49:35.641]      stored on a ramdisk, and will be lost if your machine is restarted.
WARN [06-01|09:49:35.641]   4. Mining is enabled by default. However, the client will only seal blocks if transactions
WARN [06-01|09:49:35.641]      are pending in the mempool. The miner's minimum accepted gas price is 1.
WARN [06-01|09:49:35.641]   5. Networking is disabled; there is no listen-address, the maximum number of peers is set
WARN [06-01|09:49:35.641]      to 0, and discovery is disabled.
WARN [06-01|09:49:35.641] 
INFO [06-01|09:49:35.641] Starting peer-to-peer node               instance=Geth/v1.17.3-unstable/linux-amd64/go1.24.9
WARN [06-01|09:49:35.641] P2P server will be useless, neither dialing nor listening
INFO [06-01|09:49:35.665] IPC endpoint opened                      url=/mnt/state_expiry_vol_data/ubt-vs-pbt-dbs/pbt/geth.ipc
ERROR[06-01|09:49:35.665] Unavailable modules in HTTP API list     unavailable=[personal] available="[admin debug web3 eth txpool miner net dev testing]"
INFO [06-01|09:49:35.666] New local node record                    seq=1,780,292,694,598 id=972c5cc0b2a1895c ip=127.0.0.1 udp=0 tcp=0
INFO [06-01|09:49:35.666] Started P2P networking                   self=enode://16ec6c0bde109d66472afe00ec8fee3d30718d830d1acf0829842abca89b82afff8a454636cde3b26d700f98647938c6f23e7bee3027caca0d7f19e4b3725e13@127.0.0.1:0
INFO [06-01|09:49:35.666] HTTP server started                      endpoint=127.0.0.1:8545 auth=false prefix= cors= vhosts=localhost
INFO [06-01|09:49:35.666] WebSocket enabled                        url=ws://127.0.0.1:8546
INFO [06-01|09:49:35.885] Loaded local transaction journal         transactions=2169 dropped=0
INFO [06-01|09:49:36.725] Started log indexer
INFO [06-01|09:49:36.768] Starting work on payload                 id=0x0336f77c31c83e91
INFO [06-01|09:49:36.771] Updated payload                          id=0x0336f77c31c83e91 number=2798 hash=ef62fc..81ec26 txs=0 withdrawals=0 gas=0 fees=0 root=9e31cf..e6c40f elapsed=3.503ms
INFO [06-01|09:49:36.772] Stopping work on payload                 id=0x0336f77c31c83e91 reason=delivery
WARN [06-01|09:49:36.776] {"level":"warn","msg":"Slow block","block":{"number":2798,"hash":"0xef62fcf366d62ff93ae4f8cae488d86d046c7f0fcd16c3f50ac6da642981ec26","gas_used":0,"tx_count":0},"timing":{"execution_ms":0.052769,"state_read_ms":3.146326,"state_hash_ms":0.001968,"commit_ms":0.281237,"total_ms":3.780849},"throughput":{"mgas_per_sec":0},"state_reads":{"accounts":4,"storage_slots":0,"code":0,"code_bytes":0},"state_writes":{"accounts":0,"accounts_deleted":0,"storage_slots":0,"storage_slots_deleted":0,"code":0,"code_bytes":0},"cache":{"account":{"hits":0,"misses":4,"hit_rate":0},"storage":{"hits":0,"misses":0,"hit_rate":0},"code":{"hits":0,"misses":0,"hit_rate":0,"hit_bytes":0,"miss_bytes":0}}}
INFO [06-01|09:49:36.776] Imported new potential chain segment     number=2798 hash=ef62fc..81ec26 blocks=1 txs=0 mgas=0.000 elapsed=4.169ms mgasps=0.000 triediffs=2.92MiB triedirty=0.00B
INFO [06-01|09:49:36.776] Chain head was updated                   number=2798 hash=ef62fc..81ec26 root=9e31cf..e6c40f elapsed="73.996µs"
INFO [06-01|09:49:37.781] Starting work on payload                 id=0x032f9168b656195e
INFO [06-01|09:49:37.794] Updated payload                          id=0x032f9168b656195e number=2799 hash=b21ec4..6993cb txs=0 withdrawals=0 gas=0 fees=0 root=9e31cf..e6c40f elapsed=12.282ms
INFO [06-01|09:49:37.794] Stopping work on payload                 id=0x032f9168b656195e reason=delivery
WARN [06-01|09:49:37.797] {"level":"warn","msg":"Slow block","block":{"number":2799,"hash":"0xb21ec4e3411303e2b5bbac43b2a148bf33e6716c00d2864edbea139bbe6993cb","gas_used":0,"tx_count":0},"timing":{"execution_ms":0.023377,"state_read_ms":2.855114,"state_hash_ms":0.001615,"commit_ms":0.081985,"total_ms":3.133605},"throughput":{"mgas_per_sec":0},"state_reads":{"accounts":4,"storage_slots":0,"code":0,"code_bytes":0},"state_writes":{"accounts":0,"accounts_deleted":0,"storage_slots":0,"storage_slots_deleted":0,"code":0,"code_bytes":0},"cache":{"account":{"hits":0,"misses":4,"hit_rate":0},"storage":{"hits":0,"misses":0,"hit_rate":0},"code":{"hits":0,"misses":0,"hit_rate":0,"hit_bytes":0,"miss_bytes":0}}}
INFO [06-01|09:49:37.797] Imported new potential chain segment     number=2799 hash=b21ec4..6993cb blocks=1 txs=0 mgas=0.000 elapsed=3.282ms    mgasps=0.000 triediffs=2.92MiB triedirty=0.00B
INFO [06-01|09:49:37.797] Chain head was updated                   number=2799 hash=b21ec4..6993cb root=9e31cf..e6c40f elapsed="33.13µs"
INFO [06-01|09:49:38.802] Starting work on payload                 id=0x03e4c835e8f3f5f0
INFO [06-01|09:49:38.807] Updated payload                          id=0x03e4c835e8f3f5f0 number=2800 hash=14eca9..6d0d8a txs=0 withdrawals=0 gas=0 fees=0 root=9e31cf..e6c40f elapsed=4.242ms
INFO [06-01|09:49:38.809] Stopping work on payload                 id=0x03e4c835e8f3f5f0 reason=delivery
WARN [06-01|09:49:38.828] {"level":"warn","msg":"Slow block","block":{"number":2800,"hash":"0x14eca9c9e9d7ca3df7357cab9e432afc8ca8b987c6b06071ecfa7a44776d0d8a","gas_used":0,"tx_count":0},"timing":{"execution_ms":0.036503,"state_read_ms":20.666174,"state_hash_ms":0.002401,"commit_ms":0.146532,"total_ms":21.051526},"throughput":{"mgas_per_sec":0},"state_reads":{"accounts":4,"storage_slots":0,"code":0,"code_bytes":0},"state_writes":{"accounts":0,"accounts_deleted":0,"storage_slots":0,"storage_slots_deleted":0,"code":0,"code_bytes":0},"cache":{"account":{"hits":0,"misses":4,"hit_rate":0},"storage":{"hits":0,"misses":0,"hit_rate":0},"code":{"hits":0,"misses":0,"hit_rate":0,"hit_bytes":0,"miss_bytes":0}}}
INFO [06-01|09:49:38.828] Imported new potential chain segment     number=2800 hash=14eca9..6d0d8a blocks=1 txs=0 mgas=0.000 elapsed=21.254ms   mgasps=0.000 triediffs=2.92MiB triedirty=0.00B
INFO [06-01|09:49:38.828] Chain head was updated                   number=2800 hash=14eca9..6d0d8a root=9e31cf..e6c40f elapsed="50.536µs"
INFO [06-01|09:49:39.161] Submitted contract creation              hash=0xfceb5741d45d6ee7b6b18864a0a7a890aa60fca6471326b24becf24926b7e11c from=0xf39Fd6e51aad88F6F4ce6aB8827279cffFb92266 nonce=829 contract=0xB92257D74B8815EC711071889cB506C8d66A6a06 value=0
INFO [06-01|09:49:39.161] Submitted transaction                    hash=0x49d1c252708b5891f34b5e1cb7ce8bb52507242a94bcc0ba8f58b7247e2282cc from=0xf39Fd6e51aad88F6F4ce6aB8827279cffFb92266 nonce=830 recipient=0x1584768C2510B4043B5aD7e6FA26aB981BD95C90 value=78,000,000
INFO [06-01|09:49:39.833] Starting work on payload                 id=0x03f9b4babd9ff1a0
INFO [06-01|09:49:39.864] Updated payload                          id=0x03f9b4babd9ff1a0 number=2801 hash=f4f555..e85ea4 txs=2 withdrawals=0 gas=86938 fees=5.21628e-13 root=30b94d..2124e5 elapsed=30.967ms
INFO [06-01|09:49:39.864] Stopping work on payload                 id=0x03f9b4babd9ff1a0 reason=delivery
INFO [06-01|09:49:39.896] Paused snapshot generation
WARN [06-01|09:49:39.896] {"level":"warn","msg":"Slow block","block":{"number":2801,"hash":"0xf4f5557c78d5e6cb79a27a8b0bddaa6410ac2df7808b6fdf0cfd8ea267e85ea4","gas_used":86938,"tx_count":2},"timing":{"execution_ms":0.151559,"state_read_ms":23.795624,"state_hash_ms":2.579164,"commit_ms":4.858137,"total_ms":31.599027},"throughput":{"mgas_per_sec":2.75128724691428},"state_reads":{"accounts":11,"storage_slots":0,"code":0,"code_bytes":0},"state_writes":{"accounts":3,"accounts_deleted":0,"storage_slots":0,"storage_slots_deleted":0,"code":1,"code_bytes":165},"cache":{"account":{"hits":5,"misses":6,"hit_rate":45.45454545454545},"storage":{"hits":0,"misses":0,"hit_rate":0},"code":{"hits":0,"misses":0,"hit_rate":0,"hit_bytes":0,"miss_bytes":0}}}
INFO [06-01|09:49:39.896] Imported new potential chain segment     number=2801 hash=f4f555..e85ea4 blocks=1 txs=2 mgas=0.087 elapsed=31.782ms   mgasps=2.735 triediffs=2.89MiB triedirty=0.00B
INFO [06-01|09:49:39.897] Chain head was updated                   number=2801 hash=f4f555..e85ea4 root=30b94d..2124e5 elapsed="170.834µs"
WARN [06-01|09:49:39.916] Snapshot generation is not permitted
INFO [06-01|09:49:40.173] Submitted transaction                    hash=0x183f0c586430dcd042e3d5b7ffa75c0698577eeda65797848b4b2dda6fd70867 from=0x1584768C2510B4043B5aD7e6FA26aB981BD95C90 nonce=0   recipient=0xB92257D74B8815EC711071889cB506C8d66A6a06 value=0
INFO [06-01|09:49:40.902] Starting work on payload                 id=0x03f899510b8523d7
INFO [06-01|09:49:40.951] Updated payload                          id=0x03f899510b8523d7 number=2802 hash=2c37d1..2cb9fe txs=1 withdrawals=0 gas=5,916,898 fees=3.5501388e-11 root=7950f3..84b298 elapsed=48.902ms
INFO [06-01|09:49:40.951] Stopping work on payload                 id=0x03f899510b8523d7 reason=delivery
INFO [06-01|09:49:40.984] Paused snapshot generation
WARN [06-01|09:49:40.985] {"level":"warn","msg":"Slow block","block":{"number":2802,"hash":"0x2c37d1df8348c9494b11ea605a0d994f9475e23dd81de23237d49199982cb9fe","gas_used":5916898,"tx_count":1},"timing":{"execution_ms":13.431345,"state_read_ms":12.777813,"state_hash_ms":6.09367,"commit_ms":1.658869,"total_ms":34.212592},"throughput":{"mgas_per_sec":172.94503731257777},"state_reads":{"accounts":107,"storage_slots":1058,"code":101,"code_bytes":2965},"state_writes":{"accounts":3,"accounts_deleted":0,"storage_slots":134,"storage_slots_deleted":0,"code":0,"code_bytes":0},"cache":{"account":{"hits":42,"misses":65,"hit_rate":39.25233644859813},"storage":{"hits":212,"misses":846,"hit_rate":20.03780718336484},"code":{"hits":101,"misses":0,"hit_rate":100,"hit_bytes":2965,"miss_bytes":0}}}
INFO [06-01|09:49:40.985] Imported new potential chain segment     number=2802 hash=2c37d1..2cb9fe blocks=1 txs=1 mgas=5.917 elapsed=34.455ms    mgasps=171.725 triediffs=2.92MiB triedirty=0.00B
INFO [06-01|09:49:40.986] Chain head was updated                   number=2802 hash=2c37d1..2cb9fe root=7950f3..84b298 elapsed="93.859µs"
WARN [06-01|09:49:41.011] Snapshot generation is not permitted
INFO [06-01|09:49:41.186] Submitted transaction                    hash=0xa27e185368c3453337097e43df183cd2dcf1e6e2d21a5a305b4fbbf7b49594a2 from=0x1584768C2510B4043B5aD7e6FA26aB981BD95C90 nonce=1   recipient=0xf39Fd6e51aad88F6F4ce6aB8827279cffFb92266 value=828,326
INFO [06-01|09:49:41.990] Starting work on payload                 id=0x03621310b35e5777
INFO [06-01|09:49:42.017] Updated payload                          id=0x03621310b35e5777 number=2803 hash=c8672a..9e708f txs=1 withdrawals=0 gas=21000     fees=2.1e-14       root=5c2c35..0567cc elapsed=27.513ms
INFO [06-01|09:49:42.017] Stopping work on payload                 id=0x03621310b35e5777 reason=delivery
INFO [06-01|09:49:42.024] Paused snapshot generation
WARN [06-01|09:49:42.029] {"level":"warn","msg":"Slow block","block":{"number":2803,"hash":"0xc8672a5dc68397aa0a6fb1d972b4033c1e1dc5b34a6765902839e37de99e708f","gas_used":21000,"tx_count":1},"timing":{"execution_ms":0.063257,"state_read_ms":2.935123,"state_hash_ms":2.844183,"commit_ms":5.208048,"total_ms":11.224497},"throughput":{"mgas_per_sec":1.8709078901263905},"state_reads":{"accounts":6,"storage_slots":0,"code":0,"code_bytes":0},"state_writes":{"accounts":2,"accounts_deleted":0,"storage_slots":0,"storage_slots_deleted":0,"code":0,"code_bytes":0},"cache":{"account":{"hits":2,"misses":4,"hit_rate":33.33333333333333},"storage":{"hits":0,"misses":0,"hit_rate":0},"code":{"hits":0,"misses":0,"hit_rate":0,"hit_bytes":0,"miss_bytes":0}}}
INFO [06-01|09:49:42.029] Imported new potential chain segment     number=2803 hash=c8672a..9e708f blocks=1 txs=1 mgas=0.021 elapsed=11.397ms    mgasps=1.843   triediffs=2.92MiB triedirty=0.00B
INFO [06-01|09:49:42.029] Chain head was updated                   number=2803 hash=c8672a..9e708f root=5c2c35..0567cc elapsed="108.149µs"
WARN [06-01|09:49:42.049] Snapshot generation is not permitted
