WARN [06-01|09:28:40.490] Unknown config environment variable      envvar=GETH_PBT_BIN
WARN [06-01|09:28:40.491] Unknown config environment variable      envvar=GETH_UBT_BIN
INFO [06-01|09:28:40.501] Starting Geth on Ethereum mainnet...
INFO [06-01|09:28:40.503] Maximum peer count                       ETH=0 total=0
INFO [06-01|09:28:40.504] Smartcard socket not found, disabling    err="stat /run/pcscd/pcscd.comm: no such file or directory"
WARN [06-01|09:28:40.509] Option --miner.etherbase is deprecated as the etherbase is set by the consensus client post-merge
WARN [06-01|09:28:40.511] Snap sync requested, resetting --cache.snapshot
INFO [06-01|09:28:40.511] Set global gas cap                       cap=50,000,000
INFO [06-01|09:28:41.330] Using developer account                  address=0xf39Fd6e51aad88F6F4ce6aB8827279cffFb92266
INFO [06-01|09:28:41.368] Using pebble as the backing database
INFO [06-01|09:28:41.368] Allocated cache and file handles         database=/mnt/state_expiry_vol_data/ubt-vs-pbt-dbs/pbt/geth/chaindata cache=16.00MiB handles=262,144
INFO [06-01|09:28:41.571] Opened ancient database                  database=/mnt/state_expiry_vol_data/ubt-vs-pbt-dbs/pbt/geth/chaindata/ancient/chain readonly=true
INFO [06-01|09:28:41.571] Opened Era store                         datadir=/mnt/state_expiry_vol_data/ubt-vs-pbt-dbs/pbt/geth/chaindata/ancient/chain/era
INFO [06-01|09:28:41.578] Initializing the KZG library             backend=gokzg
INFO [06-01|09:28:41.580] Allocated trie memory caches             clean=0.00B dirty=0.00B
INFO [06-01|09:28:41.588] Using pebble as the backing database
INFO [06-01|09:28:41.588] Allocated cache and file handles         database=/mnt/state_expiry_vol_data/ubt-vs-pbt-dbs/pbt/geth/chaindata cache=16.00MiB handles=262,144
INFO [06-01|09:28:41.765] Opened ancient database                  database=/mnt/state_expiry_vol_data/ubt-vs-pbt-dbs/pbt/geth/chaindata/ancient/chain readonly=false
INFO [06-01|09:28:41.765] Opened Era store                         datadir=/mnt/state_expiry_vol_data/ubt-vs-pbt-dbs/pbt/geth/chaindata/ancient/chain/era
INFO [06-01|09:28:41.770] State scheme set to already existing     scheme=path
INFO [06-01|09:28:41.770] Initialising Ethereum protocol           network=1337 dbversion=9
INFO [06-01|09:28:41.770] Load database journal from file          path=/mnt/state_expiry_vol_data/ubt-vs-pbt-dbs/pbt/geth/triedb/verkle.journal
INFO [06-01|09:28:41.834] Opened ancient database                  database=/mnt/state_expiry_vol_data/ubt-vs-pbt-dbs/pbt/geth/chaindata/ancient/state_verkle readonly=false
INFO [06-01|09:28:41.854] State snapshot generator is not compatible
INFO [06-01|09:28:41.854] Initialized path database                triecache=0.00B statecache=0.00B buffer=0.00B state-history="last 90000 blocks" journal-dir=/mnt/state_expiry_vol_data/ubt-vs-pbt-dbs/pbt/geth/triedb verkle=true
INFO [06-01|09:28:41.854] 
INFO [06-01|09:28:41.854] ---------------------------------------------------------------------------------------------------------------------------------------------------------
INFO [06-01|09:28:41.854] Chain ID:  1337 (unknown)
INFO [06-01|09:28:41.854] Consensus: unknown
INFO [06-01|09:28:41.854] 
INFO [06-01|09:28:41.854] Pre-Merge hard forks (block based):
INFO [06-01|09:28:41.854]  - Homestead:                   #0       
INFO [06-01|09:28:41.854]  - Tangerine Whistle (EIP 150): #0       
INFO [06-01|09:28:41.854]  - Spurious Dragon/1 (EIP 155): #0       
INFO [06-01|09:28:41.854]  - Spurious Dragon/2 (EIP 158): #0       
INFO [06-01|09:28:41.854]  - Byzantium:                   #0       
INFO [06-01|09:28:41.854]  - Constantinople:              #0       
INFO [06-01|09:28:41.854]  - Petersburg:                  #0       
INFO [06-01|09:28:41.854]  - Istanbul:                    #0       
INFO [06-01|09:28:41.854]  - Berlin:                      #0       
INFO [06-01|09:28:41.854]  - London:                      #0       
INFO [06-01|09:28:41.854]  - Arrow Glacier:               #0       
INFO [06-01|09:28:41.854]  - Gray Glacier:                #0       
INFO [06-01|09:28:41.854] 
INFO [06-01|09:28:41.854] Merge configured:
INFO [06-01|09:28:41.854]  - Total terminal difficulty:  0
INFO [06-01|09:28:41.854]  - Merge netsplit block:       #0       
INFO [06-01|09:28:41.854] 
INFO [06-01|09:28:41.854] Post-Merge hard forks (timestamp based):
INFO [06-01|09:28:41.854]  - Shanghai:                    @0         
INFO [06-01|09:28:41.854]  - Cancun:                      @0          blob: (target: 3, max: 6, fraction: 3338477)
INFO [06-01|09:28:41.854]  - Prague:                      @0          blob: (target: 6, max: 9, fraction: 5007716)
INFO [06-01|09:28:41.854]  - Osaka:                       @0          blob: (target: 6, max: 9, fraction: 5007716)
INFO [06-01|09:28:41.854]  - UBT:                         @0          blob: (nil)
INFO [06-01|09:28:41.854] 
INFO [06-01|09:28:41.854] All fork specifications can be found at https://ethereum.github.io/execution-specs/src/ethereum/forks/
INFO [06-01|09:28:41.854] 
INFO [06-01|09:28:41.854] ---------------------------------------------------------------------------------------------------------------------------------------------------------
INFO [06-01|09:28:41.854] 
INFO [06-01|09:28:41.856] Loaded most recent local block           number=1997 hash=a839f0..d3638c age=3s
INFO [06-01|09:28:41.856] Loaded most recent local finalized block number=1984 hash=3857e8..17e2b1 age=23s
INFO [06-01|09:28:41.857] Initialized transaction indexer          range="last 2350000 blocks"
INFO [06-01|09:28:41.857] Initialized log indexer                  firstblock=0 lastblock=1997 firstmap=0 lastmap=0 headindexed=true
INFO [06-01|09:28:41.876] Enabled full-sync                        head=1997 hash=a839f0..d3638c
INFO [06-01|09:28:41.876] Unprotected transactions allowed
INFO [06-01|09:28:41.876] Gasprice oracle is ignoring threshold set threshold=2
INFO [06-01|09:28:41.877] Registered sync override service
WARN [06-01|09:28:41.877] You are running Geth in --dev mode. Please note the following:
WARN [06-01|09:28:41.877] 
WARN [06-01|09:28:41.877]   1. This mode is only intended for fast, iterative development without assumptions on
WARN [06-01|09:28:41.877]      security or persistence.
WARN [06-01|09:28:41.877]   2. The database is created in memory unless specified otherwise. Therefore, shutting down
WARN [06-01|09:28:41.877]      your computer or losing power will wipe your entire block data and chain state for
WARN [06-01|09:28:41.877]      your dev environment.
WARN [06-01|09:28:41.877]   3. A random, pre-allocated developer account will be available and unlocked as
WARN [06-01|09:28:41.877]      eth.coinbase, which can be used for testing. The random dev account is temporary,
WARN [06-01|09:28:41.877]      stored on a ramdisk, and will be lost if your machine is restarted.
WARN [06-01|09:28:41.877]   4. Mining is enabled by default. However, the client will only seal blocks if transactions
WARN [06-01|09:28:41.877]      are pending in the mempool. The miner's minimum accepted gas price is 1.
WARN [06-01|09:28:41.877]   5. Networking is disabled; there is no listen-address, the maximum number of peers is set
WARN [06-01|09:28:41.877]      to 0, and discovery is disabled.
WARN [06-01|09:28:41.877] 
INFO [06-01|09:28:41.877] Starting peer-to-peer node               instance=Geth/v1.17.3-unstable/linux-amd64/go1.24.9
WARN [06-01|09:28:41.877] P2P server will be useless, neither dialing nor listening
INFO [06-01|09:28:41.904] IPC endpoint opened                      url=/mnt/state_expiry_vol_data/ubt-vs-pbt-dbs/pbt/geth.ipc
ERROR[06-01|09:28:41.904] Unavailable modules in HTTP API list     unavailable=[personal] available="[admin debug web3 eth txpool miner net dev testing]"
INFO [06-01|09:28:41.904] New local node record                    seq=1,780,292,694,472 id=972c5cc0b2a1895c ip=127.0.0.1 udp=0 tcp=0
INFO [06-01|09:28:41.904] Started P2P networking                   self=enode://16ec6c0bde109d66472afe00ec8fee3d30718d830d1acf0829842abca89b82afff8a454636cde3b26d700f98647938c6f23e7bee3027caca0d7f19e4b3725e13@127.0.0.1:0
INFO [06-01|09:28:41.905] HTTP server started                      endpoint=127.0.0.1:8545 auth=false prefix= cors= vhosts=localhost
INFO [06-01|09:28:41.905] WebSocket enabled                        url=ws://127.0.0.1:8546
INFO [06-01|09:28:42.098] Loaded local transaction journal         transactions=1665 dropped=0
INFO [06-01|09:28:42.945] Started log indexer
INFO [06-01|09:28:42.985] Starting work on payload                 id=0x03b6329057dec7a6
INFO [06-01|09:28:42.989] Updated payload                          id=0x03b6329057dec7a6 number=1998 hash=2f7327..b8998c txs=0 withdrawals=0 gas=0 fees=0 root=18ca9e..b67968 elapsed=3.615ms
INFO [06-01|09:28:42.989] Stopping work on payload                 id=0x03b6329057dec7a6 reason=delivery
WARN [06-01|09:28:42.993] {"level":"warn","msg":"Slow block","block":{"number":1998,"hash":"0x2f7327cbfe901c88af9830730916520c8edc673444860435f60953f7edb8998c","gas_used":0,"tx_count":0},"timing":{"execution_ms":0.105066,"state_read_ms":3.297293,"state_hash_ms":0.001374,"commit_ms":0.161523,"total_ms":3.794208},"throughput":{"mgas_per_sec":0},"state_reads":{"accounts":4,"storage_slots":0,"code":0,"code_bytes":0},"state_writes":{"accounts":0,"accounts_deleted":0,"storage_slots":0,"storage_slots_deleted":0,"code":0,"code_bytes":0},"cache":{"account":{"hits":0,"misses":4,"hit_rate":0},"storage":{"hits":0,"misses":0,"hit_rate":0},"code":{"hits":0,"misses":0,"hit_rate":0,"hit_bytes":0,"miss_bytes":0}}}
INFO [06-01|09:28:42.993] Imported new potential chain segment     number=1998 hash=2f7327..b8998c blocks=1 txs=0 mgas=0.000 elapsed=4.306ms mgasps=0.000 triediffs=2.12MiB triedirty=0.00B
INFO [06-01|09:28:42.993] Chain head was updated                   number=1998 hash=2f7327..b8998c root=18ca9e..b67968 elapsed="117.31µs"
INFO [06-01|09:28:43.999] Starting work on payload                 id=0x036a2cc2095f2248
INFO [06-01|09:28:44.010] Updated payload                          id=0x036a2cc2095f2248 number=1999 hash=7a0887..66234c txs=0 withdrawals=0 gas=0 fees=0 root=18ca9e..b67968 elapsed=10.807ms
INFO [06-01|09:28:44.011] Stopping work on payload                 id=0x036a2cc2095f2248 reason=delivery
WARN [06-01|09:28:44.017] {"level":"warn","msg":"Slow block","block":{"number":1999,"hash":"0x7a0887038eb022a481ee976701fc67713385001480ba16ee1540b2260b66234c","gas_used":0,"tx_count":0},"timing":{"execution_ms":0.496111,"state_read_ms":4.787396,"state_hash_ms":0.002018,"commit_ms":0.086505,"total_ms":5.679486},"throughput":{"mgas_per_sec":0},"state_reads":{"accounts":4,"storage_slots":0,"code":0,"code_bytes":0},"state_writes":{"accounts":0,"accounts_deleted":0,"storage_slots":0,"storage_slots_deleted":0,"code":0,"code_bytes":0},"cache":{"account":{"hits":0,"misses":4,"hit_rate":0},"storage":{"hits":0,"misses":0,"hit_rate":0},"code":{"hits":0,"misses":0,"hit_rate":0,"hit_bytes":0,"miss_bytes":0}}}
INFO [06-01|09:28:44.017] Imported new potential chain segment     number=1999 hash=7a0887..66234c blocks=1 txs=0 mgas=0.000 elapsed=5.910ms    mgasps=0.000 triediffs=2.12MiB triedirty=0.00B
INFO [06-01|09:28:44.017] Chain head was updated                   number=1999 hash=7a0887..66234c root=18ca9e..b67968 elapsed="31.404µs"
INFO [06-01|09:28:45.021] Starting work on payload                 id=0x03d6f41873ee9d27
INFO [06-01|09:28:45.037] Updated payload                          id=0x03d6f41873ee9d27 number=2000 hash=a06d13..c2c35d txs=0 withdrawals=0 gas=0 fees=0 root=18ca9e..b67968 elapsed=15.875ms
INFO [06-01|09:28:45.037] Stopping work on payload                 id=0x03d6f41873ee9d27 reason=delivery
WARN [06-01|09:28:45.040] {"level":"warn","msg":"Slow block","block":{"number":2000,"hash":"0xa06d13227e3157185b25485ae31f347eda22e9e83829fa98fe8b85cd32c2c35d","gas_used":0,"tx_count":0},"timing":{"execution_ms":0.025397,"state_read_ms":2.79998,"state_hash_ms":0.001284,"commit_ms":0.086017,"total_ms":3.069432},"throughput":{"mgas_per_sec":0},"state_reads":{"accounts":4,"storage_slots":0,"code":0,"code_bytes":0},"state_writes":{"accounts":0,"accounts_deleted":0,"storage_slots":0,"storage_slots_deleted":0,"code":0,"code_bytes":0},"cache":{"account":{"hits":0,"misses":4,"hit_rate":0},"storage":{"hits":0,"misses":0,"hit_rate":0},"code":{"hits":0,"misses":0,"hit_rate":0,"hit_bytes":0,"miss_bytes":0}}}
INFO [06-01|09:28:45.040] Imported new potential chain segment     number=2000 hash=a06d13..c2c35d blocks=1 txs=0 mgas=0.000 elapsed=3.222ms    mgasps=0.000 triediffs=2.12MiB triedirty=0.00B
INFO [06-01|09:28:45.040] Chain head was updated                   number=2000 hash=a06d13..c2c35d root=18ca9e..b67968 elapsed="35.667µs"
INFO [06-01|09:28:45.292] Submitted contract creation              hash=0x4699842f4d3e05d252789f8fb402e7c99304e59028dc5aa4e6c63dcb2f252589 from=0xf39Fd6e51aad88F6F4ce6aB8827279cffFb92266 nonce=577 contract=0x4A351C6aE3249499CBb50E8FE6566E2615386Da8 value=0
INFO [06-01|09:28:45.293] Submitted transaction                    hash=0xe58c6ec0e00d37f5c75a5d864230eae3702119260fd613959bdbe847427849cf from=0xf39Fd6e51aad88F6F4ce6aB8827279cffFb92266 nonce=578 recipient=0x7346272bA93CBB3c896Ad96B89cE63D03D2efd31 value=78,000,000
INFO [06-01|09:28:46.046] Starting work on payload                 id=0x03d4d56d327f5958
INFO [06-01|09:28:46.088] Updated payload                          id=0x03d4d56d327f5958 number=2001 hash=0f35cf..197b97 txs=2 withdrawals=0 gas=86120 fees=5.1672e-13 root=38324b..879a56 elapsed=41.465ms
INFO [06-01|09:28:46.088] Stopping work on payload                 id=0x03d4d56d327f5958 reason=delivery
INFO [06-01|09:28:46.110] Paused snapshot generation
WARN [06-01|09:28:46.111] {"level":"warn","msg":"Slow block","block":{"number":2001,"hash":"0x0f35cf2499621bb1669d2e410a220498c0226a10b7d2efb4b87cc71e03197b97","gas_used":86120,"tx_count":2},"timing":{"execution_ms":0.110886,"state_read_ms":12.499385,"state_hash_ms":3.321024,"commit_ms":5.468614,"total_ms":22.884337},"throughput":{"mgas_per_sec":3.7632726698614865},"state_reads":{"accounts":11,"storage_slots":0,"code":0,"code_bytes":0},"state_writes":{"accounts":3,"accounts_deleted":0,"storage_slots":0,"storage_slots_deleted":0,"code":1,"code_bytes":155},"cache":{"account":{"hits":5,"misses":6,"hit_rate":45.45454545454545},"storage":{"hits":0,"misses":0,"hit_rate":0},"code":{"hits":0,"misses":0,"hit_rate":0,"hit_bytes":0,"miss_bytes":0}}}
INFO [06-01|09:28:46.111] Imported new potential chain segment     number=2001 hash=0f35cf..197b97 blocks=1 txs=2 mgas=0.086 elapsed=23.022ms   mgasps=3.741 triediffs=2.13MiB triedirty=0.00B
INFO [06-01|09:28:46.111] Chain head was updated                   number=2001 hash=0f35cf..197b97 root=38324b..879a56 elapsed="155.465µs"
WARN [06-01|09:28:46.131] Snapshot generation is not permitted
INFO [06-01|09:28:46.304] Submitted transaction                    hash=0xa7af90d2968ffea9e561a4ac60cd1eb28cf58e31f6af565ad4ec5ba9876d0313 from=0x7346272bA93CBB3c896Ad96B89cE63D03D2efd31 nonce=0   recipient=0x4A351C6aE3249499CBb50E8FE6566E2615386Da8 value=0
INFO [06-01|09:28:47.116] Starting work on payload                 id=0x03dd8c302c5f5efc
INFO [06-01|09:28:47.250] Updated payload                          id=0x03dd8c302c5f5efc number=2002 hash=b98f3d..fc6d8e txs=1 withdrawals=0 gas=5,900,406 fees=3.5402436e-11 root=cb991d..4105de elapsed=133.773ms
INFO [06-01|09:28:47.250] Stopping work on payload                 id=0x03dd8c302c5f5efc reason=delivery
INFO [06-01|09:28:47.401] Paused snapshot generation
WARN [06-01|09:28:47.402] {"level":"warn","msg":"Slow block","block":{"number":2002,"hash":"0xb98f3dd4069261eeabfc10b4a593984bac603997f2b06e3a4a3fc1ce6efc6d8e","gas_used":5900406,"tx_count":1},"timing":{"execution_ms":133.630278,"state_read_ms":14.20945,"state_hash_ms":2.560566,"commit_ms":0.636229,"total_ms":151.214747},"throughput":{"mgas_per_sec":39.020043461766335},"state_reads":{"accounts":8,"storage_slots":258,"code":2,"code_bytes":183},"state_writes":{"accounts":2,"accounts_deleted":0,"storage_slots":0,"storage_slots_deleted":0,"code":0,"code_bytes":0},"cache":{"account":{"hits":4,"misses":4,"hit_rate":50},"storage":{"hits":115,"misses":143,"hit_rate":44.57364341085272},"code":{"hits":2,"misses":0,"hit_rate":100,"hit_bytes":183,"miss_bytes":0}}}
INFO [06-01|09:28:47.402] Imported new potential chain segment     number=2002 hash=b98f3d..fc6d8e blocks=1 txs=1 mgas=5.900 elapsed=151.384ms   mgasps=38.976 triediffs=2.13MiB triedirty=0.00B
INFO [06-01|09:28:47.402] Chain head was updated                   number=2002 hash=b98f3d..fc6d8e root=cb991d..4105de elapsed="96.296µs"
WARN [06-01|09:28:47.424] Snapshot generation is not permitted
INFO [06-01|09:28:48.320] Submitted transaction                    hash=0xcb7d0d14dcece3189e6efc288408a08883ef7e5b7909f1e76aca0245ed0903bf from=0x7346272bA93CBB3c896Ad96B89cE63D03D2efd31 nonce=1   recipient=0xf39Fd6e51aad88F6F4ce6aB8827279cffFb92266 value=1,042,722
INFO [06-01|09:28:48.411] Starting work on payload                 id=0x03262cfaedda632d
INFO [06-01|09:28:48.419] Updated payload                          id=0x03262cfaedda632d number=2003 hash=3f4581..6cc096 txs=1 withdrawals=0 gas=21000     fees=2.1e-14       root=90004b..8f2b20 elapsed=8.458ms
INFO [06-01|09:28:48.419] Stopping work on payload                 id=0x03262cfaedda632d reason=delivery
INFO [06-01|09:28:48.440] Paused snapshot generation
WARN [06-01|09:28:48.440] {"level":"warn","msg":"Slow block","block":{"number":2003,"hash":"0x3f45816c764911a59750b8ceecfda68112b688a343fa3d6478308419b76cc096","gas_used":21000,"tx_count":1},"timing":{"execution_ms":0.061684,"state_read_ms":17.106061,"state_hash_ms":2.310726,"commit_ms":0.561418,"total_ms":20.208423},"throughput":{"mgas_per_sec":1.0391706468139548},"state_reads":{"accounts":6,"storage_slots":0,"code":0,"code_bytes":0},"state_writes":{"accounts":2,"accounts_deleted":0,"storage_slots":0,"storage_slots_deleted":0,"code":0,"code_bytes":0},"cache":{"account":{"hits":2,"misses":4,"hit_rate":33.33333333333333},"storage":{"hits":0,"misses":0,"hit_rate":0},"code":{"hits":0,"misses":0,"hit_rate":0,"hit_bytes":0,"miss_bytes":0}}}
INFO [06-01|09:28:48.440] Imported new potential chain segment     number=2003 hash=3f4581..6cc096 blocks=1 txs=1 mgas=0.021 elapsed=20.347ms    mgasps=1.032  triediffs=2.12MiB triedirty=0.00B
INFO [06-01|09:28:48.440] Chain head was updated                   number=2003 hash=3f4581..6cc096 root=90004b..8f2b20 elapsed="72.568µs"
WARN [06-01|09:28:48.459] Snapshot generation is not permitted
INFO [06-01|09:28:49.445] Starting work on payload                 id=0x03f5079e6600bdb5
INFO [06-01|09:28:49.448] Updated payload                          id=0x03f5079e6600bdb5 number=2004 hash=59b71f..81b698 txs=0 withdrawals=0 gas=0         fees=0             root=90004b..8f2b20 elapsed=2.962ms
INFO [06-01|09:28:49.448] Stopping work on payload                 id=0x03f5079e6600bdb5 reason=delivery
WARN [06-01|09:28:49.451] {"level":"warn","msg":"Slow block","block":{"number":2004,"hash":"0x59b71f22196e1aed09b87ed526249f5cbe24da31cc98268af145d87b5d81b698","gas_used":0,"tx_count":0},"timing":{"execution_ms":0.022775,"state_read_ms":2.601436,"state_hash_ms":0.001833,"commit_ms":0.102419,"total_ms":2.894009},"throughput":{"mgas_per_sec":0},"state_reads":{"accounts":4,"storage_slots":0,"code":0,"code_bytes":0},"state_writes":{"accounts":0,"accounts_deleted":0,"storage_slots":0,"storage_slots_deleted":0,"code":0,"code_bytes":0},"cache":{"account":{"hits":0,"misses":4,"hit_rate":0},"storage":{"hits":0,"misses":0,"hit_rate":0},"code":{"hits":0,"misses":0,"hit_rate":0,"hit_bytes":0,"miss_bytes":0}}}
INFO [06-01|09:28:49.452] Imported new potential chain segment     number=2004 hash=59b71f..81b698 blocks=1 txs=0 mgas=0.000 elapsed=3.007ms     mgasps=0.000  triediffs=2.12MiB triedirty=0.00B
INFO [06-01|09:28:49.452] Chain head was updated                   number=2004 hash=59b71f..81b698 root=90004b..8f2b20 elapsed="45.018µs"
