WARN [06-01|09:58:33.087] Unknown config environment variable      envvar=GETH_PBT_BIN
WARN [06-01|09:58:33.087] Unknown config environment variable      envvar=GETH_UBT_BIN
INFO [06-01|09:58:33.097] Starting Geth on Ethereum mainnet...
INFO [06-01|09:58:33.098] Maximum peer count                       ETH=0 total=0
INFO [06-01|09:58:33.100] Smartcard socket not found, disabling    err="stat /run/pcscd/pcscd.comm: no such file or directory"
WARN [06-01|09:58:33.105] Option --miner.etherbase is deprecated as the etherbase is set by the consensus client post-merge
WARN [06-01|09:58:33.107] Snap sync requested, resetting --cache.snapshot
INFO [06-01|09:58:33.107] Set global gas cap                       cap=50,000,000
INFO [06-01|09:58:33.933] Using developer account                  address=0xf39Fd6e51aad88F6F4ce6aB8827279cffFb92266
INFO [06-01|09:58:33.970] Using pebble as the backing database
INFO [06-01|09:58:33.971] Allocated cache and file handles         database=/mnt/state_expiry_vol_data/ubt-vs-pbt-dbs/pbt/geth/chaindata cache=16.00MiB handles=262,144
INFO [06-01|09:58:34.186] Opened ancient database                  database=/mnt/state_expiry_vol_data/ubt-vs-pbt-dbs/pbt/geth/chaindata/ancient/chain readonly=true
INFO [06-01|09:58:34.187] Opened Era store                         datadir=/mnt/state_expiry_vol_data/ubt-vs-pbt-dbs/pbt/geth/chaindata/ancient/chain/era
INFO [06-01|09:58:34.194] Initializing the KZG library             backend=gokzg
INFO [06-01|09:58:34.195] Allocated trie memory caches             clean=0.00B dirty=0.00B
INFO [06-01|09:58:34.207] Using pebble as the backing database
INFO [06-01|09:58:34.207] Allocated cache and file handles         database=/mnt/state_expiry_vol_data/ubt-vs-pbt-dbs/pbt/geth/chaindata cache=16.00MiB handles=262,144
INFO [06-01|09:58:34.376] Opened ancient database                  database=/mnt/state_expiry_vol_data/ubt-vs-pbt-dbs/pbt/geth/chaindata/ancient/chain readonly=false
INFO [06-01|09:58:34.376] Opened Era store                         datadir=/mnt/state_expiry_vol_data/ubt-vs-pbt-dbs/pbt/geth/chaindata/ancient/chain/era
INFO [06-01|09:58:34.381] State scheme set to already existing     scheme=path
INFO [06-01|09:58:34.394] Initialising Ethereum protocol           network=1337 dbversion=9
INFO [06-01|09:58:34.394] Load database journal from file          path=/mnt/state_expiry_vol_data/ubt-vs-pbt-dbs/pbt/geth/triedb/verkle.journal
INFO [06-01|09:58:34.444] Opened ancient database                  database=/mnt/state_expiry_vol_data/ubt-vs-pbt-dbs/pbt/geth/chaindata/ancient/state_verkle readonly=false
INFO [06-01|09:58:34.446] State snapshot generator is not compatible
INFO [06-01|09:58:34.446] Initialized path database                triecache=0.00B statecache=0.00B buffer=0.00B state-history="last 90000 blocks" journal-dir=/mnt/state_expiry_vol_data/ubt-vs-pbt-dbs/pbt/geth/triedb verkle=true
INFO [06-01|09:58:34.446] 
INFO [06-01|09:58:34.446] ---------------------------------------------------------------------------------------------------------------------------------------------------------
INFO [06-01|09:58:34.446] Chain ID:  1337 (unknown)
INFO [06-01|09:58:34.446] Consensus: unknown
INFO [06-01|09:58:34.446] 
INFO [06-01|09:58:34.446] Pre-Merge hard forks (block based):
INFO [06-01|09:58:34.446]  - Homestead:                   #0       
INFO [06-01|09:58:34.446]  - Tangerine Whistle (EIP 150): #0       
INFO [06-01|09:58:34.446]  - Spurious Dragon/1 (EIP 155): #0       
INFO [06-01|09:58:34.446]  - Spurious Dragon/2 (EIP 158): #0       
INFO [06-01|09:58:34.446]  - Byzantium:                   #0       
INFO [06-01|09:58:34.446]  - Constantinople:              #0       
INFO [06-01|09:58:34.446]  - Petersburg:                  #0       
INFO [06-01|09:58:34.446]  - Istanbul:                    #0       
INFO [06-01|09:58:34.446]  - Berlin:                      #0       
INFO [06-01|09:58:34.446]  - London:                      #0       
INFO [06-01|09:58:34.446]  - Arrow Glacier:               #0       
INFO [06-01|09:58:34.446]  - Gray Glacier:                #0       
INFO [06-01|09:58:34.446] 
INFO [06-01|09:58:34.446] Merge configured:
INFO [06-01|09:58:34.446]  - Total terminal difficulty:  0
INFO [06-01|09:58:34.446]  - Merge netsplit block:       #0       
INFO [06-01|09:58:34.446] 
INFO [06-01|09:58:34.446] Post-Merge hard forks (timestamp based):
INFO [06-01|09:58:34.446]  - Shanghai:                    @0         
INFO [06-01|09:58:34.446]  - Cancun:                      @0          blob: (target: 3, max: 6, fraction: 3338477)
INFO [06-01|09:58:34.446]  - Prague:                      @0          blob: (target: 6, max: 9, fraction: 5007716)
INFO [06-01|09:58:34.446]  - Osaka:                       @0          blob: (target: 6, max: 9, fraction: 5007716)
INFO [06-01|09:58:34.446]  - UBT:                         @0          blob: (nil)
INFO [06-01|09:58:34.446] 
INFO [06-01|09:58:34.446] All fork specifications can be found at https://ethereum.github.io/execution-specs/src/ethereum/forks/
INFO [06-01|09:58:34.446] 
INFO [06-01|09:58:34.446] ---------------------------------------------------------------------------------------------------------------------------------------------------------
INFO [06-01|09:58:34.446] 
INFO [06-01|09:58:34.447] Loaded most recent local block           number=3137 hash=a5f183..69b0cd age=3s
INFO [06-01|09:58:34.447] Loaded most recent local finalized block number=3136 hash=c09c17..ff113f age=4s
INFO [06-01|09:58:34.448] Initialized transaction indexer          range="last 2350000 blocks"
INFO [06-01|09:58:34.448] Initialized log indexer                  firstblock=0 lastblock=3137 firstmap=0 lastmap=0 headindexed=true
INFO [06-01|09:58:34.484] Enabled full-sync                        head=3137 hash=a5f183..69b0cd
INFO [06-01|09:58:34.484] Unprotected transactions allowed
INFO [06-01|09:58:34.484] Gasprice oracle is ignoring threshold set threshold=2
INFO [06-01|09:58:34.485] Registered sync override service
WARN [06-01|09:58:34.485] You are running Geth in --dev mode. Please note the following:
WARN [06-01|09:58:34.485] 
WARN [06-01|09:58:34.485]   1. This mode is only intended for fast, iterative development without assumptions on
WARN [06-01|09:58:34.485]      security or persistence.
WARN [06-01|09:58:34.485]   2. The database is created in memory unless specified otherwise. Therefore, shutting down
WARN [06-01|09:58:34.485]      your computer or losing power will wipe your entire block data and chain state for
WARN [06-01|09:58:34.485]      your dev environment.
WARN [06-01|09:58:34.485]   3. A random, pre-allocated developer account will be available and unlocked as
WARN [06-01|09:58:34.485]      eth.coinbase, which can be used for testing. The random dev account is temporary,
WARN [06-01|09:58:34.485]      stored on a ramdisk, and will be lost if your machine is restarted.
WARN [06-01|09:58:34.485]   4. Mining is enabled by default. However, the client will only seal blocks if transactions
WARN [06-01|09:58:34.485]      are pending in the mempool. The miner's minimum accepted gas price is 1.
WARN [06-01|09:58:34.485]   5. Networking is disabled; there is no listen-address, the maximum number of peers is set
WARN [06-01|09:58:34.485]      to 0, and discovery is disabled.
WARN [06-01|09:58:34.485] 
INFO [06-01|09:58:34.485] Starting peer-to-peer node               instance=Geth/v1.17.3-unstable/linux-amd64/go1.24.9
WARN [06-01|09:58:34.485] P2P server will be useless, neither dialing nor listening
INFO [06-01|09:58:34.505] IPC endpoint opened                      url=/mnt/state_expiry_vol_data/ubt-vs-pbt-dbs/pbt/geth.ipc
ERROR[06-01|09:58:34.505] Unavailable modules in HTTP API list     unavailable=[personal] available="[admin debug web3 eth txpool miner net dev testing]"
INFO [06-01|09:58:34.505] New local node record                    seq=1,780,292,694,653 id=972c5cc0b2a1895c ip=127.0.0.1 udp=0 tcp=0
INFO [06-01|09:58:34.505] HTTP server started                      endpoint=127.0.0.1:8545 auth=false prefix= cors= vhosts=localhost
INFO [06-01|09:58:34.505] WebSocket enabled                        url=ws://127.0.0.1:8546
INFO [06-01|09:58:34.505] Started P2P networking                   self=enode://16ec6c0bde109d66472afe00ec8fee3d30718d830d1acf0829842abca89b82afff8a454636cde3b26d700f98647938c6f23e7bee3027caca0d7f19e4b3725e13@127.0.0.1:0
INFO [06-01|09:58:34.717] Loaded local transaction journal         transactions=2389 dropped=0
INFO [06-01|09:58:35.566] Started log indexer
INFO [06-01|09:58:35.613] Starting work on payload                 id=0x03fefc89883e2ad8
INFO [06-01|09:58:35.617] Updated payload                          id=0x03fefc89883e2ad8 number=3138 hash=5371e7..8cb6b4 txs=0 withdrawals=0 gas=0 fees=0 root=67c7bc..7fc31c elapsed=3.295ms
INFO [06-01|09:58:35.617] Stopping work on payload                 id=0x03fefc89883e2ad8 reason=delivery
WARN [06-01|09:58:35.620] {"level":"warn","msg":"Slow block","block":{"number":3138,"hash":"0x5371e768bdc0e32220af6c5f30be30c912314fdaf7bf4e664fb2bec4d88cb6b4","gas_used":0,"tx_count":0},"timing":{"execution_ms":0.032289,"state_read_ms":2.872785,"state_hash_ms":0.001447,"commit_ms":0.132744,"total_ms":3.231304},"throughput":{"mgas_per_sec":0},"state_reads":{"accounts":4,"storage_slots":0,"code":0,"code_bytes":0},"state_writes":{"accounts":0,"accounts_deleted":0,"storage_slots":0,"storage_slots_deleted":0,"code":0,"code_bytes":0},"cache":{"account":{"hits":0,"misses":4,"hit_rate":0},"storage":{"hits":0,"misses":0,"hit_rate":0},"code":{"hits":0,"misses":0,"hit_rate":0,"hit_bytes":0,"miss_bytes":0}}}
INFO [06-01|09:58:35.620] Imported new potential chain segment     number=3138 hash=5371e7..8cb6b4 blocks=1 txs=0 mgas=0.000 elapsed=3.464ms mgasps=0.000 triediffs=1.64MiB triedirty=0.00B
INFO [06-01|09:58:35.620] Chain head was updated                   number=3138 hash=5371e7..8cb6b4 root=67c7bc..7fc31c elapsed="42.832µs"
INFO [06-01|09:58:36.627] Starting work on payload                 id=0x03223bf544507b40
INFO [06-01|09:58:36.634] Updated payload                          id=0x03223bf544507b40 number=3139 hash=1886db..ad507b txs=0 withdrawals=0 gas=0 fees=0 root=67c7bc..7fc31c elapsed=7.521ms
INFO [06-01|09:58:36.635] Stopping work on payload                 id=0x03223bf544507b40 reason=delivery
WARN [06-01|09:58:36.638] {"level":"warn","msg":"Slow block","block":{"number":3139,"hash":"0x1886db1f1d1352058e17656583d643d9b84f6e5474efd4e10ad4db641aad507b","gas_used":0,"tx_count":0},"timing":{"execution_ms":0.028845,"state_read_ms":2.766023,"state_hash_ms":0.002021,"commit_ms":0.093075,"total_ms":3.053633},"throughput":{"mgas_per_sec":0},"state_reads":{"accounts":4,"storage_slots":0,"code":0,"code_bytes":0},"state_writes":{"accounts":0,"accounts_deleted":0,"storage_slots":0,"storage_slots_deleted":0,"code":0,"code_bytes":0},"cache":{"account":{"hits":0,"misses":4,"hit_rate":0},"storage":{"hits":0,"misses":0,"hit_rate":0},"code":{"hits":0,"misses":0,"hit_rate":0,"hit_bytes":0,"miss_bytes":0}}}
INFO [06-01|09:58:36.638] Imported new potential chain segment     number=3139 hash=1886db..ad507b blocks=1 txs=0 mgas=0.000 elapsed=3.245ms    mgasps=0.000 triediffs=1.64MiB triedirty=0.00B
INFO [06-01|09:58:36.638] Chain head was updated                   number=3139 hash=1886db..ad507b root=67c7bc..7fc31c elapsed="29.169µs"
INFO [06-01|09:58:37.662] Starting work on payload                 id=0x036af61f23e3824f
INFO [06-01|09:58:37.665] Updated payload                          id=0x036af61f23e3824f number=3140 hash=e9253c..b89184 txs=0 withdrawals=0 gas=0 fees=0 root=67c7bc..7fc31c elapsed=3.319ms
INFO [06-01|09:58:37.665] Stopping work on payload                 id=0x036af61f23e3824f reason=delivery
WARN [06-01|09:58:37.681] {"level":"warn","msg":"Slow block","block":{"number":3140,"hash":"0xe9253ce743b1e0bce7aee05f4578ae440b2d61ab7f06d6ee777bbf3f33b89184","gas_used":0,"tx_count":0},"timing":{"execution_ms":0.032674,"state_read_ms":15.069807,"state_hash_ms":0.004769,"commit_ms":0.10283,"total_ms":15.428615},"throughput":{"mgas_per_sec":0},"state_reads":{"accounts":4,"storage_slots":0,"code":0,"code_bytes":0},"state_writes":{"accounts":0,"accounts_deleted":0,"storage_slots":0,"storage_slots_deleted":0,"code":0,"code_bytes":0},"cache":{"account":{"hits":0,"misses":4,"hit_rate":0},"storage":{"hits":0,"misses":0,"hit_rate":0},"code":{"hits":0,"misses":0,"hit_rate":0,"hit_bytes":0,"miss_bytes":0}}}
INFO [06-01|09:58:37.681] Imported new potential chain segment     number=3140 hash=e9253c..b89184 blocks=1 txs=0 mgas=0.000 elapsed=15.567ms   mgasps=0.000 triediffs=1.64MiB triedirty=0.00B
INFO [06-01|09:58:37.681] Chain head was updated                   number=3140 hash=e9253c..b89184 root=67c7bc..7fc31c elapsed="55.605µs"
INFO [06-01|09:58:38.048] Submitted contract creation              hash=0xa7f2100995271e333187fb10abb5b34ef69f6c33d778fb8230fbfb642e73cdb1 from=0xf39Fd6e51aad88F6F4ce6aB8827279cffFb92266 nonce=939 contract=0xA7240bcff60Eef40F31B8eD5d921BaD6DB13B199 value=0
INFO [06-01|09:58:38.048] Submitted transaction                    hash=0xf31b4eb975f0567767f9c506819603033e6518050ff9b60e0345fc07b9f3eb72 from=0xf39Fd6e51aad88F6F4ce6aB8827279cffFb92266 nonce=940 recipient=0xA8796A273d814BB368c097849ad000E7AC1E77e1 value=78,000,000
INFO [06-01|09:58:38.691] Starting work on payload                 id=0x03a49a65e5ec7f52
INFO [06-01|09:58:38.740] Updated payload                          id=0x03a49a65e5ec7f52 number=3141 hash=d8bbfe..16608d txs=2 withdrawals=0 gas=91710 fees=5.5026e-13 root=854e45..dd10df elapsed=47.995ms
INFO [06-01|09:58:38.740] Stopping work on payload                 id=0x03a49a65e5ec7f52 reason=delivery
INFO [06-01|09:58:38.776] Paused snapshot generation
WARN [06-01|09:58:38.776] {"level":"warn","msg":"Slow block","block":{"number":3141,"hash":"0xd8bbfef28b5c55cbfb7db11a171a68eaa42887dc222c93ec50741b228316608d","gas_used":91710,"tx_count":2},"timing":{"execution_ms":0.141953,"state_read_ms":17.1227,"state_hash_ms":13.997622,"commit_ms":4.647294,"total_ms":36.106036},"throughput":{"mgas_per_sec":2.5400185165715783},"state_reads":{"accounts":11,"storage_slots":0,"code":0,"code_bytes":0},"state_writes":{"accounts":3,"accounts_deleted":0,"storage_slots":0,"storage_slots_deleted":0,"code":1,"code_bytes":305},"cache":{"account":{"hits":6,"misses":5,"hit_rate":54.54545454545454},"storage":{"hits":0,"misses":0,"hit_rate":0},"code":{"hits":0,"misses":0,"hit_rate":0,"hit_bytes":0,"miss_bytes":0}}}
INFO [06-01|09:58:38.776] Imported new potential chain segment     number=3141 hash=d8bbfe..16608d blocks=1 txs=2 mgas=0.092 elapsed=36.255ms   mgasps=2.530 triediffs=1.63MiB triedirty=0.00B
INFO [06-01|09:58:38.776] Chain head was updated                   number=3141 hash=d8bbfe..16608d root=854e45..dd10df elapsed="234.869µs"
WARN [06-01|09:58:38.797] Snapshot generation is not permitted
INFO [06-01|09:58:39.060] Submitted transaction                    hash=0x50c801f02ac5d5ceac4d9c7c321eb573e63873c72501921808697282157e5167 from=0xA8796A273d814BB368c097849ad000E7AC1E77e1 nonce=0   recipient=0xA7240bcff60Eef40F31B8eD5d921BaD6DB13B199 value=0
INFO [06-01|09:58:39.794] Starting work on payload                 id=0x03c443736f99832c
INFO [06-01|09:58:39.896] Updated payload                          id=0x03c443736f99832c number=3142 hash=d8c1e7..ae9976 txs=1 withdrawals=0 gas=5,900,601 fees=3.5403606e-11 root=0fb298..1276a8 elapsed=101.967ms
INFO [06-01|09:58:39.902] Stopping work on payload                 id=0x03c443736f99832c reason=delivery
INFO [06-01|09:58:39.998] Paused snapshot generation
WARN [06-01|09:58:39.999] {"level":"warn","msg":"Slow block","block":{"number":3142,"hash":"0xd8c1e7eb688122915d3a1012254374e81005004519f788941ffc109264ae9976","gas_used":5900601,"tx_count":1},"timing":{"execution_ms":82.588101,"state_read_ms":15.237307,"state_hash_ms":2.503927,"commit_ms":0.879106,"total_ms":101.776011},"throughput":{"mgas_per_sec":57.97634375746953},"state_reads":{"accounts":17,"storage_slots":1396,"code":11,"code_bytes":585},"state_writes":{"accounts":2,"accounts_deleted":0,"storage_slots":0,"storage_slots_deleted":0,"code":0,"code_bytes":0},"cache":{"account":{"hits":0,"misses":17,"hit_rate":0},"storage":{"hits":709,"misses":687,"hit_rate":50.78796561604585},"code":{"hits":11,"misses":0,"hit_rate":100,"hit_bytes":585,"miss_bytes":0}}}
INFO [06-01|09:58:39.999] Imported new potential chain segment     number=3142 hash=d8c1e7..ae9976 blocks=1 txs=1 mgas=5.901 elapsed=102.025ms   mgasps=57.835 triediffs=1.63MiB triedirty=0.00B
INFO [06-01|09:58:39.999] Chain head was updated                   number=3142 hash=d8c1e7..ae9976 root=0fb298..1276a8 elapsed="128.604µs"
WARN [06-01|09:58:40.023] Snapshot generation is not permitted
INFO [06-01|09:58:40.074] Submitted transaction                    hash=0x04998b623e1dc6e832c46259d2b2203788e959c8a8908d4029f8da9d8aded1ba from=0xA8796A273d814BB368c097849ad000E7AC1E77e1 nonce=1   recipient=0xf39Fd6e51aad88F6F4ce6aB8827279cffFb92266 value=1,040,187
INFO [06-01|09:58:41.003] Starting work on payload                 id=0x0345f26c252a8245
INFO [06-01|09:58:41.016] Updated payload                          id=0x0345f26c252a8245 number=3143 hash=8886ef..7905df txs=1 withdrawals=0 gas=21000     fees=2.1e-14       root=10622e..db98f3 elapsed=13.168ms
INFO [06-01|09:58:41.017] Stopping work on payload                 id=0x0345f26c252a8245 reason=delivery
INFO [06-01|09:58:41.026] Paused snapshot generation
WARN [06-01|09:58:41.027] {"level":"warn","msg":"Slow block","block":{"number":3143,"hash":"0x8886ef2a105cb55b9fee4a92ebd7c40186891ca5d20155f56cddc9f12e7905df","gas_used":21000,"tx_count":1},"timing":{"execution_ms":0.061498,"state_read_ms":2.763542,"state_hash_ms":3.130642,"commit_ms":0.771433,"total_ms":9.679849},"throughput":{"mgas_per_sec":2.1694553293135046},"state_reads":{"accounts":6,"storage_slots":0,"code":0,"code_bytes":0},"state_writes":{"accounts":2,"accounts_deleted":0,"storage_slots":0,"storage_slots_deleted":0,"code":0,"code_bytes":0},"cache":{"account":{"hits":0,"misses":6,"hit_rate":0},"storage":{"hits":0,"misses":0,"hit_rate":0},"code":{"hits":0,"misses":0,"hit_rate":0,"hit_bytes":0,"miss_bytes":0}}}
INFO [06-01|09:58:41.027] Imported new potential chain segment     number=3143 hash=8886ef..7905df blocks=1 txs=1 mgas=0.021 elapsed=9.846ms     mgasps=2.133  triediffs=1.62MiB triedirty=0.00B
INFO [06-01|09:58:41.027] Chain head was updated                   number=3143 hash=8886ef..7905df root=10622e..db98f3 elapsed="68.839µs"
WARN [06-01|09:58:41.048] Snapshot generation is not permitted
