WARN [06-01|09:57:44.142] Unknown config environment variable      envvar=GETH_PBT_BIN
WARN [06-01|09:57:44.142] Unknown config environment variable      envvar=GETH_UBT_BIN
INFO [06-01|09:57:44.153] Starting Geth on Ethereum mainnet...
INFO [06-01|09:57:44.155] Maximum peer count                       ETH=0 total=0
INFO [06-01|09:57:44.156] Smartcard socket not found, disabling    err="stat /run/pcscd/pcscd.comm: no such file or directory"
WARN [06-01|09:57:44.161] Option --miner.etherbase is deprecated as the etherbase is set by the consensus client post-merge
WARN [06-01|09:57:44.165] Snap sync requested, resetting --cache.snapshot
INFO [06-01|09:57:44.165] Set global gas cap                       cap=50,000,000
INFO [06-01|09:57:44.967] Using developer account                  address=0xf39Fd6e51aad88F6F4ce6aB8827279cffFb92266
INFO [06-01|09:57:45.004] Using pebble as the backing database
INFO [06-01|09:57:45.004] Allocated cache and file handles         database=/mnt/state_expiry_vol_data/ubt-vs-pbt-dbs/pbt/geth/chaindata cache=16.00MiB handles=262,144
INFO [06-01|09:57:45.208] Opened ancient database                  database=/mnt/state_expiry_vol_data/ubt-vs-pbt-dbs/pbt/geth/chaindata/ancient/chain readonly=true
INFO [06-01|09:57:45.208] Opened Era store                         datadir=/mnt/state_expiry_vol_data/ubt-vs-pbt-dbs/pbt/geth/chaindata/ancient/chain/era
INFO [06-01|09:57:45.215] Initializing the KZG library             backend=gokzg
INFO [06-01|09:57:45.216] Allocated trie memory caches             clean=0.00B dirty=0.00B
INFO [06-01|09:57:45.223] Using pebble as the backing database
INFO [06-01|09:57:45.224] Allocated cache and file handles         database=/mnt/state_expiry_vol_data/ubt-vs-pbt-dbs/pbt/geth/chaindata cache=16.00MiB handles=262,144
INFO [06-01|09:57:45.413] Opened ancient database                  database=/mnt/state_expiry_vol_data/ubt-vs-pbt-dbs/pbt/geth/chaindata/ancient/chain readonly=false
INFO [06-01|09:57:45.413] Opened Era store                         datadir=/mnt/state_expiry_vol_data/ubt-vs-pbt-dbs/pbt/geth/chaindata/ancient/chain/era
INFO [06-01|09:57:45.418] State scheme set to already existing     scheme=path
INFO [06-01|09:57:45.421] Initialising Ethereum protocol           network=1337 dbversion=9
INFO [06-01|09:57:45.421] Load database journal from file          path=/mnt/state_expiry_vol_data/ubt-vs-pbt-dbs/pbt/geth/triedb/verkle.journal
INFO [06-01|09:57:45.487] Opened ancient database                  database=/mnt/state_expiry_vol_data/ubt-vs-pbt-dbs/pbt/geth/chaindata/ancient/state_verkle readonly=false
INFO [06-01|09:57:45.490] State snapshot generator is not compatible
INFO [06-01|09:57:45.490] Initialized path database                triecache=0.00B statecache=0.00B buffer=0.00B state-history="last 90000 blocks" journal-dir=/mnt/state_expiry_vol_data/ubt-vs-pbt-dbs/pbt/geth/triedb verkle=true
INFO [06-01|09:57:45.490] 
INFO [06-01|09:57:45.490] ---------------------------------------------------------------------------------------------------------------------------------------------------------
INFO [06-01|09:57:45.490] Chain ID:  1337 (unknown)
INFO [06-01|09:57:45.490] Consensus: unknown
INFO [06-01|09:57:45.490] 
INFO [06-01|09:57:45.490] Pre-Merge hard forks (block based):
INFO [06-01|09:57:45.490]  - Homestead:                   #0       
INFO [06-01|09:57:45.490]  - Tangerine Whistle (EIP 150): #0       
INFO [06-01|09:57:45.490]  - Spurious Dragon/1 (EIP 155): #0       
INFO [06-01|09:57:45.490]  - Spurious Dragon/2 (EIP 158): #0       
INFO [06-01|09:57:45.490]  - Byzantium:                   #0       
INFO [06-01|09:57:45.490]  - Constantinople:              #0       
INFO [06-01|09:57:45.490]  - Petersburg:                  #0       
INFO [06-01|09:57:45.490]  - Istanbul:                    #0       
INFO [06-01|09:57:45.490]  - Berlin:                      #0       
INFO [06-01|09:57:45.490]  - London:                      #0       
INFO [06-01|09:57:45.490]  - Arrow Glacier:               #0       
INFO [06-01|09:57:45.490]  - Gray Glacier:                #0       
INFO [06-01|09:57:45.490] 
INFO [06-01|09:57:45.490] Merge configured:
INFO [06-01|09:57:45.490]  - Total terminal difficulty:  0
INFO [06-01|09:57:45.490]  - Merge netsplit block:       #0       
INFO [06-01|09:57:45.490] 
INFO [06-01|09:57:45.490] Post-Merge hard forks (timestamp based):
INFO [06-01|09:57:45.490]  - Shanghai:                    @0         
INFO [06-01|09:57:45.490]  - Cancun:                      @0          blob: (target: 3, max: 6, fraction: 3338477)
INFO [06-01|09:57:45.490]  - Prague:                      @0          blob: (target: 6, max: 9, fraction: 5007716)
INFO [06-01|09:57:45.490]  - Osaka:                       @0          blob: (target: 6, max: 9, fraction: 5007716)
INFO [06-01|09:57:45.490]  - UBT:                         @0          blob: (nil)
INFO [06-01|09:57:45.490] 
INFO [06-01|09:57:45.490] All fork specifications can be found at https://ethereum.github.io/execution-specs/src/ethereum/forks/
INFO [06-01|09:57:45.490] 
INFO [06-01|09:57:45.490] ---------------------------------------------------------------------------------------------------------------------------------------------------------
INFO [06-01|09:57:45.490] 
INFO [06-01|09:57:45.491] Loaded most recent local block           number=3106 hash=db160e..b9aee7 age=3s
INFO [06-01|09:57:45.491] Loaded most recent local finalized block number=3104 hash=956d3d..fab775 age=5s
INFO [06-01|09:57:45.492] Initialized transaction indexer          range="last 2350000 blocks"
INFO [06-01|09:57:45.492] Initialized log indexer                  firstblock=0 lastblock=3106 firstmap=0 lastmap=0 headindexed=true
INFO [06-01|09:57:45.526] Enabled full-sync                        head=3106 hash=db160e..b9aee7
INFO [06-01|09:57:45.526] Unprotected transactions allowed
INFO [06-01|09:57:45.526] Gasprice oracle is ignoring threshold set threshold=2
INFO [06-01|09:57:45.527] Registered sync override service
WARN [06-01|09:57:45.527] You are running Geth in --dev mode. Please note the following:
WARN [06-01|09:57:45.527] 
WARN [06-01|09:57:45.527]   1. This mode is only intended for fast, iterative development without assumptions on
WARN [06-01|09:57:45.527]      security or persistence.
WARN [06-01|09:57:45.527]   2. The database is created in memory unless specified otherwise. Therefore, shutting down
WARN [06-01|09:57:45.527]      your computer or losing power will wipe your entire block data and chain state for
WARN [06-01|09:57:45.527]      your dev environment.
WARN [06-01|09:57:45.527]   3. A random, pre-allocated developer account will be available and unlocked as
WARN [06-01|09:57:45.527]      eth.coinbase, which can be used for testing. The random dev account is temporary,
WARN [06-01|09:57:45.527]      stored on a ramdisk, and will be lost if your machine is restarted.
WARN [06-01|09:57:45.527]   4. Mining is enabled by default. However, the client will only seal blocks if transactions
WARN [06-01|09:57:45.527]      are pending in the mempool. The miner's minimum accepted gas price is 1.
WARN [06-01|09:57:45.527]   5. Networking is disabled; there is no listen-address, the maximum number of peers is set
WARN [06-01|09:57:45.527]      to 0, and discovery is disabled.
WARN [06-01|09:57:45.527] 
INFO [06-01|09:57:45.527] Starting peer-to-peer node               instance=Geth/v1.17.3-unstable/linux-amd64/go1.24.9
WARN [06-01|09:57:45.527] P2P server will be useless, neither dialing nor listening
INFO [06-01|09:57:45.548] IPC endpoint opened                      url=/mnt/state_expiry_vol_data/ubt-vs-pbt-dbs/pbt/geth.ipc
ERROR[06-01|09:57:45.548] Unavailable modules in HTTP API list     unavailable=[personal] available="[admin debug web3 eth txpool miner net dev testing]"
INFO [06-01|09:57:45.548] New local node record                    seq=1,780,292,694,648 id=972c5cc0b2a1895c ip=127.0.0.1 udp=0 tcp=0
INFO [06-01|09:57:45.548] Started P2P networking                   self=enode://16ec6c0bde109d66472afe00ec8fee3d30718d830d1acf0829842abca89b82afff8a454636cde3b26d700f98647938c6f23e7bee3027caca0d7f19e4b3725e13@127.0.0.1:0
INFO [06-01|09:57:45.549] HTTP server started                      endpoint=127.0.0.1:8545 auth=false prefix= cors= vhosts=localhost
INFO [06-01|09:57:45.549] WebSocket enabled                        url=ws://127.0.0.1:8546
INFO [06-01|09:57:45.793] Loaded local transaction journal         transactions=2369 dropped=0
INFO [06-01|09:57:46.624] Started log indexer
INFO [06-01|09:57:46.667] Starting work on payload                 id=0x03880b040cd47193
INFO [06-01|09:57:46.670] Updated payload                          id=0x03880b040cd47193 number=3107 hash=4db309..72f8da txs=0 withdrawals=0 gas=0 fees=0 root=40135d..d27d8c elapsed=3.590ms
INFO [06-01|09:57:46.671] Stopping work on payload                 id=0x03880b040cd47193 reason=delivery
WARN [06-01|09:57:46.675] {"level":"warn","msg":"Slow block","block":{"number":3107,"hash":"0x4db3096ede9a326952498ac42c5d2f1d91ddcb18476c512cf8e6b43d9872f8da","gas_used":0,"tx_count":0},"timing":{"execution_ms":0.04599,"state_read_ms":3.606749,"state_hash_ms":0.002115,"commit_ms":0.193908,"total_ms":4.11928},"throughput":{"mgas_per_sec":0},"state_reads":{"accounts":4,"storage_slots":0,"code":0,"code_bytes":0},"state_writes":{"accounts":0,"accounts_deleted":0,"storage_slots":0,"storage_slots_deleted":0,"code":0,"code_bytes":0},"cache":{"account":{"hits":0,"misses":4,"hit_rate":0},"storage":{"hits":0,"misses":0,"hit_rate":0},"code":{"hits":0,"misses":0,"hit_rate":0,"hit_bytes":0,"miss_bytes":0}}}
INFO [06-01|09:57:46.675] Imported new potential chain segment     number=3107 hash=4db309..72f8da blocks=1 txs=0 mgas=0.000 elapsed=4.515ms mgasps=0.000 triediffs=1.73MiB triedirty=0.00B
INFO [06-01|09:57:46.676] Chain head was updated                   number=3107 hash=4db309..72f8da root=40135d..d27d8c elapsed="138.546µs"
INFO [06-01|09:57:47.685] Starting work on payload                 id=0x031fcd782baf1782
INFO [06-01|09:57:47.694] Updated payload                          id=0x031fcd782baf1782 number=3108 hash=6e040f..70bf96 txs=0 withdrawals=0 gas=0 fees=0 root=40135d..d27d8c elapsed=9.358ms
INFO [06-01|09:57:47.695] Stopping work on payload                 id=0x031fcd782baf1782 reason=delivery
WARN [06-01|09:57:47.698] {"level":"warn","msg":"Slow block","block":{"number":3108,"hash":"0x6e040f2fe94fd612f81d718d27029723df849da26b8f0c934329c45cfe70bf96","gas_used":0,"tx_count":0},"timing":{"execution_ms":0.037158,"state_read_ms":3.075902,"state_hash_ms":0.001751,"commit_ms":0.129201,"total_ms":3.398125},"throughput":{"mgas_per_sec":0},"state_reads":{"accounts":4,"storage_slots":0,"code":0,"code_bytes":0},"state_writes":{"accounts":0,"accounts_deleted":0,"storage_slots":0,"storage_slots_deleted":0,"code":0,"code_bytes":0},"cache":{"account":{"hits":0,"misses":4,"hit_rate":0},"storage":{"hits":0,"misses":0,"hit_rate":0},"code":{"hits":0,"misses":0,"hit_rate":0,"hit_bytes":0,"miss_bytes":0}}}
INFO [06-01|09:57:47.698] Imported new potential chain segment     number=3108 hash=6e040f..70bf96 blocks=1 txs=0 mgas=0.000 elapsed=3.578ms     mgasps=0.000 triediffs=1.73MiB triedirty=0.00B
INFO [06-01|09:57:47.698] Chain head was updated                   number=3108 hash=6e040f..70bf96 root=40135d..d27d8c elapsed="29.575µs"
INFO [06-01|09:57:48.721] Starting work on payload                 id=0x0330200ba78af873
INFO [06-01|09:57:48.724] Updated payload                          id=0x0330200ba78af873 number=3109 hash=5d0dfa..33562b txs=0 withdrawals=0 gas=0 fees=0 root=40135d..d27d8c elapsed=3.176ms
INFO [06-01|09:57:48.724] Stopping work on payload                 id=0x0330200ba78af873 reason=delivery
WARN [06-01|09:57:48.727] {"level":"warn","msg":"Slow block","block":{"number":3109,"hash":"0x5d0dfadf40b73a40831da1bf2185a002f8d88346f47f2d51de76e21c2733562b","gas_used":0,"tx_count":0},"timing":{"execution_ms":0.02089,"state_read_ms":2.641876,"state_hash_ms":0.001411,"commit_ms":0.111669,"total_ms":2.915504},"throughput":{"mgas_per_sec":0},"state_reads":{"accounts":4,"storage_slots":0,"code":0,"code_bytes":0},"state_writes":{"accounts":0,"accounts_deleted":0,"storage_slots":0,"storage_slots_deleted":0,"code":0,"code_bytes":0},"cache":{"account":{"hits":0,"misses":4,"hit_rate":0},"storage":{"hits":0,"misses":0,"hit_rate":0},"code":{"hits":0,"misses":0,"hit_rate":0,"hit_bytes":0,"miss_bytes":0}}}
INFO [06-01|09:57:48.727] Imported new potential chain segment     number=3109 hash=5d0dfa..33562b blocks=1 txs=0 mgas=0.000 elapsed=3.094ms     mgasps=0.000 triediffs=1.73MiB triedirty=0.00B
INFO [06-01|09:57:48.727] Chain head was updated                   number=3109 hash=5d0dfa..33562b root=40135d..d27d8c elapsed="36.956µs"
INFO [06-01|09:57:49.188] Submitted contract creation              hash=0xae164e030354f4cd1e63d4c9bf19186b085b7babe289b09d1e4f6e202e2dd533 from=0xf39Fd6e51aad88F6F4ce6aB8827279cffFb92266 nonce=929 contract=0x97915c43511f8cB4Fbe7Ea03B96EEe940eC4AF12 value=0
INFO [06-01|09:57:49.188] Submitted transaction                    hash=0xd0d04b5d9a2f51eacf4ee6c05d33032d1df556bba070db7e2b6c4a09367bd935 from=0xf39Fd6e51aad88F6F4ce6aB8827279cffFb92266 nonce=930 recipient=0x243949985e431996d7271350e8E8792afb300553 value=78,000,000
INFO [06-01|09:57:49.744] Starting work on payload                 id=0x039681b190715376
INFO [06-01|09:57:49.796] Updated payload                          id=0x039681b190715376 number=3110 hash=323696..c3e8a9 txs=2 withdrawals=0 gas=91710 fees=5.5026e-13 root=133114..3607d0 elapsed=52.450ms
INFO [06-01|09:57:49.797] Stopping work on payload                 id=0x039681b190715376 reason=delivery
INFO [06-01|09:57:49.819] Paused snapshot generation
WARN [06-01|09:57:49.820] {"level":"warn","msg":"Slow block","block":{"number":3110,"hash":"0x3236965bf97abd61fd4b7c38730b2face7b44596e4883e6da3ccd34773c3e8a9","gas_used":91710,"tx_count":2},"timing":{"execution_ms":0.109654,"state_read_ms":3.108837,"state_hash_ms":13.854859,"commit_ms":5.385999,"total_ms":22.643418},"throughput":{"mgas_per_sec":4.0501835897743},"state_reads":{"accounts":11,"storage_slots":0,"code":0,"code_bytes":0},"state_writes":{"accounts":3,"accounts_deleted":0,"storage_slots":0,"storage_slots_deleted":0,"code":1,"code_bytes":305},"cache":{"account":{"hits":5,"misses":6,"hit_rate":45.45454545454545},"storage":{"hits":0,"misses":0,"hit_rate":0},"code":{"hits":0,"misses":0,"hit_rate":0,"hit_bytes":0,"miss_bytes":0}}}
INFO [06-01|09:57:49.820] Imported new potential chain segment     number=3110 hash=323696..c3e8a9 blocks=1 txs=2 mgas=0.092 elapsed=22.900ms    mgasps=4.005 triediffs=1.72MiB triedirty=0.00B
INFO [06-01|09:57:49.820] Chain head was updated                   number=3110 hash=323696..c3e8a9 root=133114..3607d0 elapsed="169.847µs"
WARN [06-01|09:57:49.839] Snapshot generation is not permitted
INFO [06-01|09:57:50.201] Submitted transaction                    hash=0x7543a09ab820b31815128440ad2a8bfd18f4bf064c2847ca76eacc4f07c6c5b7 from=0x243949985e431996d7271350e8E8792afb300553 nonce=0   recipient=0x97915c43511f8cB4Fbe7Ea03B96EEe940eC4AF12 value=0
INFO [06-01|09:57:50.837] Starting work on payload                 id=0x0325affc8b6cd2f1
INFO [06-01|09:57:50.944] Updated payload                          id=0x0325affc8b6cd2f1 number=3111 hash=0ea0a9..f95c69 txs=1 withdrawals=0 gas=5,900,601 fees=3.5403606e-11 root=ca612d..d651e4 elapsed=106.319ms
INFO [06-01|09:57:50.944] Stopping work on payload                 id=0x0325affc8b6cd2f1 reason=delivery
INFO [06-01|09:57:51.036] Paused snapshot generation
WARN [06-01|09:57:51.036] {"level":"warn","msg":"Slow block","block":{"number":3111,"hash":"0x0ea0a93f2e34e225cce1024d7b0e003770580b21455f9949329db7fea7f95c69","gas_used":5900601,"tx_count":1},"timing":{"execution_ms":71.822374,"state_read_ms":16.449429,"state_hash_ms":2.535724,"commit_ms":0.853172,"total_ms":92.008009},"throughput":{"mgas_per_sec":64.13138447545366},"state_reads":{"accounts":17,"storage_slots":1396,"code":11,"code_bytes":585},"state_writes":{"accounts":2,"accounts_deleted":0,"storage_slots":0,"storage_slots_deleted":0,"code":0,"code_bytes":0},"cache":{"account":{"hits":4,"misses":13,"hit_rate":23.52941176470588},"storage":{"hits":148,"misses":1248,"hit_rate":10.601719197707736},"code":{"hits":11,"misses":0,"hit_rate":100,"hit_bytes":585,"miss_bytes":0}}}
INFO [06-01|09:57:51.036] Imported new potential chain segment     number=3111 hash=0ea0a9..f95c69 blocks=1 txs=1 mgas=5.901 elapsed=92.262ms    mgasps=63.954 triediffs=1.72MiB triedirty=0.00B
INFO [06-01|09:57:51.037] Chain head was updated                   number=3111 hash=0ea0a9..f95c69 root=ca612d..d651e4 elapsed="87.63µs"
WARN [06-01|09:57:51.062] Snapshot generation is not permitted
INFO [06-01|09:57:51.214] Submitted transaction                    hash=0xa7ab5d43ad30f228e3c7465cb448675cfa97f0db6982774924d541a82f3f4abc from=0x243949985e431996d7271350e8E8792afb300553 nonce=1   recipient=0xf39Fd6e51aad88F6F4ce6aB8827279cffFb92266 value=1,040,187
INFO [06-01|09:57:52.043] Starting work on payload                 id=0x03e8829d7b365149
INFO [06-01|09:57:52.062] Updated payload                          id=0x03e8829d7b365149 number=3112 hash=a18b4d..b94687 txs=1 withdrawals=0 gas=21000     fees=2.1e-14       root=456581..edf368 elapsed=18.605ms
INFO [06-01|09:57:52.062] Stopping work on payload                 id=0x03e8829d7b365149 reason=delivery
INFO [06-01|09:57:52.069] Paused snapshot generation
WARN [06-01|09:57:52.069] {"level":"warn","msg":"Slow block","block":{"number":3112,"hash":"0xa18b4d818fe880e4b7e8b5130d1795d6f327d71760c8732092b273cb66b94687","gas_used":21000,"tx_count":1},"timing":{"execution_ms":0.106723,"state_read_ms":2.947573,"state_hash_ms":2.821004,"commit_ms":0.644476,"total_ms":6.713514},"throughput":{"mgas_per_sec":3.128019097003447},"state_reads":{"accounts":6,"storage_slots":0,"code":0,"code_bytes":0},"state_writes":{"accounts":2,"accounts_deleted":0,"storage_slots":0,"storage_slots_deleted":0,"code":0,"code_bytes":0},"cache":{"account":{"hits":2,"misses":4,"hit_rate":33.33333333333333},"storage":{"hits":0,"misses":0,"hit_rate":0},"code":{"hits":0,"misses":0,"hit_rate":0,"hit_bytes":0,"miss_bytes":0}}}
INFO [06-01|09:57:52.069] Imported new potential chain segment     number=3112 hash=a18b4d..b94687 blocks=1 txs=1 mgas=0.021 elapsed=6.863ms     mgasps=3.059  triediffs=1.72MiB triedirty=0.00B
INFO [06-01|09:57:52.069] Chain head was updated                   number=3112 hash=a18b4d..b94687 root=456581..edf368 elapsed="58.338µs"
WARN [06-01|09:57:52.089] Snapshot generation is not permitted
