WARN [06-01|09:45:15.502] Unknown config environment variable      envvar=GETH_PBT_BIN
WARN [06-01|09:45:15.502] Unknown config environment variable      envvar=GETH_UBT_BIN
INFO [06-01|09:45:15.516] Starting Geth on Ethereum mainnet...
INFO [06-01|09:45:15.518] Maximum peer count                       ETH=0 total=0
INFO [06-01|09:45:15.519] Smartcard socket not found, disabling    err="stat /run/pcscd/pcscd.comm: no such file or directory"
WARN [06-01|09:45:15.524] Option --miner.etherbase is deprecated as the etherbase is set by the consensus client post-merge
WARN [06-01|09:45:15.525] Snap sync requested, resetting --cache.snapshot
INFO [06-01|09:45:15.525] Set global gas cap                       cap=50,000,000
INFO [06-01|09:45:16.326] Using developer account                  address=0xf39Fd6e51aad88F6F4ce6aB8827279cffFb92266
INFO [06-01|09:45:16.364] Using pebble as the backing database
INFO [06-01|09:45:16.364] Allocated cache and file handles         database=/mnt/state_expiry_vol_data/ubt-vs-pbt-dbs/pbt/geth/chaindata cache=16.00MiB handles=262,144
INFO [06-01|09:45:16.567] Opened ancient database                  database=/mnt/state_expiry_vol_data/ubt-vs-pbt-dbs/pbt/geth/chaindata/ancient/chain readonly=true
INFO [06-01|09:45:16.567] Opened Era store                         datadir=/mnt/state_expiry_vol_data/ubt-vs-pbt-dbs/pbt/geth/chaindata/ancient/chain/era
INFO [06-01|09:45:16.574] Initializing the KZG library             backend=gokzg
INFO [06-01|09:45:16.575] Allocated trie memory caches             clean=0.00B dirty=0.00B
INFO [06-01|09:45:16.585] Using pebble as the backing database
INFO [06-01|09:45:16.585] Allocated cache and file handles         database=/mnt/state_expiry_vol_data/ubt-vs-pbt-dbs/pbt/geth/chaindata cache=16.00MiB handles=262,144
INFO [06-01|09:45:16.762] Opened ancient database                  database=/mnt/state_expiry_vol_data/ubt-vs-pbt-dbs/pbt/geth/chaindata/ancient/chain readonly=false
INFO [06-01|09:45:16.762] Opened Era store                         datadir=/mnt/state_expiry_vol_data/ubt-vs-pbt-dbs/pbt/geth/chaindata/ancient/chain/era
INFO [06-01|09:45:16.767] State scheme set to already existing     scheme=path
INFO [06-01|09:45:16.767] Initialising Ethereum protocol           network=1337 dbversion=9
INFO [06-01|09:45:16.767] Load database journal from file          path=/mnt/state_expiry_vol_data/ubt-vs-pbt-dbs/pbt/geth/triedb/verkle.journal
INFO [06-01|09:45:16.825] Opened ancient database                  database=/mnt/state_expiry_vol_data/ubt-vs-pbt-dbs/pbt/geth/chaindata/ancient/state_verkle readonly=false
INFO [06-01|09:45:16.828] State snapshot generator is not compatible
INFO [06-01|09:45:16.828] Initialized path database                triecache=0.00B statecache=0.00B buffer=0.00B state-history="last 90000 blocks" journal-dir=/mnt/state_expiry_vol_data/ubt-vs-pbt-dbs/pbt/geth/triedb verkle=true
INFO [06-01|09:45:16.828] 
INFO [06-01|09:45:16.828] ---------------------------------------------------------------------------------------------------------------------------------------------------------
INFO [06-01|09:45:16.828] Chain ID:  1337 (unknown)
INFO [06-01|09:45:16.828] Consensus: unknown
INFO [06-01|09:45:16.828] 
INFO [06-01|09:45:16.828] Pre-Merge hard forks (block based):
INFO [06-01|09:45:16.828]  - Homestead:                   #0       
INFO [06-01|09:45:16.828]  - Tangerine Whistle (EIP 150): #0       
INFO [06-01|09:45:16.828]  - Spurious Dragon/1 (EIP 155): #0       
INFO [06-01|09:45:16.828]  - Spurious Dragon/2 (EIP 158): #0       
INFO [06-01|09:45:16.828]  - Byzantium:                   #0       
INFO [06-01|09:45:16.828]  - Constantinople:              #0       
INFO [06-01|09:45:16.828]  - Petersburg:                  #0       
INFO [06-01|09:45:16.828]  - Istanbul:                    #0       
INFO [06-01|09:45:16.828]  - Berlin:                      #0       
INFO [06-01|09:45:16.828]  - London:                      #0       
INFO [06-01|09:45:16.828]  - Arrow Glacier:               #0       
INFO [06-01|09:45:16.828]  - Gray Glacier:                #0       
INFO [06-01|09:45:16.828] 
INFO [06-01|09:45:16.828] Merge configured:
INFO [06-01|09:45:16.828]  - Total terminal difficulty:  0
INFO [06-01|09:45:16.828]  - Merge netsplit block:       #0       
INFO [06-01|09:45:16.828] 
INFO [06-01|09:45:16.828] Post-Merge hard forks (timestamp based):
INFO [06-01|09:45:16.828]  - Shanghai:                    @0         
INFO [06-01|09:45:16.828]  - Cancun:                      @0          blob: (target: 3, max: 6, fraction: 3338477)
INFO [06-01|09:45:16.828]  - Prague:                      @0          blob: (target: 6, max: 9, fraction: 5007716)
INFO [06-01|09:45:16.828]  - Osaka:                       @0          blob: (target: 6, max: 9, fraction: 5007716)
INFO [06-01|09:45:16.828]  - UBT:                         @0          blob: (nil)
INFO [06-01|09:45:16.828] 
INFO [06-01|09:45:16.828] All fork specifications can be found at https://ethereum.github.io/execution-specs/src/ethereum/forks/
INFO [06-01|09:45:16.828] 
INFO [06-01|09:45:16.828] ---------------------------------------------------------------------------------------------------------------------------------------------------------
INFO [06-01|09:45:16.828] 
INFO [06-01|09:45:16.831] Loaded most recent local block           number=2635 hash=12a131..dc2729 age=3s
INFO [06-01|09:45:16.831] Loaded most recent local finalized block number=2624 hash=2b78ff..d7b8da age=18s
INFO [06-01|09:45:16.832] Initialized transaction indexer          range="last 2350000 blocks"
INFO [06-01|09:45:16.832] Initialized log indexer                  firstblock=0 lastblock=2635 firstmap=0 lastmap=0 headindexed=true
INFO [06-01|09:45:16.868] Enabled full-sync                        head=2635 hash=12a131..dc2729
INFO [06-01|09:45:16.868] Unprotected transactions allowed
INFO [06-01|09:45:16.868] Gasprice oracle is ignoring threshold set threshold=2
INFO [06-01|09:45:16.869] Registered sync override service
WARN [06-01|09:45:16.869] You are running Geth in --dev mode. Please note the following:
WARN [06-01|09:45:16.869] 
WARN [06-01|09:45:16.869]   1. This mode is only intended for fast, iterative development without assumptions on
WARN [06-01|09:45:16.869]      security or persistence.
WARN [06-01|09:45:16.869]   2. The database is created in memory unless specified otherwise. Therefore, shutting down
WARN [06-01|09:45:16.869]      your computer or losing power will wipe your entire block data and chain state for
WARN [06-01|09:45:16.869]      your dev environment.
WARN [06-01|09:45:16.869]   3. A random, pre-allocated developer account will be available and unlocked as
WARN [06-01|09:45:16.869]      eth.coinbase, which can be used for testing. The random dev account is temporary,
WARN [06-01|09:45:16.869]      stored on a ramdisk, and will be lost if your machine is restarted.
WARN [06-01|09:45:16.869]   4. Mining is enabled by default. However, the client will only seal blocks if transactions
WARN [06-01|09:45:16.869]      are pending in the mempool. The miner's minimum accepted gas price is 1.
WARN [06-01|09:45:16.869]   5. Networking is disabled; there is no listen-address, the maximum number of peers is set
WARN [06-01|09:45:16.869]      to 0, and discovery is disabled.
WARN [06-01|09:45:16.869] 
INFO [06-01|09:45:16.869] Starting peer-to-peer node               instance=Geth/v1.17.3-unstable/linux-amd64/go1.24.9
WARN [06-01|09:45:16.869] P2P server will be useless, neither dialing nor listening
INFO [06-01|09:45:16.890] IPC endpoint opened                      url=/mnt/state_expiry_vol_data/ubt-vs-pbt-dbs/pbt/geth.ipc
ERROR[06-01|09:45:16.890] Unavailable modules in HTTP API list     unavailable=[personal] available="[admin debug web3 eth txpool miner net dev testing]"
INFO [06-01|09:45:16.890] New local node record                    seq=1,780,292,694,571 id=972c5cc0b2a1895c ip=127.0.0.1 udp=0 tcp=0
INFO [06-01|09:45:16.890] Started P2P networking                   self=enode://16ec6c0bde109d66472afe00ec8fee3d30718d830d1acf0829842abca89b82afff8a454636cde3b26d700f98647938c6f23e7bee3027caca0d7f19e4b3725e13@127.0.0.1:0
INFO [06-01|09:45:16.891] HTTP server started                      endpoint=127.0.0.1:8545 auth=false prefix= cors= vhosts=localhost
INFO [06-01|09:45:16.891] WebSocket enabled                        url=ws://127.0.0.1:8546
INFO [06-01|09:45:17.092] Loaded local transaction journal         transactions=2061 dropped=0
INFO [06-01|09:45:17.913] Started log indexer
INFO [06-01|09:45:17.960] Starting work on payload                 id=0x031d73ef856d9a9b
INFO [06-01|09:45:17.965] Updated payload                          id=0x031d73ef856d9a9b number=2636 hash=462a43..6df5a9 txs=0 withdrawals=0 gas=0 fees=0 root=1b019a..90b06f elapsed=4.693ms
INFO [06-01|09:45:17.965] Stopping work on payload                 id=0x031d73ef856d9a9b reason=delivery
WARN [06-01|09:45:17.969] {"level":"warn","msg":"Slow block","block":{"number":2636,"hash":"0x462a43f7604e203ed8a0463718c8973d764de41701fce4b0bb34cb80ad6df5a9","gas_used":0,"tx_count":0},"timing":{"execution_ms":0.071318,"state_read_ms":3.289277,"state_hash_ms":0.001755,"commit_ms":0.173232,"total_ms":3.834071},"throughput":{"mgas_per_sec":0},"state_reads":{"accounts":4,"storage_slots":0,"code":0,"code_bytes":0},"state_writes":{"accounts":0,"accounts_deleted":0,"storage_slots":0,"storage_slots_deleted":0,"code":0,"code_bytes":0},"cache":{"account":{"hits":0,"misses":4,"hit_rate":0},"storage":{"hits":0,"misses":0,"hit_rate":0},"code":{"hits":0,"misses":0,"hit_rate":0,"hit_bytes":0,"miss_bytes":0}}}
INFO [06-01|09:45:17.969] Imported new potential chain segment     number=2636 hash=462a43..6df5a9 blocks=1 txs=0 mgas=0.000 elapsed=4.088ms mgasps=0.000 triediffs=2.30MiB triedirty=0.00B
INFO [06-01|09:45:17.969] Chain head was updated                   number=2636 hash=462a43..6df5a9 root=1b019a..90b06f elapsed="48.78µs"
INFO [06-01|09:45:18.975] Starting work on payload                 id=0x03995e1abf47eda3
INFO [06-01|09:45:18.987] Updated payload                          id=0x03995e1abf47eda3 number=2637 hash=1a46f0..d909db txs=0 withdrawals=0 gas=0 fees=0 root=1b019a..90b06f elapsed=11.164ms
INFO [06-01|09:45:18.987] Stopping work on payload                 id=0x03995e1abf47eda3 reason=delivery
WARN [06-01|09:45:18.990] {"level":"warn","msg":"Slow block","block":{"number":2637,"hash":"0x1a46f01c6f2569a9ec735978ba73ab2a54756752eb68b82afcddbc2872d909db","gas_used":0,"tx_count":0},"timing":{"execution_ms":0.033874,"state_read_ms":2.927094,"state_hash_ms":0.001343,"commit_ms":0.172748,"total_ms":3.277458},"throughput":{"mgas_per_sec":0},"state_reads":{"accounts":4,"storage_slots":0,"code":0,"code_bytes":0},"state_writes":{"accounts":0,"accounts_deleted":0,"storage_slots":0,"storage_slots_deleted":0,"code":0,"code_bytes":0},"cache":{"account":{"hits":0,"misses":4,"hit_rate":0},"storage":{"hits":0,"misses":0,"hit_rate":0},"code":{"hits":0,"misses":0,"hit_rate":0,"hit_bytes":0,"miss_bytes":0}}}
INFO [06-01|09:45:18.990] Imported new potential chain segment     number=2637 hash=1a46f0..d909db blocks=1 txs=0 mgas=0.000 elapsed=3.456ms   mgasps=0.000 triediffs=2.30MiB triedirty=0.00B
INFO [06-01|09:45:18.990] Chain head was updated                   number=2637 hash=1a46f0..d909db root=1b019a..90b06f elapsed="29.937µs"
INFO [06-01|09:45:19.995] Starting work on payload                 id=0x03eedc437e7899b4
INFO [06-01|09:45:19.999] Updated payload                          id=0x03eedc437e7899b4 number=2638 hash=d885e6..ab7160 txs=0 withdrawals=0 gas=0 fees=0 root=1b019a..90b06f elapsed=3.653ms
INFO [06-01|09:45:20.000] Stopping work on payload                 id=0x03eedc437e7899b4 reason=delivery
WARN [06-01|09:45:20.014] {"level":"warn","msg":"Slow block","block":{"number":2638,"hash":"0xd885e664e731ab26b8a1b79fd1e791e8ca68f68a15d58474fceb7bf4baab7160","gas_used":0,"tx_count":0},"timing":{"execution_ms":0.035733,"state_read_ms":14.741099,"state_hash_ms":0.001966,"commit_ms":0.100471,"total_ms":15.048088},"throughput":{"mgas_per_sec":0},"state_reads":{"accounts":4,"storage_slots":0,"code":0,"code_bytes":0},"state_writes":{"accounts":0,"accounts_deleted":0,"storage_slots":0,"storage_slots_deleted":0,"code":0,"code_bytes":0},"cache":{"account":{"hits":0,"misses":4,"hit_rate":0},"storage":{"hits":0,"misses":0,"hit_rate":0},"code":{"hits":0,"misses":0,"hit_rate":0,"hit_bytes":0,"miss_bytes":0}}}
INFO [06-01|09:45:20.014] Imported new potential chain segment     number=2638 hash=d885e6..ab7160 blocks=1 txs=0 mgas=0.000 elapsed=15.245ms   mgasps=0.000 triediffs=2.30MiB triedirty=0.00B
INFO [06-01|09:45:20.014] Chain head was updated                   number=2638 hash=d885e6..ab7160 root=1b019a..90b06f elapsed="34.25µs"
INFO [06-01|09:45:20.406] Submitted contract creation              hash=0xb65809d103d0a323af60b94dc298085e2ac29f88d598b2c3041c4791029d5c07 from=0xf39Fd6e51aad88F6F4ce6aB8827279cffFb92266 nonce=775 contract=0x5fe2f174fe51474Cd198939C96e7dB65983EA307 value=0
INFO [06-01|09:45:20.406] Submitted transaction                    hash=0xca5ac8a2c7345ab461de4d9af360753952cbd4f2cd9c564a60256c85fc046f85 from=0xf39Fd6e51aad88F6F4ce6aB8827279cffFb92266 nonce=776 recipient=0x9BB10B7adaD62ED511777e2839609DbF776AA03C value=78,000,000
INFO [06-01|09:45:21.023] Starting work on payload                 id=0x0344222f0cb02ecc
INFO [06-01|09:45:21.052] Updated payload                          id=0x0344222f0cb02ecc number=2639 hash=53ca88..34b7a6 txs=2 withdrawals=0 gas=86938 fees=5.21628e-13 root=2cd9b9..e0db94 elapsed=28.215ms
INFO [06-01|09:45:21.052] Stopping work on payload                 id=0x0344222f0cb02ecc reason=delivery
INFO [06-01|09:45:21.080] Paused snapshot generation
WARN [06-01|09:45:21.080] {"level":"warn","msg":"Slow block","block":{"number":2639,"hash":"0x53ca887edd668b145e87b39fd5815d40bbbed57b83688e1db52f498aee34b7a6","gas_used":86938,"tx_count":2},"timing":{"execution_ms":0.114823,"state_read_ms":19.137087,"state_hash_ms":3.727654,"commit_ms":4.813393,"total_ms":28.013714},"throughput":{"mgas_per_sec":3.1034085662472317},"state_reads":{"accounts":11,"storage_slots":0,"code":0,"code_bytes":0},"state_writes":{"accounts":3,"accounts_deleted":0,"storage_slots":0,"storage_slots_deleted":0,"code":1,"code_bytes":165},"cache":{"account":{"hits":6,"misses":5,"hit_rate":54.54545454545454},"storage":{"hits":0,"misses":0,"hit_rate":0},"code":{"hits":0,"misses":0,"hit_rate":0,"hit_bytes":0,"miss_bytes":0}}}
INFO [06-01|09:45:21.080] Imported new potential chain segment     number=2639 hash=53ca88..34b7a6 blocks=1 txs=2 mgas=0.087 elapsed=28.176ms   mgasps=3.085 triediffs=2.31MiB triedirty=0.00B
INFO [06-01|09:45:21.080] Chain head was updated                   number=2639 hash=53ca88..34b7a6 root=2cd9b9..e0db94 elapsed="168.556µs"
WARN [06-01|09:45:21.100] Snapshot generation is not permitted
INFO [06-01|09:45:21.420] Submitted transaction                    hash=0x050589ffbe7b340e47fdd0a3b199add9f6bda0428e9e4b06ef728c0a5c9e4043 from=0x9BB10B7adaD62ED511777e2839609DbF776AA03C nonce=0   recipient=0x5fe2f174fe51474Cd198939C96e7dB65983EA307 value=0
INFO [06-01|09:45:22.086] Starting work on payload                 id=0x0371510d6600ede7
INFO [06-01|09:45:22.135] Updated payload                          id=0x0371510d6600ede7 number=2640 hash=d3854a..f47d87 txs=1 withdrawals=0 gas=5,919,840 fees=3.551904e-11 root=301cdb..2bd87e elapsed=49.033ms
INFO [06-01|09:45:22.135] Stopping work on payload                 id=0x0371510d6600ede7 reason=delivery
INFO [06-01|09:45:22.180] Paused snapshot generation
WARN [06-01|09:45:22.181] {"level":"warn","msg":"Slow block","block":{"number":2640,"hash":"0xd3854a69620c20bdea3206984e81ec6f43f387c743b1ee5d24db16cff4f47d87","gas_used":5919840,"tx_count":1},"timing":{"execution_ms":14.312517,"state_read_ms":17.260469,"state_hash_ms":3.523579,"commit_ms":1.337833,"total_ms":45.299916},"throughput":{"mgas_per_sec":130.68103702443952},"state_reads":{"accounts":17,"storage_slots":1174,"code":11,"code_bytes":445},"state_writes":{"accounts":3,"accounts_deleted":0,"storage_slots":142,"storage_slots_deleted":0,"code":0,"code_bytes":0},"cache":{"account":{"hits":7,"misses":10,"hit_rate":41.17647058823529},"storage":{"hits":327,"misses":847,"hit_rate":27.85349233390119},"code":{"hits":11,"misses":0,"hit_rate":100,"hit_bytes":445,"miss_bytes":0}}}
INFO [06-01|09:45:22.181] Imported new potential chain segment     number=2640 hash=d3854a..f47d87 blocks=1 txs=1 mgas=5.920 elapsed=45.606ms    mgasps=129.801 triediffs=2.34MiB triedirty=0.00B
INFO [06-01|09:45:22.181] Chain head was updated                   number=2640 hash=d3854a..f47d87 root=301cdb..2bd87e elapsed="91.13µs"
WARN [06-01|09:45:22.206] Snapshot generation is not permitted
INFO [06-01|09:45:22.434] Submitted transaction                    hash=0xe51de9a48024777ec698258207031c6db62b7ec7275203a7fc047ab011136ec0 from=0x9BB10B7adaD62ED511777e2839609DbF776AA03C nonce=1   recipient=0xf39Fd6e51aad88F6F4ce6aB8827279cffFb92266 value=790,080
INFO [06-01|09:45:23.185] Starting work on payload                 id=0x03a20f1c69fc2b84
INFO [06-01|09:45:23.214] Updated payload                          id=0x03a20f1c69fc2b84 number=2641 hash=8b89fa..f03a65 txs=1 withdrawals=0 gas=21000     fees=2.1e-14      root=825588..3892bf elapsed=28.345ms
INFO [06-01|09:45:23.214] Stopping work on payload                 id=0x03a20f1c69fc2b84 reason=delivery
INFO [06-01|09:45:23.222] Paused snapshot generation
WARN [06-01|09:45:23.225] {"level":"warn","msg":"Slow block","block":{"number":2641,"hash":"0x8b89fa8c4c2c46b3b0fb93f24d5817bdd92302531b2d76b7f53acf8dd1f03a65","gas_used":21000,"tx_count":1},"timing":{"execution_ms":0.068793,"state_read_ms":3.256664,"state_hash_ms":4.16559,"commit_ms":3.51709,"total_ms":11.185337},"throughput":{"mgas_per_sec":1.8774579612576716},"state_reads":{"accounts":6,"storage_slots":0,"code":0,"code_bytes":0},"state_writes":{"accounts":2,"accounts_deleted":0,"storage_slots":0,"storage_slots_deleted":0,"code":0,"code_bytes":0},"cache":{"account":{"hits":2,"misses":4,"hit_rate":33.33333333333333},"storage":{"hits":0,"misses":0,"hit_rate":0},"code":{"hits":0,"misses":0,"hit_rate":0,"hit_bytes":0,"miss_bytes":0}}}
INFO [06-01|09:45:23.225] Imported new potential chain segment     number=2641 hash=8b89fa..f03a65 blocks=1 txs=1 mgas=0.021 elapsed=11.348ms    mgasps=1.851   triediffs=2.33MiB triedirty=0.00B
INFO [06-01|09:45:23.225] Chain head was updated                   number=2641 hash=8b89fa..f03a65 root=825588..3892bf elapsed="78.563µs"
WARN [06-01|09:45:23.246] Snapshot generation is not permitted
