WARN [06-01|09:28:50.924] Unknown config environment variable      envvar=GETH_PBT_BIN
WARN [06-01|09:28:50.924] Unknown config environment variable      envvar=GETH_UBT_BIN
INFO [06-01|09:28:50.936] Starting Geth on Ethereum mainnet...
INFO [06-01|09:28:50.938] Maximum peer count                       ETH=0 total=0
INFO [06-01|09:28:50.939] Smartcard socket not found, disabling    err="stat /run/pcscd/pcscd.comm: no such file or directory"
WARN [06-01|09:28:50.944] Option --miner.etherbase is deprecated as the etherbase is set by the consensus client post-merge
WARN [06-01|09:28:50.946] Snap sync requested, resetting --cache.snapshot
INFO [06-01|09:28:50.946] Set global gas cap                       cap=50,000,000
INFO [06-01|09:28:51.785] Using developer account                  address=0xf39Fd6e51aad88F6F4ce6aB8827279cffFb92266
INFO [06-01|09:28:51.823] Using pebble as the backing database
INFO [06-01|09:28:51.823] Allocated cache and file handles         database=/mnt/state_expiry_vol_data/ubt-vs-pbt-dbs/pbt/geth/chaindata cache=16.00MiB handles=262,144
INFO [06-01|09:28:52.022] Opened ancient database                  database=/mnt/state_expiry_vol_data/ubt-vs-pbt-dbs/pbt/geth/chaindata/ancient/chain readonly=true
INFO [06-01|09:28:52.022] Opened Era store                         datadir=/mnt/state_expiry_vol_data/ubt-vs-pbt-dbs/pbt/geth/chaindata/ancient/chain/era
INFO [06-01|09:28:52.029] Initializing the KZG library             backend=gokzg
INFO [06-01|09:28:52.031] Allocated trie memory caches             clean=0.00B dirty=0.00B
INFO [06-01|09:28:52.039] Using pebble as the backing database
INFO [06-01|09:28:52.039] Allocated cache and file handles         database=/mnt/state_expiry_vol_data/ubt-vs-pbt-dbs/pbt/geth/chaindata cache=16.00MiB handles=262,144
INFO [06-01|09:28:52.260] Opened ancient database                  database=/mnt/state_expiry_vol_data/ubt-vs-pbt-dbs/pbt/geth/chaindata/ancient/chain readonly=false
INFO [06-01|09:28:52.260] Opened Era store                         datadir=/mnt/state_expiry_vol_data/ubt-vs-pbt-dbs/pbt/geth/chaindata/ancient/chain/era
INFO [06-01|09:28:52.265] State scheme set to already existing     scheme=path
INFO [06-01|09:28:52.265] Initialising Ethereum protocol           network=1337 dbversion=9
INFO [06-01|09:28:52.266] Load database journal from file          path=/mnt/state_expiry_vol_data/ubt-vs-pbt-dbs/pbt/geth/triedb/verkle.journal
INFO [06-01|09:28:52.358] Opened ancient database                  database=/mnt/state_expiry_vol_data/ubt-vs-pbt-dbs/pbt/geth/chaindata/ancient/state_verkle readonly=false
INFO [06-01|09:28:52.360] State snapshot generator is not compatible
INFO [06-01|09:28:52.360] Initialized path database                triecache=0.00B statecache=0.00B buffer=0.00B state-history="last 90000 blocks" journal-dir=/mnt/state_expiry_vol_data/ubt-vs-pbt-dbs/pbt/geth/triedb verkle=true
INFO [06-01|09:28:52.360] 
INFO [06-01|09:28:52.360] ---------------------------------------------------------------------------------------------------------------------------------------------------------
INFO [06-01|09:28:52.360] Chain ID:  1337 (unknown)
INFO [06-01|09:28:52.360] Consensus: unknown
INFO [06-01|09:28:52.360] 
INFO [06-01|09:28:52.360] Pre-Merge hard forks (block based):
INFO [06-01|09:28:52.360]  - Homestead:                   #0       
INFO [06-01|09:28:52.360]  - Tangerine Whistle (EIP 150): #0       
INFO [06-01|09:28:52.360]  - Spurious Dragon/1 (EIP 155): #0       
INFO [06-01|09:28:52.360]  - Spurious Dragon/2 (EIP 158): #0       
INFO [06-01|09:28:52.360]  - Byzantium:                   #0       
INFO [06-01|09:28:52.360]  - Constantinople:              #0       
INFO [06-01|09:28:52.360]  - Petersburg:                  #0       
INFO [06-01|09:28:52.360]  - Istanbul:                    #0       
INFO [06-01|09:28:52.361]  - Berlin:                      #0       
INFO [06-01|09:28:52.361]  - London:                      #0       
INFO [06-01|09:28:52.361]  - Arrow Glacier:               #0       
INFO [06-01|09:28:52.361]  - Gray Glacier:                #0       
INFO [06-01|09:28:52.361] 
INFO [06-01|09:28:52.361] Merge configured:
INFO [06-01|09:28:52.361]  - Total terminal difficulty:  0
INFO [06-01|09:28:52.361]  - Merge netsplit block:       #0       
INFO [06-01|09:28:52.361] 
INFO [06-01|09:28:52.361] Post-Merge hard forks (timestamp based):
INFO [06-01|09:28:52.361]  - Shanghai:                    @0         
INFO [06-01|09:28:52.361]  - Cancun:                      @0          blob: (target: 3, max: 6, fraction: 3338477)
INFO [06-01|09:28:52.361]  - Prague:                      @0          blob: (target: 6, max: 9, fraction: 5007716)
INFO [06-01|09:28:52.361]  - Osaka:                       @0          blob: (target: 6, max: 9, fraction: 5007716)
INFO [06-01|09:28:52.361]  - UBT:                         @0          blob: (nil)
INFO [06-01|09:28:52.361] 
INFO [06-01|09:28:52.361] All fork specifications can be found at https://ethereum.github.io/execution-specs/src/ethereum/forks/
INFO [06-01|09:28:52.361] 
INFO [06-01|09:28:52.361] ---------------------------------------------------------------------------------------------------------------------------------------------------------
INFO [06-01|09:28:52.361] 
INFO [06-01|09:28:52.362] Loaded most recent local block           number=2004 hash=59b71f..81b698 age=3s
INFO [06-01|09:28:52.362] Loaded most recent local finalized block number=1984 hash=3857e8..17e2b1 age=34s
INFO [06-01|09:28:52.363] Initialized transaction indexer          range="last 2350000 blocks"
INFO [06-01|09:28:52.363] Initialized log indexer                  firstblock=0 lastblock=2004 firstmap=0 lastmap=0 headindexed=true
INFO [06-01|09:28:52.381] Enabled full-sync                        head=2004 hash=59b71f..81b698
INFO [06-01|09:28:52.382] Unprotected transactions allowed
INFO [06-01|09:28:52.382] Gasprice oracle is ignoring threshold set threshold=2
INFO [06-01|09:28:52.382] Registered sync override service
WARN [06-01|09:28:52.382] You are running Geth in --dev mode. Please note the following:
WARN [06-01|09:28:52.382] 
WARN [06-01|09:28:52.382]   1. This mode is only intended for fast, iterative development without assumptions on
WARN [06-01|09:28:52.382]      security or persistence.
WARN [06-01|09:28:52.382]   2. The database is created in memory unless specified otherwise. Therefore, shutting down
WARN [06-01|09:28:52.382]      your computer or losing power will wipe your entire block data and chain state for
WARN [06-01|09:28:52.382]      your dev environment.
WARN [06-01|09:28:52.382]   3. A random, pre-allocated developer account will be available and unlocked as
WARN [06-01|09:28:52.382]      eth.coinbase, which can be used for testing. The random dev account is temporary,
WARN [06-01|09:28:52.382]      stored on a ramdisk, and will be lost if your machine is restarted.
WARN [06-01|09:28:52.382]   4. Mining is enabled by default. However, the client will only seal blocks if transactions
WARN [06-01|09:28:52.382]      are pending in the mempool. The miner's minimum accepted gas price is 1.
WARN [06-01|09:28:52.382]   5. Networking is disabled; there is no listen-address, the maximum number of peers is set
WARN [06-01|09:28:52.382]      to 0, and discovery is disabled.
WARN [06-01|09:28:52.382] 
INFO [06-01|09:28:52.382] Starting peer-to-peer node               instance=Geth/v1.17.3-unstable/linux-amd64/go1.24.9
WARN [06-01|09:28:52.382] P2P server will be useless, neither dialing nor listening
INFO [06-01|09:28:52.407] New local node record                    seq=1,780,292,694,473 id=972c5cc0b2a1895c ip=127.0.0.1 udp=0 tcp=0
INFO [06-01|09:28:52.407] IPC endpoint opened                      url=/mnt/state_expiry_vol_data/ubt-vs-pbt-dbs/pbt/geth.ipc
INFO [06-01|09:28:52.407] Started P2P networking                   self=enode://16ec6c0bde109d66472afe00ec8fee3d30718d830d1acf0829842abca89b82afff8a454636cde3b26d700f98647938c6f23e7bee3027caca0d7f19e4b3725e13@127.0.0.1:0
ERROR[06-01|09:28:52.408] Unavailable modules in HTTP API list     unavailable=[personal] available="[admin debug web3 eth txpool miner net dev testing]"
INFO [06-01|09:28:52.408] HTTP server started                      endpoint=127.0.0.1:8545 auth=false prefix= cors= vhosts=localhost
INFO [06-01|09:28:52.408] WebSocket enabled                        url=ws://127.0.0.1:8546
INFO [06-01|09:28:52.556] Loaded local transaction journal         transactions=1669 dropped=0
INFO [06-01|09:28:53.474] Started log indexer
INFO [06-01|09:28:53.518] Starting work on payload                 id=0x033403054914e678
INFO [06-01|09:28:53.522] Updated payload                          id=0x033403054914e678 number=2005 hash=700deb..24b7c5 txs=0 withdrawals=0 gas=0 fees=0 root=90004b..8f2b20 elapsed=3.646ms
INFO [06-01|09:28:53.522] Stopping work on payload                 id=0x033403054914e678 reason=delivery
WARN [06-01|09:28:53.526] {"level":"warn","msg":"Slow block","block":{"number":2005,"hash":"0x700deb927ec00ee5af29805445e402b3e095d4aac46badd51d106e047624b7c5","gas_used":0,"tx_count":0},"timing":{"execution_ms":0.044841,"state_read_ms":3.342067,"state_hash_ms":0.001782,"commit_ms":0.149965,"total_ms":3.723744},"throughput":{"mgas_per_sec":0},"state_reads":{"accounts":4,"storage_slots":0,"code":0,"code_bytes":0},"state_writes":{"accounts":0,"accounts_deleted":0,"storage_slots":0,"storage_slots_deleted":0,"code":0,"code_bytes":0},"cache":{"account":{"hits":0,"misses":4,"hit_rate":0},"storage":{"hits":0,"misses":0,"hit_rate":0},"code":{"hits":0,"misses":0,"hit_rate":0,"hit_bytes":0,"miss_bytes":0}}}
INFO [06-01|09:28:53.526] Imported new potential chain segment     number=2005 hash=700deb..24b7c5 blocks=1 txs=0 mgas=0.000 elapsed=4.047ms mgasps=0.000 triediffs=2.12MiB triedirty=0.00B
INFO [06-01|09:28:53.526] Chain head was updated                   number=2005 hash=700deb..24b7c5 root=90004b..8f2b20 elapsed="77.099µs"
INFO [06-01|09:28:54.534] Starting work on payload                 id=0x03aadea58643d794
INFO [06-01|09:28:54.543] Updated payload                          id=0x03aadea58643d794 number=2006 hash=f4b8e5..c733d9 txs=0 withdrawals=0 gas=0 fees=0 root=90004b..8f2b20 elapsed=8.993ms
INFO [06-01|09:28:54.545] Stopping work on payload                 id=0x03aadea58643d794 reason=delivery
WARN [06-01|09:28:54.549] {"level":"warn","msg":"Slow block","block":{"number":2006,"hash":"0xf4b8e5c1e05586fa619b53545613c182336373214ce82e75f684bde1f4c733d9","gas_used":0,"tx_count":0},"timing":{"execution_ms":0.047285,"state_read_ms":4.873848,"state_hash_ms":0.002153,"commit_ms":0.1151,"total_ms":5.439517},"throughput":{"mgas_per_sec":0},"state_reads":{"accounts":4,"storage_slots":0,"code":0,"code_bytes":0},"state_writes":{"accounts":0,"accounts_deleted":0,"storage_slots":0,"storage_slots_deleted":0,"code":0,"code_bytes":0},"cache":{"account":{"hits":0,"misses":4,"hit_rate":0},"storage":{"hits":0,"misses":0,"hit_rate":0},"code":{"hits":0,"misses":0,"hit_rate":0,"hit_bytes":0,"miss_bytes":0}}}
INFO [06-01|09:28:54.549] Imported new potential chain segment     number=2006 hash=f4b8e5..c733d9 blocks=1 txs=0 mgas=0.000 elapsed=5.640ms    mgasps=0.000 triediffs=2.12MiB triedirty=0.00B
INFO [06-01|09:28:54.550] Chain head was updated                   number=2006 hash=f4b8e5..c733d9 root=90004b..8f2b20 elapsed="55.36µs"
INFO [06-01|09:28:55.555] Starting work on payload                 id=0x03dd8374f1cab5fc
INFO [06-01|09:28:55.577] Updated payload                          id=0x03dd8374f1cab5fc number=2007 hash=c678fc..0a165a txs=0 withdrawals=0 gas=0 fees=0 root=90004b..8f2b20 elapsed=22.527ms
INFO [06-01|09:28:55.578] Stopping work on payload                 id=0x03dd8374f1cab5fc reason=delivery
WARN [06-01|09:28:55.581] {"level":"warn","msg":"Slow block","block":{"number":2007,"hash":"0xc678fcb5b6c3749bf567cd10f5c0f78a6f7e57d93cd7fe11e00d07ce5f0a165a","gas_used":0,"tx_count":0},"timing":{"execution_ms":0.02601,"state_read_ms":2.825247,"state_hash_ms":0.002075,"commit_ms":0.180679,"total_ms":3.212678},"throughput":{"mgas_per_sec":0},"state_reads":{"accounts":4,"storage_slots":0,"code":0,"code_bytes":0},"state_writes":{"accounts":0,"accounts_deleted":0,"storage_slots":0,"storage_slots_deleted":0,"code":0,"code_bytes":0},"cache":{"account":{"hits":0,"misses":4,"hit_rate":0},"storage":{"hits":0,"misses":0,"hit_rate":0},"code":{"hits":0,"misses":0,"hit_rate":0,"hit_bytes":0,"miss_bytes":0}}}
INFO [06-01|09:28:55.581] Imported new potential chain segment     number=2007 hash=c678fc..0a165a blocks=1 txs=0 mgas=0.000 elapsed=3.362ms    mgasps=0.000 triediffs=2.12MiB triedirty=0.00B
INFO [06-01|09:28:55.581] Chain head was updated                   number=2007 hash=c678fc..0a165a root=90004b..8f2b20 elapsed="37.524µs"
INFO [06-01|09:28:55.804] Submitted contract creation              hash=0xd95eb9fa63d68f6910ea566787f294f6660575da54e86ab55b424f8a2edabfe6 from=0xf39Fd6e51aad88F6F4ce6aB8827279cffFb92266 nonce=579 contract=0xc3b99d27eF3B07C94Ee3cFD670281F0CF98A02f1 value=0
INFO [06-01|09:28:55.805] Submitted transaction                    hash=0x11407d6013b4e511c2ff1fc07eade8055ccf1a8c17931140f574f48f6dd232aa from=0xf39Fd6e51aad88F6F4ce6aB8827279cffFb92266 nonce=580 recipient=0xFcD613Fa293064d4C6C438202D917C1aA5f80E83 value=78,000,000
INFO [06-01|09:28:56.586] Starting work on payload                 id=0x0364b2c4e2b20f11
INFO [06-01|09:28:56.631] Updated payload                          id=0x0364b2c4e2b20f11 number=2008 hash=7cb698..549bd8 txs=2 withdrawals=0 gas=86120 fees=5.1672e-13 root=74ef3d..ad971c elapsed=44.414ms
INFO [06-01|09:28:56.631] Stopping work on payload                 id=0x0364b2c4e2b20f11 reason=delivery
INFO [06-01|09:28:56.660] Paused snapshot generation
WARN [06-01|09:28:56.661] {"level":"warn","msg":"Slow block","block":{"number":2008,"hash":"0x7cb6984474f793bc51448b7265b21ba6debe7d9378d49c3b65ecb51fe8549bd8","gas_used":86120,"tx_count":2},"timing":{"execution_ms":0.129639,"state_read_ms":21.998678,"state_hash_ms":2.904501,"commit_ms":4.616475,"total_ms":29.823564},"throughput":{"mgas_per_sec":2.887649510970587},"state_reads":{"accounts":11,"storage_slots":0,"code":0,"code_bytes":0},"state_writes":{"accounts":3,"accounts_deleted":0,"storage_slots":0,"storage_slots_deleted":0,"code":1,"code_bytes":155},"cache":{"account":{"hits":5,"misses":6,"hit_rate":45.45454545454545},"storage":{"hits":0,"misses":0,"hit_rate":0},"code":{"hits":0,"misses":0,"hit_rate":0,"hit_bytes":0,"miss_bytes":0}}}
INFO [06-01|09:28:56.661] Imported new potential chain segment     number=2008 hash=7cb698..549bd8 blocks=1 txs=2 mgas=0.086 elapsed=29.988ms   mgasps=2.872 triediffs=2.13MiB triedirty=0.00B
INFO [06-01|09:28:56.661] Chain head was updated                   number=2008 hash=7cb698..549bd8 root=74ef3d..ad971c elapsed="198.076µs"
WARN [06-01|09:28:56.680] Snapshot generation is not permitted
INFO [06-01|09:28:56.817] Submitted transaction                    hash=0xe9349a69e1909d5b9e2c0aa97eebb3fbb5551e36c9e5bcde6bcdca61e5404172 from=0xFcD613Fa293064d4C6C438202D917C1aA5f80E83 nonce=0   recipient=0xc3b99d27eF3B07C94Ee3cFD670281F0CF98A02f1 value=0
INFO [06-01|09:28:57.666] Starting work on payload                 id=0x032620ba9fec5658
INFO [06-01|09:28:57.787] Updated payload                          id=0x032620ba9fec5658 number=2009 hash=b6d670..dd748c txs=1 withdrawals=0 gas=5,900,406 fees=3.5402436e-11 root=1aedce..361f50 elapsed=120.858ms
INFO [06-01|09:28:57.787] Stopping work on payload                 id=0x032620ba9fec5658 reason=delivery
INFO [06-01|09:28:57.907] Paused snapshot generation
WARN [06-01|09:28:57.907] {"level":"warn","msg":"Slow block","block":{"number":2009,"hash":"0xb6d6707afdda1eb4298f97a06f1ef1be36dc1d76c408fc5bf80f56c90bdd748c","gas_used":5900406,"tx_count":1},"timing":{"execution_ms":104.995479,"state_read_ms":10.704889,"state_hash_ms":3.094169,"commit_ms":0.777115,"total_ms":119.799173},"throughput":{"mgas_per_sec":49.252476893141825},"state_reads":{"accounts":8,"storage_slots":258,"code":2,"code_bytes":183},"state_writes":{"accounts":2,"accounts_deleted":0,"storage_slots":0,"storage_slots_deleted":0,"code":0,"code_bytes":0},"cache":{"account":{"hits":4,"misses":4,"hit_rate":50},"storage":{"hits":41,"misses":217,"hit_rate":15.891472868217054},"code":{"hits":2,"misses":0,"hit_rate":100,"hit_bytes":183,"miss_bytes":0}}}
INFO [06-01|09:28:57.907] Imported new potential chain segment     number=2009 hash=b6d670..dd748c blocks=1 txs=1 mgas=5.900 elapsed=119.985ms   mgasps=49.176 triediffs=2.13MiB triedirty=0.00B
INFO [06-01|09:28:57.907] Chain head was updated                   number=2009 hash=b6d670..dd748c root=1aedce..361f50 elapsed="143.019µs"
WARN [06-01|09:28:57.932] Snapshot generation is not permitted
INFO [06-01|09:28:58.835] Submitted transaction                    hash=0x5a07b76fddd2de16a3b5b5cf831e1206e56e9cf86cfbb7a63f61bdf054334565 from=0xFcD613Fa293064d4C6C438202D917C1aA5f80E83 nonce=1   recipient=0xf39Fd6e51aad88F6F4ce6aB8827279cffFb92266 value=1,042,722
INFO [06-01|09:28:58.913] Starting work on payload                 id=0x03f5154b6ef6a894
INFO [06-01|09:28:58.928] Updated payload                          id=0x03f5154b6ef6a894 number=2010 hash=b829cb..a7a051 txs=1 withdrawals=0 gas=21000     fees=2.1e-14       root=eb9d1e..3a69d4 elapsed=14.563ms
INFO [06-01|09:28:58.928] Stopping work on payload                 id=0x03f5154b6ef6a894 reason=delivery
INFO [06-01|09:28:58.963] Paused snapshot generation
WARN [06-01|09:28:58.963] {"level":"warn","msg":"Slow block","block":{"number":2010,"hash":"0xb829cbdf6b60b966865493bbcfc06c76ffaf90c74cce0a7c0adfbf0acea7a051","gas_used":21000,"tx_count":1},"timing":{"execution_ms":0.076451,"state_read_ms":18.588779,"state_hash_ms":14.979743,"commit_ms":0.936584,"total_ms":34.772338},"throughput":{"mgas_per_sec":0.6039283294669459},"state_reads":{"accounts":6,"storage_slots":0,"code":0,"code_bytes":0},"state_writes":{"accounts":2,"accounts_deleted":0,"storage_slots":0,"storage_slots_deleted":0,"code":0,"code_bytes":0},"cache":{"account":{"hits":2,"misses":4,"hit_rate":33.33333333333333},"storage":{"hits":0,"misses":0,"hit_rate":0},"code":{"hits":0,"misses":0,"hit_rate":0,"hit_bytes":0,"miss_bytes":0}}}
INFO [06-01|09:28:58.963] Imported new potential chain segment     number=2010 hash=b829cb..a7a051 blocks=1 txs=1 mgas=0.021 elapsed=34.896ms    mgasps=0.602  triediffs=2.12MiB triedirty=0.00B
INFO [06-01|09:28:58.963] Chain head was updated                   number=2010 hash=b829cb..a7a051 root=eb9d1e..3a69d4 elapsed="67.833µs"
WARN [06-01|09:28:58.984] Snapshot generation is not permitted
INFO [06-01|09:28:59.968] Starting work on payload                 id=0x03e4be89612b56d6
INFO [06-01|09:28:59.972] Updated payload                          id=0x03e4be89612b56d6 number=2011 hash=69e58c..2eece5 txs=0 withdrawals=0 gas=0         fees=0             root=eb9d1e..3a69d4 elapsed=3.225ms
INFO [06-01|09:28:59.972] Stopping work on payload                 id=0x03e4be89612b56d6 reason=delivery
WARN [06-01|09:28:59.976] {"level":"warn","msg":"Slow block","block":{"number":2011,"hash":"0x69e58c52c1f4987d4c83ded034d31f4f2bf86ad69bbd02759961772c582eece5","gas_used":0,"tx_count":0},"timing":{"execution_ms":0.032282,"state_read_ms":2.874429,"state_hash_ms":0.001473,"commit_ms":0.217465,"total_ms":3.60929},"throughput":{"mgas_per_sec":0},"state_reads":{"accounts":4,"storage_slots":0,"code":0,"code_bytes":0},"state_writes":{"accounts":0,"accounts_deleted":0,"storage_slots":0,"storage_slots_deleted":0,"code":0,"code_bytes":0},"cache":{"account":{"hits":0,"misses":4,"hit_rate":0},"storage":{"hits":0,"misses":0,"hit_rate":0},"code":{"hits":0,"misses":0,"hit_rate":0,"hit_bytes":0,"miss_bytes":0}}}
INFO [06-01|09:28:59.976] Imported new potential chain segment     number=2011 hash=69e58c..2eece5 blocks=1 txs=0 mgas=0.000 elapsed=3.784ms     mgasps=0.000  triediffs=2.12MiB triedirty=0.00B
INFO [06-01|09:28:59.976] Chain head was updated                   number=2011 hash=69e58c..2eece5 root=eb9d1e..3a69d4 elapsed="48.548µs"
