WARN [06-01|09:45:05.920] Unknown config environment variable      envvar=GETH_PBT_BIN
WARN [06-01|09:45:05.920] Unknown config environment variable      envvar=GETH_UBT_BIN
INFO [06-01|09:45:05.932] Starting Geth on Ethereum mainnet...
INFO [06-01|09:45:05.934] Maximum peer count                       ETH=0 total=0
INFO [06-01|09:45:05.935] Smartcard socket not found, disabling    err="stat /run/pcscd/pcscd.comm: no such file or directory"
WARN [06-01|09:45:05.940] Option --miner.etherbase is deprecated as the etherbase is set by the consensus client post-merge
WARN [06-01|09:45:05.941] Snap sync requested, resetting --cache.snapshot
INFO [06-01|09:45:05.941] Set global gas cap                       cap=50,000,000
INFO [06-01|09:45:06.756] Using developer account                  address=0xf39Fd6e51aad88F6F4ce6aB8827279cffFb92266
INFO [06-01|09:45:06.795] Using pebble as the backing database
INFO [06-01|09:45:06.795] Allocated cache and file handles         database=/mnt/state_expiry_vol_data/ubt-vs-pbt-dbs/pbt/geth/chaindata cache=16.00MiB handles=262,144
INFO [06-01|09:45:07.011] Opened ancient database                  database=/mnt/state_expiry_vol_data/ubt-vs-pbt-dbs/pbt/geth/chaindata/ancient/chain readonly=true
INFO [06-01|09:45:07.011] Opened Era store                         datadir=/mnt/state_expiry_vol_data/ubt-vs-pbt-dbs/pbt/geth/chaindata/ancient/chain/era
INFO [06-01|09:45:07.019] Initializing the KZG library             backend=gokzg
INFO [06-01|09:45:07.021] Allocated trie memory caches             clean=0.00B dirty=0.00B
INFO [06-01|09:45:07.030] Using pebble as the backing database
INFO [06-01|09:45:07.030] Allocated cache and file handles         database=/mnt/state_expiry_vol_data/ubt-vs-pbt-dbs/pbt/geth/chaindata cache=16.00MiB handles=262,144
INFO [06-01|09:45:07.215] Opened ancient database                  database=/mnt/state_expiry_vol_data/ubt-vs-pbt-dbs/pbt/geth/chaindata/ancient/chain readonly=false
INFO [06-01|09:45:07.215] Opened Era store                         datadir=/mnt/state_expiry_vol_data/ubt-vs-pbt-dbs/pbt/geth/chaindata/ancient/chain/era
INFO [06-01|09:45:07.220] State scheme set to already existing     scheme=path
INFO [06-01|09:45:07.224] Initialising Ethereum protocol           network=1337 dbversion=9
INFO [06-01|09:45:07.224] Load database journal from file          path=/mnt/state_expiry_vol_data/ubt-vs-pbt-dbs/pbt/geth/triedb/verkle.journal
INFO [06-01|09:45:07.286] Opened ancient database                  database=/mnt/state_expiry_vol_data/ubt-vs-pbt-dbs/pbt/geth/chaindata/ancient/state_verkle readonly=false
INFO [06-01|09:45:07.287] State snapshot generator is not compatible
INFO [06-01|09:45:07.287] Initialized path database                triecache=0.00B statecache=0.00B buffer=0.00B state-history="last 90000 blocks" journal-dir=/mnt/state_expiry_vol_data/ubt-vs-pbt-dbs/pbt/geth/triedb verkle=true
INFO [06-01|09:45:07.288] 
INFO [06-01|09:45:07.288] ---------------------------------------------------------------------------------------------------------------------------------------------------------
INFO [06-01|09:45:07.288] Chain ID:  1337 (unknown)
INFO [06-01|09:45:07.288] Consensus: unknown
INFO [06-01|09:45:07.288] 
INFO [06-01|09:45:07.288] Pre-Merge hard forks (block based):
INFO [06-01|09:45:07.288]  - Homestead:                   #0       
INFO [06-01|09:45:07.288]  - Tangerine Whistle (EIP 150): #0       
INFO [06-01|09:45:07.288]  - Spurious Dragon/1 (EIP 155): #0       
INFO [06-01|09:45:07.288]  - Spurious Dragon/2 (EIP 158): #0       
INFO [06-01|09:45:07.288]  - Byzantium:                   #0       
INFO [06-01|09:45:07.288]  - Constantinople:              #0       
INFO [06-01|09:45:07.288]  - Petersburg:                  #0       
INFO [06-01|09:45:07.288]  - Istanbul:                    #0       
INFO [06-01|09:45:07.288]  - Berlin:                      #0       
INFO [06-01|09:45:07.288]  - London:                      #0       
INFO [06-01|09:45:07.288]  - Arrow Glacier:               #0       
INFO [06-01|09:45:07.288]  - Gray Glacier:                #0       
INFO [06-01|09:45:07.288] 
INFO [06-01|09:45:07.288] Merge configured:
INFO [06-01|09:45:07.288]  - Total terminal difficulty:  0
INFO [06-01|09:45:07.288]  - Merge netsplit block:       #0       
INFO [06-01|09:45:07.288] 
INFO [06-01|09:45:07.288] Post-Merge hard forks (timestamp based):
INFO [06-01|09:45:07.288]  - Shanghai:                    @0         
INFO [06-01|09:45:07.288]  - Cancun:                      @0          blob: (target: 3, max: 6, fraction: 3338477)
INFO [06-01|09:45:07.288]  - Prague:                      @0          blob: (target: 6, max: 9, fraction: 5007716)
INFO [06-01|09:45:07.288]  - Osaka:                       @0          blob: (target: 6, max: 9, fraction: 5007716)
INFO [06-01|09:45:07.288]  - UBT:                         @0          blob: (nil)
INFO [06-01|09:45:07.288] 
INFO [06-01|09:45:07.288] All fork specifications can be found at https://ethereum.github.io/execution-specs/src/ethereum/forks/
INFO [06-01|09:45:07.288] 
INFO [06-01|09:45:07.288] ---------------------------------------------------------------------------------------------------------------------------------------------------------
INFO [06-01|09:45:07.288] 
INFO [06-01|09:45:07.288] Loaded most recent local block           number=2629 hash=7a423a..0c5066 age=3s
INFO [06-01|09:45:07.288] Loaded most recent local finalized block number=2624 hash=2b78ff..d7b8da age=9s
INFO [06-01|09:45:07.289] Initialized transaction indexer          range="last 2350000 blocks"
INFO [06-01|09:45:07.289] Initialized log indexer                  firstblock=0 lastblock=2629 firstmap=0 lastmap=0 headindexed=true
INFO [06-01|09:45:07.323] Enabled full-sync                        head=2629 hash=7a423a..0c5066
INFO [06-01|09:45:07.323] Unprotected transactions allowed
INFO [06-01|09:45:07.323] Gasprice oracle is ignoring threshold set threshold=2
INFO [06-01|09:45:07.323] Registered sync override service
WARN [06-01|09:45:07.323] You are running Geth in --dev mode. Please note the following:
WARN [06-01|09:45:07.323] 
WARN [06-01|09:45:07.323]   1. This mode is only intended for fast, iterative development without assumptions on
WARN [06-01|09:45:07.323]      security or persistence.
WARN [06-01|09:45:07.323]   2. The database is created in memory unless specified otherwise. Therefore, shutting down
WARN [06-01|09:45:07.323]      your computer or losing power will wipe your entire block data and chain state for
WARN [06-01|09:45:07.323]      your dev environment.
WARN [06-01|09:45:07.323]   3. A random, pre-allocated developer account will be available and unlocked as
WARN [06-01|09:45:07.323]      eth.coinbase, which can be used for testing. The random dev account is temporary,
WARN [06-01|09:45:07.323]      stored on a ramdisk, and will be lost if your machine is restarted.
WARN [06-01|09:45:07.323]   4. Mining is enabled by default. However, the client will only seal blocks if transactions
WARN [06-01|09:45:07.323]      are pending in the mempool. The miner's minimum accepted gas price is 1.
WARN [06-01|09:45:07.323]   5. Networking is disabled; there is no listen-address, the maximum number of peers is set
WARN [06-01|09:45:07.323]      to 0, and discovery is disabled.
WARN [06-01|09:45:07.323] 
INFO [06-01|09:45:07.323] Starting peer-to-peer node               instance=Geth/v1.17.3-unstable/linux-amd64/go1.24.9
WARN [06-01|09:45:07.323] P2P server will be useless, neither dialing nor listening
INFO [06-01|09:45:07.356] IPC endpoint opened                      url=/mnt/state_expiry_vol_data/ubt-vs-pbt-dbs/pbt/geth.ipc
ERROR[06-01|09:45:07.356] Unavailable modules in HTTP API list     unavailable=[personal] available="[admin debug web3 eth txpool miner net dev testing]"
INFO [06-01|09:45:07.356] New local node record                    seq=1,780,292,694,570 id=972c5cc0b2a1895c ip=127.0.0.1 udp=0 tcp=0
INFO [06-01|09:45:07.356] Started P2P networking                   self=enode://16ec6c0bde109d66472afe00ec8fee3d30718d830d1acf0829842abca89b82afff8a454636cde3b26d700f98647938c6f23e7bee3027caca0d7f19e4b3725e13@127.0.0.1:0
INFO [06-01|09:45:07.357] HTTP server started                      endpoint=127.0.0.1:8545 auth=false prefix= cors= vhosts=localhost
INFO [06-01|09:45:07.357] WebSocket enabled                        url=ws://127.0.0.1:8546
INFO [06-01|09:45:07.559] Loaded local transaction journal         transactions=2057 dropped=0
INFO [06-01|09:45:08.388] Started log indexer
INFO [06-01|09:45:08.432] Starting work on payload                 id=0x0344b70313588d4c
INFO [06-01|09:45:08.436] Updated payload                          id=0x0344b70313588d4c number=2630 hash=1e816e..77266b txs=0 withdrawals=0 gas=0 fees=0 root=f57de7..4bbeeb elapsed=3.367ms
INFO [06-01|09:45:08.436] Stopping work on payload                 id=0x0344b70313588d4c reason=delivery
WARN [06-01|09:45:08.440] {"level":"warn","msg":"Slow block","block":{"number":2630,"hash":"0x1e816e339c2074652f890fe8a032d8ee76c8a216657f9a0efa55d9541e77266b","gas_used":0,"tx_count":0},"timing":{"execution_ms":0.034967,"state_read_ms":2.813631,"state_hash_ms":0.0012,"commit_ms":0.155604,"total_ms":3.196122},"throughput":{"mgas_per_sec":0},"state_reads":{"accounts":4,"storage_slots":0,"code":0,"code_bytes":0},"state_writes":{"accounts":0,"accounts_deleted":0,"storage_slots":0,"storage_slots_deleted":0,"code":0,"code_bytes":0},"cache":{"account":{"hits":0,"misses":4,"hit_rate":0},"storage":{"hits":0,"misses":0,"hit_rate":0},"code":{"hits":0,"misses":0,"hit_rate":0,"hit_bytes":0,"miss_bytes":0}}}
INFO [06-01|09:45:08.440] Imported new potential chain segment     number=2630 hash=1e816e..77266b blocks=1 txs=0 mgas=0.000 elapsed=3.506ms mgasps=0.000 triediffs=2.27MiB triedirty=0.00B
INFO [06-01|09:45:08.440] Chain head was updated                   number=2630 hash=1e816e..77266b root=f57de7..4bbeeb elapsed="67.33µs"
INFO [06-01|09:45:09.446] Starting work on payload                 id=0x03accf9cbbd9c9c5
INFO [06-01|09:45:09.454] Updated payload                          id=0x03accf9cbbd9c9c5 number=2631 hash=b609a3..2413e9 txs=0 withdrawals=0 gas=0 fees=0 root=f57de7..4bbeeb elapsed=8.221ms
INFO [06-01|09:45:09.457] Stopping work on payload                 id=0x03accf9cbbd9c9c5 reason=delivery
WARN [06-01|09:45:09.462] {"level":"warn","msg":"Slow block","block":{"number":2631,"hash":"0xb609a32d9c67dce88712d36708f65d78398a972bc69a720190b79b33d02413e9","gas_used":0,"tx_count":0},"timing":{"execution_ms":0.835779,"state_read_ms":5.099062,"state_hash_ms":0.002447,"commit_ms":0.198818,"total_ms":6.657483},"throughput":{"mgas_per_sec":0},"state_reads":{"accounts":4,"storage_slots":0,"code":0,"code_bytes":0},"state_writes":{"accounts":0,"accounts_deleted":0,"storage_slots":0,"storage_slots_deleted":0,"code":0,"code_bytes":0},"cache":{"account":{"hits":0,"misses":4,"hit_rate":0},"storage":{"hits":0,"misses":0,"hit_rate":0},"code":{"hits":0,"misses":0,"hit_rate":0,"hit_bytes":0,"miss_bytes":0}}}
INFO [06-01|09:45:09.462] Imported new potential chain segment     number=2631 hash=b609a3..2413e9 blocks=1 txs=0 mgas=0.000 elapsed=6.915ms   mgasps=0.000 triediffs=2.27MiB triedirty=0.00B
INFO [06-01|09:45:09.462] Chain head was updated                   number=2631 hash=b609a3..2413e9 root=f57de7..4bbeeb elapsed="477.524µs"
INFO [06-01|09:45:10.475] Starting work on payload                 id=0x03b6bcb87cee9a79
INFO [06-01|09:45:10.493] Updated payload                          id=0x03b6bcb87cee9a79 number=2632 hash=aaa255..d2b840 txs=0 withdrawals=0 gas=0 fees=0 root=f57de7..4bbeeb elapsed=17.466ms
INFO [06-01|09:45:10.493] Stopping work on payload                 id=0x03b6bcb87cee9a79 reason=delivery
WARN [06-01|09:45:10.496] {"level":"warn","msg":"Slow block","block":{"number":2632,"hash":"0xaaa25553e9f303290bf915bc1b2218b348f078d651b68ca4a23d6047f9d2b840","gas_used":0,"tx_count":0},"timing":{"execution_ms":0.035676,"state_read_ms":2.969789,"state_hash_ms":0.002872,"commit_ms":0.160158,"total_ms":3.367575},"throughput":{"mgas_per_sec":0},"state_reads":{"accounts":4,"storage_slots":0,"code":0,"code_bytes":0},"state_writes":{"accounts":0,"accounts_deleted":0,"storage_slots":0,"storage_slots_deleted":0,"code":0,"code_bytes":0},"cache":{"account":{"hits":0,"misses":4,"hit_rate":0},"storage":{"hits":0,"misses":0,"hit_rate":0},"code":{"hits":0,"misses":0,"hit_rate":0,"hit_bytes":0,"miss_bytes":0}}}
INFO [06-01|09:45:10.497] Imported new potential chain segment     number=2632 hash=aaa255..d2b840 blocks=1 txs=0 mgas=0.000 elapsed=3.538ms     mgasps=0.000 triediffs=2.27MiB triedirty=0.00B
INFO [06-01|09:45:10.497] Chain head was updated                   number=2632 hash=aaa255..d2b840 root=f57de7..4bbeeb elapsed="35.132µs"
INFO [06-01|09:45:10.876] Submitted contract creation              hash=0x5a14c68f50c75bdb79c8588c9d7af50434fd89f1e9536f3f157c0510f26d2fba from=0xf39Fd6e51aad88F6F4ce6aB8827279cffFb92266 nonce=773 contract=0xdccF554708B72d0fe9500cBfc1595cDBE3d66e5a value=0
INFO [06-01|09:45:10.876] Submitted transaction                    hash=0x850070a1e939118dc34d262bca91739c7937c56e703c44aab374923f2703ad04 from=0xf39Fd6e51aad88F6F4ce6aB8827279cffFb92266 nonce=774 recipient=0x624d8bdaFB2db8A10150e967FeCea47586c1adA5 value=78,000,000
INFO [06-01|09:45:11.519] Starting work on payload                 id=0x03b0a09869d09e6e
INFO [06-01|09:45:11.550] Updated payload                          id=0x03b0a09869d09e6e number=2633 hash=aff252..4b5fc6 txs=2 withdrawals=0 gas=86938 fees=5.21628e-13 root=1bcb63..23a199 elapsed=31.113ms
INFO [06-01|09:45:11.550] Stopping work on payload                 id=0x03b0a09869d09e6e reason=delivery
INFO [06-01|09:45:11.574] Paused snapshot generation
WARN [06-01|09:45:11.574] {"level":"warn","msg":"Slow block","block":{"number":2633,"hash":"0xaff252caf602947003e1ff265d13698be55bede2051842ab63e6318b4c4b5fc6","gas_used":86938,"tx_count":2},"timing":{"execution_ms":0.104056,"state_read_ms":3.174141,"state_hash_ms":15.334877,"commit_ms":5.036784,"total_ms":23.811454},"throughput":{"mgas_per_sec":3.6511000126241764},"state_reads":{"accounts":11,"storage_slots":0,"code":0,"code_bytes":0},"state_writes":{"accounts":3,"accounts_deleted":0,"storage_slots":0,"storage_slots_deleted":0,"code":1,"code_bytes":165},"cache":{"account":{"hits":6,"misses":5,"hit_rate":54.54545454545454},"storage":{"hits":0,"misses":0,"hit_rate":0},"code":{"hits":0,"misses":0,"hit_rate":0,"hit_bytes":0,"miss_bytes":0}}}
INFO [06-01|09:45:11.574] Imported new potential chain segment     number=2633 hash=aff252..4b5fc6 blocks=1 txs=2 mgas=0.087 elapsed=23.978ms    mgasps=3.626 triediffs=2.28MiB triedirty=0.00B
INFO [06-01|09:45:11.574] Chain head was updated                   number=2633 hash=aff252..4b5fc6 root=1bcb63..23a199 elapsed="177.75µs"
WARN [06-01|09:45:11.596] Snapshot generation is not permitted
INFO [06-01|09:45:11.888] Submitted transaction                    hash=0x12cc87cef5fcfbc56e217a659c48cbeb8f0401aa9c283a860339eb1a91508071 from=0x624d8bdaFB2db8A10150e967FeCea47586c1adA5 nonce=0   recipient=0xdccF554708B72d0fe9500cBfc1595cDBE3d66e5a value=0
INFO [06-01|09:45:12.592] Starting work on payload                 id=0x0302db1bc33f65d0
INFO [06-01|09:45:12.622] Updated payload                          id=0x0302db1bc33f65d0 number=2634 hash=c18efa..d24e64 txs=1 withdrawals=0 gas=5,919,840 fees=3.551904e-11 root=a8db0c..c7b88e elapsed=30.201ms
INFO [06-01|09:45:12.625] Stopping work on payload                 id=0x0302db1bc33f65d0 reason=delivery
INFO [06-01|09:45:12.654] Paused snapshot generation
WARN [06-01|09:45:12.655] {"level":"warn","msg":"Slow block","block":{"number":2634,"hash":"0xc18efaf6aaedc0c219131566fb5e1ef3a67498ff80567b37e82bafb302d24e64","gas_used":5919840,"tx_count":1},"timing":{"execution_ms":15.373693,"state_read_ms":12.36668,"state_hash_ms":3.253707,"commit_ms":1.248753,"total_ms":32.449282},"throughput":{"mgas_per_sec":182.4336205651638},"state_reads":{"accounts":17,"storage_slots":1174,"code":11,"code_bytes":445},"state_writes":{"accounts":3,"accounts_deleted":0,"storage_slots":142,"storage_slots_deleted":0,"code":0,"code_bytes":0},"cache":{"account":{"hits":2,"misses":15,"hit_rate":11.76470588235294},"storage":{"hits":562,"misses":612,"hit_rate":47.87052810902896},"code":{"hits":11,"misses":0,"hit_rate":100,"hit_bytes":445,"miss_bytes":0}}}
INFO [06-01|09:45:12.655] Imported new potential chain segment     number=2634 hash=c18efa..d24e64 blocks=1 txs=1 mgas=5.920 elapsed=32.730ms    mgasps=180.864 triediffs=2.31MiB triedirty=0.00B
INFO [06-01|09:45:12.655] Chain head was updated                   number=2634 hash=c18efa..d24e64 root=a8db0c..c7b88e elapsed="69.782µs"
WARN [06-01|09:45:12.681] Snapshot generation is not permitted
INFO [06-01|09:45:12.902] Submitted transaction                    hash=0xecc01331705d1a0d3040ee5762cb2b0f28cc62febf6e553ef1dd73a4c7989ff9 from=0x624d8bdaFB2db8A10150e967FeCea47586c1adA5 nonce=1   recipient=0xf39Fd6e51aad88F6F4ce6aB8827279cffFb92266 value=790,080
INFO [06-01|09:45:13.661] Starting work on payload                 id=0x03064a39f7f311fa
INFO [06-01|09:45:13.678] Updated payload                          id=0x03064a39f7f311fa number=2635 hash=12a131..dc2729 txs=1 withdrawals=0 gas=21000     fees=2.1e-14      root=1b019a..90b06f elapsed=17.475ms
INFO [06-01|09:45:13.678] Stopping work on payload                 id=0x03064a39f7f311fa reason=delivery
INFO [06-01|09:45:13.688] Paused snapshot generation
WARN [06-01|09:45:13.688] {"level":"warn","msg":"Slow block","block":{"number":2635,"hash":"0x12a131b93343ed12dc66d57522eb193e70e234c10dcb8fa3b6c4c5074fdc2729","gas_used":21000,"tx_count":1},"timing":{"execution_ms":0.089952,"state_read_ms":3.438343,"state_hash_ms":4.156953,"commit_ms":0.580433,"total_ms":9.671479},"throughput":{"mgas_per_sec":2.17133284371501},"state_reads":{"accounts":6,"storage_slots":0,"code":0,"code_bytes":0},"state_writes":{"accounts":2,"accounts_deleted":0,"storage_slots":0,"storage_slots_deleted":0,"code":0,"code_bytes":0},"cache":{"account":{"hits":2,"misses":4,"hit_rate":33.33333333333333},"storage":{"hits":0,"misses":0,"hit_rate":0},"code":{"hits":0,"misses":0,"hit_rate":0,"hit_bytes":0,"miss_bytes":0}}}
INFO [06-01|09:45:13.688] Imported new potential chain segment     number=2635 hash=12a131..dc2729 blocks=1 txs=1 mgas=0.021 elapsed=9.855ms     mgasps=2.131   triediffs=2.30MiB triedirty=0.00B
INFO [06-01|09:45:13.689] Chain head was updated                   number=2635 hash=12a131..dc2729 root=1b019a..90b06f elapsed="60.206µs"
WARN [06-01|09:45:13.707] Snapshot generation is not permitted
