WARN [06-01|09:33:38.334] Unknown config environment variable      envvar=GETH_PBT_BIN
WARN [06-01|09:33:38.334] Unknown config environment variable      envvar=GETH_UBT_BIN
INFO [06-01|09:33:38.343] Starting Geth on Ethereum mainnet...
INFO [06-01|09:33:38.345] Maximum peer count                       ETH=0 total=0
INFO [06-01|09:33:38.346] Smartcard socket not found, disabling    err="stat /run/pcscd/pcscd.comm: no such file or directory"
WARN [06-01|09:33:38.351] Option --miner.etherbase is deprecated as the etherbase is set by the consensus client post-merge
WARN [06-01|09:33:38.353] Snap sync requested, resetting --cache.snapshot
INFO [06-01|09:33:38.354] Set global gas cap                       cap=50,000,000
INFO [06-01|09:33:39.134] Using developer account                  address=0xf39Fd6e51aad88F6F4ce6aB8827279cffFb92266
INFO [06-01|09:33:39.170] Using pebble as the backing database
INFO [06-01|09:33:39.170] Allocated cache and file handles         database=/mnt/state_expiry_vol_data/ubt-vs-pbt-dbs/pbt/geth/chaindata cache=16.00MiB handles=262,144
INFO [06-01|09:33:39.373] Opened ancient database                  database=/mnt/state_expiry_vol_data/ubt-vs-pbt-dbs/pbt/geth/chaindata/ancient/chain readonly=true
INFO [06-01|09:33:39.373] Opened Era store                         datadir=/mnt/state_expiry_vol_data/ubt-vs-pbt-dbs/pbt/geth/chaindata/ancient/chain/era
INFO [06-01|09:33:39.381] Initializing the KZG library             backend=gokzg
INFO [06-01|09:33:39.382] Allocated trie memory caches             clean=0.00B dirty=0.00B
INFO [06-01|09:33:39.390] Using pebble as the backing database
INFO [06-01|09:33:39.390] Allocated cache and file handles         database=/mnt/state_expiry_vol_data/ubt-vs-pbt-dbs/pbt/geth/chaindata cache=16.00MiB handles=262,144
INFO [06-01|09:33:39.560] Opened ancient database                  database=/mnt/state_expiry_vol_data/ubt-vs-pbt-dbs/pbt/geth/chaindata/ancient/chain readonly=false
INFO [06-01|09:33:39.560] Opened Era store                         datadir=/mnt/state_expiry_vol_data/ubt-vs-pbt-dbs/pbt/geth/chaindata/ancient/chain/era
INFO [06-01|09:33:39.565] State scheme set to already existing     scheme=path
INFO [06-01|09:33:39.566] Initialising Ethereum protocol           network=1337 dbversion=9
INFO [06-01|09:33:39.566] Load database journal from file          path=/mnt/state_expiry_vol_data/ubt-vs-pbt-dbs/pbt/geth/triedb/verkle.journal
INFO [06-01|09:33:39.621] Opened ancient database                  database=/mnt/state_expiry_vol_data/ubt-vs-pbt-dbs/pbt/geth/chaindata/ancient/state_verkle readonly=false
INFO [06-01|09:33:39.623] State snapshot generator is not compatible
INFO [06-01|09:33:39.623] Initialized path database                triecache=0.00B statecache=0.00B buffer=0.00B state-history="last 90000 blocks" journal-dir=/mnt/state_expiry_vol_data/ubt-vs-pbt-dbs/pbt/geth/triedb verkle=true
INFO [06-01|09:33:39.623] 
INFO [06-01|09:33:39.623] ---------------------------------------------------------------------------------------------------------------------------------------------------------
INFO [06-01|09:33:39.623] Chain ID:  1337 (unknown)
INFO [06-01|09:33:39.623] Consensus: unknown
INFO [06-01|09:33:39.623] 
INFO [06-01|09:33:39.624] Pre-Merge hard forks (block based):
INFO [06-01|09:33:39.624]  - Homestead:                   #0       
INFO [06-01|09:33:39.624]  - Tangerine Whistle (EIP 150): #0       
INFO [06-01|09:33:39.624]  - Spurious Dragon/1 (EIP 155): #0       
INFO [06-01|09:33:39.624]  - Spurious Dragon/2 (EIP 158): #0       
INFO [06-01|09:33:39.624]  - Byzantium:                   #0       
INFO [06-01|09:33:39.624]  - Constantinople:              #0       
INFO [06-01|09:33:39.624]  - Petersburg:                  #0       
INFO [06-01|09:33:39.624]  - Istanbul:                    #0       
INFO [06-01|09:33:39.624]  - Berlin:                      #0       
INFO [06-01|09:33:39.624]  - London:                      #0       
INFO [06-01|09:33:39.624]  - Arrow Glacier:               #0       
INFO [06-01|09:33:39.624]  - Gray Glacier:                #0       
INFO [06-01|09:33:39.624] 
INFO [06-01|09:33:39.624] Merge configured:
INFO [06-01|09:33:39.624]  - Total terminal difficulty:  0
INFO [06-01|09:33:39.624]  - Merge netsplit block:       #0       
INFO [06-01|09:33:39.624] 
INFO [06-01|09:33:39.624] Post-Merge hard forks (timestamp based):
INFO [06-01|09:33:39.624]  - Shanghai:                    @0         
INFO [06-01|09:33:39.624]  - Cancun:                      @0          blob: (target: 3, max: 6, fraction: 3338477)
INFO [06-01|09:33:39.624]  - Prague:                      @0          blob: (target: 6, max: 9, fraction: 5007716)
INFO [06-01|09:33:39.624]  - Osaka:                       @0          blob: (target: 6, max: 9, fraction: 5007716)
INFO [06-01|09:33:39.624]  - UBT:                         @0          blob: (nil)
INFO [06-01|09:33:39.624] 
INFO [06-01|09:33:39.624] All fork specifications can be found at https://ethereum.github.io/execution-specs/src/ethereum/forks/
INFO [06-01|09:33:39.624] 
INFO [06-01|09:33:39.624] ---------------------------------------------------------------------------------------------------------------------------------------------------------
INFO [06-01|09:33:39.624] 
INFO [06-01|09:33:39.626] Loaded most recent local block           number=2192 hash=ed74da..8e9003 age=3s
INFO [06-01|09:33:39.626] Loaded most recent local finalized block number=2176 hash=7c80df..d28eb1 age=26s
INFO [06-01|09:33:39.627] Initialized transaction indexer          range="last 2350000 blocks"
INFO [06-01|09:33:39.627] Initialized log indexer                  firstblock=0 lastblock=2192 firstmap=0 lastmap=0 headindexed=true
INFO [06-01|09:33:39.666] Enabled full-sync                        head=2192 hash=ed74da..8e9003
INFO [06-01|09:33:39.666] Unprotected transactions allowed
INFO [06-01|09:33:39.666] Gasprice oracle is ignoring threshold set threshold=2
INFO [06-01|09:33:39.667] Registered sync override service
WARN [06-01|09:33:39.667] You are running Geth in --dev mode. Please note the following:
WARN [06-01|09:33:39.667] 
WARN [06-01|09:33:39.667]   1. This mode is only intended for fast, iterative development without assumptions on
WARN [06-01|09:33:39.667]      security or persistence.
WARN [06-01|09:33:39.667]   2. The database is created in memory unless specified otherwise. Therefore, shutting down
WARN [06-01|09:33:39.667]      your computer or losing power will wipe your entire block data and chain state for
WARN [06-01|09:33:39.667]      your dev environment.
WARN [06-01|09:33:39.667]   3. A random, pre-allocated developer account will be available and unlocked as
WARN [06-01|09:33:39.667]      eth.coinbase, which can be used for testing. The random dev account is temporary,
WARN [06-01|09:33:39.667]      stored on a ramdisk, and will be lost if your machine is restarted.
WARN [06-01|09:33:39.667]   4. Mining is enabled by default. However, the client will only seal blocks if transactions
WARN [06-01|09:33:39.667]      are pending in the mempool. The miner's minimum accepted gas price is 1.
WARN [06-01|09:33:39.667]   5. Networking is disabled; there is no listen-address, the maximum number of peers is set
WARN [06-01|09:33:39.667]      to 0, and discovery is disabled.
WARN [06-01|09:33:39.667] 
INFO [06-01|09:33:39.667] Starting peer-to-peer node               instance=Geth/v1.17.3-unstable/linux-amd64/go1.24.9
WARN [06-01|09:33:39.667] P2P server will be useless, neither dialing nor listening
INFO [06-01|09:33:39.693] IPC endpoint opened                      url=/mnt/state_expiry_vol_data/ubt-vs-pbt-dbs/pbt/geth.ipc
ERROR[06-01|09:33:39.693] Unavailable modules in HTTP API list     unavailable=[personal] available="[admin debug web3 eth txpool miner net dev testing]"
INFO [06-01|09:33:39.693] New local node record                    seq=1,780,292,694,501 id=972c5cc0b2a1895c ip=127.0.0.1 udp=0 tcp=0
INFO [06-01|09:33:39.693] Started P2P networking                   self=enode://16ec6c0bde109d66472afe00ec8fee3d30718d830d1acf0829842abca89b82afff8a454636cde3b26d700f98647938c6f23e7bee3027caca0d7f19e4b3725e13@127.0.0.1:0
INFO [06-01|09:33:39.693] HTTP server started                      endpoint=127.0.0.1:8545 auth=false prefix= cors= vhosts=localhost
INFO [06-01|09:33:39.694] WebSocket enabled                        url=ws://127.0.0.1:8546
INFO [06-01|09:33:39.870] Loaded local transaction journal         transactions=1781 dropped=0
INFO [06-01|09:33:40.723] Started log indexer
INFO [06-01|09:33:40.759] Starting work on payload                 id=0x03ff08a23b294a9b
INFO [06-01|09:33:40.764] Updated payload                          id=0x03ff08a23b294a9b number=2193 hash=9cc503..755701 txs=0 withdrawals=0 gas=0 fees=0 root=7b55c5..5b6736 elapsed=4.500ms
INFO [06-01|09:33:40.764] Stopping work on payload                 id=0x03ff08a23b294a9b reason=delivery
WARN [06-01|09:33:40.768] {"level":"warn","msg":"Slow block","block":{"number":2193,"hash":"0x9cc503648bdd505d12220fad4842fbb9e172abc6779bca16d17886f8df755701","gas_used":0,"tx_count":0},"timing":{"execution_ms":0.034147,"state_read_ms":3.373286,"state_hash_ms":0.001706,"commit_ms":0.140899,"total_ms":3.713377},"throughput":{"mgas_per_sec":0},"state_reads":{"accounts":4,"storage_slots":0,"code":0,"code_bytes":0},"state_writes":{"accounts":0,"accounts_deleted":0,"storage_slots":0,"storage_slots_deleted":0,"code":0,"code_bytes":0},"cache":{"account":{"hits":0,"misses":4,"hit_rate":0},"storage":{"hits":0,"misses":0,"hit_rate":0},"code":{"hits":0,"misses":0,"hit_rate":0,"hit_bytes":0,"miss_bytes":0}}}
INFO [06-01|09:33:40.768] Imported new potential chain segment     number=2193 hash=9cc503..755701 blocks=1 txs=0 mgas=0.000 elapsed=4.018ms mgasps=0.000 triediffs=1.59MiB triedirty=0.00B
INFO [06-01|09:33:40.768] Chain head was updated                   number=2193 hash=9cc503..755701 root=7b55c5..5b6736 elapsed="56.457µs"
INFO [06-01|09:33:41.777] Starting work on payload                 id=0x03e46a0355b9c30d
INFO [06-01|09:33:41.788] Updated payload                          id=0x03e46a0355b9c30d number=2194 hash=9cda1a..8e2b82 txs=0 withdrawals=0 gas=0 fees=0 root=7b55c5..5b6736 elapsed=10.872ms
INFO [06-01|09:33:41.788] Stopping work on payload                 id=0x03e46a0355b9c30d reason=delivery
WARN [06-01|09:33:41.792] {"level":"warn","msg":"Slow block","block":{"number":2194,"hash":"0x9cda1a719aa603d35d1e2ac4f9dacbaca9c8d91ee9a1bf801343dc8f058e2b82","gas_used":0,"tx_count":0},"timing":{"execution_ms":0.764964,"state_read_ms":3.304417,"state_hash_ms":0.002455,"commit_ms":0.165839,"total_ms":4.526548},"throughput":{"mgas_per_sec":0},"state_reads":{"accounts":4,"storage_slots":0,"code":0,"code_bytes":0},"state_writes":{"accounts":0,"accounts_deleted":0,"storage_slots":0,"storage_slots_deleted":0,"code":0,"code_bytes":0},"cache":{"account":{"hits":0,"misses":4,"hit_rate":0},"storage":{"hits":0,"misses":0,"hit_rate":0},"code":{"hits":0,"misses":0,"hit_rate":0,"hit_bytes":0,"miss_bytes":0}}}
INFO [06-01|09:33:41.792] Imported new potential chain segment     number=2194 hash=9cda1a..8e2b82 blocks=1 txs=0 mgas=0.000 elapsed=4.731ms    mgasps=0.000 triediffs=1.59MiB triedirty=0.00B
INFO [06-01|09:33:41.793] Chain head was updated                   number=2194 hash=9cda1a..8e2b82 root=7b55c5..5b6736 elapsed="53.001µs"
INFO [06-01|09:33:42.803] Starting work on payload                 id=0x037d716f9c76a048
INFO [06-01|09:33:42.809] Updated payload                          id=0x037d716f9c76a048 number=2195 hash=0a0c0f..24f5eb txs=0 withdrawals=0 gas=0 fees=0 root=7b55c5..5b6736 elapsed=5.223ms
INFO [06-01|09:33:42.809] Stopping work on payload                 id=0x037d716f9c76a048 reason=delivery
WARN [06-01|09:33:42.824] {"level":"warn","msg":"Slow block","block":{"number":2195,"hash":"0x0a0c0f647e6069fcbff4af001c6f6bd0faf935320e3c25acfc9633b79c24f5eb","gas_used":0,"tx_count":0},"timing":{"execution_ms":0.022763,"state_read_ms":14.675991,"state_hash_ms":0.002382,"commit_ms":0.133302,"total_ms":14.959694},"throughput":{"mgas_per_sec":0},"state_reads":{"accounts":4,"storage_slots":0,"code":0,"code_bytes":0},"state_writes":{"accounts":0,"accounts_deleted":0,"storage_slots":0,"storage_slots_deleted":0,"code":0,"code_bytes":0},"cache":{"account":{"hits":0,"misses":4,"hit_rate":0},"storage":{"hits":0,"misses":0,"hit_rate":0},"code":{"hits":0,"misses":0,"hit_rate":0,"hit_bytes":0,"miss_bytes":0}}}
INFO [06-01|09:33:42.824] Imported new potential chain segment     number=2195 hash=0a0c0f..24f5eb blocks=1 txs=0 mgas=0.000 elapsed=15.116ms   mgasps=0.000 triediffs=1.59MiB triedirty=0.00B
INFO [06-01|09:33:42.824] Chain head was updated                   number=2195 hash=0a0c0f..24f5eb root=7b55c5..5b6736 elapsed="54.354µs"
INFO [06-01|09:33:43.117] Submitted contract creation              hash=0x6d13fe55dba80fa1e7bdfef95097ca8b4afc4647085f8ae890d7eaf6dde75a26 from=0xf39Fd6e51aad88F6F4ce6aB8827279cffFb92266 nonce=635 contract=0xBe6Eb4ACB499f992ba2DaC7CAD59d56DA9e0D823 value=0
INFO [06-01|09:33:43.117] Submitted transaction                    hash=0x79c9d7f28690a447c4cf2282d3bf4cb9546fb5a7261c8cc5495c3ba9ecfcced8 from=0xf39Fd6e51aad88F6F4ce6aB8827279cffFb92266 nonce=636 recipient=0xD8695e7360a3A009aF0C83a204Bf8e0e3af72569 value=78,000,000
INFO [06-01|09:33:43.828] Starting work on payload                 id=0x038de0a66b4bcc45
INFO [06-01|09:33:43.869] Updated payload                          id=0x038de0a66b4bcc45 number=2196 hash=69dcc1..05d8e2 txs=2 withdrawals=0 gas=86852 fees=5.21112e-13 root=6907c1..e87aff elapsed=41.043ms
INFO [06-01|09:33:43.869] Stopping work on payload                 id=0x038de0a66b4bcc45 reason=delivery
INFO [06-01|09:33:43.894] Paused snapshot generation
WARN [06-01|09:33:43.894] {"level":"warn","msg":"Slow block","block":{"number":2196,"hash":"0x69dcc13856df26133d31b4f3cb954a62c38bc8e9cca6edc5f3102894f505d8e2","gas_used":86852,"tx_count":2},"timing":{"execution_ms":0.134146,"state_read_ms":13.446515,"state_hash_ms":5.989971,"commit_ms":4.641174,"total_ms":24.406529},"throughput":{"mgas_per_sec":3.5585559913087192},"state_reads":{"accounts":11,"storage_slots":0,"code":0,"code_bytes":0},"state_writes":{"accounts":3,"accounts_deleted":0,"storage_slots":0,"storage_slots_deleted":0,"code":1,"code_bytes":157},"cache":{"account":{"hits":5,"misses":6,"hit_rate":45.45454545454545},"storage":{"hits":0,"misses":0,"hit_rate":0},"code":{"hits":0,"misses":0,"hit_rate":0,"hit_bytes":0,"miss_bytes":0}}}
INFO [06-01|09:33:43.894] Imported new potential chain segment     number=2196 hash=69dcc1..05d8e2 blocks=1 txs=2 mgas=0.087 elapsed=24.618ms   mgasps=3.528 triediffs=1.56MiB triedirty=0.00B
INFO [06-01|09:33:43.894] Chain head was updated                   number=2196 hash=69dcc1..05d8e2 root=6907c1..e87aff elapsed="196.877µs"
WARN [06-01|09:33:43.917] Snapshot generation is not permitted
INFO [06-01|09:33:44.130] Submitted transaction                    hash=0xd7d4c3c743f59ce26ea11fccaf87ec36d84319b0257fcd6a9d0318739f2e343b from=0xD8695e7360a3A009aF0C83a204Bf8e0e3af72569 nonce=0   recipient=0xBe6Eb4ACB499f992ba2DaC7CAD59d56DA9e0D823 value=0
INFO [06-01|09:33:44.899] Starting work on payload                 id=0x030a3c173b7342ed
INFO [06-01|09:33:45.040] Updated payload                          id=0x030a3c173b7342ed number=2197 hash=22a48c..b6b365 txs=1 withdrawals=0 gas=5,900,128 fees=3.5400768e-11 root=bed195..93b08f elapsed=140.833ms
INFO [06-01|09:33:45.040] Stopping work on payload                 id=0x030a3c173b7342ed reason=delivery
INFO [06-01|09:33:45.179] Paused snapshot generation
WARN [06-01|09:33:45.179] {"level":"warn","msg":"Slow block","block":{"number":2197,"hash":"0x22a48c91c0363373d92e9bfd54e6c69adef4b8dad8e1d01d8e5d9923ecb6b365","gas_used":5900128,"tx_count":1},"timing":{"execution_ms":117.147497,"state_read_ms":17.689716,"state_hash_ms":3.058531,"commit_ms":0.880633,"total_ms":139.137941},"throughput":{"mgas_per_sec":42.40488221684982},"state_reads":{"accounts":17,"storage_slots":258,"code":11,"code_bytes":437},"state_writes":{"accounts":2,"accounts_deleted":0,"storage_slots":0,"storage_slots_deleted":0,"code":0,"code_bytes":0},"cache":{"account":{"hits":8,"misses":9,"hit_rate":47.05882352941176},"storage":{"hits":69,"misses":189,"hit_rate":26.744186046511626},"code":{"hits":11,"misses":0,"hit_rate":100,"hit_bytes":437,"miss_bytes":0}}}
INFO [06-01|09:33:45.179] Imported new potential chain segment     number=2197 hash=22a48c..b6b365 blocks=1 txs=1 mgas=5.900 elapsed=139.321ms   mgasps=42.349 triediffs=1.56MiB triedirty=0.00B
INFO [06-01|09:33:45.180] Chain head was updated                   number=2197 hash=22a48c..b6b365 root=bed195..93b08f elapsed="97.01µs"
WARN [06-01|09:33:45.204] Snapshot generation is not permitted
INFO [06-01|09:33:46.146] Submitted transaction                    hash=0xb9bec422a9a89039fac69a62a4f93dfa9c5af5e19d1ffef19842c0c40946ce5c from=0xD8695e7360a3A009aF0C83a204Bf8e0e3af72569 nonce=1   recipient=0xf39Fd6e51aad88F6F4ce6aB8827279cffFb92266 value=1,046,336
INFO [06-01|09:33:46.194] Starting work on payload                 id=0x032b2d2c74d6de3e
INFO [06-01|09:33:46.199] Updated payload                          id=0x032b2d2c74d6de3e number=2198 hash=a2b701..044a32 txs=1 withdrawals=0 gas=21000     fees=2.1e-14       root=b94f23..3f7ed7 elapsed=5.437ms
INFO [06-01|09:33:46.200] Stopping work on payload                 id=0x032b2d2c74d6de3e reason=delivery
INFO [06-01|09:33:46.222] Paused snapshot generation
WARN [06-01|09:33:46.222] {"level":"warn","msg":"Slow block","block":{"number":2198,"hash":"0xa2b701cfed86d3662a93232dce52a1fe2f712762f3132702c2517b5502044a32","gas_used":21000,"tx_count":1},"timing":{"execution_ms":0.063696,"state_read_ms":18.811127,"state_hash_ms":2.235609,"commit_ms":0.585934,"total_ms":22.667776},"throughput":{"mgas_per_sec":0.9264252478937501},"state_reads":{"accounts":6,"storage_slots":0,"code":0,"code_bytes":0},"state_writes":{"accounts":2,"accounts_deleted":0,"storage_slots":0,"storage_slots_deleted":0,"code":0,"code_bytes":0},"cache":{"account":{"hits":2,"misses":4,"hit_rate":33.33333333333333},"storage":{"hits":0,"misses":0,"hit_rate":0},"code":{"hits":0,"misses":0,"hit_rate":0,"hit_bytes":0,"miss_bytes":0}}}
INFO [06-01|09:33:46.222] Imported new potential chain segment     number=2198 hash=a2b701..044a32 blocks=1 txs=1 mgas=0.021 elapsed=22.780ms    mgasps=0.922  triediffs=1.56MiB triedirty=0.00B
INFO [06-01|09:33:46.223] Chain head was updated                   number=2198 hash=a2b701..044a32 root=b94f23..3f7ed7 elapsed="41.47µs"
WARN [06-01|09:33:46.243] Snapshot generation is not permitted
INFO [06-01|09:33:47.227] Starting work on payload                 id=0x0303083a374ac5fd
INFO [06-01|09:33:47.230] Updated payload                          id=0x0303083a374ac5fd number=2199 hash=b5cea0..6b7df8 txs=0 withdrawals=0 gas=0         fees=0             root=b94f23..3f7ed7 elapsed=2.951ms
INFO [06-01|09:33:47.230] Stopping work on payload                 id=0x0303083a374ac5fd reason=delivery
WARN [06-01|09:33:47.233] {"level":"warn","msg":"Slow block","block":{"number":2199,"hash":"0xb5cea051cf565bcfdfb5b041278b1931865373ca4d9fdde2836139b82e6b7df8","gas_used":0,"tx_count":0},"timing":{"execution_ms":0.027974,"state_read_ms":2.521257,"state_hash_ms":0.001644,"commit_ms":0.112323,"total_ms":2.842698},"throughput":{"mgas_per_sec":0},"state_reads":{"accounts":4,"storage_slots":0,"code":0,"code_bytes":0},"state_writes":{"accounts":0,"accounts_deleted":0,"storage_slots":0,"storage_slots_deleted":0,"code":0,"code_bytes":0},"cache":{"account":{"hits":0,"misses":4,"hit_rate":0},"storage":{"hits":0,"misses":0,"hit_rate":0},"code":{"hits":0,"misses":0,"hit_rate":0,"hit_bytes":0,"miss_bytes":0}}}
INFO [06-01|09:33:47.233] Imported new potential chain segment     number=2199 hash=b5cea0..6b7df8 blocks=1 txs=0 mgas=0.000 elapsed=2.967ms     mgasps=0.000  triediffs=1.56MiB triedirty=0.00B
INFO [06-01|09:33:47.233] Chain head was updated                   number=2199 hash=b5cea0..6b7df8 root=b94f23..3f7ed7 elapsed="40.498µs"
