WARN [06-01|10:00:02.675] Unknown config environment variable      envvar=GETH_PBT_BIN
WARN [06-01|10:00:02.675] Unknown config environment variable      envvar=GETH_UBT_BIN
INFO [06-01|10:00:02.686] Starting Geth on Ethereum mainnet...
INFO [06-01|10:00:02.688] Maximum peer count                       ETH=0 total=0
INFO [06-01|10:00:02.689] Smartcard socket not found, disabling    err="stat /run/pcscd/pcscd.comm: no such file or directory"
WARN [06-01|10:00:02.694] Option --miner.etherbase is deprecated as the etherbase is set by the consensus client post-merge
WARN [06-01|10:00:02.696] Snap sync requested, resetting --cache.snapshot
INFO [06-01|10:00:02.696] Set global gas cap                       cap=50,000,000
INFO [06-01|10:00:03.494] Using developer account                  address=0xf39Fd6e51aad88F6F4ce6aB8827279cffFb92266
INFO [06-01|10:00:03.531] Using pebble as the backing database
INFO [06-01|10:00:03.531] Allocated cache and file handles         database=/mnt/state_expiry_vol_data/ubt-vs-pbt-dbs/pbt/geth/chaindata cache=16.00MiB handles=262,144
INFO [06-01|10:00:03.739] Opened ancient database                  database=/mnt/state_expiry_vol_data/ubt-vs-pbt-dbs/pbt/geth/chaindata/ancient/chain readonly=true
INFO [06-01|10:00:03.739] Opened Era store                         datadir=/mnt/state_expiry_vol_data/ubt-vs-pbt-dbs/pbt/geth/chaindata/ancient/chain/era
INFO [06-01|10:00:03.746] Initializing the KZG library             backend=gokzg
INFO [06-01|10:00:03.747] Allocated trie memory caches             clean=0.00B dirty=0.00B
INFO [06-01|10:00:03.756] Using pebble as the backing database
INFO [06-01|10:00:03.756] Allocated cache and file handles         database=/mnt/state_expiry_vol_data/ubt-vs-pbt-dbs/pbt/geth/chaindata cache=16.00MiB handles=262,144
INFO [06-01|10:00:03.942] Opened ancient database                  database=/mnt/state_expiry_vol_data/ubt-vs-pbt-dbs/pbt/geth/chaindata/ancient/chain readonly=false
INFO [06-01|10:00:03.942] Opened Era store                         datadir=/mnt/state_expiry_vol_data/ubt-vs-pbt-dbs/pbt/geth/chaindata/ancient/chain/era
INFO [06-01|10:00:03.947] State scheme set to already existing     scheme=path
INFO [06-01|10:00:03.947] Initialising Ethereum protocol           network=1337 dbversion=9
INFO [06-01|10:00:03.947] Load database journal from file          path=/mnt/state_expiry_vol_data/ubt-vs-pbt-dbs/pbt/geth/triedb/verkle.journal
INFO [06-01|10:00:04.002] Opened ancient database                  database=/mnt/state_expiry_vol_data/ubt-vs-pbt-dbs/pbt/geth/chaindata/ancient/state_verkle readonly=false
INFO [06-01|10:00:04.004] State snapshot generator is not compatible
INFO [06-01|10:00:04.004] Initialized path database                triecache=0.00B statecache=0.00B buffer=0.00B state-history="last 90000 blocks" journal-dir=/mnt/state_expiry_vol_data/ubt-vs-pbt-dbs/pbt/geth/triedb verkle=true
INFO [06-01|10:00:04.004] 
INFO [06-01|10:00:04.004] ---------------------------------------------------------------------------------------------------------------------------------------------------------
INFO [06-01|10:00:04.004] Chain ID:  1337 (unknown)
INFO [06-01|10:00:04.004] Consensus: unknown
INFO [06-01|10:00:04.004] 
INFO [06-01|10:00:04.004] Pre-Merge hard forks (block based):
INFO [06-01|10:00:04.004]  - Homestead:                   #0       
INFO [06-01|10:00:04.004]  - Tangerine Whistle (EIP 150): #0       
INFO [06-01|10:00:04.004]  - Spurious Dragon/1 (EIP 155): #0       
INFO [06-01|10:00:04.004]  - Spurious Dragon/2 (EIP 158): #0       
INFO [06-01|10:00:04.004]  - Byzantium:                   #0       
INFO [06-01|10:00:04.004]  - Constantinople:              #0       
INFO [06-01|10:00:04.004]  - Petersburg:                  #0       
INFO [06-01|10:00:04.004]  - Istanbul:                    #0       
INFO [06-01|10:00:04.004]  - Berlin:                      #0       
INFO [06-01|10:00:04.004]  - London:                      #0       
INFO [06-01|10:00:04.004]  - Arrow Glacier:               #0       
INFO [06-01|10:00:04.004]  - Gray Glacier:                #0       
INFO [06-01|10:00:04.004] 
INFO [06-01|10:00:04.004] Merge configured:
INFO [06-01|10:00:04.004]  - Total terminal difficulty:  0
INFO [06-01|10:00:04.004]  - Merge netsplit block:       #0       
INFO [06-01|10:00:04.004] 
INFO [06-01|10:00:04.004] Post-Merge hard forks (timestamp based):
INFO [06-01|10:00:04.004]  - Shanghai:                    @0         
INFO [06-01|10:00:04.004]  - Cancun:                      @0          blob: (target: 3, max: 6, fraction: 3338477)
INFO [06-01|10:00:04.004]  - Prague:                      @0          blob: (target: 6, max: 9, fraction: 5007716)
INFO [06-01|10:00:04.004]  - Osaka:                       @0          blob: (target: 6, max: 9, fraction: 5007716)
INFO [06-01|10:00:04.004]  - UBT:                         @0          blob: (nil)
INFO [06-01|10:00:04.004] 
INFO [06-01|10:00:04.004] All fork specifications can be found at https://ethereum.github.io/execution-specs/src/ethereum/forks/
INFO [06-01|10:00:04.004] 
INFO [06-01|10:00:04.004] ---------------------------------------------------------------------------------------------------------------------------------------------------------
INFO [06-01|10:00:04.004] 
INFO [06-01|10:00:04.006] Loaded most recent local block           number=3194 hash=4ca28c..8169a3 age=4s
INFO [06-01|10:00:04.006] Loaded most recent local finalized block number=3168 hash=9629a5..bef842 age=44s
INFO [06-01|10:00:04.007] Initialized transaction indexer          range="last 2350000 blocks"
INFO [06-01|10:00:04.007] Initialized log indexer                  firstblock=0 lastblock=3194 firstmap=0 lastmap=0 headindexed=true
INFO [06-01|10:00:04.042] Enabled full-sync                        head=3194 hash=4ca28c..8169a3
INFO [06-01|10:00:04.042] Unprotected transactions allowed
INFO [06-01|10:00:04.042] Gasprice oracle is ignoring threshold set threshold=2
INFO [06-01|10:00:04.043] Registered sync override service
WARN [06-01|10:00:04.043] You are running Geth in --dev mode. Please note the following:
WARN [06-01|10:00:04.043] 
WARN [06-01|10:00:04.043]   1. This mode is only intended for fast, iterative development without assumptions on
WARN [06-01|10:00:04.043]      security or persistence.
WARN [06-01|10:00:04.043]   2. The database is created in memory unless specified otherwise. Therefore, shutting down
WARN [06-01|10:00:04.043]      your computer or losing power will wipe your entire block data and chain state for
WARN [06-01|10:00:04.043]      your dev environment.
WARN [06-01|10:00:04.043]   3. A random, pre-allocated developer account will be available and unlocked as
WARN [06-01|10:00:04.043]      eth.coinbase, which can be used for testing. The random dev account is temporary,
WARN [06-01|10:00:04.043]      stored on a ramdisk, and will be lost if your machine is restarted.
WARN [06-01|10:00:04.043]   4. Mining is enabled by default. However, the client will only seal blocks if transactions
WARN [06-01|10:00:04.043]      are pending in the mempool. The miner's minimum accepted gas price is 1.
WARN [06-01|10:00:04.043]   5. Networking is disabled; there is no listen-address, the maximum number of peers is set
WARN [06-01|10:00:04.043]      to 0, and discovery is disabled.
WARN [06-01|10:00:04.043] 
INFO [06-01|10:00:04.043] Starting peer-to-peer node               instance=Geth/v1.17.3-unstable/linux-amd64/go1.24.9
WARN [06-01|10:00:04.043] P2P server will be useless, neither dialing nor listening
INFO [06-01|10:00:04.069] IPC endpoint opened                      url=/mnt/state_expiry_vol_data/ubt-vs-pbt-dbs/pbt/geth.ipc
ERROR[06-01|10:00:04.069] Unavailable modules in HTTP API list     unavailable=[personal] available="[admin debug web3 eth txpool miner net dev testing]"
INFO [06-01|10:00:04.069] New local node record                    seq=1,780,292,694,662 id=972c5cc0b2a1895c ip=127.0.0.1 udp=0 tcp=0
INFO [06-01|10:00:04.069] Started P2P networking                   self=enode://16ec6c0bde109d66472afe00ec8fee3d30718d830d1acf0829842abca89b82afff8a454636cde3b26d700f98647938c6f23e7bee3027caca0d7f19e4b3725e13@127.0.0.1:0
INFO [06-01|10:00:04.069] HTTP server started                      endpoint=127.0.0.1:8545 auth=false prefix= cors= vhosts=localhost
INFO [06-01|10:00:04.069] WebSocket enabled                        url=ws://127.0.0.1:8546
INFO [06-01|10:00:04.315] Loaded local transaction journal         transactions=2425 dropped=0
INFO [06-01|10:00:05.084] Started log indexer
INFO [06-01|10:00:05.123] Starting work on payload                 id=0x03c1356a3da900ff
INFO [06-01|10:00:05.127] Updated payload                          id=0x03c1356a3da900ff number=3195 hash=5e0e4a..fca0ac txs=0 withdrawals=0 gas=0 fees=0 root=b7131c..6552e2 elapsed=4.539ms
INFO [06-01|10:00:05.128] Stopping work on payload                 id=0x03c1356a3da900ff reason=delivery
WARN [06-01|10:00:05.132] {"level":"warn","msg":"Slow block","block":{"number":3195,"hash":"0x5e0e4ae00122c109816e6b97065032c691aac012187ab29da6274ce48efca0ac","gas_used":0,"tx_count":0},"timing":{"execution_ms":0.055967,"state_read_ms":3.397369,"state_hash_ms":0.002183,"commit_ms":0.37286,"total_ms":4.110753},"throughput":{"mgas_per_sec":0},"state_reads":{"accounts":4,"storage_slots":0,"code":0,"code_bytes":0},"state_writes":{"accounts":0,"accounts_deleted":0,"storage_slots":0,"storage_slots_deleted":0,"code":0,"code_bytes":0},"cache":{"account":{"hits":0,"misses":4,"hit_rate":0},"storage":{"hits":0,"misses":0,"hit_rate":0},"code":{"hits":0,"misses":0,"hit_rate":0,"hit_bytes":0,"miss_bytes":0}}}
INFO [06-01|10:00:05.132] Imported new potential chain segment     number=3195 hash=5e0e4a..fca0ac blocks=1 txs=0 mgas=0.000 elapsed=4.481ms mgasps=0.000 triediffs=1.47MiB triedirty=0.00B
INFO [06-01|10:00:05.132] Chain head was updated                   number=3195 hash=5e0e4a..fca0ac root=b7131c..6552e2 elapsed="70.681µs"
INFO [06-01|10:00:06.147] Starting work on payload                 id=0x0384c936c7a503f3
INFO [06-01|10:00:06.150] Updated payload                          id=0x0384c936c7a503f3 number=3196 hash=701fbd..3d4b79 txs=0 withdrawals=0 gas=0 fees=0 root=b7131c..6552e2 elapsed=3.219ms
INFO [06-01|10:00:06.150] Stopping work on payload                 id=0x0384c936c7a503f3 reason=delivery
WARN [06-01|10:00:06.153] {"level":"warn","msg":"Slow block","block":{"number":3196,"hash":"0x701fbd4aefa7f9c2273c09b11711635930466f1e8f11852edde7d3eee73d4b79","gas_used":0,"tx_count":0},"timing":{"execution_ms":0.039098,"state_read_ms":2.728833,"state_hash_ms":0.001121,"commit_ms":0.12606,"total_ms":3.019574},"throughput":{"mgas_per_sec":0},"state_reads":{"accounts":4,"storage_slots":0,"code":0,"code_bytes":0},"state_writes":{"accounts":0,"accounts_deleted":0,"storage_slots":0,"storage_slots_deleted":0,"code":0,"code_bytes":0},"cache":{"account":{"hits":0,"misses":4,"hit_rate":0},"storage":{"hits":0,"misses":0,"hit_rate":0},"code":{"hits":0,"misses":0,"hit_rate":0,"hit_bytes":0,"miss_bytes":0}}}
INFO [06-01|10:00:06.154] Imported new potential chain segment     number=3196 hash=701fbd..3d4b79 blocks=1 txs=0 mgas=0.000 elapsed=3.159ms    mgasps=0.000 triediffs=1.47MiB triedirty=0.00B
INFO [06-01|10:00:06.154] Chain head was updated                   number=3196 hash=701fbd..3d4b79 root=b7131c..6552e2 elapsed="34.596µs"
INFO [06-01|10:00:07.159] Starting work on payload                 id=0x03df7b2bf9a01c9a
INFO [06-01|10:00:07.165] Updated payload                          id=0x03df7b2bf9a01c9a number=3197 hash=46b1a2..50adb2 txs=0 withdrawals=0 gas=0 fees=0 root=b7131c..6552e2 elapsed=5.807ms
INFO [06-01|10:00:07.167] Stopping work on payload                 id=0x03df7b2bf9a01c9a reason=delivery
WARN [06-01|10:00:07.182] {"level":"warn","msg":"Slow block","block":{"number":3197,"hash":"0x46b1a2f12f2f8f44c9b5317474795bfbb6096fe47a18661a703b14753050adb2","gas_used":0,"tx_count":0},"timing":{"execution_ms":0.041238,"state_read_ms":15.604365,"state_hash_ms":0.001492,"commit_ms":0.111387,"total_ms":16.103167},"throughput":{"mgas_per_sec":0},"state_reads":{"accounts":4,"storage_slots":0,"code":0,"code_bytes":0},"state_writes":{"accounts":0,"accounts_deleted":0,"storage_slots":0,"storage_slots_deleted":0,"code":0,"code_bytes":0},"cache":{"account":{"hits":0,"misses":4,"hit_rate":0},"storage":{"hits":0,"misses":0,"hit_rate":0},"code":{"hits":0,"misses":0,"hit_rate":0,"hit_bytes":0,"miss_bytes":0}}}
INFO [06-01|10:00:07.182] Imported new potential chain segment     number=3197 hash=46b1a2..50adb2 blocks=1 txs=0 mgas=0.000 elapsed=16.357ms   mgasps=0.000 triediffs=1.47MiB triedirty=0.00B
INFO [06-01|10:00:07.182] Chain head was updated                   number=3197 hash=46b1a2..50adb2 root=b7131c..6552e2 elapsed="44.072µs"
INFO [06-01|10:00:07.663] Submitted contract creation              hash=0x156ddd028db1e678b52f828a368f9ab3fe61f4905338bf9847a332948251b90a from=0xf39Fd6e51aad88F6F4ce6aB8827279cffFb92266 nonce=957 contract=0x98F74b7C96497070ba5052E02832EF9892962e62 value=0
INFO [06-01|10:00:07.663] Submitted transaction                    hash=0x62caf3519510a4e983fc3358d72d4d10473bc2bcde6c830f248bb7fba554d0ea from=0xf39Fd6e51aad88F6F4ce6aB8827279cffFb92266 nonce=958 recipient=0x0D0d21a2E63ADbCa5Ad438DFF17532AAD5ABbDe4 value=78,000,000
INFO [06-01|10:00:08.187] Starting work on payload                 id=0x031e97d7cb360a7f
INFO [06-01|10:00:08.221] Updated payload                          id=0x031e97d7cb360a7f number=3198 hash=450229..d4c77f txs=2 withdrawals=0 gas=91710 fees=5.5026e-13 root=718dfb..dfb0b5 elapsed=34.167ms
INFO [06-01|10:00:08.221] Stopping work on payload                 id=0x031e97d7cb360a7f reason=delivery
INFO [06-01|10:00:08.250] Paused snapshot generation
WARN [06-01|10:00:08.250] {"level":"warn","msg":"Slow block","block":{"number":3198,"hash":"0x45022984616dc18722b8587886002b4ea400d7e50600dcc411173cb97ad4c77f","gas_used":91710,"tx_count":2},"timing":{"execution_ms":0.102235,"state_read_ms":20.280022,"state_hash_ms":3.068483,"commit_ms":5.335654,"total_ms":28.95899},"throughput":{"mgas_per_sec":3.166892215508897},"state_reads":{"accounts":11,"storage_slots":0,"code":0,"code_bytes":0},"state_writes":{"accounts":3,"accounts_deleted":0,"storage_slots":0,"storage_slots_deleted":0,"code":1,"code_bytes":305},"cache":{"account":{"hits":5,"misses":6,"hit_rate":45.45454545454545},"storage":{"hits":0,"misses":0,"hit_rate":0},"code":{"hits":0,"misses":0,"hit_rate":0,"hit_bytes":0,"miss_bytes":0}}}
INFO [06-01|10:00:08.250] Imported new potential chain segment     number=3198 hash=450229..d4c77f blocks=1 txs=2 mgas=0.092 elapsed=29.110ms   mgasps=3.150 triediffs=1.45MiB triedirty=0.00B
INFO [06-01|10:00:08.251] Chain head was updated                   number=3198 hash=450229..d4c77f root=718dfb..dfb0b5 elapsed="246.689µs"
WARN [06-01|10:00:08.276] Snapshot generation is not permitted
INFO [06-01|10:00:08.675] Submitted transaction                    hash=0x3ac467e4eabcef836a8cc6b90d93f31345b56443e40624a666a9f3c3b353f3af from=0x0D0d21a2E63ADbCa5Ad438DFF17532AAD5ABbDe4 nonce=0   recipient=0x98F74b7C96497070ba5052E02832EF9892962e62 value=0
INFO [06-01|10:00:09.255] Starting work on payload                 id=0x03dada91495dc76e
INFO [06-01|10:00:09.362] Updated payload                          id=0x03dada91495dc76e number=3199 hash=90a7b4..4bd99c txs=1 withdrawals=0 gas=5,900,601 fees=3.5403606e-11 root=a661f2..681623 elapsed=106.476ms
INFO [06-01|10:00:09.362] Stopping work on payload                 id=0x03dada91495dc76e reason=delivery
INFO [06-01|10:00:09.453] Paused snapshot generation
WARN [06-01|10:00:09.460] {"level":"warn","msg":"Slow block","block":{"number":3199,"hash":"0x90a7b4c974dfd06bed91ee546643e319832b6e54575682b2b0a19255e14bd99c","gas_used":5900601,"tx_count":1},"timing":{"execution_ms":70.39844,"state_read_ms":15.985638,"state_hash_ms":2.981742,"commit_ms":7.567814,"total_ms":97.65221},"throughput":{"mgas_per_sec":60.424653983765445},"state_reads":{"accounts":17,"storage_slots":1396,"code":11,"code_bytes":585},"state_writes":{"accounts":2,"accounts_deleted":0,"storage_slots":0,"storage_slots_deleted":0,"code":0,"code_bytes":0},"cache":{"account":{"hits":6,"misses":11,"hit_rate":35.294117647058826},"storage":{"hits":499,"misses":897,"hit_rate":35.74498567335244},"code":{"hits":11,"misses":0,"hit_rate":100,"hit_bytes":585,"miss_bytes":0}}}
INFO [06-01|10:00:09.460] Imported new potential chain segment     number=3199 hash=90a7b4..4bd99c blocks=1 txs=1 mgas=5.901 elapsed=97.889ms    mgasps=60.278 triediffs=1.45MiB triedirty=0.00B
INFO [06-01|10:00:09.460] Chain head was updated                   number=3199 hash=90a7b4..4bd99c root=a661f2..681623 elapsed="109.339µs"
WARN [06-01|10:00:09.482] Snapshot generation is not permitted
INFO [06-01|10:00:09.688] Submitted transaction                    hash=0xfbd1be4be278ec2f8a6df18db61116325e5b7c1965e2ab6349dab2cd2b3e373a from=0x0D0d21a2E63ADbCa5Ad438DFF17532AAD5ABbDe4 nonce=1   recipient=0xf39Fd6e51aad88F6F4ce6aB8827279cffFb92266 value=1,040,187
INFO [06-01|10:00:10.478] Starting work on payload                 id=0x037fa986112ba3c8
INFO [06-01|10:00:10.515] Updated payload                          id=0x037fa986112ba3c8 number=3200 hash=709ff4..edaa9c txs=1 withdrawals=0 gas=21000     fees=2.1e-14       root=563d09..a988af elapsed=36.303ms
INFO [06-01|10:00:10.515] Stopping work on payload                 id=0x037fa986112ba3c8 reason=delivery
INFO [06-01|10:00:10.521] Paused snapshot generation
WARN [06-01|10:00:10.521] {"level":"warn","msg":"Slow block","block":{"number":3200,"hash":"0x709ff484fc4ae47248888671481e3fb516f6381c0726e37f22dabf309eedaa9c","gas_used":21000,"tx_count":1},"timing":{"execution_ms":0.078563,"state_read_ms":3.197643,"state_hash_ms":2.291757,"commit_ms":0.621989,"total_ms":6.375497},"throughput":{"mgas_per_sec":3.2938608550831407},"state_reads":{"accounts":6,"storage_slots":0,"code":0,"code_bytes":0},"state_writes":{"accounts":2,"accounts_deleted":0,"storage_slots":0,"storage_slots_deleted":0,"code":0,"code_bytes":0},"cache":{"account":{"hits":2,"misses":4,"hit_rate":33.33333333333333},"storage":{"hits":0,"misses":0,"hit_rate":0},"code":{"hits":0,"misses":0,"hit_rate":0,"hit_bytes":0,"miss_bytes":0}}}
INFO [06-01|10:00:10.521] Imported new potential chain segment     number=3200 hash=709ff4..edaa9c blocks=1 txs=1 mgas=0.021 elapsed=6.516ms     mgasps=3.222  triediffs=1.44MiB triedirty=0.00B
INFO [06-01|10:00:10.522] Chain head was updated                   number=3200 hash=709ff4..edaa9c root=563d09..a988af elapsed="125.295µs"
WARN [06-01|10:00:10.542] Snapshot generation is not permitted
