WARN [06-01|09:17:45.754] Unknown config environment variable      envvar=GETH_PBT_BIN
WARN [06-01|09:17:45.754] Unknown config environment variable      envvar=GETH_UBT_BIN
INFO [06-01|09:17:45.766] Starting Geth on Ethereum mainnet...
INFO [06-01|09:17:45.768] Maximum peer count                       ETH=0 total=0
INFO [06-01|09:17:45.769] Smartcard socket not found, disabling    err="stat /run/pcscd/pcscd.comm: no such file or directory"
WARN [06-01|09:17:45.772] Option --miner.etherbase is deprecated as the etherbase is set by the consensus client post-merge
WARN [06-01|09:17:45.773] Snap sync requested, resetting --cache.snapshot
INFO [06-01|09:17:45.774] Set global gas cap                       cap=50,000,000
INFO [06-01|09:17:46.578] Using developer account                  address=0xf39Fd6e51aad88F6F4ce6aB8827279cffFb92266
INFO [06-01|09:17:46.617] Using pebble as the backing database
INFO [06-01|09:17:46.617] Allocated cache and file handles         database=/mnt/state_expiry_vol_data/ubt-vs-pbt-dbs/ubt/geth/chaindata cache=16.00MiB handles=262,144
INFO [06-01|09:17:46.839] Opened ancient database                  database=/mnt/state_expiry_vol_data/ubt-vs-pbt-dbs/ubt/geth/chaindata/ancient/chain readonly=true
INFO [06-01|09:17:46.839] Opened Era store                         datadir=/mnt/state_expiry_vol_data/ubt-vs-pbt-dbs/ubt/geth/chaindata/ancient/chain/era
INFO [06-01|09:17:46.845] Initializing the KZG library             backend=gokzg
INFO [06-01|09:17:46.847] Allocated trie memory caches             clean=0.00B dirty=0.00B
INFO [06-01|09:17:46.857] Using pebble as the backing database
INFO [06-01|09:17:46.857] Allocated cache and file handles         database=/mnt/state_expiry_vol_data/ubt-vs-pbt-dbs/ubt/geth/chaindata cache=16.00MiB handles=262,144
INFO [06-01|09:17:47.041] Opened ancient database                  database=/mnt/state_expiry_vol_data/ubt-vs-pbt-dbs/ubt/geth/chaindata/ancient/chain readonly=false
INFO [06-01|09:17:47.041] Opened Era store                         datadir=/mnt/state_expiry_vol_data/ubt-vs-pbt-dbs/ubt/geth/chaindata/ancient/chain/era
INFO [06-01|09:17:47.048] State scheme set to already existing     scheme=path
INFO [06-01|09:17:47.056] Initialising Ethereum protocol           network=1337 dbversion=9
INFO [06-01|09:17:47.056] Load database journal from file          path=/mnt/state_expiry_vol_data/ubt-vs-pbt-dbs/ubt/geth/triedb/verkle.journal
INFO [06-01|09:17:47.120] Opened ancient database                  database=/mnt/state_expiry_vol_data/ubt-vs-pbt-dbs/ubt/geth/chaindata/ancient/state_verkle readonly=false
INFO [06-01|09:17:47.122] State snapshot generator is not compatible
INFO [06-01|09:17:47.122] Initialized path database                triecache=0.00B statecache=0.00B buffer=0.00B state-history="last 90000 blocks" journal-dir=/mnt/state_expiry_vol_data/ubt-vs-pbt-dbs/ubt/geth/triedb verkle=true
INFO [06-01|09:17:47.122] 
INFO [06-01|09:17:47.122] ---------------------------------------------------------------------------------------------------------------------------------------------------------
INFO [06-01|09:17:47.123] Chain ID:  1337 (unknown)
INFO [06-01|09:17:47.123] Consensus: unknown
INFO [06-01|09:17:47.123] 
INFO [06-01|09:17:47.123] Pre-Merge hard forks (block based):
INFO [06-01|09:17:47.123]  - Homestead:                   #0       
INFO [06-01|09:17:47.123]  - Tangerine Whistle (EIP 150): #0       
INFO [06-01|09:17:47.123]  - Spurious Dragon/1 (EIP 155): #0       
INFO [06-01|09:17:47.123]  - Spurious Dragon/2 (EIP 158): #0       
INFO [06-01|09:17:47.123]  - Byzantium:                   #0       
INFO [06-01|09:17:47.123]  - Constantinople:              #0       
INFO [06-01|09:17:47.123]  - Petersburg:                  #0       
INFO [06-01|09:17:47.123]  - Istanbul:                    #0       
INFO [06-01|09:17:47.123]  - Berlin:                      #0       
INFO [06-01|09:17:47.123]  - London:                      #0       
INFO [06-01|09:17:47.123]  - Arrow Glacier:               #0       
INFO [06-01|09:17:47.123]  - Gray Glacier:                #0       
INFO [06-01|09:17:47.123] 
INFO [06-01|09:17:47.123] Merge configured:
INFO [06-01|09:17:47.123]  - Total terminal difficulty:  0
INFO [06-01|09:17:47.123]  - Merge netsplit block:       #0       
INFO [06-01|09:17:47.123] 
INFO [06-01|09:17:47.123] Post-Merge hard forks (timestamp based):
INFO [06-01|09:17:47.123]  - Shanghai:                    @0         
INFO [06-01|09:17:47.123]  - Cancun:                      @0          blob: (target: 3, max: 6, fraction: 3338477)
INFO [06-01|09:17:47.123]  - Prague:                      @0          blob: (target: 6, max: 9, fraction: 5007716)
INFO [06-01|09:17:47.123]  - Osaka:                       @0          blob: (target: 6, max: 9, fraction: 5007716)
INFO [06-01|09:17:47.123]  - UBT:                         @0          blob: (nil)
INFO [06-01|09:17:47.123] 
INFO [06-01|09:17:47.123] All fork specifications can be found at https://ethereum.github.io/execution-specs/src/ethereum/forks/
INFO [06-01|09:17:47.123] 
INFO [06-01|09:17:47.123] ---------------------------------------------------------------------------------------------------------------------------------------------------------
INFO [06-01|09:17:47.123] 
INFO [06-01|09:17:47.123] Loaded most recent local block           number=2917 hash=1e05fb..469806 age=3s
INFO [06-01|09:17:47.123] Loaded most recent local finalized block number=2912 hash=df1ea7..0d0bc6 age=9s
INFO [06-01|09:17:47.124] Initialized transaction indexer          range="last 2350000 blocks"
INFO [06-01|09:17:47.124] Initialized log indexer                  firstblock=0 lastblock=2917 firstmap=0 lastmap=0 headindexed=true
INFO [06-01|09:17:47.163] Enabled full-sync                        head=2917 hash=1e05fb..469806
INFO [06-01|09:17:47.163] Unprotected transactions allowed
INFO [06-01|09:17:47.163] Gasprice oracle is ignoring threshold set threshold=2
INFO [06-01|09:17:47.164] Registered sync override service
WARN [06-01|09:17:47.164] You are running Geth in --dev mode. Please note the following:
WARN [06-01|09:17:47.164] 
WARN [06-01|09:17:47.164]   1. This mode is only intended for fast, iterative development without assumptions on
WARN [06-01|09:17:47.164]      security or persistence.
WARN [06-01|09:17:47.164]   2. The database is created in memory unless specified otherwise. Therefore, shutting down
WARN [06-01|09:17:47.164]      your computer or losing power will wipe your entire block data and chain state for
WARN [06-01|09:17:47.164]      your dev environment.
WARN [06-01|09:17:47.164]   3. A random, pre-allocated developer account will be available and unlocked as
WARN [06-01|09:17:47.164]      eth.coinbase, which can be used for testing. The random dev account is temporary,
WARN [06-01|09:17:47.164]      stored on a ramdisk, and will be lost if your machine is restarted.
WARN [06-01|09:17:47.164]   4. Mining is enabled by default. However, the client will only seal blocks if transactions
WARN [06-01|09:17:47.164]      are pending in the mempool. The miner's minimum accepted gas price is 1.
WARN [06-01|09:17:47.164]   5. Networking is disabled; there is no listen-address, the maximum number of peers is set
WARN [06-01|09:17:47.164]      to 0, and discovery is disabled.
WARN [06-01|09:17:47.164] 
INFO [06-01|09:17:47.164] Starting peer-to-peer node               instance=Geth/v1.17.3-unstable/linux-amd64/go1.24.9
WARN [06-01|09:17:47.164] P2P server will be useless, neither dialing nor listening
INFO [06-01|09:17:47.219] IPC endpoint opened                      url=/mnt/state_expiry_vol_data/ubt-vs-pbt-dbs/ubt/geth.ipc
ERROR[06-01|09:17:47.219] Unavailable modules in HTTP API list     unavailable=[personal] available="[admin debug web3 eth txpool miner net dev testing]"
INFO [06-01|09:17:47.220] HTTP server started                      endpoint=127.0.0.1:8545 auth=false prefix= cors= vhosts=localhost
INFO [06-01|09:17:47.220] WebSocket enabled                        url=ws://127.0.0.1:8546
INFO [06-01|09:17:47.221] New local node record                    seq=1,780,289,664,471 id=c084d8867e8cc127 ip=127.0.0.1 udp=0 tcp=0
INFO [06-01|09:17:47.221] Started P2P networking                   self=enode://ed0ccbffbfc0dc9f1b0f8e55d585ad3e61215b1974f32d9388e7ae53563e3ebe0172c21d754fa202c3a63f95bef3ff3ea24339ffdabd0115c47ec5b8d33136a9@127.0.0.1:0
INFO [06-01|09:17:47.441] Loaded local transaction journal         transactions=2221 dropped=0
INFO [06-01|09:17:48.494] Started log indexer
INFO [06-01|09:17:48.535] Starting work on payload                 id=0x03b6d25738d4dc91
INFO [06-01|09:17:48.539] Updated payload                          id=0x03b6d25738d4dc91 number=2918 hash=4efd05..14d8e6 txs=0 withdrawals=0 gas=0 fees=0 root=6d1e97..4b6df5 elapsed=3.243ms
INFO [06-01|09:17:48.539] Stopping work on payload                 id=0x03b6d25738d4dc91 reason=delivery
WARN [06-01|09:17:48.543] {"level":"warn","msg":"Slow block","block":{"number":2918,"hash":"0x4efd058859ac96c8829231615fc3a1a5d3a9cfe6e446df84631213c42b14d8e6","gas_used":0,"tx_count":0},"timing":{"execution_ms":0.036166,"state_read_ms":2.875493,"state_hash_ms":0.001371,"commit_ms":0.182716,"total_ms":3.254734},"throughput":{"mgas_per_sec":0},"state_reads":{"accounts":4,"storage_slots":0,"code":0,"code_bytes":0},"state_writes":{"accounts":0,"accounts_deleted":0,"storage_slots":0,"storage_slots_deleted":0,"code":0,"code_bytes":0},"cache":{"account":{"hits":0,"misses":4,"hit_rate":0},"storage":{"hits":0,"misses":0,"hit_rate":0},"code":{"hits":0,"misses":0,"hit_rate":0,"hit_bytes":0,"miss_bytes":0}}}
INFO [06-01|09:17:48.543] Imported new potential chain segment     number=2918 hash=4efd05..14d8e6 blocks=1 txs=0 mgas=0.000 elapsed=3.541ms mgasps=0.000 triediffs=1.74MiB triedirty=0.00B
INFO [06-01|09:17:48.543] Chain head was updated                   number=2918 hash=4efd05..14d8e6 root=6d1e97..4b6df5 elapsed="52.68µs"
INFO [06-01|09:17:49.551] Starting work on payload                 id=0x0367f241d86aea60
INFO [06-01|09:17:49.559] Updated payload                          id=0x0367f241d86aea60 number=2919 hash=356b8a..1680cc txs=0 withdrawals=0 gas=0 fees=0 root=6d1e97..4b6df5 elapsed=8.024ms
INFO [06-01|09:17:49.559] Stopping work on payload                 id=0x0367f241d86aea60 reason=delivery
WARN [06-01|09:17:49.564] {"level":"warn","msg":"Slow block","block":{"number":2919,"hash":"0x356b8adcb983e20243ca2632df6022d4c6ef5be739fc241e160a1bd0b21680cc","gas_used":0,"tx_count":0},"timing":{"execution_ms":0.048779,"state_read_ms":3.69967,"state_hash_ms":0.001643,"commit_ms":0.133161,"total_ms":4.22342},"throughput":{"mgas_per_sec":0},"state_reads":{"accounts":4,"storage_slots":0,"code":0,"code_bytes":0},"state_writes":{"accounts":0,"accounts_deleted":0,"storage_slots":0,"storage_slots_deleted":0,"code":0,"code_bytes":0},"cache":{"account":{"hits":0,"misses":4,"hit_rate":0},"storage":{"hits":0,"misses":0,"hit_rate":0},"code":{"hits":0,"misses":0,"hit_rate":0,"hit_bytes":0,"miss_bytes":0}}}
INFO [06-01|09:17:49.564] Imported new potential chain segment     number=2919 hash=356b8a..1680cc blocks=1 txs=0 mgas=0.000 elapsed=4.408ms   mgasps=0.000 triediffs=1.74MiB triedirty=0.00B
INFO [06-01|09:17:49.564] Chain head was updated                   number=2919 hash=356b8a..1680cc root=6d1e97..4b6df5 elapsed="56.853µs"
INFO [06-01|09:17:50.576] Starting work on payload                 id=0x0359e55ebc46b97f
INFO [06-01|09:17:50.593] Updated payload                          id=0x0359e55ebc46b97f number=2920 hash=78c6e9..c4b480 txs=0 withdrawals=0 gas=0 fees=0 root=6d1e97..4b6df5 elapsed=16.919ms
INFO [06-01|09:17:50.593] Stopping work on payload                 id=0x0359e55ebc46b97f reason=delivery
WARN [06-01|09:17:50.609] {"level":"warn","msg":"Slow block","block":{"number":2920,"hash":"0x78c6e93d3a96e454e8d21c23354861a933666f23bd288845ade3da9644c4b480","gas_used":0,"tx_count":0},"timing":{"execution_ms":0.025787,"state_read_ms":14.703985,"state_hash_ms":0.002563,"commit_ms":0.326572,"total_ms":15.744587},"throughput":{"mgas_per_sec":0},"state_reads":{"accounts":4,"storage_slots":0,"code":0,"code_bytes":0},"state_writes":{"accounts":0,"accounts_deleted":0,"storage_slots":0,"storage_slots_deleted":0,"code":0,"code_bytes":0},"cache":{"account":{"hits":0,"misses":4,"hit_rate":0},"storage":{"hits":0,"misses":0,"hit_rate":0},"code":{"hits":0,"misses":0,"hit_rate":0,"hit_bytes":0,"miss_bytes":0}}}
INFO [06-01|09:17:50.609] Imported new potential chain segment     number=2920 hash=78c6e9..c4b480 blocks=1 txs=0 mgas=0.000 elapsed=15.957ms   mgasps=0.000 triediffs=1.74MiB triedirty=0.00B
INFO [06-01|09:17:50.609] Chain head was updated                   number=2920 hash=78c6e9..c4b480 root=6d1e97..4b6df5 elapsed="50.104µs"
INFO [06-01|09:17:50.724] Submitted contract creation              hash=0x196be4cfaf32dc6ab3c64652536d1f8d1a907bd559c573edca993434e4f5ad41 from=0xf39Fd6e51aad88F6F4ce6aB8827279cffFb92266 nonce=855 contract=0x2f6f107D4Afd43c451B74DA41A6DDA53D2Bf24B1 value=0
INFO [06-01|09:17:50.724] Submitted transaction                    hash=0x5b249439fc5d0f89b1402189970974a82ef6cda3cadc691af712476a21078738 from=0xf39Fd6e51aad88F6F4ce6aB8827279cffFb92266 nonce=856 recipient=0x923bA6d247Bb0D4074DB436068f9a051e277B704 value=78,000,000
INFO [06-01|09:17:51.616] Starting work on payload                 id=0x03287feb38953907
INFO [06-01|09:17:51.654] Updated payload                          id=0x03287feb38953907 number=2921 hash=fe4075..ee4d74 txs=2 withdrawals=0 gas=91710 fees=5.5026e-13 root=a086f8..a5132e elapsed=38.025ms
INFO [06-01|09:17:51.654] Stopping work on payload                 id=0x03287feb38953907 reason=delivery
INFO [06-01|09:17:51.687] Paused snapshot generation
WARN [06-01|09:17:51.688] {"level":"warn","msg":"Slow block","block":{"number":2921,"hash":"0xfe40756f8902799be2feb1ccf1789f39ef654f49faf21227bec42d518eee4d74","gas_used":91710,"tx_count":2},"timing":{"execution_ms":0.147284,"state_read_ms":14.774308,"state_hash_ms":13.507291,"commit_ms":4.82541,"total_ms":33.430828},"throughput":{"mgas_per_sec":2.7432763555841335},"state_reads":{"accounts":11,"storage_slots":0,"code":0,"code_bytes":0},"state_writes":{"accounts":3,"accounts_deleted":0,"storage_slots":0,"storage_slots_deleted":0,"code":1,"code_bytes":305},"cache":{"account":{"hits":6,"misses":5,"hit_rate":54.54545454545454},"storage":{"hits":0,"misses":0,"hit_rate":0},"code":{"hits":0,"misses":0,"hit_rate":0,"hit_bytes":0,"miss_bytes":0}}}
INFO [06-01|09:17:51.688] Imported new potential chain segment     number=2921 hash=fe4075..ee4d74 blocks=1 txs=2 mgas=0.092 elapsed=33.700ms   mgasps=2.721 triediffs=1.73MiB triedirty=0.00B
INFO [06-01|09:17:51.688] Chain head was updated                   number=2921 hash=fe4075..ee4d74 root=a086f8..a5132e elapsed="148.052µs"
WARN [06-01|09:17:51.709] Snapshot generation is not permitted
INFO [06-01|09:17:51.737] Submitted transaction                    hash=0x214be74cae47b9acd36441b95a89c56771b06171d02611f47ad018cc48cafe53 from=0x923bA6d247Bb0D4074DB436068f9a051e277B704 nonce=0   recipient=0x2f6f107D4Afd43c451B74DA41A6DDA53D2Bf24B1 value=0
INFO [06-01|09:17:52.704] Starting work on payload                 id=0x03ff4c384f9faf37
INFO [06-01|09:17:52.872] Updated payload                          id=0x03ff4c384f9faf37 number=2922 hash=02d62a..af69b7 txs=1 withdrawals=0 gas=5,900,601 fees=3.5403606e-11 root=feb1ee..92740f elapsed=167.379ms
INFO [06-01|09:17:52.872] Stopping work on payload                 id=0x03ff4c384f9faf37 reason=delivery
INFO [06-01|09:17:52.968] Paused snapshot generation
WARN [06-01|09:17:52.971] {"level":"warn","msg":"Slow block","block":{"number":2922,"hash":"0x02d62a6897fe7af7d1bb956ec3b2b63ecbaea64862502ef570bfbd74fbaf69b7","gas_used":5900601,"tx_count":1},"timing":{"execution_ms":72.441096,"state_read_ms":15.588748,"state_hash_ms":2.679777,"commit_ms":8.00968,"total_ms":99.026629},"throughput":{"mgas_per_sec":59.586002872015364},"state_reads":{"accounts":17,"storage_slots":1396,"code":11,"code_bytes":585},"state_writes":{"accounts":2,"accounts_deleted":0,"storage_slots":0,"storage_slots_deleted":0,"code":0,"code_bytes":0},"cache":{"account":{"hits":6,"misses":11,"hit_rate":35.294117647058826},"storage":{"hits":646,"misses":750,"hit_rate":46.27507163323782},"code":{"hits":11,"misses":0,"hit_rate":100,"hit_bytes":585,"miss_bytes":0}}}
INFO [06-01|09:17:52.971] Imported new potential chain segment     number=2922 hash=02d62a..af69b7 blocks=1 txs=1 mgas=5.901 elapsed=99.282ms    mgasps=59.432 triediffs=1.73MiB triedirty=0.00B
INFO [06-01|09:17:52.972] Chain head was updated                   number=2922 hash=02d62a..af69b7 root=feb1ee..92740f elapsed="159.248µs"
WARN [06-01|09:17:52.989] Snapshot generation is not permitted
INFO [06-01|09:17:53.755] Submitted transaction                    hash=0xbf043997fca822592478b104a0dbb542e60260dc0c58f6a9edb10f0f063597d4 from=0x923bA6d247Bb0D4074DB436068f9a051e277B704 nonce=1   recipient=0xf39Fd6e51aad88F6F4ce6aB8827279cffFb92266 value=1,040,187
INFO [06-01|09:17:53.976] Starting work on payload                 id=0x037c7cd2f4885be3
INFO [06-01|09:17:54.009] Updated payload                          id=0x037c7cd2f4885be3 number=2923 hash=78c651..8a439e txs=1 withdrawals=0 gas=21000     fees=2.1e-14       root=a8a88b..c65a54 elapsed=32.799ms
INFO [06-01|09:17:54.010] Stopping work on payload                 id=0x037c7cd2f4885be3 reason=delivery
INFO [06-01|09:17:54.016] Paused snapshot generation
WARN [06-01|09:17:54.016] {"level":"warn","msg":"Slow block","block":{"number":2923,"hash":"0x78c651ec1f9c3dec73b0c48a4aa34a1ab04dc55fa8e7b1602258eac8008a439e","gas_used":21000,"tx_count":1},"timing":{"execution_ms":0.056841,"state_read_ms":2.911661,"state_hash_ms":2.413897,"commit_ms":0.560099,"total_ms":6.186212},"throughput":{"mgas_per_sec":3.3946460289430753},"state_reads":{"accounts":6,"storage_slots":0,"code":0,"code_bytes":0},"state_writes":{"accounts":2,"accounts_deleted":0,"storage_slots":0,"storage_slots_deleted":0,"code":0,"code_bytes":0},"cache":{"account":{"hits":2,"misses":4,"hit_rate":33.33333333333333},"storage":{"hits":0,"misses":0,"hit_rate":0},"code":{"hits":0,"misses":0,"hit_rate":0,"hit_bytes":0,"miss_bytes":0}}}
INFO [06-01|09:17:54.016] Imported new potential chain segment     number=2923 hash=78c651..8a439e blocks=1 txs=1 mgas=0.021 elapsed=6.331ms     mgasps=3.317  triediffs=1.72MiB triedirty=0.00B
INFO [06-01|09:17:54.016] Chain head was updated                   number=2923 hash=78c651..8a439e root=a8a88b..c65a54 elapsed="53.911µs"
WARN [06-01|09:17:54.043] Snapshot generation is not permitted
INFO [06-01|09:17:55.042] Starting work on payload                 id=0x038fd4078ab0b330
INFO [06-01|09:17:55.046] Updated payload                          id=0x038fd4078ab0b330 number=2924 hash=5b03f8..18e7cd txs=0 withdrawals=0 gas=0         fees=0             root=a8a88b..c65a54 elapsed=2.998ms
INFO [06-01|09:17:55.046] Stopping work on payload                 id=0x038fd4078ab0b330 reason=delivery
WARN [06-01|09:17:55.049] {"level":"warn","msg":"Slow block","block":{"number":2924,"hash":"0x5b03f8d2487c62e237959e7c89934e15f31a1ff9fe36dc6358e3bf6bcf18e7cd","gas_used":0,"tx_count":0},"timing":{"execution_ms":0.020274,"state_read_ms":2.681173,"state_hash_ms":0.001274,"commit_ms":0.112191,"total_ms":2.96592},"throughput":{"mgas_per_sec":0},"state_reads":{"accounts":4,"storage_slots":0,"code":0,"code_bytes":0},"state_writes":{"accounts":0,"accounts_deleted":0,"storage_slots":0,"storage_slots_deleted":0,"code":0,"code_bytes":0},"cache":{"account":{"hits":0,"misses":4,"hit_rate":0},"storage":{"hits":0,"misses":0,"hit_rate":0},"code":{"hits":0,"misses":0,"hit_rate":0,"hit_bytes":0,"miss_bytes":0}}}
INFO [06-01|09:17:55.049] Imported new potential chain segment     number=2924 hash=5b03f8..18e7cd blocks=1 txs=0 mgas=0.000 elapsed=3.103ms     mgasps=0.000  triediffs=1.72MiB triedirty=0.00B
INFO [06-01|09:17:55.049] Chain head was updated                   number=2924 hash=5b03f8..18e7cd root=a8a88b..c65a54 elapsed="38.402µs"
