WARN [06-01|08:54:48.156] Unknown config environment variable      envvar=GETH_PBT_BIN
WARN [06-01|08:54:48.156] Unknown config environment variable      envvar=GETH_UBT_BIN
INFO [06-01|08:54:48.167] Starting Geth on Ethereum mainnet...
INFO [06-01|08:54:48.168] Maximum peer count                       ETH=0 total=0
INFO [06-01|08:54:48.169] Smartcard socket not found, disabling    err="stat /run/pcscd/pcscd.comm: no such file or directory"
WARN [06-01|08:54:48.173] Option --miner.etherbase is deprecated as the etherbase is set by the consensus client post-merge
WARN [06-01|08:54:48.175] Snap sync requested, resetting --cache.snapshot
INFO [06-01|08:54:48.175] Set global gas cap                       cap=50,000,000
INFO [06-01|08:54:48.973] Using developer account                  address=0xf39Fd6e51aad88F6F4ce6aB8827279cffFb92266
INFO [06-01|08:54:49.015] Using pebble as the backing database
INFO [06-01|08:54:49.015] Allocated cache and file handles         database=/mnt/state_expiry_vol_data/ubt-vs-pbt-dbs/ubt/geth/chaindata cache=16.00MiB handles=262,144
INFO [06-01|08:54:49.239] Opened ancient database                  database=/mnt/state_expiry_vol_data/ubt-vs-pbt-dbs/ubt/geth/chaindata/ancient/chain readonly=true
INFO [06-01|08:54:49.239] Opened Era store                         datadir=/mnt/state_expiry_vol_data/ubt-vs-pbt-dbs/ubt/geth/chaindata/ancient/chain/era
INFO [06-01|08:54:49.245] Initializing the KZG library             backend=gokzg
INFO [06-01|08:54:49.246] Allocated trie memory caches             clean=0.00B dirty=0.00B
INFO [06-01|08:54:49.259] Using pebble as the backing database
INFO [06-01|08:54:49.259] Allocated cache and file handles         database=/mnt/state_expiry_vol_data/ubt-vs-pbt-dbs/ubt/geth/chaindata cache=16.00MiB handles=262,144
INFO [06-01|08:54:49.448] Opened ancient database                  database=/mnt/state_expiry_vol_data/ubt-vs-pbt-dbs/ubt/geth/chaindata/ancient/chain readonly=false
INFO [06-01|08:54:49.448] Opened Era store                         datadir=/mnt/state_expiry_vol_data/ubt-vs-pbt-dbs/ubt/geth/chaindata/ancient/chain/era
INFO [06-01|08:54:49.455] State scheme set to already existing     scheme=path
INFO [06-01|08:54:49.455] Initialising Ethereum protocol           network=1337 dbversion=9
INFO [06-01|08:54:49.455] Load database journal from file          path=/mnt/state_expiry_vol_data/ubt-vs-pbt-dbs/ubt/geth/triedb/verkle.journal
INFO [06-01|08:54:49.532] Opened ancient database                  database=/mnt/state_expiry_vol_data/ubt-vs-pbt-dbs/ubt/geth/chaindata/ancient/state_verkle readonly=false
INFO [06-01|08:54:49.534] State snapshot generator is not compatible
INFO [06-01|08:54:49.534] Initialized path database                triecache=0.00B statecache=0.00B buffer=0.00B state-history="last 90000 blocks" journal-dir=/mnt/state_expiry_vol_data/ubt-vs-pbt-dbs/ubt/geth/triedb verkle=true
INFO [06-01|08:54:49.534] 
INFO [06-01|08:54:49.535] ---------------------------------------------------------------------------------------------------------------------------------------------------------
INFO [06-01|08:54:49.535] Chain ID:  1337 (unknown)
INFO [06-01|08:54:49.535] Consensus: unknown
INFO [06-01|08:54:49.535] 
INFO [06-01|08:54:49.535] Pre-Merge hard forks (block based):
INFO [06-01|08:54:49.535]  - Homestead:                   #0       
INFO [06-01|08:54:49.535]  - Tangerine Whistle (EIP 150): #0       
INFO [06-01|08:54:49.535]  - Spurious Dragon/1 (EIP 155): #0       
INFO [06-01|08:54:49.535]  - Spurious Dragon/2 (EIP 158): #0       
INFO [06-01|08:54:49.535]  - Byzantium:                   #0       
INFO [06-01|08:54:49.535]  - Constantinople:              #0       
INFO [06-01|08:54:49.535]  - Petersburg:                  #0       
INFO [06-01|08:54:49.535]  - Istanbul:                    #0       
INFO [06-01|08:54:49.535]  - Berlin:                      #0       
INFO [06-01|08:54:49.535]  - London:                      #0       
INFO [06-01|08:54:49.535]  - Arrow Glacier:               #0       
INFO [06-01|08:54:49.535]  - Gray Glacier:                #0       
INFO [06-01|08:54:49.535] 
INFO [06-01|08:54:49.535] Merge configured:
INFO [06-01|08:54:49.535]  - Total terminal difficulty:  0
INFO [06-01|08:54:49.535]  - Merge netsplit block:       #0       
INFO [06-01|08:54:49.535] 
INFO [06-01|08:54:49.535] Post-Merge hard forks (timestamp based):
INFO [06-01|08:54:49.535]  - Shanghai:                    @0         
INFO [06-01|08:54:49.535]  - Cancun:                      @0          blob: (target: 3, max: 6, fraction: 3338477)
INFO [06-01|08:54:49.535]  - Prague:                      @0          blob: (target: 6, max: 9, fraction: 5007716)
INFO [06-01|08:54:49.535]  - Osaka:                       @0          blob: (target: 6, max: 9, fraction: 5007716)
INFO [06-01|08:54:49.535]  - UBT:                         @0          blob: (nil)
INFO [06-01|08:54:49.535] 
INFO [06-01|08:54:49.535] All fork specifications can be found at https://ethereum.github.io/execution-specs/src/ethereum/forks/
INFO [06-01|08:54:49.535] 
INFO [06-01|08:54:49.535] ---------------------------------------------------------------------------------------------------------------------------------------------------------
INFO [06-01|08:54:49.535] 
INFO [06-01|08:54:49.537] Loaded most recent local block           number=2026 hash=d9f794..e3c276 age=4s
INFO [06-01|08:54:49.537] Loaded most recent local finalized block number=2016 hash=229b6c..a565a9 age=18s
INFO [06-01|08:54:49.538] Initialized transaction indexer          range="last 2350000 blocks"
INFO [06-01|08:54:49.538] Initialized log indexer                  firstblock=0 lastblock=2026 firstmap=0 lastmap=0 headindexed=true
INFO [06-01|08:54:49.591] Enabled full-sync                        head=2026 hash=d9f794..e3c276
INFO [06-01|08:54:49.592] Unprotected transactions allowed
INFO [06-01|08:54:49.592] Gasprice oracle is ignoring threshold set threshold=2
INFO [06-01|08:54:49.592] Registered sync override service
WARN [06-01|08:54:49.592] You are running Geth in --dev mode. Please note the following:
WARN [06-01|08:54:49.592] 
WARN [06-01|08:54:49.592]   1. This mode is only intended for fast, iterative development without assumptions on
WARN [06-01|08:54:49.592]      security or persistence.
WARN [06-01|08:54:49.592]   2. The database is created in memory unless specified otherwise. Therefore, shutting down
WARN [06-01|08:54:49.592]      your computer or losing power will wipe your entire block data and chain state for
WARN [06-01|08:54:49.592]      your dev environment.
WARN [06-01|08:54:49.592]   3. A random, pre-allocated developer account will be available and unlocked as
WARN [06-01|08:54:49.592]      eth.coinbase, which can be used for testing. The random dev account is temporary,
WARN [06-01|08:54:49.592]      stored on a ramdisk, and will be lost if your machine is restarted.
WARN [06-01|08:54:49.592]   4. Mining is enabled by default. However, the client will only seal blocks if transactions
WARN [06-01|08:54:49.592]      are pending in the mempool. The miner's minimum accepted gas price is 1.
WARN [06-01|08:54:49.592]   5. Networking is disabled; there is no listen-address, the maximum number of peers is set
WARN [06-01|08:54:49.592]      to 0, and discovery is disabled.
WARN [06-01|08:54:49.592] 
INFO [06-01|08:54:49.592] Starting peer-to-peer node               instance=Geth/v1.17.3-unstable/linux-amd64/go1.24.9
WARN [06-01|08:54:49.592] P2P server will be useless, neither dialing nor listening
INFO [06-01|08:54:49.641] IPC endpoint opened                      url=/mnt/state_expiry_vol_data/ubt-vs-pbt-dbs/ubt/geth.ipc
ERROR[06-01|08:54:49.641] Unavailable modules in HTTP API list     unavailable=[personal] available="[admin debug web3 eth txpool miner net dev testing]"
INFO [06-01|08:54:49.642] New local node record                    seq=1,780,289,664,341 id=c084d8867e8cc127 ip=127.0.0.1 udp=0 tcp=0
INFO [06-01|08:54:49.642] Started P2P networking                   self=enode://ed0ccbffbfc0dc9f1b0f8e55d585ad3e61215b1974f32d9388e7ae53563e3ebe0172c21d754fa202c3a63f95bef3ff3ea24339ffdabd0115c47ec5b8d33136a9@127.0.0.1:0
INFO [06-01|08:54:49.642] HTTP server started                      endpoint=127.0.0.1:8545 auth=false prefix= cors= vhosts=localhost
INFO [06-01|08:54:49.642] WebSocket enabled                        url=ws://127.0.0.1:8546
INFO [06-01|08:54:49.831] Loaded local transaction journal         transactions=1701 dropped=0
INFO [06-01|08:54:50.849] Started log indexer
INFO [06-01|08:54:50.886] Starting work on payload                 id=0x03164e4756a0dc53
INFO [06-01|08:54:50.899] Updated payload                          id=0x03164e4756a0dc53 number=2027 hash=ff64bd..104ed9 txs=0 withdrawals=0 gas=0 fees=0 root=d0568d..d24715 elapsed=12.706ms
INFO [06-01|08:54:50.899] Stopping work on payload                 id=0x03164e4756a0dc53 reason=delivery
WARN [06-01|08:54:50.909] {"level":"warn","msg":"Slow block","block":{"number":2027,"hash":"0xff64bd950d1d8f84d6d9c48166738221d49629a2d2c3c336b2a34bc0e1104ed9","gas_used":0,"tx_count":0},"timing":{"execution_ms":0.043255,"state_read_ms":8.945906,"state_hash_ms":0.0027,"commit_ms":0.211037,"total_ms":9.441858},"throughput":{"mgas_per_sec":0},"state_reads":{"accounts":4,"storage_slots":0,"code":0,"code_bytes":0},"state_writes":{"accounts":0,"accounts_deleted":0,"storage_slots":0,"storage_slots_deleted":0,"code":0,"code_bytes":0},"cache":{"account":{"hits":0,"misses":4,"hit_rate":0},"storage":{"hits":0,"misses":0,"hit_rate":0},"code":{"hits":0,"misses":0,"hit_rate":0,"hit_bytes":0,"miss_bytes":0}}}
INFO [06-01|08:54:50.909] Imported new potential chain segment     number=2027 hash=ff64bd..104ed9 blocks=1 txs=0 mgas=0.000 elapsed=9.828ms  mgasps=0.000 triediffs=1.36MiB triedirty=0.00B
INFO [06-01|08:54:50.909] Chain head was updated                   number=2027 hash=ff64bd..104ed9 root=d0568d..d24715 elapsed="58.974µs"
INFO [06-01|08:54:51.914] Starting work on payload                 id=0x037598d82cd8ebe6
INFO [06-01|08:54:51.922] Updated payload                          id=0x037598d82cd8ebe6 number=2028 hash=cac0f8..ff6234 txs=0 withdrawals=0 gas=0 fees=0 root=d0568d..d24715 elapsed=8.489ms
INFO [06-01|08:54:51.923] Stopping work on payload                 id=0x037598d82cd8ebe6 reason=delivery
WARN [06-01|08:54:51.926] {"level":"warn","msg":"Slow block","block":{"number":2028,"hash":"0xcac0f8dcd2eff8de394320bbc8060be033d245bc9d9eb780a2b5b6083bff6234","gas_used":0,"tx_count":0},"timing":{"execution_ms":0.021262,"state_read_ms":2.734291,"state_hash_ms":0.001329,"commit_ms":0.121379,"total_ms":3.009765},"throughput":{"mgas_per_sec":0},"state_reads":{"accounts":4,"storage_slots":0,"code":0,"code_bytes":0},"state_writes":{"accounts":0,"accounts_deleted":0,"storage_slots":0,"storage_slots_deleted":0,"code":0,"code_bytes":0},"cache":{"account":{"hits":0,"misses":4,"hit_rate":0},"storage":{"hits":0,"misses":0,"hit_rate":0},"code":{"hits":0,"misses":0,"hit_rate":0,"hit_bytes":0,"miss_bytes":0}}}
INFO [06-01|08:54:51.926] Imported new potential chain segment     number=2028 hash=cac0f8..ff6234 blocks=1 txs=0 mgas=0.000 elapsed=3.189ms    mgasps=0.000 triediffs=1.36MiB triedirty=0.00B
INFO [06-01|08:54:51.926] Chain head was updated                   number=2028 hash=cac0f8..ff6234 root=d0568d..d24715 elapsed="33.685µs"
INFO [06-01|08:54:52.946] Starting work on payload                 id=0x039816ad621cddcd
INFO [06-01|08:54:52.961] Updated payload                          id=0x039816ad621cddcd number=2029 hash=942d38..00cd43 txs=0 withdrawals=0 gas=0 fees=0 root=d0568d..d24715 elapsed=15.405ms
INFO [06-01|08:54:52.962] Stopping work on payload                 id=0x039816ad621cddcd reason=delivery
WARN [06-01|08:54:52.975] {"level":"warn","msg":"Slow block","block":{"number":2029,"hash":"0x942d38b65a7875b5f5ebd010ad28212aeefb3497f600f4d78c5e8d9a2f00cd43","gas_used":0,"tx_count":0},"timing":{"execution_ms":0.04797,"state_read_ms":13.299839,"state_hash_ms":0.001475,"commit_ms":0.090056,"total_ms":13.573921},"throughput":{"mgas_per_sec":0},"state_reads":{"accounts":4,"storage_slots":0,"code":0,"code_bytes":0},"state_writes":{"accounts":0,"accounts_deleted":0,"storage_slots":0,"storage_slots_deleted":0,"code":0,"code_bytes":0},"cache":{"account":{"hits":0,"misses":4,"hit_rate":0},"storage":{"hits":0,"misses":0,"hit_rate":0},"code":{"hits":0,"misses":0,"hit_rate":0,"hit_bytes":0,"miss_bytes":0}}}
INFO [06-01|08:54:52.975] Imported new potential chain segment     number=2029 hash=942d38..00cd43 blocks=1 txs=0 mgas=0.000 elapsed=13.715ms   mgasps=0.000 triediffs=1.36MiB triedirty=0.00B
INFO [06-01|08:54:52.975] Chain head was updated                   number=2029 hash=942d38..00cd43 root=d0568d..d24715 elapsed="40.062µs"
INFO [06-01|08:54:53.203] Submitted contract creation              hash=0x9b9f4c2226cfb7f378b97ccec260c24358b687daf3237d8450a2c39624f89a67 from=0xf39Fd6e51aad88F6F4ce6aB8827279cffFb92266 nonce=595 contract=0x8b9d5A75328b5F3167b04B42AD00092E7d6c485c value=0
INFO [06-01|08:54:53.203] Submitted transaction                    hash=0x63b8fafe2c51e5558e3b8c268eac1bb24a8d28509c9771fa81719e8986c4e716 from=0xf39Fd6e51aad88F6F4ce6aB8827279cffFb92266 nonce=596 recipient=0x9e00c4DDbef74dAacE4C5DC9cbE18BD21596B778 value=78,000,000
INFO [06-01|08:54:53.981] Starting work on payload                 id=0x03eaca73a558b8c6
INFO [06-01|08:54:54.011] Updated payload                          id=0x03eaca73a558b8c6 number=2030 hash=07359e..70788e txs=2 withdrawals=0 gas=86852 fees=5.21112e-13 root=a8449b..da7363 elapsed=29.318ms
INFO [06-01|08:54:54.011] Stopping work on payload                 id=0x03eaca73a558b8c6 reason=delivery
INFO [06-01|08:54:54.040] Paused snapshot generation
WARN [06-01|08:54:54.041] {"level":"warn","msg":"Slow block","block":{"number":2030,"hash":"0x07359e0fc0a742409bea0ec12d30aa8c3d523d1032b9067e0f4ccc103a70788e","gas_used":86852,"tx_count":2},"timing":{"execution_ms":0.089593,"state_read_ms":22.674304,"state_hash_ms":2.639292,"commit_ms":4.447544,"total_ms":30.028984},"throughput":{"mgas_per_sec":2.8922723459441717},"state_reads":{"accounts":11,"storage_slots":0,"code":0,"code_bytes":0},"state_writes":{"accounts":3,"accounts_deleted":0,"storage_slots":0,"storage_slots_deleted":0,"code":1,"code_bytes":157},"cache":{"account":{"hits":6,"misses":5,"hit_rate":54.54545454545454},"storage":{"hits":0,"misses":0,"hit_rate":0},"code":{"hits":0,"misses":0,"hit_rate":0,"hit_bytes":0,"miss_bytes":0}}}
INFO [06-01|08:54:54.041] Imported new potential chain segment     number=2030 hash=07359e..70788e blocks=1 txs=2 mgas=0.087 elapsed=30.317ms   mgasps=2.865 triediffs=1.36MiB triedirty=0.00B
INFO [06-01|08:54:54.041] Chain head was updated                   number=2030 hash=07359e..70788e root=a8449b..da7363 elapsed="165.11µs"
WARN [06-01|08:54:54.060] Snapshot generation is not permitted
INFO [06-01|08:54:54.216] Submitted transaction                    hash=0x7391fa172585f131acf05360c5c3e8bf9dc622ed332e2cd18c74946ccaabb6b6 from=0x9e00c4DDbef74dAacE4C5DC9cbE18BD21596B778 nonce=0   recipient=0x8b9d5A75328b5F3167b04B42AD00092E7d6c485c value=0
INFO [06-01|08:54:55.047] Starting work on payload                 id=0x030a57935f892c68
INFO [06-01|08:54:55.210] Updated payload                          id=0x030a57935f892c68 number=2031 hash=645e5b..651c04 txs=1 withdrawals=0 gas=5,900,228 fees=3.5401368e-11 root=106d2d..208f0e elapsed=162.835ms
INFO [06-01|08:54:55.210] Stopping work on payload                 id=0x030a57935f892c68 reason=delivery
INFO [06-01|08:54:55.331] Paused snapshot generation
WARN [06-01|08:54:55.331] {"level":"warn","msg":"Slow block","block":{"number":2031,"hash":"0x645e5b5de4f92893f6a2313fffb9ba8a292bd73fd6f911208f96bf59cb651c04","gas_used":5900228,"tx_count":1},"timing":{"execution_ms":101.125054,"state_read_ms":16.68618,"state_hash_ms":2.727359,"commit_ms":0.591202,"total_ms":121.326042},"throughput":{"mgas_per_sec":48.63117516023477},"state_reads":{"accounts":107,"storage_slots":258,"code":101,"code_bytes":2957},"state_writes":{"accounts":2,"accounts_deleted":0,"storage_slots":0,"storage_slots_deleted":0,"code":0,"code_bytes":0},"cache":{"account":{"hits":14,"misses":93,"hit_rate":13.084112149532709},"storage":{"hits":26,"misses":232,"hit_rate":10.077519379844961},"code":{"hits":101,"misses":0,"hit_rate":100,"hit_bytes":2957,"miss_bytes":0}}}
INFO [06-01|08:54:55.331] Imported new potential chain segment     number=2031 hash=645e5b..651c04 blocks=1 txs=1 mgas=5.900 elapsed=121.564ms  mgasps=48.536 triediffs=1.36MiB triedirty=0.00B
INFO [06-01|08:54:55.332] Chain head was updated                   number=2031 hash=645e5b..651c04 root=106d2d..208f0e elapsed="108.316µs"
WARN [06-01|08:54:55.362] Snapshot generation is not permitted
INFO [06-01|08:54:56.235] Submitted transaction                    hash=0x57bfee742c82774098c093103107497348432728025787e0ae63005a77d1bbf3 from=0x9e00c4DDbef74dAacE4C5DC9cbE18BD21596B778 nonce=1   recipient=0xf39Fd6e51aad88F6F4ce6aB8827279cffFb92266 value=1,045,036
INFO [06-01|08:54:56.337] Starting work on payload                 id=0x0377da922bd73c29
INFO [06-01|08:54:56.352] Updated payload                          id=0x0377da922bd73c29 number=2032 hash=365001..004988 txs=1 withdrawals=0 gas=21000     fees=2.1e-14       root=a513c1..169210 elapsed=14.981ms
INFO [06-01|08:54:56.352] Stopping work on payload                 id=0x0377da922bd73c29 reason=delivery
INFO [06-01|08:54:56.388] Paused snapshot generation
WARN [06-01|08:54:56.388] {"level":"warn","msg":"Slow block","block":{"number":2032,"hash":"0x365001d5a69b321476790211163c369c141699747757615490c3fb9b47004988","gas_used":21000,"tx_count":1},"timing":{"execution_ms":0.0738,"state_read_ms":15.261264,"state_hash_ms":20.068928,"commit_ms":0.685897,"total_ms":36.241596},"throughput":{"mgas_per_sec":0.579444680085281},"state_reads":{"accounts":6,"storage_slots":0,"code":0,"code_bytes":0},"state_writes":{"accounts":2,"accounts_deleted":0,"storage_slots":0,"storage_slots_deleted":0,"code":0,"code_bytes":0},"cache":{"account":{"hits":2,"misses":4,"hit_rate":33.33333333333333},"storage":{"hits":0,"misses":0,"hit_rate":0},"code":{"hits":0,"misses":0,"hit_rate":0,"hit_bytes":0,"miss_bytes":0}}}
INFO [06-01|08:54:56.388] Imported new potential chain segment     number=2032 hash=365001..004988 blocks=1 txs=1 mgas=0.021 elapsed=36.389ms    mgasps=0.577  triediffs=1.36MiB triedirty=0.00B
INFO [06-01|08:54:56.389] Chain head was updated                   number=2032 hash=365001..004988 root=a513c1..169210 elapsed="65.469µs"
WARN [06-01|08:54:56.407] Snapshot generation is not permitted
INFO [06-01|08:54:57.394] Starting work on payload                 id=0x03c41c77948fa8d6
INFO [06-01|08:54:57.399] Updated payload                          id=0x03c41c77948fa8d6 number=2033 hash=c01f29..e73745 txs=0 withdrawals=0 gas=0         fees=0             root=a513c1..169210 elapsed=4.840ms
INFO [06-01|08:54:57.399] Stopping work on payload                 id=0x03c41c77948fa8d6 reason=delivery
WARN [06-01|08:54:57.404] {"level":"warn","msg":"Slow block","block":{"number":2033,"hash":"0xc01f2949703b5edae6b144523406b256418a48bee16775ecbe967edb10e73745","gas_used":0,"tx_count":0},"timing":{"execution_ms":0.03581,"state_read_ms":3.619246,"state_hash_ms":0.00244,"commit_ms":0.342097,"total_ms":4.609766},"throughput":{"mgas_per_sec":0},"state_reads":{"accounts":4,"storage_slots":0,"code":0,"code_bytes":0},"state_writes":{"accounts":0,"accounts_deleted":0,"storage_slots":0,"storage_slots_deleted":0,"code":0,"code_bytes":0},"cache":{"account":{"hits":0,"misses":4,"hit_rate":0},"storage":{"hits":0,"misses":0,"hit_rate":0},"code":{"hits":0,"misses":0,"hit_rate":0,"hit_bytes":0,"miss_bytes":0}}}
INFO [06-01|08:54:57.404] Imported new potential chain segment     number=2033 hash=c01f29..e73745 blocks=1 txs=0 mgas=0.000 elapsed=4.798ms     mgasps=0.000  triediffs=1.36MiB triedirty=0.00B
INFO [06-01|08:54:57.405] Chain head was updated                   number=2033 hash=c01f29..e73745 root=a513c1..169210 elapsed="109.493µs"
