WARN [06-01|08:59:48.274] Unknown config environment variable      envvar=GETH_PBT_BIN
WARN [06-01|08:59:48.274] Unknown config environment variable      envvar=GETH_UBT_BIN
INFO [06-01|08:59:48.288] Starting Geth on Ethereum mainnet...
INFO [06-01|08:59:48.290] Maximum peer count                       ETH=0 total=0
INFO [06-01|08:59:48.291] Smartcard socket not found, disabling    err="stat /run/pcscd/pcscd.comm: no such file or directory"
WARN [06-01|08:59:48.294] Option --miner.etherbase is deprecated as the etherbase is set by the consensus client post-merge
WARN [06-01|08:59:48.296] Snap sync requested, resetting --cache.snapshot
INFO [06-01|08:59:48.296] Set global gas cap                       cap=50,000,000
INFO [06-01|08:59:49.103] Using developer account                  address=0xf39Fd6e51aad88F6F4ce6aB8827279cffFb92266
INFO [06-01|08:59:49.146] Using pebble as the backing database
INFO [06-01|08:59:49.146] Allocated cache and file handles         database=/mnt/state_expiry_vol_data/ubt-vs-pbt-dbs/ubt/geth/chaindata cache=16.00MiB handles=262,144
INFO [06-01|08:59:49.369] Opened ancient database                  database=/mnt/state_expiry_vol_data/ubt-vs-pbt-dbs/ubt/geth/chaindata/ancient/chain readonly=true
INFO [06-01|08:59:49.369] Opened Era store                         datadir=/mnt/state_expiry_vol_data/ubt-vs-pbt-dbs/ubt/geth/chaindata/ancient/chain/era
INFO [06-01|08:59:49.377] Initializing the KZG library             backend=gokzg
INFO [06-01|08:59:49.378] Allocated trie memory caches             clean=0.00B dirty=0.00B
INFO [06-01|08:59:49.388] Using pebble as the backing database
INFO [06-01|08:59:49.388] Allocated cache and file handles         database=/mnt/state_expiry_vol_data/ubt-vs-pbt-dbs/ubt/geth/chaindata cache=16.00MiB handles=262,144
INFO [06-01|08:59:49.580] Opened ancient database                  database=/mnt/state_expiry_vol_data/ubt-vs-pbt-dbs/ubt/geth/chaindata/ancient/chain readonly=false
INFO [06-01|08:59:49.580] Opened Era store                         datadir=/mnt/state_expiry_vol_data/ubt-vs-pbt-dbs/ubt/geth/chaindata/ancient/chain/era
INFO [06-01|08:59:49.586] State scheme set to already existing     scheme=path
INFO [06-01|08:59:49.587] Initialising Ethereum protocol           network=1337 dbversion=9
INFO [06-01|08:59:49.587] Load database journal from file          path=/mnt/state_expiry_vol_data/ubt-vs-pbt-dbs/ubt/geth/triedb/verkle.journal
INFO [06-01|08:59:49.652] Opened ancient database                  database=/mnt/state_expiry_vol_data/ubt-vs-pbt-dbs/ubt/geth/chaindata/ancient/state_verkle readonly=false
INFO [06-01|08:59:49.655] State snapshot generator is not compatible
INFO [06-01|08:59:49.655] Initialized path database                triecache=0.00B statecache=0.00B buffer=0.00B state-history="last 90000 blocks" journal-dir=/mnt/state_expiry_vol_data/ubt-vs-pbt-dbs/ubt/geth/triedb verkle=true
INFO [06-01|08:59:49.655] 
INFO [06-01|08:59:49.655] ---------------------------------------------------------------------------------------------------------------------------------------------------------
INFO [06-01|08:59:49.655] Chain ID:  1337 (unknown)
INFO [06-01|08:59:49.655] Consensus: unknown
INFO [06-01|08:59:49.655] 
INFO [06-01|08:59:49.655] Pre-Merge hard forks (block based):
INFO [06-01|08:59:49.655]  - Homestead:                   #0       
INFO [06-01|08:59:49.655]  - Tangerine Whistle (EIP 150): #0       
INFO [06-01|08:59:49.655]  - Spurious Dragon/1 (EIP 155): #0       
INFO [06-01|08:59:49.655]  - Spurious Dragon/2 (EIP 158): #0       
INFO [06-01|08:59:49.655]  - Byzantium:                   #0       
INFO [06-01|08:59:49.655]  - Constantinople:              #0       
INFO [06-01|08:59:49.655]  - Petersburg:                  #0       
INFO [06-01|08:59:49.655]  - Istanbul:                    #0       
INFO [06-01|08:59:49.655]  - Berlin:                      #0       
INFO [06-01|08:59:49.655]  - London:                      #0       
INFO [06-01|08:59:49.655]  - Arrow Glacier:               #0       
INFO [06-01|08:59:49.655]  - Gray Glacier:                #0       
INFO [06-01|08:59:49.655] 
INFO [06-01|08:59:49.655] Merge configured:
INFO [06-01|08:59:49.655]  - Total terminal difficulty:  0
INFO [06-01|08:59:49.655]  - Merge netsplit block:       #0       
INFO [06-01|08:59:49.655] 
INFO [06-01|08:59:49.655] Post-Merge hard forks (timestamp based):
INFO [06-01|08:59:49.655]  - Shanghai:                    @0         
INFO [06-01|08:59:49.655]  - Cancun:                      @0          blob: (target: 3, max: 6, fraction: 3338477)
INFO [06-01|08:59:49.655]  - Prague:                      @0          blob: (target: 6, max: 9, fraction: 5007716)
INFO [06-01|08:59:49.655]  - Osaka:                       @0          blob: (target: 6, max: 9, fraction: 5007716)
INFO [06-01|08:59:49.655]  - UBT:                         @0          blob: (nil)
INFO [06-01|08:59:49.655] 
INFO [06-01|08:59:49.655] All fork specifications can be found at https://ethereum.github.io/execution-specs/src/ethereum/forks/
INFO [06-01|08:59:49.655] 
INFO [06-01|08:59:49.655] ---------------------------------------------------------------------------------------------------------------------------------------------------------
INFO [06-01|08:59:49.655] 
INFO [06-01|08:59:49.657] Loaded most recent local block           number=2222 hash=da3cd4..24b2a8 age=3s
INFO [06-01|08:59:49.657] Loaded most recent local finalized block number=2208 hash=0cf85f..b39ffe age=24s
INFO [06-01|08:59:49.658] Initialized transaction indexer          range="last 2350000 blocks"
INFO [06-01|08:59:49.658] Initialized log indexer                  firstblock=0 lastblock=2222 firstmap=0 lastmap=0 headindexed=true
INFO [06-01|08:59:49.712] Enabled full-sync                        head=2222 hash=da3cd4..24b2a8
INFO [06-01|08:59:49.712] Unprotected transactions allowed
INFO [06-01|08:59:49.712] Gasprice oracle is ignoring threshold set threshold=2
INFO [06-01|08:59:49.713] Registered sync override service
WARN [06-01|08:59:49.713] You are running Geth in --dev mode. Please note the following:
WARN [06-01|08:59:49.713] 
WARN [06-01|08:59:49.713]   1. This mode is only intended for fast, iterative development without assumptions on
WARN [06-01|08:59:49.713]      security or persistence.
WARN [06-01|08:59:49.713]   2. The database is created in memory unless specified otherwise. Therefore, shutting down
WARN [06-01|08:59:49.713]      your computer or losing power will wipe your entire block data and chain state for
WARN [06-01|08:59:49.713]      your dev environment.
WARN [06-01|08:59:49.713]   3. A random, pre-allocated developer account will be available and unlocked as
WARN [06-01|08:59:49.713]      eth.coinbase, which can be used for testing. The random dev account is temporary,
WARN [06-01|08:59:49.713]      stored on a ramdisk, and will be lost if your machine is restarted.
WARN [06-01|08:59:49.713]   4. Mining is enabled by default. However, the client will only seal blocks if transactions
WARN [06-01|08:59:49.713]      are pending in the mempool. The miner's minimum accepted gas price is 1.
WARN [06-01|08:59:49.713]   5. Networking is disabled; there is no listen-address, the maximum number of peers is set
WARN [06-01|08:59:49.713]      to 0, and discovery is disabled.
WARN [06-01|08:59:49.713] 
INFO [06-01|08:59:49.713] Starting peer-to-peer node               instance=Geth/v1.17.3-unstable/linux-amd64/go1.24.9
WARN [06-01|08:59:49.713] P2P server will be useless, neither dialing nor listening
INFO [06-01|08:59:49.750] IPC endpoint opened                      url=/mnt/state_expiry_vol_data/ubt-vs-pbt-dbs/ubt/geth.ipc
ERROR[06-01|08:59:49.750] Unavailable modules in HTTP API list     unavailable=[personal] available="[admin debug web3 eth txpool miner net dev testing]"
INFO [06-01|08:59:49.751] New local node record                    seq=1,780,289,664,369 id=c084d8867e8cc127 ip=127.0.0.1 udp=0 tcp=0
INFO [06-01|08:59:49.751] Started P2P networking                   self=enode://ed0ccbffbfc0dc9f1b0f8e55d585ad3e61215b1974f32d9388e7ae53563e3ebe0172c21d754fa202c3a63f95bef3ff3ea24339ffdabd0115c47ec5b8d33136a9@127.0.0.1:0
INFO [06-01|08:59:49.751] HTTP server started                      endpoint=127.0.0.1:8545 auth=false prefix= cors= vhosts=localhost
INFO [06-01|08:59:49.751] WebSocket enabled                        url=ws://127.0.0.1:8546
INFO [06-01|08:59:49.977] Loaded local transaction journal         transactions=1813 dropped=0
INFO [06-01|08:59:51.057] Started log indexer
INFO [06-01|08:59:51.101] Starting work on payload                 id=0x037b5b89802b0c5f
INFO [06-01|08:59:51.108] Updated payload                          id=0x037b5b89802b0c5f number=2223 hash=9e6f7c..a0f098 txs=0 withdrawals=0 gas=0 fees=0 root=25bc97..25fa8e elapsed=6.803ms
INFO [06-01|08:59:51.109] Stopping work on payload                 id=0x037b5b89802b0c5f reason=delivery
WARN [06-01|08:59:51.114] {"level":"warn","msg":"Slow block","block":{"number":2223,"hash":"0x9e6f7cd97710da364ccd695da7c9727b84d90b46161c7edd27dcba2ccda0f098","gas_used":0,"tx_count":0},"timing":{"execution_ms":0.066314,"state_read_ms":5.390701,"state_hash_ms":0.002805,"commit_ms":0.250104,"total_ms":5.901553},"throughput":{"mgas_per_sec":0},"state_reads":{"accounts":4,"storage_slots":0,"code":0,"code_bytes":0},"state_writes":{"accounts":0,"accounts_deleted":0,"storage_slots":0,"storage_slots_deleted":0,"code":0,"code_bytes":0},"cache":{"account":{"hits":0,"misses":4,"hit_rate":0},"storage":{"hits":0,"misses":0,"hit_rate":0},"code":{"hits":0,"misses":0,"hit_rate":0,"hit_bytes":0,"miss_bytes":0}}}
INFO [06-01|08:59:51.115] Imported new potential chain segment     number=2223 hash=9e6f7c..a0f098 blocks=1 txs=0 mgas=0.000 elapsed=6.234ms mgasps=0.000 triediffs=1.51MiB triedirty=0.00B
INFO [06-01|08:59:51.115] Chain head was updated                   number=2223 hash=9e6f7c..a0f098 root=25bc97..25fa8e elapsed="74.035µs"
INFO [06-01|08:59:52.120] Starting work on payload                 id=0x03c23cfcb2f9cf47
INFO [06-01|08:59:52.128] Updated payload                          id=0x03c23cfcb2f9cf47 number=2224 hash=e34f17..18fefd txs=0 withdrawals=0 gas=0 fees=0 root=25bc97..25fa8e elapsed=7.643ms
INFO [06-01|08:59:52.128] Stopping work on payload                 id=0x03c23cfcb2f9cf47 reason=delivery
WARN [06-01|08:59:52.132] {"level":"warn","msg":"Slow block","block":{"number":2224,"hash":"0xe34f175dfc7f6a181932ba8d7cd4a84913633ce65f7034f5e6d64f6dd618fefd","gas_used":0,"tx_count":0},"timing":{"execution_ms":0.040046,"state_read_ms":3.193483,"state_hash_ms":0.001964,"commit_ms":0.142961,"total_ms":3.555596},"throughput":{"mgas_per_sec":0},"state_reads":{"accounts":4,"storage_slots":0,"code":0,"code_bytes":0},"state_writes":{"accounts":0,"accounts_deleted":0,"storage_slots":0,"storage_slots_deleted":0,"code":0,"code_bytes":0},"cache":{"account":{"hits":0,"misses":4,"hit_rate":0},"storage":{"hits":0,"misses":0,"hit_rate":0},"code":{"hits":0,"misses":0,"hit_rate":0,"hit_bytes":0,"miss_bytes":0}}}
INFO [06-01|08:59:52.132] Imported new potential chain segment     number=2224 hash=e34f17..18fefd blocks=1 txs=0 mgas=0.000 elapsed=3.815ms    mgasps=0.000 triediffs=1.51MiB triedirty=0.00B
INFO [06-01|08:59:52.132] Chain head was updated                   number=2224 hash=e34f17..18fefd root=25bc97..25fa8e elapsed="56.446µs"
INFO [06-01|08:59:53.158] Starting work on payload                 id=0x0341e247d94f992c
INFO [06-01|08:59:53.176] Updated payload                          id=0x0341e247d94f992c number=2225 hash=7eb2ef..74f409 txs=0 withdrawals=0 gas=0 fees=0 root=25bc97..25fa8e elapsed=18.072ms
INFO [06-01|08:59:53.176] Stopping work on payload                 id=0x0341e247d94f992c reason=delivery
WARN [06-01|08:59:53.181] {"level":"warn","msg":"Slow block","block":{"number":2225,"hash":"0x7eb2ef6e9b9b4fa70376833d81a746156cbc80e3b099fe7d5c5431455f74f409","gas_used":0,"tx_count":0},"timing":{"execution_ms":0.041605,"state_read_ms":4.299915,"state_hash_ms":0.002506,"commit_ms":0.130484,"total_ms":4.605182},"throughput":{"mgas_per_sec":0},"state_reads":{"accounts":4,"storage_slots":0,"code":0,"code_bytes":0},"state_writes":{"accounts":0,"accounts_deleted":0,"storage_slots":0,"storage_slots_deleted":0,"code":0,"code_bytes":0},"cache":{"account":{"hits":0,"misses":4,"hit_rate":0},"storage":{"hits":0,"misses":0,"hit_rate":0},"code":{"hits":0,"misses":0,"hit_rate":0,"hit_bytes":0,"miss_bytes":0}}}
INFO [06-01|08:59:53.181] Imported new potential chain segment     number=2225 hash=7eb2ef..74f409 blocks=1 txs=0 mgas=0.000 elapsed=4.825ms    mgasps=0.000 triediffs=1.51MiB triedirty=0.00B
INFO [06-01|08:59:53.181] Chain head was updated                   number=2225 hash=7eb2ef..74f409 root=25bc97..25fa8e elapsed="58.212µs"
INFO [06-01|08:59:53.260] Submitted contract creation              hash=0xb443561b559b73a36af6ece477321fae3abb72161f069672a802e459d79bc293 from=0xf39Fd6e51aad88F6F4ce6aB8827279cffFb92266 nonce=651 contract=0x59c7D03d2E9893FB7bAa89dA50a9452e1e9B8b90 value=0
INFO [06-01|08:59:53.261] Submitted transaction                    hash=0x894cef6462b076120f20f2451557d13f7385707a8f6c757e72a80bbae4cc1407 from=0xf39Fd6e51aad88F6F4ce6aB8827279cffFb92266 nonce=652 recipient=0x4dFdbB83456Af3F011C68C8C91d0377d65adDa12 value=78,000,000
INFO [06-01|08:59:54.197] Starting work on payload                 id=0x03372d860b1ce755
INFO [06-01|08:59:54.220] Updated payload                          id=0x03372d860b1ce755 number=2226 hash=fa89f4..b514d0 txs=2 withdrawals=0 gas=86906 fees=5.21436e-13 root=0e0068..9356da elapsed=22.720ms
INFO [06-01|08:59:54.224] Stopping work on payload                 id=0x03372d860b1ce755 reason=delivery
INFO [06-01|08:59:54.245] Paused snapshot generation
WARN [06-01|08:59:54.246] {"level":"warn","msg":"Slow block","block":{"number":2226,"hash":"0xfa89f46c2c1687a0c8fb79255df5a0761e2e426e5f4957afe52e22327eb514d0","gas_used":86906,"tx_count":2},"timing":{"execution_ms":0.379525,"state_read_ms":17.054902,"state_hash_ms":2.676596,"commit_ms":4.827901,"total_ms":25.125856},"throughput":{"mgas_per_sec":3.4588274325857795},"state_reads":{"accounts":11,"storage_slots":0,"code":0,"code_bytes":0},"state_writes":{"accounts":3,"accounts_deleted":0,"storage_slots":0,"storage_slots_deleted":0,"code":1,"code_bytes":163},"cache":{"account":{"hits":4,"misses":7,"hit_rate":36.36363636363637},"storage":{"hits":0,"misses":0,"hit_rate":0},"code":{"hits":0,"misses":0,"hit_rate":0,"hit_bytes":0,"miss_bytes":0}}}
INFO [06-01|08:59:54.246] Imported new potential chain segment     number=2226 hash=fa89f4..b514d0 blocks=1 txs=2 mgas=0.087 elapsed=25.375ms   mgasps=3.425 triediffs=1.51MiB triedirty=0.00B
INFO [06-01|08:59:54.246] Chain head was updated                   number=2226 hash=fa89f4..b514d0 root=0e0068..9356da elapsed="166.129µs"
WARN [06-01|08:59:54.265] Snapshot generation is not permitted
INFO [06-01|08:59:54.272] Submitted transaction                    hash=0xbe0533c46311c72717d8d76aa966cd3a6991ce794c07032f8fc9336aa4db4fdd from=0x4dFdbB83456Af3F011C68C8C91d0377d65adDa12 nonce=0   recipient=0x59c7D03d2E9893FB7bAa89dA50a9452e1e9B8b90 value=0
INFO [06-01|08:59:55.262] Starting work on payload                 id=0x03bd8cfb51712cf9
INFO [06-01|08:59:55.312] Updated payload                          id=0x03bd8cfb51712cf9 number=2227 hash=3da0f2..91878a txs=1 withdrawals=0 gas=5,908,615 fees=3.545169e-11 root=825dd2..47fccf elapsed=50.140ms
INFO [06-01|08:59:55.312] Stopping work on payload                 id=0x03bd8cfb51712cf9 reason=delivery
INFO [06-01|08:59:55.337] Paused snapshot generation
WARN [06-01|08:59:55.338] {"level":"warn","msg":"Slow block","block":{"number":2227,"hash":"0x3da0f28f78248bd27992fa5dc288ea44633cd28b5ea585e7e3ee18028791878a","gas_used":5908615,"tx_count":1},"timing":{"execution_ms":8.758136,"state_read_ms":8.651846,"state_hash_ms":4.818584,"commit_ms":1.491961,"total_ms":23.929067},"throughput":{"mgas_per_sec":246.92208016300845},"state_reads":{"accounts":8,"storage_slots":751,"code":2,"code_bytes":191},"state_writes":{"accounts":3,"accounts_deleted":0,"storage_slots":197,"storage_slots_deleted":0,"code":0,"code_bytes":0},"cache":{"account":{"hits":4,"misses":4,"hit_rate":50},"storage":{"hits":216,"misses":535,"hit_rate":28.761651131824234},"code":{"hits":2,"misses":0,"hit_rate":100,"hit_bytes":191,"miss_bytes":0}}}
INFO [06-01|08:59:55.338] Imported new potential chain segment     number=2227 hash=3da0f2..91878a blocks=1 txs=1 mgas=5.909 elapsed=24.107ms    mgasps=245.096 triediffs=1.55MiB triedirty=0.00B
INFO [06-01|08:59:55.338] Chain head was updated                   number=2227 hash=3da0f2..91878a root=825dd2..47fccf elapsed="82.973µs"
WARN [06-01|08:59:55.361] Snapshot generation is not permitted
INFO [06-01|08:59:56.287] Submitted transaction                    hash=0x26116772c7bf18f99d68c184d2022c4fcaa7e508fbf920256931793ae13e09ce from=0x4dFdbB83456Af3F011C68C8C91d0377d65adDa12 nonce=1   recipient=0xf39Fd6e51aad88F6F4ce6aB8827279cffFb92266 value=936,005
INFO [06-01|08:59:56.352] Starting work on payload                 id=0x03c7d6abef09727e
INFO [06-01|08:59:56.367] Updated payload                          id=0x03c7d6abef09727e number=2228 hash=137593..6c2da5 txs=1 withdrawals=0 gas=21000     fees=2.1e-14      root=394b7e..83e824 elapsed=15.369ms
INFO [06-01|08:59:56.369] Stopping work on payload                 id=0x03c7d6abef09727e reason=delivery
INFO [06-01|08:59:56.384] Paused snapshot generation
WARN [06-01|08:59:56.384] {"level":"warn","msg":"Slow block","block":{"number":2228,"hash":"0x137593eedc32a8c5210801c933183dbd366fb62387d93e097175967e226c2da5","gas_used":21000,"tx_count":1},"timing":{"execution_ms":0.133203,"state_read_ms":12.674587,"state_hash_ms":2.305947,"commit_ms":0.688935,"total_ms":16.016169},"throughput":{"mgas_per_sec":1.3111749757385802},"state_reads":{"accounts":6,"storage_slots":0,"code":0,"code_bytes":0},"state_writes":{"accounts":2,"accounts_deleted":0,"storage_slots":0,"storage_slots_deleted":0,"code":0,"code_bytes":0},"cache":{"account":{"hits":2,"misses":4,"hit_rate":33.33333333333333},"storage":{"hits":0,"misses":0,"hit_rate":0},"code":{"hits":0,"misses":0,"hit_rate":0,"hit_bytes":0,"miss_bytes":0}}}
INFO [06-01|08:59:56.384] Imported new potential chain segment     number=2228 hash=137593..6c2da5 blocks=1 txs=1 mgas=0.021 elapsed=16.229ms    mgasps=1.294   triediffs=1.55MiB triedirty=0.00B
INFO [06-01|08:59:56.385] Chain head was updated                   number=2228 hash=137593..6c2da5 root=394b7e..83e824 elapsed="59.05µs"
WARN [06-01|08:59:56.409] Snapshot generation is not permitted
INFO [06-01|08:59:57.389] Starting work on payload                 id=0x031385b9253a1577
INFO [06-01|08:59:57.393] Updated payload                          id=0x031385b9253a1577 number=2229 hash=caf5b8..408b1f txs=0 withdrawals=0 gas=0         fees=0            root=394b7e..83e824 elapsed=3.594ms
INFO [06-01|08:59:57.393] Stopping work on payload                 id=0x031385b9253a1577 reason=delivery
WARN [06-01|08:59:57.422] {"level":"warn","msg":"Slow block","block":{"number":2229,"hash":"0xcaf5b877d0c26bbe1c00b30d8ec4a884f0fad3336d03be2f61c154b43e408b1f","gas_used":0,"tx_count":0},"timing":{"execution_ms":0.043545,"state_read_ms":28.464394,"state_hash_ms":0.004046,"commit_ms":0.172954,"total_ms":28.931379},"throughput":{"mgas_per_sec":0},"state_reads":{"accounts":4,"storage_slots":0,"code":0,"code_bytes":0},"state_writes":{"accounts":0,"accounts_deleted":0,"storage_slots":0,"storage_slots_deleted":0,"code":0,"code_bytes":0},"cache":{"account":{"hits":0,"misses":4,"hit_rate":0},"storage":{"hits":0,"misses":0,"hit_rate":0},"code":{"hits":0,"misses":0,"hit_rate":0,"hit_bytes":0,"miss_bytes":0}}}
INFO [06-01|08:59:57.422] Imported new potential chain segment     number=2229 hash=caf5b8..408b1f blocks=1 txs=0 mgas=0.000 elapsed=29.139ms    mgasps=0.000   triediffs=1.55MiB triedirty=0.00B
INFO [06-01|08:59:57.423] Chain head was updated                   number=2229 hash=caf5b8..408b1f root=394b7e..83e824 elapsed="503.101µs"
