WARN [06-01|09:03:56.474] Unknown config environment variable      envvar=GETH_PBT_BIN
WARN [06-01|09:03:56.474] Unknown config environment variable      envvar=GETH_UBT_BIN
INFO [06-01|09:03:56.484] Starting Geth on Ethereum mainnet...
INFO [06-01|09:03:56.486] Maximum peer count                       ETH=0 total=0
INFO [06-01|09:03:56.487] Smartcard socket not found, disabling    err="stat /run/pcscd/pcscd.comm: no such file or directory"
WARN [06-01|09:03:56.490] Option --miner.etherbase is deprecated as the etherbase is set by the consensus client post-merge
WARN [06-01|09:03:56.492] Snap sync requested, resetting --cache.snapshot
INFO [06-01|09:03:56.492] Set global gas cap                       cap=50,000,000
INFO [06-01|09:03:57.316] Using developer account                  address=0xf39Fd6e51aad88F6F4ce6aB8827279cffFb92266
INFO [06-01|09:03:57.358] Using pebble as the backing database
INFO [06-01|09:03:57.358] Allocated cache and file handles         database=/mnt/state_expiry_vol_data/ubt-vs-pbt-dbs/ubt/geth/chaindata cache=16.00MiB handles=262,144
INFO [06-01|09:03:57.574] Opened ancient database                  database=/mnt/state_expiry_vol_data/ubt-vs-pbt-dbs/ubt/geth/chaindata/ancient/chain readonly=true
INFO [06-01|09:03:57.574] Opened Era store                         datadir=/mnt/state_expiry_vol_data/ubt-vs-pbt-dbs/ubt/geth/chaindata/ancient/chain/era
INFO [06-01|09:03:57.581] Initializing the KZG library             backend=gokzg
INFO [06-01|09:03:57.584] Allocated trie memory caches             clean=0.00B dirty=0.00B
INFO [06-01|09:03:57.595] Using pebble as the backing database
INFO [06-01|09:03:57.595] Allocated cache and file handles         database=/mnt/state_expiry_vol_data/ubt-vs-pbt-dbs/ubt/geth/chaindata cache=16.00MiB handles=262,144
INFO [06-01|09:03:57.772] Opened ancient database                  database=/mnt/state_expiry_vol_data/ubt-vs-pbt-dbs/ubt/geth/chaindata/ancient/chain readonly=false
INFO [06-01|09:03:57.772] Opened Era store                         datadir=/mnt/state_expiry_vol_data/ubt-vs-pbt-dbs/ubt/geth/chaindata/ancient/chain/era
INFO [06-01|09:03:57.778] State scheme set to already existing     scheme=path
INFO [06-01|09:03:57.778] Initialising Ethereum protocol           network=1337 dbversion=9
INFO [06-01|09:03:57.778] Load database journal from file          path=/mnt/state_expiry_vol_data/ubt-vs-pbt-dbs/ubt/geth/triedb/verkle.journal
INFO [06-01|09:03:57.859] Opened ancient database                  database=/mnt/state_expiry_vol_data/ubt-vs-pbt-dbs/ubt/geth/chaindata/ancient/state_verkle readonly=false
INFO [06-01|09:03:57.861] State snapshot generator is not compatible
INFO [06-01|09:03:57.861] Initialized path database                triecache=0.00B statecache=0.00B buffer=0.00B state-history="last 90000 blocks" journal-dir=/mnt/state_expiry_vol_data/ubt-vs-pbt-dbs/ubt/geth/triedb verkle=true
INFO [06-01|09:03:57.862] 
INFO [06-01|09:03:57.862] ---------------------------------------------------------------------------------------------------------------------------------------------------------
INFO [06-01|09:03:57.862] Chain ID:  1337 (unknown)
INFO [06-01|09:03:57.862] Consensus: unknown
INFO [06-01|09:03:57.862] 
INFO [06-01|09:03:57.862] Pre-Merge hard forks (block based):
INFO [06-01|09:03:57.862]  - Homestead:                   #0       
INFO [06-01|09:03:57.862]  - Tangerine Whistle (EIP 150): #0       
INFO [06-01|09:03:57.862]  - Spurious Dragon/1 (EIP 155): #0       
INFO [06-01|09:03:57.862]  - Spurious Dragon/2 (EIP 158): #0       
INFO [06-01|09:03:57.862]  - Byzantium:                   #0       
INFO [06-01|09:03:57.862]  - Constantinople:              #0       
INFO [06-01|09:03:57.862]  - Petersburg:                  #0       
INFO [06-01|09:03:57.862]  - Istanbul:                    #0       
INFO [06-01|09:03:57.862]  - Berlin:                      #0       
INFO [06-01|09:03:57.862]  - London:                      #0       
INFO [06-01|09:03:57.862]  - Arrow Glacier:               #0       
INFO [06-01|09:03:57.862]  - Gray Glacier:                #0       
INFO [06-01|09:03:57.862] 
INFO [06-01|09:03:57.862] Merge configured:
INFO [06-01|09:03:57.862]  - Total terminal difficulty:  0
INFO [06-01|09:03:57.862]  - Merge netsplit block:       #0       
INFO [06-01|09:03:57.862] 
INFO [06-01|09:03:57.862] Post-Merge hard forks (timestamp based):
INFO [06-01|09:03:57.862]  - Shanghai:                    @0         
INFO [06-01|09:03:57.862]  - Cancun:                      @0          blob: (target: 3, max: 6, fraction: 3338477)
INFO [06-01|09:03:57.862]  - Prague:                      @0          blob: (target: 6, max: 9, fraction: 5007716)
INFO [06-01|09:03:57.862]  - Osaka:                       @0          blob: (target: 6, max: 9, fraction: 5007716)
INFO [06-01|09:03:57.862]  - UBT:                         @0          blob: (nil)
INFO [06-01|09:03:57.862] 
INFO [06-01|09:03:57.862] All fork specifications can be found at https://ethereum.github.io/execution-specs/src/ethereum/forks/
INFO [06-01|09:03:57.862] 
INFO [06-01|09:03:57.862] ---------------------------------------------------------------------------------------------------------------------------------------------------------
INFO [06-01|09:03:57.862] 
INFO [06-01|09:03:57.864] Loaded most recent local block           number=2381 hash=cafa31..d158d2 age=3s
INFO [06-01|09:03:57.864] Loaded most recent local finalized block number=2368 hash=e3641e..a2cccc age=23s
INFO [06-01|09:03:57.865] Initialized transaction indexer          range="last 2350000 blocks"
INFO [06-01|09:03:57.865] Initialized log indexer                  firstblock=0 lastblock=2381 firstmap=0 lastmap=0 headindexed=true
INFO [06-01|09:03:57.918] Enabled full-sync                        head=2381 hash=cafa31..d158d2
INFO [06-01|09:03:57.918] Unprotected transactions allowed
INFO [06-01|09:03:57.918] Gasprice oracle is ignoring threshold set threshold=2
INFO [06-01|09:03:57.918] Registered sync override service
WARN [06-01|09:03:57.919] You are running Geth in --dev mode. Please note the following:
WARN [06-01|09:03:57.919] 
WARN [06-01|09:03:57.919]   1. This mode is only intended for fast, iterative development without assumptions on
WARN [06-01|09:03:57.919]      security or persistence.
WARN [06-01|09:03:57.919]   2. The database is created in memory unless specified otherwise. Therefore, shutting down
WARN [06-01|09:03:57.919]      your computer or losing power will wipe your entire block data and chain state for
WARN [06-01|09:03:57.919]      your dev environment.
WARN [06-01|09:03:57.919]   3. A random, pre-allocated developer account will be available and unlocked as
WARN [06-01|09:03:57.919]      eth.coinbase, which can be used for testing. The random dev account is temporary,
WARN [06-01|09:03:57.919]      stored on a ramdisk, and will be lost if your machine is restarted.
WARN [06-01|09:03:57.919]   4. Mining is enabled by default. However, the client will only seal blocks if transactions
WARN [06-01|09:03:57.919]      are pending in the mempool. The miner's minimum accepted gas price is 1.
WARN [06-01|09:03:57.919]   5. Networking is disabled; there is no listen-address, the maximum number of peers is set
WARN [06-01|09:03:57.919]      to 0, and discovery is disabled.
WARN [06-01|09:03:57.919] 
INFO [06-01|09:03:57.919] Starting peer-to-peer node               instance=Geth/v1.17.3-unstable/linux-amd64/go1.24.9
WARN [06-01|09:03:57.919] P2P server will be useless, neither dialing nor listening
INFO [06-01|09:03:57.951] IPC endpoint opened                      url=/mnt/state_expiry_vol_data/ubt-vs-pbt-dbs/ubt/geth.ipc
ERROR[06-01|09:03:57.951] Unavailable modules in HTTP API list     unavailable=[personal] available="[admin debug web3 eth txpool miner net dev testing]"
INFO [06-01|09:03:57.951] New local node record                    seq=1,780,289,664,393 id=c084d8867e8cc127 ip=127.0.0.1 udp=0 tcp=0
INFO [06-01|09:03:57.951] Started P2P networking                   self=enode://ed0ccbffbfc0dc9f1b0f8e55d585ad3e61215b1974f32d9388e7ae53563e3ebe0172c21d754fa202c3a63f95bef3ff3ea24339ffdabd0115c47ec5b8d33136a9@127.0.0.1:0
INFO [06-01|09:03:57.951] HTTP server started                      endpoint=127.0.0.1:8545 auth=false prefix= cors= vhosts=localhost
INFO [06-01|09:03:57.952] WebSocket enabled                        url=ws://127.0.0.1:8546
INFO [06-01|09:03:58.175] Loaded local transaction journal         transactions=1909 dropped=0
INFO [06-01|09:03:59.194] Started log indexer
INFO [06-01|09:03:59.233] Starting work on payload                 id=0x035628aff09857e9
INFO [06-01|09:03:59.236] Updated payload                          id=0x035628aff09857e9 number=2382 hash=65a8c9..b44d05 txs=0 withdrawals=0 gas=0 fees=0 root=ed4cdb..8800c8 elapsed=2.948ms
INFO [06-01|09:03:59.236] Stopping work on payload                 id=0x035628aff09857e9 reason=delivery
WARN [06-01|09:03:59.239] {"level":"warn","msg":"Slow block","block":{"number":2382,"hash":"0x65a8c902747ef4dd510144d1491dc658f175eef00df4bc0d86c8adba8cb44d05","gas_used":0,"tx_count":0},"timing":{"execution_ms":0.033963,"state_read_ms":2.697527,"state_hash_ms":0.001293,"commit_ms":0.148448,"total_ms":3.052242},"throughput":{"mgas_per_sec":0},"state_reads":{"accounts":4,"storage_slots":0,"code":0,"code_bytes":0},"state_writes":{"accounts":0,"accounts_deleted":0,"storage_slots":0,"storage_slots_deleted":0,"code":0,"code_bytes":0},"cache":{"account":{"hits":0,"misses":4,"hit_rate":0},"storage":{"hits":0,"misses":0,"hit_rate":0},"code":{"hits":0,"misses":0,"hit_rate":0,"hit_bytes":0,"miss_bytes":0}}}
INFO [06-01|09:03:59.239] Imported new potential chain segment     number=2382 hash=65a8c9..b44d05 blocks=1 txs=0 mgas=0.000 elapsed=3.367ms mgasps=0.000 triediffs=2.53MiB triedirty=0.00B
INFO [06-01|09:03:59.239] Chain head was updated                   number=2382 hash=65a8c9..b44d05 root=ed4cdb..8800c8 elapsed="45.979µs"
INFO [06-01|09:04:00.245] Starting work on payload                 id=0x0360c6684d064274
INFO [06-01|09:04:00.256] Updated payload                          id=0x0360c6684d064274 number=2383 hash=74f1c2..23bb6b txs=0 withdrawals=0 gas=0 fees=0 root=ed4cdb..8800c8 elapsed=11.261ms
INFO [06-01|09:04:00.257] Stopping work on payload                 id=0x0360c6684d064274 reason=delivery
WARN [06-01|09:04:00.261] {"level":"warn","msg":"Slow block","block":{"number":2383,"hash":"0x74f1c22ccbdb3f03ce30be7485ea5022cd7617cdd8b2b440d6ed931d0623bb6b","gas_used":0,"tx_count":0},"timing":{"execution_ms":0.100756,"state_read_ms":3.188499,"state_hash_ms":0.001652,"commit_ms":0.0905,"total_ms":3.6622},"throughput":{"mgas_per_sec":0},"state_reads":{"accounts":4,"storage_slots":0,"code":0,"code_bytes":0},"state_writes":{"accounts":0,"accounts_deleted":0,"storage_slots":0,"storage_slots_deleted":0,"code":0,"code_bytes":0},"cache":{"account":{"hits":0,"misses":4,"hit_rate":0},"storage":{"hits":0,"misses":0,"hit_rate":0},"code":{"hits":0,"misses":0,"hit_rate":0,"hit_bytes":0,"miss_bytes":0}}}
INFO [06-01|09:04:00.261] Imported new potential chain segment     number=2383 hash=74f1c2..23bb6b blocks=1 txs=0 mgas=0.000 elapsed=4.027ms    mgasps=0.000 triediffs=2.53MiB triedirty=0.00B
INFO [06-01|09:04:00.261] Chain head was updated                   number=2383 hash=74f1c2..23bb6b root=ed4cdb..8800c8 elapsed="61.144µs"
INFO [06-01|09:04:01.273] Starting work on payload                 id=0x03b8d5c7ee8da269
INFO [06-01|09:04:01.291] Updated payload                          id=0x03b8d5c7ee8da269 number=2384 hash=a54d3b..b4e83a txs=0 withdrawals=0 gas=0 fees=0 root=ed4cdb..8800c8 elapsed=18.030ms
INFO [06-01|09:04:01.291] Stopping work on payload                 id=0x03b8d5c7ee8da269 reason=delivery
WARN [06-01|09:04:01.306] {"level":"warn","msg":"Slow block","block":{"number":2384,"hash":"0xa54d3b8b36d42052931ac5ab40ee9ba7b3fde5715c20a19a4ce081bd1db4e83a","gas_used":0,"tx_count":0},"timing":{"execution_ms":0.02549,"state_read_ms":13.80458,"state_hash_ms":0.004168,"commit_ms":0.089092,"total_ms":14.063372},"throughput":{"mgas_per_sec":0},"state_reads":{"accounts":4,"storage_slots":0,"code":0,"code_bytes":0},"state_writes":{"accounts":0,"accounts_deleted":0,"storage_slots":0,"storage_slots_deleted":0,"code":0,"code_bytes":0},"cache":{"account":{"hits":0,"misses":4,"hit_rate":0},"storage":{"hits":0,"misses":0,"hit_rate":0},"code":{"hits":0,"misses":0,"hit_rate":0,"hit_bytes":0,"miss_bytes":0}}}
INFO [06-01|09:04:01.306] Imported new potential chain segment     number=2384 hash=a54d3b..b4e83a blocks=1 txs=0 mgas=0.000 elapsed=14.233ms   mgasps=0.000 triediffs=2.53MiB triedirty=0.00B
INFO [06-01|09:04:01.306] Chain head was updated                   number=2384 hash=a54d3b..b4e83a root=ed4cdb..8800c8 elapsed="32.147µs"
INFO [06-01|09:04:01.537] Submitted contract creation              hash=0xed1c0ab5fb25d74514c645cd10e458e47baff4bb37e86f438053207b72425bc6 from=0xf39Fd6e51aad88F6F4ce6aB8827279cffFb92266 nonce=699 contract=0x49AeF2C4005Bf572665b09014A563B5b9E46Df21 value=0
INFO [06-01|09:04:01.538] Submitted transaction                    hash=0x9853d829bc40323e6abb1504ad1ac806f0d8c40af5100680d22d6a70bc64dfae from=0xf39Fd6e51aad88F6F4ce6aB8827279cffFb92266 nonce=700 recipient=0x843e0343dF8ACF3e0b386b3E8ecA79c1dC31F8cC value=78,000,000
INFO [06-01|09:04:02.311] Starting work on payload                 id=0x03795e9c843c84b7
INFO [06-01|09:04:02.349] Updated payload                          id=0x03795e9c843c84b7 number=2385 hash=5b2b1a..0c3b89 txs=2 withdrawals=0 gas=86938 fees=5.21628e-13 root=e8dfc7..cfc707 elapsed=38.580ms
INFO [06-01|09:04:02.350] Stopping work on payload                 id=0x03795e9c843c84b7 reason=delivery
INFO [06-01|09:04:02.378] Paused snapshot generation
WARN [06-01|09:04:02.379] {"level":"warn","msg":"Slow block","block":{"number":2385,"hash":"0x5b2b1af88f315a5b9ec0ab013209abce57b50ee507a04e7849005a31120c3b89","gas_used":86938,"tx_count":2},"timing":{"execution_ms":0.142193,"state_read_ms":13.181564,"state_hash_ms":3.200522,"commit_ms":5.802667,"total_ms":29.021144},"throughput":{"mgas_per_sec":2.9956779098715063},"state_reads":{"accounts":11,"storage_slots":0,"code":0,"code_bytes":0},"state_writes":{"accounts":3,"accounts_deleted":0,"storage_slots":0,"storage_slots_deleted":0,"code":1,"code_bytes":165},"cache":{"account":{"hits":6,"misses":5,"hit_rate":54.54545454545454},"storage":{"hits":0,"misses":0,"hit_rate":0},"code":{"hits":0,"misses":0,"hit_rate":0,"hit_bytes":0,"miss_bytes":0}}}
INFO [06-01|09:04:02.379] Imported new potential chain segment     number=2385 hash=5b2b1a..0c3b89 blocks=1 txs=2 mgas=0.087 elapsed=29.203ms   mgasps=2.977 triediffs=2.54MiB triedirty=0.00B
INFO [06-01|09:04:02.379] Chain head was updated                   number=2385 hash=5b2b1a..0c3b89 root=e8dfc7..cfc707 elapsed="275.995µs"
WARN [06-01|09:04:02.414] Snapshot generation is not permitted
INFO [06-01|09:04:02.550] Submitted transaction                    hash=0x52e58ad3d48c28aecc927e2a169993bc775371ac999881af616a7b603b1a0615 from=0x843e0343dF8ACF3e0b386b3E8ecA79c1dC31F8cC nonce=0   recipient=0x49AeF2C4005Bf572665b09014A563B5b9E46Df21 value=0
INFO [06-01|09:04:03.384] Starting work on payload                 id=0x03dd5d3714e71387
INFO [06-01|09:04:03.431] Updated payload                          id=0x03dd5d3714e71387 number=2386 hash=e42b82..59067f txs=1 withdrawals=0 gas=5,911,240 fees=3.546744e-11 root=b38156..08c26f elapsed=47.109ms
INFO [06-01|09:04:03.431] Stopping work on payload                 id=0x03dd5d3714e71387 reason=delivery
INFO [06-01|09:04:03.479] Paused snapshot generation
WARN [06-01|09:04:03.480] {"level":"warn","msg":"Slow block","block":{"number":2386,"hash":"0xe42b82d3e86f2732c146cbedb96f04c037d248d57cb76ac31af6a6292859067f","gas_used":5911240,"tx_count":1},"timing":{"execution_ms":11.494539,"state_read_ms":22.126532,"state_hash_ms":12.455797,"commit_ms":1.593353,"total_ms":48.026389},"throughput":{"mgas_per_sec":123.08316579870288},"state_reads":{"accounts":17,"storage_slots":924,"code":11,"code_bytes":445},"state_writes":{"accounts":3,"accounts_deleted":0,"storage_slots":173,"storage_slots_deleted":0,"code":0,"code_bytes":0},"cache":{"account":{"hits":5,"misses":12,"hit_rate":29.411764705882355},"storage":{"hits":164,"misses":760,"hit_rate":17.74891774891775},"code":{"hits":11,"misses":0,"hit_rate":100,"hit_bytes":445,"miss_bytes":0}}}
INFO [06-01|09:04:03.480] Imported new potential chain segment     number=2386 hash=e42b82..59067f blocks=1 txs=1 mgas=5.911 elapsed=48.213ms    mgasps=122.605 triediffs=2.58MiB triedirty=0.00B
INFO [06-01|09:04:03.480] Chain head was updated                   number=2386 hash=e42b82..59067f root=b38156..08c26f elapsed="77.131µs"
WARN [06-01|09:04:03.502] Snapshot generation is not permitted
INFO [06-01|09:04:03.563] Submitted transaction                    hash=0xed326ed8d1e62b5a7ff60ef3bd83b8c071a135361433bd7a590197d2498e1fc8 from=0x843e0343dF8ACF3e0b386b3E8ecA79c1dC31F8cC nonce=1   recipient=0xf39Fd6e51aad88F6F4ce6aB8827279cffFb92266 value=901,880
INFO [06-01|09:04:04.484] Starting work on payload                 id=0x030da502b1c024c8
INFO [06-01|09:04:04.515] Updated payload                          id=0x030da502b1c024c8 number=2387 hash=7aa9a8..0c9433 txs=1 withdrawals=0 gas=21000     fees=2.1e-14      root=19f2a3..25d6d5 elapsed=31.022ms
INFO [06-01|09:04:04.515] Stopping work on payload                 id=0x030da502b1c024c8 reason=delivery
INFO [06-01|09:04:04.522] Paused snapshot generation
WARN [06-01|09:04:04.522] {"level":"warn","msg":"Slow block","block":{"number":2387,"hash":"0x7aa9a8f5b7f5d08a3b784692ea5967bfdbac00cc3006dc6618ee6dc6af0c9433","gas_used":21000,"tx_count":1},"timing":{"execution_ms":0.084222,"state_read_ms":3.238929,"state_hash_ms":2.535509,"commit_ms":0.780034,"total_ms":6.796723},"throughput":{"mgas_per_sec":3.089724268592379},"state_reads":{"accounts":6,"storage_slots":0,"code":0,"code_bytes":0},"state_writes":{"accounts":2,"accounts_deleted":0,"storage_slots":0,"storage_slots_deleted":0,"code":0,"code_bytes":0},"cache":{"account":{"hits":2,"misses":4,"hit_rate":33.33333333333333},"storage":{"hits":0,"misses":0,"hit_rate":0},"code":{"hits":0,"misses":0,"hit_rate":0,"hit_bytes":0,"miss_bytes":0}}}
INFO [06-01|09:04:04.522] Imported new potential chain segment     number=2387 hash=7aa9a8..0c9433 blocks=1 txs=1 mgas=0.021 elapsed=6.956ms     mgasps=3.019   triediffs=2.58MiB triedirty=0.00B
INFO [06-01|09:04:04.523] Chain head was updated                   number=2387 hash=7aa9a8..0c9433 root=19f2a3..25d6d5 elapsed="58.09µs"
WARN [06-01|09:04:04.557] Snapshot generation is not permitted
