WARN [06-01|08:56:46.561] Unknown config environment variable      envvar=GETH_PBT_BIN
WARN [06-01|08:56:46.561] Unknown config environment variable      envvar=GETH_UBT_BIN
INFO [06-01|08:56:46.572] Starting Geth on Ethereum mainnet...
INFO [06-01|08:56:46.574] Maximum peer count                       ETH=0 total=0
INFO [06-01|08:56:46.575] Smartcard socket not found, disabling    err="stat /run/pcscd/pcscd.comm: no such file or directory"
WARN [06-01|08:56:46.578] Option --miner.etherbase is deprecated as the etherbase is set by the consensus client post-merge
WARN [06-01|08:56:46.580] Snap sync requested, resetting --cache.snapshot
INFO [06-01|08:56:46.580] Set global gas cap                       cap=50,000,000
INFO [06-01|08:56:47.376] Using developer account                  address=0xf39Fd6e51aad88F6F4ce6aB8827279cffFb92266
INFO [06-01|08:56:47.421] Using pebble as the backing database
INFO [06-01|08:56:47.422] Allocated cache and file handles         database=/mnt/state_expiry_vol_data/ubt-vs-pbt-dbs/ubt/geth/chaindata cache=16.00MiB handles=262,144
INFO [06-01|08:56:47.641] Opened ancient database                  database=/mnt/state_expiry_vol_data/ubt-vs-pbt-dbs/ubt/geth/chaindata/ancient/chain readonly=true
INFO [06-01|08:56:47.641] Opened Era store                         datadir=/mnt/state_expiry_vol_data/ubt-vs-pbt-dbs/ubt/geth/chaindata/ancient/chain/era
INFO [06-01|08:56:47.648] Initializing the KZG library             backend=gokzg
INFO [06-01|08:56:47.650] Allocated trie memory caches             clean=0.00B dirty=0.00B
INFO [06-01|08:56:47.658] Using pebble as the backing database
INFO [06-01|08:56:47.658] Allocated cache and file handles         database=/mnt/state_expiry_vol_data/ubt-vs-pbt-dbs/ubt/geth/chaindata cache=16.00MiB handles=262,144
INFO [06-01|08:56:47.839] Opened ancient database                  database=/mnt/state_expiry_vol_data/ubt-vs-pbt-dbs/ubt/geth/chaindata/ancient/chain readonly=false
INFO [06-01|08:56:47.839] Opened Era store                         datadir=/mnt/state_expiry_vol_data/ubt-vs-pbt-dbs/ubt/geth/chaindata/ancient/chain/era
INFO [06-01|08:56:47.846] State scheme set to already existing     scheme=path
INFO [06-01|08:56:47.846] Initialising Ethereum protocol           network=1337 dbversion=9
INFO [06-01|08:56:47.846] Load database journal from file          path=/mnt/state_expiry_vol_data/ubt-vs-pbt-dbs/ubt/geth/triedb/verkle.journal
INFO [06-01|08:56:47.903] Opened ancient database                  database=/mnt/state_expiry_vol_data/ubt-vs-pbt-dbs/ubt/geth/chaindata/ancient/state_verkle readonly=false
INFO [06-01|08:56:47.905] State snapshot generator is not compatible
INFO [06-01|08:56:47.905] Initialized path database                triecache=0.00B statecache=0.00B buffer=0.00B state-history="last 90000 blocks" journal-dir=/mnt/state_expiry_vol_data/ubt-vs-pbt-dbs/ubt/geth/triedb verkle=true
INFO [06-01|08:56:47.906] 
INFO [06-01|08:56:47.906] ---------------------------------------------------------------------------------------------------------------------------------------------------------
INFO [06-01|08:56:47.906] Chain ID:  1337 (unknown)
INFO [06-01|08:56:47.906] Consensus: unknown
INFO [06-01|08:56:47.906] 
INFO [06-01|08:56:47.906] Pre-Merge hard forks (block based):
INFO [06-01|08:56:47.906]  - Homestead:                   #0       
INFO [06-01|08:56:47.906]  - Tangerine Whistle (EIP 150): #0       
INFO [06-01|08:56:47.906]  - Spurious Dragon/1 (EIP 155): #0       
INFO [06-01|08:56:47.906]  - Spurious Dragon/2 (EIP 158): #0       
INFO [06-01|08:56:47.906]  - Byzantium:                   #0       
INFO [06-01|08:56:47.906]  - Constantinople:              #0       
INFO [06-01|08:56:47.906]  - Petersburg:                  #0       
INFO [06-01|08:56:47.906]  - Istanbul:                    #0       
INFO [06-01|08:56:47.906]  - Berlin:                      #0       
INFO [06-01|08:56:47.906]  - London:                      #0       
INFO [06-01|08:56:47.906]  - Arrow Glacier:               #0       
INFO [06-01|08:56:47.906]  - Gray Glacier:                #0       
INFO [06-01|08:56:47.906] 
INFO [06-01|08:56:47.906] Merge configured:
INFO [06-01|08:56:47.906]  - Total terminal difficulty:  0
INFO [06-01|08:56:47.906]  - Merge netsplit block:       #0       
INFO [06-01|08:56:47.906] 
INFO [06-01|08:56:47.906] Post-Merge hard forks (timestamp based):
INFO [06-01|08:56:47.906]  - Shanghai:                    @0         
INFO [06-01|08:56:47.906]  - Cancun:                      @0          blob: (target: 3, max: 6, fraction: 3338477)
INFO [06-01|08:56:47.906]  - Prague:                      @0          blob: (target: 6, max: 9, fraction: 5007716)
INFO [06-01|08:56:47.906]  - Osaka:                       @0          blob: (target: 6, max: 9, fraction: 5007716)
INFO [06-01|08:56:47.906]  - UBT:                         @0          blob: (nil)
INFO [06-01|08:56:47.906] 
INFO [06-01|08:56:47.906] All fork specifications can be found at https://ethereum.github.io/execution-specs/src/ethereum/forks/
INFO [06-01|08:56:47.906] 
INFO [06-01|08:56:47.906] ---------------------------------------------------------------------------------------------------------------------------------------------------------
INFO [06-01|08:56:47.906] 
INFO [06-01|08:56:47.907] Loaded most recent local block           number=2104 hash=f8a1b4..2c7325 age=2s
INFO [06-01|08:56:47.907] Loaded most recent local finalized block number=2080 hash=029aa2..87c9cf age=38s
INFO [06-01|08:56:47.909] Initialized transaction indexer          range="last 2350000 blocks"
INFO [06-01|08:56:47.909] Initialized log indexer                  firstblock=0 lastblock=2104 firstmap=0 lastmap=0 headindexed=true
INFO [06-01|08:56:47.957] Enabled full-sync                        head=2104 hash=f8a1b4..2c7325
INFO [06-01|08:56:47.957] Unprotected transactions allowed
INFO [06-01|08:56:47.957] Gasprice oracle is ignoring threshold set threshold=2
INFO [06-01|08:56:47.958] Registered sync override service
WARN [06-01|08:56:47.958] You are running Geth in --dev mode. Please note the following:
WARN [06-01|08:56:47.958] 
WARN [06-01|08:56:47.958]   1. This mode is only intended for fast, iterative development without assumptions on
WARN [06-01|08:56:47.958]      security or persistence.
WARN [06-01|08:56:47.958]   2. The database is created in memory unless specified otherwise. Therefore, shutting down
WARN [06-01|08:56:47.958]      your computer or losing power will wipe your entire block data and chain state for
WARN [06-01|08:56:47.958]      your dev environment.
WARN [06-01|08:56:47.958]   3. A random, pre-allocated developer account will be available and unlocked as
WARN [06-01|08:56:47.958]      eth.coinbase, which can be used for testing. The random dev account is temporary,
WARN [06-01|08:56:47.958]      stored on a ramdisk, and will be lost if your machine is restarted.
WARN [06-01|08:56:47.958]   4. Mining is enabled by default. However, the client will only seal blocks if transactions
WARN [06-01|08:56:47.958]      are pending in the mempool. The miner's minimum accepted gas price is 1.
WARN [06-01|08:56:47.958]   5. Networking is disabled; there is no listen-address, the maximum number of peers is set
WARN [06-01|08:56:47.958]      to 0, and discovery is disabled.
WARN [06-01|08:56:47.958] 
INFO [06-01|08:56:47.958] Starting peer-to-peer node               instance=Geth/v1.17.3-unstable/linux-amd64/go1.24.9
WARN [06-01|08:56:47.958] P2P server will be useless, neither dialing nor listening
INFO [06-01|08:56:48.000] IPC endpoint opened                      url=/mnt/state_expiry_vol_data/ubt-vs-pbt-dbs/ubt/geth.ipc
ERROR[06-01|08:56:48.000] Unavailable modules in HTTP API list     unavailable=[personal] available="[admin debug web3 eth txpool miner net dev testing]"
INFO [06-01|08:56:48.000] New local node record                    seq=1,780,289,664,352 id=c084d8867e8cc127 ip=127.0.0.1 udp=0 tcp=0
INFO [06-01|08:56:48.000] Started P2P networking                   self=enode://ed0ccbffbfc0dc9f1b0f8e55d585ad3e61215b1974f32d9388e7ae53563e3ebe0172c21d754fa202c3a63f95bef3ff3ea24339ffdabd0115c47ec5b8d33136a9@127.0.0.1:0
INFO [06-01|08:56:48.001] HTTP server started                      endpoint=127.0.0.1:8545 auth=false prefix= cors= vhosts=localhost
INFO [06-01|08:56:48.001] WebSocket enabled                        url=ws://127.0.0.1:8546
INFO [06-01|08:56:48.169] Loaded local transaction journal         transactions=1745 dropped=0
INFO [06-01|08:56:49.281] Started log indexer
INFO [06-01|08:56:49.315] Starting work on payload                 id=0x036390988d13a47b
INFO [06-01|08:56:49.320] Updated payload                          id=0x036390988d13a47b number=2105 hash=329287..0dd600 txs=0 withdrawals=0 gas=0 fees=0 root=00080c..5780d9 elapsed=5.074ms
INFO [06-01|08:56:49.321] Stopping work on payload                 id=0x036390988d13a47b reason=delivery
WARN [06-01|08:56:49.326] {"level":"warn","msg":"Slow block","block":{"number":2105,"hash":"0x32928730f0080e09843efec94842a288e2ac1ec436a7afc4dd38f0be770dd600","gas_used":0,"tx_count":0},"timing":{"execution_ms":0.048803,"state_read_ms":4.80487,"state_hash_ms":0.002814,"commit_ms":0.23058,"total_ms":5.347103},"throughput":{"mgas_per_sec":0},"state_reads":{"accounts":4,"storage_slots":0,"code":0,"code_bytes":0},"state_writes":{"accounts":0,"accounts_deleted":0,"storage_slots":0,"storage_slots_deleted":0,"code":0,"code_bytes":0},"cache":{"account":{"hits":0,"misses":4,"hit_rate":0},"storage":{"hits":0,"misses":0,"hit_rate":0},"code":{"hits":0,"misses":0,"hit_rate":0,"hit_bytes":0,"miss_bytes":0}}}
INFO [06-01|08:56:49.327] Imported new potential chain segment     number=2105 hash=329287..0dd600 blocks=1 txs=0 mgas=0.000 elapsed=5.771ms mgasps=0.000 triediffs=1.35MiB triedirty=0.00B
INFO [06-01|08:56:49.327] Chain head was updated                   number=2105 hash=329287..0dd600 root=00080c..5780d9 elapsed="69.825µs"
INFO [06-01|08:56:50.334] Starting work on payload                 id=0x03433566d3785df0
INFO [06-01|08:56:50.350] Updated payload                          id=0x03433566d3785df0 number=2106 hash=9c2c98..fa8742 txs=0 withdrawals=0 gas=0 fees=0 root=00080c..5780d9 elapsed=16.299ms
INFO [06-01|08:56:50.352] Stopping work on payload                 id=0x03433566d3785df0 reason=delivery
WARN [06-01|08:56:50.354] {"level":"warn","msg":"Slow block","block":{"number":2106,"hash":"0x9c2c9816767028b57ee045f0bf6cedb35b4f1a9a568cee5fb7bca7890cfa8742","gas_used":0,"tx_count":0},"timing":{"execution_ms":0.026152,"state_read_ms":3.109253,"state_hash_ms":0.00146,"commit_ms":0.120309,"total_ms":3.438295},"throughput":{"mgas_per_sec":0},"state_reads":{"accounts":4,"storage_slots":0,"code":0,"code_bytes":0},"state_writes":{"accounts":0,"accounts_deleted":0,"storage_slots":0,"storage_slots_deleted":0,"code":0,"code_bytes":0},"cache":{"account":{"hits":0,"misses":4,"hit_rate":0},"storage":{"hits":0,"misses":0,"hit_rate":0},"code":{"hits":0,"misses":0,"hit_rate":0,"hit_bytes":0,"miss_bytes":0}}}
INFO [06-01|08:56:50.354] Imported new potential chain segment     number=2106 hash=9c2c98..fa8742 blocks=1 txs=0 mgas=0.000 elapsed=3.626ms    mgasps=0.000 triediffs=1.35MiB triedirty=0.00B
INFO [06-01|08:56:50.354] Chain head was updated                   number=2106 hash=9c2c98..fa8742 root=00080c..5780d9 elapsed="46.376µs"
INFO [06-01|08:56:51.370] Starting work on payload                 id=0x03462aa7e410630c
INFO [06-01|08:56:51.386] Updated payload                          id=0x03462aa7e410630c number=2107 hash=fd681d..cbabb7 txs=0 withdrawals=0 gas=0 fees=0 root=00080c..5780d9 elapsed=15.717ms
INFO [06-01|08:56:51.386] Stopping work on payload                 id=0x03462aa7e410630c reason=delivery
WARN [06-01|08:56:51.389] {"level":"warn","msg":"Slow block","block":{"number":2107,"hash":"0xfd681d1043aa39f1c546060120d62799db6cb2f174643ade32fc0b5a00cbabb7","gas_used":0,"tx_count":0},"timing":{"execution_ms":0.039464,"state_read_ms":2.890391,"state_hash_ms":0.0021,"commit_ms":0.131196,"total_ms":3.234629},"throughput":{"mgas_per_sec":0},"state_reads":{"accounts":4,"storage_slots":0,"code":0,"code_bytes":0},"state_writes":{"accounts":0,"accounts_deleted":0,"storage_slots":0,"storage_slots_deleted":0,"code":0,"code_bytes":0},"cache":{"account":{"hits":0,"misses":4,"hit_rate":0},"storage":{"hits":0,"misses":0,"hit_rate":0},"code":{"hits":0,"misses":0,"hit_rate":0,"hit_bytes":0,"miss_bytes":0}}}
INFO [06-01|08:56:51.389] Imported new potential chain segment     number=2107 hash=fd681d..cbabb7 blocks=1 txs=0 mgas=0.000 elapsed=3.412ms    mgasps=0.000 triediffs=1.35MiB triedirty=0.00B
INFO [06-01|08:56:51.389] Chain head was updated                   number=2107 hash=fd681d..cbabb7 root=00080c..5780d9 elapsed="46.797µs"
INFO [06-01|08:56:51.601] Submitted contract creation              hash=0xb6ce0e4ca793d4a4f19b49609a91efe20025fd0b954ea4ffffbe71f2d0c1a0b0 from=0xf39Fd6e51aad88F6F4ce6aB8827279cffFb92266 nonce=617 contract=0x0B32a3F8f5b7E5d315b9E52E640a49A89d89c820 value=0
INFO [06-01|08:56:51.602] Submitted transaction                    hash=0x0a84d54c5177d078609a3b86b6e6b8a656302ae7604cfe15803c3cebae02b56c from=0xf39Fd6e51aad88F6F4ce6aB8827279cffFb92266 nonce=618 recipient=0x59E42eFe0ED9e3A68099221aC4cA619f8C65D887 value=78,000,000
INFO [06-01|08:56:52.393] Starting work on payload                 id=0x0376ed9f237ecb6e
INFO [06-01|08:56:52.427] Updated payload                          id=0x0376ed9f237ecb6e number=2108 hash=a7298d..a7a328 txs=2 withdrawals=0 gas=86840 fees=5.2104e-13 root=d12752..bc98c0 elapsed=32.971ms
INFO [06-01|08:56:52.427] Stopping work on payload                 id=0x0376ed9f237ecb6e reason=delivery
INFO [06-01|08:56:52.452] Paused snapshot generation
WARN [06-01|08:56:52.452] {"level":"warn","msg":"Slow block","block":{"number":2108,"hash":"0xa7298d95ea577fc639e9fff6a6799ad7fe77d17f488b504645b265f9eca7a328","gas_used":86840,"tx_count":2},"timing":{"execution_ms":0.099181,"state_read_ms":16.80708,"state_hash_ms":3.330088,"commit_ms":4.668793,"total_ms":25.060432},"throughput":{"mgas_per_sec":3.465223584334061},"state_reads":{"accounts":11,"storage_slots":0,"code":0,"code_bytes":0},"state_writes":{"accounts":3,"accounts_deleted":0,"storage_slots":0,"storage_slots_deleted":0,"code":1,"code_bytes":157},"cache":{"account":{"hits":6,"misses":5,"hit_rate":54.54545454545454},"storage":{"hits":0,"misses":0,"hit_rate":0},"code":{"hits":0,"misses":0,"hit_rate":0,"hit_bytes":0,"miss_bytes":0}}}
INFO [06-01|08:56:52.452] Imported new potential chain segment     number=2108 hash=a7298d..a7a328 blocks=1 txs=2 mgas=0.087 elapsed=25.202ms   mgasps=3.446 triediffs=1.36MiB triedirty=0.00B
INFO [06-01|08:56:52.452] Chain head was updated                   number=2108 hash=a7298d..a7a328 root=d12752..bc98c0 elapsed="169.927µs"
WARN [06-01|08:56:52.476] Snapshot generation is not permitted
INFO [06-01|08:56:52.615] Submitted transaction                    hash=0xaea41e2faa1d502fdf82f302aa02e9f74b157c2a8605159afc3936809aa9de88 from=0x59E42eFe0ED9e3A68099221aC4cA619f8C65D887 nonce=0   recipient=0x0B32a3F8f5b7E5d315b9E52E640a49A89d89c820 value=0
INFO [06-01|08:56:53.457] Starting work on payload                 id=0x03fcfef5190b805f
INFO [06-01|08:56:53.585] Updated payload                          id=0x03fcfef5190b805f number=2109 hash=a2eae1..d79334 txs=1 withdrawals=0 gas=5,900,456 fees=3.5402736e-11 root=08080a..ec3f87 elapsed=128.407ms
INFO [06-01|08:56:53.586] Stopping work on payload                 id=0x03fcfef5190b805f reason=delivery
INFO [06-01|08:56:53.706] Paused snapshot generation
WARN [06-01|08:56:53.707] {"level":"warn","msg":"Slow block","block":{"number":2109,"hash":"0xa2eae173a26045aa91346dc85b5cce74895d38f8fd56653d442a53b0c8d79334","gas_used":5900456,"tx_count":1},"timing":{"execution_ms":96.750041,"state_read_ms":20.193157,"state_hash_ms":2.439907,"commit_ms":0.806155,"total_ms":120.610097},"throughput":{"mgas_per_sec":48.92174160178314},"state_reads":{"accounts":263,"storage_slots":259,"code":257,"code_bytes":7325},"state_writes":{"accounts":2,"accounts_deleted":0,"storage_slots":0,"storage_slots_deleted":0,"code":0,"code_bytes":0},"cache":{"account":{"hits":65,"misses":198,"hit_rate":24.714828897338403},"storage":{"hits":64,"misses":195,"hit_rate":24.71042471042471},"code":{"hits":257,"misses":0,"hit_rate":100,"hit_bytes":7325,"miss_bytes":0}}}
INFO [06-01|08:56:53.707] Imported new potential chain segment     number=2109 hash=a2eae1..d79334 blocks=1 txs=1 mgas=5.900 elapsed=120.863ms   mgasps=48.819 triediffs=1.36MiB triedirty=0.00B
INFO [06-01|08:56:53.707] Chain head was updated                   number=2109 hash=a2eae1..d79334 root=08080a..ec3f87 elapsed="108.248µs"
WARN [06-01|08:56:53.726] Snapshot generation is not permitted
INFO [06-01|08:56:54.635] Submitted transaction                    hash=0x2d15b951b47bd50425d54d61687c97f9c91bf21d6a77cc35698c96a41a8e901e from=0x59E42eFe0ED9e3A68099221aC4cA619f8C65D887 nonce=1   recipient=0xf39Fd6e51aad88F6F4ce6aB8827279cffFb92266 value=1,042,072
INFO [06-01|08:56:54.711] Starting work on payload                 id=0x03bd39262fdfeba0
INFO [06-01|08:56:54.730] Updated payload                          id=0x03bd39262fdfeba0 number=2110 hash=8b2a41..accb13 txs=1 withdrawals=0 gas=21000     fees=2.1e-14       root=4d679c..cf1fa0 elapsed=18.360ms
INFO [06-01|08:56:54.730] Stopping work on payload                 id=0x03bd39262fdfeba0 reason=delivery
INFO [06-01|08:56:54.745] Paused snapshot generation
WARN [06-01|08:56:54.745] {"level":"warn","msg":"Slow block","block":{"number":2110,"hash":"0x8b2a41b2b7fa31287291437d2bfac5f34ca937bd0137b023cd0bfadbd2accb13","gas_used":21000,"tx_count":1},"timing":{"execution_ms":0.074826,"state_read_ms":11.588353,"state_hash_ms":2.433147,"commit_ms":0.707852,"total_ms":14.992916},"throughput":{"mgas_per_sec":1.4006614857309945},"state_reads":{"accounts":6,"storage_slots":0,"code":0,"code_bytes":0},"state_writes":{"accounts":2,"accounts_deleted":0,"storage_slots":0,"storage_slots_deleted":0,"code":0,"code_bytes":0},"cache":{"account":{"hits":2,"misses":4,"hit_rate":33.33333333333333},"storage":{"hits":0,"misses":0,"hit_rate":0},"code":{"hits":0,"misses":0,"hit_rate":0,"hit_bytes":0,"miss_bytes":0}}}
INFO [06-01|08:56:54.745] Imported new potential chain segment     number=2110 hash=8b2a41..accb13 blocks=1 txs=1 mgas=0.021 elapsed=15.142ms    mgasps=1.387  triediffs=1.35MiB triedirty=0.00B
INFO [06-01|08:56:54.746] Chain head was updated                   number=2110 hash=8b2a41..accb13 root=4d679c..cf1fa0 elapsed="55.321µs"
WARN [06-01|08:56:54.775] Snapshot generation is not permitted
INFO [06-01|08:56:55.750] Starting work on payload                 id=0x033dc8c42c3fbdf8
INFO [06-01|08:56:55.773] Updated payload                          id=0x033dc8c42c3fbdf8 number=2111 hash=0675a2..6a98ce txs=0 withdrawals=0 gas=0         fees=0             root=4d679c..cf1fa0 elapsed=23.214ms
INFO [06-01|08:56:55.774] Stopping work on payload                 id=0x033dc8c42c3fbdf8 reason=delivery
WARN [06-01|08:56:55.777] {"level":"warn","msg":"Slow block","block":{"number":2111,"hash":"0x0675a20c99f191c88f2e6727dc123927c996875f4b113740cc10fd5fb56a98ce","gas_used":0,"tx_count":0},"timing":{"execution_ms":0.026085,"state_read_ms":2.988567,"state_hash_ms":0.002554,"commit_ms":0.093407,"total_ms":3.259689},"throughput":{"mgas_per_sec":0},"state_reads":{"accounts":4,"storage_slots":0,"code":0,"code_bytes":0},"state_writes":{"accounts":0,"accounts_deleted":0,"storage_slots":0,"storage_slots_deleted":0,"code":0,"code_bytes":0},"cache":{"account":{"hits":0,"misses":4,"hit_rate":0},"storage":{"hits":0,"misses":0,"hit_rate":0},"code":{"hits":0,"misses":0,"hit_rate":0,"hit_bytes":0,"miss_bytes":0}}}
INFO [06-01|08:56:55.777] Imported new potential chain segment     number=2111 hash=0675a2..6a98ce blocks=1 txs=0 mgas=0.000 elapsed=3.414ms     mgasps=0.000  triediffs=1.35MiB triedirty=0.00B
INFO [06-01|08:56:55.777] Chain head was updated                   number=2111 hash=0675a2..6a98ce root=4d679c..cf1fa0 elapsed="48.083µs"
