WARN [06-01|09:10:25.253] Unknown config environment variable      envvar=GETH_PBT_BIN
WARN [06-01|09:10:25.253] Unknown config environment variable      envvar=GETH_UBT_BIN
INFO [06-01|09:10:25.264] Starting Geth on Ethereum mainnet...
INFO [06-01|09:10:25.265] Maximum peer count                       ETH=0 total=0
INFO [06-01|09:10:25.267] Smartcard socket not found, disabling    err="stat /run/pcscd/pcscd.comm: no such file or directory"
WARN [06-01|09:10:25.269] Option --miner.etherbase is deprecated as the etherbase is set by the consensus client post-merge
WARN [06-01|09:10:25.271] Snap sync requested, resetting --cache.snapshot
INFO [06-01|09:10:25.271] Set global gas cap                       cap=50,000,000
INFO [06-01|09:10:26.065] Using developer account                  address=0xf39Fd6e51aad88F6F4ce6aB8827279cffFb92266
INFO [06-01|09:10:26.105] Using pebble as the backing database
INFO [06-01|09:10:26.105] Allocated cache and file handles         database=/mnt/state_expiry_vol_data/ubt-vs-pbt-dbs/ubt/geth/chaindata cache=16.00MiB handles=262,144
INFO [06-01|09:10:26.323] Opened ancient database                  database=/mnt/state_expiry_vol_data/ubt-vs-pbt-dbs/ubt/geth/chaindata/ancient/chain readonly=true
INFO [06-01|09:10:26.323] Opened Era store                         datadir=/mnt/state_expiry_vol_data/ubt-vs-pbt-dbs/ubt/geth/chaindata/ancient/chain/era
INFO [06-01|09:10:26.331] Initializing the KZG library             backend=gokzg
INFO [06-01|09:10:26.332] Allocated trie memory caches             clean=0.00B dirty=0.00B
INFO [06-01|09:10:26.342] Using pebble as the backing database
INFO [06-01|09:10:26.342] Allocated cache and file handles         database=/mnt/state_expiry_vol_data/ubt-vs-pbt-dbs/ubt/geth/chaindata cache=16.00MiB handles=262,144
INFO [06-01|09:10:26.528] Opened ancient database                  database=/mnt/state_expiry_vol_data/ubt-vs-pbt-dbs/ubt/geth/chaindata/ancient/chain readonly=false
INFO [06-01|09:10:26.528] Opened Era store                         datadir=/mnt/state_expiry_vol_data/ubt-vs-pbt-dbs/ubt/geth/chaindata/ancient/chain/era
INFO [06-01|09:10:26.534] State scheme set to already existing     scheme=path
INFO [06-01|09:10:26.534] Initialising Ethereum protocol           network=1337 dbversion=9
INFO [06-01|09:10:26.534] Load database journal from file          path=/mnt/state_expiry_vol_data/ubt-vs-pbt-dbs/ubt/geth/triedb/verkle.journal
INFO [06-01|09:10:26.603] Opened ancient database                  database=/mnt/state_expiry_vol_data/ubt-vs-pbt-dbs/ubt/geth/chaindata/ancient/state_verkle readonly=false
INFO [06-01|09:10:26.606] State snapshot generator is not compatible
INFO [06-01|09:10:26.606] Initialized path database                triecache=0.00B statecache=0.00B buffer=0.00B state-history="last 90000 blocks" journal-dir=/mnt/state_expiry_vol_data/ubt-vs-pbt-dbs/ubt/geth/triedb verkle=true
INFO [06-01|09:10:26.606] 
INFO [06-01|09:10:26.606] ---------------------------------------------------------------------------------------------------------------------------------------------------------
INFO [06-01|09:10:26.606] Chain ID:  1337 (unknown)
INFO [06-01|09:10:26.606] Consensus: unknown
INFO [06-01|09:10:26.606] 
INFO [06-01|09:10:26.606] Pre-Merge hard forks (block based):
INFO [06-01|09:10:26.606]  - Homestead:                   #0       
INFO [06-01|09:10:26.606]  - Tangerine Whistle (EIP 150): #0       
INFO [06-01|09:10:26.606]  - Spurious Dragon/1 (EIP 155): #0       
INFO [06-01|09:10:26.606]  - Spurious Dragon/2 (EIP 158): #0       
INFO [06-01|09:10:26.606]  - Byzantium:                   #0       
INFO [06-01|09:10:26.606]  - Constantinople:              #0       
INFO [06-01|09:10:26.606]  - Petersburg:                  #0       
INFO [06-01|09:10:26.606]  - Istanbul:                    #0       
INFO [06-01|09:10:26.606]  - Berlin:                      #0       
INFO [06-01|09:10:26.606]  - London:                      #0       
INFO [06-01|09:10:26.606]  - Arrow Glacier:               #0       
INFO [06-01|09:10:26.606]  - Gray Glacier:                #0       
INFO [06-01|09:10:26.606] 
INFO [06-01|09:10:26.606] Merge configured:
INFO [06-01|09:10:26.606]  - Total terminal difficulty:  0
INFO [06-01|09:10:26.606]  - Merge netsplit block:       #0       
INFO [06-01|09:10:26.606] 
INFO [06-01|09:10:26.606] Post-Merge hard forks (timestamp based):
INFO [06-01|09:10:26.606]  - Shanghai:                    @0         
INFO [06-01|09:10:26.606]  - Cancun:                      @0          blob: (target: 3, max: 6, fraction: 3338477)
INFO [06-01|09:10:26.606]  - Prague:                      @0          blob: (target: 6, max: 9, fraction: 5007716)
INFO [06-01|09:10:26.606]  - Osaka:                       @0          blob: (target: 6, max: 9, fraction: 5007716)
INFO [06-01|09:10:26.606]  - UBT:                         @0          blob: (nil)
INFO [06-01|09:10:26.606] 
INFO [06-01|09:10:26.606] All fork specifications can be found at https://ethereum.github.io/execution-specs/src/ethereum/forks/
INFO [06-01|09:10:26.606] 
INFO [06-01|09:10:26.606] ---------------------------------------------------------------------------------------------------------------------------------------------------------
INFO [06-01|09:10:26.606] 
INFO [06-01|09:10:26.609] Loaded most recent local block           number=2632 hash=ee91d6..99cca1 age=3s
INFO [06-01|09:10:26.609] Loaded most recent local finalized block number=2624 hash=536202..f7b837 age=15s
INFO [06-01|09:10:26.610] Initialized transaction indexer          range="last 2350000 blocks"
INFO [06-01|09:10:26.610] Initialized log indexer                  firstblock=0 lastblock=2632 firstmap=0 lastmap=0 headindexed=true
INFO [06-01|09:10:26.657] Enabled full-sync                        head=2632 hash=ee91d6..99cca1
INFO [06-01|09:10:26.657] Unprotected transactions allowed
INFO [06-01|09:10:26.657] Gasprice oracle is ignoring threshold set threshold=2
INFO [06-01|09:10:26.657] Registered sync override service
WARN [06-01|09:10:26.657] You are running Geth in --dev mode. Please note the following:
WARN [06-01|09:10:26.657] 
WARN [06-01|09:10:26.657]   1. This mode is only intended for fast, iterative development without assumptions on
WARN [06-01|09:10:26.657]      security or persistence.
WARN [06-01|09:10:26.657]   2. The database is created in memory unless specified otherwise. Therefore, shutting down
WARN [06-01|09:10:26.657]      your computer or losing power will wipe your entire block data and chain state for
WARN [06-01|09:10:26.657]      your dev environment.
WARN [06-01|09:10:26.657]   3. A random, pre-allocated developer account will be available and unlocked as
WARN [06-01|09:10:26.657]      eth.coinbase, which can be used for testing. The random dev account is temporary,
WARN [06-01|09:10:26.657]      stored on a ramdisk, and will be lost if your machine is restarted.
WARN [06-01|09:10:26.657]   4. Mining is enabled by default. However, the client will only seal blocks if transactions
WARN [06-01|09:10:26.657]      are pending in the mempool. The miner's minimum accepted gas price is 1.
WARN [06-01|09:10:26.657]   5. Networking is disabled; there is no listen-address, the maximum number of peers is set
WARN [06-01|09:10:26.657]      to 0, and discovery is disabled.
WARN [06-01|09:10:26.657] 
INFO [06-01|09:10:26.657] Starting peer-to-peer node               instance=Geth/v1.17.3-unstable/linux-amd64/go1.24.9
WARN [06-01|09:10:26.657] P2P server will be useless, neither dialing nor listening
INFO [06-01|09:10:26.704] IPC endpoint opened                      url=/mnt/state_expiry_vol_data/ubt-vs-pbt-dbs/ubt/geth.ipc
ERROR[06-01|09:10:26.704] Unavailable modules in HTTP API list     unavailable=[personal] available="[admin debug web3 eth txpool miner net dev testing]"
INFO [06-01|09:10:26.704] New local node record                    seq=1,780,289,664,430 id=c084d8867e8cc127 ip=127.0.0.1 udp=0 tcp=0
INFO [06-01|09:10:26.705] Started P2P networking                   self=enode://ed0ccbffbfc0dc9f1b0f8e55d585ad3e61215b1974f32d9388e7ae53563e3ebe0172c21d754fa202c3a63f95bef3ff3ea24339ffdabd0115c47ec5b8d33136a9@127.0.0.1:0
INFO [06-01|09:10:26.705] HTTP server started                      endpoint=127.0.0.1:8545 auth=false prefix= cors= vhosts=localhost
INFO [06-01|09:10:26.705] WebSocket enabled                        url=ws://127.0.0.1:8546
INFO [06-01|09:10:26.911] Loaded local transaction journal         transactions=2057 dropped=0
INFO [06-01|09:10:27.955] Started log indexer
INFO [06-01|09:10:27.995] Starting work on payload                 id=0x03a5719f07e5cf98
INFO [06-01|09:10:27.998] Updated payload                          id=0x03a5719f07e5cf98 number=2633 hash=82c033..abf5c0 txs=0 withdrawals=0 gas=0 fees=0 root=02995b..3c2224 elapsed=3.147ms
INFO [06-01|09:10:27.998] Stopping work on payload                 id=0x03a5719f07e5cf98 reason=delivery
WARN [06-01|09:10:28.002] {"level":"warn","msg":"Slow block","block":{"number":2633,"hash":"0x82c033f6e4d46c5a18966a8302001b9ffec4e6388cf6bfab7412c5814eabf5c0","gas_used":0,"tx_count":0},"timing":{"execution_ms":0.037173,"state_read_ms":2.86669,"state_hash_ms":0.001537,"commit_ms":0.122051,"total_ms":3.195687},"throughput":{"mgas_per_sec":0},"state_reads":{"accounts":4,"storage_slots":0,"code":0,"code_bytes":0},"state_writes":{"accounts":0,"accounts_deleted":0,"storage_slots":0,"storage_slots_deleted":0,"code":0,"code_bytes":0},"cache":{"account":{"hits":0,"misses":4,"hit_rate":0},"storage":{"hits":0,"misses":0,"hit_rate":0},"code":{"hits":0,"misses":0,"hit_rate":0,"hit_bytes":0,"miss_bytes":0}}}
INFO [06-01|09:10:28.002] Imported new potential chain segment     number=2633 hash=82c033..abf5c0 blocks=1 txs=0 mgas=0.000 elapsed=3.509ms mgasps=0.000 triediffs=3.06MiB triedirty=0.00B
INFO [06-01|09:10:28.002] Chain head was updated                   number=2633 hash=82c033..abf5c0 root=02995b..3c2224 elapsed="47.91µs"
INFO [06-01|09:10:29.008] Starting work on payload                 id=0x038d5a0caeef1f62
INFO [06-01|09:10:29.017] Updated payload                          id=0x038d5a0caeef1f62 number=2634 hash=4715a8..487b23 txs=0 withdrawals=0 gas=0 fees=0 root=02995b..3c2224 elapsed=8.957ms
INFO [06-01|09:10:29.018] Stopping work on payload                 id=0x038d5a0caeef1f62 reason=delivery
WARN [06-01|09:10:29.021] {"level":"warn","msg":"Slow block","block":{"number":2634,"hash":"0x4715a84766977f7f5fe02ce56cdd3b0d8a81f09d25465805e0dc3e3bca487b23","gas_used":0,"tx_count":0},"timing":{"execution_ms":0.033502,"state_read_ms":2.644355,"state_hash_ms":0.001533,"commit_ms":0.184996,"total_ms":3.022991},"throughput":{"mgas_per_sec":0},"state_reads":{"accounts":4,"storage_slots":0,"code":0,"code_bytes":0},"state_writes":{"accounts":0,"accounts_deleted":0,"storage_slots":0,"storage_slots_deleted":0,"code":0,"code_bytes":0},"cache":{"account":{"hits":0,"misses":4,"hit_rate":0},"storage":{"hits":0,"misses":0,"hit_rate":0},"code":{"hits":0,"misses":0,"hit_rate":0,"hit_bytes":0,"miss_bytes":0}}}
INFO [06-01|09:10:29.021] Imported new potential chain segment     number=2634 hash=4715a8..487b23 blocks=1 txs=0 mgas=0.000 elapsed=3.195ms   mgasps=0.000 triediffs=3.06MiB triedirty=0.00B
INFO [06-01|09:10:29.021] Chain head was updated                   number=2634 hash=4715a8..487b23 root=02995b..3c2224 elapsed="34.318µs"
INFO [06-01|09:10:30.034] Starting work on payload                 id=0x036222a35a5f4c82
INFO [06-01|09:10:30.048] Updated payload                          id=0x036222a35a5f4c82 number=2635 hash=053b8c..d615cd txs=0 withdrawals=0 gas=0 fees=0 root=02995b..3c2224 elapsed=13.772ms
INFO [06-01|09:10:30.048] Stopping work on payload                 id=0x036222a35a5f4c82 reason=delivery
WARN [06-01|09:10:30.063] {"level":"warn","msg":"Slow block","block":{"number":2635,"hash":"0x053b8ca6e249c9d6ff95b664f563779237b9012fca083cae2b9d5f3613d615cd","gas_used":0,"tx_count":0},"timing":{"execution_ms":0.024814,"state_read_ms":14.477482,"state_hash_ms":0.002091,"commit_ms":0.095722,"total_ms":14.761221},"throughput":{"mgas_per_sec":0},"state_reads":{"accounts":4,"storage_slots":0,"code":0,"code_bytes":0},"state_writes":{"accounts":0,"accounts_deleted":0,"storage_slots":0,"storage_slots_deleted":0,"code":0,"code_bytes":0},"cache":{"account":{"hits":0,"misses":4,"hit_rate":0},"storage":{"hits":0,"misses":0,"hit_rate":0},"code":{"hits":0,"misses":0,"hit_rate":0,"hit_bytes":0,"miss_bytes":0}}}
INFO [06-01|09:10:30.063] Imported new potential chain segment     number=2635 hash=053b8c..d615cd blocks=1 txs=0 mgas=0.000 elapsed=14.933ms   mgasps=0.000 triediffs=3.06MiB triedirty=0.00B
INFO [06-01|09:10:30.063] Chain head was updated                   number=2635 hash=053b8c..d615cd root=02995b..3c2224 elapsed="45.307µs"
INFO [06-01|09:10:30.260] Submitted contract creation              hash=0x7c8e80c712f2313c0a34b8ba1fb6d27ea8e820625e7f48fcce130dd2cdac71df from=0xf39Fd6e51aad88F6F4ce6aB8827279cffFb92266 nonce=773 contract=0xdccF554708B72d0fe9500cBfc1595cDBE3d66e5a value=0
INFO [06-01|09:10:30.261] Submitted transaction                    hash=0xfec218f4d27d79bf6785ef3e603b1a20f98a8393d0d4e5e5fad219ae71d0f573 from=0xf39Fd6e51aad88F6F4ce6aB8827279cffFb92266 nonce=774 recipient=0x806D4e699bb1223D9474461a2187b8cAbDDe9C64 value=78,000,000
INFO [06-01|09:10:31.068] Starting work on payload                 id=0x03d2739c149440d8
INFO [06-01|09:10:31.129] Updated payload                          id=0x03d2739c149440d8 number=2636 hash=d2ac34..e08b58 txs=2 withdrawals=0 gas=86926 fees=5.21556e-13 root=0ac112..9cacf7 elapsed=61.681ms
INFO [06-01|09:10:31.129] Stopping work on payload                 id=0x03d2739c149440d8 reason=delivery
INFO [06-01|09:10:31.163] Paused snapshot generation
WARN [06-01|09:10:31.163] {"level":"warn","msg":"Slow block","block":{"number":2636,"hash":"0xd2ac34e52ad7587c0d6fca0be568e3a242c77995bed019ff4319176acce08b58","gas_used":86926,"tx_count":2},"timing":{"execution_ms":0.164418,"state_read_ms":19.222573,"state_hash_ms":8.009451,"commit_ms":5.15238,"total_ms":32.689529},"throughput":{"mgas_per_sec":2.659138955474091},"state_reads":{"accounts":11,"storage_slots":0,"code":0,"code_bytes":0},"state_writes":{"accounts":3,"accounts_deleted":0,"storage_slots":0,"storage_slots_deleted":0,"code":1,"code_bytes":165},"cache":{"account":{"hits":5,"misses":6,"hit_rate":45.45454545454545},"storage":{"hits":0,"misses":0,"hit_rate":0},"code":{"hits":0,"misses":0,"hit_rate":0,"hit_bytes":0,"miss_bytes":0}}}
INFO [06-01|09:10:31.163] Imported new potential chain segment     number=2636 hash=d2ac34..e08b58 blocks=1 txs=2 mgas=0.087 elapsed=32.861ms   mgasps=2.645 triediffs=3.02MiB triedirty=0.00B
INFO [06-01|09:10:31.164] Chain head was updated                   number=2636 hash=d2ac34..e08b58 root=0ac112..9cacf7 elapsed="168.032µs"
WARN [06-01|09:10:31.184] Snapshot generation is not permitted
INFO [06-01|09:10:31.275] Submitted transaction                    hash=0xd34ce442a3420195c29d28ae22e3683a29b3c3bc3411b5aadeba795cae0be700 from=0x806D4e699bb1223D9474461a2187b8cAbDDe9C64 nonce=0   recipient=0xdccF554708B72d0fe9500cBfc1595cDBE3d66e5a value=0
INFO [06-01|09:10:32.168] Starting work on payload                 id=0x03be94d9b28fbb7c
INFO [06-01|09:10:32.271] Updated payload                          id=0x03be94d9b28fbb7c number=2637 hash=851e77..84a0db txs=1 withdrawals=0 gas=5,905,490 fees=3.543294e-11 root=c912ff..2358c8 elapsed=102.817ms
INFO [06-01|09:10:32.271] Stopping work on payload                 id=0x03be94d9b28fbb7c reason=delivery
INFO [06-01|09:10:32.340] Paused snapshot generation
WARN [06-01|09:10:32.340] {"level":"warn","msg":"Slow block","block":{"number":2637,"hash":"0x851e779844865845764ae48a600fa32dcc8e31ad49e70598816e288d8a84a0db","gas_used":5905490,"tx_count":1},"timing":{"execution_ms":16.7152,"state_read_ms":26.552025,"state_hash_ms":24.320857,"commit_ms":1.176784,"total_ms":69.069433},"throughput":{"mgas_per_sec":85.50077427159421},"state_reads":{"accounts":263,"storage_slots":1142,"code":257,"code_bytes":7333},"state_writes":{"accounts":3,"accounts_deleted":0,"storage_slots":84,"storage_slots_deleted":0,"code":0,"code_bytes":0},"cache":{"account":{"hits":37,"misses":226,"hit_rate":14.068441064638785},"storage":{"hits":123,"misses":1019,"hit_rate":10.770577933450088},"code":{"hits":257,"misses":0,"hit_rate":100,"hit_bytes":7333,"miss_bytes":0}}}
INFO [06-01|09:10:32.340] Imported new potential chain segment     number=2637 hash=851e77..84a0db blocks=1 txs=1 mgas=5.905 elapsed=69.300ms    mgasps=85.216 triediffs=3.04MiB triedirty=0.00B
INFO [06-01|09:10:32.341] Chain head was updated                   number=2637 hash=851e77..84a0db root=c912ff..2358c8 elapsed="118.269µs"
WARN [06-01|09:10:32.361] Snapshot generation is not permitted
INFO [06-01|09:10:33.297] Submitted transaction                    hash=0x418275e7b68530855caf200705a852ee9f3b7c671216857d51be405c619f44f3 from=0x806D4e699bb1223D9474461a2187b8cAbDDe9C64 nonce=1   recipient=0xf39Fd6e51aad88F6F4ce6aB8827279cffFb92266 value=976,630
INFO [06-01|09:10:33.345] Starting work on payload                 id=0x03cd8da071bec78f
INFO [06-01|09:10:33.385] Updated payload                          id=0x03cd8da071bec78f number=2638 hash=89080f..028cc5 txs=1 withdrawals=0 gas=21000     fees=2.1e-14      root=8cae0b..4a34dc elapsed=39.950ms
INFO [06-01|09:10:33.385] Stopping work on payload                 id=0x03cd8da071bec78f reason=delivery
INFO [06-01|09:10:33.391] Paused snapshot generation
WARN [06-01|09:10:33.392] {"level":"warn","msg":"Slow block","block":{"number":2638,"hash":"0x89080f74e5cc3a0796985daf75fc67b4997f7c1bfc9a9efcecbea7bd0f028cc5","gas_used":21000,"tx_count":1},"timing":{"execution_ms":0.099923,"state_read_ms":3.277778,"state_hash_ms":2.440548,"commit_ms":0.695995,"total_ms":6.73445},"throughput":{"mgas_per_sec":3.1182947382488546},"state_reads":{"accounts":6,"storage_slots":0,"code":0,"code_bytes":0},"state_writes":{"accounts":2,"accounts_deleted":0,"storage_slots":0,"storage_slots_deleted":0,"code":0,"code_bytes":0},"cache":{"account":{"hits":2,"misses":4,"hit_rate":33.33333333333333},"storage":{"hits":0,"misses":0,"hit_rate":0},"code":{"hits":0,"misses":0,"hit_rate":0,"hit_bytes":0,"miss_bytes":0}}}
INFO [06-01|09:10:33.392] Imported new potential chain segment     number=2638 hash=89080f..028cc5 blocks=1 txs=1 mgas=0.021 elapsed=6.897ms     mgasps=3.044  triediffs=3.04MiB triedirty=0.00B
INFO [06-01|09:10:33.392] Chain head was updated                   number=2638 hash=89080f..028cc5 root=8cae0b..4a34dc elapsed="54.186µs"
WARN [06-01|09:10:33.419] Snapshot generation is not permitted
INFO [06-01|09:10:34.397] Starting work on payload                 id=0x03eb36e15a9dbb38
INFO [06-01|09:10:34.419] Updated payload                          id=0x03eb36e15a9dbb38 number=2639 hash=4b859e..d0b6ce txs=0 withdrawals=0 gas=0         fees=0            root=8cae0b..4a34dc elapsed=21.657ms
INFO [06-01|09:10:34.419] Stopping work on payload                 id=0x03eb36e15a9dbb38 reason=delivery
WARN [06-01|09:10:34.423] {"level":"warn","msg":"Slow block","block":{"number":2639,"hash":"0x4b859e282220007446a7cb1b8a8ce9031393c727d89bdc1762bdf9caaad0b6ce","gas_used":0,"tx_count":0},"timing":{"execution_ms":0.057554,"state_read_ms":3.450639,"state_hash_ms":0.002167,"commit_ms":0.154239,"total_ms":3.887288},"throughput":{"mgas_per_sec":0},"state_reads":{"accounts":4,"storage_slots":0,"code":0,"code_bytes":0},"state_writes":{"accounts":0,"accounts_deleted":0,"storage_slots":0,"storage_slots_deleted":0,"code":0,"code_bytes":0},"cache":{"account":{"hits":0,"misses":4,"hit_rate":0},"storage":{"hits":0,"misses":0,"hit_rate":0},"code":{"hits":0,"misses":0,"hit_rate":0,"hit_bytes":0,"miss_bytes":0}}}
INFO [06-01|09:10:34.423] Imported new potential chain segment     number=2639 hash=4b859e..d0b6ce blocks=1 txs=0 mgas=0.000 elapsed=4.095ms     mgasps=0.000  triediffs=3.04MiB triedirty=0.00B
INFO [06-01|09:10:34.423] Chain head was updated                   number=2639 hash=4b859e..d0b6ce root=8cae0b..4a34dc elapsed="71.749µs"
