WARN [06-01|09:12:53.397] Unknown config environment variable      envvar=GETH_PBT_BIN
WARN [06-01|09:12:53.397] Unknown config environment variable      envvar=GETH_UBT_BIN
INFO [06-01|09:12:53.411] Starting Geth on Ethereum mainnet...
INFO [06-01|09:12:53.413] Maximum peer count                       ETH=0 total=0
INFO [06-01|09:12:53.414] Smartcard socket not found, disabling    err="stat /run/pcscd/pcscd.comm: no such file or directory"
WARN [06-01|09:12:53.417] Option --miner.etherbase is deprecated as the etherbase is set by the consensus client post-merge
WARN [06-01|09:12:53.418] Snap sync requested, resetting --cache.snapshot
INFO [06-01|09:12:53.418] Set global gas cap                       cap=50,000,000
INFO [06-01|09:12:54.256] Using developer account                  address=0xf39Fd6e51aad88F6F4ce6aB8827279cffFb92266
INFO [06-01|09:12:54.298] Using pebble as the backing database
INFO [06-01|09:12:54.298] Allocated cache and file handles         database=/mnt/state_expiry_vol_data/ubt-vs-pbt-dbs/ubt/geth/chaindata cache=16.00MiB handles=262,144
INFO [06-01|09:12:54.525] Opened ancient database                  database=/mnt/state_expiry_vol_data/ubt-vs-pbt-dbs/ubt/geth/chaindata/ancient/chain readonly=true
INFO [06-01|09:12:54.525] Opened Era store                         datadir=/mnt/state_expiry_vol_data/ubt-vs-pbt-dbs/ubt/geth/chaindata/ancient/chain/era
INFO [06-01|09:12:54.531] Initializing the KZG library             backend=gokzg
INFO [06-01|09:12:54.533] Allocated trie memory caches             clean=0.00B dirty=0.00B
INFO [06-01|09:12:54.552] Using pebble as the backing database
INFO [06-01|09:12:54.552] Allocated cache and file handles         database=/mnt/state_expiry_vol_data/ubt-vs-pbt-dbs/ubt/geth/chaindata cache=16.00MiB handles=262,144
INFO [06-01|09:12:54.749] Opened ancient database                  database=/mnt/state_expiry_vol_data/ubt-vs-pbt-dbs/ubt/geth/chaindata/ancient/chain readonly=false
INFO [06-01|09:12:54.749] Opened Era store                         datadir=/mnt/state_expiry_vol_data/ubt-vs-pbt-dbs/ubt/geth/chaindata/ancient/chain/era
INFO [06-01|09:12:54.755] State scheme set to already existing     scheme=path
INFO [06-01|09:12:54.755] Initialising Ethereum protocol           network=1337 dbversion=9
INFO [06-01|09:12:54.756] Load database journal from file          path=/mnt/state_expiry_vol_data/ubt-vs-pbt-dbs/ubt/geth/triedb/verkle.journal
INFO [06-01|09:12:54.857] Opened ancient database                  database=/mnt/state_expiry_vol_data/ubt-vs-pbt-dbs/ubt/geth/chaindata/ancient/state_verkle readonly=false
INFO [06-01|09:12:54.878] State snapshot generator is not compatible
INFO [06-01|09:12:54.878] Initialized path database                triecache=0.00B statecache=0.00B buffer=0.00B state-history="last 90000 blocks" journal-dir=/mnt/state_expiry_vol_data/ubt-vs-pbt-dbs/ubt/geth/triedb verkle=true
INFO [06-01|09:12:54.879] 
INFO [06-01|09:12:54.879] ---------------------------------------------------------------------------------------------------------------------------------------------------------
INFO [06-01|09:12:54.879] Chain ID:  1337 (unknown)
INFO [06-01|09:12:54.879] Consensus: unknown
INFO [06-01|09:12:54.879] 
INFO [06-01|09:12:54.879] Pre-Merge hard forks (block based):
INFO [06-01|09:12:54.879]  - Homestead:                   #0       
INFO [06-01|09:12:54.879]  - Tangerine Whistle (EIP 150): #0       
INFO [06-01|09:12:54.879]  - Spurious Dragon/1 (EIP 155): #0       
INFO [06-01|09:12:54.879]  - Spurious Dragon/2 (EIP 158): #0       
INFO [06-01|09:12:54.879]  - Byzantium:                   #0       
INFO [06-01|09:12:54.879]  - Constantinople:              #0       
INFO [06-01|09:12:54.879]  - Petersburg:                  #0       
INFO [06-01|09:12:54.879]  - Istanbul:                    #0       
INFO [06-01|09:12:54.879]  - Berlin:                      #0       
INFO [06-01|09:12:54.879]  - London:                      #0       
INFO [06-01|09:12:54.879]  - Arrow Glacier:               #0       
INFO [06-01|09:12:54.879]  - Gray Glacier:                #0       
INFO [06-01|09:12:54.879] 
INFO [06-01|09:12:54.879] Merge configured:
INFO [06-01|09:12:54.879]  - Total terminal difficulty:  0
INFO [06-01|09:12:54.879]  - Merge netsplit block:       #0       
INFO [06-01|09:12:54.879] 
INFO [06-01|09:12:54.879] Post-Merge hard forks (timestamp based):
INFO [06-01|09:12:54.879]  - Shanghai:                    @0         
INFO [06-01|09:12:54.879]  - Cancun:                      @0          blob: (target: 3, max: 6, fraction: 3338477)
INFO [06-01|09:12:54.879]  - Prague:                      @0          blob: (target: 6, max: 9, fraction: 5007716)
INFO [06-01|09:12:54.879]  - Osaka:                       @0          blob: (target: 6, max: 9, fraction: 5007716)
INFO [06-01|09:12:54.879]  - UBT:                         @0          blob: (nil)
INFO [06-01|09:12:54.879] 
INFO [06-01|09:12:54.879] All fork specifications can be found at https://ethereum.github.io/execution-specs/src/ethereum/forks/
INFO [06-01|09:12:54.879] 
INFO [06-01|09:12:54.879] ---------------------------------------------------------------------------------------------------------------------------------------------------------
INFO [06-01|09:12:54.879] 
INFO [06-01|09:12:54.881] Loaded most recent local block           number=2727 hash=ee102b..afec48 age=3s
INFO [06-01|09:12:54.881] Loaded most recent local finalized block number=2720 hash=0b345a..0330b1 age=14s
INFO [06-01|09:12:54.882] Initialized transaction indexer          range="last 2350000 blocks"
INFO [06-01|09:12:54.882] Initialized log indexer                  firstblock=0 lastblock=2727 firstmap=0 lastmap=0 headindexed=true
INFO [06-01|09:12:54.911] Enabled full-sync                        head=2727 hash=ee102b..afec48
INFO [06-01|09:12:54.911] Unprotected transactions allowed
INFO [06-01|09:12:54.911] Gasprice oracle is ignoring threshold set threshold=2
INFO [06-01|09:12:54.912] Registered sync override service
WARN [06-01|09:12:54.912] You are running Geth in --dev mode. Please note the following:
WARN [06-01|09:12:54.912] 
WARN [06-01|09:12:54.912]   1. This mode is only intended for fast, iterative development without assumptions on
WARN [06-01|09:12:54.912]      security or persistence.
WARN [06-01|09:12:54.912]   2. The database is created in memory unless specified otherwise. Therefore, shutting down
WARN [06-01|09:12:54.912]      your computer or losing power will wipe your entire block data and chain state for
WARN [06-01|09:12:54.912]      your dev environment.
WARN [06-01|09:12:54.912]   3. A random, pre-allocated developer account will be available and unlocked as
WARN [06-01|09:12:54.912]      eth.coinbase, which can be used for testing. The random dev account is temporary,
WARN [06-01|09:12:54.912]      stored on a ramdisk, and will be lost if your machine is restarted.
WARN [06-01|09:12:54.912]   4. Mining is enabled by default. However, the client will only seal blocks if transactions
WARN [06-01|09:12:54.912]      are pending in the mempool. The miner's minimum accepted gas price is 1.
WARN [06-01|09:12:54.912]   5. Networking is disabled; there is no listen-address, the maximum number of peers is set
WARN [06-01|09:12:54.912]      to 0, and discovery is disabled.
WARN [06-01|09:12:54.912] 
INFO [06-01|09:12:54.912] Starting peer-to-peer node               instance=Geth/v1.17.3-unstable/linux-amd64/go1.24.9
WARN [06-01|09:12:54.912] P2P server will be useless, neither dialing nor listening
INFO [06-01|09:12:54.948] IPC endpoint opened                      url=/mnt/state_expiry_vol_data/ubt-vs-pbt-dbs/ubt/geth.ipc
ERROR[06-01|09:12:54.948] Unavailable modules in HTTP API list     unavailable=[personal] available="[admin debug web3 eth txpool miner net dev testing]"
INFO [06-01|09:12:54.948] New local node record                    seq=1,780,289,664,444 id=c084d8867e8cc127 ip=127.0.0.1 udp=0 tcp=0
INFO [06-01|09:12:54.948] Started P2P networking                   self=enode://ed0ccbffbfc0dc9f1b0f8e55d585ad3e61215b1974f32d9388e7ae53563e3ebe0172c21d754fa202c3a63f95bef3ff3ea24339ffdabd0115c47ec5b8d33136a9@127.0.0.1:0
INFO [06-01|09:12:54.949] HTTP server started                      endpoint=127.0.0.1:8545 auth=false prefix= cors= vhosts=localhost
INFO [06-01|09:12:54.949] WebSocket enabled                        url=ws://127.0.0.1:8546
INFO [06-01|09:12:55.202] Loaded local transaction journal         transactions=2113 dropped=0
INFO [06-01|09:12:56.274] Started log indexer
INFO [06-01|09:12:56.320] Starting work on payload                 id=0x03317c9f77737c53
INFO [06-01|09:12:56.329] Updated payload                          id=0x03317c9f77737c53 number=2728 hash=7cbca3..355837 txs=0 withdrawals=0 gas=0 fees=0 root=4fae1d..817c62 elapsed=9.364ms
INFO [06-01|09:12:56.329] Stopping work on payload                 id=0x03317c9f77737c53 reason=delivery
WARN [06-01|09:12:56.333] {"level":"warn","msg":"Slow block","block":{"number":2728,"hash":"0x7cbca37075daa53391d46ca791410ee682231ec8b76a150e04c375a836355837","gas_used":0,"tx_count":0},"timing":{"execution_ms":0.045795,"state_read_ms":2.976023,"state_hash_ms":0.003082,"commit_ms":0.14493,"total_ms":3.400635},"throughput":{"mgas_per_sec":0},"state_reads":{"accounts":4,"storage_slots":0,"code":0,"code_bytes":0},"state_writes":{"accounts":0,"accounts_deleted":0,"storage_slots":0,"storage_slots_deleted":0,"code":0,"code_bytes":0},"cache":{"account":{"hits":0,"misses":4,"hit_rate":0},"storage":{"hits":0,"misses":0,"hit_rate":0},"code":{"hits":0,"misses":0,"hit_rate":0,"hit_bytes":0,"miss_bytes":0}}}
INFO [06-01|09:12:56.333] Imported new potential chain segment     number=2728 hash=7cbca3..355837 blocks=1 txs=0 mgas=0.000 elapsed=3.707ms mgasps=0.000 triediffs=2.72MiB triedirty=0.00B
INFO [06-01|09:12:56.334] Chain head was updated                   number=2728 hash=7cbca3..355837 root=4fae1d..817c62 elapsed="96.995µs"
INFO [06-01|09:12:57.344] Starting work on payload                 id=0x039cce160f1045d4
INFO [06-01|09:12:57.348] Updated payload                          id=0x039cce160f1045d4 number=2729 hash=e2c1c4..8f654f txs=0 withdrawals=0 gas=0 fees=0 root=4fae1d..817c62 elapsed=3.684ms
INFO [06-01|09:12:57.348] Stopping work on payload                 id=0x039cce160f1045d4 reason=delivery
WARN [06-01|09:12:57.352] {"level":"warn","msg":"Slow block","block":{"number":2729,"hash":"0xe2c1c45f73b3018e8cf65d1b87370a8ee16a506843f15703e0f151155f8f654f","gas_used":0,"tx_count":0},"timing":{"execution_ms":0.028561,"state_read_ms":2.850953,"state_hash_ms":0.001681,"commit_ms":0.094926,"total_ms":3.160541},"throughput":{"mgas_per_sec":0},"state_reads":{"accounts":4,"storage_slots":0,"code":0,"code_bytes":0},"state_writes":{"accounts":0,"accounts_deleted":0,"storage_slots":0,"storage_slots_deleted":0,"code":0,"code_bytes":0},"cache":{"account":{"hits":0,"misses":4,"hit_rate":0},"storage":{"hits":0,"misses":0,"hit_rate":0},"code":{"hits":0,"misses":0,"hit_rate":0,"hit_bytes":0,"miss_bytes":0}}}
INFO [06-01|09:12:57.352] Imported new potential chain segment     number=2729 hash=e2c1c4..8f654f blocks=1 txs=0 mgas=0.000 elapsed=3.389ms    mgasps=0.000 triediffs=2.72MiB triedirty=0.00B
INFO [06-01|09:12:57.352] Chain head was updated                   number=2729 hash=e2c1c4..8f654f root=4fae1d..817c62 elapsed="41.318µs"
INFO [06-01|09:12:58.372] Starting work on payload                 id=0x033a07150c20be7f
INFO [06-01|09:12:58.393] Updated payload                          id=0x033a07150c20be7f number=2730 hash=e72588..07e5bb txs=0 withdrawals=0 gas=0 fees=0 root=4fae1d..817c62 elapsed=20.969ms
INFO [06-01|09:12:58.393] Stopping work on payload                 id=0x033a07150c20be7f reason=delivery
WARN [06-01|09:12:58.397] {"level":"warn","msg":"Slow block","block":{"number":2730,"hash":"0xe7258897d879ff3566c34960340b20a28818bac78b6c614ec64b37d66f07e5bb","gas_used":0,"tx_count":0},"timing":{"execution_ms":0.027444,"state_read_ms":3.172909,"state_hash_ms":0.002531,"commit_ms":0.128007,"total_ms":3.505064},"throughput":{"mgas_per_sec":0},"state_reads":{"accounts":4,"storage_slots":0,"code":0,"code_bytes":0},"state_writes":{"accounts":0,"accounts_deleted":0,"storage_slots":0,"storage_slots_deleted":0,"code":0,"code_bytes":0},"cache":{"account":{"hits":0,"misses":4,"hit_rate":0},"storage":{"hits":0,"misses":0,"hit_rate":0},"code":{"hits":0,"misses":0,"hit_rate":0,"hit_bytes":0,"miss_bytes":0}}}
INFO [06-01|09:12:58.397] Imported new potential chain segment     number=2730 hash=e72588..07e5bb blocks=1 txs=0 mgas=0.000 elapsed=3.683ms    mgasps=0.000 triediffs=2.72MiB triedirty=0.00B
INFO [06-01|09:12:58.397] Chain head was updated                   number=2730 hash=e72588..07e5bb root=4fae1d..817c62 elapsed="32.871µs"
INFO [06-01|09:12:58.489] Submitted contract creation              hash=0x326278ad2d54ba2c9217b0970a1655e035a72e4913854a7953dae500ee96ab45 from=0xf39Fd6e51aad88F6F4ce6aB8827279cffFb92266 nonce=801 contract=0xb60971942E4528A811D24826768Bc91ad1383D21 value=0
INFO [06-01|09:12:58.489] Submitted transaction                    hash=0xf27b93d38278389b2be294cfb0a49b9d1560265054343a7da60eac6395f9c8ef from=0xf39Fd6e51aad88F6F4ce6aB8827279cffFb92266 nonce=802 recipient=0x19d8c9a533405F148DbBCBdd12BAb4FfD6cE99fc value=78,000,000
INFO [06-01|09:12:59.402] Starting work on payload                 id=0x03dedfbde1e57fd8
INFO [06-01|09:12:59.443] Updated payload                          id=0x03dedfbde1e57fd8 number=2731 hash=d0d382..c12edc txs=2 withdrawals=0 gas=86926 fees=5.21556e-13 root=c444db..714029 elapsed=41.177ms
INFO [06-01|09:12:59.443] Stopping work on payload                 id=0x03dedfbde1e57fd8 reason=delivery
INFO [06-01|09:12:59.468] Paused snapshot generation
WARN [06-01|09:12:59.469] {"level":"warn","msg":"Slow block","block":{"number":2731,"hash":"0xd0d38240801ab68f4512f78325e67363f8b561c61f94394a24f9abebc6c12edc","gas_used":86926,"tx_count":2},"timing":{"execution_ms":0.104447,"state_read_ms":17.106138,"state_hash_ms":2.77107,"commit_ms":5.111011,"total_ms":25.322852},"throughput":{"mgas_per_sec":3.432709712160384},"state_reads":{"accounts":11,"storage_slots":0,"code":0,"code_bytes":0},"state_writes":{"accounts":3,"accounts_deleted":0,"storage_slots":0,"storage_slots_deleted":0,"code":1,"code_bytes":165},"cache":{"account":{"hits":5,"misses":6,"hit_rate":45.45454545454545},"storage":{"hits":0,"misses":0,"hit_rate":0},"code":{"hits":0,"misses":0,"hit_rate":0,"hit_bytes":0,"miss_bytes":0}}}
INFO [06-01|09:12:59.469] Imported new potential chain segment     number=2731 hash=d0d382..c12edc blocks=1 txs=2 mgas=0.087 elapsed=25.529ms   mgasps=3.405 triediffs=2.68MiB triedirty=0.00B
INFO [06-01|09:12:59.469] Chain head was updated                   number=2731 hash=d0d382..c12edc root=c444db..714029 elapsed="181.726µs"
INFO [06-01|09:12:59.500] Submitted transaction                    hash=0x30865f70497bb2f6a0db4435e0633c9aba972bdf4648194ac9659d6f47ab4dfa from=0x19d8c9a533405F148DbBCBdd12BAb4FfD6cE99fc nonce=0   recipient=0xb60971942E4528A811D24826768Bc91ad1383D21 value=0
WARN [06-01|09:12:59.508] Snapshot generation is not permitted
INFO [06-01|09:13:00.473] Starting work on payload                 id=0x03f8740183f059cd
INFO [06-01|09:13:00.566] Updated payload                          id=0x03f8740183f059cd number=2732 hash=381fa4..1ab6e3 txs=1 withdrawals=0 gas=5,905,490 fees=3.543294e-11 root=f9b053..04af2b elapsed=92.277ms
INFO [06-01|09:13:00.566] Stopping work on payload                 id=0x03f8740183f059cd reason=delivery
INFO [06-01|09:13:00.605] Paused snapshot generation
WARN [06-01|09:13:00.606] {"level":"warn","msg":"Slow block","block":{"number":2732,"hash":"0x381fa47ebe3a0b3868d51a3d8370b3624e6f798ea507650d91235a03021ab6e3","gas_used":5905490,"tx_count":1},"timing":{"execution_ms":14.537445,"state_read_ms":19.543629,"state_hash_ms":3.926094,"commit_ms":1.218661,"total_ms":39.435502},"throughput":{"mgas_per_sec":149.75059782426504},"state_reads":{"accounts":263,"storage_slots":1142,"code":257,"code_bytes":7333},"state_writes":{"accounts":3,"accounts_deleted":0,"storage_slots":84,"storage_slots_deleted":0,"code":0,"code_bytes":0},"cache":{"account":{"hits":78,"misses":185,"hit_rate":29.65779467680608},"storage":{"hits":451,"misses":691,"hit_rate":39.49211908931699},"code":{"hits":257,"misses":0,"hit_rate":100,"hit_bytes":7333,"miss_bytes":0}}}
INFO [06-01|09:13:00.606] Imported new potential chain segment     number=2732 hash=381fa4..1ab6e3 blocks=1 txs=1 mgas=5.905 elapsed=39.642ms    mgasps=148.969 triediffs=2.70MiB triedirty=0.00B
INFO [06-01|09:13:00.606] Chain head was updated                   number=2732 hash=381fa4..1ab6e3 root=f9b053..04af2b elapsed="135.667µs"
WARN [06-01|09:13:00.630] Snapshot generation is not permitted
INFO [06-01|09:13:01.519] Submitted transaction                    hash=0x7052a3d588751da8373915f4c835b121f81644521291593afdafbacf6dc155d8 from=0x19d8c9a533405F148DbBCBdd12BAb4FfD6cE99fc nonce=1   recipient=0xf39Fd6e51aad88F6F4ce6aB8827279cffFb92266 value=976,630
INFO [06-01|09:13:01.612] Starting work on payload                 id=0x03329ef290879f42
INFO [06-01|09:13:01.638] Updated payload                          id=0x03329ef290879f42 number=2733 hash=6c39ac..663050 txs=1 withdrawals=0 gas=21000     fees=2.1e-14      root=98a7c5..8b3822 elapsed=26.176ms
INFO [06-01|09:13:01.638] Stopping work on payload                 id=0x03329ef290879f42 reason=delivery
INFO [06-01|09:13:01.645] Paused snapshot generation
WARN [06-01|09:13:01.649] {"level":"warn","msg":"Slow block","block":{"number":2733,"hash":"0x6c39acb338516797cc8ef9e1151c8c67ca921d90c12a39b0b37a22eb44663050","gas_used":21000,"tx_count":1},"timing":{"execution_ms":0.056974,"state_read_ms":2.971224,"state_hash_ms":3.16387,"commit_ms":4.408073,"total_ms":10.768427},"throughput":{"mgas_per_sec":1.9501455505061231},"state_reads":{"accounts":6,"storage_slots":0,"code":0,"code_bytes":0},"state_writes":{"accounts":2,"accounts_deleted":0,"storage_slots":0,"storage_slots_deleted":0,"code":0,"code_bytes":0},"cache":{"account":{"hits":2,"misses":4,"hit_rate":33.33333333333333},"storage":{"hits":0,"misses":0,"hit_rate":0},"code":{"hits":0,"misses":0,"hit_rate":0,"hit_bytes":0,"miss_bytes":0}}}
INFO [06-01|09:13:01.649] Imported new potential chain segment     number=2733 hash=6c39ac..663050 blocks=1 txs=1 mgas=0.021 elapsed=10.935ms    mgasps=1.920   triediffs=2.69MiB triedirty=0.00B
INFO [06-01|09:13:01.649] Chain head was updated                   number=2733 hash=6c39ac..663050 root=98a7c5..8b3822 elapsed="87.542µs"
WARN [06-01|09:13:01.682] Snapshot generation is not permitted
INFO [06-01|09:13:02.653] Starting work on payload                 id=0x034e411594bb1b81
INFO [06-01|09:13:02.656] Updated payload                          id=0x034e411594bb1b81 number=2734 hash=ff9018..91abe0 txs=0 withdrawals=0 gas=0         fees=0            root=98a7c5..8b3822 elapsed=2.947ms
INFO [06-01|09:13:02.656] Stopping work on payload                 id=0x034e411594bb1b81 reason=delivery
WARN [06-01|09:13:02.660] {"level":"warn","msg":"Slow block","block":{"number":2734,"hash":"0xff9018cf30c2b212969dd0d8926177634ca567f6ff17198298bef56d7491abe0","gas_used":0,"tx_count":0},"timing":{"execution_ms":0.024417,"state_read_ms":2.866162,"state_hash_ms":0.001315,"commit_ms":0.105825,"total_ms":3.162621},"throughput":{"mgas_per_sec":0},"state_reads":{"accounts":4,"storage_slots":0,"code":0,"code_bytes":0},"state_writes":{"accounts":0,"accounts_deleted":0,"storage_slots":0,"storage_slots_deleted":0,"code":0,"code_bytes":0},"cache":{"account":{"hits":0,"misses":4,"hit_rate":0},"storage":{"hits":0,"misses":0,"hit_rate":0},"code":{"hits":0,"misses":0,"hit_rate":0,"hit_bytes":0,"miss_bytes":0}}}
INFO [06-01|09:13:02.660] Imported new potential chain segment     number=2734 hash=ff9018..91abe0 blocks=1 txs=0 mgas=0.000 elapsed=3.277ms     mgasps=0.000   triediffs=2.69MiB triedirty=0.00B
INFO [06-01|09:13:02.660] Chain head was updated                   number=2734 hash=ff9018..91abe0 root=98a7c5..8b3822 elapsed="31.834µs"
