WARN [06-01|09:23:40.162] Unknown config environment variable      envvar=GETH_PBT_BIN
WARN [06-01|09:23:40.163] Unknown config environment variable      envvar=GETH_UBT_BIN
INFO [06-01|09:23:40.173] Starting Geth on Ethereum mainnet...
INFO [06-01|09:23:40.175] Maximum peer count                       ETH=0 total=0
INFO [06-01|09:23:40.176] Smartcard socket not found, disabling    err="stat /run/pcscd/pcscd.comm: no such file or directory"
WARN [06-01|09:23:40.179] Option --miner.etherbase is deprecated as the etherbase is set by the consensus client post-merge
WARN [06-01|09:23:40.181] Snap sync requested, resetting --cache.snapshot
INFO [06-01|09:23:40.181] Set global gas cap                       cap=50,000,000
INFO [06-01|09:23:41.019] Using developer account                  address=0xf39Fd6e51aad88F6F4ce6aB8827279cffFb92266
INFO [06-01|09:23:41.061] Using pebble as the backing database
INFO [06-01|09:23:41.061] Allocated cache and file handles         database=/mnt/state_expiry_vol_data/ubt-vs-pbt-dbs/ubt/geth/chaindata cache=16.00MiB handles=262,144
INFO [06-01|09:23:41.292] Opened ancient database                  database=/mnt/state_expiry_vol_data/ubt-vs-pbt-dbs/ubt/geth/chaindata/ancient/chain readonly=true
INFO [06-01|09:23:41.292] Opened Era store                         datadir=/mnt/state_expiry_vol_data/ubt-vs-pbt-dbs/ubt/geth/chaindata/ancient/chain/era
INFO [06-01|09:23:41.299] Initializing the KZG library             backend=gokzg
INFO [06-01|09:23:41.301] Allocated trie memory caches             clean=0.00B dirty=0.00B
INFO [06-01|09:23:41.310] Using pebble as the backing database
INFO [06-01|09:23:41.310] Allocated cache and file handles         database=/mnt/state_expiry_vol_data/ubt-vs-pbt-dbs/ubt/geth/chaindata cache=16.00MiB handles=262,144
INFO [06-01|09:23:41.498] Opened ancient database                  database=/mnt/state_expiry_vol_data/ubt-vs-pbt-dbs/ubt/geth/chaindata/ancient/chain readonly=false
INFO [06-01|09:23:41.498] Opened Era store                         datadir=/mnt/state_expiry_vol_data/ubt-vs-pbt-dbs/ubt/geth/chaindata/ancient/chain/era
INFO [06-01|09:23:41.504] State scheme set to already existing     scheme=path
INFO [06-01|09:23:41.504] Initialising Ethereum protocol           network=1337 dbversion=9
INFO [06-01|09:23:41.505] Load database journal from file          path=/mnt/state_expiry_vol_data/ubt-vs-pbt-dbs/ubt/geth/triedb/verkle.journal
INFO [06-01|09:23:41.572] Opened ancient database                  database=/mnt/state_expiry_vol_data/ubt-vs-pbt-dbs/ubt/geth/chaindata/ancient/state_verkle readonly=false
INFO [06-01|09:23:41.574] State snapshot generator is not compatible
INFO [06-01|09:23:41.574] Initialized path database                triecache=0.00B statecache=0.00B buffer=0.00B state-history="last 90000 blocks" journal-dir=/mnt/state_expiry_vol_data/ubt-vs-pbt-dbs/ubt/geth/triedb verkle=true
INFO [06-01|09:23:41.574] 
INFO [06-01|09:23:41.574] ---------------------------------------------------------------------------------------------------------------------------------------------------------
INFO [06-01|09:23:41.574] Chain ID:  1337 (unknown)
INFO [06-01|09:23:41.574] Consensus: unknown
INFO [06-01|09:23:41.574] 
INFO [06-01|09:23:41.574] Pre-Merge hard forks (block based):
INFO [06-01|09:23:41.574]  - Homestead:                   #0       
INFO [06-01|09:23:41.574]  - Tangerine Whistle (EIP 150): #0       
INFO [06-01|09:23:41.574]  - Spurious Dragon/1 (EIP 155): #0       
INFO [06-01|09:23:41.574]  - Spurious Dragon/2 (EIP 158): #0       
INFO [06-01|09:23:41.574]  - Byzantium:                   #0       
INFO [06-01|09:23:41.574]  - Constantinople:              #0       
INFO [06-01|09:23:41.574]  - Petersburg:                  #0       
INFO [06-01|09:23:41.574]  - Istanbul:                    #0       
INFO [06-01|09:23:41.574]  - Berlin:                      #0       
INFO [06-01|09:23:41.574]  - London:                      #0       
INFO [06-01|09:23:41.574]  - Arrow Glacier:               #0       
INFO [06-01|09:23:41.574]  - Gray Glacier:                #0       
INFO [06-01|09:23:41.574] 
INFO [06-01|09:23:41.574] Merge configured:
INFO [06-01|09:23:41.574]  - Total terminal difficulty:  0
INFO [06-01|09:23:41.574]  - Merge netsplit block:       #0       
INFO [06-01|09:23:41.574] 
INFO [06-01|09:23:41.574] Post-Merge hard forks (timestamp based):
INFO [06-01|09:23:41.574]  - Shanghai:                    @0         
INFO [06-01|09:23:41.574]  - Cancun:                      @0          blob: (target: 3, max: 6, fraction: 3338477)
INFO [06-01|09:23:41.574]  - Prague:                      @0          blob: (target: 6, max: 9, fraction: 5007716)
INFO [06-01|09:23:41.574]  - Osaka:                       @0          blob: (target: 6, max: 9, fraction: 5007716)
INFO [06-01|09:23:41.574]  - UBT:                         @0          blob: (nil)
INFO [06-01|09:23:41.574] 
INFO [06-01|09:23:41.574] All fork specifications can be found at https://ethereum.github.io/execution-specs/src/ethereum/forks/
INFO [06-01|09:23:41.574] 
INFO [06-01|09:23:41.574] ---------------------------------------------------------------------------------------------------------------------------------------------------------
INFO [06-01|09:23:41.574] 
INFO [06-01|09:23:41.576] Loaded most recent local block           number=3149 hash=745a55..3e86b7 age=3s
INFO [06-01|09:23:41.576] Loaded most recent local finalized block number=3136 hash=0fe953..7fbf69 age=20s
INFO [06-01|09:23:41.578] Initialized transaction indexer          range="last 2350000 blocks"
INFO [06-01|09:23:41.578] Initialized log indexer                  firstblock=0 lastblock=3149 firstmap=0 lastmap=0 headindexed=true
INFO [06-01|09:23:41.647] Enabled full-sync                        head=3149 hash=745a55..3e86b7
INFO [06-01|09:23:41.647] Unprotected transactions allowed
INFO [06-01|09:23:41.647] Gasprice oracle is ignoring threshold set threshold=2
INFO [06-01|09:23:41.648] Registered sync override service
WARN [06-01|09:23:41.648] You are running Geth in --dev mode. Please note the following:
WARN [06-01|09:23:41.648] 
WARN [06-01|09:23:41.648]   1. This mode is only intended for fast, iterative development without assumptions on
WARN [06-01|09:23:41.648]      security or persistence.
WARN [06-01|09:23:41.648]   2. The database is created in memory unless specified otherwise. Therefore, shutting down
WARN [06-01|09:23:41.648]      your computer or losing power will wipe your entire block data and chain state for
WARN [06-01|09:23:41.648]      your dev environment.
WARN [06-01|09:23:41.648]   3. A random, pre-allocated developer account will be available and unlocked as
WARN [06-01|09:23:41.648]      eth.coinbase, which can be used for testing. The random dev account is temporary,
WARN [06-01|09:23:41.648]      stored on a ramdisk, and will be lost if your machine is restarted.
WARN [06-01|09:23:41.648]   4. Mining is enabled by default. However, the client will only seal blocks if transactions
WARN [06-01|09:23:41.648]      are pending in the mempool. The miner's minimum accepted gas price is 1.
WARN [06-01|09:23:41.648]   5. Networking is disabled; there is no listen-address, the maximum number of peers is set
WARN [06-01|09:23:41.648]      to 0, and discovery is disabled.
WARN [06-01|09:23:41.648] 
INFO [06-01|09:23:41.648] Starting peer-to-peer node               instance=Geth/v1.17.3-unstable/linux-amd64/go1.24.9
WARN [06-01|09:23:41.648] P2P server will be useless, neither dialing nor listening
INFO [06-01|09:23:41.682] IPC endpoint opened                      url=/mnt/state_expiry_vol_data/ubt-vs-pbt-dbs/ubt/geth.ipc
INFO [06-01|09:23:41.682] New local node record                    seq=1,780,289,664,504 id=c084d8867e8cc127 ip=127.0.0.1 udp=0 tcp=0
INFO [06-01|09:23:41.682] Started P2P networking                   self=enode://ed0ccbffbfc0dc9f1b0f8e55d585ad3e61215b1974f32d9388e7ae53563e3ebe0172c21d754fa202c3a63f95bef3ff3ea24339ffdabd0115c47ec5b8d33136a9@127.0.0.1:0
ERROR[06-01|09:23:41.682] Unavailable modules in HTTP API list     unavailable=[personal] available="[admin debug web3 eth txpool miner net dev testing]"
INFO [06-01|09:23:41.683] HTTP server started                      endpoint=127.0.0.1:8545 auth=false prefix= cors= vhosts=localhost
INFO [06-01|09:23:41.683] WebSocket enabled                        url=ws://127.0.0.1:8546
INFO [06-01|09:23:41.976] Loaded local transaction journal         transactions=2353 dropped=0
INFO [06-01|09:23:43.000] Started log indexer
INFO [06-01|09:23:43.040] Starting work on payload                 id=0x034548d33a1c9ab8
INFO [06-01|09:23:43.045] Updated payload                          id=0x034548d33a1c9ab8 number=3150 hash=de7d90..c1d7c2 txs=0 withdrawals=0 gas=0 fees=0 root=00ef44..97e77d elapsed=4.990ms
INFO [06-01|09:23:43.045] Stopping work on payload                 id=0x034548d33a1c9ab8 reason=delivery
WARN [06-01|09:23:43.051] {"level":"warn","msg":"Slow block","block":{"number":3150,"hash":"0xde7d90a88fc8e28ee766f85fbcb7f47ccad20d03e1c4d63926e7ebd0b9c1d7c2","gas_used":0,"tx_count":0},"timing":{"execution_ms":0.069087,"state_read_ms":4.456207,"state_hash_ms":0.002055,"commit_ms":0.162747,"total_ms":5.027133},"throughput":{"mgas_per_sec":0},"state_reads":{"accounts":4,"storage_slots":0,"code":0,"code_bytes":0},"state_writes":{"accounts":0,"accounts_deleted":0,"storage_slots":0,"storage_slots_deleted":0,"code":0,"code_bytes":0},"cache":{"account":{"hits":0,"misses":4,"hit_rate":0},"storage":{"hits":0,"misses":0,"hit_rate":0},"code":{"hits":0,"misses":0,"hit_rate":0,"hit_bytes":0,"miss_bytes":0}}}
INFO [06-01|09:23:43.051] Imported new potential chain segment     number=3150 hash=de7d90..c1d7c2 blocks=1 txs=0 mgas=0.000 elapsed=5.924ms mgasps=0.000 triediffs=1.37MiB triedirty=0.00B
INFO [06-01|09:23:43.051] Chain head was updated                   number=3150 hash=de7d90..c1d7c2 root=00ef44..97e77d elapsed="101.785µs"
INFO [06-01|09:23:44.057] Starting work on payload                 id=0x030f1a51fc9a93c6
INFO [06-01|09:23:44.063] Updated payload                          id=0x030f1a51fc9a93c6 number=3151 hash=9c7701..1106b8 txs=0 withdrawals=0 gas=0 fees=0 root=00ef44..97e77d elapsed=6.208ms
INFO [06-01|09:23:44.065] Stopping work on payload                 id=0x030f1a51fc9a93c6 reason=delivery
WARN [06-01|09:23:44.070] {"level":"warn","msg":"Slow block","block":{"number":3151,"hash":"0x9c770107f9e0f7db0a9a7b5eefd319cd2ca8cdf1db675a11bb42cc6de61106b8","gas_used":0,"tx_count":0},"timing":{"execution_ms":0.036295,"state_read_ms":6.130585,"state_hash_ms":0.001377,"commit_ms":0.130934,"total_ms":6.684685},"throughput":{"mgas_per_sec":0},"state_reads":{"accounts":4,"storage_slots":0,"code":0,"code_bytes":0},"state_writes":{"accounts":0,"accounts_deleted":0,"storage_slots":0,"storage_slots_deleted":0,"code":0,"code_bytes":0},"cache":{"account":{"hits":0,"misses":4,"hit_rate":0},"storage":{"hits":0,"misses":0,"hit_rate":0},"code":{"hits":0,"misses":0,"hit_rate":0,"hit_bytes":0,"miss_bytes":0}}}
INFO [06-01|09:23:44.070] Imported new potential chain segment     number=3151 hash=9c7701..1106b8 blocks=1 txs=0 mgas=0.000 elapsed=6.869ms     mgasps=0.000 triediffs=1.37MiB triedirty=0.00B
INFO [06-01|09:23:44.070] Chain head was updated                   number=3151 hash=9c7701..1106b8 root=00ef44..97e77d elapsed="45.955µs"
INFO [06-01|09:23:45.075] Starting work on payload                 id=0x03bb9e3f71abc503
INFO [06-01|09:23:45.095] Updated payload                          id=0x03bb9e3f71abc503 number=3152 hash=fd206d..dcec60 txs=0 withdrawals=0 gas=0 fees=0 root=00ef44..97e77d elapsed=19.500ms
INFO [06-01|09:23:45.095] Stopping work on payload                 id=0x03bb9e3f71abc503 reason=delivery
WARN [06-01|09:23:45.098] {"level":"warn","msg":"Slow block","block":{"number":3152,"hash":"0xfd206d3564c07cd5c211f1f84a4a2da7c43dc36d7618b0a7db7d154ea8dcec60","gas_used":0,"tx_count":0},"timing":{"execution_ms":0.025438,"state_read_ms":2.765994,"state_hash_ms":0.001868,"commit_ms":0.099092,"total_ms":3.028006},"throughput":{"mgas_per_sec":0},"state_reads":{"accounts":4,"storage_slots":0,"code":0,"code_bytes":0},"state_writes":{"accounts":0,"accounts_deleted":0,"storage_slots":0,"storage_slots_deleted":0,"code":0,"code_bytes":0},"cache":{"account":{"hits":0,"misses":4,"hit_rate":0},"storage":{"hits":0,"misses":0,"hit_rate":0},"code":{"hits":0,"misses":0,"hit_rate":0,"hit_bytes":0,"miss_bytes":0}}}
INFO [06-01|09:23:45.098] Imported new potential chain segment     number=3152 hash=fd206d..dcec60 blocks=1 txs=0 mgas=0.000 elapsed=3.186ms     mgasps=0.000 triediffs=1.37MiB triedirty=0.00B
INFO [06-01|09:23:45.098] Chain head was updated                   number=3152 hash=fd206d..dcec60 root=00ef44..97e77d elapsed="34.263µs"
INFO [06-01|09:23:45.156] Submitted contract creation              hash=0x3d92b07e540ec1c58cd8f43da00708337b7f312b30e586f50fd0f69248101843 from=0xf39Fd6e51aad88F6F4ce6aB8827279cffFb92266 nonce=921 contract=0xDf795df2e0ad240a82d773DA01a812B96345F9C5 value=0
INFO [06-01|09:23:45.156] Submitted transaction                    hash=0x0dcbc17e2819472b04331adaac52ab4911f2d00f3b29a26fc39343889d43e93d from=0xf39Fd6e51aad88F6F4ce6aB8827279cffFb92266 nonce=922 recipient=0x8c8623Fe46abB589EAae547e7dF71F86ED802Ec6 value=78,000,000
INFO [06-01|09:23:46.116] Starting work on payload                 id=0x03d3d140fee12cc9
INFO [06-01|09:23:46.151] Updated payload                          id=0x03d3d140fee12cc9 number=3153 hash=ff7612..14966c txs=2 withdrawals=0 gas=91710 fees=5.5026e-13 root=ecf61d..8d5140 elapsed=35.043ms
INFO [06-01|09:23:46.151] Stopping work on payload                 id=0x03d3d140fee12cc9 reason=delivery
INFO [06-01|09:23:46.184] Paused snapshot generation
WARN [06-01|09:23:46.184] {"level":"warn","msg":"Slow block","block":{"number":3153,"hash":"0xff7612a7aff9e85cd7803e02154d101fae40f8b778a550f1a1cff30d8a14966c","gas_used":91710,"tx_count":2},"timing":{"execution_ms":0.117984,"state_read_ms":14.37608,"state_hash_ms":13.485702,"commit_ms":4.754326,"total_ms":32.909694},"throughput":{"mgas_per_sec":2.78671688651982},"state_reads":{"accounts":11,"storage_slots":0,"code":0,"code_bytes":0},"state_writes":{"accounts":3,"accounts_deleted":0,"storage_slots":0,"storage_slots_deleted":0,"code":1,"code_bytes":305},"cache":{"account":{"hits":6,"misses":5,"hit_rate":54.54545454545454},"storage":{"hits":0,"misses":0,"hit_rate":0},"code":{"hits":0,"misses":0,"hit_rate":0,"hit_bytes":0,"miss_bytes":0}}}
INFO [06-01|09:23:46.184] Imported new potential chain segment     number=3153 hash=ff7612..14966c blocks=1 txs=2 mgas=0.092 elapsed=33.112ms    mgasps=2.770 triediffs=1.37MiB triedirty=0.00B
INFO [06-01|09:23:46.185] Chain head was updated                   number=3153 hash=ff7612..14966c root=ecf61d..8d5140 elapsed="243.686µs"
WARN [06-01|09:23:46.206] Snapshot generation is not permitted
INFO [06-01|09:23:47.172] Submitted transaction                    hash=0x0b38941a645700f240f93b5f216ca2c99f30e53fcdd4b3844575f31b9e577849 from=0x8c8623Fe46abB589EAae547e7dF71F86ED802Ec6 nonce=0   recipient=0xDf795df2e0ad240a82d773DA01a812B96345F9C5 value=0
INFO [06-01|09:23:47.206] Starting work on payload                 id=0x03f528c335523f7e
INFO [06-01|09:23:47.354] Updated payload                          id=0x03f528c335523f7e number=3154 hash=9b0ec6..6139b2 txs=1 withdrawals=0 gas=5,902,152 fees=3.5412912e-11 root=16a078..548d44 elapsed=147.932ms
INFO [06-01|09:23:47.358] Stopping work on payload                 id=0x03f528c335523f7e reason=delivery
INFO [06-01|09:23:47.445] Paused snapshot generation
WARN [06-01|09:23:47.445] {"level":"warn","msg":"Slow block","block":{"number":3154,"hash":"0x9b0ec6c70f254e1393633da21a126bdb676094db064adce0d970c1833b6139b2","gas_used":5902152,"tx_count":1},"timing":{"execution_ms":64.898013,"state_read_ms":21.44619,"state_hash_ms":3.393682,"commit_ms":0.696054,"total_ms":90.852379},"throughput":{"mgas_per_sec":64.96419868102738},"state_reads":{"accounts":107,"storage_slots":1390,"code":101,"code_bytes":3105},"state_writes":{"accounts":2,"accounts_deleted":0,"storage_slots":0,"storage_slots_deleted":0,"code":0,"code_bytes":0},"cache":{"account":{"hits":52,"misses":55,"hit_rate":48.598130841121495},"storage":{"hits":182,"misses":1208,"hit_rate":13.093525179856117},"code":{"hits":101,"misses":0,"hit_rate":100,"hit_bytes":3105,"miss_bytes":0}}}
INFO [06-01|09:23:47.445] Imported new potential chain segment     number=3154 hash=9b0ec6..6139b2 blocks=1 txs=1 mgas=5.902 elapsed=91.153ms    mgasps=64.750 triediffs=1.37MiB triedirty=0.00B
INFO [06-01|09:23:47.446] Chain head was updated                   number=3154 hash=9b0ec6..6139b2 root=16a078..548d44 elapsed="158.315µs"
WARN [06-01|09:23:47.473] Snapshot generation is not permitted
INFO [06-01|09:23:48.186] Submitted transaction                    hash=0xdbf70eb9470cc05d09c502ba923d15f6b79d3dbafd60e1012b9b11be8c7fe06c from=0x8c8623Fe46abB589EAae547e7dF71F86ED802Ec6 nonce=1   recipient=0xf39Fd6e51aad88F6F4ce6aB8827279cffFb92266 value=1,020,024
INFO [06-01|09:23:48.460] Starting work on payload                 id=0x035f401f28f265d2
INFO [06-01|09:23:48.473] Updated payload                          id=0x035f401f28f265d2 number=3155 hash=f1d712..7aa00b txs=1 withdrawals=0 gas=21000     fees=2.1e-14       root=4ccc5b..7d0551 elapsed=12.319ms
INFO [06-01|09:23:48.477] Stopping work on payload                 id=0x035f401f28f265d2 reason=delivery
INFO [06-01|09:23:48.486] Paused snapshot generation
WARN [06-01|09:23:48.486] {"level":"warn","msg":"Slow block","block":{"number":3155,"hash":"0xf1d712cd935896cbaf5d71ac54642085af06f706655bf8505e17d42ca07aa00b","gas_used":21000,"tx_count":1},"timing":{"execution_ms":0.113103,"state_read_ms":5.524158,"state_hash_ms":2.670439,"commit_ms":0.635382,"total_ms":9.139149},"throughput":{"mgas_per_sec":2.297806940230431},"state_reads":{"accounts":6,"storage_slots":0,"code":0,"code_bytes":0},"state_writes":{"accounts":2,"accounts_deleted":0,"storage_slots":0,"storage_slots_deleted":0,"code":0,"code_bytes":0},"cache":{"account":{"hits":2,"misses":4,"hit_rate":33.33333333333333},"storage":{"hits":0,"misses":0,"hit_rate":0},"code":{"hits":0,"misses":0,"hit_rate":0,"hit_bytes":0,"miss_bytes":0}}}
INFO [06-01|09:23:48.486] Imported new potential chain segment     number=3155 hash=f1d712..7aa00b blocks=1 txs=1 mgas=0.021 elapsed=9.290ms     mgasps=2.260  triediffs=1.37MiB triedirty=0.00B
INFO [06-01|09:23:48.486] Chain head was updated                   number=3155 hash=f1d712..7aa00b root=4ccc5b..7d0551 elapsed="52.92µs"
WARN [06-01|09:23:48.505] Snapshot generation is not permitted
INFO [06-01|09:23:49.501] Starting work on payload                 id=0x03d01a3e8ffc88a5
INFO [06-01|09:23:49.515] Updated payload                          id=0x03d01a3e8ffc88a5 number=3156 hash=e66e68..453c54 txs=0 withdrawals=0 gas=0         fees=0             root=4ccc5b..7d0551 elapsed=13.830ms
INFO [06-01|09:23:49.515] Stopping work on payload                 id=0x03d01a3e8ffc88a5 reason=delivery
WARN [06-01|09:23:49.534] {"level":"warn","msg":"Slow block","block":{"number":3156,"hash":"0xe66e688fc5c9108ef1536d06f740e2e47185c837569bcda125e95ebde8453c54","gas_used":0,"tx_count":0},"timing":{"execution_ms":0.036657,"state_read_ms":18.671765,"state_hash_ms":0.002828,"commit_ms":0.127208,"total_ms":18.978511},"throughput":{"mgas_per_sec":0},"state_reads":{"accounts":4,"storage_slots":0,"code":0,"code_bytes":0},"state_writes":{"accounts":0,"accounts_deleted":0,"storage_slots":0,"storage_slots_deleted":0,"code":0,"code_bytes":0},"cache":{"account":{"hits":0,"misses":4,"hit_rate":0},"storage":{"hits":0,"misses":0,"hit_rate":0},"code":{"hits":0,"misses":0,"hit_rate":0,"hit_bytes":0,"miss_bytes":0}}}
INFO [06-01|09:23:49.534] Imported new potential chain segment     number=3156 hash=e66e68..453c54 blocks=1 txs=0 mgas=0.000 elapsed=19.115ms    mgasps=0.000  triediffs=1.37MiB triedirty=0.00B
INFO [06-01|09:23:49.534] Chain head was updated                   number=3156 hash=e66e68..453c54 root=4ccc5b..7d0551 elapsed="52.535µs"
