WARN [06-01|09:01:44.090] Unknown config environment variable      envvar=GETH_PBT_BIN
WARN [06-01|09:01:44.090] Unknown config environment variable      envvar=GETH_UBT_BIN
INFO [06-01|09:01:44.101] Starting Geth on Ethereum mainnet...
INFO [06-01|09:01:44.102] Maximum peer count                       ETH=0 total=0
INFO [06-01|09:01:44.103] Smartcard socket not found, disabling    err="stat /run/pcscd/pcscd.comm: no such file or directory"
WARN [06-01|09:01:44.106] Option --miner.etherbase is deprecated as the etherbase is set by the consensus client post-merge
WARN [06-01|09:01:44.108] Snap sync requested, resetting --cache.snapshot
INFO [06-01|09:01:44.108] Set global gas cap                       cap=50,000,000
INFO [06-01|09:01:44.901] Using developer account                  address=0xf39Fd6e51aad88F6F4ce6aB8827279cffFb92266
INFO [06-01|09:01:44.946] Using pebble as the backing database
INFO [06-01|09:01:44.946] Allocated cache and file handles         database=/mnt/state_expiry_vol_data/ubt-vs-pbt-dbs/ubt/geth/chaindata cache=16.00MiB handles=262,144
INFO [06-01|09:01:45.165] Opened ancient database                  database=/mnt/state_expiry_vol_data/ubt-vs-pbt-dbs/ubt/geth/chaindata/ancient/chain readonly=true
INFO [06-01|09:01:45.165] Opened Era store                         datadir=/mnt/state_expiry_vol_data/ubt-vs-pbt-dbs/ubt/geth/chaindata/ancient/chain/era
INFO [06-01|09:01:45.172] Initializing the KZG library             backend=gokzg
INFO [06-01|09:01:45.173] Allocated trie memory caches             clean=0.00B dirty=0.00B
INFO [06-01|09:01:45.183] Using pebble as the backing database
INFO [06-01|09:01:45.183] Allocated cache and file handles         database=/mnt/state_expiry_vol_data/ubt-vs-pbt-dbs/ubt/geth/chaindata cache=16.00MiB handles=262,144
INFO [06-01|09:01:45.390] Opened ancient database                  database=/mnt/state_expiry_vol_data/ubt-vs-pbt-dbs/ubt/geth/chaindata/ancient/chain readonly=false
INFO [06-01|09:01:45.390] Opened Era store                         datadir=/mnt/state_expiry_vol_data/ubt-vs-pbt-dbs/ubt/geth/chaindata/ancient/chain/era
INFO [06-01|09:01:45.397] State scheme set to already existing     scheme=path
INFO [06-01|09:01:45.397] Initialising Ethereum protocol           network=1337 dbversion=9
INFO [06-01|09:01:45.397] Load database journal from file          path=/mnt/state_expiry_vol_data/ubt-vs-pbt-dbs/ubt/geth/triedb/verkle.journal
INFO [06-01|09:01:45.457] Opened ancient database                  database=/mnt/state_expiry_vol_data/ubt-vs-pbt-dbs/ubt/geth/chaindata/ancient/state_verkle readonly=false
INFO [06-01|09:01:45.459] State snapshot generator is not compatible
INFO [06-01|09:01:45.459] Initialized path database                triecache=0.00B statecache=0.00B buffer=0.00B state-history="last 90000 blocks" journal-dir=/mnt/state_expiry_vol_data/ubt-vs-pbt-dbs/ubt/geth/triedb verkle=true
INFO [06-01|09:01:45.459] 
INFO [06-01|09:01:45.459] ---------------------------------------------------------------------------------------------------------------------------------------------------------
INFO [06-01|09:01:45.459] Chain ID:  1337 (unknown)
INFO [06-01|09:01:45.459] Consensus: unknown
INFO [06-01|09:01:45.459] 
INFO [06-01|09:01:45.459] Pre-Merge hard forks (block based):
INFO [06-01|09:01:45.459]  - Homestead:                   #0       
INFO [06-01|09:01:45.459]  - Tangerine Whistle (EIP 150): #0       
INFO [06-01|09:01:45.459]  - Spurious Dragon/1 (EIP 155): #0       
INFO [06-01|09:01:45.459]  - Spurious Dragon/2 (EIP 158): #0       
INFO [06-01|09:01:45.459]  - Byzantium:                   #0       
INFO [06-01|09:01:45.459]  - Constantinople:              #0       
INFO [06-01|09:01:45.459]  - Petersburg:                  #0       
INFO [06-01|09:01:45.459]  - Istanbul:                    #0       
INFO [06-01|09:01:45.459]  - Berlin:                      #0       
INFO [06-01|09:01:45.459]  - London:                      #0       
INFO [06-01|09:01:45.459]  - Arrow Glacier:               #0       
INFO [06-01|09:01:45.459]  - Gray Glacier:                #0       
INFO [06-01|09:01:45.459] 
INFO [06-01|09:01:45.459] Merge configured:
INFO [06-01|09:01:45.459]  - Total terminal difficulty:  0
INFO [06-01|09:01:45.459]  - Merge netsplit block:       #0       
INFO [06-01|09:01:45.459] 
INFO [06-01|09:01:45.459] Post-Merge hard forks (timestamp based):
INFO [06-01|09:01:45.459]  - Shanghai:                    @0         
INFO [06-01|09:01:45.459]  - Cancun:                      @0          blob: (target: 3, max: 6, fraction: 3338477)
INFO [06-01|09:01:45.459]  - Prague:                      @0          blob: (target: 6, max: 9, fraction: 5007716)
INFO [06-01|09:01:45.459]  - Osaka:                       @0          blob: (target: 6, max: 9, fraction: 5007716)
INFO [06-01|09:01:45.459]  - UBT:                         @0          blob: (nil)
INFO [06-01|09:01:45.459] 
INFO [06-01|09:01:45.459] All fork specifications can be found at https://ethereum.github.io/execution-specs/src/ethereum/forks/
INFO [06-01|09:01:45.459] 
INFO [06-01|09:01:45.459] ---------------------------------------------------------------------------------------------------------------------------------------------------------
INFO [06-01|09:01:45.459] 
INFO [06-01|09:01:45.461] Loaded most recent local block           number=2297 hash=f63294..391b4f age=3s
INFO [06-01|09:01:45.461] Loaded most recent local finalized block number=2272 hash=febbdd..338f5d age=40s
INFO [06-01|09:01:45.462] Initialized transaction indexer          range="last 2350000 blocks"
INFO [06-01|09:01:45.462] Initialized log indexer                  firstblock=0 lastblock=2297 firstmap=0 lastmap=0 headindexed=true
INFO [06-01|09:01:45.523] Enabled full-sync                        head=2297 hash=f63294..391b4f
INFO [06-01|09:01:45.524] Unprotected transactions allowed
INFO [06-01|09:01:45.524] Gasprice oracle is ignoring threshold set threshold=2
INFO [06-01|09:01:45.524] Registered sync override service
WARN [06-01|09:01:45.524] You are running Geth in --dev mode. Please note the following:
WARN [06-01|09:01:45.524] 
WARN [06-01|09:01:45.524]   1. This mode is only intended for fast, iterative development without assumptions on
WARN [06-01|09:01:45.524]      security or persistence.
WARN [06-01|09:01:45.524]   2. The database is created in memory unless specified otherwise. Therefore, shutting down
WARN [06-01|09:01:45.524]      your computer or losing power will wipe your entire block data and chain state for
WARN [06-01|09:01:45.524]      your dev environment.
WARN [06-01|09:01:45.524]   3. A random, pre-allocated developer account will be available and unlocked as
WARN [06-01|09:01:45.524]      eth.coinbase, which can be used for testing. The random dev account is temporary,
WARN [06-01|09:01:45.524]      stored on a ramdisk, and will be lost if your machine is restarted.
WARN [06-01|09:01:45.524]   4. Mining is enabled by default. However, the client will only seal blocks if transactions
WARN [06-01|09:01:45.524]      are pending in the mempool. The miner's minimum accepted gas price is 1.
WARN [06-01|09:01:45.524]   5. Networking is disabled; there is no listen-address, the maximum number of peers is set
WARN [06-01|09:01:45.524]      to 0, and discovery is disabled.
WARN [06-01|09:01:45.524] 
INFO [06-01|09:01:45.524] Starting peer-to-peer node               instance=Geth/v1.17.3-unstable/linux-amd64/go1.24.9
WARN [06-01|09:01:45.524] P2P server will be useless, neither dialing nor listening
INFO [06-01|09:01:45.565] IPC endpoint opened                      url=/mnt/state_expiry_vol_data/ubt-vs-pbt-dbs/ubt/geth.ipc
INFO [06-01|09:01:45.565] New local node record                    seq=1,780,289,664,380 id=c084d8867e8cc127 ip=127.0.0.1 udp=0 tcp=0
INFO [06-01|09:01:45.565] Started P2P networking                   self=enode://ed0ccbffbfc0dc9f1b0f8e55d585ad3e61215b1974f32d9388e7ae53563e3ebe0172c21d754fa202c3a63f95bef3ff3ea24339ffdabd0115c47ec5b8d33136a9@127.0.0.1:0
ERROR[06-01|09:01:45.565] Unavailable modules in HTTP API list     unavailable=[personal] available="[admin debug web3 eth txpool miner net dev testing]"
INFO [06-01|09:01:45.566] HTTP server started                      endpoint=127.0.0.1:8545 auth=false prefix= cors= vhosts=localhost
INFO [06-01|09:01:45.566] WebSocket enabled                        url=ws://127.0.0.1:8546
INFO [06-01|09:01:45.791] Loaded local transaction journal         transactions=1857 dropped=0
INFO [06-01|09:01:46.844] Started log indexer
INFO [06-01|09:01:46.886] Starting work on payload                 id=0x03cee64806f73bd5
INFO [06-01|09:01:46.896] Updated payload                          id=0x03cee64806f73bd5 number=2298 hash=65846e..6ac05f txs=0 withdrawals=0 gas=0 fees=0 root=fc6b74..a57cda elapsed=9.292ms
INFO [06-01|09:01:46.896] Stopping work on payload                 id=0x03cee64806f73bd5 reason=delivery
WARN [06-01|09:01:46.900] {"level":"warn","msg":"Slow block","block":{"number":2298,"hash":"0x65846e623e1aec21ec45b854d6413d537be05a9af223eb01f9a9ee713a6ac05f","gas_used":0,"tx_count":0},"timing":{"execution_ms":0.037538,"state_read_ms":3.430209,"state_hash_ms":0.001661,"commit_ms":0.183329,"total_ms":3.937563},"throughput":{"mgas_per_sec":0},"state_reads":{"accounts":4,"storage_slots":0,"code":0,"code_bytes":0},"state_writes":{"accounts":0,"accounts_deleted":0,"storage_slots":0,"storage_slots_deleted":0,"code":0,"code_bytes":0},"cache":{"account":{"hits":0,"misses":4,"hit_rate":0},"storage":{"hits":0,"misses":0,"hit_rate":0},"code":{"hits":0,"misses":0,"hit_rate":0,"hit_bytes":0,"miss_bytes":0}}}
INFO [06-01|09:01:46.900] Imported new potential chain segment     number=2298 hash=65846e..6ac05f blocks=1 txs=0 mgas=0.000 elapsed=4.272ms mgasps=0.000 triediffs=1.95MiB triedirty=0.00B
INFO [06-01|09:01:46.900] Chain head was updated                   number=2298 hash=65846e..6ac05f root=fc6b74..a57cda elapsed="63.873µs"
INFO [06-01|09:01:47.915] Starting work on payload                 id=0x034cd65624105127
INFO [06-01|09:01:47.921] Updated payload                          id=0x034cd65624105127 number=2299 hash=13d22f..6e2888 txs=0 withdrawals=0 gas=0 fees=0 root=fc6b74..a57cda elapsed=5.306ms
INFO [06-01|09:01:47.921] Stopping work on payload                 id=0x034cd65624105127 reason=delivery
WARN [06-01|09:01:47.925] {"level":"warn","msg":"Slow block","block":{"number":2299,"hash":"0x13d22ff275f0d39c7ffac21dd8e3caed8d5cbbfe77a754795ea61536b06e2888","gas_used":0,"tx_count":0},"timing":{"execution_ms":0.029824,"state_read_ms":3.388933,"state_hash_ms":0.001512,"commit_ms":0.08328,"total_ms":3.666891},"throughput":{"mgas_per_sec":0},"state_reads":{"accounts":4,"storage_slots":0,"code":0,"code_bytes":0},"state_writes":{"accounts":0,"accounts_deleted":0,"storage_slots":0,"storage_slots_deleted":0,"code":0,"code_bytes":0},"cache":{"account":{"hits":0,"misses":4,"hit_rate":0},"storage":{"hits":0,"misses":0,"hit_rate":0},"code":{"hits":0,"misses":0,"hit_rate":0,"hit_bytes":0,"miss_bytes":0}}}
INFO [06-01|09:01:47.925] Imported new potential chain segment     number=2299 hash=13d22f..6e2888 blocks=1 txs=0 mgas=0.000 elapsed=3.876ms    mgasps=0.000 triediffs=1.95MiB triedirty=0.00B
INFO [06-01|09:01:47.925] Chain head was updated                   number=2299 hash=13d22f..6e2888 root=fc6b74..a57cda elapsed="52.09µs"
INFO [06-01|09:01:48.930] Starting work on payload                 id=0x039a58d3afd3f078
INFO [06-01|09:01:48.946] Updated payload                          id=0x039a58d3afd3f078 number=2300 hash=a1cb72..68c391 txs=0 withdrawals=0 gas=0 fees=0 root=fc6b74..a57cda elapsed=16.179ms
INFO [06-01|09:01:48.946] Stopping work on payload                 id=0x039a58d3afd3f078 reason=delivery
WARN [06-01|09:01:48.949] {"level":"warn","msg":"Slow block","block":{"number":2300,"hash":"0xa1cb720cee7ff2bbaaca846b8ff1437de2902ace29aee9d578a0b2005668c391","gas_used":0,"tx_count":0},"timing":{"execution_ms":0.028131,"state_read_ms":2.811116,"state_hash_ms":0.001574,"commit_ms":0.301642,"total_ms":3.287581},"throughput":{"mgas_per_sec":0},"state_reads":{"accounts":4,"storage_slots":0,"code":0,"code_bytes":0},"state_writes":{"accounts":0,"accounts_deleted":0,"storage_slots":0,"storage_slots_deleted":0,"code":0,"code_bytes":0},"cache":{"account":{"hits":0,"misses":4,"hit_rate":0},"storage":{"hits":0,"misses":0,"hit_rate":0},"code":{"hits":0,"misses":0,"hit_rate":0,"hit_bytes":0,"miss_bytes":0}}}
INFO [06-01|09:01:48.950] Imported new potential chain segment     number=2300 hash=a1cb72..68c391 blocks=1 txs=0 mgas=0.000 elapsed=3.444ms    mgasps=0.000 triediffs=1.95MiB triedirty=0.00B
INFO [06-01|09:01:48.950] Chain head was updated                   number=2300 hash=a1cb72..68c391 root=fc6b74..a57cda elapsed="44.754µs"
INFO [06-01|09:01:49.080] Submitted contract creation              hash=0xa515d85d968453227df03fb45ab21d08a519783f193ff9f2f834945fcdc7de2d from=0xf39Fd6e51aad88F6F4ce6aB8827279cffFb92266 nonce=673 contract=0x1d460d731Bd5a0fF2cA07309dAEB8641a7b175A1 value=0
INFO [06-01|09:01:49.080] Submitted transaction                    hash=0x94774107919cc105bfd63d579683f8060ce1cbfbd439908269d672ad39e77ccd from=0xf39Fd6e51aad88F6F4ce6aB8827279cffFb92266 nonce=674 recipient=0x067133B8E2EdEcA8af26c85B03F8c1193435b513 value=78,000,000
INFO [06-01|09:01:49.955] Starting work on payload                 id=0x0329e569880d348f
INFO [06-01|09:01:50.002] Updated payload                          id=0x0329e569880d348f number=2301 hash=b1814c..be1846 txs=2 withdrawals=0 gas=86906 fees=5.21436e-13 root=7e1989..b82cad elapsed=47.198ms
INFO [06-01|09:01:50.002] Stopping work on payload                 id=0x0329e569880d348f reason=delivery
INFO [06-01|09:01:50.027] Paused snapshot generation
WARN [06-01|09:01:50.027] {"level":"warn","msg":"Slow block","block":{"number":2301,"hash":"0xb1814cacbdf0f3fd0ff857341829dc8a42e0dac5e7ed1653858ea4dd86be1846","gas_used":86906,"tx_count":2},"timing":{"execution_ms":0.151518,"state_read_ms":17.276216,"state_hash_ms":2.793377,"commit_ms":4.42479,"total_ms":24.793015},"throughput":{"mgas_per_sec":3.505261461746383},"state_reads":{"accounts":11,"storage_slots":0,"code":0,"code_bytes":0},"state_writes":{"accounts":3,"accounts_deleted":0,"storage_slots":0,"storage_slots_deleted":0,"code":1,"code_bytes":163},"cache":{"account":{"hits":5,"misses":6,"hit_rate":45.45454545454545},"storage":{"hits":0,"misses":0,"hit_rate":0},"code":{"hits":0,"misses":0,"hit_rate":0,"hit_bytes":0,"miss_bytes":0}}}
INFO [06-01|09:01:50.027] Imported new potential chain segment     number=2301 hash=b1814c..be1846 blocks=1 txs=2 mgas=0.087 elapsed=24.979ms   mgasps=3.479 triediffs=1.96MiB triedirty=0.00B
INFO [06-01|09:01:50.028] Chain head was updated                   number=2301 hash=b1814c..be1846 root=7e1989..b82cad elapsed="171.929µs"
WARN [06-01|09:01:50.047] Snapshot generation is not permitted
INFO [06-01|09:01:50.091] Submitted transaction                    hash=0x6239f3a6d5ab430dec8688f4e8daba56b0e81006b71db4dd74c43c89440da08b from=0x067133B8E2EdEcA8af26c85B03F8c1193435b513 nonce=0   recipient=0x1d460d731Bd5a0fF2cA07309dAEB8641a7b175A1 value=0
INFO [06-01|09:01:51.034] Starting work on payload                 id=0x03ba34c686f010c9
INFO [06-01|09:01:51.085] Updated payload                          id=0x03ba34c686f010c9 number=2302 hash=faa8bf..018d0b txs=1 withdrawals=0 gas=5,908,615 fees=3.545169e-11 root=b288be..c7d751 elapsed=51.075ms
INFO [06-01|09:01:51.085] Stopping work on payload                 id=0x03ba34c686f010c9 reason=delivery
INFO [06-01|09:01:51.124] Paused snapshot generation
WARN [06-01|09:01:51.124] {"level":"warn","msg":"Slow block","block":{"number":2302,"hash":"0xfaa8bf03c62597de3c1c1c7d951738d974b6acc6259a4580b58f2728e3018d0b","gas_used":5908615,"tx_count":1},"timing":{"execution_ms":8.715701,"state_read_ms":14.742127,"state_hash_ms":11.240376,"commit_ms":1.424149,"total_ms":39.234134},"throughput":{"mgas_per_sec":150.59883824630867},"state_reads":{"accounts":8,"storage_slots":751,"code":2,"code_bytes":191},"state_writes":{"accounts":3,"accounts_deleted":0,"storage_slots":197,"storage_slots_deleted":0,"code":0,"code_bytes":0},"cache":{"account":{"hits":3,"misses":5,"hit_rate":37.5},"storage":{"hits":295,"misses":456,"hit_rate":39.280958721704394},"code":{"hits":2,"misses":0,"hit_rate":100,"hit_bytes":191,"miss_bytes":0}}}
INFO [06-01|09:01:51.124] Imported new potential chain segment     number=2302 hash=faa8bf..018d0b blocks=1 txs=1 mgas=5.909 elapsed=39.406ms    mgasps=149.939 triediffs=2.00MiB triedirty=0.00B
INFO [06-01|09:01:51.125] Chain head was updated                   number=2302 hash=faa8bf..018d0b root=b288be..c7d751 elapsed="78.233µs"
WARN [06-01|09:01:51.145] Snapshot generation is not permitted
INFO [06-01|09:01:52.109] Submitted transaction                    hash=0x0e26e0810ecb3c8ef571a2853393da533a3a3784754b7c8864b11a0650ba78b4 from=0x067133B8E2EdEcA8af26c85B03F8c1193435b513 nonce=1   recipient=0xf39Fd6e51aad88F6F4ce6aB8827279cffFb92266 value=936,005
INFO [06-01|09:01:52.129] Starting work on payload                 id=0x03628999f0a074b3
INFO [06-01|09:01:52.152] Updated payload                          id=0x03628999f0a074b3 number=2303 hash=3a8434..9a133f txs=1 withdrawals=0 gas=21000     fees=2.1e-14      root=94ee51..d49032 elapsed=23.508ms
INFO [06-01|09:01:52.155] Stopping work on payload                 id=0x03628999f0a074b3 reason=delivery
INFO [06-01|09:01:52.165] Paused snapshot generation
WARN [06-01|09:01:52.165] {"level":"warn","msg":"Slow block","block":{"number":2303,"hash":"0x3a843470d9e54a7ad6719417219c094cd1aad704c335f341e48b4f9efe9a133f","gas_used":21000,"tx_count":1},"timing":{"execution_ms":0.072299,"state_read_ms":4.311992,"state_hash_ms":2.404617,"commit_ms":0.605205,"total_ms":7.638735},"throughput":{"mgas_per_sec":2.749146291892571},"state_reads":{"accounts":6,"storage_slots":0,"code":0,"code_bytes":0},"state_writes":{"accounts":2,"accounts_deleted":0,"storage_slots":0,"storage_slots_deleted":0,"code":0,"code_bytes":0},"cache":{"account":{"hits":2,"misses":4,"hit_rate":33.33333333333333},"storage":{"hits":0,"misses":0,"hit_rate":0},"code":{"hits":0,"misses":0,"hit_rate":0,"hit_bytes":0,"miss_bytes":0}}}
INFO [06-01|09:01:52.165] Imported new potential chain segment     number=2303 hash=3a8434..9a133f blocks=1 txs=1 mgas=0.021 elapsed=8.096ms     mgasps=2.594   triediffs=1.99MiB triedirty=0.00B
INFO [06-01|09:01:52.165] Chain head was updated                   number=2303 hash=3a8434..9a133f root=94ee51..d49032 elapsed="64.461µs"
WARN [06-01|09:01:52.200] Snapshot generation is not permitted
INFO [06-01|09:01:53.170] Starting work on payload                 id=0x03742b9a8a0f3381
INFO [06-01|09:01:53.173] Updated payload                          id=0x03742b9a8a0f3381 number=2304 hash=f5af04..b4b504 txs=0 withdrawals=0 gas=0         fees=0            root=94ee51..d49032 elapsed=2.980ms
INFO [06-01|09:01:53.173] Stopping work on payload                 id=0x03742b9a8a0f3381 reason=delivery
WARN [06-01|09:01:53.187] {"level":"warn","msg":"Slow block","block":{"number":2304,"hash":"0xf5af0445a4ed213fbec5027f145dd5e81d54c60c4f867dac6c17d4bb81b4b504","gas_used":0,"tx_count":0},"timing":{"execution_ms":0.264145,"state_read_ms":13.23258,"state_hash_ms":0.002561,"commit_ms":0.171718,"total_ms":13.848655},"throughput":{"mgas_per_sec":0},"state_reads":{"accounts":4,"storage_slots":0,"code":0,"code_bytes":0},"state_writes":{"accounts":0,"accounts_deleted":0,"storage_slots":0,"storage_slots_deleted":0,"code":0,"code_bytes":0},"cache":{"account":{"hits":0,"misses":4,"hit_rate":0},"storage":{"hits":0,"misses":0,"hit_rate":0},"code":{"hits":0,"misses":0,"hit_rate":0,"hit_bytes":0,"miss_bytes":0}}}
INFO [06-01|09:01:53.187] Imported new potential chain segment     number=2304 hash=f5af04..b4b504 blocks=1 txs=0 mgas=0.000 elapsed=13.965ms    mgasps=0.000   triediffs=1.99MiB triedirty=0.00B
INFO [06-01|09:01:53.187] Chain head was updated                   number=2304 hash=f5af04..b4b504 root=94ee51..d49032 elapsed="65.113µs"
