WARN [06-01|09:25:17.357] Unknown config environment variable      envvar=GETH_PBT_BIN
WARN [06-01|09:25:17.357] Unknown config environment variable      envvar=GETH_UBT_BIN
INFO [06-01|09:25:17.369] Starting Geth on Ethereum mainnet...
INFO [06-01|09:25:17.371] Maximum peer count                       ETH=0 total=0
INFO [06-01|09:25:17.372] Smartcard socket not found, disabling    err="stat /run/pcscd/pcscd.comm: no such file or directory"
WARN [06-01|09:25:17.375] Option --miner.etherbase is deprecated as the etherbase is set by the consensus client post-merge
WARN [06-01|09:25:17.377] Snap sync requested, resetting --cache.snapshot
INFO [06-01|09:25:17.377] Set global gas cap                       cap=50,000,000
INFO [06-01|09:25:18.250] Using developer account                  address=0xf39Fd6e51aad88F6F4ce6aB8827279cffFb92266
INFO [06-01|09:25:18.294] Using pebble as the backing database
INFO [06-01|09:25:18.294] Allocated cache and file handles         database=/mnt/state_expiry_vol_data/ubt-vs-pbt-dbs/ubt/geth/chaindata cache=16.00MiB handles=262,144
INFO [06-01|09:25:18.519] Opened ancient database                  database=/mnt/state_expiry_vol_data/ubt-vs-pbt-dbs/ubt/geth/chaindata/ancient/chain readonly=true
INFO [06-01|09:25:18.519] Opened Era store                         datadir=/mnt/state_expiry_vol_data/ubt-vs-pbt-dbs/ubt/geth/chaindata/ancient/chain/era
INFO [06-01|09:25:18.527] Initializing the KZG library             backend=gokzg
INFO [06-01|09:25:18.530] Allocated trie memory caches             clean=0.00B dirty=0.00B
INFO [06-01|09:25:18.538] Using pebble as the backing database
INFO [06-01|09:25:18.538] Allocated cache and file handles         database=/mnt/state_expiry_vol_data/ubt-vs-pbt-dbs/ubt/geth/chaindata cache=16.00MiB handles=262,144
INFO [06-01|09:25:18.724] Opened ancient database                  database=/mnt/state_expiry_vol_data/ubt-vs-pbt-dbs/ubt/geth/chaindata/ancient/chain readonly=false
INFO [06-01|09:25:18.724] Opened Era store                         datadir=/mnt/state_expiry_vol_data/ubt-vs-pbt-dbs/ubt/geth/chaindata/ancient/chain/era
INFO [06-01|09:25:18.731] State scheme set to already existing     scheme=path
INFO [06-01|09:25:18.731] Initialising Ethereum protocol           network=1337 dbversion=9
INFO [06-01|09:25:18.731] Load database journal from file          path=/mnt/state_expiry_vol_data/ubt-vs-pbt-dbs/ubt/geth/triedb/verkle.journal
INFO [06-01|09:25:18.804] Opened ancient database                  database=/mnt/state_expiry_vol_data/ubt-vs-pbt-dbs/ubt/geth/chaindata/ancient/state_verkle readonly=false
INFO [06-01|09:25:18.806] State snapshot generator is not compatible
INFO [06-01|09:25:18.806] Initialized path database                triecache=0.00B statecache=0.00B buffer=0.00B state-history="last 90000 blocks" journal-dir=/mnt/state_expiry_vol_data/ubt-vs-pbt-dbs/ubt/geth/triedb verkle=true
INFO [06-01|09:25:18.807] 
INFO [06-01|09:25:18.807] ---------------------------------------------------------------------------------------------------------------------------------------------------------
INFO [06-01|09:25:18.807] Chain ID:  1337 (unknown)
INFO [06-01|09:25:18.807] Consensus: unknown
INFO [06-01|09:25:18.807] 
INFO [06-01|09:25:18.807] Pre-Merge hard forks (block based):
INFO [06-01|09:25:18.807]  - Homestead:                   #0       
INFO [06-01|09:25:18.807]  - Tangerine Whistle (EIP 150): #0       
INFO [06-01|09:25:18.807]  - Spurious Dragon/1 (EIP 155): #0       
INFO [06-01|09:25:18.807]  - Spurious Dragon/2 (EIP 158): #0       
INFO [06-01|09:25:18.807]  - Byzantium:                   #0       
INFO [06-01|09:25:18.807]  - Constantinople:              #0       
INFO [06-01|09:25:18.807]  - Petersburg:                  #0       
INFO [06-01|09:25:18.807]  - Istanbul:                    #0       
INFO [06-01|09:25:18.807]  - Berlin:                      #0       
INFO [06-01|09:25:18.807]  - London:                      #0       
INFO [06-01|09:25:18.807]  - Arrow Glacier:               #0       
INFO [06-01|09:25:18.807]  - Gray Glacier:                #0       
INFO [06-01|09:25:18.807] 
INFO [06-01|09:25:18.807] Merge configured:
INFO [06-01|09:25:18.807]  - Total terminal difficulty:  0
INFO [06-01|09:25:18.807]  - Merge netsplit block:       #0       
INFO [06-01|09:25:18.807] 
INFO [06-01|09:25:18.807] Post-Merge hard forks (timestamp based):
INFO [06-01|09:25:18.807]  - Shanghai:                    @0         
INFO [06-01|09:25:18.807]  - Cancun:                      @0          blob: (target: 3, max: 6, fraction: 3338477)
INFO [06-01|09:25:18.807]  - Prague:                      @0          blob: (target: 6, max: 9, fraction: 5007716)
INFO [06-01|09:25:18.807]  - Osaka:                       @0          blob: (target: 6, max: 9, fraction: 5007716)
INFO [06-01|09:25:18.807]  - UBT:                         @0          blob: (nil)
INFO [06-01|09:25:18.807] 
INFO [06-01|09:25:18.807] All fork specifications can be found at https://ethereum.github.io/execution-specs/src/ethereum/forks/
INFO [06-01|09:25:18.807] 
INFO [06-01|09:25:18.807] ---------------------------------------------------------------------------------------------------------------------------------------------------------
INFO [06-01|09:25:18.807] 
INFO [06-01|09:25:18.809] Loaded most recent local block           number=3213 hash=db802f..b63c4b age=3s
INFO [06-01|09:25:18.809] Loaded most recent local finalized block number=3200 hash=be171a..a58738 age=20s
INFO [06-01|09:25:18.811] Initialized transaction indexer          range="last 2350000 blocks"
INFO [06-01|09:25:18.811] Initialized log indexer                  firstblock=0 lastblock=3213 firstmap=0 lastmap=0 headindexed=true
INFO [06-01|09:25:18.866] Enabled full-sync                        head=3213 hash=db802f..b63c4b
INFO [06-01|09:25:18.866] Unprotected transactions allowed
INFO [06-01|09:25:18.866] Gasprice oracle is ignoring threshold set threshold=2
INFO [06-01|09:25:18.866] Registered sync override service
WARN [06-01|09:25:18.866] You are running Geth in --dev mode. Please note the following:
WARN [06-01|09:25:18.867] 
WARN [06-01|09:25:18.867]   1. This mode is only intended for fast, iterative development without assumptions on
WARN [06-01|09:25:18.867]      security or persistence.
WARN [06-01|09:25:18.867]   2. The database is created in memory unless specified otherwise. Therefore, shutting down
WARN [06-01|09:25:18.867]      your computer or losing power will wipe your entire block data and chain state for
WARN [06-01|09:25:18.867]      your dev environment.
WARN [06-01|09:25:18.867]   3. A random, pre-allocated developer account will be available and unlocked as
WARN [06-01|09:25:18.867]      eth.coinbase, which can be used for testing. The random dev account is temporary,
WARN [06-01|09:25:18.867]      stored on a ramdisk, and will be lost if your machine is restarted.
WARN [06-01|09:25:18.867]   4. Mining is enabled by default. However, the client will only seal blocks if transactions
WARN [06-01|09:25:18.867]      are pending in the mempool. The miner's minimum accepted gas price is 1.
WARN [06-01|09:25:18.867]   5. Networking is disabled; there is no listen-address, the maximum number of peers is set
WARN [06-01|09:25:18.867]      to 0, and discovery is disabled.
WARN [06-01|09:25:18.867] 
INFO [06-01|09:25:18.867] Starting peer-to-peer node               instance=Geth/v1.17.3-unstable/linux-amd64/go1.24.9
WARN [06-01|09:25:18.867] P2P server will be useless, neither dialing nor listening
INFO [06-01|09:25:18.912] IPC endpoint opened                      url=/mnt/state_expiry_vol_data/ubt-vs-pbt-dbs/ubt/geth.ipc
ERROR[06-01|09:25:18.913] Unavailable modules in HTTP API list     unavailable=[personal] available="[admin debug web3 eth txpool miner net dev testing]"
INFO [06-01|09:25:18.913] New local node record                    seq=1,780,289,664,513 id=c084d8867e8cc127 ip=127.0.0.1 udp=0 tcp=0
INFO [06-01|09:25:18.913] Started P2P networking                   self=enode://ed0ccbffbfc0dc9f1b0f8e55d585ad3e61215b1974f32d9388e7ae53563e3ebe0172c21d754fa202c3a63f95bef3ff3ea24339ffdabd0115c47ec5b8d33136a9@127.0.0.1:0
INFO [06-01|09:25:18.913] HTTP server started                      endpoint=127.0.0.1:8545 auth=false prefix= cors= vhosts=localhost
INFO [06-01|09:25:18.913] WebSocket enabled                        url=ws://127.0.0.1:8546
INFO [06-01|09:25:19.228] Loaded local transaction journal         transactions=2389 dropped=0
INFO [06-01|09:25:20.199] Started log indexer
INFO [06-01|09:25:20.233] Starting work on payload                 id=0x033e76d66f2dbf8d
INFO [06-01|09:25:20.238] Updated payload                          id=0x033e76d66f2dbf8d number=3214 hash=b2c065..d5998c txs=0 withdrawals=0 gas=0 fees=0 root=402501..b5405f elapsed=4.443ms
INFO [06-01|09:25:20.239] Stopping work on payload                 id=0x033e76d66f2dbf8d reason=delivery
WARN [06-01|09:25:20.245] {"level":"warn","msg":"Slow block","block":{"number":3214,"hash":"0xb2c0654f931fcb932f1dd1363f05e8299a7a109306f6d454fc464a840ed5998c","gas_used":0,"tx_count":0},"timing":{"execution_ms":0.062026,"state_read_ms":5.358072,"state_hash_ms":0.001903,"commit_ms":0.230845,"total_ms":5.945398},"throughput":{"mgas_per_sec":0},"state_reads":{"accounts":4,"storage_slots":0,"code":0,"code_bytes":0},"state_writes":{"accounts":0,"accounts_deleted":0,"storage_slots":0,"storage_slots_deleted":0,"code":0,"code_bytes":0},"cache":{"account":{"hits":0,"misses":4,"hit_rate":0},"storage":{"hits":0,"misses":0,"hit_rate":0},"code":{"hits":0,"misses":0,"hit_rate":0,"hit_bytes":0,"miss_bytes":0}}}
INFO [06-01|09:25:20.245] Imported new potential chain segment     number=3214 hash=b2c065..d5998c blocks=1 txs=0 mgas=0.000 elapsed=6.396ms mgasps=0.000 triediffs=1.37MiB triedirty=0.00B
INFO [06-01|09:25:20.245] Chain head was updated                   number=3214 hash=b2c065..d5998c root=402501..b5405f elapsed="112.297µs"
INFO [06-01|09:25:21.255] Starting work on payload                 id=0x03f2372a23f56cdd
INFO [06-01|09:25:21.259] Updated payload                          id=0x03f2372a23f56cdd number=3215 hash=84d184..62322f txs=0 withdrawals=0 gas=0 fees=0 root=402501..b5405f elapsed=3.300ms
INFO [06-01|09:25:21.259] Stopping work on payload                 id=0x03f2372a23f56cdd reason=delivery
WARN [06-01|09:25:21.263] {"level":"warn","msg":"Slow block","block":{"number":3215,"hash":"0x84d184c16e9277cc587dd195712a679ad3689e1961f66d00f53244849362322f","gas_used":0,"tx_count":0},"timing":{"execution_ms":0.031368,"state_read_ms":3.018891,"state_hash_ms":0.00131,"commit_ms":0.120954,"total_ms":3.349996},"throughput":{"mgas_per_sec":0},"state_reads":{"accounts":4,"storage_slots":0,"code":0,"code_bytes":0},"state_writes":{"accounts":0,"accounts_deleted":0,"storage_slots":0,"storage_slots_deleted":0,"code":0,"code_bytes":0},"cache":{"account":{"hits":0,"misses":4,"hit_rate":0},"storage":{"hits":0,"misses":0,"hit_rate":0},"code":{"hits":0,"misses":0,"hit_rate":0,"hit_bytes":0,"miss_bytes":0}}}
INFO [06-01|09:25:21.263] Imported new potential chain segment     number=3215 hash=84d184..62322f blocks=1 txs=0 mgas=0.000 elapsed=3.504ms     mgasps=0.000 triediffs=1.37MiB triedirty=0.00B
INFO [06-01|09:25:21.263] Chain head was updated                   number=3215 hash=84d184..62322f root=402501..b5405f elapsed="49.681µs"
INFO [06-01|09:25:22.283] Starting work on payload                 id=0x03c3f20869e3f214
INFO [06-01|09:25:22.298] Updated payload                          id=0x03c3f20869e3f214 number=3216 hash=af86cc..ebb403 txs=0 withdrawals=0 gas=0 fees=0 root=402501..b5405f elapsed=14.008ms
INFO [06-01|09:25:22.298] Stopping work on payload                 id=0x03c3f20869e3f214 reason=delivery
WARN [06-01|09:25:22.312] {"level":"warn","msg":"Slow block","block":{"number":3216,"hash":"0xaf86ccf566b54067984f0562edf2edfbf80c366ac2bf5f2f6a0ca306a4ebb403","gas_used":0,"tx_count":0},"timing":{"execution_ms":0.032625,"state_read_ms":14.165667,"state_hash_ms":0.001964,"commit_ms":0.099265,"total_ms":14.471716},"throughput":{"mgas_per_sec":0},"state_reads":{"accounts":4,"storage_slots":0,"code":0,"code_bytes":0},"state_writes":{"accounts":0,"accounts_deleted":0,"storage_slots":0,"storage_slots_deleted":0,"code":0,"code_bytes":0},"cache":{"account":{"hits":0,"misses":4,"hit_rate":0},"storage":{"hits":0,"misses":0,"hit_rate":0},"code":{"hits":0,"misses":0,"hit_rate":0,"hit_bytes":0,"miss_bytes":0}}}
INFO [06-01|09:25:22.312] Imported new potential chain segment     number=3216 hash=af86cc..ebb403 blocks=1 txs=0 mgas=0.000 elapsed=14.654ms    mgasps=0.000 triediffs=1.37MiB triedirty=0.00B
INFO [06-01|09:25:22.313] Chain head was updated                   number=3216 hash=af86cc..ebb403 root=402501..b5405f elapsed="42.485µs"
INFO [06-01|09:25:22.314] Submitted contract creation              hash=0xf301c84e79a42694519654e66796f0454bab55304081172c4d16b7b5909c70b1 from=0xf39Fd6e51aad88F6F4ce6aB8827279cffFb92266 nonce=939 contract=0xA7240bcff60Eef40F31B8eD5d921BaD6DB13B199 value=0
INFO [06-01|09:25:22.314] Submitted transaction                    hash=0xa5ea8bd3395c4e08c2b2336cea7f574ad18fdc92aff5d8bbb94e662621479780 from=0xf39Fd6e51aad88F6F4ce6aB8827279cffFb92266 nonce=940 recipient=0x1Cb03fC2548f88533965659Ba07175eCdef5F4f4 value=78,000,000
INFO [06-01|09:25:23.327] Starting work on payload                 id=0x0381468f4bb49808
INFO [06-01|09:25:23.358] Updated payload                          id=0x0381468f4bb49808 number=3217 hash=d8a009..0b34c6 txs=2 withdrawals=0 gas=91698 fees=5.50188e-13 root=95eb6c..83ec2b elapsed=30.976ms
INFO [06-01|09:25:23.358] Stopping work on payload                 id=0x0381468f4bb49808 reason=delivery
INFO [06-01|09:25:23.390] Paused snapshot generation
WARN [06-01|09:25:23.390] {"level":"warn","msg":"Slow block","block":{"number":3217,"hash":"0xd8a00964c8409a66e075f784f88edf0fe8f0111000d490a79bdcf1f7430b34c6","gas_used":91698,"tx_count":2},"timing":{"execution_ms":0.135727,"state_read_ms":5.100162,"state_hash_ms":21.499245,"commit_ms":4.963758,"total_ms":31.862007},"throughput":{"mgas_per_sec":2.877973129564625},"state_reads":{"accounts":11,"storage_slots":0,"code":0,"code_bytes":0},"state_writes":{"accounts":3,"accounts_deleted":0,"storage_slots":0,"storage_slots_deleted":0,"code":1,"code_bytes":305},"cache":{"account":{"hits":5,"misses":6,"hit_rate":45.45454545454545},"storage":{"hits":0,"misses":0,"hit_rate":0},"code":{"hits":0,"misses":0,"hit_rate":0,"hit_bytes":0,"miss_bytes":0}}}
INFO [06-01|09:25:23.390] Imported new potential chain segment     number=3217 hash=d8a009..0b34c6 blocks=1 txs=2 mgas=0.092 elapsed=32.023ms    mgasps=2.863 triediffs=1.37MiB triedirty=0.00B
INFO [06-01|09:25:23.391] Chain head was updated                   number=3217 hash=d8a009..0b34c6 root=95eb6c..83ec2b elapsed="253.767µs"
WARN [06-01|09:25:23.410] Snapshot generation is not permitted
INFO [06-01|09:25:24.332] Submitted transaction                    hash=0xae5b936faf5b8ea5a9eb7bca51c14694c374affc35e83114dbfd4adc609bcc80 from=0x1Cb03fC2548f88533965659Ba07175eCdef5F4f4 nonce=0   recipient=0xA7240bcff60Eef40F31B8eD5d921BaD6DB13B199 value=0
INFO [06-01|09:25:24.396] Starting work on payload                 id=0x03814d660489b398
INFO [06-01|09:25:24.549] Updated payload                          id=0x03814d660489b398 number=3218 hash=f05a70..7f5b84 txs=1 withdrawals=0 gas=5,900,070 fees=3.540042e-11 root=07b20f..cc85ac elapsed=153.145ms
INFO [06-01|09:25:24.550] Stopping work on payload                 id=0x03814d660489b398 reason=delivery
INFO [06-01|09:25:24.613] Paused snapshot generation
WARN [06-01|09:25:24.614] {"level":"warn","msg":"Slow block","block":{"number":3218,"hash":"0xf05a707cd4f4d9ff80d1760cd1814631c8c4341b5711d824a1e643e17e7f5b84","gas_used":5900070,"tx_count":1},"timing":{"execution_ms":44.454744,"state_read_ms":15.80943,"state_hash_ms":2.582473,"commit_ms":0.671587,"total_ms":63.694246},"throughput":{"mgas_per_sec":92.63113029079581},"state_reads":{"accounts":263,"storage_slots":1379,"code":257,"code_bytes":7473},"state_writes":{"accounts":2,"accounts_deleted":0,"storage_slots":0,"storage_slots_deleted":0,"code":0,"code_bytes":0},"cache":{"account":{"hits":60,"misses":203,"hit_rate":22.813688212927758},"storage":{"hits":327,"misses":1052,"hit_rate":23.71283538796229},"code":{"hits":257,"misses":0,"hit_rate":100,"hit_bytes":7473,"miss_bytes":0}}}
INFO [06-01|09:25:24.614] Imported new potential chain segment     number=3218 hash=f05a70..7f5b84 blocks=1 txs=1 mgas=5.900 elapsed=63.903ms    mgasps=92.327 triediffs=1.37MiB triedirty=0.00B
INFO [06-01|09:25:24.614] Chain head was updated                   number=3218 hash=f05a70..7f5b84 root=07b20f..cc85ac elapsed="120.918µs"
WARN [06-01|09:25:24.642] Snapshot generation is not permitted
INFO [06-01|09:25:25.348] Submitted transaction                    hash=0xf311f301003500ab569df2d006ea580a056546b187e08acc217bf8a5ce1c51b0 from=0x1Cb03fC2548f88533965659Ba07175eCdef5F4f4 nonce=1   recipient=0xf39Fd6e51aad88F6F4ce6aB8827279cffFb92266 value=1,047,090
INFO [06-01|09:25:25.620] Starting work on payload                 id=0x032b8d64733fe056
INFO [06-01|09:25:25.637] Updated payload                          id=0x032b8d64733fe056 number=3219 hash=f5805b..33d4af txs=1 withdrawals=0 gas=21000     fees=2.1e-14      root=a7da59..f17e95 elapsed=16.633ms
INFO [06-01|09:25:25.637] Stopping work on payload                 id=0x032b8d64733fe056 reason=delivery
INFO [06-01|09:25:25.655] Paused snapshot generation
WARN [06-01|09:25:25.656] {"level":"warn","msg":"Slow block","block":{"number":3219,"hash":"0xf5805b71653fa87689788859ad5e77a347fbe1e2430954ed4aae10431e33d4af","gas_used":21000,"tx_count":1},"timing":{"execution_ms":0.067858,"state_read_ms":4.09632,"state_hash_ms":13.783832,"commit_ms":0.531694,"total_ms":18.658121},"throughput":{"mgas_per_sec":1.1255152649079723},"state_reads":{"accounts":6,"storage_slots":0,"code":0,"code_bytes":0},"state_writes":{"accounts":2,"accounts_deleted":0,"storage_slots":0,"storage_slots_deleted":0,"code":0,"code_bytes":0},"cache":{"account":{"hits":2,"misses":4,"hit_rate":33.33333333333333},"storage":{"hits":0,"misses":0,"hit_rate":0},"code":{"hits":0,"misses":0,"hit_rate":0,"hit_bytes":0,"miss_bytes":0}}}
INFO [06-01|09:25:25.656] Imported new potential chain segment     number=3219 hash=f5805b..33d4af blocks=1 txs=1 mgas=0.021 elapsed=18.772ms    mgasps=1.119  triediffs=1.37MiB triedirty=0.00B
INFO [06-01|09:25:25.656] Chain head was updated                   number=3219 hash=f5805b..33d4af root=a7da59..f17e95 elapsed="57.804µs"
WARN [06-01|09:25:25.675] Snapshot generation is not permitted
INFO [06-01|09:25:26.671] Starting work on payload                 id=0x032fb6c5e5c05c70
