WARN [06-01|09:08:18.315] Unknown config environment variable      envvar=GETH_PBT_BIN
WARN [06-01|09:08:18.315] Unknown config environment variable      envvar=GETH_UBT_BIN
INFO [06-01|09:08:18.328] Starting Geth on Ethereum mainnet...
INFO [06-01|09:08:18.329] Maximum peer count                       ETH=0 total=0
INFO [06-01|09:08:18.331] Smartcard socket not found, disabling    err="stat /run/pcscd/pcscd.comm: no such file or directory"
WARN [06-01|09:08:18.333] Option --miner.etherbase is deprecated as the etherbase is set by the consensus client post-merge
WARN [06-01|09:08:18.335] Snap sync requested, resetting --cache.snapshot
INFO [06-01|09:08:18.336] Set global gas cap                       cap=50,000,000
INFO [06-01|09:08:19.135] Using developer account                  address=0xf39Fd6e51aad88F6F4ce6aB8827279cffFb92266
INFO [06-01|09:08:19.181] Using pebble as the backing database
INFO [06-01|09:08:19.181] Allocated cache and file handles         database=/mnt/state_expiry_vol_data/ubt-vs-pbt-dbs/ubt/geth/chaindata cache=16.00MiB handles=262,144
INFO [06-01|09:08:19.401] Opened ancient database                  database=/mnt/state_expiry_vol_data/ubt-vs-pbt-dbs/ubt/geth/chaindata/ancient/chain readonly=true
INFO [06-01|09:08:19.401] Opened Era store                         datadir=/mnt/state_expiry_vol_data/ubt-vs-pbt-dbs/ubt/geth/chaindata/ancient/chain/era
INFO [06-01|09:08:19.407] Initializing the KZG library             backend=gokzg
INFO [06-01|09:08:19.409] Allocated trie memory caches             clean=0.00B dirty=0.00B
INFO [06-01|09:08:19.418] Using pebble as the backing database
INFO [06-01|09:08:19.418] Allocated cache and file handles         database=/mnt/state_expiry_vol_data/ubt-vs-pbt-dbs/ubt/geth/chaindata cache=16.00MiB handles=262,144
INFO [06-01|09:08:19.605] Opened ancient database                  database=/mnt/state_expiry_vol_data/ubt-vs-pbt-dbs/ubt/geth/chaindata/ancient/chain readonly=false
INFO [06-01|09:08:19.605] Opened Era store                         datadir=/mnt/state_expiry_vol_data/ubt-vs-pbt-dbs/ubt/geth/chaindata/ancient/chain/era
INFO [06-01|09:08:19.611] State scheme set to already existing     scheme=path
INFO [06-01|09:08:19.611] Initialising Ethereum protocol           network=1337 dbversion=9
INFO [06-01|09:08:19.611] Load database journal from file          path=/mnt/state_expiry_vol_data/ubt-vs-pbt-dbs/ubt/geth/triedb/verkle.journal
INFO [06-01|09:08:19.694] Opened ancient database                  database=/mnt/state_expiry_vol_data/ubt-vs-pbt-dbs/ubt/geth/chaindata/ancient/state_verkle readonly=false
INFO [06-01|09:08:19.696] State snapshot generator is not compatible
INFO [06-01|09:08:19.696] Initialized path database                triecache=0.00B statecache=0.00B buffer=0.00B state-history="last 90000 blocks" journal-dir=/mnt/state_expiry_vol_data/ubt-vs-pbt-dbs/ubt/geth/triedb verkle=true
INFO [06-01|09:08:19.696] 
INFO [06-01|09:08:19.696] ---------------------------------------------------------------------------------------------------------------------------------------------------------
INFO [06-01|09:08:19.696] Chain ID:  1337 (unknown)
INFO [06-01|09:08:19.696] Consensus: unknown
INFO [06-01|09:08:19.696] 
INFO [06-01|09:08:19.696] Pre-Merge hard forks (block based):
INFO [06-01|09:08:19.696]  - Homestead:                   #0       
INFO [06-01|09:08:19.696]  - Tangerine Whistle (EIP 150): #0       
INFO [06-01|09:08:19.696]  - Spurious Dragon/1 (EIP 155): #0       
INFO [06-01|09:08:19.696]  - Spurious Dragon/2 (EIP 158): #0       
INFO [06-01|09:08:19.696]  - Byzantium:                   #0       
INFO [06-01|09:08:19.696]  - Constantinople:              #0       
INFO [06-01|09:08:19.696]  - Petersburg:                  #0       
INFO [06-01|09:08:19.696]  - Istanbul:                    #0       
INFO [06-01|09:08:19.696]  - Berlin:                      #0       
INFO [06-01|09:08:19.696]  - London:                      #0       
INFO [06-01|09:08:19.696]  - Arrow Glacier:               #0       
INFO [06-01|09:08:19.696]  - Gray Glacier:                #0       
INFO [06-01|09:08:19.696] 
INFO [06-01|09:08:19.696] Merge configured:
INFO [06-01|09:08:19.696]  - Total terminal difficulty:  0
INFO [06-01|09:08:19.696]  - Merge netsplit block:       #0       
INFO [06-01|09:08:19.696] 
INFO [06-01|09:08:19.696] Post-Merge hard forks (timestamp based):
INFO [06-01|09:08:19.696]  - Shanghai:                    @0         
INFO [06-01|09:08:19.696]  - Cancun:                      @0          blob: (target: 3, max: 6, fraction: 3338477)
INFO [06-01|09:08:19.696]  - Prague:                      @0          blob: (target: 6, max: 9, fraction: 5007716)
INFO [06-01|09:08:19.696]  - Osaka:                       @0          blob: (target: 6, max: 9, fraction: 5007716)
INFO [06-01|09:08:19.696]  - UBT:                         @0          blob: (nil)
INFO [06-01|09:08:19.696] 
INFO [06-01|09:08:19.696] All fork specifications can be found at https://ethereum.github.io/execution-specs/src/ethereum/forks/
INFO [06-01|09:08:19.696] 
INFO [06-01|09:08:19.696] ---------------------------------------------------------------------------------------------------------------------------------------------------------
INFO [06-01|09:08:19.696] 
INFO [06-01|09:08:19.698] Loaded most recent local block           number=2550 hash=476c26..210a6e age=3s
INFO [06-01|09:08:19.698] Loaded most recent local finalized block number=2528 hash=7de237..5663ac age=36s
INFO [06-01|09:08:19.699] Initialized transaction indexer          range="last 2350000 blocks"
INFO [06-01|09:08:19.699] Initialized log indexer                  firstblock=0 lastblock=2550 firstmap=0 lastmap=0 headindexed=true
INFO [06-01|09:08:19.756] Enabled full-sync                        head=2550 hash=476c26..210a6e
INFO [06-01|09:08:19.757] Unprotected transactions allowed
INFO [06-01|09:08:19.757] Gasprice oracle is ignoring threshold set threshold=2
INFO [06-01|09:08:19.757] Registered sync override service
WARN [06-01|09:08:19.757] You are running Geth in --dev mode. Please note the following:
WARN [06-01|09:08:19.757] 
WARN [06-01|09:08:19.757]   1. This mode is only intended for fast, iterative development without assumptions on
WARN [06-01|09:08:19.757]      security or persistence.
WARN [06-01|09:08:19.757]   2. The database is created in memory unless specified otherwise. Therefore, shutting down
WARN [06-01|09:08:19.757]      your computer or losing power will wipe your entire block data and chain state for
WARN [06-01|09:08:19.757]      your dev environment.
WARN [06-01|09:08:19.757]   3. A random, pre-allocated developer account will be available and unlocked as
WARN [06-01|09:08:19.757]      eth.coinbase, which can be used for testing. The random dev account is temporary,
WARN [06-01|09:08:19.757]      stored on a ramdisk, and will be lost if your machine is restarted.
WARN [06-01|09:08:19.757]   4. Mining is enabled by default. However, the client will only seal blocks if transactions
WARN [06-01|09:08:19.757]      are pending in the mempool. The miner's minimum accepted gas price is 1.
WARN [06-01|09:08:19.757]   5. Networking is disabled; there is no listen-address, the maximum number of peers is set
WARN [06-01|09:08:19.757]      to 0, and discovery is disabled.
WARN [06-01|09:08:19.757] 
INFO [06-01|09:08:19.757] Starting peer-to-peer node               instance=Geth/v1.17.3-unstable/linux-amd64/go1.24.9
WARN [06-01|09:08:19.757] P2P server will be useless, neither dialing nor listening
INFO [06-01|09:08:19.800] IPC endpoint opened                      url=/mnt/state_expiry_vol_data/ubt-vs-pbt-dbs/ubt/geth.ipc
ERROR[06-01|09:08:19.800] Unavailable modules in HTTP API list     unavailable=[personal] available="[admin debug web3 eth txpool miner net dev testing]"
INFO [06-01|09:08:19.800] New local node record                    seq=1,780,289,664,418 id=c084d8867e8cc127 ip=127.0.0.1 udp=0 tcp=0
INFO [06-01|09:08:19.800] Started P2P networking                   self=enode://ed0ccbffbfc0dc9f1b0f8e55d585ad3e61215b1974f32d9388e7ae53563e3ebe0172c21d754fa202c3a63f95bef3ff3ea24339ffdabd0115c47ec5b8d33136a9@127.0.0.1:0
INFO [06-01|09:08:19.800] HTTP server started                      endpoint=127.0.0.1:8545 auth=false prefix= cors= vhosts=localhost
INFO [06-01|09:08:19.800] WebSocket enabled                        url=ws://127.0.0.1:8546
INFO [06-01|09:08:20.027] Loaded local transaction journal         transactions=2009 dropped=0
INFO [06-01|09:08:21.009] Started log indexer
INFO [06-01|09:08:21.049] Starting work on payload                 id=0x032a35724fb38adb
INFO [06-01|09:08:21.056] Updated payload                          id=0x032a35724fb38adb number=2551 hash=e32907..683997 txs=0 withdrawals=0 gas=0 fees=0 root=76ea57..325619 elapsed=7.125ms
INFO [06-01|09:08:21.056] Stopping work on payload                 id=0x032a35724fb38adb reason=delivery
WARN [06-01|09:08:21.062] {"level":"warn","msg":"Slow block","block":{"number":2551,"hash":"0xe3290712ce274049b2561dacf821ab70f09a6bf54c98916f8a9ba8f58e683997","gas_used":0,"tx_count":0},"timing":{"execution_ms":0.06282,"state_read_ms":4.20387,"state_hash_ms":0.002295,"commit_ms":0.199457,"total_ms":4.746428},"throughput":{"mgas_per_sec":0},"state_reads":{"accounts":4,"storage_slots":0,"code":0,"code_bytes":0},"state_writes":{"accounts":0,"accounts_deleted":0,"storage_slots":0,"storage_slots_deleted":0,"code":0,"code_bytes":0},"cache":{"account":{"hits":0,"misses":4,"hit_rate":0},"storage":{"hits":0,"misses":0,"hit_rate":0},"code":{"hits":0,"misses":0,"hit_rate":0,"hit_bytes":0,"miss_bytes":0}}}
INFO [06-01|09:08:21.062] Imported new potential chain segment     number=2551 hash=e32907..683997 blocks=1 txs=0 mgas=0.000 elapsed=6.378ms mgasps=0.000 triediffs=3.18MiB triedirty=0.00B
INFO [06-01|09:08:21.063] Chain head was updated                   number=2551 hash=e32907..683997 root=76ea57..325619 elapsed="50.02µs"
INFO [06-01|09:08:22.067] Starting work on payload                 id=0x0392b21c66d1e998
INFO [06-01|09:08:22.075] Updated payload                          id=0x0392b21c66d1e998 number=2552 hash=65ee79..7d2f98 txs=0 withdrawals=0 gas=0 fees=0 root=76ea57..325619 elapsed=7.799ms
INFO [06-01|09:08:22.075] Stopping work on payload                 id=0x0392b21c66d1e998 reason=delivery
WARN [06-01|09:08:22.083] {"level":"warn","msg":"Slow block","block":{"number":2552,"hash":"0x65ee79260beb46fbf4782f11e766144279d6affd4910e77fb765d8fc307d2f98","gas_used":0,"tx_count":0},"timing":{"execution_ms":0.039368,"state_read_ms":3.685423,"state_hash_ms":0.004206,"commit_ms":0.221667,"total_ms":7.683882},"throughput":{"mgas_per_sec":0},"state_reads":{"accounts":4,"storage_slots":0,"code":0,"code_bytes":0},"state_writes":{"accounts":0,"accounts_deleted":0,"storage_slots":0,"storage_slots_deleted":0,"code":0,"code_bytes":0},"cache":{"account":{"hits":0,"misses":4,"hit_rate":0},"storage":{"hits":0,"misses":0,"hit_rate":0},"code":{"hits":0,"misses":0,"hit_rate":0,"hit_bytes":0,"miss_bytes":0}}}
INFO [06-01|09:08:22.083] Imported new potential chain segment     number=2552 hash=65ee79..7d2f98 blocks=1 txs=0 mgas=0.000 elapsed=7.925ms   mgasps=0.000 triediffs=3.18MiB triedirty=0.00B
INFO [06-01|09:08:22.083] Chain head was updated                   number=2552 hash=65ee79..7d2f98 root=76ea57..325619 elapsed="38.943µs"
INFO [06-01|09:08:23.087] Starting work on payload                 id=0x03ef21ca861a801b
INFO [06-01|09:08:23.104] Updated payload                          id=0x03ef21ca861a801b number=2553 hash=aca9b3..9e8102 txs=0 withdrawals=0 gas=0 fees=0 root=76ea57..325619 elapsed=16.986ms
INFO [06-01|09:08:23.104] Stopping work on payload                 id=0x03ef21ca861a801b reason=delivery
WARN [06-01|09:08:23.107] {"level":"warn","msg":"Slow block","block":{"number":2553,"hash":"0xaca9b35a819eff902e899c425eaf23e05ca71f6f947d3bc01bb7d9844a9e8102","gas_used":0,"tx_count":0},"timing":{"execution_ms":0.021666,"state_read_ms":2.799206,"state_hash_ms":0.001745,"commit_ms":0.123107,"total_ms":3.118606},"throughput":{"mgas_per_sec":0},"state_reads":{"accounts":4,"storage_slots":0,"code":0,"code_bytes":0},"state_writes":{"accounts":0,"accounts_deleted":0,"storage_slots":0,"storage_slots_deleted":0,"code":0,"code_bytes":0},"cache":{"account":{"hits":0,"misses":4,"hit_rate":0},"storage":{"hits":0,"misses":0,"hit_rate":0},"code":{"hits":0,"misses":0,"hit_rate":0,"hit_bytes":0,"miss_bytes":0}}}
INFO [06-01|09:08:23.107] Imported new potential chain segment     number=2553 hash=aca9b3..9e8102 blocks=1 txs=0 mgas=0.000 elapsed=3.259ms    mgasps=0.000 triediffs=3.18MiB triedirty=0.00B
INFO [06-01|09:08:23.107] Chain head was updated                   number=2553 hash=aca9b3..9e8102 root=76ea57..325619 elapsed="27.365µs"
INFO [06-01|09:08:23.295] Submitted contract creation              hash=0xdc9d84edd32be07ddc86d7b06e23a33a04db09ee660708736cf3ca0c4926841a from=0xf39Fd6e51aad88F6F4ce6aB8827279cffFb92266 nonce=749 contract=0xe8c3F27D20472e4f3C546A3f73C04B54DD72871d value=0
INFO [06-01|09:08:23.295] Submitted transaction                    hash=0xea62ab6586be02af52a4ffd39148f911616293106053b89ced38d54b44826b6d from=0xf39Fd6e51aad88F6F4ce6aB8827279cffFb92266 nonce=750 recipient=0x052A043f841a140C2Cf80644b4bA038391a7e4FF value=78,000,000
INFO [06-01|09:08:24.122] Starting work on payload                 id=0x03cac828a9e195db
INFO [06-01|09:08:24.157] Updated payload                          id=0x03cac828a9e195db number=2554 hash=63d64f..6bb023 txs=2 withdrawals=0 gas=86938 fees=5.21628e-13 root=58be15..8cc059 elapsed=34.874ms
INFO [06-01|09:08:24.157] Stopping work on payload                 id=0x03cac828a9e195db reason=delivery
INFO [06-01|09:08:24.200] Paused snapshot generation
WARN [06-01|09:08:24.201] {"level":"warn","msg":"Slow block","block":{"number":2554,"hash":"0x63d64f04ae5d04623f8135090d629cdb98478af2ec738b73ea461035116bb023","gas_used":86938,"tx_count":2},"timing":{"execution_ms":0.13227,"state_read_ms":15.674507,"state_hash_ms":22.35786,"commit_ms":5.158674,"total_ms":43.458962},"throughput":{"mgas_per_sec":2.000461953048948},"state_reads":{"accounts":11,"storage_slots":0,"code":0,"code_bytes":0},"state_writes":{"accounts":3,"accounts_deleted":0,"storage_slots":0,"storage_slots_deleted":0,"code":1,"code_bytes":165},"cache":{"account":{"hits":5,"misses":6,"hit_rate":45.45454545454545},"storage":{"hits":0,"misses":0,"hit_rate":0},"code":{"hits":0,"misses":0,"hit_rate":0,"hit_bytes":0,"miss_bytes":0}}}
INFO [06-01|09:08:24.201] Imported new potential chain segment     number=2554 hash=63d64f..6bb023 blocks=1 txs=2 mgas=0.087 elapsed=43.622ms   mgasps=1.993 triediffs=3.14MiB triedirty=0.00B
INFO [06-01|09:08:24.201] Chain head was updated                   number=2554 hash=63d64f..6bb023 root=58be15..8cc059 elapsed="156.819µs"
WARN [06-01|09:08:24.222] Snapshot generation is not permitted
INFO [06-01|09:08:24.306] Submitted transaction                    hash=0xfd482d25e0c67d08ae3d090be0a4f65d8d9e07efeeaa606705f431b47baa659e from=0x052A043f841a140C2Cf80644b4bA038391a7e4FF nonce=0   recipient=0xe8c3F27D20472e4f3C546A3f73C04B54DD72871d value=0
INFO [06-01|09:08:25.206] Starting work on payload                 id=0x032271e6932f3fea
INFO [06-01|09:08:25.296] Updated payload                          id=0x032271e6932f3fea number=2555 hash=ba40dd..7eab8c txs=1 withdrawals=0 gas=5,916,898 fees=3.5501388e-11 root=73bc33..406f40 elapsed=89.834ms
INFO [06-01|09:08:25.296] Stopping work on payload                 id=0x032271e6932f3fea reason=delivery
INFO [06-01|09:08:25.324] Paused snapshot generation
WARN [06-01|09:08:25.325] {"level":"warn","msg":"Slow block","block":{"number":2555,"hash":"0xba40dd1b641fd50a3abdebe4569d5eb04e468126306659f6bdeef1a3b17eab8c","gas_used":5916898,"tx_count":1},"timing":{"execution_ms":11.952542,"state_read_ms":11.819471,"state_hash_ms":3.161268,"commit_ms":1.592483,"total_ms":28.690913},"throughput":{"mgas_per_sec":206.22898964560662},"state_reads":{"accounts":107,"storage_slots":1058,"code":101,"code_bytes":2965},"state_writes":{"accounts":3,"accounts_deleted":0,"storage_slots":134,"storage_slots_deleted":0,"code":0,"code_bytes":0},"cache":{"account":{"hits":14,"misses":93,"hit_rate":13.084112149532709},"storage":{"hits":210,"misses":848,"hit_rate":19.848771266540645},"code":{"hits":101,"misses":0,"hit_rate":100,"hit_bytes":2965,"miss_bytes":0}}}
INFO [06-01|09:08:25.325] Imported new potential chain segment     number=2555 hash=ba40dd..7eab8c blocks=1 txs=1 mgas=5.917 elapsed=28.874ms    mgasps=204.915 triediffs=3.18MiB triedirty=0.00B
INFO [06-01|09:08:25.325] Chain head was updated                   number=2555 hash=ba40dd..7eab8c root=73bc33..406f40 elapsed="126.495µs"
WARN [06-01|09:08:25.345] Snapshot generation is not permitted
INFO [06-01|09:08:26.324] Submitted transaction                    hash=0xe1838ae41d26d4c8a2562a0c6b8c6ace2342a79fa4bf4c37628ede747f5654aa from=0x052A043f841a140C2Cf80644b4bA038391a7e4FF nonce=1   recipient=0xf39Fd6e51aad88F6F4ce6aB8827279cffFb92266 value=828,326
INFO [06-01|09:08:26.341] Starting work on payload                 id=0x03a0160de11e245b
INFO [06-01|09:08:26.349] Updated payload                          id=0x03a0160de11e245b number=2556 hash=d39264..6e7d51 txs=1 withdrawals=0 gas=21000     fees=2.1e-14       root=e1f2ce..9a541f elapsed=8.731ms
INFO [06-01|09:08:26.349] Stopping work on payload                 id=0x03a0160de11e245b reason=delivery
INFO [06-01|09:08:26.371] Paused snapshot generation
WARN [06-01|09:08:26.372] {"level":"warn","msg":"Slow block","block":{"number":2556,"hash":"0xd3926474e87e892906dd57caa978ffed91ae12e48bba8d67f391ff6b056e7d51","gas_used":21000,"tx_count":1},"timing":{"execution_ms":0.082851,"state_read_ms":9.577036,"state_hash_ms":11.602951,"commit_ms":0.561569,"total_ms":21.990702},"throughput":{"mgas_per_sec":0.9549490507397171},"state_reads":{"accounts":6,"storage_slots":0,"code":0,"code_bytes":0},"state_writes":{"accounts":2,"accounts_deleted":0,"storage_slots":0,"storage_slots_deleted":0,"code":0,"code_bytes":0},"cache":{"account":{"hits":2,"misses":4,"hit_rate":33.33333333333333},"storage":{"hits":0,"misses":0,"hit_rate":0},"code":{"hits":0,"misses":0,"hit_rate":0,"hit_bytes":0,"miss_bytes":0}}}
INFO [06-01|09:08:26.372] Imported new potential chain segment     number=2556 hash=d39264..6e7d51 blocks=1 txs=1 mgas=0.021 elapsed=22.149ms    mgasps=0.948   triediffs=3.18MiB triedirty=0.00B
INFO [06-01|09:08:26.372] Chain head was updated                   number=2556 hash=d39264..6e7d51 root=e1f2ce..9a541f elapsed="52.149µs"
WARN [06-01|09:08:26.403] Snapshot generation is not permitted
INFO [06-01|09:08:27.377] Starting work on payload                 id=0x0380196e81ba2734
INFO [06-01|09:08:27.387] Updated payload                          id=0x0380196e81ba2734 number=2557 hash=1a8a7c..756d93 txs=0 withdrawals=0 gas=0         fees=0             root=e1f2ce..9a541f elapsed=9.692ms
INFO [06-01|09:08:27.389] Stopping work on payload                 id=0x0380196e81ba2734 reason=delivery
WARN [06-01|09:08:27.392] {"level":"warn","msg":"Slow block","block":{"number":2557,"hash":"0x1a8a7c6b01c82d04302cf00b1870fd26c0a7cb80f79c64d17a110dc01d756d93","gas_used":0,"tx_count":0},"timing":{"execution_ms":0.035515,"state_read_ms":3.79508,"state_hash_ms":0.002262,"commit_ms":0.171843,"total_ms":4.217136},"throughput":{"mgas_per_sec":0},"state_reads":{"accounts":4,"storage_slots":0,"code":0,"code_bytes":0},"state_writes":{"accounts":0,"accounts_deleted":0,"storage_slots":0,"storage_slots_deleted":0,"code":0,"code_bytes":0},"cache":{"account":{"hits":0,"misses":4,"hit_rate":0},"storage":{"hits":0,"misses":0,"hit_rate":0},"code":{"hits":0,"misses":0,"hit_rate":0,"hit_bytes":0,"miss_bytes":0}}}
INFO [06-01|09:08:27.392] Imported new potential chain segment     number=2557 hash=1a8a7c..756d93 blocks=1 txs=0 mgas=0.000 elapsed=4.369ms     mgasps=0.000   triediffs=3.18MiB triedirty=0.00B
INFO [06-01|09:08:27.392] Chain head was updated                   number=2557 hash=1a8a7c..756d93 root=e1f2ce..9a541f elapsed="75.751µs"
