WARN [06-01|09:07:25.752] Unknown config environment variable      envvar=GETH_PBT_BIN
WARN [06-01|09:07:25.752] Unknown config environment variable      envvar=GETH_UBT_BIN
INFO [06-01|09:07:25.762] Starting Geth on Ethereum mainnet...
INFO [06-01|09:07:25.763] Maximum peer count                       ETH=0 total=0
INFO [06-01|09:07:25.764] Smartcard socket not found, disabling    err="stat /run/pcscd/pcscd.comm: no such file or directory"
WARN [06-01|09:07:25.768] Option --miner.etherbase is deprecated as the etherbase is set by the consensus client post-merge
WARN [06-01|09:07:25.770] Snap sync requested, resetting --cache.snapshot
INFO [06-01|09:07:25.770] Set global gas cap                       cap=50,000,000
INFO [06-01|09:07:26.579] Using developer account                  address=0xf39Fd6e51aad88F6F4ce6aB8827279cffFb92266
INFO [06-01|09:07:26.622] Using pebble as the backing database
INFO [06-01|09:07:26.622] Allocated cache and file handles         database=/mnt/state_expiry_vol_data/ubt-vs-pbt-dbs/ubt/geth/chaindata cache=16.00MiB handles=262,144
INFO [06-01|09:07:26.843] Opened ancient database                  database=/mnt/state_expiry_vol_data/ubt-vs-pbt-dbs/ubt/geth/chaindata/ancient/chain readonly=true
INFO [06-01|09:07:26.843] Opened Era store                         datadir=/mnt/state_expiry_vol_data/ubt-vs-pbt-dbs/ubt/geth/chaindata/ancient/chain/era
INFO [06-01|09:07:26.849] Initializing the KZG library             backend=gokzg
INFO [06-01|09:07:26.851] Allocated trie memory caches             clean=0.00B dirty=0.00B
INFO [06-01|09:07:26.861] Using pebble as the backing database
INFO [06-01|09:07:26.861] Allocated cache and file handles         database=/mnt/state_expiry_vol_data/ubt-vs-pbt-dbs/ubt/geth/chaindata cache=16.00MiB handles=262,144
INFO [06-01|09:07:27.061] Opened ancient database                  database=/mnt/state_expiry_vol_data/ubt-vs-pbt-dbs/ubt/geth/chaindata/ancient/chain readonly=false
INFO [06-01|09:07:27.061] Opened Era store                         datadir=/mnt/state_expiry_vol_data/ubt-vs-pbt-dbs/ubt/geth/chaindata/ancient/chain/era
INFO [06-01|09:07:27.069] State scheme set to already existing     scheme=path
INFO [06-01|09:07:27.069] Initialising Ethereum protocol           network=1337 dbversion=9
INFO [06-01|09:07:27.070] Load database journal from file          path=/mnt/state_expiry_vol_data/ubt-vs-pbt-dbs/ubt/geth/triedb/verkle.journal
INFO [06-01|09:07:27.162] Opened ancient database                  database=/mnt/state_expiry_vol_data/ubt-vs-pbt-dbs/ubt/geth/chaindata/ancient/state_verkle readonly=false
INFO [06-01|09:07:27.164] State snapshot generator is not compatible
INFO [06-01|09:07:27.164] Initialized path database                triecache=0.00B statecache=0.00B buffer=0.00B state-history="last 90000 blocks" journal-dir=/mnt/state_expiry_vol_data/ubt-vs-pbt-dbs/ubt/geth/triedb verkle=true
INFO [06-01|09:07:27.165] 
INFO [06-01|09:07:27.165] ---------------------------------------------------------------------------------------------------------------------------------------------------------
INFO [06-01|09:07:27.165] Chain ID:  1337 (unknown)
INFO [06-01|09:07:27.165] Consensus: unknown
INFO [06-01|09:07:27.165] 
INFO [06-01|09:07:27.165] Pre-Merge hard forks (block based):
INFO [06-01|09:07:27.165]  - Homestead:                   #0       
INFO [06-01|09:07:27.165]  - Tangerine Whistle (EIP 150): #0       
INFO [06-01|09:07:27.165]  - Spurious Dragon/1 (EIP 155): #0       
INFO [06-01|09:07:27.165]  - Spurious Dragon/2 (EIP 158): #0       
INFO [06-01|09:07:27.165]  - Byzantium:                   #0       
INFO [06-01|09:07:27.165]  - Constantinople:              #0       
INFO [06-01|09:07:27.165]  - Petersburg:                  #0       
INFO [06-01|09:07:27.165]  - Istanbul:                    #0       
INFO [06-01|09:07:27.165]  - Berlin:                      #0       
INFO [06-01|09:07:27.165]  - London:                      #0       
INFO [06-01|09:07:27.165]  - Arrow Glacier:               #0       
INFO [06-01|09:07:27.165]  - Gray Glacier:                #0       
INFO [06-01|09:07:27.165] 
INFO [06-01|09:07:27.165] Merge configured:
INFO [06-01|09:07:27.165]  - Total terminal difficulty:  0
INFO [06-01|09:07:27.165]  - Merge netsplit block:       #0       
INFO [06-01|09:07:27.165] 
INFO [06-01|09:07:27.165] Post-Merge hard forks (timestamp based):
INFO [06-01|09:07:27.165]  - Shanghai:                    @0         
INFO [06-01|09:07:27.165]  - Cancun:                      @0          blob: (target: 3, max: 6, fraction: 3338477)
INFO [06-01|09:07:27.165]  - Prague:                      @0          blob: (target: 6, max: 9, fraction: 5007716)
INFO [06-01|09:07:27.165]  - Osaka:                       @0          blob: (target: 6, max: 9, fraction: 5007716)
INFO [06-01|09:07:27.165]  - UBT:                         @0          blob: (nil)
INFO [06-01|09:07:27.165] 
INFO [06-01|09:07:27.165] All fork specifications can be found at https://ethereum.github.io/execution-specs/src/ethereum/forks/
INFO [06-01|09:07:27.165] 
INFO [06-01|09:07:27.165] ---------------------------------------------------------------------------------------------------------------------------------------------------------
INFO [06-01|09:07:27.165] 
INFO [06-01|09:07:27.167] Loaded most recent local block           number=2516 hash=43f516..eeb047 age=3s
INFO [06-01|09:07:27.167] Loaded most recent local finalized block number=2496 hash=c370eb..706f18 age=31s
INFO [06-01|09:07:27.169] Initialized transaction indexer          range="last 2350000 blocks"
INFO [06-01|09:07:27.169] Initialized log indexer                  firstblock=0 lastblock=2516 firstmap=0 lastmap=0 headindexed=true
INFO [06-01|09:07:27.211] Enabled full-sync                        head=2516 hash=43f516..eeb047
INFO [06-01|09:07:27.211] Unprotected transactions allowed
INFO [06-01|09:07:27.211] Gasprice oracle is ignoring threshold set threshold=2
INFO [06-01|09:07:27.212] Registered sync override service
WARN [06-01|09:07:27.212] You are running Geth in --dev mode. Please note the following:
WARN [06-01|09:07:27.212] 
WARN [06-01|09:07:27.212]   1. This mode is only intended for fast, iterative development without assumptions on
WARN [06-01|09:07:27.212]      security or persistence.
WARN [06-01|09:07:27.212]   2. The database is created in memory unless specified otherwise. Therefore, shutting down
WARN [06-01|09:07:27.212]      your computer or losing power will wipe your entire block data and chain state for
WARN [06-01|09:07:27.212]      your dev environment.
WARN [06-01|09:07:27.212]   3. A random, pre-allocated developer account will be available and unlocked as
WARN [06-01|09:07:27.212]      eth.coinbase, which can be used for testing. The random dev account is temporary,
WARN [06-01|09:07:27.212]      stored on a ramdisk, and will be lost if your machine is restarted.
WARN [06-01|09:07:27.212]   4. Mining is enabled by default. However, the client will only seal blocks if transactions
WARN [06-01|09:07:27.212]      are pending in the mempool. The miner's minimum accepted gas price is 1.
WARN [06-01|09:07:27.212]   5. Networking is disabled; there is no listen-address, the maximum number of peers is set
WARN [06-01|09:07:27.212]      to 0, and discovery is disabled.
WARN [06-01|09:07:27.212] 
INFO [06-01|09:07:27.212] Starting peer-to-peer node               instance=Geth/v1.17.3-unstable/linux-amd64/go1.24.9
WARN [06-01|09:07:27.212] P2P server will be useless, neither dialing nor listening
INFO [06-01|09:07:27.244] IPC endpoint opened                      url=/mnt/state_expiry_vol_data/ubt-vs-pbt-dbs/ubt/geth.ipc
ERROR[06-01|09:07:27.244] Unavailable modules in HTTP API list     unavailable=[personal] available="[admin debug web3 eth txpool miner net dev testing]"
INFO [06-01|09:07:27.244] New local node record                    seq=1,780,289,664,413 id=c084d8867e8cc127 ip=127.0.0.1 udp=0 tcp=0
INFO [06-01|09:07:27.245] Started P2P networking                   self=enode://ed0ccbffbfc0dc9f1b0f8e55d585ad3e61215b1974f32d9388e7ae53563e3ebe0172c21d754fa202c3a63f95bef3ff3ea24339ffdabd0115c47ec5b8d33136a9@127.0.0.1:0
INFO [06-01|09:07:27.245] HTTP server started                      endpoint=127.0.0.1:8545 auth=false prefix= cors= vhosts=localhost
INFO [06-01|09:07:27.245] WebSocket enabled                        url=ws://127.0.0.1:8546
INFO [06-01|09:07:27.447] Loaded local transaction journal         transactions=1989 dropped=0
INFO [06-01|09:07:28.505] Started log indexer
INFO [06-01|09:07:28.545] Starting work on payload                 id=0x03a0701eaaa9b888
INFO [06-01|09:07:28.551] Updated payload                          id=0x03a0701eaaa9b888 number=2517 hash=f44959..de98bd txs=0 withdrawals=0 gas=0 fees=0 root=96ec2c..d68b77 elapsed=5.210ms
INFO [06-01|09:07:28.551] Stopping work on payload                 id=0x03a0701eaaa9b888 reason=delivery
WARN [06-01|09:07:28.554] {"level":"warn","msg":"Slow block","block":{"number":2517,"hash":"0xf44959a35b3563d3c4d6fbf4061f16f3158a0698c27546435400c6031cde98bd","gas_used":0,"tx_count":0},"timing":{"execution_ms":0.030927,"state_read_ms":2.762817,"state_hash_ms":0.001403,"commit_ms":0.144851,"total_ms":3.143969},"throughput":{"mgas_per_sec":0},"state_reads":{"accounts":4,"storage_slots":0,"code":0,"code_bytes":0},"state_writes":{"accounts":0,"accounts_deleted":0,"storage_slots":0,"storage_slots_deleted":0,"code":0,"code_bytes":0},"cache":{"account":{"hits":0,"misses":4,"hit_rate":0},"storage":{"hits":0,"misses":0,"hit_rate":0},"code":{"hits":0,"misses":0,"hit_rate":0,"hit_bytes":0,"miss_bytes":0}}}
INFO [06-01|09:07:28.555] Imported new potential chain segment     number=2517 hash=f44959..de98bd blocks=1 txs=0 mgas=0.000 elapsed=3.470ms mgasps=0.000 triediffs=3.19MiB triedirty=0.00B
INFO [06-01|09:07:28.555] Chain head was updated                   number=2517 hash=f44959..de98bd root=96ec2c..d68b77 elapsed="91.749µs"
INFO [06-01|09:07:29.560] Starting work on payload                 id=0x03f30b1b36f966ae
INFO [06-01|09:07:29.564] Updated payload                          id=0x03f30b1b36f966ae number=2518 hash=72add6..91e664 txs=0 withdrawals=0 gas=0 fees=0 root=96ec2c..d68b77 elapsed=3.257ms
INFO [06-01|09:07:29.564] Stopping work on payload                 id=0x03f30b1b36f966ae reason=delivery
WARN [06-01|09:07:29.576] {"level":"warn","msg":"Slow block","block":{"number":2518,"hash":"0x72add6d3c07647fbf0ecb8aefe7f172d04c51e37a5b443a6935edcf73491e664","gas_used":0,"tx_count":0},"timing":{"execution_ms":0.036579,"state_read_ms":11.76793,"state_hash_ms":0.00174,"commit_ms":0.12177,"total_ms":12.457225},"throughput":{"mgas_per_sec":0},"state_reads":{"accounts":4,"storage_slots":0,"code":0,"code_bytes":0},"state_writes":{"accounts":0,"accounts_deleted":0,"storage_slots":0,"storage_slots_deleted":0,"code":0,"code_bytes":0},"cache":{"account":{"hits":0,"misses":4,"hit_rate":0},"storage":{"hits":0,"misses":0,"hit_rate":0},"code":{"hits":0,"misses":0,"hit_rate":0,"hit_bytes":0,"miss_bytes":0}}}
INFO [06-01|09:07:29.576] Imported new potential chain segment     number=2518 hash=72add6..91e664 blocks=1 txs=0 mgas=0.000 elapsed=12.612ms   mgasps=0.000 triediffs=3.19MiB triedirty=0.00B
INFO [06-01|09:07:29.576] Chain head was updated                   number=2518 hash=72add6..91e664 root=96ec2c..d68b77 elapsed="31.963µs"
INFO [06-01|09:07:30.599] Starting work on payload                 id=0x031e5e1317a4414c
INFO [06-01|09:07:30.614] Updated payload                          id=0x031e5e1317a4414c number=2519 hash=e354c1..189511 txs=0 withdrawals=0 gas=0 fees=0 root=96ec2c..d68b77 elapsed=14.469ms
INFO [06-01|09:07:30.614] Stopping work on payload                 id=0x031e5e1317a4414c reason=delivery
WARN [06-01|09:07:30.628] {"level":"warn","msg":"Slow block","block":{"number":2519,"hash":"0xe354c18e350eb4f2e60629279a809d94b50142cc0dcce73e75d9631c60189511","gas_used":0,"tx_count":0},"timing":{"execution_ms":0.021094,"state_read_ms":13.799151,"state_hash_ms":0.00177,"commit_ms":0.09977,"total_ms":14.070911},"throughput":{"mgas_per_sec":0},"state_reads":{"accounts":4,"storage_slots":0,"code":0,"code_bytes":0},"state_writes":{"accounts":0,"accounts_deleted":0,"storage_slots":0,"storage_slots_deleted":0,"code":0,"code_bytes":0},"cache":{"account":{"hits":0,"misses":4,"hit_rate":0},"storage":{"hits":0,"misses":0,"hit_rate":0},"code":{"hits":0,"misses":0,"hit_rate":0,"hit_bytes":0,"miss_bytes":0}}}
INFO [06-01|09:07:30.628] Imported new potential chain segment     number=2519 hash=e354c1..189511 blocks=1 txs=0 mgas=0.000 elapsed=14.229ms   mgasps=0.000 triediffs=3.19MiB triedirty=0.00B
INFO [06-01|09:07:30.628] Chain head was updated                   number=2519 hash=e354c1..189511 root=96ec2c..d68b77 elapsed="37.021µs"
INFO [06-01|09:07:30.790] Submitted contract creation              hash=0x8995ad01f102e41e6b950ca29df3e087f811540907caf23f15c0c44e5974f42d from=0xf39Fd6e51aad88F6F4ce6aB8827279cffFb92266 nonce=739 contract=0xE0a1556ef66873d965A2F4caD06F051646BE6707 value=0
INFO [06-01|09:07:30.790] Submitted transaction                    hash=0x204c63b1e2b82a22f34a74dfafba48f7ecc0d2abd6b9d03f576fb03c8744bbbc from=0xf39Fd6e51aad88F6F4ce6aB8827279cffFb92266 nonce=740 recipient=0x71a5985685F4d2ba53a69Df515198deB2A3ba75B value=78,000,000
INFO [06-01|09:07:31.632] Starting work on payload                 id=0x03eb6e0cfc2b007d
INFO [06-01|09:07:31.668] Updated payload                          id=0x03eb6e0cfc2b007d number=2520 hash=7a0d77..69de6a txs=2 withdrawals=0 gas=86938 fees=5.21628e-13 root=09e6a3..a639b7 elapsed=35.955ms
INFO [06-01|09:07:31.668] Stopping work on payload                 id=0x03eb6e0cfc2b007d reason=delivery
INFO [06-01|09:07:31.708] Paused snapshot generation
WARN [06-01|09:07:31.708] {"level":"warn","msg":"Slow block","block":{"number":2520,"hash":"0x7a0d775bcdb19a0bc4a363f5d832cf9d82198915550acb52e978e202ce69de6a","gas_used":86938,"tx_count":2},"timing":{"execution_ms":0.12567,"state_read_ms":14.298516,"state_hash_ms":15.666586,"commit_ms":5.022727,"total_ms":39.775146},"throughput":{"mgas_per_sec":2.1857367915129715},"state_reads":{"accounts":11,"storage_slots":0,"code":0,"code_bytes":0},"state_writes":{"accounts":3,"accounts_deleted":0,"storage_slots":0,"storage_slots_deleted":0,"code":1,"code_bytes":165},"cache":{"account":{"hits":5,"misses":6,"hit_rate":45.45454545454545},"storage":{"hits":0,"misses":0,"hit_rate":0},"code":{"hits":0,"misses":0,"hit_rate":0,"hit_bytes":0,"miss_bytes":0}}}
INFO [06-01|09:07:31.708] Imported new potential chain segment     number=2520 hash=7a0d77..69de6a blocks=1 txs=2 mgas=0.087 elapsed=39.970ms   mgasps=2.175 triediffs=3.16MiB triedirty=0.00B
INFO [06-01|09:07:31.709] Chain head was updated                   number=2520 hash=7a0d77..69de6a root=09e6a3..a639b7 elapsed="194.26µs"
WARN [06-01|09:07:31.731] Snapshot generation is not permitted
INFO [06-01|09:07:31.802] Submitted transaction                    hash=0x846346a70c660c62a20c3b82d8f7fbcab6cd06b104521dec3f810452610f8372 from=0x71a5985685F4d2ba53a69Df515198deB2A3ba75B nonce=0   recipient=0xE0a1556ef66873d965A2F4caD06F051646BE6707 value=0
INFO [06-01|09:07:32.713] Starting work on payload                 id=0x0325b0c80fe7e5ba
INFO [06-01|09:07:32.808] Updated payload                          id=0x0325b0c80fe7e5ba number=2521 hash=a1628b..202aa5 txs=1 withdrawals=0 gas=5,916,898 fees=3.5501388e-11 root=638a2e..7fce17 elapsed=94.265ms
INFO [06-01|09:07:32.809] Stopping work on payload                 id=0x0325b0c80fe7e5ba reason=delivery
INFO [06-01|09:07:32.840] Paused snapshot generation
WARN [06-01|09:07:32.840] {"level":"warn","msg":"Slow block","block":{"number":2521,"hash":"0xa1628baa33154386b1aac4f5820214ce123482f6bed7e3808a6f247c16202aa5","gas_used":5916898,"tx_count":1},"timing":{"execution_ms":12.625372,"state_read_ms":13.774152,"state_hash_ms":3.96047,"commit_ms":1.481846,"total_ms":32.060893},"throughput":{"mgas_per_sec":184.55187757870624},"state_reads":{"accounts":107,"storage_slots":1058,"code":101,"code_bytes":2965},"state_writes":{"accounts":3,"accounts_deleted":0,"storage_slots":134,"storage_slots_deleted":0,"code":0,"code_bytes":0},"cache":{"account":{"hits":11,"misses":96,"hit_rate":10.2803738317757},"storage":{"hits":172,"misses":886,"hit_rate":16.257088846880908},"code":{"hits":101,"misses":0,"hit_rate":100,"hit_bytes":2965,"miss_bytes":0}}}
INFO [06-01|09:07:32.840] Imported new potential chain segment     number=2521 hash=a1628b..202aa5 blocks=1 txs=1 mgas=5.917 elapsed=32.290ms   mgasps=183.242 triediffs=3.20MiB triedirty=0.00B
INFO [06-01|09:07:32.841] Chain head was updated                   number=2521 hash=a1628b..202aa5 root=638a2e..7fce17 elapsed="105.279µs"
WARN [06-01|09:07:32.859] Snapshot generation is not permitted
INFO [06-01|09:07:33.820] Submitted transaction                    hash=0x43fd448a6f72c2d3080df7bfcf3d773c6f3eaacf2661028bc5291721c9ffb646 from=0x71a5985685F4d2ba53a69Df515198deB2A3ba75B nonce=1   recipient=0xf39Fd6e51aad88F6F4ce6aB8827279cffFb92266 value=828,326
INFO [06-01|09:07:33.845] Starting work on payload                 id=0x0374d0c1cf3ee006
INFO [06-01|09:07:33.868] Updated payload                          id=0x0374d0c1cf3ee006 number=2522 hash=055d91..46d43a txs=1 withdrawals=0 gas=21000     fees=2.1e-14       root=29c417..144498 elapsed=22.289ms
INFO [06-01|09:07:33.868] Stopping work on payload                 id=0x0374d0c1cf3ee006 reason=delivery
INFO [06-01|09:07:33.874] Paused snapshot generation
WARN [06-01|09:07:33.874] {"level":"warn","msg":"Slow block","block":{"number":2522,"hash":"0x055d9106437f1e282c1b50360d0a5f834cb0605c54e4eabc178023933646d43a","gas_used":21000,"tx_count":1},"timing":{"execution_ms":0.082279,"state_read_ms":3.02945,"state_hash_ms":2.43809,"commit_ms":0.62176,"total_ms":6.371768},"throughput":{"mgas_per_sec":3.295788547228964},"state_reads":{"accounts":6,"storage_slots":0,"code":0,"code_bytes":0},"state_writes":{"accounts":2,"accounts_deleted":0,"storage_slots":0,"storage_slots_deleted":0,"code":0,"code_bytes":0},"cache":{"account":{"hits":2,"misses":4,"hit_rate":33.33333333333333},"storage":{"hits":0,"misses":0,"hit_rate":0},"code":{"hits":0,"misses":0,"hit_rate":0,"hit_bytes":0,"miss_bytes":0}}}
INFO [06-01|09:07:33.874] Imported new potential chain segment     number=2522 hash=055d91..46d43a blocks=1 txs=1 mgas=0.021 elapsed=6.497ms     mgasps=3.232   triediffs=3.19MiB triedirty=0.00B
INFO [06-01|09:07:33.875] Chain head was updated                   number=2522 hash=055d91..46d43a root=29c417..144498 elapsed="85.119µs"
WARN [06-01|09:07:33.927] Snapshot generation is not permitted
INFO [06-01|09:07:34.879] Starting work on payload                 id=0x03536e721252f049
INFO [06-01|09:07:34.882] Updated payload                          id=0x03536e721252f049 number=2523 hash=02e019..e59419 txs=0 withdrawals=0 gas=0         fees=0             root=29c417..144498 elapsed=3.267ms
INFO [06-01|09:07:34.883] Stopping work on payload                 id=0x03536e721252f049 reason=delivery
WARN [06-01|09:07:34.891] {"level":"warn","msg":"Slow block","block":{"number":2523,"hash":"0x02e019d4404d580c992d2f605f28fcfeac8fb734c9fa24fd9adadc4b4ce59419","gas_used":0,"tx_count":0},"timing":{"execution_ms":0.045723,"state_read_ms":7.931294,"state_hash_ms":0.002314,"commit_ms":0.134993,"total_ms":8.324627},"throughput":{"mgas_per_sec":0},"state_reads":{"accounts":4,"storage_slots":0,"code":0,"code_bytes":0},"state_writes":{"accounts":0,"accounts_deleted":0,"storage_slots":0,"storage_slots_deleted":0,"code":0,"code_bytes":0},"cache":{"account":{"hits":0,"misses":4,"hit_rate":0},"storage":{"hits":0,"misses":0,"hit_rate":0},"code":{"hits":0,"misses":0,"hit_rate":0,"hit_bytes":0,"miss_bytes":0}}}
INFO [06-01|09:07:34.891] Imported new potential chain segment     number=2523 hash=02e019..e59419 blocks=1 txs=0 mgas=0.000 elapsed=8.581ms     mgasps=0.000   triediffs=3.19MiB triedirty=0.00B
INFO [06-01|09:07:34.892] Chain head was updated                   number=2523 hash=02e019..e59419 root=29c417..144498 elapsed="106.889µs"
