WARN [06-01|09:07:47.120] Unknown config environment variable      envvar=GETH_PBT_BIN
WARN [06-01|09:07:47.120] Unknown config environment variable      envvar=GETH_UBT_BIN
INFO [06-01|09:07:47.132] Starting Geth on Ethereum mainnet...
INFO [06-01|09:07:47.134] Maximum peer count                       ETH=0 total=0
INFO [06-01|09:07:47.135] Smartcard socket not found, disabling    err="stat /run/pcscd/pcscd.comm: no such file or directory"
WARN [06-01|09:07:47.139] Option --miner.etherbase is deprecated as the etherbase is set by the consensus client post-merge
WARN [06-01|09:07:47.141] Snap sync requested, resetting --cache.snapshot
INFO [06-01|09:07:47.141] Set global gas cap                       cap=50,000,000
INFO [06-01|09:07:47.930] Using developer account                  address=0xf39Fd6e51aad88F6F4ce6aB8827279cffFb92266
INFO [06-01|09:07:47.972] Using pebble as the backing database
INFO [06-01|09:07:47.972] Allocated cache and file handles         database=/mnt/state_expiry_vol_data/ubt-vs-pbt-dbs/ubt/geth/chaindata cache=16.00MiB handles=262,144
INFO [06-01|09:07:48.192] Opened ancient database                  database=/mnt/state_expiry_vol_data/ubt-vs-pbt-dbs/ubt/geth/chaindata/ancient/chain readonly=true
INFO [06-01|09:07:48.192] Opened Era store                         datadir=/mnt/state_expiry_vol_data/ubt-vs-pbt-dbs/ubt/geth/chaindata/ancient/chain/era
INFO [06-01|09:07:48.199] Initializing the KZG library             backend=gokzg
INFO [06-01|09:07:48.201] Allocated trie memory caches             clean=0.00B dirty=0.00B
INFO [06-01|09:07:48.211] Using pebble as the backing database
INFO [06-01|09:07:48.211] Allocated cache and file handles         database=/mnt/state_expiry_vol_data/ubt-vs-pbt-dbs/ubt/geth/chaindata cache=16.00MiB handles=262,144
INFO [06-01|09:07:48.392] Opened ancient database                  database=/mnt/state_expiry_vol_data/ubt-vs-pbt-dbs/ubt/geth/chaindata/ancient/chain readonly=false
INFO [06-01|09:07:48.392] Opened Era store                         datadir=/mnt/state_expiry_vol_data/ubt-vs-pbt-dbs/ubt/geth/chaindata/ancient/chain/era
INFO [06-01|09:07:48.399] State scheme set to already existing     scheme=path
INFO [06-01|09:07:48.401] Initialising Ethereum protocol           network=1337 dbversion=9
INFO [06-01|09:07:48.402] Load database journal from file          path=/mnt/state_expiry_vol_data/ubt-vs-pbt-dbs/ubt/geth/triedb/verkle.journal
INFO [06-01|09:07:48.483] Opened ancient database                  database=/mnt/state_expiry_vol_data/ubt-vs-pbt-dbs/ubt/geth/chaindata/ancient/state_verkle readonly=false
INFO [06-01|09:07:48.485] State snapshot generator is not compatible
INFO [06-01|09:07:48.485] Initialized path database                triecache=0.00B statecache=0.00B buffer=0.00B state-history="last 90000 blocks" journal-dir=/mnt/state_expiry_vol_data/ubt-vs-pbt-dbs/ubt/geth/triedb verkle=true
INFO [06-01|09:07:48.485] 
INFO [06-01|09:07:48.485] ---------------------------------------------------------------------------------------------------------------------------------------------------------
INFO [06-01|09:07:48.485] Chain ID:  1337 (unknown)
INFO [06-01|09:07:48.485] Consensus: unknown
INFO [06-01|09:07:48.485] 
INFO [06-01|09:07:48.485] Pre-Merge hard forks (block based):
INFO [06-01|09:07:48.485]  - Homestead:                   #0       
INFO [06-01|09:07:48.485]  - Tangerine Whistle (EIP 150): #0       
INFO [06-01|09:07:48.485]  - Spurious Dragon/1 (EIP 155): #0       
INFO [06-01|09:07:48.485]  - Spurious Dragon/2 (EIP 158): #0       
INFO [06-01|09:07:48.485]  - Byzantium:                   #0       
INFO [06-01|09:07:48.485]  - Constantinople:              #0       
INFO [06-01|09:07:48.485]  - Petersburg:                  #0       
INFO [06-01|09:07:48.485]  - Istanbul:                    #0       
INFO [06-01|09:07:48.485]  - Berlin:                      #0       
INFO [06-01|09:07:48.485]  - London:                      #0       
INFO [06-01|09:07:48.485]  - Arrow Glacier:               #0       
INFO [06-01|09:07:48.485]  - Gray Glacier:                #0       
INFO [06-01|09:07:48.485] 
INFO [06-01|09:07:48.485] Merge configured:
INFO [06-01|09:07:48.485]  - Total terminal difficulty:  0
INFO [06-01|09:07:48.485]  - Merge netsplit block:       #0       
INFO [06-01|09:07:48.485] 
INFO [06-01|09:07:48.485] Post-Merge hard forks (timestamp based):
INFO [06-01|09:07:48.485]  - Shanghai:                    @0         
INFO [06-01|09:07:48.485]  - Cancun:                      @0          blob: (target: 3, max: 6, fraction: 3338477)
INFO [06-01|09:07:48.486]  - Prague:                      @0          blob: (target: 6, max: 9, fraction: 5007716)
INFO [06-01|09:07:48.486]  - Osaka:                       @0          blob: (target: 6, max: 9, fraction: 5007716)
INFO [06-01|09:07:48.486]  - UBT:                         @0          blob: (nil)
INFO [06-01|09:07:48.486] 
INFO [06-01|09:07:48.486] All fork specifications can be found at https://ethereum.github.io/execution-specs/src/ethereum/forks/
INFO [06-01|09:07:48.486] 
INFO [06-01|09:07:48.486] ---------------------------------------------------------------------------------------------------------------------------------------------------------
INFO [06-01|09:07:48.486] 
INFO [06-01|09:07:48.486] Loaded most recent local block           number=2530 hash=a3a9ff..bee088 age=3s
INFO [06-01|09:07:48.486] Loaded most recent local finalized block number=2528 hash=7de237..5663ac age=5s
INFO [06-01|09:07:48.487] Initialized transaction indexer          range="last 2350000 blocks"
INFO [06-01|09:07:48.487] Initialized log indexer                  firstblock=0 lastblock=2530 firstmap=0 lastmap=0 headindexed=true
INFO [06-01|09:07:48.555] Enabled full-sync                        head=2530 hash=a3a9ff..bee088
INFO [06-01|09:07:48.555] Unprotected transactions allowed
INFO [06-01|09:07:48.555] Gasprice oracle is ignoring threshold set threshold=2
INFO [06-01|09:07:48.555] Registered sync override service
WARN [06-01|09:07:48.555] You are running Geth in --dev mode. Please note the following:
WARN [06-01|09:07:48.555] 
WARN [06-01|09:07:48.555]   1. This mode is only intended for fast, iterative development without assumptions on
WARN [06-01|09:07:48.555]      security or persistence.
WARN [06-01|09:07:48.555]   2. The database is created in memory unless specified otherwise. Therefore, shutting down
WARN [06-01|09:07:48.555]      your computer or losing power will wipe your entire block data and chain state for
WARN [06-01|09:07:48.555]      your dev environment.
WARN [06-01|09:07:48.555]   3. A random, pre-allocated developer account will be available and unlocked as
WARN [06-01|09:07:48.555]      eth.coinbase, which can be used for testing. The random dev account is temporary,
WARN [06-01|09:07:48.555]      stored on a ramdisk, and will be lost if your machine is restarted.
WARN [06-01|09:07:48.555]   4. Mining is enabled by default. However, the client will only seal blocks if transactions
WARN [06-01|09:07:48.555]      are pending in the mempool. The miner's minimum accepted gas price is 1.
WARN [06-01|09:07:48.555]   5. Networking is disabled; there is no listen-address, the maximum number of peers is set
WARN [06-01|09:07:48.555]      to 0, and discovery is disabled.
WARN [06-01|09:07:48.555] 
INFO [06-01|09:07:48.555] Starting peer-to-peer node               instance=Geth/v1.17.3-unstable/linux-amd64/go1.24.9
WARN [06-01|09:07:48.555] P2P server will be useless, neither dialing nor listening
INFO [06-01|09:07:48.585] IPC endpoint opened                      url=/mnt/state_expiry_vol_data/ubt-vs-pbt-dbs/ubt/geth.ipc
ERROR[06-01|09:07:48.585] Unavailable modules in HTTP API list     unavailable=[personal] available="[admin debug web3 eth txpool miner net dev testing]"
INFO [06-01|09:07:48.586] New local node record                    seq=1,780,289,664,415 id=c084d8867e8cc127 ip=127.0.0.1 udp=0 tcp=0
INFO [06-01|09:07:48.586] Started P2P networking                   self=enode://ed0ccbffbfc0dc9f1b0f8e55d585ad3e61215b1974f32d9388e7ae53563e3ebe0172c21d754fa202c3a63f95bef3ff3ea24339ffdabd0115c47ec5b8d33136a9@127.0.0.1:0
INFO [06-01|09:07:48.586] HTTP server started                      endpoint=127.0.0.1:8545 auth=false prefix= cors= vhosts=localhost
INFO [06-01|09:07:48.586] WebSocket enabled                        url=ws://127.0.0.1:8546
INFO [06-01|09:07:48.796] Loaded local transaction journal         transactions=1997 dropped=0
INFO [06-01|09:07:49.845] Started log indexer
INFO [06-01|09:07:49.880] Starting work on payload                 id=0x03fb89e5c5fb638e
INFO [06-01|09:07:49.887] Updated payload                          id=0x03fb89e5c5fb638e number=2531 hash=93362a..f62903 txs=0 withdrawals=0 gas=0 fees=0 root=57b5f5..3db8f9 elapsed=7.023ms
INFO [06-01|09:07:49.889] Stopping work on payload                 id=0x03fb89e5c5fb638e reason=delivery
WARN [06-01|09:07:49.896] {"level":"warn","msg":"Slow block","block":{"number":2531,"hash":"0x93362a6c1c4da2f22922b7bb6d8b306b707c2289f6ebf670770a419446f62903","gas_used":0,"tx_count":0},"timing":{"execution_ms":0.058819,"state_read_ms":7.999153,"state_hash_ms":0.002208,"commit_ms":0.210029,"total_ms":8.584909},"throughput":{"mgas_per_sec":0},"state_reads":{"accounts":4,"storage_slots":0,"code":0,"code_bytes":0},"state_writes":{"accounts":0,"accounts_deleted":0,"storage_slots":0,"storage_slots_deleted":0,"code":0,"code_bytes":0},"cache":{"account":{"hits":0,"misses":4,"hit_rate":0},"storage":{"hits":0,"misses":0,"hit_rate":0},"code":{"hits":0,"misses":0,"hit_rate":0,"hit_bytes":0,"miss_bytes":0}}}
INFO [06-01|09:07:49.896] Imported new potential chain segment     number=2531 hash=93362a..f62903 blocks=1 txs=0 mgas=0.000 elapsed=8.967ms mgasps=0.000 triediffs=3.19MiB triedirty=0.00B
INFO [06-01|09:07:49.897] Chain head was updated                   number=2531 hash=93362a..f62903 root=57b5f5..3db8f9 elapsed="110.259µs"
INFO [06-01|09:07:50.905] Starting work on payload                 id=0x03a9263028c15967
INFO [06-01|09:07:50.916] Updated payload                          id=0x03a9263028c15967 number=2532 hash=c19c7b..28bd8b txs=0 withdrawals=0 gas=0 fees=0 root=57b5f5..3db8f9 elapsed=10.227ms
INFO [06-01|09:07:50.916] Stopping work on payload                 id=0x03a9263028c15967 reason=delivery
WARN [06-01|09:07:50.919] {"level":"warn","msg":"Slow block","block":{"number":2532,"hash":"0xc19c7b6446ea34a9160ff000e0b1e0dd596cd55c7d26d43291a35cf68c28bd8b","gas_used":0,"tx_count":0},"timing":{"execution_ms":0.026871,"state_read_ms":3.02455,"state_hash_ms":0.001396,"commit_ms":0.14459,"total_ms":3.36672},"throughput":{"mgas_per_sec":0},"state_reads":{"accounts":4,"storage_slots":0,"code":0,"code_bytes":0},"state_writes":{"accounts":0,"accounts_deleted":0,"storage_slots":0,"storage_slots_deleted":0,"code":0,"code_bytes":0},"cache":{"account":{"hits":0,"misses":4,"hit_rate":0},"storage":{"hits":0,"misses":0,"hit_rate":0},"code":{"hits":0,"misses":0,"hit_rate":0,"hit_bytes":0,"miss_bytes":0}}}
INFO [06-01|09:07:50.919] Imported new potential chain segment     number=2532 hash=c19c7b..28bd8b blocks=1 txs=0 mgas=0.000 elapsed=3.540ms     mgasps=0.000 triediffs=3.19MiB triedirty=0.00B
INFO [06-01|09:07:50.920] Chain head was updated                   number=2532 hash=c19c7b..28bd8b root=57b5f5..3db8f9 elapsed="30.638µs"
INFO [06-01|09:07:51.929] Starting work on payload                 id=0x032c7da21c579aaa
INFO [06-01|09:07:51.954] Updated payload                          id=0x032c7da21c579aaa number=2533 hash=c8a93d..095de7 txs=0 withdrawals=0 gas=0 fees=0 root=57b5f5..3db8f9 elapsed=24.909ms
INFO [06-01|09:07:51.954] Stopping work on payload                 id=0x032c7da21c579aaa reason=delivery
WARN [06-01|09:07:51.959] {"level":"warn","msg":"Slow block","block":{"number":2533,"hash":"0xc8a93db6c9515eb22b2919beac5f1ba040d6640603fb4791fccdee222d095de7","gas_used":0,"tx_count":0},"timing":{"execution_ms":0.035474,"state_read_ms":4.195109,"state_hash_ms":0.002123,"commit_ms":0.229918,"total_ms":4.872488},"throughput":{"mgas_per_sec":0},"state_reads":{"accounts":4,"storage_slots":0,"code":0,"code_bytes":0},"state_writes":{"accounts":0,"accounts_deleted":0,"storage_slots":0,"storage_slots_deleted":0,"code":0,"code_bytes":0},"cache":{"account":{"hits":0,"misses":4,"hit_rate":0},"storage":{"hits":0,"misses":0,"hit_rate":0},"code":{"hits":0,"misses":0,"hit_rate":0,"hit_bytes":0,"miss_bytes":0}}}
INFO [06-01|09:07:51.959] Imported new potential chain segment     number=2533 hash=c8a93d..095de7 blocks=1 txs=0 mgas=0.000 elapsed=5.060ms     mgasps=0.000 triediffs=3.19MiB triedirty=0.00B
INFO [06-01|09:07:51.959] Chain head was updated                   number=2533 hash=c8a93d..095de7 root=57b5f5..3db8f9 elapsed="40.935µs"
INFO [06-01|09:07:52.093] Submitted contract creation              hash=0x1a05e25f1c03c5581f59b06ba6af1c1508d6160ccca3cf11c8c23fccee670b2c from=0xf39Fd6e51aad88F6F4ce6aB8827279cffFb92266 nonce=743 contract=0x0dEC227f56AC4D342F041D486aa60742D4BdC483 value=0
INFO [06-01|09:07:52.093] Submitted transaction                    hash=0xc6c86e60b55d1b6cf5e8d1815a715911e5dfc27b07a1b84b547c435c675e8705 from=0xf39Fd6e51aad88F6F4ce6aB8827279cffFb92266 nonce=744 recipient=0xA128eC8A48F6f2aBe17D645779C33737059aB26f value=78,000,000
INFO [06-01|09:07:52.965] Starting work on payload                 id=0x03f3660f05319ed8
INFO [06-01|09:07:52.998] Updated payload                          id=0x03f3660f05319ed8 number=2534 hash=e10e50..89f0a3 txs=2 withdrawals=0 gas=86938 fees=5.21628e-13 root=08cc6b..708b75 elapsed=33.102ms
INFO [06-01|09:07:52.998] Stopping work on payload                 id=0x03f3660f05319ed8 reason=delivery
INFO [06-01|09:07:53.043] Paused snapshot generation
WARN [06-01|09:07:53.043] {"level":"warn","msg":"Slow block","block":{"number":2534,"hash":"0xe10e5053b3319f62904ad02cbfcd9b0c97f5988633667545a2a7158d0b89f0a3","gas_used":86938,"tx_count":2},"timing":{"execution_ms":0.103056,"state_read_ms":17.463176,"state_hash_ms":22.121568,"commit_ms":5.166205,"total_ms":45.053192},"throughput":{"mgas_per_sec":1.9296745944216338},"state_reads":{"accounts":11,"storage_slots":0,"code":0,"code_bytes":0},"state_writes":{"accounts":3,"accounts_deleted":0,"storage_slots":0,"storage_slots_deleted":0,"code":1,"code_bytes":165},"cache":{"account":{"hits":6,"misses":5,"hit_rate":54.54545454545454},"storage":{"hits":0,"misses":0,"hit_rate":0},"code":{"hits":0,"misses":0,"hit_rate":0,"hit_bytes":0,"miss_bytes":0}}}
INFO [06-01|09:07:53.043] Imported new potential chain segment     number=2534 hash=e10e50..89f0a3 blocks=1 txs=2 mgas=0.087 elapsed=45.231ms    mgasps=1.922 triediffs=3.15MiB triedirty=0.00B
INFO [06-01|09:07:53.044] Chain head was updated                   number=2534 hash=e10e50..89f0a3 root=08cc6b..708b75 elapsed="217.646µs"
WARN [06-01|09:07:53.063] Snapshot generation is not permitted
INFO [06-01|09:07:53.107] Submitted transaction                    hash=0xdce5a2f8867ed4e3e7755565f138f4498496d2b72711b43eaf22f51d55d9ba4d from=0xA128eC8A48F6f2aBe17D645779C33737059aB26f nonce=0   recipient=0x0dEC227f56AC4D342F041D486aa60742D4BdC483 value=0
INFO [06-01|09:07:54.048] Starting work on payload                 id=0x03af30f68dce6682
INFO [06-01|09:07:54.121] Updated payload                          id=0x03af30f68dce6682 number=2535 hash=7c8896..5ce791 txs=1 withdrawals=0 gas=5,916,898 fees=3.5501388e-11 root=6e80cd..546ae9 elapsed=72.830ms
INFO [06-01|09:07:54.121] Stopping work on payload                 id=0x03af30f68dce6682 reason=delivery
INFO [06-01|09:07:54.149] Paused snapshot generation
WARN [06-01|09:07:54.150] {"level":"warn","msg":"Slow block","block":{"number":2535,"hash":"0x7c88961dac243132281675c5e5cf3bbb4893cc366f5b50e9efc82412ff5ce791","gas_used":5916898,"tx_count":1},"timing":{"execution_ms":12.245333,"state_read_ms":11.838048,"state_hash_ms":3.189536,"commit_ms":1.348335,"total_ms":28.939653},"throughput":{"mgas_per_sec":204.45642523771795},"state_reads":{"accounts":107,"storage_slots":1058,"code":101,"code_bytes":2965},"state_writes":{"accounts":3,"accounts_deleted":0,"storage_slots":134,"storage_slots_deleted":0,"code":0,"code_bytes":0},"cache":{"account":{"hits":20,"misses":87,"hit_rate":18.69158878504673},"storage":{"hits":297,"misses":761,"hit_rate":28.071833648393195},"code":{"hits":101,"misses":0,"hit_rate":100,"hit_bytes":2965,"miss_bytes":0}}}
INFO [06-01|09:07:54.150] Imported new potential chain segment     number=2535 hash=7c8896..5ce791 blocks=1 txs=1 mgas=5.917 elapsed=29.125ms    mgasps=203.149 triediffs=3.19MiB triedirty=0.00B
INFO [06-01|09:07:54.150] Chain head was updated                   number=2535 hash=7c8896..5ce791 root=6e80cd..546ae9 elapsed="116.467µs"
WARN [06-01|09:07:54.172] Snapshot generation is not permitted
INFO [06-01|09:07:55.126] Submitted transaction                    hash=0xf5c8e0032812b8b3dd19b724c32d83d44d340f55f729c22adcd9e18b70720acf from=0xA128eC8A48F6f2aBe17D645779C33737059aB26f nonce=1   recipient=0xf39Fd6e51aad88F6F4ce6aB8827279cffFb92266 value=828,326
INFO [06-01|09:07:55.159] Starting work on payload                 id=0x03e5b8650ce0acdf
INFO [06-01|09:07:55.168] Updated payload                          id=0x03e5b8650ce0acdf number=2536 hash=fcef87..50057e txs=1 withdrawals=0 gas=21000     fees=2.1e-14       root=76bc1c..b422b8 elapsed=9.276ms
INFO [06-01|09:07:55.168] Stopping work on payload                 id=0x03e5b8650ce0acdf reason=delivery
INFO [06-01|09:07:55.184] Paused snapshot generation
WARN [06-01|09:07:55.185] {"level":"warn","msg":"Slow block","block":{"number":2536,"hash":"0xfcef872ffbbd5eb749b856e6c13b4d81dada84f328849d7b5607f4815c50057e","gas_used":21000,"tx_count":1},"timing":{"execution_ms":0.075312,"state_read_ms":13.045365,"state_hash_ms":2.416984,"commit_ms":0.592748,"total_ms":16.29534},"throughput":{"mgas_per_sec":1.2887119875989086},"state_reads":{"accounts":6,"storage_slots":0,"code":0,"code_bytes":0},"state_writes":{"accounts":2,"accounts_deleted":0,"storage_slots":0,"storage_slots_deleted":0,"code":0,"code_bytes":0},"cache":{"account":{"hits":2,"misses":4,"hit_rate":33.33333333333333},"storage":{"hits":0,"misses":0,"hit_rate":0},"code":{"hits":0,"misses":0,"hit_rate":0,"hit_bytes":0,"miss_bytes":0}}}
INFO [06-01|09:07:55.185] Imported new potential chain segment     number=2536 hash=fcef87..50057e blocks=1 txs=1 mgas=0.021 elapsed=16.444ms    mgasps=1.277   triediffs=3.18MiB triedirty=0.00B
INFO [06-01|09:07:55.187] Chain head was updated                   number=2536 hash=fcef87..50057e root=76bc1c..b422b8 elapsed="64.346µs"
WARN [06-01|09:07:55.212] Snapshot generation is not permitted
INFO [06-01|09:07:56.192] Starting work on payload                 id=0x03df335a2b59e364
INFO [06-01|09:07:56.219] Updated payload                          id=0x03df335a2b59e364 number=2537 hash=e7b3cf..8174a1 txs=0 withdrawals=0 gas=0         fees=0             root=76bc1c..b422b8 elapsed=26.382ms
INFO [06-01|09:07:56.219] Stopping work on payload                 id=0x03df335a2b59e364 reason=delivery
WARN [06-01|09:07:56.223] {"level":"warn","msg":"Slow block","block":{"number":2537,"hash":"0xe7b3cf437d0c2cce29f94439d01eb01531a6de4007ac636a2f16c9c7948174a1","gas_used":0,"tx_count":0},"timing":{"execution_ms":0.038338,"state_read_ms":3.353437,"state_hash_ms":0.001975,"commit_ms":0.157148,"total_ms":3.791269},"throughput":{"mgas_per_sec":0},"state_reads":{"accounts":4,"storage_slots":0,"code":0,"code_bytes":0},"state_writes":{"accounts":0,"accounts_deleted":0,"storage_slots":0,"storage_slots_deleted":0,"code":0,"code_bytes":0},"cache":{"account":{"hits":0,"misses":4,"hit_rate":0},"storage":{"hits":0,"misses":0,"hit_rate":0},"code":{"hits":0,"misses":0,"hit_rate":0,"hit_bytes":0,"miss_bytes":0}}}
INFO [06-01|09:07:56.223] Imported new potential chain segment     number=2537 hash=e7b3cf..8174a1 blocks=1 txs=0 mgas=0.000 elapsed=3.955ms     mgasps=0.000   triediffs=3.18MiB triedirty=0.00B
INFO [06-01|09:07:56.223] Chain head was updated                   number=2537 hash=e7b3cf..8174a1 root=76bc1c..b422b8 elapsed="55.699µs"
