WARN [06-01|09:12:31.834] Unknown config environment variable      envvar=GETH_PBT_BIN
WARN [06-01|09:12:31.835] Unknown config environment variable      envvar=GETH_UBT_BIN
INFO [06-01|09:12:31.846] Starting Geth on Ethereum mainnet...
INFO [06-01|09:12:31.848] Maximum peer count                       ETH=0 total=0
INFO [06-01|09:12:31.849] Smartcard socket not found, disabling    err="stat /run/pcscd/pcscd.comm: no such file or directory"
WARN [06-01|09:12:31.852] Option --miner.etherbase is deprecated as the etherbase is set by the consensus client post-merge
WARN [06-01|09:12:31.854] Snap sync requested, resetting --cache.snapshot
INFO [06-01|09:12:31.854] Set global gas cap                       cap=50,000,000
INFO [06-01|09:12:32.665] Using developer account                  address=0xf39Fd6e51aad88F6F4ce6aB8827279cffFb92266
INFO [06-01|09:12:32.708] Using pebble as the backing database
INFO [06-01|09:12:32.708] Allocated cache and file handles         database=/mnt/state_expiry_vol_data/ubt-vs-pbt-dbs/ubt/geth/chaindata cache=16.00MiB handles=262,144
INFO [06-01|09:12:32.932] Opened ancient database                  database=/mnt/state_expiry_vol_data/ubt-vs-pbt-dbs/ubt/geth/chaindata/ancient/chain readonly=true
INFO [06-01|09:12:32.932] Opened Era store                         datadir=/mnt/state_expiry_vol_data/ubt-vs-pbt-dbs/ubt/geth/chaindata/ancient/chain/era
INFO [06-01|09:12:32.940] Initializing the KZG library             backend=gokzg
INFO [06-01|09:12:32.941] Allocated trie memory caches             clean=0.00B dirty=0.00B
INFO [06-01|09:12:32.953] Using pebble as the backing database
INFO [06-01|09:12:32.953] Allocated cache and file handles         database=/mnt/state_expiry_vol_data/ubt-vs-pbt-dbs/ubt/geth/chaindata cache=16.00MiB handles=262,144
INFO [06-01|09:12:33.148] Opened ancient database                  database=/mnt/state_expiry_vol_data/ubt-vs-pbt-dbs/ubt/geth/chaindata/ancient/chain readonly=false
INFO [06-01|09:12:33.148] Opened Era store                         datadir=/mnt/state_expiry_vol_data/ubt-vs-pbt-dbs/ubt/geth/chaindata/ancient/chain/era
INFO [06-01|09:12:33.157] State scheme set to already existing     scheme=path
INFO [06-01|09:12:33.157] Initialising Ethereum protocol           network=1337 dbversion=9
INFO [06-01|09:12:33.158] Load database journal from file          path=/mnt/state_expiry_vol_data/ubt-vs-pbt-dbs/ubt/geth/triedb/verkle.journal
INFO [06-01|09:12:33.238] Opened ancient database                  database=/mnt/state_expiry_vol_data/ubt-vs-pbt-dbs/ubt/geth/chaindata/ancient/state_verkle readonly=false
INFO [06-01|09:12:33.241] State snapshot generator is not compatible
INFO [06-01|09:12:33.241] Initialized path database                triecache=0.00B statecache=0.00B buffer=0.00B state-history="last 90000 blocks" journal-dir=/mnt/state_expiry_vol_data/ubt-vs-pbt-dbs/ubt/geth/triedb verkle=true
INFO [06-01|09:12:33.241] 
INFO [06-01|09:12:33.241] ---------------------------------------------------------------------------------------------------------------------------------------------------------
INFO [06-01|09:12:33.241] Chain ID:  1337 (unknown)
INFO [06-01|09:12:33.241] Consensus: unknown
INFO [06-01|09:12:33.241] 
INFO [06-01|09:12:33.241] Pre-Merge hard forks (block based):
INFO [06-01|09:12:33.241]  - Homestead:                   #0       
INFO [06-01|09:12:33.241]  - Tangerine Whistle (EIP 150): #0       
INFO [06-01|09:12:33.241]  - Spurious Dragon/1 (EIP 155): #0       
INFO [06-01|09:12:33.241]  - Spurious Dragon/2 (EIP 158): #0       
INFO [06-01|09:12:33.241]  - Byzantium:                   #0       
INFO [06-01|09:12:33.241]  - Constantinople:              #0       
INFO [06-01|09:12:33.241]  - Petersburg:                  #0       
INFO [06-01|09:12:33.241]  - Istanbul:                    #0       
INFO [06-01|09:12:33.241]  - Berlin:                      #0       
INFO [06-01|09:12:33.241]  - London:                      #0       
INFO [06-01|09:12:33.241]  - Arrow Glacier:               #0       
INFO [06-01|09:12:33.241]  - Gray Glacier:                #0       
INFO [06-01|09:12:33.241] 
INFO [06-01|09:12:33.241] Merge configured:
INFO [06-01|09:12:33.241]  - Total terminal difficulty:  0
INFO [06-01|09:12:33.241]  - Merge netsplit block:       #0       
INFO [06-01|09:12:33.241] 
INFO [06-01|09:12:33.241] Post-Merge hard forks (timestamp based):
INFO [06-01|09:12:33.241]  - Shanghai:                    @0         
INFO [06-01|09:12:33.241]  - Cancun:                      @0          blob: (target: 3, max: 6, fraction: 3338477)
INFO [06-01|09:12:33.241]  - Prague:                      @0          blob: (target: 6, max: 9, fraction: 5007716)
INFO [06-01|09:12:33.241]  - Osaka:                       @0          blob: (target: 6, max: 9, fraction: 5007716)
INFO [06-01|09:12:33.241]  - UBT:                         @0          blob: (nil)
INFO [06-01|09:12:33.241] 
INFO [06-01|09:12:33.241] All fork specifications can be found at https://ethereum.github.io/execution-specs/src/ethereum/forks/
INFO [06-01|09:12:33.241] 
INFO [06-01|09:12:33.241] ---------------------------------------------------------------------------------------------------------------------------------------------------------
INFO [06-01|09:12:33.241] 
INFO [06-01|09:12:33.243] Loaded most recent local block           number=2713 hash=ad483a..31cdbe age=3s
INFO [06-01|09:12:33.243] Loaded most recent local finalized block number=2688 hash=44deb8..4014d0 age=40s
INFO [06-01|09:12:33.244] Initialized transaction indexer          range="last 2350000 blocks"
INFO [06-01|09:12:33.244] Initialized log indexer                  firstblock=0 lastblock=2713 firstmap=0 lastmap=0 headindexed=true
INFO [06-01|09:12:33.293] Enabled full-sync                        head=2713 hash=ad483a..31cdbe
INFO [06-01|09:12:33.293] Unprotected transactions allowed
INFO [06-01|09:12:33.293] Gasprice oracle is ignoring threshold set threshold=2
INFO [06-01|09:12:33.293] Registered sync override service
WARN [06-01|09:12:33.293] You are running Geth in --dev mode. Please note the following:
WARN [06-01|09:12:33.293] 
WARN [06-01|09:12:33.293]   1. This mode is only intended for fast, iterative development without assumptions on
WARN [06-01|09:12:33.293]      security or persistence.
WARN [06-01|09:12:33.293]   2. The database is created in memory unless specified otherwise. Therefore, shutting down
WARN [06-01|09:12:33.293]      your computer or losing power will wipe your entire block data and chain state for
WARN [06-01|09:12:33.293]      your dev environment.
WARN [06-01|09:12:33.293]   3. A random, pre-allocated developer account will be available and unlocked as
WARN [06-01|09:12:33.293]      eth.coinbase, which can be used for testing. The random dev account is temporary,
WARN [06-01|09:12:33.293]      stored on a ramdisk, and will be lost if your machine is restarted.
WARN [06-01|09:12:33.293]   4. Mining is enabled by default. However, the client will only seal blocks if transactions
WARN [06-01|09:12:33.293]      are pending in the mempool. The miner's minimum accepted gas price is 1.
WARN [06-01|09:12:33.293]   5. Networking is disabled; there is no listen-address, the maximum number of peers is set
WARN [06-01|09:12:33.293]      to 0, and discovery is disabled.
WARN [06-01|09:12:33.293] 
INFO [06-01|09:12:33.293] Starting peer-to-peer node               instance=Geth/v1.17.3-unstable/linux-amd64/go1.24.9
WARN [06-01|09:12:33.293] P2P server will be useless, neither dialing nor listening
INFO [06-01|09:12:33.324] New local node record                    seq=1,780,289,664,442 id=c084d8867e8cc127 ip=127.0.0.1 udp=0 tcp=0
INFO [06-01|09:12:33.324] Started P2P networking                   self=enode://ed0ccbffbfc0dc9f1b0f8e55d585ad3e61215b1974f32d9388e7ae53563e3ebe0172c21d754fa202c3a63f95bef3ff3ea24339ffdabd0115c47ec5b8d33136a9@127.0.0.1:0
INFO [06-01|09:12:33.324] IPC endpoint opened                      url=/mnt/state_expiry_vol_data/ubt-vs-pbt-dbs/ubt/geth.ipc
ERROR[06-01|09:12:33.325] Unavailable modules in HTTP API list     unavailable=[personal] available="[admin debug web3 eth txpool miner net dev testing]"
INFO [06-01|09:12:33.326] HTTP server started                      endpoint=127.0.0.1:8545 auth=false prefix= cors= vhosts=localhost
INFO [06-01|09:12:33.326] WebSocket enabled                        url=ws://127.0.0.1:8546
INFO [06-01|09:12:33.531] Loaded local transaction journal         transactions=2105 dropped=0
INFO [06-01|09:12:34.575] Started log indexer
INFO [06-01|09:12:34.610] Starting work on payload                 id=0x03f605736a838c82
INFO [06-01|09:12:34.615] Updated payload                          id=0x03f605736a838c82 number=2714 hash=475828..052cc8 txs=0 withdrawals=0 gas=0 fees=0 root=be11b3..97fcc8 elapsed=4.913ms
INFO [06-01|09:12:34.616] Stopping work on payload                 id=0x03f605736a838c82 reason=delivery
WARN [06-01|09:12:34.622] {"level":"warn","msg":"Slow block","block":{"number":2714,"hash":"0x47582877eaea5cf68997d8f7e3f46f2a32672a43a86f60bd3f70e4e95d052cc8","gas_used":0,"tx_count":0},"timing":{"execution_ms":0.066185,"state_read_ms":4.997384,"state_hash_ms":0.002193,"commit_ms":0.329928,"total_ms":5.910644},"throughput":{"mgas_per_sec":0},"state_reads":{"accounts":4,"storage_slots":0,"code":0,"code_bytes":0},"state_writes":{"accounts":0,"accounts_deleted":0,"storage_slots":0,"storage_slots_deleted":0,"code":0,"code_bytes":0},"cache":{"account":{"hits":0,"misses":4,"hit_rate":0},"storage":{"hits":0,"misses":0,"hit_rate":0},"code":{"hits":0,"misses":0,"hit_rate":0,"hit_bytes":0,"miss_bytes":0}}}
INFO [06-01|09:12:34.622] Imported new potential chain segment     number=2714 hash=475828..052cc8 blocks=1 txs=0 mgas=0.000 elapsed=6.332ms mgasps=0.000 triediffs=2.76MiB triedirty=0.00B
INFO [06-01|09:12:34.623] Chain head was updated                   number=2714 hash=475828..052cc8 root=be11b3..97fcc8 elapsed="63.065µs"
INFO [06-01|09:12:35.628] Starting work on payload                 id=0x0375c2e565cd25ec
INFO [06-01|09:12:35.639] Updated payload                          id=0x0375c2e565cd25ec number=2715 hash=79a815..5064bd txs=0 withdrawals=0 gas=0 fees=0 root=be11b3..97fcc8 elapsed=11.155ms
INFO [06-01|09:12:35.641] Stopping work on payload                 id=0x0375c2e565cd25ec reason=delivery
WARN [06-01|09:12:35.642] {"level":"warn","msg":"Slow block","block":{"number":2715,"hash":"0x79a815a84d2e24517a1574dea609f0277ae43d694888c4518f1a54417b5064bd","gas_used":0,"tx_count":0},"timing":{"execution_ms":0.022069,"state_read_ms":2.574588,"state_hash_ms":0.001358,"commit_ms":0.084542,"total_ms":2.796895},"throughput":{"mgas_per_sec":0},"state_reads":{"accounts":4,"storage_slots":0,"code":0,"code_bytes":0},"state_writes":{"accounts":0,"accounts_deleted":0,"storage_slots":0,"storage_slots_deleted":0,"code":0,"code_bytes":0},"cache":{"account":{"hits":0,"misses":4,"hit_rate":0},"storage":{"hits":0,"misses":0,"hit_rate":0},"code":{"hits":0,"misses":0,"hit_rate":0,"hit_bytes":0,"miss_bytes":0}}}
INFO [06-01|09:12:35.642] Imported new potential chain segment     number=2715 hash=79a815..5064bd blocks=1 txs=0 mgas=0.000 elapsed=2.936ms    mgasps=0.000 triediffs=2.76MiB triedirty=0.00B
INFO [06-01|09:12:35.643] Chain head was updated                   number=2715 hash=79a815..5064bd root=be11b3..97fcc8 elapsed="27.223µs"
INFO [06-01|09:12:36.665] Starting work on payload                 id=0x03ff87a6e8a71bc1
INFO [06-01|09:12:36.683] Updated payload                          id=0x03ff87a6e8a71bc1 number=2716 hash=ab43c5..0834fb txs=0 withdrawals=0 gas=0 fees=0 root=be11b3..97fcc8 elapsed=18.441ms
INFO [06-01|09:12:36.684] Stopping work on payload                 id=0x03ff87a6e8a71bc1 reason=delivery
WARN [06-01|09:12:36.701] {"level":"warn","msg":"Slow block","block":{"number":2716,"hash":"0xab43c5bfd569905e8e2add48e1c7d34dfc8b157d767adb2b14d0bbdc880834fb","gas_used":0,"tx_count":0},"timing":{"execution_ms":0.032504,"state_read_ms":16.27576,"state_hash_ms":0.00337,"commit_ms":0.383099,"total_ms":17.06097},"throughput":{"mgas_per_sec":0},"state_reads":{"accounts":4,"storage_slots":0,"code":0,"code_bytes":0},"state_writes":{"accounts":0,"accounts_deleted":0,"storage_slots":0,"storage_slots_deleted":0,"code":0,"code_bytes":0},"cache":{"account":{"hits":0,"misses":4,"hit_rate":0},"storage":{"hits":0,"misses":0,"hit_rate":0},"code":{"hits":0,"misses":0,"hit_rate":0,"hit_bytes":0,"miss_bytes":0}}}
INFO [06-01|09:12:36.701] Imported new potential chain segment     number=2716 hash=ab43c5..0834fb blocks=1 txs=0 mgas=0.000 elapsed=17.265ms   mgasps=0.000 triediffs=2.76MiB triedirty=0.00B
INFO [06-01|09:12:36.701] Chain head was updated                   number=2716 hash=ab43c5..0834fb root=be11b3..97fcc8 elapsed="60.928µs"
INFO [06-01|09:12:36.821] Submitted contract creation              hash=0x12f3ac554ab567d0faaf75825c9a20e2acb31a424884009e64a27ce6d80f09ae from=0xf39Fd6e51aad88F6F4ce6aB8827279cffFb92266 nonce=797 contract=0x810090f35DFA6B18b5EB59d298e2A2443a2811E2 value=0
INFO [06-01|09:12:36.821] Submitted transaction                    hash=0xd980ab7a68f426d2c526d4d7552d45be100787fca6c57098b8ce2cba31abe0d7 from=0xf39Fd6e51aad88F6F4ce6aB8827279cffFb92266 nonce=798 recipient=0x4f1D4018a0cF0ed1e88852dd150b6CCD28d47a0c value=78,000,000
INFO [06-01|09:12:37.706] Starting work on payload                 id=0x03a26bd2faf80d93
INFO [06-01|09:12:37.744] Updated payload                          id=0x03a26bd2faf80d93 number=2717 hash=09b16f..503bbf txs=2 withdrawals=0 gas=86926 fees=5.21556e-13 root=f52d8b..ac9650 elapsed=38.136ms
INFO [06-01|09:12:37.744] Stopping work on payload                 id=0x03a26bd2faf80d93 reason=delivery
INFO [06-01|09:12:37.772] Paused snapshot generation
WARN [06-01|09:12:37.773] {"level":"warn","msg":"Slow block","block":{"number":2717,"hash":"0x09b16ff9e2b0659da10fb137a4a36423bf5af9df44d9f9826cb2609285503bbf","gas_used":86926,"tx_count":2},"timing":{"execution_ms":0.187472,"state_read_ms":9.603022,"state_hash_ms":13.98679,"commit_ms":4.129035,"total_ms":28.058977},"throughput":{"mgas_per_sec":3.0979746695683166},"state_reads":{"accounts":11,"storage_slots":0,"code":0,"code_bytes":0},"state_writes":{"accounts":3,"accounts_deleted":0,"storage_slots":0,"storage_slots_deleted":0,"code":1,"code_bytes":165},"cache":{"account":{"hits":5,"misses":6,"hit_rate":45.45454545454545},"storage":{"hits":0,"misses":0,"hit_rate":0},"code":{"hits":0,"misses":0,"hit_rate":0,"hit_bytes":0,"miss_bytes":0}}}
INFO [06-01|09:12:37.773] Imported new potential chain segment     number=2717 hash=09b16f..503bbf blocks=1 txs=2 mgas=0.087 elapsed=28.217ms   mgasps=3.081 triediffs=2.72MiB triedirty=0.00B
INFO [06-01|09:12:37.773] Chain head was updated                   number=2717 hash=09b16f..503bbf root=f52d8b..ac9650 elapsed="223.072µs"
WARN [06-01|09:12:37.792] Snapshot generation is not permitted
INFO [06-01|09:12:37.833] Submitted transaction                    hash=0xb5db7270afb1b255ee6b2d490ca3288d9622544f72cb2b0273095641816d6e11 from=0x4f1D4018a0cF0ed1e88852dd150b6CCD28d47a0c nonce=0   recipient=0x810090f35DFA6B18b5EB59d298e2A2443a2811E2 value=0
INFO [06-01|09:12:38.778] Starting work on payload                 id=0x03f3ec20e589eb15
INFO [06-01|09:12:38.880] Updated payload                          id=0x03f3ec20e589eb15 number=2718 hash=799002..886cd4 txs=1 withdrawals=0 gas=5,905,490 fees=3.543294e-11 root=8fc23a..4a8be0 elapsed=102.304ms
INFO [06-01|09:12:38.880] Stopping work on payload                 id=0x03f3ec20e589eb15 reason=delivery
INFO [06-01|09:12:38.931] Paused snapshot generation
WARN [06-01|09:12:38.931] {"level":"warn","msg":"Slow block","block":{"number":2718,"hash":"0x7990021feaccc0204599cff760404c23ec91493fcdfecf07ba5f24b788886cd4","gas_used":5905490,"tx_count":1},"timing":{"execution_ms":21.282611,"state_read_ms":21.168801,"state_hash_ms":6.367376,"commit_ms":1.198694,"total_ms":50.245316},"throughput":{"mgas_per_sec":117.5331447810976},"state_reads":{"accounts":263,"storage_slots":1142,"code":257,"code_bytes":7333},"state_writes":{"accounts":3,"accounts_deleted":0,"storage_slots":84,"storage_slots_deleted":0,"code":0,"code_bytes":0},"cache":{"account":{"hits":65,"misses":198,"hit_rate":24.714828897338403},"storage":{"hits":217,"misses":925,"hit_rate":19.001751313485112},"code":{"hits":257,"misses":0,"hit_rate":100,"hit_bytes":7333,"miss_bytes":0}}}
INFO [06-01|09:12:38.931] Imported new potential chain segment     number=2718 hash=799002..886cd4 blocks=1 txs=1 mgas=5.905 elapsed=50.939ms    mgasps=115.932 triediffs=2.74MiB triedirty=0.00B
INFO [06-01|09:12:38.932] Chain head was updated                   number=2718 hash=799002..886cd4 root=8fc23a..4a8be0 elapsed="106.99µs"
WARN [06-01|09:12:38.952] Snapshot generation is not permitted
INFO [06-01|09:12:39.852] Submitted transaction                    hash=0x877c107536b8277f20daee31af115db5c1de24e39dd83d6a41d1a2e9b97d55cb from=0x4f1D4018a0cF0ed1e88852dd150b6CCD28d47a0c nonce=1   recipient=0xf39Fd6e51aad88F6F4ce6aB8827279cffFb92266 value=976,630
INFO [06-01|09:12:39.936] Starting work on payload                 id=0x0353d334de9c49c0
INFO [06-01|09:12:39.964] Updated payload                          id=0x0353d334de9c49c0 number=2719 hash=9d8ee9..1cd7ac txs=1 withdrawals=0 gas=21000     fees=2.1e-14      root=33e2cf..81f3c1 elapsed=27.805ms
INFO [06-01|09:12:39.964] Stopping work on payload                 id=0x0353d334de9c49c0 reason=delivery
INFO [06-01|09:12:39.978] Paused snapshot generation
WARN [06-01|09:12:39.978] {"level":"warn","msg":"Slow block","block":{"number":2719,"hash":"0x9d8ee9e5f7540589ac48952648c0996cea23d008ad2d68e8f8439784e71cd7ac","gas_used":21000,"tx_count":1},"timing":{"execution_ms":0.068397,"state_read_ms":3.26809,"state_hash_ms":9.111879,"commit_ms":0.947323,"total_ms":13.625207},"throughput":{"mgas_per_sec":1.5412609878147172},"state_reads":{"accounts":6,"storage_slots":0,"code":0,"code_bytes":0},"state_writes":{"accounts":2,"accounts_deleted":0,"storage_slots":0,"storage_slots_deleted":0,"code":0,"code_bytes":0},"cache":{"account":{"hits":2,"misses":4,"hit_rate":33.33333333333333},"storage":{"hits":0,"misses":0,"hit_rate":0},"code":{"hits":0,"misses":0,"hit_rate":0,"hit_bytes":0,"miss_bytes":0}}}
INFO [06-01|09:12:39.978] Imported new potential chain segment     number=2719 hash=9d8ee9..1cd7ac blocks=1 txs=1 mgas=0.021 elapsed=13.801ms    mgasps=1.522   triediffs=2.74MiB triedirty=0.00B
INFO [06-01|09:12:39.979] Chain head was updated                   number=2719 hash=9d8ee9..1cd7ac root=33e2cf..81f3c1 elapsed="82.542µs"
WARN [06-01|09:12:40.016] Snapshot generation is not permitted
INFO [06-01|09:12:40.983] Starting work on payload                 id=0x033ebd6c42ce21bf
INFO [06-01|09:12:40.987] Updated payload                          id=0x033ebd6c42ce21bf number=2720 hash=0b345a..0330b1 txs=0 withdrawals=0 gas=0         fees=0            root=33e2cf..81f3c1 elapsed=3.631ms
INFO [06-01|09:12:40.987] Stopping work on payload                 id=0x033ebd6c42ce21bf reason=delivery
WARN [06-01|09:12:40.991] {"level":"warn","msg":"Slow block","block":{"number":2720,"hash":"0x0b345a72a7e10013feadb515271c63e6ff83e7552a34e8ae90b88534ed0330b1","gas_used":0,"tx_count":0},"timing":{"execution_ms":0.023518,"state_read_ms":3.336012,"state_hash_ms":0.0017,"commit_ms":0.14906,"total_ms":3.667183},"throughput":{"mgas_per_sec":0},"state_reads":{"accounts":4,"storage_slots":0,"code":0,"code_bytes":0},"state_writes":{"accounts":0,"accounts_deleted":0,"storage_slots":0,"storage_slots_deleted":0,"code":0,"code_bytes":0},"cache":{"account":{"hits":0,"misses":4,"hit_rate":0},"storage":{"hits":0,"misses":0,"hit_rate":0},"code":{"hits":0,"misses":0,"hit_rate":0,"hit_bytes":0,"miss_bytes":0}}}
INFO [06-01|09:12:40.991] Imported new potential chain segment     number=2720 hash=0b345a..0330b1 blocks=1 txs=0 mgas=0.000 elapsed=3.839ms     mgasps=0.000   triediffs=2.74MiB triedirty=0.00B
INFO [06-01|09:12:40.991] Chain head was updated                   number=2720 hash=0b345a..0330b1 root=33e2cf..81f3c1 elapsed="67.793µs"
