WARN [06-01|08:52:50.569] Unknown config environment variable      envvar=GETH_PBT_BIN
WARN [06-01|08:52:50.569] Unknown config environment variable      envvar=GETH_UBT_BIN
INFO [06-01|08:52:50.583] Starting Geth on Ethereum mainnet...
INFO [06-01|08:52:50.585] Maximum peer count                       ETH=0 total=0
INFO [06-01|08:52:50.586] Smartcard socket not found, disabling    err="stat /run/pcscd/pcscd.comm: no such file or directory"
WARN [06-01|08:52:50.588] Option --miner.etherbase is deprecated as the etherbase is set by the consensus client post-merge
WARN [06-01|08:52:50.591] Snap sync requested, resetting --cache.snapshot
INFO [06-01|08:52:50.591] Set global gas cap                       cap=50,000,000
INFO [06-01|08:52:51.452] Using developer account                  address=0xf39Fd6e51aad88F6F4ce6aB8827279cffFb92266
INFO [06-01|08:52:51.500] Using pebble as the backing database
INFO [06-01|08:52:51.500] Allocated cache and file handles         database=/mnt/state_expiry_vol_data/ubt-vs-pbt-dbs/ubt/geth/chaindata cache=16.00MiB handles=262,144
INFO [06-01|08:52:51.717] Opened ancient database                  database=/mnt/state_expiry_vol_data/ubt-vs-pbt-dbs/ubt/geth/chaindata/ancient/chain readonly=true
INFO [06-01|08:52:51.717] Opened Era store                         datadir=/mnt/state_expiry_vol_data/ubt-vs-pbt-dbs/ubt/geth/chaindata/ancient/chain/era
INFO [06-01|08:52:51.724] Initializing the KZG library             backend=gokzg
INFO [06-01|08:52:51.727] Allocated trie memory caches             clean=0.00B dirty=0.00B
INFO [06-01|08:52:51.739] Using pebble as the backing database
INFO [06-01|08:52:51.739] Allocated cache and file handles         database=/mnt/state_expiry_vol_data/ubt-vs-pbt-dbs/ubt/geth/chaindata cache=16.00MiB handles=262,144
INFO [06-01|08:52:51.926] Opened ancient database                  database=/mnt/state_expiry_vol_data/ubt-vs-pbt-dbs/ubt/geth/chaindata/ancient/chain readonly=false
INFO [06-01|08:52:51.927] Opened Era store                         datadir=/mnt/state_expiry_vol_data/ubt-vs-pbt-dbs/ubt/geth/chaindata/ancient/chain/era
INFO [06-01|08:52:51.933] State scheme set to already existing     scheme=path
INFO [06-01|08:52:51.935] Initialising Ethereum protocol           network=1337 dbversion=9
INFO [06-01|08:52:51.935] Load database journal from file          path=/mnt/state_expiry_vol_data/ubt-vs-pbt-dbs/ubt/geth/triedb/verkle.journal
INFO [06-01|08:52:52.000] Opened ancient database                  database=/mnt/state_expiry_vol_data/ubt-vs-pbt-dbs/ubt/geth/chaindata/ancient/state_verkle readonly=false
INFO [06-01|08:52:52.005] State snapshot generator is not compatible
INFO [06-01|08:52:52.005] Initialized path database                triecache=0.00B statecache=0.00B buffer=0.00B state-history="last 90000 blocks" journal-dir=/mnt/state_expiry_vol_data/ubt-vs-pbt-dbs/ubt/geth/triedb verkle=true
INFO [06-01|08:52:52.006] 
INFO [06-01|08:52:52.006] ---------------------------------------------------------------------------------------------------------------------------------------------------------
INFO [06-01|08:52:52.006] Chain ID:  1337 (unknown)
INFO [06-01|08:52:52.006] Consensus: unknown
INFO [06-01|08:52:52.006] 
INFO [06-01|08:52:52.006] Pre-Merge hard forks (block based):
INFO [06-01|08:52:52.006]  - Homestead:                   #0       
INFO [06-01|08:52:52.006]  - Tangerine Whistle (EIP 150): #0       
INFO [06-01|08:52:52.006]  - Spurious Dragon/1 (EIP 155): #0       
INFO [06-01|08:52:52.006]  - Spurious Dragon/2 (EIP 158): #0       
INFO [06-01|08:52:52.006]  - Byzantium:                   #0       
INFO [06-01|08:52:52.006]  - Constantinople:              #0       
INFO [06-01|08:52:52.006]  - Petersburg:                  #0       
INFO [06-01|08:52:52.006]  - Istanbul:                    #0       
INFO [06-01|08:52:52.006]  - Berlin:                      #0       
INFO [06-01|08:52:52.006]  - London:                      #0       
INFO [06-01|08:52:52.006]  - Arrow Glacier:               #0       
INFO [06-01|08:52:52.006]  - Gray Glacier:                #0       
INFO [06-01|08:52:52.006] 
INFO [06-01|08:52:52.006] Merge configured:
INFO [06-01|08:52:52.006]  - Total terminal difficulty:  0
INFO [06-01|08:52:52.006]  - Merge netsplit block:       #0       
INFO [06-01|08:52:52.006] 
INFO [06-01|08:52:52.006] Post-Merge hard forks (timestamp based):
INFO [06-01|08:52:52.006]  - Shanghai:                    @0         
INFO [06-01|08:52:52.006]  - Cancun:                      @0          blob: (target: 3, max: 6, fraction: 3338477)
INFO [06-01|08:52:52.006]  - Prague:                      @0          blob: (target: 6, max: 9, fraction: 5007716)
INFO [06-01|08:52:52.006]  - Osaka:                       @0          blob: (target: 6, max: 9, fraction: 5007716)
INFO [06-01|08:52:52.006]  - UBT:                         @0          blob: (nil)
INFO [06-01|08:52:52.006] 
INFO [06-01|08:52:52.006] All fork specifications can be found at https://ethereum.github.io/execution-specs/src/ethereum/forks/
INFO [06-01|08:52:52.006] 
INFO [06-01|08:52:52.006] ---------------------------------------------------------------------------------------------------------------------------------------------------------
INFO [06-01|08:52:52.006] 
INFO [06-01|08:52:52.007] Loaded most recent local block           number=1952 hash=3041a3..a54692 age=4s
INFO [06-01|08:52:52.007] Loaded most recent local finalized block number=1952 hash=3041a3..a54692 age=4s
INFO [06-01|08:52:52.008] Initialized transaction indexer          range="last 2350000 blocks"
INFO [06-01|08:52:52.008] Initialized log indexer                  firstblock=0 lastblock=1952 firstmap=0 lastmap=0 headindexed=true
INFO [06-01|08:52:52.064] Enabled full-sync                        head=1952 hash=3041a3..a54692
INFO [06-01|08:52:52.065] Unprotected transactions allowed
INFO [06-01|08:52:52.065] Gasprice oracle is ignoring threshold set threshold=2
INFO [06-01|08:52:52.065] Registered sync override service
WARN [06-01|08:52:52.065] You are running Geth in --dev mode. Please note the following:
WARN [06-01|08:52:52.065] 
WARN [06-01|08:52:52.065]   1. This mode is only intended for fast, iterative development without assumptions on
WARN [06-01|08:52:52.065]      security or persistence.
WARN [06-01|08:52:52.065]   2. The database is created in memory unless specified otherwise. Therefore, shutting down
WARN [06-01|08:52:52.065]      your computer or losing power will wipe your entire block data and chain state for
WARN [06-01|08:52:52.065]      your dev environment.
WARN [06-01|08:52:52.065]   3. A random, pre-allocated developer account will be available and unlocked as
WARN [06-01|08:52:52.065]      eth.coinbase, which can be used for testing. The random dev account is temporary,
WARN [06-01|08:52:52.065]      stored on a ramdisk, and will be lost if your machine is restarted.
WARN [06-01|08:52:52.065]   4. Mining is enabled by default. However, the client will only seal blocks if transactions
WARN [06-01|08:52:52.065]      are pending in the mempool. The miner's minimum accepted gas price is 1.
WARN [06-01|08:52:52.065]   5. Networking is disabled; there is no listen-address, the maximum number of peers is set
WARN [06-01|08:52:52.065]      to 0, and discovery is disabled.
WARN [06-01|08:52:52.065] 
INFO [06-01|08:52:52.065] Starting peer-to-peer node               instance=Geth/v1.17.3-unstable/linux-amd64/go1.24.9
WARN [06-01|08:52:52.065] P2P server will be useless, neither dialing nor listening
INFO [06-01|08:52:52.103] IPC endpoint opened                      url=/mnt/state_expiry_vol_data/ubt-vs-pbt-dbs/ubt/geth.ipc
ERROR[06-01|08:52:52.103] Unavailable modules in HTTP API list     unavailable=[personal] available="[admin debug web3 eth txpool miner net dev testing]"
INFO [06-01|08:52:52.103] New local node record                    seq=1,780,289,664,330 id=c084d8867e8cc127 ip=127.0.0.1 udp=0 tcp=0
INFO [06-01|08:52:52.103] Started P2P networking                   self=enode://ed0ccbffbfc0dc9f1b0f8e55d585ad3e61215b1974f32d9388e7ae53563e3ebe0172c21d754fa202c3a63f95bef3ff3ea24339ffdabd0115c47ec5b8d33136a9@127.0.0.1:0
INFO [06-01|08:52:52.104] HTTP server started                      endpoint=127.0.0.1:8545 auth=false prefix= cors= vhosts=localhost
INFO [06-01|08:52:52.104] WebSocket enabled                        url=ws://127.0.0.1:8546
INFO [06-01|08:52:52.265] Loaded local transaction journal         transactions=1657 dropped=0
INFO [06-01|08:52:53.444] Started log indexer
INFO [06-01|08:52:53.475] Starting work on payload                 id=0x0312980b47f475ed
INFO [06-01|08:52:53.483] Updated payload                          id=0x0312980b47f475ed number=1953 hash=ca031f..0170a5 txs=0 withdrawals=0 gas=0 fees=0 root=4b282e..e2ea0f elapsed=7.569ms
INFO [06-01|08:52:53.483] Stopping work on payload                 id=0x0312980b47f475ed reason=delivery
WARN [06-01|08:52:53.487] {"level":"warn","msg":"Slow block","block":{"number":1953,"hash":"0xca031f28bcb22c9661c4976e5d3f7b313c154a9e0fca7fd232a32c0c3f0170a5","gas_used":0,"tx_count":0},"timing":{"execution_ms":0.04275,"state_read_ms":2.869042,"state_hash_ms":0.001413,"commit_ms":0.146905,"total_ms":3.245116},"throughput":{"mgas_per_sec":0},"state_reads":{"accounts":4,"storage_slots":0,"code":0,"code_bytes":0},"state_writes":{"accounts":0,"accounts_deleted":0,"storage_slots":0,"storage_slots_deleted":0,"code":0,"code_bytes":0},"cache":{"account":{"hits":0,"misses":4,"hit_rate":0},"storage":{"hits":0,"misses":0,"hit_rate":0},"code":{"hits":0,"misses":0,"hit_rate":0,"hit_bytes":0,"miss_bytes":0}}}
INFO [06-01|08:52:53.487] Imported new potential chain segment     number=1953 hash=ca031f..0170a5 blocks=1 txs=0 mgas=0.000 elapsed=3.508ms mgasps=0.000 triediffs=1.36MiB triedirty=0.00B
INFO [06-01|08:52:53.487] Chain head was updated                   number=1953 hash=ca031f..0170a5 root=4b282e..e2ea0f elapsed="50.38µs"
INFO [06-01|08:52:54.492] Starting work on payload                 id=0x034542d98b1812cb
INFO [06-01|08:52:54.498] Updated payload                          id=0x034542d98b1812cb number=1954 hash=876e16..cd7587 txs=0 withdrawals=0 gas=0 fees=0 root=4b282e..e2ea0f elapsed=5.949ms
INFO [06-01|08:52:54.498] Stopping work on payload                 id=0x034542d98b1812cb reason=delivery
WARN [06-01|08:52:54.505] {"level":"warn","msg":"Slow block","block":{"number":1954,"hash":"0x876e16c113ab7319f5967346fa560a95e011bcf29a91b5b8fa0c7496ddcd7587","gas_used":0,"tx_count":0},"timing":{"execution_ms":0.039795,"state_read_ms":6.334482,"state_hash_ms":0.002319,"commit_ms":0.154876,"total_ms":6.769829},"throughput":{"mgas_per_sec":0},"state_reads":{"accounts":4,"storage_slots":0,"code":0,"code_bytes":0},"state_writes":{"accounts":0,"accounts_deleted":0,"storage_slots":0,"storage_slots_deleted":0,"code":0,"code_bytes":0},"cache":{"account":{"hits":0,"misses":4,"hit_rate":0},"storage":{"hits":0,"misses":0,"hit_rate":0},"code":{"hits":0,"misses":0,"hit_rate":0,"hit_bytes":0,"miss_bytes":0}}}
INFO [06-01|08:52:54.505] Imported new potential chain segment     number=1954 hash=876e16..cd7587 blocks=1 txs=0 mgas=0.000 elapsed=7.124ms   mgasps=0.000 triediffs=1.36MiB triedirty=0.00B
INFO [06-01|08:52:54.505] Chain head was updated                   number=1954 hash=876e16..cd7587 root=4b282e..e2ea0f elapsed="62.925µs"
INFO [06-01|08:52:55.528] Starting work on payload                 id=0x03ebf0e7445f4bf4
INFO [06-01|08:52:55.532] Updated payload                          id=0x03ebf0e7445f4bf4 number=1955 hash=680b14..58609e txs=0 withdrawals=0 gas=0 fees=0 root=4b282e..e2ea0f elapsed=3.785ms
INFO [06-01|08:52:55.532] Stopping work on payload                 id=0x03ebf0e7445f4bf4 reason=delivery
WARN [06-01|08:52:55.550] {"level":"warn","msg":"Slow block","block":{"number":1955,"hash":"0x680b1412d1d9434e530249b1f1c556599a9db32f263dd8a8986a2f89a658609e","gas_used":0,"tx_count":0},"timing":{"execution_ms":0.037892,"state_read_ms":17.389197,"state_hash_ms":0.002228,"commit_ms":0.134854,"total_ms":17.726897},"throughput":{"mgas_per_sec":0},"state_reads":{"accounts":4,"storage_slots":0,"code":0,"code_bytes":0},"state_writes":{"accounts":0,"accounts_deleted":0,"storage_slots":0,"storage_slots_deleted":0,"code":0,"code_bytes":0},"cache":{"account":{"hits":0,"misses":4,"hit_rate":0},"storage":{"hits":0,"misses":0,"hit_rate":0},"code":{"hits":0,"misses":0,"hit_rate":0,"hit_bytes":0,"miss_bytes":0}}}
INFO [06-01|08:52:55.550] Imported new potential chain segment     number=1955 hash=680b14..58609e blocks=1 txs=0 mgas=0.000 elapsed=17.950ms   mgasps=0.000 triediffs=1.36MiB triedirty=0.00B
INFO [06-01|08:52:55.551] Chain head was updated                   number=1955 hash=680b14..58609e root=4b282e..e2ea0f elapsed="61.141µs"
INFO [06-01|08:52:55.553] Submitted contract creation              hash=0x8847eb517268f9df058aa648553a2f1aa44a77c76ea0186f214a158b5bd884a2 from=0xf39Fd6e51aad88F6F4ce6aB8827279cffFb92266 nonce=573 contract=0x18eb8AF587dcd7E4F575040F6D800a6B5Cef6CAf value=0
INFO [06-01|08:52:55.553] Submitted transaction                    hash=0x13ad6dde767ed2b08f060ebf596af81cd04fe9741be32ccfa194a23c5c3097de from=0xf39Fd6e51aad88F6F4ce6aB8827279cffFb92266 nonce=574 recipient=0xeF2f097C470E23803f2F40351786600Aaf220B56 value=78,000,000
INFO [06-01|08:52:56.557] Starting work on payload                 id=0x03876572f12977b5
INFO [06-01|08:52:56.586] Updated payload                          id=0x03876572f12977b5 number=1956 hash=5f82d0..7f92e1 txs=2 withdrawals=0 gas=86852 fees=5.21112e-13 root=bf8795..391a3f elapsed=28.624ms
INFO [06-01|08:52:56.586] Stopping work on payload                 id=0x03876572f12977b5 reason=delivery
INFO [06-01|08:52:56.617] Paused snapshot generation
WARN [06-01|08:52:56.617] {"level":"warn","msg":"Slow block","block":{"number":1956,"hash":"0x5f82d06d2a4f22de8d55b3695fd185bea7b9eac421a2d6ce72880438457f92e1","gas_used":86852,"tx_count":2},"timing":{"execution_ms":0.213875,"state_read_ms":22.857687,"state_hash_ms":3.011025,"commit_ms":4.576125,"total_ms":31.092786},"throughput":{"mgas_per_sec":2.793316751995141},"state_reads":{"accounts":11,"storage_slots":0,"code":0,"code_bytes":0},"state_writes":{"accounts":3,"accounts_deleted":0,"storage_slots":0,"storage_slots_deleted":0,"code":1,"code_bytes":157},"cache":{"account":{"hits":5,"misses":6,"hit_rate":45.45454545454545},"storage":{"hits":0,"misses":0,"hit_rate":0},"code":{"hits":0,"misses":0,"hit_rate":0,"hit_bytes":0,"miss_bytes":0}}}
INFO [06-01|08:52:56.617] Imported new potential chain segment     number=1956 hash=5f82d0..7f92e1 blocks=1 txs=2 mgas=0.087 elapsed=31.283ms   mgasps=2.776 triediffs=1.36MiB triedirty=0.00B
INFO [06-01|08:52:56.618] Chain head was updated                   number=1956 hash=5f82d0..7f92e1 root=bf8795..391a3f elapsed="191.73µs"
WARN [06-01|08:52:56.636] Snapshot generation is not permitted
INFO [06-01|08:52:57.574] Submitted transaction                    hash=0x13113922c4e8bc414f31799baa991ad35cafd26d3313aa060f270001ce0d540c from=0xeF2f097C470E23803f2F40351786600Aaf220B56 nonce=0   recipient=0x18eb8AF587dcd7E4F575040F6D800a6B5Cef6CAf value=0
INFO [06-01|08:52:57.622] Starting work on payload                 id=0x0379cc6e8673d8ae
INFO [06-01|08:52:57.793] Updated payload                          id=0x0379cc6e8673d8ae number=1957 hash=b828e8..204678 txs=1 withdrawals=0 gas=5,900,228 fees=3.5401368e-11 root=5611d9..8932af elapsed=170.895ms
INFO [06-01|08:52:57.793] Stopping work on payload                 id=0x0379cc6e8673d8ae reason=delivery
INFO [06-01|08:52:57.930] Paused snapshot generation
WARN [06-01|08:52:57.931] {"level":"warn","msg":"Slow block","block":{"number":1957,"hash":"0xb828e8230b67f736fa57912411b3d1cc145045b790498cef0032d2690d204678","gas_used":5900228,"tx_count":1},"timing":{"execution_ms":114.283997,"state_read_ms":5.875545,"state_hash_ms":14.035941,"commit_ms":0.906161,"total_ms":136.690673},"throughput":{"mgas_per_sec":43.1648178365469},"state_reads":{"accounts":107,"storage_slots":258,"code":101,"code_bytes":2957},"state_writes":{"accounts":2,"accounts_deleted":0,"storage_slots":0,"storage_slots_deleted":0,"code":0,"code_bytes":0},"cache":{"account":{"hits":27,"misses":80,"hit_rate":25.233644859813083},"storage":{"hits":81,"misses":177,"hit_rate":31.3953488372093},"code":{"hits":101,"misses":0,"hit_rate":100,"hit_bytes":2957,"miss_bytes":0}}}
INFO [06-01|08:52:57.931] Imported new potential chain segment     number=1957 hash=b828e8..204678 blocks=1 txs=1 mgas=5.900 elapsed=137.879ms  mgasps=42.793 triediffs=1.36MiB triedirty=0.00B
INFO [06-01|08:52:57.932] Chain head was updated                   number=1957 hash=b828e8..204678 root=5611d9..8932af elapsed="113.337µs"
WARN [06-01|08:52:57.963] Snapshot generation is not permitted
INFO [06-01|08:52:58.588] Submitted transaction                    hash=0x8f165c14be558fef04635084a8657dcfd0a3a7933b835e38e94f04bed02ff381 from=0xeF2f097C470E23803f2F40351786600Aaf220B56 nonce=1   recipient=0xf39Fd6e51aad88F6F4ce6aB8827279cffFb92266 value=1,045,036
INFO [06-01|08:52:58.936] Starting work on payload                 id=0x03ba72f81107bd40
INFO [06-01|08:52:58.959] Updated payload                          id=0x03ba72f81107bd40 number=1958 hash=29ba21..93384f txs=1 withdrawals=0 gas=21000     fees=2.1e-14       root=443766..9c1720 elapsed=23.496ms
INFO [06-01|08:52:58.959] Stopping work on payload                 id=0x03ba72f81107bd40 reason=delivery
INFO [06-01|08:52:58.966] Paused snapshot generation
WARN [06-01|08:52:58.967] {"level":"warn","msg":"Slow block","block":{"number":1958,"hash":"0x29ba21b9cc83060fb5605b327d0d224ae46fb85da5202151e364f4b5da93384f","gas_used":21000,"tx_count":1},"timing":{"execution_ms":0.071277,"state_read_ms":3.029676,"state_hash_ms":3.059709,"commit_ms":0.595278,"total_ms":6.941424},"throughput":{"mgas_per_sec":3.0253158429740066},"state_reads":{"accounts":6,"storage_slots":0,"code":0,"code_bytes":0},"state_writes":{"accounts":2,"accounts_deleted":0,"storage_slots":0,"storage_slots_deleted":0,"code":0,"code_bytes":0},"cache":{"account":{"hits":2,"misses":4,"hit_rate":33.33333333333333},"storage":{"hits":0,"misses":0,"hit_rate":0},"code":{"hits":0,"misses":0,"hit_rate":0,"hit_bytes":0,"miss_bytes":0}}}
INFO [06-01|08:52:58.967] Imported new potential chain segment     number=1958 hash=29ba21..93384f blocks=1 txs=1 mgas=0.021 elapsed=7.087ms     mgasps=2.963  triediffs=1.36MiB triedirty=0.00B
INFO [06-01|08:52:58.967] Chain head was updated                   number=1958 hash=29ba21..93384f root=443766..9c1720 elapsed="57.304µs"
WARN [06-01|08:52:58.986] Snapshot generation is not permitted
