WARN [06-01|05:51:56.846] Unknown config environment variable      envvar=GETH_PBT_BIN
WARN [06-01|05:51:56.846] Unknown config environment variable      envvar=GETH_UBT_BIN
INFO [06-01|05:51:56.862] Starting Geth on Ethereum mainnet...
INFO [06-01|05:51:56.863] Maximum peer count                       ETH=0 total=0
INFO [06-01|05:51:56.865] Smartcard socket not found, disabling    err="stat /run/pcscd/pcscd.comm: no such file or directory"
WARN [06-01|05:51:56.867] Option --miner.etherbase is deprecated as the etherbase is set by the consensus client post-merge
WARN [06-01|05:51:56.869] Snap sync requested, resetting --cache.snapshot
INFO [06-01|05:51:56.869] Set global gas cap                       cap=50,000,000
INFO [06-01|05:51:57.657] Using developer account                  address=0xf39Fd6e51aad88F6F4ce6aB8827279cffFb92266
INFO [06-01|05:51:57.699] Using pebble as the backing database
INFO [06-01|05:51:57.699] Allocated cache and file handles         database=/mnt/state_expiry_vol_data/ubt-vs-pbt-dbs/ubt/geth/chaindata cache=16.00MiB handles=262,144
INFO [06-01|05:51:57.911] Opened ancient database                  database=/mnt/state_expiry_vol_data/ubt-vs-pbt-dbs/ubt/geth/chaindata/ancient/chain readonly=true
INFO [06-01|05:51:57.911] Opened Era store                         datadir=/mnt/state_expiry_vol_data/ubt-vs-pbt-dbs/ubt/geth/chaindata/ancient/chain/era
INFO [06-01|05:51:57.917] Initializing the KZG library             backend=gokzg
INFO [06-01|05:51:57.919] Allocated trie memory caches             clean=0.00B dirty=0.00B
INFO [06-01|05:51:57.929] Using pebble as the backing database
INFO [06-01|05:51:57.929] Allocated cache and file handles         database=/mnt/state_expiry_vol_data/ubt-vs-pbt-dbs/ubt/geth/chaindata cache=16.00MiB handles=262,144
INFO [06-01|05:51:58.164] Opened ancient database                  database=/mnt/state_expiry_vol_data/ubt-vs-pbt-dbs/ubt/geth/chaindata/ancient/chain readonly=false
INFO [06-01|05:51:58.164] Opened Era store                         datadir=/mnt/state_expiry_vol_data/ubt-vs-pbt-dbs/ubt/geth/chaindata/ancient/chain/era
INFO [06-01|05:51:58.170] State scheme set to already existing     scheme=path
INFO [06-01|05:51:58.171] Initialising Ethereum protocol           network=1337 dbversion=9
INFO [06-01|05:51:58.171] Load database journal from file          path=/mnt/state_expiry_vol_data/ubt-vs-pbt-dbs/ubt/geth/triedb/verkle.journal
INFO [06-01|05:51:58.232] Opened ancient database                  database=/mnt/state_expiry_vol_data/ubt-vs-pbt-dbs/ubt/geth/chaindata/ancient/state_verkle readonly=false
INFO [06-01|05:51:58.235] State snapshot generator is not compatible
INFO [06-01|05:51:58.235] Initialized path database                triecache=0.00B statecache=0.00B buffer=0.00B state-history="last 90000 blocks" journal-dir=/mnt/state_expiry_vol_data/ubt-vs-pbt-dbs/ubt/geth/triedb verkle=true
INFO [06-01|05:51:58.235] 
INFO [06-01|05:51:58.235] ---------------------------------------------------------------------------------------------------------------------------------------------------------
INFO [06-01|05:51:58.235] Chain ID:  1337 (unknown)
INFO [06-01|05:51:58.235] Consensus: unknown
INFO [06-01|05:51:58.235] 
INFO [06-01|05:51:58.235] Pre-Merge hard forks (block based):
INFO [06-01|05:51:58.235]  - Homestead:                   #0       
INFO [06-01|05:51:58.235]  - Tangerine Whistle (EIP 150): #0       
INFO [06-01|05:51:58.235]  - Spurious Dragon/1 (EIP 155): #0       
INFO [06-01|05:51:58.235]  - Spurious Dragon/2 (EIP 158): #0       
INFO [06-01|05:51:58.235]  - Byzantium:                   #0       
INFO [06-01|05:51:58.235]  - Constantinople:              #0       
INFO [06-01|05:51:58.235]  - Petersburg:                  #0       
INFO [06-01|05:51:58.235]  - Istanbul:                    #0       
INFO [06-01|05:51:58.235]  - Berlin:                      #0       
INFO [06-01|05:51:58.235]  - London:                      #0       
INFO [06-01|05:51:58.235]  - Arrow Glacier:               #0       
INFO [06-01|05:51:58.235]  - Gray Glacier:                #0       
INFO [06-01|05:51:58.235] 
INFO [06-01|05:51:58.235] Merge configured:
INFO [06-01|05:51:58.235]  - Total terminal difficulty:  0
INFO [06-01|05:51:58.235]  - Merge netsplit block:       #0       
INFO [06-01|05:51:58.235] 
INFO [06-01|05:51:58.235] Post-Merge hard forks (timestamp based):
INFO [06-01|05:51:58.235]  - Shanghai:                    @0         
INFO [06-01|05:51:58.235]  - Cancun:                      @0          blob: (target: 3, max: 6, fraction: 3338477)
INFO [06-01|05:51:58.235]  - Prague:                      @0          blob: (target: 6, max: 9, fraction: 5007716)
INFO [06-01|05:51:58.235]  - Osaka:                       @0          blob: (target: 6, max: 9, fraction: 5007716)
INFO [06-01|05:51:58.235]  - UBT:                         @0          blob: (nil)
INFO [06-01|05:51:58.235] 
INFO [06-01|05:51:58.235] All fork specifications can be found at https://ethereum.github.io/execution-specs/src/ethereum/forks/
INFO [06-01|05:51:58.235] 
INFO [06-01|05:51:58.235] ---------------------------------------------------------------------------------------------------------------------------------------------------------
INFO [06-01|05:51:58.235] 
INFO [06-01|05:51:58.237] Loaded most recent local block           number=279 hash=341f20..48e607 age=3s
INFO [06-01|05:51:58.237] Loaded most recent local finalized block number=256 hash=ddca2f..de6bdf age=37s
INFO [06-01|05:51:58.238] Initialized transaction indexer          range="last 2350000 blocks"
INFO [06-01|05:51:58.238] Initialized log indexer                  firstblock=0 lastblock=279 firstmap=0 lastmap=0 headindexed=true
INFO [06-01|05:51:58.288] Enabled full-sync                        head=279 hash=341f20..48e607
INFO [06-01|05:51:58.288] Unprotected transactions allowed
INFO [06-01|05:51:58.288] Gasprice oracle is ignoring threshold set threshold=2
INFO [06-01|05:51:58.289] Registered sync override service
WARN [06-01|05:51:58.289] You are running Geth in --dev mode. Please note the following:
WARN [06-01|05:51:58.289] 
WARN [06-01|05:51:58.289]   1. This mode is only intended for fast, iterative development without assumptions on
WARN [06-01|05:51:58.289]      security or persistence.
WARN [06-01|05:51:58.289]   2. The database is created in memory unless specified otherwise. Therefore, shutting down
WARN [06-01|05:51:58.289]      your computer or losing power will wipe your entire block data and chain state for
WARN [06-01|05:51:58.289]      your dev environment.
WARN [06-01|05:51:58.289]   3. A random, pre-allocated developer account will be available and unlocked as
WARN [06-01|05:51:58.289]      eth.coinbase, which can be used for testing. The random dev account is temporary,
WARN [06-01|05:51:58.289]      stored on a ramdisk, and will be lost if your machine is restarted.
WARN [06-01|05:51:58.289]   4. Mining is enabled by default. However, the client will only seal blocks if transactions
WARN [06-01|05:51:58.289]      are pending in the mempool. The miner's minimum accepted gas price is 1.
WARN [06-01|05:51:58.289]   5. Networking is disabled; there is no listen-address, the maximum number of peers is set
WARN [06-01|05:51:58.289]      to 0, and discovery is disabled.
WARN [06-01|05:51:58.289] 
INFO [06-01|05:51:58.289] Starting peer-to-peer node               instance=Geth/v1.17.3-unstable/linux-amd64/go1.24.9
WARN [06-01|05:51:58.289] P2P server will be useless, neither dialing nor listening
INFO [06-01|05:51:58.331] New local node record                    seq=1,780,289,664,069 id=c084d8867e8cc127 ip=127.0.0.1 udp=0 tcp=0
INFO [06-01|05:51:58.331] Started P2P networking                   self=enode://ed0ccbffbfc0dc9f1b0f8e55d585ad3e61215b1974f32d9388e7ae53563e3ebe0172c21d754fa202c3a63f95bef3ff3ea24339ffdabd0115c47ec5b8d33136a9@127.0.0.1:0
INFO [06-01|05:51:58.331] IPC endpoint opened                      url=/mnt/state_expiry_vol_data/ubt-vs-pbt-dbs/ubt/geth.ipc
ERROR[06-01|05:51:58.331] Unavailable modules in HTTP API list     unavailable=[personal] available="[admin debug web3 eth txpool miner net dev testing]"
INFO [06-01|05:51:58.332] HTTP server started                      endpoint=127.0.0.1:8545 auth=false prefix= cors= vhosts=localhost
INFO [06-01|05:51:58.332] WebSocket enabled                        url=ws://127.0.0.1:8546
INFO [06-01|05:51:58.383] Loaded local transaction journal         transactions=613 dropped=0
INFO [06-01|05:51:59.648] Started log indexer
INFO [06-01|05:51:59.693] Starting work on payload                 id=0x03f2367573489961
INFO [06-01|05:51:59.703] Updated payload                          id=0x03f2367573489961 number=280 hash=2467b2..0c2613 txs=0 withdrawals=0 gas=0 fees=0 root=d6a3c0..d3143a elapsed=10.235ms
INFO [06-01|05:51:59.704] Stopping work on payload                 id=0x03f2367573489961 reason=delivery
WARN [06-01|05:51:59.708] {"level":"warn","msg":"Slow block","block":{"number":280,"hash":"0x2467b27c7149c6ebe858cbb2d244b06ec1d0a0d02a5f96bd8c5a5389270c2613","gas_used":0,"tx_count":0},"timing":{"execution_ms":0.038945,"state_read_ms":3.303101,"state_hash_ms":0.001789,"commit_ms":0.191708,"total_ms":3.69639},"throughput":{"mgas_per_sec":0},"state_reads":{"accounts":4,"storage_slots":0,"code":0,"code_bytes":0},"state_writes":{"accounts":0,"accounts_deleted":0,"storage_slots":0,"storage_slots_deleted":0,"code":0,"code_bytes":0},"cache":{"account":{"hits":0,"misses":4,"hit_rate":0},"storage":{"hits":0,"misses":0,"hit_rate":0},"code":{"hits":0,"misses":0,"hit_rate":0,"hit_bytes":0,"miss_bytes":0}}}
INFO [06-01|05:51:59.708] Imported new potential chain segment     number=280 hash=2467b2..0c2613 blocks=1 txs=0 mgas=0.000 elapsed=4.001ms  mgasps=0.000 triediffs=3.22MiB triedirty=0.00B
INFO [06-01|05:51:59.708] Chain head was updated                   number=280 hash=2467b2..0c2613 root=d6a3c0..d3143a elapsed="52.771µs"
INFO [06-01|05:52:00.713] Starting work on payload                 id=0x0376e88a82f08f89
INFO [06-01|05:52:00.720] Updated payload                          id=0x0376e88a82f08f89 number=281 hash=fe712b..31aaff txs=0 withdrawals=0 gas=0 fees=0 root=d6a3c0..d3143a elapsed=6.938ms
INFO [06-01|05:52:00.721] Stopping work on payload                 id=0x0376e88a82f08f89 reason=delivery
WARN [06-01|05:52:00.725] {"level":"warn","msg":"Slow block","block":{"number":281,"hash":"0xfe712b11dd4922933ec89b9072b1c9f2f6ef0b6d4ed3edc07cb7eb017f31aaff","gas_used":0,"tx_count":0},"timing":{"execution_ms":0.429872,"state_read_ms":3.294528,"state_hash_ms":0.001852,"commit_ms":0.118215,"total_ms":4.280705},"throughput":{"mgas_per_sec":0},"state_reads":{"accounts":4,"storage_slots":0,"code":0,"code_bytes":0},"state_writes":{"accounts":0,"accounts_deleted":0,"storage_slots":0,"storage_slots_deleted":0,"code":0,"code_bytes":0},"cache":{"account":{"hits":0,"misses":4,"hit_rate":0},"storage":{"hits":0,"misses":0,"hit_rate":0},"code":{"hits":0,"misses":0,"hit_rate":0,"hit_bytes":0,"miss_bytes":0}}}
INFO [06-01|05:52:00.725] Imported new potential chain segment     number=281 hash=fe712b..31aaff blocks=1 txs=0 mgas=0.000 elapsed=4.512ms    mgasps=0.000 triediffs=3.22MiB triedirty=0.00B
INFO [06-01|05:52:00.725] Chain head was updated                   number=281 hash=fe712b..31aaff root=d6a3c0..d3143a elapsed="28.839µs"
INFO [06-01|05:52:01.721] Submitted contract creation              hash=0x1b47e475e97876646d9290887f56bb06ad8d0e99182ccd3dd7fb72d4052e4cee from=0xf39Fd6e51aad88F6F4ce6aB8827279cffFb92266 nonce=51 contract=0x5f3f1dBD7B74C6B46e8c44f98792A1dAf8d69154 value=0
INFO [06-01|05:52:01.722] Submitted transaction                    hash=0x916dfbf74d667632260c4f4c8ee65b072b52bea669851290967e53beb8d86c41 from=0xf39Fd6e51aad88F6F4ce6aB8827279cffFb92266 nonce=52 recipient=0x604E3d3bc0119BD554e10809AfD6537c52dFc0E1 value=78,000,000
INFO [06-01|05:52:01.730] Starting work on payload                 id=0x03cbca1931b0a65b
INFO [06-01|05:52:01.775] Updated payload                          id=0x03cbca1931b0a65b number=282 hash=2bc63c..630371 txs=2 withdrawals=0 gas=86852 fees=5.21112e-13 root=24d4e7..91d637 elapsed=44.885ms
INFO [06-01|05:52:01.775] Stopping work on payload                 id=0x03cbca1931b0a65b reason=delivery
INFO [06-01|05:52:01.805] Paused snapshot generation
WARN [06-01|05:52:01.805] {"level":"warn","msg":"Slow block","block":{"number":282,"hash":"0x2bc63c1bed12a9bf00fe413f4048954dabb18e5864377e8285179b0b24630371","gas_used":86852,"tx_count":2},"timing":{"execution_ms":0.129735,"state_read_ms":16.688189,"state_hash_ms":8.912947,"commit_ms":4.48089,"total_ms":30.386889},"throughput":{"mgas_per_sec":2.8582063797317323},"state_reads":{"accounts":11,"storage_slots":0,"code":0,"code_bytes":0},"state_writes":{"accounts":3,"accounts_deleted":0,"storage_slots":0,"storage_slots_deleted":0,"code":1,"code_bytes":157},"cache":{"account":{"hits":5,"misses":6,"hit_rate":45.45454545454545},"storage":{"hits":0,"misses":0,"hit_rate":0},"code":{"hits":0,"misses":0,"hit_rate":0,"hit_bytes":0,"miss_bytes":0}}}
INFO [06-01|05:52:01.805] Imported new potential chain segment     number=282 hash=2bc63c..630371 blocks=1 txs=2 mgas=0.087 elapsed=30.546ms   mgasps=2.843 triediffs=3.19MiB triedirty=0.00B
INFO [06-01|05:52:01.806] Chain head was updated                   number=282 hash=2bc63c..630371 root=24d4e7..91d637 elapsed="171.64µs"
WARN [06-01|05:52:01.827] Snapshot generation is not permitted
INFO [06-01|05:52:02.735] Submitted transaction                    hash=0x3f06ea1876010f670d23f77bf4884bcc5c435f95c81d51c4075dbb0f656a62f2 from=0x604E3d3bc0119BD554e10809AfD6537c52dFc0E1 nonce=0  recipient=0x5f3f1dBD7B74C6B46e8c44f98792A1dAf8d69154 value=0
INFO [06-01|05:52:02.812] Starting work on payload                 id=0x03ae761a0bad131d
INFO [06-01|05:52:03.009] Updated payload                          id=0x03ae761a0bad131d number=283 hash=4a3eb5..547ba1 txs=1 withdrawals=0 gas=5,900,128 fees=3.5400768e-11 root=69cad3..849a4f elapsed=196.938ms
INFO [06-01|05:52:03.009] Stopping work on payload                 id=0x03ae761a0bad131d reason=delivery
INFO [06-01|05:52:03.154] Paused snapshot generation
WARN [06-01|05:52:03.155] {"level":"warn","msg":"Slow block","block":{"number":283,"hash":"0x4a3eb5e68a21767f7d9fcec8c91fd5fab9abd8d6b6b35d8c62ff01db4f547ba1","gas_used":5900128,"tx_count":1},"timing":{"execution_ms":113.216407,"state_read_ms":16.83593,"state_hash_ms":14.410128,"commit_ms":0.703499,"total_ms":145.347375},"throughput":{"mgas_per_sec":40.593289008487424},"state_reads":{"accounts":17,"storage_slots":258,"code":11,"code_bytes":437},"state_writes":{"accounts":2,"accounts_deleted":0,"storage_slots":0,"storage_slots_deleted":0,"code":0,"code_bytes":0},"cache":{"account":{"hits":4,"misses":13,"hit_rate":23.52941176470588},"storage":{"hits":34,"misses":224,"hit_rate":13.178294573643413},"code":{"hits":11,"misses":0,"hit_rate":100,"hit_bytes":437,"miss_bytes":0}}}
INFO [06-01|05:52:03.155] Imported new potential chain segment     number=283 hash=4a3eb5..547ba1 blocks=1 txs=1 mgas=5.900 elapsed=145.626ms  mgasps=40.515 triediffs=3.15MiB triedirty=0.00B
INFO [06-01|05:52:03.155] Chain head was updated                   number=283 hash=4a3eb5..547ba1 root=69cad3..849a4f elapsed="94.96µs"
WARN [06-01|05:52:03.175] Snapshot generation is not permitted
INFO [06-01|05:52:03.750] Submitted transaction                    hash=0x0d70a2f8e764cb9042f33550f653ccb84ab74f063abb4dfc009176466e835994 from=0x604E3d3bc0119BD554e10809AfD6537c52dFc0E1 nonce=1  recipient=0xf39Fd6e51aad88F6F4ce6aB8827279cffFb92266 value=1,046,336
INFO [06-01|05:52:04.159] Starting work on payload                 id=0x0324030dc57616aa
INFO [06-01|05:52:04.172] Updated payload                          id=0x0324030dc57616aa number=284 hash=2e1736..8efcd2 txs=1 withdrawals=0 gas=21000     fees=2.1e-14       root=785132..b43f9d elapsed=12.888ms
INFO [06-01|05:52:04.172] Stopping work on payload                 id=0x0324030dc57616aa reason=delivery
INFO [06-01|05:52:04.184] Paused snapshot generation
WARN [06-01|05:52:04.184] {"level":"warn","msg":"Slow block","block":{"number":284,"hash":"0x2e1736b6210a98c3c4a7f9e9208b4301b30e645557a3f39104851ab13a8efcd2","gas_used":21000,"tx_count":1},"timing":{"execution_ms":0.067198,"state_read_ms":3.861989,"state_hash_ms":7.092119,"commit_ms":0.966701,"total_ms":12.120184},"throughput":{"mgas_per_sec":1.7326469631154116},"state_reads":{"accounts":6,"storage_slots":0,"code":0,"code_bytes":0},"state_writes":{"accounts":2,"accounts_deleted":0,"storage_slots":0,"storage_slots_deleted":0,"code":0,"code_bytes":0},"cache":{"account":{"hits":2,"misses":4,"hit_rate":33.33333333333333},"storage":{"hits":0,"misses":0,"hit_rate":0},"code":{"hits":0,"misses":0,"hit_rate":0,"hit_bytes":0,"miss_bytes":0}}}
INFO [06-01|05:52:04.184] Imported new potential chain segment     number=284 hash=2e1736..8efcd2 blocks=1 txs=1 mgas=0.021 elapsed=12.272ms   mgasps=1.711  triediffs=3.11MiB triedirty=0.00B
INFO [06-01|05:52:04.185] Chain head was updated                   number=284 hash=2e1736..8efcd2 root=785132..b43f9d elapsed="83.585µs"
WARN [06-01|05:52:04.221] Snapshot generation is not permitted
