WARN [06-01|06:12:48.113] Unknown config environment variable      envvar=GETH_PBT_BIN
WARN [06-01|06:12:48.113] Unknown config environment variable      envvar=GETH_UBT_BIN
INFO [06-01|06:12:48.124] Starting Geth on Ethereum mainnet...
INFO [06-01|06:12:48.126] Maximum peer count                       ETH=0 total=0
INFO [06-01|06:12:48.127] Smartcard socket not found, disabling    err="stat /run/pcscd/pcscd.comm: no such file or directory"
WARN [06-01|06:12:48.130] Option --miner.etherbase is deprecated as the etherbase is set by the consensus client post-merge
WARN [06-01|06:12:48.131] Snap sync requested, resetting --cache.snapshot
INFO [06-01|06:12:48.132] Set global gas cap                       cap=50,000,000
INFO [06-01|06:12:48.960] Using developer account                  address=0xf39Fd6e51aad88F6F4ce6aB8827279cffFb92266
INFO [06-01|06:12:49.001] Using pebble as the backing database
INFO [06-01|06:12:49.001] Allocated cache and file handles         database=/mnt/state_expiry_vol_data/ubt-vs-pbt-dbs/ubt/geth/chaindata cache=16.00MiB handles=262,144
INFO [06-01|06:12:49.214] Opened ancient database                  database=/mnt/state_expiry_vol_data/ubt-vs-pbt-dbs/ubt/geth/chaindata/ancient/chain readonly=true
INFO [06-01|06:12:49.214] Opened Era store                         datadir=/mnt/state_expiry_vol_data/ubt-vs-pbt-dbs/ubt/geth/chaindata/ancient/chain/era
INFO [06-01|06:12:49.220] Initializing the KZG library             backend=gokzg
INFO [06-01|06:12:49.222] Allocated trie memory caches             clean=0.00B dirty=0.00B
INFO [06-01|06:12:49.230] Using pebble as the backing database
INFO [06-01|06:12:49.230] Allocated cache and file handles         database=/mnt/state_expiry_vol_data/ubt-vs-pbt-dbs/ubt/geth/chaindata cache=16.00MiB handles=262,144
INFO [06-01|06:12:49.404] Opened ancient database                  database=/mnt/state_expiry_vol_data/ubt-vs-pbt-dbs/ubt/geth/chaindata/ancient/chain readonly=false
INFO [06-01|06:12:49.404] Opened Era store                         datadir=/mnt/state_expiry_vol_data/ubt-vs-pbt-dbs/ubt/geth/chaindata/ancient/chain/era
INFO [06-01|06:12:49.410] State scheme set to already existing     scheme=path
INFO [06-01|06:12:49.410] Initialising Ethereum protocol           network=1337 dbversion=9
INFO [06-01|06:12:49.410] Load database journal from file          path=/mnt/state_expiry_vol_data/ubt-vs-pbt-dbs/ubt/geth/triedb/verkle.journal
INFO [06-01|06:12:49.703] Opened ancient database                  database=/mnt/state_expiry_vol_data/ubt-vs-pbt-dbs/ubt/geth/chaindata/ancient/state_verkle readonly=false
INFO [06-01|06:12:49.705] State snapshot generator is not compatible
INFO [06-01|06:12:49.705] Initialized path database                triecache=0.00B statecache=0.00B buffer=0.00B state-history="last 90000 blocks" journal-dir=/mnt/state_expiry_vol_data/ubt-vs-pbt-dbs/ubt/geth/triedb verkle=true
INFO [06-01|06:12:49.705] 
INFO [06-01|06:12:49.705] ---------------------------------------------------------------------------------------------------------------------------------------------------------
INFO [06-01|06:12:49.705] Chain ID:  1337 (unknown)
INFO [06-01|06:12:49.705] Consensus: unknown
INFO [06-01|06:12:49.705] 
INFO [06-01|06:12:49.705] Pre-Merge hard forks (block based):
INFO [06-01|06:12:49.705]  - Homestead:                   #0       
INFO [06-01|06:12:49.705]  - Tangerine Whistle (EIP 150): #0       
INFO [06-01|06:12:49.705]  - Spurious Dragon/1 (EIP 155): #0       
INFO [06-01|06:12:49.705]  - Spurious Dragon/2 (EIP 158): #0       
INFO [06-01|06:12:49.705]  - Byzantium:                   #0       
INFO [06-01|06:12:49.705]  - Constantinople:              #0       
INFO [06-01|06:12:49.705]  - Petersburg:                  #0       
INFO [06-01|06:12:49.705]  - Istanbul:                    #0       
INFO [06-01|06:12:49.705]  - Berlin:                      #0       
INFO [06-01|06:12:49.705]  - London:                      #0       
INFO [06-01|06:12:49.705]  - Arrow Glacier:               #0       
INFO [06-01|06:12:49.705]  - Gray Glacier:                #0       
INFO [06-01|06:12:49.705] 
INFO [06-01|06:12:49.705] Merge configured:
INFO [06-01|06:12:49.705]  - Total terminal difficulty:  0
INFO [06-01|06:12:49.705]  - Merge netsplit block:       #0       
INFO [06-01|06:12:49.705] 
INFO [06-01|06:12:49.705] Post-Merge hard forks (timestamp based):
INFO [06-01|06:12:49.705]  - Shanghai:                    @0         
INFO [06-01|06:12:49.705]  - Cancun:                      @0          blob: (target: 3, max: 6, fraction: 3338477)
INFO [06-01|06:12:49.705]  - Prague:                      @0          blob: (target: 6, max: 9, fraction: 5007716)
INFO [06-01|06:12:49.705]  - Osaka:                       @0          blob: (target: 6, max: 9, fraction: 5007716)
INFO [06-01|06:12:49.705]  - UBT:                         @0          blob: (nil)
INFO [06-01|06:12:49.705] 
INFO [06-01|06:12:49.705] All fork specifications can be found at https://ethereum.github.io/execution-specs/src/ethereum/forks/
INFO [06-01|06:12:49.705] 
INFO [06-01|06:12:49.705] ---------------------------------------------------------------------------------------------------------------------------------------------------------
INFO [06-01|06:12:49.705] 
INFO [06-01|06:12:49.707] Loaded most recent local block           number=1066 hash=7a3d53..6f553b age=3s
INFO [06-01|06:12:49.707] Loaded most recent local finalized block number=1056 hash=40f794..558f36 age=19s
INFO [06-01|06:12:49.708] Initialized transaction indexer          range="last 2350000 blocks"
INFO [06-01|06:12:49.708] Initialized log indexer                  firstblock=0 lastblock=1066 firstmap=0 lastmap=0 headindexed=true
INFO [06-01|06:12:49.732] Enabled full-sync                        head=1066 hash=7a3d53..6f553b
INFO [06-01|06:12:49.732] Unprotected transactions allowed
INFO [06-01|06:12:49.732] Gasprice oracle is ignoring threshold set threshold=2
INFO [06-01|06:12:49.732] Registered sync override service
WARN [06-01|06:12:49.732] You are running Geth in --dev mode. Please note the following:
WARN [06-01|06:12:49.732] 
WARN [06-01|06:12:49.732]   1. This mode is only intended for fast, iterative development without assumptions on
WARN [06-01|06:12:49.732]      security or persistence.
WARN [06-01|06:12:49.732]   2. The database is created in memory unless specified otherwise. Therefore, shutting down
WARN [06-01|06:12:49.732]      your computer or losing power will wipe your entire block data and chain state for
WARN [06-01|06:12:49.732]      your dev environment.
WARN [06-01|06:12:49.732]   3. A random, pre-allocated developer account will be available and unlocked as
WARN [06-01|06:12:49.732]      eth.coinbase, which can be used for testing. The random dev account is temporary,
WARN [06-01|06:12:49.732]      stored on a ramdisk, and will be lost if your machine is restarted.
WARN [06-01|06:12:49.732]   4. Mining is enabled by default. However, the client will only seal blocks if transactions
WARN [06-01|06:12:49.732]      are pending in the mempool. The miner's minimum accepted gas price is 1.
WARN [06-01|06:12:49.732]   5. Networking is disabled; there is no listen-address, the maximum number of peers is set
WARN [06-01|06:12:49.732]      to 0, and discovery is disabled.
WARN [06-01|06:12:49.732] 
INFO [06-01|06:12:49.732] Starting peer-to-peer node               instance=Geth/v1.17.3-unstable/linux-amd64/go1.24.9
WARN [06-01|06:12:49.732] P2P server will be useless, neither dialing nor listening
INFO [06-01|06:12:49.767] IPC endpoint opened                      url=/mnt/state_expiry_vol_data/ubt-vs-pbt-dbs/ubt/geth.ipc
ERROR[06-01|06:12:49.767] Unavailable modules in HTTP API list     unavailable=[personal] available="[admin debug web3 eth txpool miner net dev testing]"
INFO [06-01|06:12:49.767] New local node record                    seq=1,780,289,664,188 id=c084d8867e8cc127 ip=127.0.0.1 udp=0 tcp=0
INFO [06-01|06:12:49.767] Started P2P networking                   self=enode://ed0ccbffbfc0dc9f1b0f8e55d585ad3e61215b1974f32d9388e7ae53563e3ebe0172c21d754fa202c3a63f95bef3ff3ea24339ffdabd0115c47ec5b8d33136a9@127.0.0.1:0
INFO [06-01|06:12:49.768] HTTP server started                      endpoint=127.0.0.1:8545 auth=false prefix= cors= vhosts=localhost
INFO [06-01|06:12:49.768] WebSocket enabled                        url=ws://127.0.0.1:8546
INFO [06-01|06:12:49.869] Loaded local transaction journal         transactions=1089 dropped=0
INFO [06-01|06:12:50.810] Started log indexer
INFO [06-01|06:12:50.846] Starting work on payload                 id=0x03dae9535fe9df84
INFO [06-01|06:12:50.852] Updated payload                          id=0x03dae9535fe9df84 number=1067 hash=66965f..a4d056 txs=0 withdrawals=0 gas=0 fees=0 root=1deaa1..f9a751 elapsed=6.235ms
INFO [06-01|06:12:50.855] Stopping work on payload                 id=0x03dae9535fe9df84 reason=delivery
WARN [06-01|06:12:50.860] {"level":"warn","msg":"Slow block","block":{"number":1067,"hash":"0x66965f6e8082f2d72751459397d67565a962949f446bb57ddeef07811ea4d056","gas_used":0,"tx_count":0},"timing":{"execution_ms":0.04125,"state_read_ms":6.257191,"state_hash_ms":0.002038,"commit_ms":0.225247,"total_ms":6.741124},"throughput":{"mgas_per_sec":0},"state_reads":{"accounts":4,"storage_slots":0,"code":0,"code_bytes":0},"state_writes":{"accounts":0,"accounts_deleted":0,"storage_slots":0,"storage_slots_deleted":0,"code":0,"code_bytes":0},"cache":{"account":{"hits":0,"misses":4,"hit_rate":0},"storage":{"hits":0,"misses":0,"hit_rate":0},"code":{"hits":0,"misses":0,"hit_rate":0,"hit_bytes":0,"miss_bytes":0}}}
INFO [06-01|06:12:50.860] Imported new potential chain segment     number=1067 hash=66965f..a4d056 blocks=1 txs=0 mgas=0.000 elapsed=7.203ms mgasps=0.000 triediffs=20.40MiB triedirty=0.00B
INFO [06-01|06:12:50.860] Chain head was updated                   number=1067 hash=66965f..a4d056 root=1deaa1..f9a751 elapsed="115.486µs"
INFO [06-01|06:12:51.865] Starting work on payload                 id=0x03d9a1b63f7a6a64
INFO [06-01|06:12:51.878] Updated payload                          id=0x03d9a1b63f7a6a64 number=1068 hash=19fe0e..fbb0a8 txs=0 withdrawals=0 gas=0 fees=0 root=1deaa1..f9a751 elapsed=13.633ms
INFO [06-01|06:12:51.878] Stopping work on payload                 id=0x03d9a1b63f7a6a64 reason=delivery
WARN [06-01|06:12:51.882] {"level":"warn","msg":"Slow block","block":{"number":1068,"hash":"0x19fe0e657714fca7144cf2b92a5c647a2a79b44d23033d544458d3bf7dfbb0a8","gas_used":0,"tx_count":0},"timing":{"execution_ms":0.022615,"state_read_ms":2.665072,"state_hash_ms":0.002263,"commit_ms":0.145073,"total_ms":2.990531},"throughput":{"mgas_per_sec":0},"state_reads":{"accounts":4,"storage_slots":0,"code":0,"code_bytes":0},"state_writes":{"accounts":0,"accounts_deleted":0,"storage_slots":0,"storage_slots_deleted":0,"code":0,"code_bytes":0},"cache":{"account":{"hits":0,"misses":4,"hit_rate":0},"storage":{"hits":0,"misses":0,"hit_rate":0},"code":{"hits":0,"misses":0,"hit_rate":0,"hit_bytes":0,"miss_bytes":0}}}
INFO [06-01|06:12:51.882] Imported new potential chain segment     number=1068 hash=19fe0e..fbb0a8 blocks=1 txs=0 mgas=0.000 elapsed=3.177ms     mgasps=0.000 triediffs=20.40MiB triedirty=0.00B
INFO [06-01|06:12:51.882] Chain head was updated                   number=1068 hash=19fe0e..fbb0a8 root=1deaa1..f9a751 elapsed="41.08µs"
INFO [06-01|06:12:52.886] Starting work on payload                 id=0x035b450834f1189a
INFO [06-01|06:12:52.905] Updated payload                          id=0x035b450834f1189a number=1069 hash=6a42db..995cf4 txs=0 withdrawals=0 gas=0 fees=0 root=1deaa1..f9a751 elapsed=18.646ms
INFO [06-01|06:12:52.905] Stopping work on payload                 id=0x035b450834f1189a reason=delivery
WARN [06-01|06:12:52.909] {"level":"warn","msg":"Slow block","block":{"number":1069,"hash":"0x6a42db276679586c2dfc75162d5c5bc97d1abd14c53f5c21567d6c0661995cf4","gas_used":0,"tx_count":0},"timing":{"execution_ms":0.02584,"state_read_ms":2.921609,"state_hash_ms":0.002352,"commit_ms":0.277581,"total_ms":3.471714},"throughput":{"mgas_per_sec":0},"state_reads":{"accounts":4,"storage_slots":0,"code":0,"code_bytes":0},"state_writes":{"accounts":0,"accounts_deleted":0,"storage_slots":0,"storage_slots_deleted":0,"code":0,"code_bytes":0},"cache":{"account":{"hits":0,"misses":4,"hit_rate":0},"storage":{"hits":0,"misses":0,"hit_rate":0},"code":{"hits":0,"misses":0,"hit_rate":0,"hit_bytes":0,"miss_bytes":0}}}
INFO [06-01|06:12:52.909] Imported new potential chain segment     number=1069 hash=6a42db..995cf4 blocks=1 txs=0 mgas=0.000 elapsed=3.653ms     mgasps=0.000 triediffs=20.40MiB triedirty=0.00B
INFO [06-01|06:12:52.909] Chain head was updated                   number=1069 hash=6a42db..995cf4 root=1deaa1..f9a751 elapsed="48.738µs"
INFO [06-01|06:12:53.045] Submitted contract creation              hash=0x012246724c84c3b3dfe535d90fab8d4a1eef8cb3dc9fc0e62e833769deec6e0b from=0xf39Fd6e51aad88F6F4ce6aB8827279cffFb92266 nonce=289 contract=0xB22C255250d74B0ADD1bfB936676D2a299BF48Bd value=0
INFO [06-01|06:12:53.045] Submitted transaction                    hash=0x4bcd97623e21dda6ada9cdbd7b0f44b752098d4698e1e45254c3eff005838bf2 from=0xf39Fd6e51aad88F6F4ce6aB8827279cffFb92266 nonce=290 recipient=0xfdB3EF49E33C8b3Cb35cF25f95Bfc573c5900BE5 value=78,000,000
INFO [06-01|06:12:53.914] Starting work on payload                 id=0x03c3506e93dedad8
INFO [06-01|06:12:53.956] Updated payload                          id=0x03c3506e93dedad8 number=1070 hash=5870a4..91f6fb txs=2 withdrawals=0 gas=86926 fees=5.21556e-13 root=96770e..7c075b elapsed=42.060ms
INFO [06-01|06:12:53.956] Stopping work on payload                 id=0x03c3506e93dedad8 reason=delivery
INFO [06-01|06:12:53.983] Paused snapshot generation
WARN [06-01|06:12:53.983] {"level":"warn","msg":"Slow block","block":{"number":1070,"hash":"0x5870a452cb01ae39048d901eec9eaddacaa40f177e04d794aeae5ba78791f6fb","gas_used":86926,"tx_count":2},"timing":{"execution_ms":0.148066,"state_read_ms":3.851781,"state_hash_ms":17.637576,"commit_ms":4.527144,"total_ms":26.440078},"throughput":{"mgas_per_sec":3.2876604978245525},"state_reads":{"accounts":11,"storage_slots":0,"code":0,"code_bytes":0},"state_writes":{"accounts":3,"accounts_deleted":0,"storage_slots":0,"storage_slots_deleted":0,"code":1,"code_bytes":165},"cache":{"account":{"hits":5,"misses":6,"hit_rate":45.45454545454545},"storage":{"hits":0,"misses":0,"hit_rate":0},"code":{"hits":0,"misses":0,"hit_rate":0,"hit_bytes":0,"miss_bytes":0}}}
INFO [06-01|06:12:53.983] Imported new potential chain segment     number=1070 hash=5870a4..91f6fb blocks=1 txs=2 mgas=0.087 elapsed=26.639ms    mgasps=3.263 triediffs=20.28MiB triedirty=0.00B
INFO [06-01|06:12:53.983] Chain head was updated                   number=1070 hash=5870a4..91f6fb root=96770e..7c075b elapsed="170.633µs"
WARN [06-01|06:12:54.003] Snapshot generation is not permitted
INFO [06-01|06:12:54.058] Submitted transaction                    hash=0xf44ba5c1d69f0d45f4b99ecb7e8218c77fb3cd464380cf21c258b273975654c2 from=0xfdB3EF49E33C8b3Cb35cF25f95Bfc573c5900BE5 nonce=0   recipient=0xB22C255250d74B0ADD1bfB936676D2a299BF48Bd value=0
INFO [06-01|06:12:55.002] Starting work on payload                 id=0x037305ae0dc77cea
INFO [06-01|06:12:55.664] Updated payload                          id=0x037305ae0dc77cea number=1071 hash=447cfd..7411ad txs=1 withdrawals=0 gas=5,903,530 fees=3.542118e-11 root=a036cf..99c261 elapsed=662.001ms
INFO [06-01|06:12:55.664] Stopping work on payload                 id=0x037305ae0dc77cea reason=delivery
INFO [06-01|06:12:55.761] Paused snapshot generation
WARN [06-01|06:12:55.767] {"level":"warn","msg":"Slow block","block":{"number":1071,"hash":"0x447cfd4a11c33235872b66b5a5e4a628715f879e1165f139e45d7751fc7411ad","gas_used":5903530,"tx_count":1},"timing":{"execution_ms":5.249241,"state_read_ms":34.870682,"state_hash_ms":49.563301,"commit_ms":12.52805,"total_ms":102.671944},"throughput":{"mgas_per_sec":57.49895998852423},"state_reads":{"accounts":219,"storage_slots":212,"code":213,"code_bytes":6101},"state_writes":{"accounts":213,"accounts_deleted":0,"storage_slots":211,"storage_slots_deleted":0,"code":0,"code_bytes":0},"cache":{"account":{"hits":67,"misses":152,"hit_rate":30.59360730593607},"storage":{"hits":24,"misses":188,"hit_rate":11.320754716981133},"code":{"hits":213,"misses":0,"hit_rate":100,"hit_bytes":6101,"miss_bytes":0}}}
INFO [06-01|06:12:55.767] Imported new potential chain segment     number=1071 hash=447cfd..7411ad blocks=1 txs=1 mgas=5.904 elapsed=102.970ms   mgasps=57.332 triediffs=21.60MiB triedirty=0.00B
INFO [06-01|06:12:55.767] Chain head was updated                   number=1071 hash=447cfd..7411ad root=a036cf..99c261 elapsed="108.128µs"
WARN [06-01|06:12:55.792] Snapshot generation is not permitted
INFO [06-01|06:12:56.075] Submitted transaction                    hash=0xb9a033052b34f0d4dcacfaa69fb4578ea5ef6533b2ee45db6f388af0f9bbe8c3 from=0xfdB3EF49E33C8b3Cb35cF25f95Bfc573c5900BE5 nonce=1   recipient=0xf39Fd6e51aad88F6F4ce6aB8827279cffFb92266 value=1,002,110
INFO [06-01|06:12:56.771] Starting work on payload                 id=0x036b1548a1f9739a
INFO [06-01|06:12:56.790] Updated payload                          id=0x036b1548a1f9739a number=1072 hash=6e09ca..9ef96d txs=1 withdrawals=0 gas=21000     fees=2.1e-14      root=bd205f..23f44d elapsed=19.176ms
INFO [06-01|06:12:56.791] Stopping work on payload                 id=0x036b1548a1f9739a reason=delivery
INFO [06-01|06:12:56.806] Paused snapshot generation
WARN [06-01|06:12:56.807] {"level":"warn","msg":"Slow block","block":{"number":1072,"hash":"0x6e09ca7e361dba8ab5cfaac501155e0c7d7b47ee19795d66c39a1a989d9ef96d","gas_used":21000,"tx_count":1},"timing":{"execution_ms":0.081951,"state_read_ms":8.164537,"state_hash_ms":6.444521,"commit_ms":0.922883,"total_ms":15.815788},"throughput":{"mgas_per_sec":1.327787145351215},"state_reads":{"accounts":6,"storage_slots":0,"code":0,"code_bytes":0},"state_writes":{"accounts":2,"accounts_deleted":0,"storage_slots":0,"storage_slots_deleted":0,"code":0,"code_bytes":0},"cache":{"account":{"hits":2,"misses":4,"hit_rate":33.33333333333333},"storage":{"hits":0,"misses":0,"hit_rate":0},"code":{"hits":0,"misses":0,"hit_rate":0,"hit_bytes":0,"miss_bytes":0}}}
INFO [06-01|06:12:56.807] Imported new potential chain segment     number=1072 hash=6e09ca..9ef96d blocks=1 txs=1 mgas=0.021 elapsed=15.952ms    mgasps=1.316  triediffs=21.60MiB triedirty=0.00B
INFO [06-01|06:12:56.807] Chain head was updated                   number=1072 hash=6e09ca..9ef96d root=bd205f..23f44d elapsed="90.653µs"
WARN [06-01|06:12:56.825] Snapshot generation is not permitted
