WARN [06-01|12:42:57.954] Unknown config environment variable      envvar=GETH_PBT_BIN
WARN [06-01|12:42:57.954] Unknown config environment variable      envvar=GETH_UBT_BIN
INFO [06-01|12:42:57.966] Starting Geth on Ethereum mainnet...
INFO [06-01|12:42:57.967] Maximum peer count                       ETH=0 total=0
INFO [06-01|12:42:57.968] Smartcard socket not found, disabling    err="stat /run/pcscd/pcscd.comm: no such file or directory"
WARN [06-01|12:42:57.972] Option --miner.etherbase is deprecated as the etherbase is set by the consensus client post-merge
INFO [06-01|12:42:57.974] Set global gas cap                       cap=50,000,000
INFO [06-01|12:42:58.768] Using developer account                  address=0xf39Fd6e51aad88F6F4ce6aB8827279cffFb92266
INFO [06-01|12:42:58.813] Using pebble as the backing database
INFO [06-01|12:42:58.813] Allocated cache and file handles         database=/mnt/state_expiry_vol_data/ubt-vs-pbt-dbs/ubt/geth/chaindata cache=2.00GiB handles=262,144
INFO [06-01|12:42:59.045] Opened ancient database                  database=/mnt/state_expiry_vol_data/ubt-vs-pbt-dbs/ubt/geth/chaindata/ancient/chain readonly=true
INFO [06-01|12:42:59.045] Opened Era store                         datadir=/mnt/state_expiry_vol_data/ubt-vs-pbt-dbs/ubt/geth/chaindata/ancient/chain/era
INFO [06-01|12:42:59.053] Initializing the KZG library             backend=gokzg
INFO [06-01|12:42:59.056] Allocated trie memory caches             clean=614.00MiB dirty=1.00GiB
INFO [06-01|12:42:59.069] Using pebble as the backing database
INFO [06-01|12:42:59.069] Allocated cache and file handles         database=/mnt/state_expiry_vol_data/ubt-vs-pbt-dbs/ubt/geth/chaindata cache=2.00GiB handles=262,144
INFO [06-01|12:42:59.278] Opened ancient database                  database=/mnt/state_expiry_vol_data/ubt-vs-pbt-dbs/ubt/geth/chaindata/ancient/chain readonly=false
INFO [06-01|12:42:59.278] Opened Era store                         datadir=/mnt/state_expiry_vol_data/ubt-vs-pbt-dbs/ubt/geth/chaindata/ancient/chain/era
INFO [06-01|12:42:59.284] State scheme set to already existing     scheme=path
INFO [06-01|12:42:59.284] Initialising Ethereum protocol           network=1337 dbversion=9
WARN [06-01|12:42:59.284] Sanitizing invalid node buffer size      provided=1.00GiB updated=256.00MiB
INFO [06-01|12:42:59.285] Load database journal from file          path=/mnt/state_expiry_vol_data/ubt-vs-pbt-dbs/ubt/geth/triedb/verkle.journal
INFO [06-01|12:42:59.440] Opened ancient database                  database=/mnt/state_expiry_vol_data/ubt-vs-pbt-dbs/ubt/geth/chaindata/ancient/state_verkle readonly=false
INFO [06-01|12:42:59.442] State snapshot generator is not compatible
INFO [06-01|12:42:59.442] Initialized path database                triecache=614.00MiB statecache=409.00MiB buffer=256.00MiB state-history="last 90000 blocks" journal-dir=/mnt/state_expiry_vol_data/ubt-vs-pbt-dbs/ubt/geth/triedb verkle=true
INFO [06-01|12:42:59.442] 
INFO [06-01|12:42:59.442] ---------------------------------------------------------------------------------------------------------------------------------------------------------
INFO [06-01|12:42:59.442] Chain ID:  1337 (unknown)
INFO [06-01|12:42:59.442] Consensus: unknown
INFO [06-01|12:42:59.442] 
INFO [06-01|12:42:59.442] Pre-Merge hard forks (block based):
INFO [06-01|12:42:59.442]  - Homestead:                   #0       
INFO [06-01|12:42:59.442]  - Tangerine Whistle (EIP 150): #0       
INFO [06-01|12:42:59.442]  - Spurious Dragon/1 (EIP 155): #0       
INFO [06-01|12:42:59.442]  - Spurious Dragon/2 (EIP 158): #0       
INFO [06-01|12:42:59.442]  - Byzantium:                   #0       
INFO [06-01|12:42:59.442]  - Constantinople:              #0       
INFO [06-01|12:42:59.442]  - Petersburg:                  #0       
INFO [06-01|12:42:59.442]  - Istanbul:                    #0       
INFO [06-01|12:42:59.442]  - Berlin:                      #0       
INFO [06-01|12:42:59.442]  - London:                      #0       
INFO [06-01|12:42:59.442]  - Arrow Glacier:               #0       
INFO [06-01|12:42:59.442]  - Gray Glacier:                #0       
INFO [06-01|12:42:59.442] 
INFO [06-01|12:42:59.442] Merge configured:
INFO [06-01|12:42:59.442]  - Total terminal difficulty:  0
INFO [06-01|12:42:59.442]  - Merge netsplit block:       #0       
INFO [06-01|12:42:59.442] 
INFO [06-01|12:42:59.442] Post-Merge hard forks (timestamp based):
INFO [06-01|12:42:59.442]  - Shanghai:                    @0         
INFO [06-01|12:42:59.442]  - Cancun:                      @0          blob: (target: 3, max: 6, fraction: 3338477)
INFO [06-01|12:42:59.442]  - Prague:                      @0          blob: (target: 6, max: 9, fraction: 5007716)
INFO [06-01|12:42:59.442]  - Osaka:                       @0          blob: (target: 6, max: 9, fraction: 5007716)
INFO [06-01|12:42:59.442]  - UBT:                         @0          blob: (nil)
INFO [06-01|12:42:59.442] 
INFO [06-01|12:42:59.442] All fork specifications can be found at https://ethereum.github.io/execution-specs/src/ethereum/forks/
INFO [06-01|12:42:59.442] 
INFO [06-01|12:42:59.442] ---------------------------------------------------------------------------------------------------------------------------------------------------------
INFO [06-01|12:42:59.442] 
INFO [06-01|12:42:59.444] Loaded most recent local block           number=5516 hash=7aceba..1f4f12 age=3s
INFO [06-01|12:42:59.444] Loaded most recent local finalized block number=5504 hash=83f9ba..343d51 age=19s
INFO [06-01|12:42:59.448] Initialized transaction indexer          range="last 2350000 blocks"
INFO [06-01|12:42:59.448] Initialized log indexer                  firstblock=0 lastblock=5516 firstmap=0 lastmap=0 headindexed=true
INFO [06-01|12:42:59.486] Enabled full-sync                        head=5516 hash=7aceba..1f4f12
INFO [06-01|12:42:59.487] Unprotected transactions allowed
INFO [06-01|12:42:59.487] Gasprice oracle is ignoring threshold set threshold=2
INFO [06-01|12:42:59.487] Registered sync override service
WARN [06-01|12:42:59.488] You are running Geth in --dev mode. Please note the following:
WARN [06-01|12:42:59.488] 
WARN [06-01|12:42:59.488]   1. This mode is only intended for fast, iterative development without assumptions on
WARN [06-01|12:42:59.488]      security or persistence.
WARN [06-01|12:42:59.488]   2. The database is created in memory unless specified otherwise. Therefore, shutting down
WARN [06-01|12:42:59.488]      your computer or losing power will wipe your entire block data and chain state for
WARN [06-01|12:42:59.488]      your dev environment.
WARN [06-01|12:42:59.488]   3. A random, pre-allocated developer account will be available and unlocked as
WARN [06-01|12:42:59.488]      eth.coinbase, which can be used for testing. The random dev account is temporary,
WARN [06-01|12:42:59.488]      stored on a ramdisk, and will be lost if your machine is restarted.
WARN [06-01|12:42:59.488]   4. Mining is enabled by default. However, the client will only seal blocks if transactions
WARN [06-01|12:42:59.488]      are pending in the mempool. The miner's minimum accepted gas price is 1.
WARN [06-01|12:42:59.488]   5. Networking is disabled; there is no listen-address, the maximum number of peers is set
WARN [06-01|12:42:59.488]      to 0, and discovery is disabled.
WARN [06-01|12:42:59.488] 
INFO [06-01|12:42:59.488] Starting peer-to-peer node               instance=Geth/v1.17.3-unstable/linux-amd64/go1.24.9
WARN [06-01|12:42:59.488] P2P server will be useless, neither dialing nor listening
INFO [06-01|12:42:59.531] IPC endpoint opened                      url=/mnt/state_expiry_vol_data/ubt-vs-pbt-dbs/ubt/geth.ipc
ERROR[06-01|12:42:59.531] Unavailable modules in HTTP API list     unavailable=[personal] available="[admin debug web3 eth txpool miner net dev testing]"
INFO [06-01|12:42:59.531] New local node record                    seq=1,780,289,664,865 id=c084d8867e8cc127 ip=127.0.0.1 udp=0 tcp=0
INFO [06-01|12:42:59.531] Started P2P networking                   self=enode://ed0ccbffbfc0dc9f1b0f8e55d585ad3e61215b1974f32d9388e7ae53563e3ebe0172c21d754fa202c3a63f95bef3ff3ea24339ffdabd0115c47ec5b8d33136a9@127.0.0.1:0
INFO [06-01|12:42:59.532] HTTP server started                      endpoint=127.0.0.1:8545 auth=false prefix= cors= vhosts=localhost
INFO [06-01|12:42:59.532] WebSocket enabled                        url=ws://127.0.0.1:8546
INFO [06-01|12:42:59.915] Loaded local transaction journal         transactions=3797 dropped=0
INFO [06-01|12:43:00.775] Started log indexer
INFO [06-01|12:43:00.824] Starting work on payload                 id=0x03ba5791b2702228
INFO [06-01|12:43:00.845] Updated payload                          id=0x03ba5791b2702228 number=5517 hash=aac85d..d8e1e0 txs=0 withdrawals=0 gas=0 fees=0 root=8fbc89..c64f8d elapsed=20.784ms
INFO [06-01|12:43:00.845] Stopping work on payload                 id=0x03ba5791b2702228 reason=delivery
WARN [06-01|12:43:00.852] {"level":"warn","msg":"Slow block","block":{"number":5517,"hash":"0xaac85d2bd559ff1bfd33fff0f87eb6acef0956f7fc42a75ab4ca5a04f1d8e1e0","gas_used":0,"tx_count":0},"timing":{"execution_ms":0.039911,"state_read_ms":6.306281,"state_hash_ms":0.002573,"commit_ms":0.248137,"total_ms":6.83547},"throughput":{"mgas_per_sec":0},"state_reads":{"accounts":4,"storage_slots":0,"code":0,"code_bytes":0},"state_writes":{"accounts":0,"accounts_deleted":0,"storage_slots":0,"storage_slots_deleted":0,"code":0,"code_bytes":0},"cache":{"account":{"hits":0,"misses":4,"hit_rate":0},"storage":{"hits":0,"misses":0,"hit_rate":0},"code":{"hits":0,"misses":0,"hit_rate":0,"hit_bytes":0,"miss_bytes":0}}}
INFO [06-01|12:43:00.852] Imported new potential chain segment     number=5517 hash=aac85d..d8e1e0 blocks=1 txs=0 mgas=0.000 elapsed=7.624ms  mgasps=0.000 triediffs=2.43MiB triedirty=4.04MiB
INFO [06-01|12:43:00.853] Chain head was updated                   number=5517 hash=aac85d..d8e1e0 root=8fbc89..c64f8d elapsed="167.181µs"
INFO [06-01|12:43:01.861] Starting work on payload                 id=0x0344065bc8c3df05
INFO [06-01|12:43:01.881] Updated payload                          id=0x0344065bc8c3df05 number=5518 hash=13af40..ea235b txs=0 withdrawals=0 gas=0 fees=0 root=8fbc89..c64f8d elapsed=19.335ms
INFO [06-01|12:43:01.881] Stopping work on payload                 id=0x0344065bc8c3df05 reason=delivery
WARN [06-01|12:43:01.903] {"level":"warn","msg":"Slow block","block":{"number":5518,"hash":"0x13af4040188512d5f945fe6d4962531622601e22a06b79d67225174546ea235b","gas_used":0,"tx_count":0},"timing":{"execution_ms":0.039338,"state_read_ms":21.481653,"state_hash_ms":0.003085,"commit_ms":0.158115,"total_ms":21.896647},"throughput":{"mgas_per_sec":0},"state_reads":{"accounts":4,"storage_slots":0,"code":0,"code_bytes":0},"state_writes":{"accounts":0,"accounts_deleted":0,"storage_slots":0,"storage_slots_deleted":0,"code":0,"code_bytes":0},"cache":{"account":{"hits":0,"misses":4,"hit_rate":0},"storage":{"hits":0,"misses":0,"hit_rate":0},"code":{"hits":0,"misses":0,"hit_rate":0,"hit_bytes":0,"miss_bytes":0}}}
INFO [06-01|12:43:01.903] Imported new potential chain segment     number=5518 hash=13af40..ea235b blocks=1 txs=0 mgas=0.000 elapsed=22.074ms    mgasps=0.000 triediffs=2.43MiB triedirty=4.04MiB
INFO [06-01|12:43:01.903] Chain head was updated                   number=5518 hash=13af40..ea235b root=8fbc89..c64f8d elapsed="56.871µs"
INFO [06-01|12:43:02.938] Starting work on payload                 id=0x037638de3a15b746
INFO [06-01|12:43:02.960] Updated payload                          id=0x037638de3a15b746 number=5519 hash=4bb066..617c98 txs=0 withdrawals=0 gas=0 fees=0 root=8fbc89..c64f8d elapsed=21.399ms
INFO [06-01|12:43:02.960] Stopping work on payload                 id=0x037638de3a15b746 reason=delivery
WARN [06-01|12:43:02.970] {"level":"warn","msg":"Slow block","block":{"number":5519,"hash":"0x4bb06689c180c7fe1dbe20d7eb708134c2ce2ca2a3979ede8a8050527a617c98","gas_used":0,"tx_count":0},"timing":{"execution_ms":0.033451,"state_read_ms":3.304814,"state_hash_ms":0.003809,"commit_ms":0.179359,"total_ms":9.72765},"throughput":{"mgas_per_sec":0},"state_reads":{"accounts":4,"storage_slots":0,"code":0,"code_bytes":0},"state_writes":{"accounts":0,"accounts_deleted":0,"storage_slots":0,"storage_slots_deleted":0,"code":0,"code_bytes":0},"cache":{"account":{"hits":0,"misses":4,"hit_rate":0},"storage":{"hits":0,"misses":0,"hit_rate":0},"code":{"hits":0,"misses":0,"hit_rate":0,"hit_bytes":0,"miss_bytes":0}}}
INFO [06-01|12:43:02.970] Imported new potential chain segment     number=5519 hash=4bb066..617c98 blocks=1 txs=0 mgas=0.000 elapsed=9.999ms     mgasps=0.000 triediffs=2.43MiB triedirty=4.04MiB
INFO [06-01|12:43:02.970] Chain head was updated                   number=5519 hash=4bb066..617c98 root=8fbc89..c64f8d elapsed="43.678µs"
INFO [06-01|12:43:03.005] Submitted contract creation              hash=0xe9151a132bc5a0003485e756f7a06798cddc9385bcd4c1473a5c0e5b76b9f403 from=0xf39Fd6e51aad88F6F4ce6aB8827279cffFb92266 nonce=1643 contract=0x39d88cF0B7d15A7C0DE4ad7897a9b8763314d3eC value=0
INFO [06-01|12:43:03.005] Submitted transaction                    hash=0xbe861b24eb28c0b3039be76eeb5a0de624de0096435a6f1d7844ac8c6d9a7923 from=0xf39Fd6e51aad88F6F4ce6aB8827279cffFb92266 nonce=1644 recipient=0x741435044E14E82c5383dd67EF17Cdd1b366Fb0c value=78,000,000
INFO [06-01|12:43:03.975] Starting work on payload                 id=0x0384fd030a7db2d1
INFO [06-01|12:43:04.021] Updated payload                          id=0x0384fd030a7db2d1 number=5520 hash=dc94f8..a3880e txs=2 withdrawals=0 gas=86938 fees=5.21628e-13 root=d0f560..aa2a6b elapsed=46.079ms
INFO [06-01|12:43:04.021] Stopping work on payload                 id=0x0384fd030a7db2d1 reason=delivery
WARN [06-01|12:43:04.056] {"level":"warn","msg":"Slow block","block":{"number":5520,"hash":"0xdc94f8cd9e1d7276f833e30580aa572a5669c13a1fb6b33f6eb2dc1744a3880e","gas_used":86938,"tx_count":2},"timing":{"execution_ms":0.095691,"state_read_ms":21.706867,"state_hash_ms":3.263168,"commit_ms":9.107456,"total_ms":34.351965},"throughput":{"mgas_per_sec":2.5308013675491345},"state_reads":{"accounts":11,"storage_slots":0,"code":0,"code_bytes":0},"state_writes":{"accounts":3,"accounts_deleted":0,"storage_slots":0,"storage_slots_deleted":0,"code":1,"code_bytes":165},"cache":{"account":{"hits":7,"misses":4,"hit_rate":63.63636363636363},"storage":{"hits":0,"misses":0,"hit_rate":0},"code":{"hits":0,"misses":0,"hit_rate":0,"hit_bytes":0,"miss_bytes":0}}}
INFO [06-01|12:43:04.056] Imported new potential chain segment     number=5520 hash=dc94f8..a3880e blocks=1 txs=2 mgas=0.087 elapsed=34.588ms    mgasps=2.513 triediffs=2.43MiB triedirty=4.04MiB
INFO [06-01|12:43:04.057] Chain head was updated                   number=5520 hash=dc94f8..a3880e root=d0f560..aa2a6b elapsed="303.193µs"
INFO [06-01|12:43:05.021] Submitted transaction                    hash=0x15c0b96ae58e376e9a299d36c40c0345974e2250d4f4a1e7cda76e6177864751 from=0x741435044E14E82c5383dd67EF17Cdd1b366Fb0c nonce=0    recipient=0x39d88cF0B7d15A7C0DE4ad7897a9b8763314d3eC value=0
INFO [06-01|12:43:05.065] Starting work on payload                 id=0x030b7c3f6f14ef9c
INFO [06-01|12:43:05.193] Updated payload                          id=0x030b7c3f6f14ef9c number=5521 hash=1bf142..fdcb37 txs=1 withdrawals=0 gas=5,919,370 fees=3.551622e-11 root=a8dea8..a0b951 elapsed=127.890ms
INFO [06-01|12:43:05.194] Stopping work on payload                 id=0x030b7c3f6f14ef9c reason=delivery
WARN [06-01|12:43:05.245] {"level":"warn","msg":"Slow block","block":{"number":5521,"hash":"0x1bf1427146224d8094ba2a9a9e1724c803b3edda58fd49398fc73110abfdcb37","gas_used":5919370,"tx_count":1},"timing":{"execution_ms":4.511555,"state_read_ms":20.764287,"state_hash_ms":17.149605,"commit_ms":1.912811,"total_ms":50.539648},"throughput":{"mgas_per_sec":117.12329298375802},"state_reads":{"accounts":17,"storage_slots":283,"code":11,"code_bytes":445},"state_writes":{"accounts":12,"accounts_deleted":0,"storage_slots":254,"storage_slots_deleted":0,"code":0,"code_bytes":0},"cache":{"account":{"hits":1,"misses":16,"hit_rate":5.88235294117647},"storage":{"hits":25,"misses":258,"hit_rate":8.8339222614841},"code":{"hits":11,"misses":0,"hit_rate":100,"hit_bytes":445,"miss_bytes":0}}}
INFO [06-01|12:43:05.245] Imported new potential chain segment     number=5521 hash=1bf142..fdcb37 blocks=1 txs=1 mgas=5.919 elapsed=50.906ms    mgasps=116.279 triediffs=2.55MiB triedirty=4.04MiB
INFO [06-01|12:43:05.245] Chain head was updated                   number=5521 hash=1bf142..fdcb37 root=a8dea8..a0b951 elapsed="78.278µs"
INFO [06-01|12:43:06.037] Submitted transaction                    hash=0x06fbc1d5f57ac281288d3f60eb06b6c218284c9cd21b5ff37a812a6e751700cc from=0x741435044E14E82c5383dd67EF17Cdd1b366Fb0c nonce=1    recipient=0xf39Fd6e51aad88F6F4ce6aB8827279cffFb92266 value=796,190
INFO [06-01|12:43:06.263] Starting work on payload                 id=0x03cc9ca1e677042a
INFO [06-01|12:43:06.278] Updated payload                          id=0x03cc9ca1e677042a number=5522 hash=65290c..5ca299 txs=1 withdrawals=0 gas=21000     fees=2.1e-14      root=d9eb47..8ba234 elapsed=15.108ms
INFO [06-01|12:43:06.279] Stopping work on payload                 id=0x03cc9ca1e677042a reason=delivery
WARN [06-01|12:43:06.307] {"level":"warn","msg":"Slow block","block":{"number":5522,"hash":"0x65290ce0b7790f68f24e15176ead029c9805c7e73950f9a1261684f7bb5ca299","gas_used":21000,"tx_count":1},"timing":{"execution_ms":0.252173,"state_read_ms":21.274721,"state_hash_ms":4.548734,"commit_ms":2.187325,"total_ms":28.669309},"throughput":{"mgas_per_sec":0.7324906226376088},"state_reads":{"accounts":6,"storage_slots":0,"code":0,"code_bytes":0},"state_writes":{"accounts":2,"accounts_deleted":0,"storage_slots":0,"storage_slots_deleted":0,"code":0,"code_bytes":0},"cache":{"account":{"hits":0,"misses":6,"hit_rate":0},"storage":{"hits":0,"misses":0,"hit_rate":0},"code":{"hits":0,"misses":0,"hit_rate":0,"hit_bytes":0,"miss_bytes":0}}}
INFO [06-01|12:43:06.307] Imported new potential chain segment     number=5522 hash=65290c..5ca299 blocks=1 txs=1 mgas=0.021 elapsed=28.821ms    mgasps=0.729   triediffs=2.54MiB triedirty=4.05MiB
INFO [06-01|12:43:06.308] Chain head was updated                   number=5522 hash=65290c..5ca299 root=d9eb47..8ba234 elapsed="108.285µs"
INFO [06-01|12:43:07.321] Starting work on payload                 id=0x0361cb1ec13fb1a6
INFO [06-01|12:43:07.341] Updated payload                          id=0x0361cb1ec13fb1a6 number=5523 hash=8cf699..1f9916 txs=0 withdrawals=0 gas=0         fees=0            root=d9eb47..8ba234 elapsed=19.931ms
INFO [06-01|12:43:07.341] Stopping work on payload                 id=0x0361cb1ec13fb1a6 reason=delivery
WARN [06-01|12:43:07.345] {"level":"warn","msg":"Slow block","block":{"number":5523,"hash":"0x8cf699f22d6218e4d618caa7f39657e2087024d740cef5944515399fe31f9916","gas_used":0,"tx_count":0},"timing":{"execution_ms":0.032358,"state_read_ms":2.766836,"state_hash_ms":0.001912,"commit_ms":0.142561,"total_ms":3.116541},"throughput":{"mgas_per_sec":0},"state_reads":{"accounts":4,"storage_slots":0,"code":0,"code_bytes":0},"state_writes":{"accounts":0,"accounts_deleted":0,"storage_slots":0,"storage_slots_deleted":0,"code":0,"code_bytes":0},"cache":{"account":{"hits":0,"misses":4,"hit_rate":0},"storage":{"hits":0,"misses":0,"hit_rate":0},"code":{"hits":0,"misses":0,"hit_rate":0,"hit_bytes":0,"miss_bytes":0}}}
INFO [06-01|12:43:07.345] Imported new potential chain segment     number=5523 hash=8cf699..1f9916 blocks=1 txs=0 mgas=0.000 elapsed=3.341ms     mgasps=0.000   triediffs=2.54MiB triedirty=4.05MiB
INFO [06-01|12:43:07.345] Chain head was updated                   number=5523 hash=8cf699..1f9916 root=d9eb47..8ba234 elapsed="43.88µs"
