WARN [06-02|03:56:22.912] Unknown config environment variable      envvar=GETH_PBT_BIN
WARN [06-02|03:56:22.912] Unknown config environment variable      envvar=GETH_UBT_BIN
INFO [06-02|03:56:22.923] Starting Geth on Ethereum mainnet...
INFO [06-02|03:56:22.925] Maximum peer count                       ETH=0 total=0
INFO [06-02|03:56:22.926] Smartcard socket not found, disabling    err="stat /run/pcscd/pcscd.comm: no such file or directory"
WARN [06-02|03:56:22.929] Option --miner.etherbase is deprecated as the etherbase is set by the consensus client post-merge
INFO [06-02|03:56:22.932] Set global gas cap                       cap=50,000,000
INFO [06-02|03:56:23.728] Using developer account                  address=0xf39Fd6e51aad88F6F4ce6aB8827279cffFb92266
INFO [06-02|03:56:23.773] Using pebble as the backing database
INFO [06-02|03:56:23.773] Allocated cache and file handles         database=/mnt/state_expiry_vol_data/ubt-vs-pbt-dbs/ubt/geth/chaindata cache=2.00GiB handles=262,144
INFO [06-02|03:56:24.012] Opened ancient database                  database=/mnt/state_expiry_vol_data/ubt-vs-pbt-dbs/ubt/geth/chaindata/ancient/chain readonly=true
INFO [06-02|03:56:24.012] Opened Era store                         datadir=/mnt/state_expiry_vol_data/ubt-vs-pbt-dbs/ubt/geth/chaindata/ancient/chain/era
INFO [06-02|03:56:24.020] Initializing the KZG library             backend=gokzg
INFO [06-02|03:56:24.021] Allocated trie memory caches             clean=614.00MiB dirty=1.00GiB
INFO [06-02|03:56:24.031] Using pebble as the backing database
INFO [06-02|03:56:24.031] Allocated cache and file handles         database=/mnt/state_expiry_vol_data/ubt-vs-pbt-dbs/ubt/geth/chaindata cache=2.00GiB handles=262,144
INFO [06-02|03:56:24.272] Opened ancient database                  database=/mnt/state_expiry_vol_data/ubt-vs-pbt-dbs/ubt/geth/chaindata/ancient/chain readonly=false
INFO [06-02|03:56:24.272] Opened Era store                         datadir=/mnt/state_expiry_vol_data/ubt-vs-pbt-dbs/ubt/geth/chaindata/ancient/chain/era
INFO [06-02|03:56:24.282] State scheme set to already existing     scheme=path
INFO [06-02|03:56:24.282] Initialising Ethereum protocol           network=1337 dbversion=9
WARN [06-02|03:56:24.282] Sanitizing invalid node buffer size      provided=1.00GiB updated=256.00MiB
INFO [06-02|03:56:24.283] Load database journal from file          path=/mnt/state_expiry_vol_data/ubt-vs-pbt-dbs/ubt/geth/triedb/verkle.journal
INFO [06-02|03:56:26.176] Opened ancient database                  database=/mnt/state_expiry_vol_data/ubt-vs-pbt-dbs/ubt/geth/chaindata/ancient/state_verkle readonly=false
INFO [06-02|03:56:26.176] State snapshot generator is not compatible
INFO [06-02|03:56:26.176] Initialized path database                triecache=614.00MiB statecache=409.00MiB buffer=256.00MiB state-history="last 90000 blocks" journal-dir=/mnt/state_expiry_vol_data/ubt-vs-pbt-dbs/ubt/geth/triedb verkle=true
INFO [06-02|03:56:26.177] 
INFO [06-02|03:56:26.177] ---------------------------------------------------------------------------------------------------------------------------------------------------------
INFO [06-02|03:56:26.177] Chain ID:  1337 (unknown)
INFO [06-02|03:56:26.177] Consensus: unknown
INFO [06-02|03:56:26.177] 
INFO [06-02|03:56:26.177] Pre-Merge hard forks (block based):
INFO [06-02|03:56:26.177]  - Homestead:                   #0       
INFO [06-02|03:56:26.177]  - Tangerine Whistle (EIP 150): #0       
INFO [06-02|03:56:26.177]  - Spurious Dragon/1 (EIP 155): #0       
INFO [06-02|03:56:26.177]  - Spurious Dragon/2 (EIP 158): #0       
INFO [06-02|03:56:26.177]  - Byzantium:                   #0       
INFO [06-02|03:56:26.177]  - Constantinople:              #0       
INFO [06-02|03:56:26.177]  - Petersburg:                  #0       
INFO [06-02|03:56:26.177]  - Istanbul:                    #0       
INFO [06-02|03:56:26.177]  - Berlin:                      #0       
INFO [06-02|03:56:26.177]  - London:                      #0       
INFO [06-02|03:56:26.177]  - Arrow Glacier:               #0       
INFO [06-02|03:56:26.177]  - Gray Glacier:                #0       
INFO [06-02|03:56:26.177] 
INFO [06-02|03:56:26.177] Merge configured:
INFO [06-02|03:56:26.177]  - Total terminal difficulty:  0
INFO [06-02|03:56:26.177]  - Merge netsplit block:       #0       
INFO [06-02|03:56:26.177] 
INFO [06-02|03:56:26.177] Post-Merge hard forks (timestamp based):
INFO [06-02|03:56:26.177]  - Shanghai:                    @0         
INFO [06-02|03:56:26.177]  - Cancun:                      @0          blob: (target: 3, max: 6, fraction: 3338477)
INFO [06-02|03:56:26.177]  - Prague:                      @0          blob: (target: 6, max: 9, fraction: 5007716)
INFO [06-02|03:56:26.177]  - Osaka:                       @0          blob: (target: 6, max: 9, fraction: 5007716)
INFO [06-02|03:56:26.177]  - UBT:                         @0          blob: (nil)
INFO [06-02|03:56:26.177] 
INFO [06-02|03:56:26.177] All fork specifications can be found at https://ethereum.github.io/execution-specs/src/ethereum/forks/
INFO [06-02|03:56:26.177] 
INFO [06-02|03:56:26.177] ---------------------------------------------------------------------------------------------------------------------------------------------------------
INFO [06-02|03:56:26.177] 
INFO [06-02|03:56:26.177] Loaded most recent local block           number=9569 hash=5cfcd1..398fbd age=8s
INFO [06-02|03:56:26.177] Loaded most recent local finalized block number=9568 hash=3c400e..abfc98 age=9s
INFO [06-02|03:56:26.178] Initialized transaction indexer          range="last 2350000 blocks"
INFO [06-02|03:56:26.178] Initialized log indexer                  firstblock=0 lastblock=9569 firstmap=0 lastmap=0 headindexed=true
INFO [06-02|03:56:26.197] Enabled full-sync                        head=9569 hash=5cfcd1..398fbd
INFO [06-02|03:56:26.197] Unprotected transactions allowed
INFO [06-02|03:56:26.197] Gasprice oracle is ignoring threshold set threshold=2
INFO [06-02|03:56:26.197] Registered sync override service
WARN [06-02|03:56:26.197] You are running Geth in --dev mode. Please note the following:
WARN [06-02|03:56:26.197] 
WARN [06-02|03:56:26.197]   1. This mode is only intended for fast, iterative development without assumptions on
WARN [06-02|03:56:26.197]      security or persistence.
WARN [06-02|03:56:26.197]   2. The database is created in memory unless specified otherwise. Therefore, shutting down
WARN [06-02|03:56:26.197]      your computer or losing power will wipe your entire block data and chain state for
WARN [06-02|03:56:26.197]      your dev environment.
WARN [06-02|03:56:26.197]   3. A random, pre-allocated developer account will be available and unlocked as
WARN [06-02|03:56:26.197]      eth.coinbase, which can be used for testing. The random dev account is temporary,
WARN [06-02|03:56:26.197]      stored on a ramdisk, and will be lost if your machine is restarted.
WARN [06-02|03:56:26.197]   4. Mining is enabled by default. However, the client will only seal blocks if transactions
WARN [06-02|03:56:26.197]      are pending in the mempool. The miner's minimum accepted gas price is 1.
WARN [06-02|03:56:26.197]   5. Networking is disabled; there is no listen-address, the maximum number of peers is set
WARN [06-02|03:56:26.197]      to 0, and discovery is disabled.
WARN [06-02|03:56:26.197] 
INFO [06-02|03:56:26.197] Starting peer-to-peer node               instance=Geth/v1.17.3-unstable/linux-amd64/go1.24.9
WARN [06-02|03:56:26.197] P2P server will be useless, neither dialing nor listening
INFO [06-02|03:56:26.226] New local node record                    seq=1,780,289,665,384 id=c084d8867e8cc127 ip=127.0.0.1 udp=0 tcp=0
INFO [06-02|03:56:26.226] Started P2P networking                   self=enode://ed0ccbffbfc0dc9f1b0f8e55d585ad3e61215b1974f32d9388e7ae53563e3ebe0172c21d754fa202c3a63f95bef3ff3ea24339ffdabd0115c47ec5b8d33136a9@127.0.0.1:0
INFO [06-02|03:56:26.229] IPC endpoint opened                      url=/mnt/state_expiry_vol_data/ubt-vs-pbt-dbs/ubt/geth.ipc
ERROR[06-02|03:56:26.229] Unavailable modules in HTTP API list     unavailable=[personal] available="[admin debug web3 eth txpool miner net dev testing]"
INFO [06-02|03:56:26.230] HTTP server started                      endpoint=127.0.0.1:8545 auth=false prefix= cors= vhosts=localhost
INFO [06-02|03:56:26.230] WebSocket enabled                        url=ws://127.0.0.1:8546
INFO [06-02|03:56:27.045] Loaded local transaction journal         transactions=7600 dropped=0
INFO [06-02|03:56:27.383] Started log indexer
INFO [06-02|03:56:27.410] Starting work on payload                 id=0x038f671d91808ca2
INFO [06-02|03:56:27.415] Updated payload                          id=0x038f671d91808ca2 number=9570 hash=3d5275..eca085 txs=0 withdrawals=0 gas=0 fees=0 root=1a799d..1e5999 elapsed=4.664ms
INFO [06-02|03:56:27.419] Stopping work on payload                 id=0x038f671d91808ca2 reason=delivery
WARN [06-02|03:56:27.463] {"level":"warn","msg":"Slow block","block":{"number":9570,"hash":"0x3d5275a8b55a9bd2d7fe81436138286f4016e319f8f9652a4dd9e1f476eca085","gas_used":0,"tx_count":0},"timing":{"execution_ms":0.056899,"state_read_ms":46.647276,"state_hash_ms":0.002868,"commit_ms":0.162301,"total_ms":47.116575},"throughput":{"mgas_per_sec":0},"state_reads":{"accounts":4,"storage_slots":0,"code":0,"code_bytes":0},"state_writes":{"accounts":0,"accounts_deleted":0,"storage_slots":0,"storage_slots_deleted":0,"code":0,"code_bytes":0},"cache":{"account":{"hits":0,"misses":4,"hit_rate":0},"storage":{"hits":0,"misses":0,"hit_rate":0},"code":{"hits":0,"misses":0,"hit_rate":0,"hit_bytes":0,"miss_bytes":0}}}
INFO [06-02|03:56:27.463] Imported new potential chain segment     number=9570 hash=3d5275..eca085 blocks=1 txs=0 mgas=0.000 elapsed=47.508ms mgasps=0.000 triediffs=1.98MiB triedirty=170.83MiB
INFO [06-02|03:56:27.463] Chain head was updated                   number=9570 hash=3d5275..eca085 root=1a799d..1e5999 elapsed="44.372µs"
INFO [06-02|03:56:28.467] Starting work on payload                 id=0x03091e4cfa8671d1
INFO [06-02|03:56:28.481] Updated payload                          id=0x03091e4cfa8671d1 number=9571 hash=11dd03..739151 txs=0 withdrawals=0 gas=0 fees=0 root=1a799d..1e5999 elapsed=14.361ms
INFO [06-02|03:56:28.482] Stopping work on payload                 id=0x03091e4cfa8671d1 reason=delivery
WARN [06-02|03:56:28.496] {"level":"warn","msg":"Slow block","block":{"number":9571,"hash":"0x11dd0305748739b193868354debfd403e8a5cadb1f8cc0f969437f72a6739151","gas_used":0,"tx_count":0},"timing":{"execution_ms":0.041757,"state_read_ms":11.416718,"state_hash_ms":0.002274,"commit_ms":2.130243,"total_ms":13.786729},"throughput":{"mgas_per_sec":0},"state_reads":{"accounts":4,"storage_slots":0,"code":0,"code_bytes":0},"state_writes":{"accounts":0,"accounts_deleted":0,"storage_slots":0,"storage_slots_deleted":0,"code":0,"code_bytes":0},"cache":{"account":{"hits":0,"misses":4,"hit_rate":0},"storage":{"hits":0,"misses":0,"hit_rate":0},"code":{"hits":0,"misses":0,"hit_rate":0,"hit_bytes":0,"miss_bytes":0}}}
INFO [06-02|03:56:28.496] Imported new potential chain segment     number=9571 hash=11dd03..739151 blocks=1 txs=0 mgas=0.000 elapsed=14.045ms   mgasps=0.000 triediffs=1.98MiB triedirty=170.83MiB
INFO [06-02|03:56:28.496] Chain head was updated                   number=9571 hash=11dd03..739151 root=1a799d..1e5999 elapsed="66.403µs"
INFO [06-02|03:56:29.500] Starting work on payload                 id=0x03747861c6f9a814
INFO [06-02|03:56:29.562] Updated payload                          id=0x03747861c6f9a814 number=9572 hash=89d0c2..cc32c1 txs=0 withdrawals=0 gas=0 fees=0 root=1a799d..1e5999 elapsed=61.799ms
INFO [06-02|03:56:29.562] Stopping work on payload                 id=0x03747861c6f9a814 reason=delivery
WARN [06-02|03:56:29.582] {"level":"warn","msg":"Slow block","block":{"number":9572,"hash":"0x89d0c2bb94f8d1b9567a95798d9d255f0b3ffcbd62bf7c5806215babeacc32c1","gas_used":0,"tx_count":0},"timing":{"execution_ms":0.043153,"state_read_ms":18.816751,"state_hash_ms":0.002333,"commit_ms":0.115659,"total_ms":19.163756},"throughput":{"mgas_per_sec":0},"state_reads":{"accounts":4,"storage_slots":0,"code":0,"code_bytes":0},"state_writes":{"accounts":0,"accounts_deleted":0,"storage_slots":0,"storage_slots_deleted":0,"code":0,"code_bytes":0},"cache":{"account":{"hits":0,"misses":4,"hit_rate":0},"storage":{"hits":0,"misses":0,"hit_rate":0},"code":{"hits":0,"misses":0,"hit_rate":0,"hit_bytes":0,"miss_bytes":0}}}
INFO [06-02|03:56:29.582] Imported new potential chain segment     number=9572 hash=89d0c2..cc32c1 blocks=1 txs=0 mgas=0.000 elapsed=19.404ms   mgasps=0.000 triediffs=1.98MiB triedirty=170.83MiB
INFO [06-02|03:56:29.582] Chain head was updated                   number=9572 hash=89d0c2..cc32c1 root=1a799d..1e5999 elapsed="43.658µs"
INFO [06-02|03:56:30.586] Starting work on payload                 id=0x03130f9bf243cdf2
INFO [06-02|03:56:30.589] Updated payload                          id=0x03130f9bf243cdf2 number=9573 hash=e6e8b7..113c1d txs=0 withdrawals=0 gas=0 fees=0 root=1a799d..1e5999 elapsed=3.322ms
INFO [06-02|03:56:30.593] Stopping work on payload                 id=0x03130f9bf243cdf2 reason=delivery
WARN [06-02|03:56:30.613] {"level":"warn","msg":"Slow block","block":{"number":9573,"hash":"0xe6e8b74a2b4a89f3e882849e117ccf828f00443f6bbdc4949acc50a3cd113c1d","gas_used":0,"tx_count":0},"timing":{"execution_ms":0.038843,"state_read_ms":22.647502,"state_hash_ms":0.003852,"commit_ms":0.208356,"total_ms":23.255341},"throughput":{"mgas_per_sec":0},"state_reads":{"accounts":4,"storage_slots":0,"code":0,"code_bytes":0},"state_writes":{"accounts":0,"accounts_deleted":0,"storage_slots":0,"storage_slots_deleted":0,"code":0,"code_bytes":0},"cache":{"account":{"hits":0,"misses":4,"hit_rate":0},"storage":{"hits":0,"misses":0,"hit_rate":0},"code":{"hits":0,"misses":0,"hit_rate":0,"hit_bytes":0,"miss_bytes":0}}}
INFO [06-02|03:56:30.613] Imported new potential chain segment     number=9573 hash=e6e8b7..113c1d blocks=1 txs=0 mgas=0.000 elapsed=23.529ms   mgasps=0.000 triediffs=1.98MiB triedirty=170.83MiB
INFO [06-02|03:56:30.617] Chain head was updated                   number=9573 hash=e6e8b7..113c1d root=1a799d..1e5999 elapsed=3.682252ms
INFO [06-02|03:56:31.281] Submitted contract creation              hash=0x50ca2db3452c3d11bbd719599c63163a65a9e435a5462320e466462acf480932 from=0xf39Fd6e51aad88F6F4ce6aB8827279cffFb92266 nonce=2615 contract=0xdb88CFC18875e3eD6797de31dfAae31F942231F2 value=0
INFO [06-02|03:56:31.282] Submitted transaction                    hash=0x2e5310e4bbc2d6d2a312f267ac3e915c4254944273b933884882e42c9e7109bf from=0xf39Fd6e51aad88F6F4ce6aB8827279cffFb92266 nonce=2616 recipient=0xBB56dc54eF74Bb5d16A86c0415D3Dca949c9f242 value=208,000,000
INFO [06-02|03:56:31.620] Starting work on payload                 id=0x033a0ed5222f9115
INFO [06-02|03:56:31.677] Updated payload                          id=0x033a0ed5222f9115 number=9574 hash=7121a9..33bd9e txs=2 withdrawals=0 gas=86918 fees=5.21508e-13 root=4d48ca..0bf9aa elapsed=57.140ms
INFO [06-02|03:56:31.678] Stopping work on payload                 id=0x033a0ed5222f9115 reason=delivery
WARN [06-02|03:56:31.705] {"level":"warn","msg":"Slow block","block":{"number":9574,"hash":"0x7121a9da28991d46a35eb6a4fad6a6633143cb4249a04cb467c9cf89bb33bd9e","gas_used":86918,"tx_count":2},"timing":{"execution_ms":0.123274,"state_read_ms":3.80886,"state_hash_ms":15.91104,"commit_ms":7.311934,"total_ms":27.324608},"throughput":{"mgas_per_sec":3.1809422481010525},"state_reads":{"accounts":11,"storage_slots":0,"code":0,"code_bytes":0},"state_writes":{"accounts":3,"accounts_deleted":0,"storage_slots":0,"storage_slots_deleted":0,"code":1,"code_bytes":163},"cache":{"account":{"hits":5,"misses":6,"hit_rate":45.45454545454545},"storage":{"hits":0,"misses":0,"hit_rate":0},"code":{"hits":0,"misses":0,"hit_rate":0,"hit_bytes":0,"miss_bytes":0}}}
INFO [06-02|03:56:31.705] Imported new potential chain segment     number=9574 hash=7121a9..33bd9e blocks=1 txs=2 mgas=0.087 elapsed=27.577ms   mgasps=3.152 triediffs=1.98MiB triedirty=170.83MiB
INFO [06-02|03:56:31.706] Chain head was updated                   number=9574 hash=7121a9..33bd9e root=4d48ca..0bf9aa elapsed="246.278µs"
INFO [06-02|03:56:32.294] Submitted transaction                    hash=0xebe2a7d677495dca90ea049adcc008fda7cf2c8db61b7cd54a146db15e753770 from=0xBB56dc54eF74Bb5d16A86c0415D3Dca949c9f242 nonce=0    recipient=0xdb88CFC18875e3eD6797de31dfAae31F942231F2 value=0
INFO [06-02|03:56:32.709] Starting work on payload                 id=0x03a8e9e4f4feb22f
INFO [06-02|03:56:32.784] Updated payload                          id=0x03a8e9e4f4feb22f number=9575 hash=913832..e346de txs=1 withdrawals=0 gas=15,904,325 fees=9.542595e-11 root=1f7f5d..b83c6c elapsed=74.477ms
INFO [06-02|03:56:32.784] Stopping work on payload                 id=0x03a8e9e4f4feb22f reason=delivery
WARN [06-02|03:56:32.844] {"level":"warn","msg":"Slow block","block":{"number":9575,"hash":"0x913832b2c8f5d320a82918e51733432c7ddfd10b15a35d4797f7e68775e346de","gas_used":15904325,"tx_count":1},"timing":{"execution_ms":8.345188,"state_read_ms":12.535186,"state_hash_ms":34.395367,"commit_ms":3.242476,"total_ms":59.19467},"throughput":{"mgas_per_sec":268.6783286400617},"state_reads":{"accounts":8,"storage_slots":702,"code":2,"code_bytes":191},"state_writes":{"accounts":3,"accounts_deleted":0,"storage_slots":702,"storage_slots_deleted":0,"code":0,"code_bytes":0},"cache":{"account":{"hits":3,"misses":5,"hit_rate":37.5},"storage":{"hits":62,"misses":640,"hit_rate":8.831908831908832},"code":{"hits":2,"misses":0,"hit_rate":100,"hit_bytes":191,"miss_bytes":0}}}
INFO [06-02|03:56:32.844] Imported new potential chain segment     number=9575 hash=913832..e346de blocks=1 txs=1 mgas=15.904 elapsed=59.404ms    mgasps=267.728 triediffs=2.11MiB triedirty=170.83MiB
INFO [06-02|03:56:32.844] Chain head was updated                   number=9575 hash=913832..e346de root=1f7f5d..b83c6c elapsed="117.944µs"
INFO [06-02|03:56:33.308] Submitted transaction                    hash=0xd15fafa10bac0bacb25d7b8bfc2fe0f9576714c73a1f69e3815bf634f9419c10 from=0xBB56dc54eF74Bb5d16A86c0415D3Dca949c9f242 nonce=1    recipient=0xf39Fd6e51aad88F6F4ce6aB8827279cffFb92266 value=991,775
INFO [06-02|03:56:33.848] Starting work on payload                 id=0x03789b126a418d51
INFO [06-02|03:56:33.892] Updated payload                          id=0x03789b126a418d51 number=9576 hash=dc5531..518651 txs=1 withdrawals=0 gas=21000      fees=2.1e-14      root=d639d5..26c8a6 elapsed=43.613ms
INFO [06-02|03:56:33.892] Stopping work on payload                 id=0x03789b126a418d51 reason=delivery
WARN [06-02|03:56:33.933] {"level":"warn","msg":"Slow block","block":{"number":9576,"hash":"0xdc55319c6c503cf501ff3c6bf374920b981518058b5bdaafffd812d6b1518651","gas_used":21000,"tx_count":1},"timing":{"execution_ms":0.071529,"state_read_ms":8.174816,"state_hash_ms":31.706266,"commit_ms":0.83207,"total_ms":40.959981},"throughput":{"mgas_per_sec":0.512695550322643},"state_reads":{"accounts":6,"storage_slots":0,"code":0,"code_bytes":0},"state_writes":{"accounts":2,"accounts_deleted":0,"storage_slots":0,"storage_slots_deleted":0,"code":0,"code_bytes":0},"cache":{"account":{"hits":2,"misses":4,"hit_rate":33.33333333333333},"storage":{"hits":0,"misses":0,"hit_rate":0},"code":{"hits":0,"misses":0,"hit_rate":0,"hit_bytes":0,"miss_bytes":0}}}
INFO [06-02|03:56:33.933] Imported new potential chain segment     number=9576 hash=dc5531..518651 blocks=1 txs=1 mgas=0.021  elapsed=41.134ms    mgasps=0.511   triediffs=2.11MiB triedirty=170.83MiB
INFO [06-02|03:56:33.934] Chain head was updated                   number=9576 hash=dc5531..518651 root=d639d5..26c8a6 elapsed="67.027µs"
