WARN [06-01|13:05:28.780] Unknown config environment variable      envvar=GETH_PBT_BIN
WARN [06-01|13:05:28.780] Unknown config environment variable      envvar=GETH_UBT_BIN
INFO [06-01|13:05:28.791] Starting Geth on Ethereum mainnet...
INFO [06-01|13:05:28.793] Maximum peer count                       ETH=0 total=0
INFO [06-01|13:05:28.794] Smartcard socket not found, disabling    err="stat /run/pcscd/pcscd.comm: no such file or directory"
WARN [06-01|13:05:28.796] Option --miner.etherbase is deprecated as the etherbase is set by the consensus client post-merge
INFO [06-01|13:05:28.800] Set global gas cap                       cap=50,000,000
INFO [06-01|13:05:29.598] Using developer account                  address=0xf39Fd6e51aad88F6F4ce6aB8827279cffFb92266
INFO [06-01|13:05:29.641] Using pebble as the backing database
INFO [06-01|13:05:29.642] Allocated cache and file handles         database=/mnt/state_expiry_vol_data/ubt-vs-pbt-dbs/ubt/geth/chaindata cache=2.00GiB handles=262,144
INFO [06-01|13:05:29.876] Opened ancient database                  database=/mnt/state_expiry_vol_data/ubt-vs-pbt-dbs/ubt/geth/chaindata/ancient/chain readonly=true
INFO [06-01|13:05:29.876] Opened Era store                         datadir=/mnt/state_expiry_vol_data/ubt-vs-pbt-dbs/ubt/geth/chaindata/ancient/chain/era
INFO [06-01|13:05:29.883] Initializing the KZG library             backend=gokzg
INFO [06-01|13:05:29.885] Allocated trie memory caches             clean=614.00MiB dirty=1.00GiB
INFO [06-01|13:05:29.894] Using pebble as the backing database
INFO [06-01|13:05:29.894] Allocated cache and file handles         database=/mnt/state_expiry_vol_data/ubt-vs-pbt-dbs/ubt/geth/chaindata cache=2.00GiB handles=262,144
INFO [06-01|13:05:30.101] Opened ancient database                  database=/mnt/state_expiry_vol_data/ubt-vs-pbt-dbs/ubt/geth/chaindata/ancient/chain readonly=false
INFO [06-01|13:05:30.102] Opened Era store                         datadir=/mnt/state_expiry_vol_data/ubt-vs-pbt-dbs/ubt/geth/chaindata/ancient/chain/era
INFO [06-01|13:05:30.112] State scheme set to already existing     scheme=path
INFO [06-01|13:05:30.112] Initialising Ethereum protocol           network=1337 dbversion=9
WARN [06-01|13:05:30.112] Sanitizing invalid node buffer size      provided=1.00GiB updated=256.00MiB
INFO [06-01|13:05:30.113] Load database journal from file          path=/mnt/state_expiry_vol_data/ubt-vs-pbt-dbs/ubt/geth/triedb/verkle.journal
INFO [06-01|13:05:30.416] Opened ancient database                  database=/mnt/state_expiry_vol_data/ubt-vs-pbt-dbs/ubt/geth/chaindata/ancient/state_verkle readonly=false
INFO [06-01|13:05:30.418] State snapshot generator is not compatible
INFO [06-01|13:05:30.418] Initialized path database                triecache=614.00MiB statecache=409.00MiB buffer=256.00MiB state-history="last 90000 blocks" journal-dir=/mnt/state_expiry_vol_data/ubt-vs-pbt-dbs/ubt/geth/triedb verkle=true
INFO [06-01|13:05:30.418] 
INFO [06-01|13:05:30.418] ---------------------------------------------------------------------------------------------------------------------------------------------------------
INFO [06-01|13:05:30.418] Chain ID:  1337 (unknown)
INFO [06-01|13:05:30.418] Consensus: unknown
INFO [06-01|13:05:30.418] 
INFO [06-01|13:05:30.418] Pre-Merge hard forks (block based):
INFO [06-01|13:05:30.418]  - Homestead:                   #0       
INFO [06-01|13:05:30.418]  - Tangerine Whistle (EIP 150): #0       
INFO [06-01|13:05:30.418]  - Spurious Dragon/1 (EIP 155): #0       
INFO [06-01|13:05:30.418]  - Spurious Dragon/2 (EIP 158): #0       
INFO [06-01|13:05:30.418]  - Byzantium:                   #0       
INFO [06-01|13:05:30.418]  - Constantinople:              #0       
INFO [06-01|13:05:30.418]  - Petersburg:                  #0       
INFO [06-01|13:05:30.418]  - Istanbul:                    #0       
INFO [06-01|13:05:30.418]  - Berlin:                      #0       
INFO [06-01|13:05:30.418]  - London:                      #0       
INFO [06-01|13:05:30.418]  - Arrow Glacier:               #0       
INFO [06-01|13:05:30.418]  - Gray Glacier:                #0       
INFO [06-01|13:05:30.418] 
INFO [06-01|13:05:30.418] Merge configured:
INFO [06-01|13:05:30.418]  - Total terminal difficulty:  0
INFO [06-01|13:05:30.418]  - Merge netsplit block:       #0       
INFO [06-01|13:05:30.418] 
INFO [06-01|13:05:30.418] Post-Merge hard forks (timestamp based):
INFO [06-01|13:05:30.418]  - Shanghai:                    @0         
INFO [06-01|13:05:30.418]  - Cancun:                      @0          blob: (target: 3, max: 6, fraction: 3338477)
INFO [06-01|13:05:30.418]  - Prague:                      @0          blob: (target: 6, max: 9, fraction: 5007716)
INFO [06-01|13:05:30.418]  - Osaka:                       @0          blob: (target: 6, max: 9, fraction: 5007716)
INFO [06-01|13:05:30.418]  - UBT:                         @0          blob: (nil)
INFO [06-01|13:05:30.418] 
INFO [06-01|13:05:30.418] All fork specifications can be found at https://ethereum.github.io/execution-specs/src/ethereum/forks/
INFO [06-01|13:05:30.418] 
INFO [06-01|13:05:30.418] ---------------------------------------------------------------------------------------------------------------------------------------------------------
INFO [06-01|13:05:30.418] 
INFO [06-01|13:05:30.419] Loaded most recent local block           number=6287 hash=9ecb76..ef7779 age=4s
INFO [06-01|13:05:30.420] Loaded most recent local finalized block number=6272 hash=498af3..f9e45b age=29s
INFO [06-01|13:05:30.420] Initialized transaction indexer          range="last 2350000 blocks"
INFO [06-01|13:05:30.420] Initialized log indexer                  firstblock=0 lastblock=6287 firstmap=0 lastmap=0 headindexed=true
INFO [06-01|13:05:30.456] Enabled full-sync                        head=6287 hash=9ecb76..ef7779
INFO [06-01|13:05:30.456] Unprotected transactions allowed
INFO [06-01|13:05:30.456] Gasprice oracle is ignoring threshold set threshold=2
INFO [06-01|13:05:30.457] Registered sync override service
WARN [06-01|13:05:30.457] You are running Geth in --dev mode. Please note the following:
WARN [06-01|13:05:30.457] 
WARN [06-01|13:05:30.457]   1. This mode is only intended for fast, iterative development without assumptions on
WARN [06-01|13:05:30.457]      security or persistence.
WARN [06-01|13:05:30.457]   2. The database is created in memory unless specified otherwise. Therefore, shutting down
WARN [06-01|13:05:30.457]      your computer or losing power will wipe your entire block data and chain state for
WARN [06-01|13:05:30.457]      your dev environment.
WARN [06-01|13:05:30.457]   3. A random, pre-allocated developer account will be available and unlocked as
WARN [06-01|13:05:30.457]      eth.coinbase, which can be used for testing. The random dev account is temporary,
WARN [06-01|13:05:30.457]      stored on a ramdisk, and will be lost if your machine is restarted.
WARN [06-01|13:05:30.457]   4. Mining is enabled by default. However, the client will only seal blocks if transactions
WARN [06-01|13:05:30.457]      are pending in the mempool. The miner's minimum accepted gas price is 1.
WARN [06-01|13:05:30.457]   5. Networking is disabled; there is no listen-address, the maximum number of peers is set
WARN [06-01|13:05:30.457]      to 0, and discovery is disabled.
WARN [06-01|13:05:30.457] 
INFO [06-01|13:05:30.457] Starting peer-to-peer node               instance=Geth/v1.17.3-unstable/linux-amd64/go1.24.9
WARN [06-01|13:05:30.457] P2P server will be useless, neither dialing nor listening
INFO [06-01|13:05:30.494] IPC endpoint opened                      url=/mnt/state_expiry_vol_data/ubt-vs-pbt-dbs/ubt/geth.ipc
ERROR[06-01|13:05:30.494] Unavailable modules in HTTP API list     unavailable=[personal] available="[admin debug web3 eth txpool miner net dev testing]"
INFO [06-01|13:05:30.494] New local node record                    seq=1,780,289,664,994 id=c084d8867e8cc127 ip=127.0.0.1 udp=0 tcp=0
INFO [06-01|13:05:30.494] Started P2P networking                   self=enode://ed0ccbffbfc0dc9f1b0f8e55d585ad3e61215b1974f32d9388e7ae53563e3ebe0172c21d754fa202c3a63f95bef3ff3ea24339ffdabd0115c47ec5b8d33136a9@127.0.0.1:0
INFO [06-01|13:05:30.495] HTTP server started                      endpoint=127.0.0.1:8545 auth=false prefix= cors= vhosts=localhost
INFO [06-01|13:05:30.495] WebSocket enabled                        url=ws://127.0.0.1:8546
INFO [06-01|13:05:30.950] Loaded local transaction journal         transactions=4313 dropped=0
INFO [06-01|13:05:31.677] Started log indexer
INFO [06-01|13:05:31.731] Starting work on payload                 id=0x037f9e86511039df
INFO [06-01|13:05:31.752] Updated payload                          id=0x037f9e86511039df number=6288 hash=079d77..d67dab txs=0 withdrawals=0 gas=0 fees=0 root=168550..031d7a elapsed=20.516ms
INFO [06-01|13:05:31.752] Stopping work on payload                 id=0x037f9e86511039df reason=delivery
WARN [06-01|13:05:31.762] {"level":"warn","msg":"Slow block","block":{"number":6288,"hash":"0x079d776ba19e529a4c830547bde040e52f470cec9218f248166f23d252d67dab","gas_used":0,"tx_count":0},"timing":{"execution_ms":0.051327,"state_read_ms":8.262783,"state_hash_ms":0.002576,"commit_ms":0.302947,"total_ms":8.862178},"throughput":{"mgas_per_sec":0},"state_reads":{"accounts":4,"storage_slots":0,"code":0,"code_bytes":0},"state_writes":{"accounts":0,"accounts_deleted":0,"storage_slots":0,"storage_slots_deleted":0,"code":0,"code_bytes":0},"cache":{"account":{"hits":0,"misses":4,"hit_rate":0},"storage":{"hits":0,"misses":0,"hit_rate":0},"code":{"hits":0,"misses":0,"hit_rate":0,"hit_bytes":0,"miss_bytes":0}}}
INFO [06-01|13:05:31.762] Imported new potential chain segment     number=6288 hash=079d77..d67dab blocks=1 txs=0 mgas=0.000 elapsed=9.280ms  mgasps=0.000 triediffs=6.40MiB triedirty=16.00MiB
INFO [06-01|13:05:31.762] Chain head was updated                   number=6288 hash=079d77..d67dab root=168550..031d7a elapsed="51.287µs"
INFO [06-01|13:05:32.784] Starting work on payload                 id=0x03a198e3eb79d05c
INFO [06-01|13:05:32.795] Updated payload                          id=0x03a198e3eb79d05c number=6289 hash=8f814f..0ce322 txs=0 withdrawals=0 gas=0 fees=0 root=168550..031d7a elapsed=11.270ms
INFO [06-01|13:05:32.795] Stopping work on payload                 id=0x03a198e3eb79d05c reason=delivery
WARN [06-01|13:05:32.801] {"level":"warn","msg":"Slow block","block":{"number":6289,"hash":"0x8f814fdc17758a111103785ca0da519e51a417c5605af54bfac30618db0ce322","gas_used":0,"tx_count":0},"timing":{"execution_ms":0.035629,"state_read_ms":4.763111,"state_hash_ms":0.009219,"commit_ms":0.131638,"total_ms":5.119483},"throughput":{"mgas_per_sec":0},"state_reads":{"accounts":4,"storage_slots":0,"code":0,"code_bytes":0},"state_writes":{"accounts":0,"accounts_deleted":0,"storage_slots":0,"storage_slots_deleted":0,"code":0,"code_bytes":0},"cache":{"account":{"hits":0,"misses":4,"hit_rate":0},"storage":{"hits":0,"misses":0,"hit_rate":0},"code":{"hits":0,"misses":0,"hit_rate":0,"hit_bytes":0,"miss_bytes":0}}}
INFO [06-01|13:05:32.801] Imported new potential chain segment     number=6289 hash=8f814f..0ce322 blocks=1 txs=0 mgas=0.000 elapsed=5.381ms    mgasps=0.000 triediffs=6.40MiB triedirty=16.00MiB
INFO [06-01|13:05:32.801] Chain head was updated                   number=6289 hash=8f814f..0ce322 root=168550..031d7a elapsed="75.687µs"
INFO [06-01|13:05:33.819] Starting work on payload                 id=0x03ee69e7d8a0fd6c
INFO [06-01|13:05:33.838] Updated payload                          id=0x03ee69e7d8a0fd6c number=6290 hash=a861a6..9ae313 txs=0 withdrawals=0 gas=0 fees=0 root=168550..031d7a elapsed=18.347ms
INFO [06-01|13:05:33.838] Stopping work on payload                 id=0x03ee69e7d8a0fd6c reason=delivery
WARN [06-01|13:05:33.846] {"level":"warn","msg":"Slow block","block":{"number":6290,"hash":"0xa861a6955e7423f686429f2dedebbdeb5998456b3008387191e80a922a9ae313","gas_used":0,"tx_count":0},"timing":{"execution_ms":0.036565,"state_read_ms":7.220235,"state_hash_ms":0.010283,"commit_ms":0.159749,"total_ms":7.63972},"throughput":{"mgas_per_sec":0},"state_reads":{"accounts":4,"storage_slots":0,"code":0,"code_bytes":0},"state_writes":{"accounts":0,"accounts_deleted":0,"storage_slots":0,"storage_slots_deleted":0,"code":0,"code_bytes":0},"cache":{"account":{"hits":0,"misses":4,"hit_rate":0},"storage":{"hits":0,"misses":0,"hit_rate":0},"code":{"hits":0,"misses":0,"hit_rate":0,"hit_bytes":0,"miss_bytes":0}}}
INFO [06-01|13:05:33.846] Imported new potential chain segment     number=6290 hash=a861a6..9ae313 blocks=1 txs=0 mgas=0.000 elapsed=7.864ms    mgasps=0.000 triediffs=6.40MiB triedirty=16.00MiB
INFO [06-01|13:05:33.846] Chain head was updated                   number=6290 hash=a861a6..9ae313 root=168550..031d7a elapsed="69.523µs"
INFO [06-01|13:05:33.881] Submitted contract creation              hash=0x20d9c5cd6c310b24e124b5327fa643d7500a8989323e391e74a6a035e2d9184f from=0xf39Fd6e51aad88F6F4ce6aB8827279cffFb92266 nonce=1901 contract=0xe7213b68DC25bf30bC7f1DE9BAead075c66979F9 value=0
INFO [06-01|13:05:33.881] Submitted transaction                    hash=0x49f2c2de166f1e496fef5f66ead6c2cc0f9c1b6ff0e37603726ab57b95676cbb from=0xf39Fd6e51aad88F6F4ce6aB8827279cffFb92266 nonce=1902 recipient=0x0BB0F500F352821EAa29Cf2d84fFB1D34aB63bC5 value=78,000,000
INFO [06-01|13:05:34.861] Starting work on payload                 id=0x0367610936e4e94b
INFO [06-01|13:05:34.906] Updated payload                          id=0x0367610936e4e94b number=6291 hash=3781f2..b82f64 txs=2 withdrawals=0 gas=91698 fees=5.50188e-13 root=0299a7..f1776d elapsed=45.220ms
INFO [06-01|13:05:34.907] Stopping work on payload                 id=0x0367610936e4e94b reason=delivery
WARN [06-01|13:05:34.947] {"level":"warn","msg":"Slow block","block":{"number":6291,"hash":"0x3781f27c3f2b8659cb74efd9d5d042e95b9ad804b3c94dd0543f732d76b82f64","gas_used":91698,"tx_count":2},"timing":{"execution_ms":0.115385,"state_read_ms":25.564411,"state_hash_ms":4.256125,"commit_ms":4.9381,"total_ms":39.728123},"throughput":{"mgas_per_sec":2.308138242524068},"state_reads":{"accounts":11,"storage_slots":0,"code":0,"code_bytes":0},"state_writes":{"accounts":3,"accounts_deleted":0,"storage_slots":0,"storage_slots_deleted":0,"code":1,"code_bytes":305},"cache":{"account":{"hits":6,"misses":5,"hit_rate":54.54545454545454},"storage":{"hits":0,"misses":0,"hit_rate":0},"code":{"hits":0,"misses":0,"hit_rate":0,"hit_bytes":0,"miss_bytes":0}}}
INFO [06-01|13:05:34.947] Imported new potential chain segment     number=6291 hash=3781f2..b82f64 blocks=1 txs=2 mgas=0.092 elapsed=40.024ms   mgasps=2.291 triediffs=6.38MiB triedirty=16.00MiB
INFO [06-01|13:05:34.947] Chain head was updated                   number=6291 hash=3781f2..b82f64 root=0299a7..f1776d elapsed="165.785µs"
INFO [06-01|13:05:35.905] Submitted transaction                    hash=0x509f2ca19134093a57ee73276bf32a283069fa6732eb63c099305f4bc381b647 from=0x0BB0F500F352821EAa29Cf2d84fFB1D34aB63bC5 nonce=0    recipient=0xe7213b68DC25bf30bC7f1DE9BAead075c66979F9 value=0
INFO [06-01|13:05:35.959] Starting work on payload                 id=0x0364e0719c501fdf
INFO [06-01|13:05:36.335] Updated payload                          id=0x0364e0719c501fdf number=6292 hash=690c2d..f97358 txs=1 withdrawals=0 gas=5,919,252 fees=3.5515512e-11 root=1feede..996609 elapsed=375.190ms
INFO [06-01|13:05:36.335] Stopping work on payload                 id=0x0364e0719c501fdf reason=delivery
WARN [06-01|13:05:36.425] {"level":"warn","msg":"Slow block","block":{"number":6292,"hash":"0x690c2d3291326221f6f9f13cb49488d05249d7a332ad443846bac2e681f97358","gas_used":5919252,"tx_count":1},"timing":{"execution_ms":41.646677,"state_read_ms":20.65092,"state_hash_ms":19.651812,"commit_ms":3.375334,"total_ms":89.87319},"throughput":{"mgas_per_sec":65.8622666003065},"state_reads":{"accounts":263,"storage_slots":814,"code":257,"code_bytes":7473},"state_writes":{"accounts":47,"accounts_deleted":0,"storage_slots":72,"storage_slots_deleted":0,"code":0,"code_bytes":0},"cache":{"account":{"hits":17,"misses":246,"hit_rate":6.4638783269961975},"storage":{"hits":70,"misses":744,"hit_rate":8.5995085995086},"code":{"hits":257,"misses":0,"hit_rate":100,"hit_bytes":7473,"miss_bytes":0}}}
INFO [06-01|13:05:36.425] Imported new potential chain segment     number=6292 hash=690c2d..f97358 blocks=1 txs=1 mgas=5.919 elapsed=90.107ms    mgasps=65.691 triediffs=6.70MiB triedirty=16.00MiB
INFO [06-01|13:05:36.425] Chain head was updated                   number=6292 hash=690c2d..f97358 root=1feede..996609 elapsed="104.88µs"
INFO [06-01|13:05:36.923] Submitted transaction                    hash=0x9b43881e76f19ab72b1cbcd58727f6f8244a9e32f87778163533ee713284aa88 from=0x0BB0F500F352821EAa29Cf2d84fFB1D34aB63bC5 nonce=1    recipient=0xf39Fd6e51aad88F6F4ce6aB8827279cffFb92266 value=797,724
INFO [06-01|13:05:37.443] Starting work on payload                 id=0x03003d849196dc52
INFO [06-01|13:05:37.459] Updated payload                          id=0x03003d849196dc52 number=6293 hash=8a96fe..ce3e34 txs=1 withdrawals=0 gas=21000     fees=2.1e-14       root=75e76e..270653 elapsed=15.785ms
INFO [06-01|13:05:37.459] Stopping work on payload                 id=0x03003d849196dc52 reason=delivery
WARN [06-01|13:05:37.479] {"level":"warn","msg":"Slow block","block":{"number":6293,"hash":"0x8a96fec27fe5dd9c78b0271ef2b87140bc17e32105d1883f4e85a18d79ce3e34","gas_used":21000,"tx_count":1},"timing":{"execution_ms":0.067167,"state_read_ms":16.706344,"state_hash_ms":2.54914,"commit_ms":0.518454,"total_ms":20.019289},"throughput":{"mgas_per_sec":1.0489883032309488},"state_reads":{"accounts":6,"storage_slots":0,"code":0,"code_bytes":0},"state_writes":{"accounts":2,"accounts_deleted":0,"storage_slots":0,"storage_slots_deleted":0,"code":0,"code_bytes":0},"cache":{"account":{"hits":2,"misses":4,"hit_rate":33.33333333333333},"storage":{"hits":0,"misses":0,"hit_rate":0},"code":{"hits":0,"misses":0,"hit_rate":0,"hit_bytes":0,"miss_bytes":0}}}
INFO [06-01|13:05:37.479] Imported new potential chain segment     number=6293 hash=8a96fe..ce3e34 blocks=1 txs=1 mgas=0.021 elapsed=20.129ms    mgasps=1.043  triediffs=6.69MiB triedirty=16.01MiB
INFO [06-01|13:05:37.480] Chain head was updated                   number=6293 hash=8a96fe..ce3e34 root=75e76e..270653 elapsed="70.3µs"
