WARN [06-02|04:40:02.705] Unknown config environment variable      envvar=GETH_PBT_BIN
WARN [06-02|04:40:02.705] Unknown config environment variable      envvar=GETH_UBT_BIN
INFO [06-02|04:40:02.719] Starting Geth on Ethereum mainnet...
INFO [06-02|04:40:02.721] Maximum peer count                       ETH=0 total=0
INFO [06-02|04:40:02.722] Smartcard socket not found, disabling    err="stat /run/pcscd/pcscd.comm: no such file or directory"
WARN [06-02|04:40:02.724] Option --miner.etherbase is deprecated as the etherbase is set by the consensus client post-merge
INFO [06-02|04:40:02.727] Set global gas cap                       cap=50,000,000
INFO [06-02|04:40:03.520] Using developer account                  address=0xf39Fd6e51aad88F6F4ce6aB8827279cffFb92266
INFO [06-02|04:40:03.561] Using pebble as the backing database
INFO [06-02|04:40:03.561] Allocated cache and file handles         database=/mnt/state_expiry_vol_data/ubt-vs-pbt-dbs/ubt/geth/chaindata cache=2.00GiB handles=262,144
INFO [06-02|04:40:03.808] Opened ancient database                  database=/mnt/state_expiry_vol_data/ubt-vs-pbt-dbs/ubt/geth/chaindata/ancient/chain readonly=true
INFO [06-02|04:40:03.808] Opened Era store                         datadir=/mnt/state_expiry_vol_data/ubt-vs-pbt-dbs/ubt/geth/chaindata/ancient/chain/era
INFO [06-02|04:40:03.817] Initializing the KZG library             backend=gokzg
INFO [06-02|04:40:03.818] Allocated trie memory caches             clean=614.00MiB dirty=1.00GiB
INFO [06-02|04:40:03.834] Using pebble as the backing database
INFO [06-02|04:40:03.834] Allocated cache and file handles         database=/mnt/state_expiry_vol_data/ubt-vs-pbt-dbs/ubt/geth/chaindata cache=2.00GiB handles=262,144
INFO [06-02|04:40:04.065] Opened ancient database                  database=/mnt/state_expiry_vol_data/ubt-vs-pbt-dbs/ubt/geth/chaindata/ancient/chain readonly=false
INFO [06-02|04:40:04.065] Opened Era store                         datadir=/mnt/state_expiry_vol_data/ubt-vs-pbt-dbs/ubt/geth/chaindata/ancient/chain/era
INFO [06-02|04:40:04.073] State scheme set to already existing     scheme=path
INFO [06-02|04:40:04.083] Initialising Ethereum protocol           network=1337 dbversion=9
WARN [06-02|04:40:04.083] Sanitizing invalid node buffer size      provided=1.00GiB updated=256.00MiB
INFO [06-02|04:40:04.085] Load database journal from file          path=/mnt/state_expiry_vol_data/ubt-vs-pbt-dbs/ubt/geth/triedb/verkle.journal
INFO [06-02|04:40:06.306] Opened ancient database                  database=/mnt/state_expiry_vol_data/ubt-vs-pbt-dbs/ubt/geth/chaindata/ancient/state_verkle readonly=false
INFO [06-02|04:40:06.307] State snapshot generator is not compatible
INFO [06-02|04:40:06.307] Initialized path database                triecache=614.00MiB statecache=409.00MiB buffer=256.00MiB state-history="last 90000 blocks" journal-dir=/mnt/state_expiry_vol_data/ubt-vs-pbt-dbs/ubt/geth/triedb verkle=true
INFO [06-02|04:40:06.307] 
INFO [06-02|04:40:06.307] ---------------------------------------------------------------------------------------------------------------------------------------------------------
INFO [06-02|04:40:06.307] Chain ID:  1337 (unknown)
INFO [06-02|04:40:06.307] Consensus: unknown
INFO [06-02|04:40:06.307] 
INFO [06-02|04:40:06.307] Pre-Merge hard forks (block based):
INFO [06-02|04:40:06.307]  - Homestead:                   #0       
INFO [06-02|04:40:06.307]  - Tangerine Whistle (EIP 150): #0       
INFO [06-02|04:40:06.307]  - Spurious Dragon/1 (EIP 155): #0       
INFO [06-02|04:40:06.307]  - Spurious Dragon/2 (EIP 158): #0       
INFO [06-02|04:40:06.307]  - Byzantium:                   #0       
INFO [06-02|04:40:06.307]  - Constantinople:              #0       
INFO [06-02|04:40:06.307]  - Petersburg:                  #0       
INFO [06-02|04:40:06.307]  - Istanbul:                    #0       
INFO [06-02|04:40:06.307]  - Berlin:                      #0       
INFO [06-02|04:40:06.307]  - London:                      #0       
INFO [06-02|04:40:06.307]  - Arrow Glacier:               #0       
INFO [06-02|04:40:06.307]  - Gray Glacier:                #0       
INFO [06-02|04:40:06.307] 
INFO [06-02|04:40:06.307] Merge configured:
INFO [06-02|04:40:06.307]  - Total terminal difficulty:  0
INFO [06-02|04:40:06.307]  - Merge netsplit block:       #0       
INFO [06-02|04:40:06.307] 
INFO [06-02|04:40:06.307] Post-Merge hard forks (timestamp based):
INFO [06-02|04:40:06.307]  - Shanghai:                    @0         
INFO [06-02|04:40:06.307]  - Cancun:                      @0          blob: (target: 3, max: 6, fraction: 3338477)
INFO [06-02|04:40:06.307]  - Prague:                      @0          blob: (target: 6, max: 9, fraction: 5007716)
INFO [06-02|04:40:06.307]  - Osaka:                       @0          blob: (target: 6, max: 9, fraction: 5007716)
INFO [06-02|04:40:06.307]  - UBT:                         @0          blob: (nil)
INFO [06-02|04:40:06.307] 
INFO [06-02|04:40:06.307] All fork specifications can be found at https://ethereum.github.io/execution-specs/src/ethereum/forks/
INFO [06-02|04:40:06.307] 
INFO [06-02|04:40:06.307] ---------------------------------------------------------------------------------------------------------------------------------------------------------
INFO [06-02|04:40:06.307] 
INFO [06-02|04:40:06.307] Loaded most recent local block           number=10754 hash=6a28a1..77bdcb age=8s
INFO [06-02|04:40:06.307] Loaded most recent local finalized block number=10752 hash=785e01..8188b4 age=11s
INFO [06-02|04:40:06.308] Initialized transaction indexer          range="last 2350000 blocks"
INFO [06-02|04:40:06.308] Initialized log indexer                  firstblock=0 lastblock=10754 firstmap=0 lastmap=0 headindexed=true
INFO [06-02|04:40:06.334] Enabled full-sync                        head=10754 hash=6a28a1..77bdcb
INFO [06-02|04:40:06.334] Unprotected transactions allowed
INFO [06-02|04:40:06.334] Gasprice oracle is ignoring threshold set threshold=2
INFO [06-02|04:40:06.335] Registered sync override service
WARN [06-02|04:40:06.335] You are running Geth in --dev mode. Please note the following:
WARN [06-02|04:40:06.335] 
WARN [06-02|04:40:06.335]   1. This mode is only intended for fast, iterative development without assumptions on
WARN [06-02|04:40:06.335]      security or persistence.
WARN [06-02|04:40:06.335]   2. The database is created in memory unless specified otherwise. Therefore, shutting down
WARN [06-02|04:40:06.335]      your computer or losing power will wipe your entire block data and chain state for
WARN [06-02|04:40:06.335]      your dev environment.
WARN [06-02|04:40:06.335]   3. A random, pre-allocated developer account will be available and unlocked as
WARN [06-02|04:40:06.335]      eth.coinbase, which can be used for testing. The random dev account is temporary,
WARN [06-02|04:40:06.335]      stored on a ramdisk, and will be lost if your machine is restarted.
WARN [06-02|04:40:06.335]   4. Mining is enabled by default. However, the client will only seal blocks if transactions
WARN [06-02|04:40:06.335]      are pending in the mempool. The miner's minimum accepted gas price is 1.
WARN [06-02|04:40:06.335]   5. Networking is disabled; there is no listen-address, the maximum number of peers is set
WARN [06-02|04:40:06.335]      to 0, and discovery is disabled.
WARN [06-02|04:40:06.335] 
INFO [06-02|04:40:06.335] Starting peer-to-peer node               instance=Geth/v1.17.3-unstable/linux-amd64/go1.24.9
WARN [06-02|04:40:06.335] P2P server will be useless, neither dialing nor listening
INFO [06-02|04:40:06.367] IPC endpoint opened                      url=/mnt/state_expiry_vol_data/ubt-vs-pbt-dbs/ubt/geth.ipc
ERROR[06-02|04:40:06.368] Unavailable modules in HTTP API list     unavailable=[personal] available="[admin debug web3 eth txpool miner net dev testing]"
INFO [06-02|04:40:06.368] New local node record                    seq=1,780,289,665,545 id=c084d8867e8cc127 ip=127.0.0.1 udp=0 tcp=0
INFO [06-02|04:40:06.368] Started P2P networking                   self=enode://ed0ccbffbfc0dc9f1b0f8e55d585ad3e61215b1974f32d9388e7ae53563e3ebe0172c21d754fa202c3a63f95bef3ff3ea24339ffdabd0115c47ec5b8d33136a9@127.0.0.1:0
INFO [06-02|04:40:06.368] HTTP server started                      endpoint=127.0.0.1:8545 auth=false prefix= cors= vhosts=localhost
INFO [06-02|04:40:06.368] WebSocket enabled                        url=ws://127.0.0.1:8546
INFO [06-02|04:40:07.322] Loaded local transaction journal         transactions=8244 dropped=0
INFO [06-02|04:40:07.644] Started log indexer
INFO [06-02|04:40:07.676] Starting work on payload                 id=0x03813b9fc1244ebf
INFO [06-02|04:40:07.677] Updated payload                          id=0x03813b9fc1244ebf number=10755 hash=2bb01f..ecab7f txs=0 withdrawals=0 gas=0 fees=0 root=514f94..9f92a2 elapsed="684.3µs"
INFO [06-02|04:40:07.677] Stopping work on payload                 id=0x03813b9fc1244ebf reason=delivery
WARN [06-02|04:40:07.680] {"level":"warn","msg":"Slow block","block":{"number":10755,"hash":"0x2bb01ff8aaa89d928ea57df5ed24e30bb43cf5873b8f08d03bdbc6c9d3ecab7f","gas_used":0,"tx_count":0},"timing":{"execution_ms":0.026448,"state_read_ms":0.70718,"state_hash_ms":0.001761,"commit_ms":1.691675,"total_ms":3.004795},"throughput":{"mgas_per_sec":0},"state_reads":{"accounts":4,"storage_slots":0,"code":0,"code_bytes":0},"state_writes":{"accounts":0,"accounts_deleted":0,"storage_slots":0,"storage_slots_deleted":0,"code":0,"code_bytes":0},"cache":{"account":{"hits":0,"misses":4,"hit_rate":0},"storage":{"hits":0,"misses":0,"hit_rate":0},"code":{"hits":0,"misses":0,"hit_rate":0,"hit_bytes":0,"miss_bytes":0}}}
INFO [06-02|04:40:07.680] Imported new potential chain segment     number=10755 hash=2bb01f..ecab7f blocks=1 txs=0 mgas=0.000 elapsed=3.412ms   mgasps=0.000 triediffs=6.51MiB triedirty=196.63MiB
INFO [06-02|04:40:07.681] Chain head was updated                   number=10755 hash=2bb01f..ecab7f root=514f94..9f92a2 elapsed="107.546µs"
INFO [06-02|04:40:08.696] Starting work on payload                 id=0x03126cce014c2a6d
INFO [06-02|04:40:08.709] Updated payload                          id=0x03126cce014c2a6d number=10756 hash=4ca3c0..b495a2 txs=0 withdrawals=0 gas=0 fees=0 root=514f94..9f92a2 elapsed=13.714ms
INFO [06-02|04:40:08.710] Stopping work on payload                 id=0x03126cce014c2a6d reason=delivery
WARN [06-02|04:40:08.715] {"level":"warn","msg":"Slow block","block":{"number":10756,"hash":"0x4ca3c0205dae235cb789e24654399e40bccb7613ae1a5e03bae71dfc22b495a2","gas_used":0,"tx_count":0},"timing":{"execution_ms":0.023254,"state_read_ms":3.061356,"state_hash_ms":0.002115,"commit_ms":1.543118,"total_ms":4.808387},"throughput":{"mgas_per_sec":0},"state_reads":{"accounts":4,"storage_slots":0,"code":0,"code_bytes":0},"state_writes":{"accounts":0,"accounts_deleted":0,"storage_slots":0,"storage_slots_deleted":0,"code":0,"code_bytes":0},"cache":{"account":{"hits":0,"misses":4,"hit_rate":0},"storage":{"hits":0,"misses":0,"hit_rate":0},"code":{"hits":0,"misses":0,"hit_rate":0,"hit_bytes":0,"miss_bytes":0}}}
INFO [06-02|04:40:08.715] Imported new potential chain segment     number=10756 hash=4ca3c0..b495a2 blocks=1 txs=0 mgas=0.000 elapsed=5.020ms     mgasps=0.000 triediffs=6.51MiB triedirty=196.63MiB
INFO [06-02|04:40:08.715] Chain head was updated                   number=10756 hash=4ca3c0..b495a2 root=514f94..9f92a2 elapsed="69.192µs"
INFO [06-02|04:40:09.720] Starting work on payload                 id=0x03230f4a52d1bbcc
INFO [06-02|04:40:09.735] Updated payload                          id=0x03230f4a52d1bbcc number=10757 hash=0e4ee6..905ab9 txs=0 withdrawals=0 gas=0 fees=0 root=514f94..9f92a2 elapsed=15.037ms
INFO [06-02|04:40:09.735] Stopping work on payload                 id=0x03230f4a52d1bbcc reason=delivery
WARN [06-02|04:40:09.741] {"level":"warn","msg":"Slow block","block":{"number":10757,"hash":"0x0e4ee6dd167771829feb30a59db301d68805c37d476bd61b9514a8b50e905ab9","gas_used":0,"tx_count":0},"timing":{"execution_ms":0.030223,"state_read_ms":1.103699,"state_hash_ms":0.002489,"commit_ms":0.221046,"total_ms":6.021452},"throughput":{"mgas_per_sec":0},"state_reads":{"accounts":4,"storage_slots":0,"code":0,"code_bytes":0},"state_writes":{"accounts":0,"accounts_deleted":0,"storage_slots":0,"storage_slots_deleted":0,"code":0,"code_bytes":0},"cache":{"account":{"hits":0,"misses":4,"hit_rate":0},"storage":{"hits":0,"misses":0,"hit_rate":0},"code":{"hits":0,"misses":0,"hit_rate":0,"hit_bytes":0,"miss_bytes":0}}}
INFO [06-02|04:40:09.741] Imported new potential chain segment     number=10757 hash=0e4ee6..905ab9 blocks=1 txs=0 mgas=0.000 elapsed=6.312ms     mgasps=0.000 triediffs=6.51MiB triedirty=196.63MiB
INFO [06-02|04:40:09.741] Chain head was updated                   number=10757 hash=0e4ee6..905ab9 root=514f94..9f92a2 elapsed="64.84µs"
INFO [06-02|04:40:10.768] Starting work on payload                 id=0x03f87bfb87494b62
INFO [06-02|04:40:10.773] Updated payload                          id=0x03f87bfb87494b62 number=10758 hash=4512f9..dad3c2 txs=0 withdrawals=0 gas=0 fees=0 root=514f94..9f92a2 elapsed=4.843ms
INFO [06-02|04:40:10.773] Stopping work on payload                 id=0x03f87bfb87494b62 reason=delivery
WARN [06-02|04:40:10.867] {"level":"warn","msg":"Slow block","block":{"number":10758,"hash":"0x4512f92815341eb991fb759dd394bb75f505c000217f0c29de623d29badad3c2","gas_used":0,"tx_count":0},"timing":{"execution_ms":0.030706,"state_read_ms":93.196558,"state_hash_ms":0.002068,"commit_ms":0.102592,"total_ms":93.484833},"throughput":{"mgas_per_sec":0},"state_reads":{"accounts":4,"storage_slots":0,"code":0,"code_bytes":0},"state_writes":{"accounts":0,"accounts_deleted":0,"storage_slots":0,"storage_slots_deleted":0,"code":0,"code_bytes":0},"cache":{"account":{"hits":0,"misses":4,"hit_rate":0},"storage":{"hits":0,"misses":0,"hit_rate":0},"code":{"hits":0,"misses":0,"hit_rate":0,"hit_bytes":0,"miss_bytes":0}}}
INFO [06-02|04:40:10.867] Imported new potential chain segment     number=10758 hash=4512f9..dad3c2 blocks=1 txs=0 mgas=0.000 elapsed=93.667ms    mgasps=0.000 triediffs=6.51MiB triedirty=196.63MiB
INFO [06-02|04:40:10.867] Chain head was updated                   number=10758 hash=4512f9..dad3c2 root=514f94..9f92a2 elapsed="54.195µs"
INFO [06-02|04:40:10.999] Submitted contract creation              hash=0xa4571f629897b32d3be68dea6d8feaf236087ca3201ef58faf2278e984f77600 from=0xf39Fd6e51aad88F6F4ce6aB8827279cffFb92266 nonce=2937 contract=0x677Eb0277927A4ca6E5CFb60AA98237d944c37c4 value=0
INFO [06-02|04:40:11.000] Submitted transaction                    hash=0x9f197d7c4ea30d9a135a54b87d367f7ebc61668c353ba8bc33d265de80fb89d5 from=0xf39Fd6e51aad88F6F4ce6aB8827279cffFb92266 nonce=2938 recipient=0x5c018691E143A3ed6BA48455Ff726f2f4C9a4c56 value=208,000,000
INFO [06-02|04:40:11.870] Starting work on payload                 id=0x03a63f89149bc315
INFO [06-02|04:40:11.913] Updated payload                          id=0x03a63f89149bc315 number=10759 hash=ba89aa..1de10e txs=2 withdrawals=0 gas=91710 fees=5.5026e-13 root=90166a..c900a7 elapsed=42.311ms
INFO [06-02|04:40:11.913] Stopping work on payload                 id=0x03a63f89149bc315 reason=delivery
WARN [06-02|04:40:11.931] {"level":"warn","msg":"Slow block","block":{"number":10759,"hash":"0xba89aa6e77f8f13128019e4b752abac49dec4babab0a33bac4bb1cd1ec1de10e","gas_used":91710,"tx_count":2},"timing":{"execution_ms":0.139783,"state_read_ms":8.94118,"state_hash_ms":3.127721,"commit_ms":5.38421,"total_ms":17.868065},"throughput":{"mgas_per_sec":5.132620683884909},"state_reads":{"accounts":11,"storage_slots":0,"code":0,"code_bytes":0},"state_writes":{"accounts":3,"accounts_deleted":0,"storage_slots":0,"storage_slots_deleted":0,"code":1,"code_bytes":305},"cache":{"account":{"hits":7,"misses":4,"hit_rate":63.63636363636363},"storage":{"hits":0,"misses":0,"hit_rate":0},"code":{"hits":0,"misses":0,"hit_rate":0,"hit_bytes":0,"miss_bytes":0}}}
INFO [06-02|04:40:11.931] Imported new potential chain segment     number=10759 hash=ba89aa..1de10e blocks=1 txs=2 mgas=0.092 elapsed=18.133ms    mgasps=5.058 triediffs=6.47MiB triedirty=196.66MiB
INFO [06-02|04:40:11.932] Chain head was updated                   number=10759 hash=ba89aa..1de10e root=90166a..c900a7 elapsed="146.606µs"
INFO [06-02|04:40:12.014] Submitted transaction                    hash=0x9b1fce62741d22c8315a5f6e645705a3f2c92955690857fbfebe17e6570f01c5 from=0x5c018691E143A3ed6BA48455Ff726f2f4C9a4c56 nonce=0    recipient=0x677Eb0277927A4ca6E5CFb60AA98237d944c37c4 value=0
INFO [06-02|04:40:12.942] Starting work on payload                 id=0x031d9311e05cb346
INFO [06-02|04:40:13.507] Updated payload                          id=0x031d9311e05cb346 number=10760 hash=9e5d26..ec024c txs=1 withdrawals=0 gas=15,912,936 fees=9.5477616e-11 root=6ac1ed..780b73 elapsed=564.556ms
INFO [06-02|04:40:13.512] Stopping work on payload                 id=0x031d9311e05cb346 reason=delivery
WARN [06-02|04:40:13.709] {"level":"warn","msg":"Slow block","block":{"number":10760,"hash":"0x9e5d2616c496c23e999b246e12c4254df56cc3ef57e41901bf0d11345aec024c","gas_used":15912936,"tx_count":1},"timing":{"execution_ms":113.923662,"state_read_ms":37.932968,"state_hash_ms":39.925668,"commit_ms":8.862455,"total_ms":201.183041},"throughput":{"mgas_per_sec":79.09680617662002},"state_reads":{"accounts":407,"storage_slots":2282,"code":401,"code_bytes":11505},"state_writes":{"accounts":73,"accounts_deleted":0,"storage_slots":191,"storage_slots_deleted":0,"code":0,"code_bytes":0},"cache":{"account":{"hits":5,"misses":402,"hit_rate":1.2285012285012284},"storage":{"hits":145,"misses":2137,"hit_rate":6.35407537248028},"code":{"hits":401,"misses":0,"hit_rate":100,"hit_bytes":11505,"miss_bytes":0}}}
INFO [06-02|04:40:13.709] Imported new potential chain segment     number=10760 hash=9e5d26..ec024c blocks=1 txs=1 mgas=15.913 elapsed=201.567ms   mgasps=78.946 triediffs=6.97MiB triedirty=196.66MiB
INFO [06-02|04:40:13.709] Chain head was updated                   number=10760 hash=9e5d26..ec024c root=6ac1ed..780b73 elapsed="194.342µs"
INFO [06-02|04:40:14.035] Submitted transaction                    hash=0x2ad023a0000a7d12ce00e2c7d9fa88d026ac2a6c4645ba9463703625df9d3260 from=0x5c018691E143A3ed6BA48455Ff726f2f4C9a4c56 nonce=1    recipient=0xf39Fd6e51aad88F6F4ce6aB8827279cffFb92266 value=879,832
INFO [06-02|04:40:14.714] Starting work on payload                 id=0x0302825cdd1e4087
INFO [06-02|04:40:14.748] Updated payload                          id=0x0302825cdd1e4087 number=10761 hash=8cb591..cc8973 txs=1 withdrawals=0 gas=21000      fees=2.1e-14       root=23e4e0..0daba3 elapsed=34.036ms
INFO [06-02|04:40:14.748] Stopping work on payload                 id=0x0302825cdd1e4087 reason=delivery
WARN [06-02|04:40:14.771] {"level":"warn","msg":"Slow block","block":{"number":10761,"hash":"0x8cb591f7600f95ac20b9ce862ae45d6bf394691713f7a36fafe25d3a1dcc8973","gas_used":21000,"tx_count":1},"timing":{"execution_ms":0.098681,"state_read_ms":14.126982,"state_hash_ms":7.228732,"commit_ms":0.763211,"total_ms":22.449409},"throughput":{"mgas_per_sec":0.9354366522521818},"state_reads":{"accounts":6,"storage_slots":0,"code":0,"code_bytes":0},"state_writes":{"accounts":2,"accounts_deleted":0,"storage_slots":0,"storage_slots_deleted":0,"code":0,"code_bytes":0},"cache":{"account":{"hits":2,"misses":4,"hit_rate":33.33333333333333},"storage":{"hits":0,"misses":0,"hit_rate":0},"code":{"hits":0,"misses":0,"hit_rate":0,"hit_bytes":0,"miss_bytes":0}}}
INFO [06-02|04:40:14.771] Imported new potential chain segment     number=10761 hash=8cb591..cc8973 blocks=1 txs=1 mgas=0.021  elapsed=22.635ms    mgasps=0.928  triediffs=6.96MiB triedirty=196.66MiB
INFO [06-02|04:40:14.771] Chain head was updated                   number=10761 hash=8cb591..cc8973 root=23e4e0..0daba3 elapsed="53.704µs"
