WARN [06-02|04:45:05.996] Unknown config environment variable      envvar=GETH_PBT_BIN
WARN [06-02|04:45:05.996] Unknown config environment variable      envvar=GETH_UBT_BIN
INFO [06-02|04:45:06.012] Starting Geth on Ethereum mainnet...
INFO [06-02|04:45:06.014] Maximum peer count                       ETH=0 total=0
INFO [06-02|04:45:06.015] Smartcard socket not found, disabling    err="stat /run/pcscd/pcscd.comm: no such file or directory"
WARN [06-02|04:45:06.018] Option --miner.etherbase is deprecated as the etherbase is set by the consensus client post-merge
INFO [06-02|04:45:06.021] Set global gas cap                       cap=50,000,000
INFO [06-02|04:45:06.810] Using developer account                  address=0xf39Fd6e51aad88F6F4ce6aB8827279cffFb92266
INFO [06-02|04:45:06.854] Using pebble as the backing database
INFO [06-02|04:45:06.854] Allocated cache and file handles         database=/mnt/state_expiry_vol_data/ubt-vs-pbt-dbs/ubt/geth/chaindata cache=2.00GiB handles=262,144
INFO [06-02|04:45:07.118] Opened ancient database                  database=/mnt/state_expiry_vol_data/ubt-vs-pbt-dbs/ubt/geth/chaindata/ancient/chain readonly=true
INFO [06-02|04:45:07.118] Opened Era store                         datadir=/mnt/state_expiry_vol_data/ubt-vs-pbt-dbs/ubt/geth/chaindata/ancient/chain/era
INFO [06-02|04:45:07.126] Initializing the KZG library             backend=gokzg
INFO [06-02|04:45:07.128] Allocated trie memory caches             clean=614.00MiB dirty=1.00GiB
INFO [06-02|04:45:07.137] Using pebble as the backing database
INFO [06-02|04:45:07.137] Allocated cache and file handles         database=/mnt/state_expiry_vol_data/ubt-vs-pbt-dbs/ubt/geth/chaindata cache=2.00GiB handles=262,144
INFO [06-02|04:45:07.372] Opened ancient database                  database=/mnt/state_expiry_vol_data/ubt-vs-pbt-dbs/ubt/geth/chaindata/ancient/chain readonly=false
INFO [06-02|04:45:07.372] Opened Era store                         datadir=/mnt/state_expiry_vol_data/ubt-vs-pbt-dbs/ubt/geth/chaindata/ancient/chain/era
INFO [06-02|04:45:07.380] State scheme set to already existing     scheme=path
INFO [06-02|04:45:07.381] Initialising Ethereum protocol           network=1337 dbversion=9
WARN [06-02|04:45:07.381] Sanitizing invalid node buffer size      provided=1.00GiB updated=256.00MiB
INFO [06-02|04:45:07.382] Load database journal from file          path=/mnt/state_expiry_vol_data/ubt-vs-pbt-dbs/ubt/geth/triedb/verkle.journal
INFO [06-02|04:45:09.794] Opened ancient database                  database=/mnt/state_expiry_vol_data/ubt-vs-pbt-dbs/ubt/geth/chaindata/ancient/state_verkle readonly=false
INFO [06-02|04:45:09.795] State snapshot generator is not compatible
INFO [06-02|04:45:09.795] Initialized path database                triecache=614.00MiB statecache=409.00MiB buffer=256.00MiB state-history="last 90000 blocks" journal-dir=/mnt/state_expiry_vol_data/ubt-vs-pbt-dbs/ubt/geth/triedb verkle=true
INFO [06-02|04:45:09.795] 
INFO [06-02|04:45:09.795] ---------------------------------------------------------------------------------------------------------------------------------------------------------
INFO [06-02|04:45:09.795] Chain ID:  1337 (unknown)
INFO [06-02|04:45:09.795] Consensus: unknown
INFO [06-02|04:45:09.795] 
INFO [06-02|04:45:09.795] Pre-Merge hard forks (block based):
INFO [06-02|04:45:09.795]  - Homestead:                   #0       
INFO [06-02|04:45:09.795]  - Tangerine Whistle (EIP 150): #0       
INFO [06-02|04:45:09.795]  - Spurious Dragon/1 (EIP 155): #0       
INFO [06-02|04:45:09.795]  - Spurious Dragon/2 (EIP 158): #0       
INFO [06-02|04:45:09.795]  - Byzantium:                   #0       
INFO [06-02|04:45:09.795]  - Constantinople:              #0       
INFO [06-02|04:45:09.795]  - Petersburg:                  #0       
INFO [06-02|04:45:09.795]  - Istanbul:                    #0       
INFO [06-02|04:45:09.795]  - Berlin:                      #0       
INFO [06-02|04:45:09.795]  - London:                      #0       
INFO [06-02|04:45:09.795]  - Arrow Glacier:               #0       
INFO [06-02|04:45:09.795]  - Gray Glacier:                #0       
INFO [06-02|04:45:09.795] 
INFO [06-02|04:45:09.795] Merge configured:
INFO [06-02|04:45:09.795]  - Total terminal difficulty:  0
INFO [06-02|04:45:09.795]  - Merge netsplit block:       #0       
INFO [06-02|04:45:09.795] 
INFO [06-02|04:45:09.795] Post-Merge hard forks (timestamp based):
INFO [06-02|04:45:09.795]  - Shanghai:                    @0         
INFO [06-02|04:45:09.795]  - Cancun:                      @0          blob: (target: 3, max: 6, fraction: 3338477)
INFO [06-02|04:45:09.795]  - Prague:                      @0          blob: (target: 6, max: 9, fraction: 5007716)
INFO [06-02|04:45:09.795]  - Osaka:                       @0          blob: (target: 6, max: 9, fraction: 5007716)
INFO [06-02|04:45:09.795]  - UBT:                         @0          blob: (nil)
INFO [06-02|04:45:09.795] 
INFO [06-02|04:45:09.795] All fork specifications can be found at https://ethereum.github.io/execution-specs/src/ethereum/forks/
INFO [06-02|04:45:09.795] 
INFO [06-02|04:45:09.795] ---------------------------------------------------------------------------------------------------------------------------------------------------------
INFO [06-02|04:45:09.795] 
INFO [06-02|04:45:09.796] Loaded most recent local block           number=10886 hash=30fa77..65887b age=7s
INFO [06-02|04:45:09.796] Loaded most recent local finalized block number=10880 hash=b19e10..fac4df age=14s
INFO [06-02|04:45:09.797] Initialized transaction indexer          range="last 2350000 blocks"
INFO [06-02|04:45:09.797] Initialized log indexer                  firstblock=0 lastblock=10886 firstmap=0 lastmap=0 headindexed=true
INFO [06-02|04:45:09.812] Enabled full-sync                        head=10886 hash=30fa77..65887b
INFO [06-02|04:45:09.812] Unprotected transactions allowed
INFO [06-02|04:45:09.812] Gasprice oracle is ignoring threshold set threshold=2
INFO [06-02|04:45:09.813] Registered sync override service
WARN [06-02|04:45:09.813] You are running Geth in --dev mode. Please note the following:
WARN [06-02|04:45:09.813] 
WARN [06-02|04:45:09.813]   1. This mode is only intended for fast, iterative development without assumptions on
WARN [06-02|04:45:09.813]      security or persistence.
WARN [06-02|04:45:09.813]   2. The database is created in memory unless specified otherwise. Therefore, shutting down
WARN [06-02|04:45:09.813]      your computer or losing power will wipe your entire block data and chain state for
WARN [06-02|04:45:09.813]      your dev environment.
WARN [06-02|04:45:09.813]   3. A random, pre-allocated developer account will be available and unlocked as
WARN [06-02|04:45:09.813]      eth.coinbase, which can be used for testing. The random dev account is temporary,
WARN [06-02|04:45:09.813]      stored on a ramdisk, and will be lost if your machine is restarted.
WARN [06-02|04:45:09.813]   4. Mining is enabled by default. However, the client will only seal blocks if transactions
WARN [06-02|04:45:09.813]      are pending in the mempool. The miner's minimum accepted gas price is 1.
WARN [06-02|04:45:09.813]   5. Networking is disabled; there is no listen-address, the maximum number of peers is set
WARN [06-02|04:45:09.813]      to 0, and discovery is disabled.
WARN [06-02|04:45:09.813] 
INFO [06-02|04:45:09.813] Starting peer-to-peer node               instance=Geth/v1.17.3-unstable/linux-amd64/go1.24.9
WARN [06-02|04:45:09.813] P2P server will be useless, neither dialing nor listening
INFO [06-02|04:45:09.837] IPC endpoint opened                      url=/mnt/state_expiry_vol_data/ubt-vs-pbt-dbs/ubt/geth.ipc
ERROR[06-02|04:45:09.837] Unavailable modules in HTTP API list     unavailable=[personal] available="[admin debug web3 eth txpool miner net dev testing]"
INFO [06-02|04:45:09.837] New local node record                    seq=1,780,289,665,564 id=c084d8867e8cc127 ip=127.0.0.1 udp=0 tcp=0
INFO [06-02|04:45:09.838] Started P2P networking                   self=enode://ed0ccbffbfc0dc9f1b0f8e55d585ad3e61215b1974f32d9388e7ae53563e3ebe0172c21d754fa202c3a63f95bef3ff3ea24339ffdabd0115c47ec5b8d33136a9@127.0.0.1:0
INFO [06-02|04:45:09.838] HTTP server started                      endpoint=127.0.0.1:8545 auth=false prefix= cors= vhosts=localhost
INFO [06-02|04:45:09.838] WebSocket enabled                        url=ws://127.0.0.1:8546
INFO [06-02|04:45:10.756] Loaded local transaction journal         transactions=8320 dropped=0
INFO [06-02|04:45:11.139] Started log indexer
INFO [06-02|04:45:11.175] Starting work on payload                 id=0x035baf576ebabbcd
INFO [06-02|04:45:11.176] Updated payload                          id=0x035baf576ebabbcd number=10887 hash=650e6a..3a538c txs=0 withdrawals=0 gas=0 fees=0 root=c9aeae..697a54 elapsed=1.687ms
INFO [06-02|04:45:11.181] Stopping work on payload                 id=0x035baf576ebabbcd reason=delivery
WARN [06-02|04:45:11.217] {"level":"warn","msg":"Slow block","block":{"number":10887,"hash":"0x650e6a126761a1bdb5f89b396a3d6b445da8b333fa452b453eb8bf48e73a538c","gas_used":0,"tx_count":0},"timing":{"execution_ms":0.054711,"state_read_ms":38.682859,"state_hash_ms":0.003502,"commit_ms":0.289215,"total_ms":39.321468},"throughput":{"mgas_per_sec":0},"state_reads":{"accounts":4,"storage_slots":0,"code":0,"code_bytes":0},"state_writes":{"accounts":0,"accounts_deleted":0,"storage_slots":0,"storage_slots_deleted":0,"code":0,"code_bytes":0},"cache":{"account":{"hits":0,"misses":4,"hit_rate":0},"storage":{"hits":0,"misses":0,"hit_rate":0},"code":{"hits":0,"misses":0,"hit_rate":0,"hit_bytes":0,"miss_bytes":0}}}
INFO [06-02|04:45:11.217] Imported new potential chain segment     number=10887 hash=650e6a..3a538c blocks=1 txs=0 mgas=0.000 elapsed=40.071ms mgasps=0.000 triediffs=16.87MiB triedirty=197.11MiB
INFO [06-02|04:45:11.217] Chain head was updated                   number=10887 hash=650e6a..3a538c root=c9aeae..697a54 elapsed="74.564µs"
INFO [06-02|04:45:12.219] Starting work on payload                 id=0x03d7fbd06d3d7691
INFO [06-02|04:45:12.220] Updated payload                          id=0x03d7fbd06d3d7691 number=10888 hash=473624..d39e8a txs=0 withdrawals=0 gas=0 fees=0 root=c9aeae..697a54 elapsed="761.437µs"
INFO [06-02|04:45:12.220] Stopping work on payload                 id=0x03d7fbd06d3d7691 reason=delivery
WARN [06-02|04:45:12.223] {"level":"warn","msg":"Slow block","block":{"number":10888,"hash":"0x473624f48c047accb41731ee32864cc7093f1258f38fc7ccd59e8447ead39e8a","gas_used":0,"tx_count":0},"timing":{"execution_ms":0.027276,"state_read_ms":0.867591,"state_hash_ms":0.001761,"commit_ms":1.273248,"total_ms":2.664295},"throughput":{"mgas_per_sec":0},"state_reads":{"accounts":4,"storage_slots":0,"code":0,"code_bytes":0},"state_writes":{"accounts":0,"accounts_deleted":0,"storage_slots":0,"storage_slots_deleted":0,"code":0,"code_bytes":0},"cache":{"account":{"hits":0,"misses":4,"hit_rate":0},"storage":{"hits":0,"misses":0,"hit_rate":0},"code":{"hits":0,"misses":0,"hit_rate":0,"hit_bytes":0,"miss_bytes":0}}}
INFO [06-02|04:45:12.223] Imported new potential chain segment     number=10888 hash=473624..d39e8a blocks=1 txs=0 mgas=0.000 elapsed=2.881ms     mgasps=0.000 triediffs=16.87MiB triedirty=197.11MiB
INFO [06-02|04:45:12.223] Chain head was updated                   number=10888 hash=473624..d39e8a root=c9aeae..697a54 elapsed="57.603µs"
INFO [06-02|04:45:13.256] Starting work on payload                 id=0x034160ba840710d0
INFO [06-02|04:45:13.311] Updated payload                          id=0x034160ba840710d0 number=10889 hash=a39669..31fe74 txs=0 withdrawals=0 gas=0 fees=0 root=c9aeae..697a54 elapsed=54.087ms
INFO [06-02|04:45:13.311] Stopping work on payload                 id=0x034160ba840710d0 reason=delivery
WARN [06-02|04:45:13.314] {"level":"warn","msg":"Slow block","block":{"number":10889,"hash":"0xa396698acf87fd27d814f377ad3a14040a660da4f3b26b8a963a1a36fb31fe74","gas_used":0,"tx_count":0},"timing":{"execution_ms":0.023592,"state_read_ms":2.467089,"state_hash_ms":0.004406,"commit_ms":0.095046,"total_ms":2.746792},"throughput":{"mgas_per_sec":0},"state_reads":{"accounts":4,"storage_slots":0,"code":0,"code_bytes":0},"state_writes":{"accounts":0,"accounts_deleted":0,"storage_slots":0,"storage_slots_deleted":0,"code":0,"code_bytes":0},"cache":{"account":{"hits":0,"misses":4,"hit_rate":0},"storage":{"hits":0,"misses":0,"hit_rate":0},"code":{"hits":0,"misses":0,"hit_rate":0,"hit_bytes":0,"miss_bytes":0}}}
INFO [06-02|04:45:13.314] Imported new potential chain segment     number=10889 hash=a39669..31fe74 blocks=1 txs=0 mgas=0.000 elapsed=2.897ms     mgasps=0.000 triediffs=16.87MiB triedirty=197.11MiB
INFO [06-02|04:45:13.314] Chain head was updated                   number=10889 hash=a39669..31fe74 root=c9aeae..697a54 elapsed="39.895µs"
INFO [06-02|04:45:14.223] Submitted contract creation              hash=0xdc4eb6376b9e5cdcfc970403a52c2a95684b90489116d9ab4ac1bed59102a597 from=0xf39Fd6e51aad88F6F4ce6aB8827279cffFb92266 nonce=2975 contract=0x47a8c22a20D2E759EedB9EF27CA127c868756f73 value=0
INFO [06-02|04:45:14.223] Submitted transaction                    hash=0x54aec997556ea751e279af97d9feca99a7477d79a1d43cb4aade46aa43c18d48 from=0xf39Fd6e51aad88F6F4ce6aB8827279cffFb92266 nonce=2976 recipient=0x5986974bD20E047feb973d27964e167D89Ca7317 value=208,000,000
INFO [06-02|04:45:14.319] Starting work on payload                 id=0x03153de9bf2d6bf0
INFO [06-02|04:45:14.364] Updated payload                          id=0x03153de9bf2d6bf0 number=10890 hash=08e4f3..b34560 txs=2 withdrawals=0 gas=91722 fees=5.50332e-13 root=013b39..ea9712 elapsed=44.543ms
INFO [06-02|04:45:14.364] Stopping work on payload                 id=0x03153de9bf2d6bf0 reason=delivery
WARN [06-02|04:45:14.382] {"level":"warn","msg":"Slow block","block":{"number":10890,"hash":"0x08e4f38f4d75f094eeb579f50ce77d208d0954f45392f2098cb82b2177b34560","gas_used":91722,"tx_count":2},"timing":{"execution_ms":0.167797,"state_read_ms":8.819786,"state_hash_ms":2.974415,"commit_ms":5.164182,"total_ms":17.400752},"throughput":{"mgas_per_sec":5.271151499659325},"state_reads":{"accounts":11,"storage_slots":0,"code":0,"code_bytes":0},"state_writes":{"accounts":3,"accounts_deleted":0,"storage_slots":0,"storage_slots_deleted":0,"code":1,"code_bytes":305},"cache":{"account":{"hits":5,"misses":6,"hit_rate":45.45454545454545},"storage":{"hits":0,"misses":0,"hit_rate":0},"code":{"hits":0,"misses":0,"hit_rate":0,"hit_bytes":0,"miss_bytes":0}}}
INFO [06-02|04:45:14.382] Imported new potential chain segment     number=10890 hash=08e4f3..b34560 blocks=1 txs=2 mgas=0.092 elapsed=17.656ms    mgasps=5.195 triediffs=16.81MiB triedirty=197.13MiB
INFO [06-02|04:45:14.382] Chain head was updated                   number=10890 hash=08e4f3..b34560 root=013b39..ea9712 elapsed="138.224µs"
INFO [06-02|04:45:15.237] Submitted transaction                    hash=0x15803e831ac13ffff7efcadaca60be2e588fcaf29f967318523a99f443548380 from=0x5986974bD20E047feb973d27964e167D89Ca7317 nonce=0    recipient=0x47a8c22a20D2E759EedB9EF27CA127c868756f73 value=0
INFO [06-02|04:45:15.386] Starting work on payload                 id=0x0372ccba751e3c49
INFO [06-02|04:45:16.046] Updated payload                          id=0x0372ccba751e3c49 number=10891 hash=9f332b..c9ac3e txs=1 withdrawals=0 gas=15,906,950 fees=9.54417e-11 root=c324e1..d090fb elapsed=660.706ms
INFO [06-02|04:45:16.046] Stopping work on payload                 id=0x0372ccba751e3c49 reason=delivery
WARN [06-02|04:45:16.280] {"level":"warn","msg":"Slow block","block":{"number":10891,"hash":"0x9f332bb7d851665d784804280577435b118396402bc064813874eb2b5ec9ac3e","gas_used":15906950,"tx_count":1},"timing":{"execution_ms":126.910341,"state_read_ms":43.190583,"state_hash_ms":51.450934,"commit_ms":7.823208,"total_ms":232.985788},"throughput":{"mgas_per_sec":68.27433611529987},"state_reads":{"accounts":707,"storage_slots":2338,"code":701,"code_bytes":19905},"state_writes":{"accounts":129,"accounts_deleted":0,"storage_slots":181,"storage_slots_deleted":0,"code":0,"code_bytes":0},"cache":{"account":{"hits":129,"misses":578,"hit_rate":18.246110325318245},"storage":{"hits":906,"misses":1432,"hit_rate":38.75106928999145},"code":{"hits":701,"misses":0,"hit_rate":100,"hit_bytes":19905,"miss_bytes":0}}}
INFO [06-02|04:45:16.280] Imported new potential chain segment     number=10891 hash=9f332b..c9ac3e blocks=1 txs=1 mgas=15.907 elapsed=233.518ms   mgasps=68.119 triediffs=17.64MiB triedirty=197.13MiB
INFO [06-02|04:45:16.281] Chain head was updated                   number=10891 hash=9f332b..c9ac3e root=c324e1..d090fb elapsed="224.763µs"
INFO [06-02|04:45:17.265] Submitted transaction                    hash=0xbe036b57811b2ecb1fdc071825521047e8e17108cc622bbc6019879fee84f06c from=0x5986974bD20E047feb973d27964e167D89Ca7317 nonce=1    recipient=0xf39Fd6e51aad88F6F4ce6aB8827279cffFb92266 value=957,650
INFO [06-02|04:45:17.286] Starting work on payload                 id=0x034502ef80448464
INFO [06-02|04:45:17.343] Updated payload                          id=0x034502ef80448464 number=10892 hash=e56661..c9fb8d txs=1 withdrawals=0 gas=21000      fees=2.1e-14     root=69ce27..d6d6d9 elapsed=56.685ms
INFO [06-02|04:45:17.343] Stopping work on payload                 id=0x034502ef80448464 reason=delivery
WARN [06-02|04:45:17.349] {"level":"warn","msg":"Slow block","block":{"number":10892,"hash":"0xe56661eaca588533963bdcf39c24cd432072b7f13b0d6a40601f62ebfbc9fb8d","gas_used":21000,"tx_count":1},"timing":{"execution_ms":0.05287,"state_read_ms":2.485775,"state_hash_ms":2.298189,"commit_ms":0.516414,"total_ms":5.526616},"throughput":{"mgas_per_sec":3.7997935807372905},"state_reads":{"accounts":6,"storage_slots":0,"code":0,"code_bytes":0},"state_writes":{"accounts":2,"accounts_deleted":0,"storage_slots":0,"storage_slots_deleted":0,"code":0,"code_bytes":0},"cache":{"account":{"hits":2,"misses":4,"hit_rate":33.33333333333333},"storage":{"hits":0,"misses":0,"hit_rate":0},"code":{"hits":0,"misses":0,"hit_rate":0,"hit_bytes":0,"miss_bytes":0}}}
INFO [06-02|04:45:17.349] Imported new potential chain segment     number=10892 hash=e56661..c9fb8d blocks=1 txs=1 mgas=0.021  elapsed=5.672ms     mgasps=3.702  triediffs=17.64MiB triedirty=197.14MiB
INFO [06-02|04:45:17.349] Chain head was updated                   number=10892 hash=e56661..c9fb8d root=69ce27..d6d6d9 elapsed="50.73µs"
INFO [06-02|04:45:18.354] Starting work on payload                 id=0x031d3daa72ef17ee
INFO [06-02|04:45:18.393] Updated payload                          id=0x031d3daa72ef17ee number=10893 hash=f5e793..f3833a txs=0 withdrawals=0 gas=0          fees=0           root=69ce27..d6d6d9 elapsed=39.293ms
INFO [06-02|04:45:18.393] Stopping work on payload                 id=0x031d3daa72ef17ee reason=delivery
WARN [06-02|04:45:18.398] {"level":"warn","msg":"Slow block","block":{"number":10893,"hash":"0xf5e793085edde21a07711f3d22188b097b82953be90f01aaea21980be2f3833a","gas_used":0,"tx_count":0},"timing":{"execution_ms":0.068644,"state_read_ms":3.730127,"state_hash_ms":0.002412,"commit_ms":0.172964,"total_ms":4.173936},"throughput":{"mgas_per_sec":0},"state_reads":{"accounts":4,"storage_slots":0,"code":0,"code_bytes":0},"state_writes":{"accounts":0,"accounts_deleted":0,"storage_slots":0,"storage_slots_deleted":0,"code":0,"code_bytes":0},"cache":{"account":{"hits":0,"misses":4,"hit_rate":0},"storage":{"hits":0,"misses":0,"hit_rate":0},"code":{"hits":0,"misses":0,"hit_rate":0,"hit_bytes":0,"miss_bytes":0}}}
INFO [06-02|04:45:18.398] Imported new potential chain segment     number=10893 hash=f5e793..f3833a blocks=1 txs=0 mgas=0.000  elapsed=4.352ms     mgasps=0.000  triediffs=17.64MiB triedirty=197.14MiB
INFO [06-02|04:45:18.398] Chain head was updated                   number=10893 hash=f5e793..f3833a root=69ce27..d6d6d9 elapsed="73.54µs"
