WARN [06-02|04:17:18.386] Unknown config environment variable      envvar=GETH_PBT_BIN
WARN [06-02|04:17:18.386] Unknown config environment variable      envvar=GETH_UBT_BIN
INFO [06-02|04:17:18.398] Starting Geth on Ethereum mainnet...
INFO [06-02|04:17:18.400] Maximum peer count                       ETH=0 total=0
INFO [06-02|04:17:18.402] Smartcard socket not found, disabling    err="stat /run/pcscd/pcscd.comm: no such file or directory"
WARN [06-02|04:17:18.405] Option --miner.etherbase is deprecated as the etherbase is set by the consensus client post-merge
INFO [06-02|04:17:18.408] Set global gas cap                       cap=50,000,000
INFO [06-02|04:17:19.201] Using developer account                  address=0xf39Fd6e51aad88F6F4ce6aB8827279cffFb92266
INFO [06-02|04:17:19.244] Using pebble as the backing database
INFO [06-02|04:17:19.244] Allocated cache and file handles         database=/mnt/state_expiry_vol_data/ubt-vs-pbt-dbs/ubt/geth/chaindata cache=2.00GiB handles=262,144
INFO [06-02|04:17:19.492] Opened ancient database                  database=/mnt/state_expiry_vol_data/ubt-vs-pbt-dbs/ubt/geth/chaindata/ancient/chain readonly=true
INFO [06-02|04:17:19.492] Opened Era store                         datadir=/mnt/state_expiry_vol_data/ubt-vs-pbt-dbs/ubt/geth/chaindata/ancient/chain/era
INFO [06-02|04:17:19.499] Initializing the KZG library             backend=gokzg
INFO [06-02|04:17:19.500] Allocated trie memory caches             clean=614.00MiB dirty=1.00GiB
INFO [06-02|04:17:19.510] Using pebble as the backing database
INFO [06-02|04:17:19.510] Allocated cache and file handles         database=/mnt/state_expiry_vol_data/ubt-vs-pbt-dbs/ubt/geth/chaindata cache=2.00GiB handles=262,144
INFO [06-02|04:17:19.754] Opened ancient database                  database=/mnt/state_expiry_vol_data/ubt-vs-pbt-dbs/ubt/geth/chaindata/ancient/chain readonly=false
INFO [06-02|04:17:19.754] Opened Era store                         datadir=/mnt/state_expiry_vol_data/ubt-vs-pbt-dbs/ubt/geth/chaindata/ancient/chain/era
INFO [06-02|04:17:19.764] State scheme set to already existing     scheme=path
INFO [06-02|04:17:19.764] Initialising Ethereum protocol           network=1337 dbversion=9
WARN [06-02|04:17:19.764] Sanitizing invalid node buffer size      provided=1.00GiB updated=256.00MiB
INFO [06-02|04:17:19.766] Load database journal from file          path=/mnt/state_expiry_vol_data/ubt-vs-pbt-dbs/ubt/geth/triedb/verkle.journal
INFO [06-02|04:17:22.409] Opened ancient database                  database=/mnt/state_expiry_vol_data/ubt-vs-pbt-dbs/ubt/geth/chaindata/ancient/state_verkle readonly=false
INFO [06-02|04:17:22.410] State snapshot generator is not compatible
INFO [06-02|04:17:22.410] Initialized path database                triecache=614.00MiB statecache=409.00MiB buffer=256.00MiB state-history="last 90000 blocks" journal-dir=/mnt/state_expiry_vol_data/ubt-vs-pbt-dbs/ubt/geth/triedb verkle=true
INFO [06-02|04:17:22.410] 
INFO [06-02|04:17:22.410] ---------------------------------------------------------------------------------------------------------------------------------------------------------
INFO [06-02|04:17:22.410] Chain ID:  1337 (unknown)
INFO [06-02|04:17:22.410] Consensus: unknown
INFO [06-02|04:17:22.410] 
INFO [06-02|04:17:22.410] Pre-Merge hard forks (block based):
INFO [06-02|04:17:22.410]  - Homestead:                   #0       
INFO [06-02|04:17:22.410]  - Tangerine Whistle (EIP 150): #0       
INFO [06-02|04:17:22.410]  - Spurious Dragon/1 (EIP 155): #0       
INFO [06-02|04:17:22.410]  - Spurious Dragon/2 (EIP 158): #0       
INFO [06-02|04:17:22.410]  - Byzantium:                   #0       
INFO [06-02|04:17:22.410]  - Constantinople:              #0       
INFO [06-02|04:17:22.410]  - Petersburg:                  #0       
INFO [06-02|04:17:22.410]  - Istanbul:                    #0       
INFO [06-02|04:17:22.410]  - Berlin:                      #0       
INFO [06-02|04:17:22.410]  - London:                      #0       
INFO [06-02|04:17:22.410]  - Arrow Glacier:               #0       
INFO [06-02|04:17:22.410]  - Gray Glacier:                #0       
INFO [06-02|04:17:22.410] 
INFO [06-02|04:17:22.410] Merge configured:
INFO [06-02|04:17:22.410]  - Total terminal difficulty:  0
INFO [06-02|04:17:22.410]  - Merge netsplit block:       #0       
INFO [06-02|04:17:22.410] 
INFO [06-02|04:17:22.410] Post-Merge hard forks (timestamp based):
INFO [06-02|04:17:22.410]  - Shanghai:                    @0         
INFO [06-02|04:17:22.410]  - Cancun:                      @0          blob: (target: 3, max: 6, fraction: 3338477)
INFO [06-02|04:17:22.410]  - Prague:                      @0          blob: (target: 6, max: 9, fraction: 5007716)
INFO [06-02|04:17:22.410]  - Osaka:                       @0          blob: (target: 6, max: 9, fraction: 5007716)
INFO [06-02|04:17:22.410]  - UBT:                         @0          blob: (nil)
INFO [06-02|04:17:22.410] 
INFO [06-02|04:17:22.410] All fork specifications can be found at https://ethereum.github.io/execution-specs/src/ethereum/forks/
INFO [06-02|04:17:22.410] 
INFO [06-02|04:17:22.410] ---------------------------------------------------------------------------------------------------------------------------------------------------------
INFO [06-02|04:17:22.410] 
INFO [06-02|04:17:22.412] Loaded most recent local block           number=10154 hash=296980..f2a63c age=7s
INFO [06-02|04:17:22.412] Loaded most recent local finalized block number=10144 hash=1c55e7..f4a455 age=29s
INFO [06-02|04:17:22.413] Initialized transaction indexer          range="last 2350000 blocks"
INFO [06-02|04:17:22.414] Initialized log indexer                  firstblock=0 lastblock=10154 firstmap=0 lastmap=0 headindexed=true
INFO [06-02|04:17:22.429] Enabled full-sync                        head=10154 hash=296980..f2a63c
INFO [06-02|04:17:22.429] Unprotected transactions allowed
INFO [06-02|04:17:22.429] Gasprice oracle is ignoring threshold set threshold=2
INFO [06-02|04:17:22.430] Registered sync override service
WARN [06-02|04:17:22.430] You are running Geth in --dev mode. Please note the following:
WARN [06-02|04:17:22.430] 
WARN [06-02|04:17:22.430]   1. This mode is only intended for fast, iterative development without assumptions on
WARN [06-02|04:17:22.430]      security or persistence.
WARN [06-02|04:17:22.430]   2. The database is created in memory unless specified otherwise. Therefore, shutting down
WARN [06-02|04:17:22.430]      your computer or losing power will wipe your entire block data and chain state for
WARN [06-02|04:17:22.430]      your dev environment.
WARN [06-02|04:17:22.430]   3. A random, pre-allocated developer account will be available and unlocked as
WARN [06-02|04:17:22.430]      eth.coinbase, which can be used for testing. The random dev account is temporary,
WARN [06-02|04:17:22.430]      stored on a ramdisk, and will be lost if your machine is restarted.
WARN [06-02|04:17:22.430]   4. Mining is enabled by default. However, the client will only seal blocks if transactions
WARN [06-02|04:17:22.430]      are pending in the mempool. The miner's minimum accepted gas price is 1.
WARN [06-02|04:17:22.430]   5. Networking is disabled; there is no listen-address, the maximum number of peers is set
WARN [06-02|04:17:22.430]      to 0, and discovery is disabled.
WARN [06-02|04:17:22.430] 
INFO [06-02|04:17:22.430] Starting peer-to-peer node               instance=Geth/v1.17.3-unstable/linux-amd64/go1.24.9
WARN [06-02|04:17:22.430] P2P server will be useless, neither dialing nor listening
INFO [06-02|04:17:22.464] New local node record                    seq=1,780,289,665,463 id=c084d8867e8cc127 ip=127.0.0.1 udp=0 tcp=0
INFO [06-02|04:17:22.464] Started P2P networking                   self=enode://ed0ccbffbfc0dc9f1b0f8e55d585ad3e61215b1974f32d9388e7ae53563e3ebe0172c21d754fa202c3a63f95bef3ff3ea24339ffdabd0115c47ec5b8d33136a9@127.0.0.1:0
INFO [06-02|04:17:22.473] IPC endpoint opened                      url=/mnt/state_expiry_vol_data/ubt-vs-pbt-dbs/ubt/geth.ipc
ERROR[06-02|04:17:22.473] Unavailable modules in HTTP API list     unavailable=[personal] available="[admin debug web3 eth txpool miner net dev testing]"
INFO [06-02|04:17:22.474] HTTP server started                      endpoint=127.0.0.1:8545 auth=false prefix= cors= vhosts=localhost
INFO [06-02|04:17:22.474] WebSocket enabled                        url=ws://127.0.0.1:8546
INFO [06-02|04:17:23.303] Loaded local transaction journal         transactions=7916 dropped=0
INFO [06-02|04:17:23.637] Started log indexer
INFO [06-02|04:17:23.671] Starting work on payload                 id=0x036e214640045993
INFO [06-02|04:17:23.672] Updated payload                          id=0x036e214640045993 number=10155 hash=685159..9bc03a txs=0 withdrawals=0 gas=0 fees=0 root=16c162..8ebd90 elapsed="678.053µs"
INFO [06-02|04:17:23.672] Stopping work on payload                 id=0x036e214640045993 reason=delivery
WARN [06-02|04:17:23.674] {"level":"warn","msg":"Slow block","block":{"number":10155,"hash":"0x6851598b8a6a94d78706939e26ca6a3b51184ae03b68efe5f92229e5159bc03a","gas_used":0,"tx_count":0},"timing":{"execution_ms":0.047978,"state_read_ms":0.761142,"state_hash_ms":0.00209,"commit_ms":0.259366,"total_ms":1.649677},"throughput":{"mgas_per_sec":0},"state_reads":{"accounts":4,"storage_slots":0,"code":0,"code_bytes":0},"state_writes":{"accounts":0,"accounts_deleted":0,"storage_slots":0,"storage_slots_deleted":0,"code":0,"code_bytes":0},"cache":{"account":{"hits":0,"misses":4,"hit_rate":0},"storage":{"hits":0,"misses":0,"hit_rate":0},"code":{"hits":0,"misses":0,"hit_rate":0,"hit_bytes":0,"miss_bytes":0}}}
INFO [06-02|04:17:23.674] Imported new potential chain segment     number=10155 hash=685159..9bc03a blocks=1 txs=0 mgas=0.000 elapsed=2.037ms     mgasps=0.000 triediffs=69.36MiB triedirty=174.33MiB
INFO [06-02|04:17:23.674] Chain head was updated                   number=10155 hash=685159..9bc03a root=16c162..8ebd90 elapsed="96.314µs"
INFO [06-02|04:17:24.690] Starting work on payload                 id=0x03933b70f09d3e76
INFO [06-02|04:17:24.704] Updated payload                          id=0x03933b70f09d3e76 number=10156 hash=8a66ef..c2b5ae txs=0 withdrawals=0 gas=0 fees=0 root=16c162..8ebd90 elapsed=13.742ms
INFO [06-02|04:17:24.704] Stopping work on payload                 id=0x03933b70f09d3e76 reason=delivery
WARN [06-02|04:17:24.709] {"level":"warn","msg":"Slow block","block":{"number":10156,"hash":"0x8a66ef70ca3b82de0bef37a491176e1dda4386a0c0f90f8d7c945e4128c2b5ae","gas_used":0,"tx_count":0},"timing":{"execution_ms":0.023049,"state_read_ms":4.218475,"state_hash_ms":0.00135,"commit_ms":0.144384,"total_ms":4.567644},"throughput":{"mgas_per_sec":0},"state_reads":{"accounts":4,"storage_slots":0,"code":0,"code_bytes":0},"state_writes":{"accounts":0,"accounts_deleted":0,"storage_slots":0,"storage_slots_deleted":0,"code":0,"code_bytes":0},"cache":{"account":{"hits":0,"misses":4,"hit_rate":0},"storage":{"hits":0,"misses":0,"hit_rate":0},"code":{"hits":0,"misses":0,"hit_rate":0,"hit_bytes":0,"miss_bytes":0}}}
INFO [06-02|04:17:24.709] Imported new potential chain segment     number=10156 hash=8a66ef..c2b5ae blocks=1 txs=0 mgas=0.000 elapsed=4.757ms     mgasps=0.000 triediffs=69.36MiB triedirty=174.33MiB
INFO [06-02|04:17:24.710] Chain head was updated                   number=10156 hash=8a66ef..c2b5ae root=16c162..8ebd90 elapsed="41.352µs"
INFO [06-02|04:17:25.828] Starting work on payload                 id=0x030d0ffa191cd760
INFO [06-02|04:17:25.861] Updated payload                          id=0x030d0ffa191cd760 number=10157 hash=501179..64dbff txs=0 withdrawals=0 gas=0 fees=0 root=16c162..8ebd90 elapsed=32.830ms
INFO [06-02|04:17:25.861] Stopping work on payload                 id=0x030d0ffa191cd760 reason=delivery
WARN [06-02|04:17:25.907] {"level":"warn","msg":"Slow block","block":{"number":10157,"hash":"0x501179a995305f7ce214cd690a854cd6fc0358a63d2c569e4109882b0864dbff","gas_used":0,"tx_count":0},"timing":{"execution_ms":0.065015,"state_read_ms":31.224013,"state_hash_ms":0.00276,"commit_ms":0.158232,"total_ms":44.995329},"throughput":{"mgas_per_sec":0},"state_reads":{"accounts":4,"storage_slots":0,"code":0,"code_bytes":0},"state_writes":{"accounts":0,"accounts_deleted":0,"storage_slots":0,"storage_slots_deleted":0,"code":0,"code_bytes":0},"cache":{"account":{"hits":0,"misses":4,"hit_rate":0},"storage":{"hits":0,"misses":0,"hit_rate":0},"code":{"hits":0,"misses":0,"hit_rate":0,"hit_bytes":0,"miss_bytes":0}}}
INFO [06-02|04:17:25.907] Imported new potential chain segment     number=10157 hash=501179..64dbff blocks=1 txs=0 mgas=0.000 elapsed=45.733ms    mgasps=0.000 triediffs=69.36MiB triedirty=174.33MiB
INFO [06-02|04:17:25.907] Chain head was updated                   number=10157 hash=501179..64dbff root=16c162..8ebd90 elapsed="50.724µs"
INFO [06-02|04:17:26.912] Starting work on payload                 id=0x0316d5b73f24c363
INFO [06-02|04:17:26.915] Updated payload                          id=0x0316d5b73f24c363 number=10158 hash=ccce03..2cabed txs=0 withdrawals=0 gas=0 fees=0 root=16c162..8ebd90 elapsed=2.969ms
INFO [06-02|04:17:26.915] Stopping work on payload                 id=0x0316d5b73f24c363 reason=delivery
WARN [06-02|04:17:26.926] {"level":"warn","msg":"Slow block","block":{"number":10158,"hash":"0xccce03f62712cc644286ab1cf12e8622c190115e3f8eba443d77061f952cabed","gas_used":0,"tx_count":0},"timing":{"execution_ms":0.042468,"state_read_ms":10.632671,"state_hash_ms":0.00182,"commit_ms":0.139656,"total_ms":10.999718},"throughput":{"mgas_per_sec":0},"state_reads":{"accounts":4,"storage_slots":0,"code":0,"code_bytes":0},"state_writes":{"accounts":0,"accounts_deleted":0,"storage_slots":0,"storage_slots_deleted":0,"code":0,"code_bytes":0},"cache":{"account":{"hits":0,"misses":4,"hit_rate":0},"storage":{"hits":0,"misses":0,"hit_rate":0},"code":{"hits":0,"misses":0,"hit_rate":0,"hit_bytes":0,"miss_bytes":0}}}
INFO [06-02|04:17:26.926] Imported new potential chain segment     number=10158 hash=ccce03..2cabed blocks=1 txs=0 mgas=0.000 elapsed=11.230ms    mgasps=0.000 triediffs=69.36MiB triedirty=174.33MiB
INFO [06-02|04:17:26.927] Chain head was updated                   number=10158 hash=ccce03..2cabed root=16c162..8ebd90 elapsed="58.966µs"
INFO [06-02|04:17:27.508] Submitted contract creation              hash=0x80222f00f648acde6b5db37a3ac827440f3234b01fe09f99af804bd2d1de9b2b from=0xf39Fd6e51aad88F6F4ce6aB8827279cffFb92266 nonce=2773 contract=0xBBDC3be52D2e8f052EBe160F3A7deDAD8c71CdC0 value=0
INFO [06-02|04:17:27.508] Submitted transaction                    hash=0x65be02cc9b0c613be0ef14b6c0c78a42fdb92af3eba52a6337d1772d5b8dbebb from=0xf39Fd6e51aad88F6F4ce6aB8827279cffFb92266 nonce=2774 recipient=0xd87A0adCf4642c1122BF00486DDF4eD2C0e75c53 value=208,000,000
INFO [06-02|04:17:27.931] Starting work on payload                 id=0x0326e06e86309793
INFO [06-02|04:17:27.983] Updated payload                          id=0x0326e06e86309793 number=10159 hash=0e9910..59f751 txs=2 withdrawals=0 gas=86950 fees=5.217e-13 root=f3a079..04b8ad elapsed=52.468ms
INFO [06-02|04:17:27.983] Stopping work on payload                 id=0x0326e06e86309793 reason=delivery
WARN [06-02|04:17:28.011] {"level":"warn","msg":"Slow block","block":{"number":10159,"hash":"0x0e991054b80cbbaecd6bc7616501551f7a48b7db5ffaa21337543fc47c59f751","gas_used":86950,"tx_count":2},"timing":{"execution_ms":0.134317,"state_read_ms":4.508393,"state_hash_ms":16.736687,"commit_ms":5.427543,"total_ms":27.023146},"throughput":{"mgas_per_sec":3.217612042654101},"state_reads":{"accounts":11,"storage_slots":0,"code":0,"code_bytes":0},"state_writes":{"accounts":3,"accounts_deleted":0,"storage_slots":0,"storage_slots_deleted":0,"code":1,"code_bytes":165},"cache":{"account":{"hits":5,"misses":6,"hit_rate":45.45454545454545},"storage":{"hits":0,"misses":0,"hit_rate":0},"code":{"hits":0,"misses":0,"hit_rate":0,"hit_bytes":0,"miss_bytes":0}}}
INFO [06-02|04:17:28.011] Imported new potential chain segment     number=10159 hash=0e9910..59f751 blocks=1 txs=2 mgas=0.087 elapsed=27.252ms    mgasps=3.191 triediffs=68.62MiB triedirty=174.50MiB
INFO [06-02|04:17:28.011] Chain head was updated                   number=10159 hash=0e9910..59f751 root=f3a079..04b8ad elapsed="138.225µs"
INFO [06-02|04:17:28.521] Submitted transaction                    hash=0xfb275e506d7561b3a8bc50725f82e3b1d562d0f2eb80e551c939282a0eae86c5 from=0xd87A0adCf4642c1122BF00486DDF4eD2C0e75c53 nonce=0    recipient=0xBBDC3be52D2e8f052EBe160F3A7deDAD8c71CdC0 value=0
INFO [06-02|04:17:29.013] Starting work on payload                 id=0x038db92b0e00c990
INFO [06-02|04:17:30.524] Updated payload                          id=0x038db92b0e00c990 number=10160 hash=08222d..0977d3 txs=1 withdrawals=0 gas=15,911,546 fees=9.5469276e-11 root=5eee5a..ac26f5 elapsed=1.510s
INFO [06-02|04:17:30.524] Stopping work on payload                 id=0x038db92b0e00c990 reason=delivery
WARN [06-02|04:17:30.764] {"level":"warn","msg":"Slow block","block":{"number":10160,"hash":"0x08222d164d228e6c25c4e1e46b2464de5875c38e155c330bcd052bab720977d3","gas_used":15911546,"tx_count":1},"timing":{"execution_ms":9.701174,"state_read_ms":82.469554,"state_hash_ms":114.99633,"commit_ms":31.417638,"total_ms":238.950644},"throughput":{"mgas_per_sec":66.58925765439662},"state_reads":{"accounts":581,"storage_slots":574,"code":575,"code_bytes":16237},"state_writes":{"accounts":575,"accounts_deleted":0,"storage_slots":573,"storage_slots_deleted":0,"code":0,"code_bytes":0},"cache":{"account":{"hits":174,"misses":407,"hit_rate":29.948364888123923},"storage":{"hits":148,"misses":426,"hit_rate":25.78397212543554},"code":{"hits":575,"misses":0,"hit_rate":100,"hit_bytes":16237,"miss_bytes":0}}}
INFO [06-02|04:17:30.764] Imported new potential chain segment     number=10160 hash=08222d..0977d3 blocks=1 txs=1 mgas=15.912 elapsed=239.395ms   mgasps=66.465 triediffs=71.90MiB triedirty=174.50MiB
INFO [06-02|04:17:30.764] Chain head was updated                   number=10160 hash=08222d..0977d3 root=5eee5a..ac26f5 elapsed="223.704µs"
INFO [06-02|04:17:31.554] Submitted transaction                    hash=0xa98276af6ae7fe053328d671e9246f1f8f7dd18e6a5d1123c053c90de5050a24 from=0xd87A0adCf4642c1122BF00486DDF4eD2C0e75c53 nonce=1    recipient=0xf39Fd6e51aad88F6F4ce6aB8827279cffFb92266 value=897,902
INFO [06-02|04:17:31.770] Starting work on payload                 id=0x03034694e3b46b07
INFO [06-02|04:17:31.824] Updated payload                          id=0x03034694e3b46b07 number=10161 hash=dc85af..a66881 txs=1 withdrawals=0 gas=21000      fees=2.1e-14       root=2e8047..9f2a41 elapsed=53.569ms
INFO [06-02|04:17:31.824] Stopping work on payload                 id=0x03034694e3b46b07 reason=delivery
WARN [06-02|04:17:31.831] {"level":"warn","msg":"Slow block","block":{"number":10161,"hash":"0xdc85af28a6e877317baebecd2ed73f1bea8b23370c90bb6c8a264c1ef6a66881","gas_used":21000,"tx_count":1},"timing":{"execution_ms":0.060311,"state_read_ms":2.885597,"state_hash_ms":2.647942,"commit_ms":0.775862,"total_ms":6.562567},"throughput":{"mgas_per_sec":3.199967329857356},"state_reads":{"accounts":6,"storage_slots":0,"code":0,"code_bytes":0},"state_writes":{"accounts":2,"accounts_deleted":0,"storage_slots":0,"storage_slots_deleted":0,"code":0,"code_bytes":0},"cache":{"account":{"hits":2,"misses":4,"hit_rate":33.33333333333333},"storage":{"hits":0,"misses":0,"hit_rate":0},"code":{"hits":0,"misses":0,"hit_rate":0,"hit_bytes":0,"miss_bytes":0}}}
INFO [06-02|04:17:31.831] Imported new potential chain segment     number=10161 hash=dc85af..a66881 blocks=1 txs=1 mgas=0.021  elapsed=6.716ms     mgasps=3.126  triediffs=71.90MiB triedirty=174.50MiB
INFO [06-02|04:17:31.831] Chain head was updated                   number=10161 hash=dc85af..a66881 root=2e8047..9f2a41 elapsed="68.548µs"
INFO [06-02|04:17:32.843] Starting work on payload                 id=0x033a6e0994df8787
