WARN [06-01|06:04:55.985] Unknown config environment variable      envvar=GETH_PBT_BIN
WARN [06-01|06:04:55.986] Unknown config environment variable      envvar=GETH_UBT_BIN
INFO [06-01|06:04:55.996] Starting Geth on Ethereum mainnet...
INFO [06-01|06:04:55.998] Maximum peer count                       ETH=0 total=0
INFO [06-01|06:04:55.999] Smartcard socket not found, disabling    err="stat /run/pcscd/pcscd.comm: no such file or directory"
WARN [06-01|06:04:56.001] Option --miner.etherbase is deprecated as the etherbase is set by the consensus client post-merge
WARN [06-01|06:04:56.003] Snap sync requested, resetting --cache.snapshot
INFO [06-01|06:04:56.003] Set global gas cap                       cap=50,000,000
INFO [06-01|06:04:56.796] Using developer account                  address=0xf39Fd6e51aad88F6F4ce6aB8827279cffFb92266
INFO [06-01|06:04:56.843] Using pebble as the backing database
INFO [06-01|06:04:56.843] Allocated cache and file handles         database=/mnt/state_expiry_vol_data/ubt-vs-pbt-dbs/ubt/geth/chaindata cache=16.00MiB handles=262,144
INFO [06-01|06:04:57.066] Opened ancient database                  database=/mnt/state_expiry_vol_data/ubt-vs-pbt-dbs/ubt/geth/chaindata/ancient/chain readonly=true
INFO [06-01|06:04:57.066] Opened Era store                         datadir=/mnt/state_expiry_vol_data/ubt-vs-pbt-dbs/ubt/geth/chaindata/ancient/chain/era
INFO [06-01|06:04:57.071] Initializing the KZG library             backend=gokzg
INFO [06-01|06:04:57.073] Allocated trie memory caches             clean=0.00B dirty=0.00B
INFO [06-01|06:04:57.083] Using pebble as the backing database
INFO [06-01|06:04:57.083] Allocated cache and file handles         database=/mnt/state_expiry_vol_data/ubt-vs-pbt-dbs/ubt/geth/chaindata cache=16.00MiB handles=262,144
INFO [06-01|06:04:57.254] Opened ancient database                  database=/mnt/state_expiry_vol_data/ubt-vs-pbt-dbs/ubt/geth/chaindata/ancient/chain readonly=false
INFO [06-01|06:04:57.254] Opened Era store                         datadir=/mnt/state_expiry_vol_data/ubt-vs-pbt-dbs/ubt/geth/chaindata/ancient/chain/era
INFO [06-01|06:04:57.260] State scheme set to already existing     scheme=path
INFO [06-01|06:04:57.261] Initialising Ethereum protocol           network=1337 dbversion=9
INFO [06-01|06:04:57.261] Load database journal from file          path=/mnt/state_expiry_vol_data/ubt-vs-pbt-dbs/ubt/geth/triedb/verkle.journal
INFO [06-01|06:04:57.324] Opened ancient database                  database=/mnt/state_expiry_vol_data/ubt-vs-pbt-dbs/ubt/geth/chaindata/ancient/state_verkle readonly=false
INFO [06-01|06:04:57.326] State snapshot generator is not compatible
INFO [06-01|06:04:57.326] Initialized path database                triecache=0.00B statecache=0.00B buffer=0.00B state-history="last 90000 blocks" journal-dir=/mnt/state_expiry_vol_data/ubt-vs-pbt-dbs/ubt/geth/triedb verkle=true
INFO [06-01|06:04:57.327] 
INFO [06-01|06:04:57.327] ---------------------------------------------------------------------------------------------------------------------------------------------------------
INFO [06-01|06:04:57.327] Chain ID:  1337 (unknown)
INFO [06-01|06:04:57.327] Consensus: unknown
INFO [06-01|06:04:57.327] 
INFO [06-01|06:04:57.327] Pre-Merge hard forks (block based):
INFO [06-01|06:04:57.327]  - Homestead:                   #0       
INFO [06-01|06:04:57.327]  - Tangerine Whistle (EIP 150): #0       
INFO [06-01|06:04:57.327]  - Spurious Dragon/1 (EIP 155): #0       
INFO [06-01|06:04:57.327]  - Spurious Dragon/2 (EIP 158): #0       
INFO [06-01|06:04:57.327]  - Byzantium:                   #0       
INFO [06-01|06:04:57.327]  - Constantinople:              #0       
INFO [06-01|06:04:57.327]  - Petersburg:                  #0       
INFO [06-01|06:04:57.327]  - Istanbul:                    #0       
INFO [06-01|06:04:57.327]  - Berlin:                      #0       
INFO [06-01|06:04:57.327]  - London:                      #0       
INFO [06-01|06:04:57.327]  - Arrow Glacier:               #0       
INFO [06-01|06:04:57.327]  - Gray Glacier:                #0       
INFO [06-01|06:04:57.327] 
INFO [06-01|06:04:57.327] Merge configured:
INFO [06-01|06:04:57.327]  - Total terminal difficulty:  0
INFO [06-01|06:04:57.327]  - Merge netsplit block:       #0       
INFO [06-01|06:04:57.327] 
INFO [06-01|06:04:57.327] Post-Merge hard forks (timestamp based):
INFO [06-01|06:04:57.327]  - Shanghai:                    @0         
INFO [06-01|06:04:57.327]  - Cancun:                      @0          blob: (target: 3, max: 6, fraction: 3338477)
INFO [06-01|06:04:57.327]  - Prague:                      @0          blob: (target: 6, max: 9, fraction: 5007716)
INFO [06-01|06:04:57.327]  - Osaka:                       @0          blob: (target: 6, max: 9, fraction: 5007716)
INFO [06-01|06:04:57.327]  - UBT:                         @0          blob: (nil)
INFO [06-01|06:04:57.327] 
INFO [06-01|06:04:57.327] All fork specifications can be found at https://ethereum.github.io/execution-specs/src/ethereum/forks/
INFO [06-01|06:04:57.327] 
INFO [06-01|06:04:57.327] ---------------------------------------------------------------------------------------------------------------------------------------------------------
INFO [06-01|06:04:57.327] 
INFO [06-01|06:04:57.329] Loaded most recent local block           number=776 hash=6bfebb..6c2d36 age=3s
INFO [06-01|06:04:57.329] Loaded most recent local finalized block number=768 hash=966b8c..eb4a36 age=15s
INFO [06-01|06:04:57.330] Initialized transaction indexer          range="last 2350000 blocks"
INFO [06-01|06:04:57.330] Initialized log indexer                  firstblock=0 lastblock=776 firstmap=0 lastmap=0 headindexed=true
INFO [06-01|06:04:57.396] Enabled full-sync                        head=776 hash=6bfebb..6c2d36
INFO [06-01|06:04:57.396] Unprotected transactions allowed
INFO [06-01|06:04:57.396] Gasprice oracle is ignoring threshold set threshold=2
INFO [06-01|06:04:57.397] Registered sync override service
WARN [06-01|06:04:57.397] You are running Geth in --dev mode. Please note the following:
WARN [06-01|06:04:57.397] 
WARN [06-01|06:04:57.397]   1. This mode is only intended for fast, iterative development without assumptions on
WARN [06-01|06:04:57.397]      security or persistence.
WARN [06-01|06:04:57.397]   2. The database is created in memory unless specified otherwise. Therefore, shutting down
WARN [06-01|06:04:57.397]      your computer or losing power will wipe your entire block data and chain state for
WARN [06-01|06:04:57.397]      your dev environment.
WARN [06-01|06:04:57.397]   3. A random, pre-allocated developer account will be available and unlocked as
WARN [06-01|06:04:57.397]      eth.coinbase, which can be used for testing. The random dev account is temporary,
WARN [06-01|06:04:57.397]      stored on a ramdisk, and will be lost if your machine is restarted.
WARN [06-01|06:04:57.397]   4. Mining is enabled by default. However, the client will only seal blocks if transactions
WARN [06-01|06:04:57.397]      are pending in the mempool. The miner's minimum accepted gas price is 1.
WARN [06-01|06:04:57.397]   5. Networking is disabled; there is no listen-address, the maximum number of peers is set
WARN [06-01|06:04:57.397]      to 0, and discovery is disabled.
WARN [06-01|06:04:57.397] 
INFO [06-01|06:04:57.397] Starting peer-to-peer node               instance=Geth/v1.17.3-unstable/linux-amd64/go1.24.9
WARN [06-01|06:04:57.397] P2P server will be useless, neither dialing nor listening
INFO [06-01|06:04:57.427] IPC endpoint opened                      url=/mnt/state_expiry_vol_data/ubt-vs-pbt-dbs/ubt/geth.ipc
ERROR[06-01|06:04:57.427] Unavailable modules in HTTP API list     unavailable=[personal] available="[admin debug web3 eth txpool miner net dev testing]"
INFO [06-01|06:04:57.427] New local node record                    seq=1,780,289,664,143 id=c084d8867e8cc127 ip=127.0.0.1 udp=0 tcp=0
INFO [06-01|06:04:57.427] Started P2P networking                   self=enode://ed0ccbffbfc0dc9f1b0f8e55d585ad3e61215b1974f32d9388e7ae53563e3ebe0172c21d754fa202c3a63f95bef3ff3ea24339ffdabd0115c47ec5b8d33136a9@127.0.0.1:0
INFO [06-01|06:04:57.427] HTTP server started                      endpoint=127.0.0.1:8545 auth=false prefix= cors= vhosts=localhost
INFO [06-01|06:04:57.428] WebSocket enabled                        url=ws://127.0.0.1:8546
INFO [06-01|06:04:57.510] Loaded local transaction journal         transactions=909 dropped=0
INFO [06-01|06:04:58.764] Started log indexer
INFO [06-01|06:04:58.801] Starting work on payload                 id=0x03c2eb80775fa5be
INFO [06-01|06:04:58.805] Updated payload                          id=0x03c2eb80775fa5be number=777 hash=8f84ae..eb8224 txs=0 withdrawals=0 gas=0 fees=0 root=22139f..aa5f8f elapsed=3.748ms
INFO [06-01|06:04:58.806] Stopping work on payload                 id=0x03c2eb80775fa5be reason=delivery
WARN [06-01|06:04:58.811] {"level":"warn","msg":"Slow block","block":{"number":777,"hash":"0x8f84ae9c6aaa6581fbc71ecf291addd50d6a5cc32996188a62b38a4675eb8224","gas_used":0,"tx_count":0},"timing":{"execution_ms":0.051526,"state_read_ms":5.046945,"state_hash_ms":0.001545,"commit_ms":0.152428,"total_ms":5.42349},"throughput":{"mgas_per_sec":0},"state_reads":{"accounts":4,"storage_slots":0,"code":0,"code_bytes":0},"state_writes":{"accounts":0,"accounts_deleted":0,"storage_slots":0,"storage_slots_deleted":0,"code":0,"code_bytes":0},"cache":{"account":{"hits":0,"misses":4,"hit_rate":0},"storage":{"hits":0,"misses":0,"hit_rate":0},"code":{"hits":0,"misses":0,"hit_rate":0,"hit_bytes":0,"miss_bytes":0}}}
INFO [06-01|06:04:58.811] Imported new potential chain segment     number=777 hash=8f84ae..eb8224 blocks=1 txs=0 mgas=0.000 elapsed=5.717ms mgasps=0.000 triediffs=2.30MiB triedirty=0.00B
INFO [06-01|06:04:58.811] Chain head was updated                   number=777 hash=8f84ae..eb8224 root=22139f..aa5f8f elapsed="48.382µs"
INFO [06-01|06:04:59.818] Starting work on payload                 id=0x03704224958762ec
INFO [06-01|06:04:59.823] Updated payload                          id=0x03704224958762ec number=778 hash=171a2b..ef3b79 txs=0 withdrawals=0 gas=0 fees=0 root=22139f..aa5f8f elapsed=4.645ms
INFO [06-01|06:04:59.823] Stopping work on payload                 id=0x03704224958762ec reason=delivery
WARN [06-01|06:04:59.827] {"level":"warn","msg":"Slow block","block":{"number":778,"hash":"0x171a2bbb3ca50cf21ccadcf87948a12bc0f15ae6c9debc9ce0893a0608ef3b79","gas_used":0,"tx_count":0},"timing":{"execution_ms":0.022195,"state_read_ms":2.86061,"state_hash_ms":0.004302,"commit_ms":0.11419,"total_ms":3.18278},"throughput":{"mgas_per_sec":0},"state_reads":{"accounts":4,"storage_slots":0,"code":0,"code_bytes":0},"state_writes":{"accounts":0,"accounts_deleted":0,"storage_slots":0,"storage_slots_deleted":0,"code":0,"code_bytes":0},"cache":{"account":{"hits":0,"misses":4,"hit_rate":0},"storage":{"hits":0,"misses":0,"hit_rate":0},"code":{"hits":0,"misses":0,"hit_rate":0,"hit_bytes":0,"miss_bytes":0}}}
INFO [06-01|06:04:59.827] Imported new potential chain segment     number=778 hash=171a2b..ef3b79 blocks=1 txs=0 mgas=0.000 elapsed=3.353ms    mgasps=0.000 triediffs=2.30MiB triedirty=0.00B
INFO [06-01|06:04:59.827] Chain head was updated                   number=778 hash=171a2b..ef3b79 root=22139f..aa5f8f elapsed="36.863µs"
INFO [06-01|06:05:00.826] Submitted contract creation              hash=0x4f382f881b238e5e9ab9f622d6b5877ebbac67c4ea817fd5cade36513d6ed571 from=0xf39Fd6e51aad88F6F4ce6aB8827279cffFb92266 nonce=199 contract=0xd9140951d8aE6E5F625a02F5908535e16e3af964 value=0
INFO [06-01|06:05:00.826] Submitted transaction                    hash=0x117b0f5f6f9d2d1a76f1db221f112489b705bd24b3da13717054e2b2f53c1e56 from=0xf39Fd6e51aad88F6F4ce6aB8827279cffFb92266 nonce=200 recipient=0x4A8728eD0fBA751cf89CF54dEA23bFfFB7B5e258 value=78,000,000
INFO [06-01|06:05:00.837] Starting work on payload                 id=0x0303783ee784e1d4
INFO [06-01|06:05:00.883] Updated payload                          id=0x0303783ee784e1d4 number=779 hash=f346b0..44a2fd txs=2 withdrawals=0 gas=86906 fees=5.21436e-13 root=a87da5..916891 elapsed=45.962ms
INFO [06-01|06:05:00.884] Stopping work on payload                 id=0x0303783ee784e1d4 reason=delivery
INFO [06-01|06:05:00.906] Paused snapshot generation
WARN [06-01|06:05:00.907] {"level":"warn","msg":"Slow block","block":{"number":779,"hash":"0xf346b02c23ae733a96abe91c9b5a8bc3974213529eea03094ba043beea44a2fd","gas_used":86906,"tx_count":2},"timing":{"execution_ms":0.108458,"state_read_ms":3.055857,"state_hash_ms":14.581705,"commit_ms":5.06447,"total_ms":22.940017},"throughput":{"mgas_per_sec":3.7884017261190346},"state_reads":{"accounts":11,"storage_slots":0,"code":0,"code_bytes":0},"state_writes":{"accounts":3,"accounts_deleted":0,"storage_slots":0,"storage_slots_deleted":0,"code":1,"code_bytes":163},"cache":{"account":{"hits":5,"misses":6,"hit_rate":45.45454545454545},"storage":{"hits":0,"misses":0,"hit_rate":0},"code":{"hits":0,"misses":0,"hit_rate":0,"hit_bytes":0,"miss_bytes":0}}}
INFO [06-01|06:05:00.907] Imported new potential chain segment     number=779 hash=f346b0..44a2fd blocks=1 txs=2 mgas=0.087 elapsed=23.089ms   mgasps=3.764 triediffs=2.31MiB triedirty=0.00B
INFO [06-01|06:05:00.907] Chain head was updated                   number=779 hash=f346b0..44a2fd root=a87da5..916891 elapsed="172.904µs"
WARN [06-01|06:05:00.928] Snapshot generation is not permitted
INFO [06-01|06:05:01.842] Submitted transaction                    hash=0x887a3563f9e7498735c226d647009790d21f5b105a765aadbdf0c810b5884994 from=0x4A8728eD0fBA751cf89CF54dEA23bFfFB7B5e258 nonce=0   recipient=0xd9140951d8aE6E5F625a02F5908535e16e3af964 value=0
INFO [06-01|06:05:01.915] Starting work on payload                 id=0x038e7ab32d252923
INFO [06-01|06:05:01.955] Updated payload                          id=0x038e7ab32d252923 number=780 hash=2bc4d9..89bb37 txs=1 withdrawals=0 gas=5,911,431 fees=3.5468586e-11 root=6b8f6f..59eaf2 elapsed=39.918ms
INFO [06-01|06:05:01.955] Stopping work on payload                 id=0x038e7ab32d252923 reason=delivery
INFO [06-01|06:05:01.980] Paused snapshot generation
WARN [06-01|06:05:01.981] {"level":"warn","msg":"Slow block","block":{"number":780,"hash":"0x2bc4d973c84d6f19e14a801e9a7067dc2e302798f4bd22165f5b4511e989bb37","gas_used":5911431,"tx_count":1},"timing":{"execution_ms":3.434527,"state_read_ms":7.899558,"state_hash_ms":12.122464,"commit_ms":1.833532,"total_ms":25.6688},"throughput":{"mgas_per_sec":230.29635199152278},"state_reads":{"accounts":8,"storage_slots":259,"code":2,"code_bytes":191},"state_writes":{"accounts":3,"accounts_deleted":0,"storage_slots":259,"storage_slots_deleted":0,"code":0,"code_bytes":0},"cache":{"account":{"hits":4,"misses":4,"hit_rate":50},"storage":{"hits":89,"misses":170,"hit_rate":34.36293436293436},"code":{"hits":2,"misses":0,"hit_rate":100,"hit_bytes":191,"miss_bytes":0}}}
INFO [06-01|06:05:01.981] Imported new potential chain segment     number=780 hash=2bc4d9..89bb37 blocks=1 txs=1 mgas=5.911 elapsed=25.887ms    mgasps=228.351 triediffs=2.36MiB triedirty=0.00B
INFO [06-01|06:05:01.982] Chain head was updated                   number=780 hash=2bc4d9..89bb37 root=6b8f6f..59eaf2 elapsed="84.605µs"
WARN [06-01|06:05:02.000] Snapshot generation is not permitted
INFO [06-01|06:05:02.856] Submitted transaction                    hash=0x24248c89007d3805ebd90145b8d3f91cc193b4777d34f85c0faac8662917fe81 from=0x4A8728eD0fBA751cf89CF54dEA23bFfFB7B5e258 nonce=1   recipient=0xf39Fd6e51aad88F6F4ce6aB8827279cffFb92266 value=899,397
INFO [06-01|06:05:02.986] Starting work on payload                 id=0x03af1dbc424afb18
INFO [06-01|06:05:03.017] Updated payload                          id=0x03af1dbc424afb18 number=781 hash=f77234..e89a8a txs=1 withdrawals=0 gas=21000     fees=2.1e-14       root=baa531..08fbf4 elapsed=30.445ms
INFO [06-01|06:05:03.017] Stopping work on payload                 id=0x03af1dbc424afb18 reason=delivery
INFO [06-01|06:05:03.024] Paused snapshot generation
WARN [06-01|06:05:03.024] {"level":"warn","msg":"Slow block","block":{"number":781,"hash":"0xf77234847d56ba7c7f4e57a8ced5421b252538765a3a9ad729edbcd55de89a8a","gas_used":21000,"tx_count":1},"timing":{"execution_ms":0.062354,"state_read_ms":3.352224,"state_hash_ms":2.347382,"commit_ms":0.554954,"total_ms":6.481402},"throughput":{"mgas_per_sec":3.2400397321443726},"state_reads":{"accounts":6,"storage_slots":0,"code":0,"code_bytes":0},"state_writes":{"accounts":2,"accounts_deleted":0,"storage_slots":0,"storage_slots_deleted":0,"code":0,"code_bytes":0},"cache":{"account":{"hits":2,"misses":4,"hit_rate":33.33333333333333},"storage":{"hits":0,"misses":0,"hit_rate":0},"code":{"hits":0,"misses":0,"hit_rate":0,"hit_bytes":0,"miss_bytes":0}}}
INFO [06-01|06:05:03.024] Imported new potential chain segment     number=781 hash=f77234..e89a8a blocks=1 txs=1 mgas=0.021 elapsed=6.638ms     mgasps=3.163   triediffs=2.35MiB triedirty=0.00B
INFO [06-01|06:05:03.024] Chain head was updated                   number=781 hash=f77234..e89a8a root=baa531..08fbf4 elapsed="85.983µs"
WARN [06-01|06:05:03.058] Snapshot generation is not permitted
INFO [06-01|06:05:04.030] Starting work on payload                 id=0x031de698b41c58f7
INFO [06-01|06:05:04.043] Updated payload                          id=0x031de698b41c58f7 number=782 hash=d0e2f1..554d8b txs=0 withdrawals=0 gas=0         fees=0             root=baa531..08fbf4 elapsed=12.831ms
INFO [06-01|06:05:04.043] Stopping work on payload                 id=0x031de698b41c58f7 reason=delivery
WARN [06-01|06:05:04.047] {"level":"warn","msg":"Slow block","block":{"number":782,"hash":"0xd0e2f18113acf28085d94ca53101f0c891dd3bcbfb6c47bf4c2b2f4d57554d8b","gas_used":0,"tx_count":0},"timing":{"execution_ms":0.041803,"state_read_ms":3.181111,"state_hash_ms":0.002002,"commit_ms":0.14441,"total_ms":3.533332},"throughput":{"mgas_per_sec":0},"state_reads":{"accounts":4,"storage_slots":0,"code":0,"code_bytes":0},"state_writes":{"accounts":0,"accounts_deleted":0,"storage_slots":0,"storage_slots_deleted":0,"code":0,"code_bytes":0},"cache":{"account":{"hits":0,"misses":4,"hit_rate":0},"storage":{"hits":0,"misses":0,"hit_rate":0},"code":{"hits":0,"misses":0,"hit_rate":0,"hit_bytes":0,"miss_bytes":0}}}
INFO [06-01|06:05:04.047] Imported new potential chain segment     number=782 hash=d0e2f1..554d8b blocks=1 txs=0 mgas=0.000 elapsed=3.692ms     mgasps=0.000   triediffs=2.35MiB triedirty=0.00B
INFO [06-01|06:05:04.047] Chain head was updated                   number=782 hash=d0e2f1..554d8b root=baa531..08fbf4 elapsed="61.127µs"
