WARN [06-01|12:45:07.806] Unknown config environment variable      envvar=GETH_PBT_BIN
WARN [06-01|12:45:07.806] Unknown config environment variable      envvar=GETH_UBT_BIN
INFO [06-01|12:45:07.816] Starting Geth on Ethereum mainnet...
INFO [06-01|12:45:07.818] Maximum peer count                       ETH=0 total=0
INFO [06-01|12:45:07.819] Smartcard socket not found, disabling    err="stat /run/pcscd/pcscd.comm: no such file or directory"
WARN [06-01|12:45:07.822] Option --miner.etherbase is deprecated as the etherbase is set by the consensus client post-merge
INFO [06-01|12:45:07.824] Set global gas cap                       cap=50,000,000
INFO [06-01|12:45:08.632] Using developer account                  address=0xf39Fd6e51aad88F6F4ce6aB8827279cffFb92266
INFO [06-01|12:45:08.675] Using pebble as the backing database
INFO [06-01|12:45:08.675] Allocated cache and file handles         database=/mnt/state_expiry_vol_data/ubt-vs-pbt-dbs/ubt/geth/chaindata cache=2.00GiB handles=262,144
INFO [06-01|12:45:08.911] Opened ancient database                  database=/mnt/state_expiry_vol_data/ubt-vs-pbt-dbs/ubt/geth/chaindata/ancient/chain readonly=true
INFO [06-01|12:45:08.911] Opened Era store                         datadir=/mnt/state_expiry_vol_data/ubt-vs-pbt-dbs/ubt/geth/chaindata/ancient/chain/era
INFO [06-01|12:45:08.919] Initializing the KZG library             backend=gokzg
INFO [06-01|12:45:08.922] Allocated trie memory caches             clean=614.00MiB dirty=1.00GiB
INFO [06-01|12:45:08.934] Using pebble as the backing database
INFO [06-01|12:45:08.934] Allocated cache and file handles         database=/mnt/state_expiry_vol_data/ubt-vs-pbt-dbs/ubt/geth/chaindata cache=2.00GiB handles=262,144
INFO [06-01|12:45:09.160] Opened ancient database                  database=/mnt/state_expiry_vol_data/ubt-vs-pbt-dbs/ubt/geth/chaindata/ancient/chain readonly=false
INFO [06-01|12:45:09.160] Opened Era store                         datadir=/mnt/state_expiry_vol_data/ubt-vs-pbt-dbs/ubt/geth/chaindata/ancient/chain/era
INFO [06-01|12:45:09.167] State scheme set to already existing     scheme=path
INFO [06-01|12:45:09.170] Initialising Ethereum protocol           network=1337 dbversion=9
WARN [06-01|12:45:09.170] Sanitizing invalid node buffer size      provided=1.00GiB updated=256.00MiB
INFO [06-01|12:45:09.170] Load database journal from file          path=/mnt/state_expiry_vol_data/ubt-vs-pbt-dbs/ubt/geth/triedb/verkle.journal
INFO [06-01|12:45:09.340] Opened ancient database                  database=/mnt/state_expiry_vol_data/ubt-vs-pbt-dbs/ubt/geth/chaindata/ancient/state_verkle readonly=false
INFO [06-01|12:45:09.342] State snapshot generator is not compatible
INFO [06-01|12:45:09.342] Initialized path database                triecache=614.00MiB statecache=409.00MiB buffer=256.00MiB state-history="last 90000 blocks" journal-dir=/mnt/state_expiry_vol_data/ubt-vs-pbt-dbs/ubt/geth/triedb verkle=true
INFO [06-01|12:45:09.342] 
INFO [06-01|12:45:09.342] ---------------------------------------------------------------------------------------------------------------------------------------------------------
INFO [06-01|12:45:09.342] Chain ID:  1337 (unknown)
INFO [06-01|12:45:09.342] Consensus: unknown
INFO [06-01|12:45:09.342] 
INFO [06-01|12:45:09.342] Pre-Merge hard forks (block based):
INFO [06-01|12:45:09.342]  - Homestead:                   #0       
INFO [06-01|12:45:09.342]  - Tangerine Whistle (EIP 150): #0       
INFO [06-01|12:45:09.342]  - Spurious Dragon/1 (EIP 155): #0       
INFO [06-01|12:45:09.342]  - Spurious Dragon/2 (EIP 158): #0       
INFO [06-01|12:45:09.342]  - Byzantium:                   #0       
INFO [06-01|12:45:09.342]  - Constantinople:              #0       
INFO [06-01|12:45:09.342]  - Petersburg:                  #0       
INFO [06-01|12:45:09.342]  - Istanbul:                    #0       
INFO [06-01|12:45:09.342]  - Berlin:                      #0       
INFO [06-01|12:45:09.342]  - London:                      #0       
INFO [06-01|12:45:09.342]  - Arrow Glacier:               #0       
INFO [06-01|12:45:09.342]  - Gray Glacier:                #0       
INFO [06-01|12:45:09.342] 
INFO [06-01|12:45:09.342] Merge configured:
INFO [06-01|12:45:09.342]  - Total terminal difficulty:  0
INFO [06-01|12:45:09.342]  - Merge netsplit block:       #0       
INFO [06-01|12:45:09.342] 
INFO [06-01|12:45:09.342] Post-Merge hard forks (timestamp based):
INFO [06-01|12:45:09.342]  - Shanghai:                    @0         
INFO [06-01|12:45:09.342]  - Cancun:                      @0          blob: (target: 3, max: 6, fraction: 3338477)
INFO [06-01|12:45:09.342]  - Prague:                      @0          blob: (target: 6, max: 9, fraction: 5007716)
INFO [06-01|12:45:09.342]  - Osaka:                       @0          blob: (target: 6, max: 9, fraction: 5007716)
INFO [06-01|12:45:09.342]  - UBT:                         @0          blob: (nil)
INFO [06-01|12:45:09.342] 
INFO [06-01|12:45:09.342] All fork specifications can be found at https://ethereum.github.io/execution-specs/src/ethereum/forks/
INFO [06-01|12:45:09.342] 
INFO [06-01|12:45:09.342] ---------------------------------------------------------------------------------------------------------------------------------------------------------
INFO [06-01|12:45:09.342] 
INFO [06-01|12:45:09.343] Loaded most recent local block           number=5600 hash=88e158..f1914b age=3s
INFO [06-01|12:45:09.343] Loaded most recent local finalized block number=5600 hash=88e158..f1914b age=3s
INFO [06-01|12:45:09.344] Initialized transaction indexer          range="last 2350000 blocks"
INFO [06-01|12:45:09.344] Initialized log indexer                  firstblock=0 lastblock=5600 firstmap=0 lastmap=0 headindexed=true
INFO [06-01|12:45:09.379] Enabled full-sync                        head=5600 hash=88e158..f1914b
INFO [06-01|12:45:09.379] Unprotected transactions allowed
INFO [06-01|12:45:09.379] Gasprice oracle is ignoring threshold set threshold=2
INFO [06-01|12:45:09.380] Registered sync override service
WARN [06-01|12:45:09.380] You are running Geth in --dev mode. Please note the following:
WARN [06-01|12:45:09.380] 
WARN [06-01|12:45:09.380]   1. This mode is only intended for fast, iterative development without assumptions on
WARN [06-01|12:45:09.380]      security or persistence.
WARN [06-01|12:45:09.380]   2. The database is created in memory unless specified otherwise. Therefore, shutting down
WARN [06-01|12:45:09.380]      your computer or losing power will wipe your entire block data and chain state for
WARN [06-01|12:45:09.380]      your dev environment.
WARN [06-01|12:45:09.380]   3. A random, pre-allocated developer account will be available and unlocked as
WARN [06-01|12:45:09.380]      eth.coinbase, which can be used for testing. The random dev account is temporary,
WARN [06-01|12:45:09.380]      stored on a ramdisk, and will be lost if your machine is restarted.
WARN [06-01|12:45:09.380]   4. Mining is enabled by default. However, the client will only seal blocks if transactions
WARN [06-01|12:45:09.380]      are pending in the mempool. The miner's minimum accepted gas price is 1.
WARN [06-01|12:45:09.380]   5. Networking is disabled; there is no listen-address, the maximum number of peers is set
WARN [06-01|12:45:09.380]      to 0, and discovery is disabled.
WARN [06-01|12:45:09.380] 
INFO [06-01|12:45:09.380] Starting peer-to-peer node               instance=Geth/v1.17.3-unstable/linux-amd64/go1.24.9
WARN [06-01|12:45:09.380] P2P server will be useless, neither dialing nor listening
INFO [06-01|12:45:09.412] IPC endpoint opened                      url=/mnt/state_expiry_vol_data/ubt-vs-pbt-dbs/ubt/geth.ipc
ERROR[06-01|12:45:09.412] Unavailable modules in HTTP API list     unavailable=[personal] available="[admin debug web3 eth txpool miner net dev testing]"
INFO [06-01|12:45:09.412] New local node record                    seq=1,780,289,664,877 id=c084d8867e8cc127 ip=127.0.0.1 udp=0 tcp=0
INFO [06-01|12:45:09.412] Started P2P networking                   self=enode://ed0ccbffbfc0dc9f1b0f8e55d585ad3e61215b1974f32d9388e7ae53563e3ebe0172c21d754fa202c3a63f95bef3ff3ea24339ffdabd0115c47ec5b8d33136a9@127.0.0.1:0
INFO [06-01|12:45:09.412] HTTP server started                      endpoint=127.0.0.1:8545 auth=false prefix= cors= vhosts=localhost
INFO [06-01|12:45:09.413] WebSocket enabled                        url=ws://127.0.0.1:8546
INFO [06-01|12:45:09.829] Loaded local transaction journal         transactions=3845 dropped=0
INFO [06-01|12:45:10.684] Started log indexer
INFO [06-01|12:45:10.741] Starting work on payload                 id=0x036cad844af453e3
INFO [06-01|12:45:10.760] Updated payload                          id=0x036cad844af453e3 number=5601 hash=b32c1a..2681c6 txs=0 withdrawals=0 gas=0 fees=0 root=857ca5..ccddd3 elapsed=18.775ms
INFO [06-01|12:45:10.760] Stopping work on payload                 id=0x036cad844af453e3 reason=delivery
WARN [06-01|12:45:10.770] {"level":"warn","msg":"Slow block","block":{"number":5601,"hash":"0xb32c1a13f7cdeb7bf0d5bf9956774e33e358a9c707c577bff2998ed33e2681c6","gas_used":0,"tx_count":0},"timing":{"execution_ms":0.491296,"state_read_ms":8.839925,"state_hash_ms":0.00248,"commit_ms":0.163257,"total_ms":9.716214},"throughput":{"mgas_per_sec":0},"state_reads":{"accounts":4,"storage_slots":0,"code":0,"code_bytes":0},"state_writes":{"accounts":0,"accounts_deleted":0,"storage_slots":0,"storage_slots_deleted":0,"code":0,"code_bytes":0},"cache":{"account":{"hits":0,"misses":4,"hit_rate":0},"storage":{"hits":0,"misses":0,"hit_rate":0},"code":{"hits":0,"misses":0,"hit_rate":0,"hit_bytes":0,"miss_bytes":0}}}
INFO [06-01|12:45:10.770] Imported new potential chain segment     number=5601 hash=b32c1a..2681c6 blocks=1 txs=0 mgas=0.000 elapsed=10.018ms mgasps=0.000 triediffs=3.84MiB triedirty=4.10MiB
INFO [06-01|12:45:10.771] Chain head was updated                   number=5601 hash=b32c1a..2681c6 root=857ca5..ccddd3 elapsed="40.414µs"
INFO [06-01|12:45:11.779] Starting work on payload                 id=0x039ebe763eab9e76
INFO [06-01|12:45:11.800] Updated payload                          id=0x039ebe763eab9e76 number=5602 hash=23b93f..c662c3 txs=0 withdrawals=0 gas=0 fees=0 root=857ca5..ccddd3 elapsed=20.599ms
INFO [06-01|12:45:11.800] Stopping work on payload                 id=0x039ebe763eab9e76 reason=delivery
WARN [06-01|12:45:11.823] {"level":"warn","msg":"Slow block","block":{"number":5602,"hash":"0x23b93f958b4da0013b15526db9ffb12930bb60c3e0125d902967303bbbc662c3","gas_used":0,"tx_count":0},"timing":{"execution_ms":0.037978,"state_read_ms":21.805076,"state_hash_ms":0.00199,"commit_ms":0.141606,"total_ms":22.198092},"throughput":{"mgas_per_sec":0},"state_reads":{"accounts":4,"storage_slots":0,"code":0,"code_bytes":0},"state_writes":{"accounts":0,"accounts_deleted":0,"storage_slots":0,"storage_slots_deleted":0,"code":0,"code_bytes":0},"cache":{"account":{"hits":0,"misses":4,"hit_rate":0},"storage":{"hits":0,"misses":0,"hit_rate":0},"code":{"hits":0,"misses":0,"hit_rate":0,"hit_bytes":0,"miss_bytes":0}}}
INFO [06-01|12:45:11.823] Imported new potential chain segment     number=5602 hash=23b93f..c662c3 blocks=1 txs=0 mgas=0.000 elapsed=22.463ms   mgasps=0.000 triediffs=3.84MiB triedirty=4.10MiB
INFO [06-01|12:45:11.823] Chain head was updated                   number=5602 hash=23b93f..c662c3 root=857ca5..ccddd3 elapsed="47.956µs"
INFO [06-01|12:45:12.846] Starting work on payload                 id=0x03675319fde7a7e6
INFO [06-01|12:45:12.868] Updated payload                          id=0x03675319fde7a7e6 number=5603 hash=2ce08b..70c41d txs=0 withdrawals=0 gas=0 fees=0 root=857ca5..ccddd3 elapsed=22.118ms
INFO [06-01|12:45:12.868] Stopping work on payload                 id=0x03675319fde7a7e6 reason=delivery
WARN [06-01|12:45:12.877] {"level":"warn","msg":"Slow block","block":{"number":5603,"hash":"0x2ce08b974e919ef182d92ea5ebb12aa77ac7747b069338a2631ca8e9e170c41d","gas_used":0,"tx_count":0},"timing":{"execution_ms":0.032779,"state_read_ms":3.332622,"state_hash_ms":0.00349,"commit_ms":0.398442,"total_ms":8.455278},"throughput":{"mgas_per_sec":0},"state_reads":{"accounts":4,"storage_slots":0,"code":0,"code_bytes":0},"state_writes":{"accounts":0,"accounts_deleted":0,"storage_slots":0,"storage_slots_deleted":0,"code":0,"code_bytes":0},"cache":{"account":{"hits":0,"misses":4,"hit_rate":0},"storage":{"hits":0,"misses":0,"hit_rate":0},"code":{"hits":0,"misses":0,"hit_rate":0,"hit_bytes":0,"miss_bytes":0}}}
INFO [06-01|12:45:12.877] Imported new potential chain segment     number=5603 hash=2ce08b..70c41d blocks=1 txs=0 mgas=0.000 elapsed=8.686ms    mgasps=0.000 triediffs=3.84MiB triedirty=4.10MiB
INFO [06-01|12:45:12.877] Chain head was updated                   number=5603 hash=2ce08b..70c41d root=857ca5..ccddd3 elapsed="119.884µs"
INFO [06-01|12:45:12.892] Submitted contract creation              hash=0x5d446a94ebcf1de065b7c05081631581c56a6bcb3663e2c029dd202d12013a59 from=0xf39Fd6e51aad88F6F4ce6aB8827279cffFb92266 nonce=1667 contract=0x5fFABDa8139c23B857477b43Dfa07e2EB3ECfcDB value=0
INFO [06-01|12:45:12.892] Submitted transaction                    hash=0x0904c8a3a1b2adc3e126bdba3e2318e8c9d1bd86760a79e9ebb14773fd130d28 from=0xf39Fd6e51aad88F6F4ce6aB8827279cffFb92266 nonce=1668 recipient=0x12dFE374FE06273033e6B10F833495E82A30dDD9 value=78,000,000
INFO [06-01|12:45:13.886] Starting work on payload                 id=0x03f73a02f611d559
INFO [06-01|12:45:13.945] Updated payload                          id=0x03f73a02f611d559 number=5604 hash=05b2bf..37b379 txs=2 withdrawals=0 gas=86938 fees=5.21628e-13 root=36b1aa..b2f166 elapsed=59.118ms
INFO [06-01|12:45:13.945] Stopping work on payload                 id=0x03f73a02f611d559 reason=delivery
WARN [06-01|12:45:13.990] {"level":"warn","msg":"Slow block","block":{"number":5604,"hash":"0x05b2bf99d16b54e7d4dcc5c191d538586347b477aee39d9b58652317bb37b379","gas_used":86938,"tx_count":2},"timing":{"execution_ms":0.103166,"state_read_ms":24.987056,"state_hash_ms":2.829956,"commit_ms":5.36485,"total_ms":44.677304},"throughput":{"mgas_per_sec":1.9459097173813353},"state_reads":{"accounts":11,"storage_slots":0,"code":0,"code_bytes":0},"state_writes":{"accounts":3,"accounts_deleted":0,"storage_slots":0,"storage_slots_deleted":0,"code":1,"code_bytes":165},"cache":{"account":{"hits":6,"misses":5,"hit_rate":54.54545454545454},"storage":{"hits":0,"misses":0,"hit_rate":0},"code":{"hits":0,"misses":0,"hit_rate":0,"hit_bytes":0,"miss_bytes":0}}}
INFO [06-01|12:45:13.990] Imported new potential chain segment     number=5604 hash=05b2bf..37b379 blocks=1 txs=2 mgas=0.087 elapsed=44.877ms    mgasps=1.937 triediffs=3.85MiB triedirty=4.10MiB
INFO [06-01|12:45:13.991] Chain head was updated                   number=5604 hash=05b2bf..37b379 root=36b1aa..b2f166 elapsed="175.243µs"
INFO [06-01|12:45:14.908] Submitted transaction                    hash=0xe080b303de4072532420cd503d9f3a22ff75cd85a273773bf9c2a2dc3f6804ec from=0x12dFE374FE06273033e6B10F833495E82A30dDD9 nonce=0    recipient=0x5fFABDa8139c23B857477b43Dfa07e2EB3ECfcDB value=0
INFO [06-01|12:45:15.001] Starting work on payload                 id=0x0380259e49f627a0
INFO [06-01|12:45:15.114] Updated payload                          id=0x0380259e49f627a0 number=5605 hash=2081aa..4b539e txs=1 withdrawals=0 gas=5,919,370 fees=3.551622e-11 root=1a98bd..9c9160 elapsed=112.745ms
INFO [06-01|12:45:15.114] Stopping work on payload                 id=0x0380259e49f627a0 reason=delivery
WARN [06-01|12:45:15.153] {"level":"warn","msg":"Slow block","block":{"number":5605,"hash":"0x2081aa4e4dca07732f77d2d6268c6b45bfcda297363842055be631d1ee4b539e","gas_used":5919370,"tx_count":1},"timing":{"execution_ms":5.201182,"state_read_ms":24.137166,"state_hash_ms":7.197823,"commit_ms":2.048153,"total_ms":38.82818},"throughput":{"mgas_per_sec":152.45035950693543},"state_reads":{"accounts":17,"storage_slots":283,"code":11,"code_bytes":445},"state_writes":{"accounts":12,"accounts_deleted":0,"storage_slots":254,"storage_slots_deleted":0,"code":0,"code_bytes":0},"cache":{"account":{"hits":5,"misses":12,"hit_rate":29.411764705882355},"storage":{"hits":89,"misses":194,"hit_rate":31.448763250883395},"code":{"hits":11,"misses":0,"hit_rate":100,"hit_bytes":445,"miss_bytes":0}}}
INFO [06-01|12:45:15.154] Imported new potential chain segment     number=5605 hash=2081aa..4b539e blocks=1 txs=1 mgas=5.919 elapsed=39.010ms    mgasps=151.736 triediffs=3.96MiB triedirty=4.10MiB
INFO [06-01|12:45:15.154] Chain head was updated                   number=5605 hash=2081aa..4b539e root=1a98bd..9c9160 elapsed="100.062µs"
INFO [06-01|12:45:15.925] Submitted transaction                    hash=0xd978c33af9dc8c7d8639b9688871b925338638ef790f09d6f692b1f9663bb180 from=0x12dFE374FE06273033e6B10F833495E82A30dDD9 nonce=1    recipient=0xf39Fd6e51aad88F6F4ce6aB8827279cffFb92266 value=796,190
INFO [06-01|12:45:16.173] Starting work on payload                 id=0x037e48348982c0e5
INFO [06-01|12:45:16.190] Updated payload                          id=0x037e48348982c0e5 number=5606 hash=2d58ee..7a0110 txs=1 withdrawals=0 gas=21000     fees=2.1e-14      root=abb31e..32b39c elapsed=16.561ms
INFO [06-01|12:45:16.190] Stopping work on payload                 id=0x037e48348982c0e5 reason=delivery
WARN [06-01|12:45:16.211] {"level":"warn","msg":"Slow block","block":{"number":5606,"hash":"0x2d58ee0c61b72bf9df2efa8605a55a67cee374abc6fc66afbbb52fb0597a0110","gas_used":21000,"tx_count":1},"timing":{"execution_ms":0.076756,"state_read_ms":17.445513,"state_hash_ms":2.555123,"commit_ms":0.57465,"total_ms":20.916947},"throughput":{"mgas_per_sec":1.003970608138941},"state_reads":{"accounts":6,"storage_slots":0,"code":0,"code_bytes":0},"state_writes":{"accounts":2,"accounts_deleted":0,"storage_slots":0,"storage_slots_deleted":0,"code":0,"code_bytes":0},"cache":{"account":{"hits":2,"misses":4,"hit_rate":33.33333333333333},"storage":{"hits":0,"misses":0,"hit_rate":0},"code":{"hits":0,"misses":0,"hit_rate":0,"hit_bytes":0,"miss_bytes":0}}}
INFO [06-01|12:45:16.211] Imported new potential chain segment     number=5606 hash=2d58ee..7a0110 blocks=1 txs=1 mgas=0.021 elapsed=21.061ms    mgasps=0.997   triediffs=3.96MiB triedirty=4.11MiB
INFO [06-01|12:45:16.212] Chain head was updated                   number=5606 hash=2d58ee..7a0110 root=abb31e..32b39c elapsed="49.503µs"
INFO [06-01|12:45:17.239] Starting work on payload                 id=0x03d5b6045101ce58
INFO [06-01|12:45:17.243] Updated payload                          id=0x03d5b6045101ce58 number=5607 hash=27e119..dc9444 txs=0 withdrawals=0 gas=0         fees=0            root=abb31e..32b39c elapsed=3.830ms
INFO [06-01|12:45:17.245] Stopping work on payload                 id=0x03d5b6045101ce58 reason=delivery
WARN [06-01|12:45:17.268] {"level":"warn","msg":"Slow block","block":{"number":5607,"hash":"0x27e11921fc80edbda6e674e0871a098a63083ea5c6e2427c1ca3777273dc9444","gas_used":0,"tx_count":0},"timing":{"execution_ms":0.039179,"state_read_ms":24.223088,"state_hash_ms":0.0027,"commit_ms":0.191716,"total_ms":24.675046},"throughput":{"mgas_per_sec":0},"state_reads":{"accounts":4,"storage_slots":0,"code":0,"code_bytes":0},"state_writes":{"accounts":0,"accounts_deleted":0,"storage_slots":0,"storage_slots_deleted":0,"code":0,"code_bytes":0},"cache":{"account":{"hits":0,"misses":4,"hit_rate":0},"storage":{"hits":0,"misses":0,"hit_rate":0},"code":{"hits":0,"misses":0,"hit_rate":0,"hit_bytes":0,"miss_bytes":0}}}
INFO [06-01|12:45:17.268] Imported new potential chain segment     number=5607 hash=27e119..dc9444 blocks=1 txs=0 mgas=0.000 elapsed=24.881ms    mgasps=0.000   triediffs=3.96MiB triedirty=4.11MiB
INFO [06-01|12:45:17.268] Chain head was updated                   number=5607 hash=27e119..dc9444 root=abb31e..32b39c elapsed="43.261µs"
