WARN [06-01|12:30:59.899] Unknown config environment variable      envvar=GETH_PBT_BIN
WARN [06-01|12:30:59.899] Unknown config environment variable      envvar=GETH_UBT_BIN
INFO [06-01|12:30:59.910] Starting Geth on Ethereum mainnet...
INFO [06-01|12:30:59.911] Maximum peer count                       ETH=0 total=0
INFO [06-01|12:30:59.912] Smartcard socket not found, disabling    err="stat /run/pcscd/pcscd.comm: no such file or directory"
WARN [06-01|12:30:59.916] Option --miner.etherbase is deprecated as the etherbase is set by the consensus client post-merge
INFO [06-01|12:30:59.919] Set global gas cap                       cap=50,000,000
INFO [06-01|12:31:00.721] Using developer account                  address=0xf39Fd6e51aad88F6F4ce6aB8827279cffFb92266
INFO [06-01|12:31:00.767] Using pebble as the backing database
INFO [06-01|12:31:00.767] Allocated cache and file handles         database=/mnt/state_expiry_vol_data/ubt-vs-pbt-dbs/ubt/geth/chaindata cache=2.00GiB handles=262,144
INFO [06-01|12:31:00.999] Opened ancient database                  database=/mnt/state_expiry_vol_data/ubt-vs-pbt-dbs/ubt/geth/chaindata/ancient/chain readonly=true
INFO [06-01|12:31:00.999] Opened Era store                         datadir=/mnt/state_expiry_vol_data/ubt-vs-pbt-dbs/ubt/geth/chaindata/ancient/chain/era
INFO [06-01|12:31:01.009] Initializing the KZG library             backend=gokzg
INFO [06-01|12:31:01.012] Allocated trie memory caches             clean=614.00MiB dirty=1.00GiB
INFO [06-01|12:31:01.022] Using pebble as the backing database
INFO [06-01|12:31:01.022] Allocated cache and file handles         database=/mnt/state_expiry_vol_data/ubt-vs-pbt-dbs/ubt/geth/chaindata cache=2.00GiB handles=262,144
INFO [06-01|12:31:01.240] Opened ancient database                  database=/mnt/state_expiry_vol_data/ubt-vs-pbt-dbs/ubt/geth/chaindata/ancient/chain readonly=false
INFO [06-01|12:31:01.240] Opened Era store                         datadir=/mnt/state_expiry_vol_data/ubt-vs-pbt-dbs/ubt/geth/chaindata/ancient/chain/era
INFO [06-01|12:31:01.248] State scheme set to already existing     scheme=path
INFO [06-01|12:31:01.248] Initialising Ethereum protocol           network=1337 dbversion=9
WARN [06-01|12:31:01.248] Sanitizing invalid node buffer size      provided=1.00GiB updated=256.00MiB
INFO [06-01|12:31:01.248] Load database journal from file          path=/mnt/state_expiry_vol_data/ubt-vs-pbt-dbs/ubt/geth/triedb/verkle.journal
INFO [06-01|12:31:01.413] Opened ancient database                  database=/mnt/state_expiry_vol_data/ubt-vs-pbt-dbs/ubt/geth/chaindata/ancient/state_verkle readonly=false
INFO [06-01|12:31:01.415] State snapshot generator is not compatible
INFO [06-01|12:31:01.415] Initialized path database                triecache=614.00MiB statecache=409.00MiB buffer=256.00MiB state-history="last 90000 blocks" journal-dir=/mnt/state_expiry_vol_data/ubt-vs-pbt-dbs/ubt/geth/triedb verkle=true
INFO [06-01|12:31:01.415] 
INFO [06-01|12:31:01.415] ---------------------------------------------------------------------------------------------------------------------------------------------------------
INFO [06-01|12:31:01.415] Chain ID:  1337 (unknown)
INFO [06-01|12:31:01.415] Consensus: unknown
INFO [06-01|12:31:01.415] 
INFO [06-01|12:31:01.415] Pre-Merge hard forks (block based):
INFO [06-01|12:31:01.415]  - Homestead:                   #0       
INFO [06-01|12:31:01.415]  - Tangerine Whistle (EIP 150): #0       
INFO [06-01|12:31:01.415]  - Spurious Dragon/1 (EIP 155): #0       
INFO [06-01|12:31:01.415]  - Spurious Dragon/2 (EIP 158): #0       
INFO [06-01|12:31:01.415]  - Byzantium:                   #0       
INFO [06-01|12:31:01.415]  - Constantinople:              #0       
INFO [06-01|12:31:01.415]  - Petersburg:                  #0       
INFO [06-01|12:31:01.415]  - Istanbul:                    #0       
INFO [06-01|12:31:01.415]  - Berlin:                      #0       
INFO [06-01|12:31:01.415]  - London:                      #0       
INFO [06-01|12:31:01.415]  - Arrow Glacier:               #0       
INFO [06-01|12:31:01.415]  - Gray Glacier:                #0       
INFO [06-01|12:31:01.415] 
INFO [06-01|12:31:01.415] Merge configured:
INFO [06-01|12:31:01.415]  - Total terminal difficulty:  0
INFO [06-01|12:31:01.415]  - Merge netsplit block:       #0       
INFO [06-01|12:31:01.415] 
INFO [06-01|12:31:01.415] Post-Merge hard forks (timestamp based):
INFO [06-01|12:31:01.415]  - Shanghai:                    @0         
INFO [06-01|12:31:01.415]  - Cancun:                      @0          blob: (target: 3, max: 6, fraction: 3338477)
INFO [06-01|12:31:01.415]  - Prague:                      @0          blob: (target: 6, max: 9, fraction: 5007716)
INFO [06-01|12:31:01.415]  - Osaka:                       @0          blob: (target: 6, max: 9, fraction: 5007716)
INFO [06-01|12:31:01.415]  - UBT:                         @0          blob: (nil)
INFO [06-01|12:31:01.415] 
INFO [06-01|12:31:01.415] All fork specifications can be found at https://ethereum.github.io/execution-specs/src/ethereum/forks/
INFO [06-01|12:31:01.415] 
INFO [06-01|12:31:01.415] ---------------------------------------------------------------------------------------------------------------------------------------------------------
INFO [06-01|12:31:01.415] 
INFO [06-01|12:31:01.417] Loaded most recent local block           number=5066 hash=d1939f..83ea07 age=4s
INFO [06-01|12:31:01.417] Loaded most recent local finalized block number=5056 hash=bb2d7a..564f71 age=18s
INFO [06-01|12:31:01.418] Initialized transaction indexer          range="last 2350000 blocks"
INFO [06-01|12:31:01.418] Initialized log indexer                  firstblock=0 lastblock=5066 firstmap=0 lastmap=0 headindexed=true
INFO [06-01|12:31:01.460] Enabled full-sync                        head=5066 hash=d1939f..83ea07
INFO [06-01|12:31:01.460] Unprotected transactions allowed
INFO [06-01|12:31:01.460] Gasprice oracle is ignoring threshold set threshold=2
INFO [06-01|12:31:01.460] Registered sync override service
WARN [06-01|12:31:01.460] You are running Geth in --dev mode. Please note the following:
WARN [06-01|12:31:01.460] 
WARN [06-01|12:31:01.460]   1. This mode is only intended for fast, iterative development without assumptions on
WARN [06-01|12:31:01.460]      security or persistence.
WARN [06-01|12:31:01.460]   2. The database is created in memory unless specified otherwise. Therefore, shutting down
WARN [06-01|12:31:01.460]      your computer or losing power will wipe your entire block data and chain state for
WARN [06-01|12:31:01.460]      your dev environment.
WARN [06-01|12:31:01.460]   3. A random, pre-allocated developer account will be available and unlocked as
WARN [06-01|12:31:01.460]      eth.coinbase, which can be used for testing. The random dev account is temporary,
WARN [06-01|12:31:01.460]      stored on a ramdisk, and will be lost if your machine is restarted.
WARN [06-01|12:31:01.460]   4. Mining is enabled by default. However, the client will only seal blocks if transactions
WARN [06-01|12:31:01.460]      are pending in the mempool. The miner's minimum accepted gas price is 1.
WARN [06-01|12:31:01.460]   5. Networking is disabled; there is no listen-address, the maximum number of peers is set
WARN [06-01|12:31:01.460]      to 0, and discovery is disabled.
WARN [06-01|12:31:01.460] 
INFO [06-01|12:31:01.460] Starting peer-to-peer node               instance=Geth/v1.17.3-unstable/linux-amd64/go1.24.9
WARN [06-01|12:31:01.460] P2P server will be useless, neither dialing nor listening
INFO [06-01|12:31:01.508] IPC endpoint opened                      url=/mnt/state_expiry_vol_data/ubt-vs-pbt-dbs/ubt/geth.ipc
ERROR[06-01|12:31:01.508] Unavailable modules in HTTP API list     unavailable=[personal] available="[admin debug web3 eth txpool miner net dev testing]"
INFO [06-01|12:31:01.508] HTTP server started                      endpoint=127.0.0.1:8545 auth=false prefix= cors= vhosts=localhost
INFO [06-01|12:31:01.508] New local node record                    seq=1,780,289,664,799 id=c084d8867e8cc127 ip=127.0.0.1 udp=0 tcp=0
INFO [06-01|12:31:01.509] WebSocket enabled                        url=ws://127.0.0.1:8546
INFO [06-01|12:31:01.509] Started P2P networking                   self=enode://ed0ccbffbfc0dc9f1b0f8e55d585ad3e61215b1974f32d9388e7ae53563e3ebe0172c21d754fa202c3a63f95bef3ff3ea24339ffdabd0115c47ec5b8d33136a9@127.0.0.1:0
INFO [06-01|12:31:01.872] Loaded local transaction journal         transactions=3533 dropped=0
INFO [06-01|12:31:02.742] Started log indexer
INFO [06-01|12:31:02.791] Starting work on payload                 id=0x03f582a257b0646d
INFO [06-01|12:31:02.811] Updated payload                          id=0x03f582a257b0646d number=5067 hash=b292b7..0c7583 txs=0 withdrawals=0 gas=0 fees=0 root=abc89e..b5ce29 elapsed=20.104ms
INFO [06-01|12:31:02.811] Stopping work on payload                 id=0x03f582a257b0646d reason=delivery
WARN [06-01|12:31:02.824] {"level":"warn","msg":"Slow block","block":{"number":5067,"hash":"0xb292b72264153ec05649a250e32200c90726b03b868c28ff5f3fce37310c7583","gas_used":0,"tx_count":0},"timing":{"execution_ms":0.991843,"state_read_ms":9.865985,"state_hash_ms":0.002998,"commit_ms":0.478512,"total_ms":11.708805},"throughput":{"mgas_per_sec":0},"state_reads":{"accounts":4,"storage_slots":0,"code":0,"code_bytes":0},"state_writes":{"accounts":0,"accounts_deleted":0,"storage_slots":0,"storage_slots_deleted":0,"code":0,"code_bytes":0},"cache":{"account":{"hits":0,"misses":4,"hit_rate":0},"storage":{"hits":0,"misses":0,"hit_rate":0},"code":{"hits":0,"misses":0,"hit_rate":0,"hit_bytes":0,"miss_bytes":0}}}
INFO [06-01|12:31:02.824] Imported new potential chain segment     number=5067 hash=b292b7..0c7583 blocks=1 txs=0 mgas=0.000 elapsed=12.407ms mgasps=0.000 triediffs=3.90MiB triedirty=2.76MiB
INFO [06-01|12:31:02.824] Chain head was updated                   number=5067 hash=b292b7..0c7583 root=abc89e..b5ce29 elapsed="85.501µs"
INFO [06-01|12:31:03.832] Starting work on payload                 id=0x0344c8895c1aeef6
INFO [06-01|12:31:03.847] Updated payload                          id=0x0344c8895c1aeef6 number=5068 hash=750d73..90e8bc txs=0 withdrawals=0 gas=0 fees=0 root=abc89e..b5ce29 elapsed=15.428ms
INFO [06-01|12:31:03.847] Stopping work on payload                 id=0x0344c8895c1aeef6 reason=delivery
WARN [06-01|12:31:03.863] {"level":"warn","msg":"Slow block","block":{"number":5068,"hash":"0x750d73068db50f6c31c83783713397231b9876b44355d5b07941735a2290e8bc","gas_used":0,"tx_count":0},"timing":{"execution_ms":0.025688,"state_read_ms":15.279949,"state_hash_ms":0.002399,"commit_ms":0.109699,"total_ms":15.546437},"throughput":{"mgas_per_sec":0},"state_reads":{"accounts":4,"storage_slots":0,"code":0,"code_bytes":0},"state_writes":{"accounts":0,"accounts_deleted":0,"storage_slots":0,"storage_slots_deleted":0,"code":0,"code_bytes":0},"cache":{"account":{"hits":0,"misses":4,"hit_rate":0},"storage":{"hits":0,"misses":0,"hit_rate":0},"code":{"hits":0,"misses":0,"hit_rate":0,"hit_bytes":0,"miss_bytes":0}}}
INFO [06-01|12:31:03.863] Imported new potential chain segment     number=5068 hash=750d73..90e8bc blocks=1 txs=0 mgas=0.000 elapsed=15.712ms   mgasps=0.000 triediffs=3.90MiB triedirty=2.76MiB
INFO [06-01|12:31:03.863] Chain head was updated                   number=5068 hash=750d73..90e8bc root=abc89e..b5ce29 elapsed="35.79µs"
INFO [06-01|12:31:04.895] Starting work on payload                 id=0x03c967fd5e46aada
INFO [06-01|12:31:04.912] Updated payload                          id=0x03c967fd5e46aada number=5069 hash=6c69fc..169382 txs=0 withdrawals=0 gas=0 fees=0 root=abc89e..b5ce29 elapsed=17.207ms
INFO [06-01|12:31:04.913] Stopping work on payload                 id=0x03c967fd5e46aada reason=delivery
WARN [06-01|12:31:04.924] {"level":"warn","msg":"Slow block","block":{"number":5069,"hash":"0x6c69fc083c626afebdaa4447a68f543711797bdc3bd317b01c74a700c0169382","gas_used":0,"tx_count":0},"timing":{"execution_ms":0.040534,"state_read_ms":10.311738,"state_hash_ms":0.002452,"commit_ms":0.224116,"total_ms":10.776445},"throughput":{"mgas_per_sec":0},"state_reads":{"accounts":4,"storage_slots":0,"code":0,"code_bytes":0},"state_writes":{"accounts":0,"accounts_deleted":0,"storage_slots":0,"storage_slots_deleted":0,"code":0,"code_bytes":0},"cache":{"account":{"hits":0,"misses":4,"hit_rate":0},"storage":{"hits":0,"misses":0,"hit_rate":0},"code":{"hits":0,"misses":0,"hit_rate":0,"hit_bytes":0,"miss_bytes":0}}}
INFO [06-01|12:31:04.924] Imported new potential chain segment     number=5069 hash=6c69fc..169382 blocks=1 txs=0 mgas=0.000 elapsed=11.054ms   mgasps=0.000 triediffs=3.90MiB triedirty=2.76MiB
INFO [06-01|12:31:04.924] Chain head was updated                   number=5069 hash=6c69fc..169382 root=abc89e..b5ce29 elapsed="69.451µs"
INFO [06-01|12:31:05.130] Submitted contract creation              hash=0x8c62ceb73efc7f1e10ebc6a1da6a7e0a0258ee118543eb7be081fa87171ce6ed from=0xf39Fd6e51aad88F6F4ce6aB8827279cffFb92266 nonce=1511 contract=0x554D0292CD1E740123b360DD6D10037De00a0Bd7 value=0
INFO [06-01|12:31:05.130] Submitted transaction                    hash=0x399c0385eefba5f2a2c1cca3b2cdad052cc56961626acade214adfc2e4c04ea8 from=0xf39Fd6e51aad88F6F4ce6aB8827279cffFb92266 nonce=1512 recipient=0x24448526175d21ccd0F5f650fd6693024E4eE1a1 value=78,000,000
INFO [06-01|12:31:05.945] Starting work on payload                 id=0x03b203bf02951b9e
INFO [06-01|12:31:06.001] Updated payload                          id=0x03b203bf02951b9e number=5070 hash=2e7a93..0ce87b txs=2 withdrawals=0 gas=86852 fees=5.21112e-13 root=811e52..68219b elapsed=56.155ms
INFO [06-01|12:31:06.001] Stopping work on payload                 id=0x03b203bf02951b9e reason=delivery
WARN [06-01|12:31:06.030] {"level":"warn","msg":"Slow block","block":{"number":5070,"hash":"0x2e7a938b4ccf7914ef85555714e3079a4be804e2a9e9351c60ec6424260ce87b","gas_used":86852,"tx_count":2},"timing":{"execution_ms":0.112248,"state_read_ms":17.617873,"state_hash_ms":3.760957,"commit_ms":6.163309,"total_ms":27.874656},"throughput":{"mgas_per_sec":3.115805267695501},"state_reads":{"accounts":11,"storage_slots":0,"code":0,"code_bytes":0},"state_writes":{"accounts":3,"accounts_deleted":0,"storage_slots":0,"storage_slots_deleted":0,"code":1,"code_bytes":157},"cache":{"account":{"hits":7,"misses":4,"hit_rate":63.63636363636363},"storage":{"hits":0,"misses":0,"hit_rate":0},"code":{"hits":0,"misses":0,"hit_rate":0,"hit_bytes":0,"miss_bytes":0}}}
INFO [06-01|12:31:06.030] Imported new potential chain segment     number=5070 hash=2e7a93..0ce87b blocks=1 txs=2 mgas=0.087 elapsed=28.082ms   mgasps=3.093 triediffs=3.90MiB triedirty=2.77MiB
INFO [06-01|12:31:06.030] Chain head was updated                   number=5070 hash=2e7a93..0ce87b root=811e52..68219b elapsed="169.996µs"
INFO [06-01|12:31:06.142] Submitted transaction                    hash=0xdb76397b8bb0614d437d55f83d0e5e47f95a929372ed2d8c4a9404d3360d6fb5 from=0x24448526175d21ccd0F5f650fd6693024E4eE1a1 nonce=0    recipient=0x554D0292CD1E740123b360DD6D10037De00a0Bd7 value=0
INFO [06-01|12:31:07.048] Starting work on payload                 id=0x035ee3d1e4a6cdd9
INFO [06-01|12:31:07.296] Updated payload                          id=0x035ee3d1e4a6cdd9 number=5071 hash=cdf3e0..cbe384 txs=1 withdrawals=0 gas=5,900,140 fees=3.540084e-11 root=276570..7d696e elapsed=247.417ms
INFO [06-01|12:31:07.296] Stopping work on payload                 id=0x035ee3d1e4a6cdd9 reason=delivery
WARN [06-01|12:31:07.439] {"level":"warn","msg":"Slow block","block":{"number":5071,"hash":"0xcdf3e04e5f2cb639782f864c839b6f62878c155f0a0688056dedc6aa2ecbe384","gas_used":5900140,"tx_count":1},"timing":{"execution_ms":107.340211,"state_read_ms":29.368944,"state_hash_ms":4.701863,"commit_ms":0.851258,"total_ms":142.589955},"throughput":{"mgas_per_sec":41.37837058718477},"state_reads":{"accounts":17,"storage_slots":258,"code":11,"code_bytes":437},"state_writes":{"accounts":2,"accounts_deleted":0,"storage_slots":0,"storage_slots_deleted":0,"code":0,"code_bytes":0},"cache":{"account":{"hits":5,"misses":12,"hit_rate":29.411764705882355},"storage":{"hits":78,"misses":180,"hit_rate":30.23255813953488},"code":{"hits":11,"misses":0,"hit_rate":100,"hit_bytes":437,"miss_bytes":0}}}
INFO [06-01|12:31:07.439] Imported new potential chain segment     number=5071 hash=cdf3e0..cbe384 blocks=1 txs=1 mgas=5.900 elapsed=142.824ms   mgasps=41.311 triediffs=3.58MiB triedirty=2.89MiB
INFO [06-01|12:31:07.439] Chain head was updated                   number=5071 hash=cdf3e0..cbe384 root=276570..7d696e elapsed="154.818µs"
INFO [06-01|12:31:08.161] Submitted transaction                    hash=0xb64ea9f379c7e2af46b5e78b3145e07779d2535bb7b0fade744a4190c7c7167e from=0x24448526175d21ccd0F5f650fd6693024E4eE1a1 nonce=1    recipient=0xf39Fd6e51aad88F6F4ce6aB8827279cffFb92266 value=1,046,180
INFO [06-01|12:31:08.458] Starting work on payload                 id=0x0311a20ea3b23aa9
INFO [06-01|12:31:08.491] Updated payload                          id=0x0311a20ea3b23aa9 number=5072 hash=65ec85..b89489 txs=1 withdrawals=0 gas=21000     fees=2.1e-14      root=0ef376..f07495 elapsed=32.608ms
INFO [06-01|12:31:08.491] Stopping work on payload                 id=0x0311a20ea3b23aa9 reason=delivery
WARN [06-01|12:31:08.520] {"level":"warn","msg":"Slow block","block":{"number":5072,"hash":"0x65ec852421d9cd8e3449ae9821704c810bbaffb7b639d9e036066de002b89489","gas_used":21000,"tx_count":1},"timing":{"execution_ms":0.075239,"state_read_ms":11.316149,"state_hash_ms":12.706984,"commit_ms":0.881231,"total_ms":26.551502},"throughput":{"mgas_per_sec":0.7909157078947926},"state_reads":{"accounts":6,"storage_slots":0,"code":0,"code_bytes":0},"state_writes":{"accounts":2,"accounts_deleted":0,"storage_slots":0,"storage_slots_deleted":0,"code":0,"code_bytes":0},"cache":{"account":{"hits":2,"misses":4,"hit_rate":33.33333333333333},"storage":{"hits":0,"misses":0,"hit_rate":0},"code":{"hits":0,"misses":0,"hit_rate":0,"hit_bytes":0,"miss_bytes":0}}}
INFO [06-01|12:31:08.520] Imported new potential chain segment     number=5072 hash=65ec85..b89489 blocks=1 txs=1 mgas=0.021 elapsed=27.436ms    mgasps=0.765  triediffs=3.58MiB triedirty=2.89MiB
INFO [06-01|12:31:08.520] Chain head was updated                   number=5072 hash=65ec85..b89489 root=0ef376..f07495 elapsed="94.316µs"
INFO [06-01|12:31:09.531] Starting work on payload                 id=0x0396202ad4da6d35
INFO [06-01|12:31:09.547] Updated payload                          id=0x0396202ad4da6d35 number=5073 hash=ca59ae..daddcc txs=0 withdrawals=0 gas=0         fees=0            root=0ef376..f07495 elapsed=15.710ms
