WARN [06-01|12:58:46.044] Unknown config environment variable      envvar=GETH_PBT_BIN
WARN [06-01|12:58:46.044] Unknown config environment variable      envvar=GETH_UBT_BIN
INFO [06-01|12:58:46.057] Starting Geth on Ethereum mainnet...
INFO [06-01|12:58:46.058] Maximum peer count                       ETH=0 total=0
INFO [06-01|12:58:46.059] Smartcard socket not found, disabling    err="stat /run/pcscd/pcscd.comm: no such file or directory"
WARN [06-01|12:58:46.062] Option --miner.etherbase is deprecated as the etherbase is set by the consensus client post-merge
INFO [06-01|12:58:46.065] Set global gas cap                       cap=50,000,000
INFO [06-01|12:58:46.865] Using developer account                  address=0xf39Fd6e51aad88F6F4ce6aB8827279cffFb92266
INFO [06-01|12:58:46.907] Using pebble as the backing database
INFO [06-01|12:58:46.907] Allocated cache and file handles         database=/mnt/state_expiry_vol_data/ubt-vs-pbt-dbs/ubt/geth/chaindata cache=2.00GiB handles=262,144
INFO [06-01|12:58:47.130] Opened ancient database                  database=/mnt/state_expiry_vol_data/ubt-vs-pbt-dbs/ubt/geth/chaindata/ancient/chain readonly=true
INFO [06-01|12:58:47.130] Opened Era store                         datadir=/mnt/state_expiry_vol_data/ubt-vs-pbt-dbs/ubt/geth/chaindata/ancient/chain/era
INFO [06-01|12:58:47.138] Initializing the KZG library             backend=gokzg
INFO [06-01|12:58:47.139] Allocated trie memory caches             clean=614.00MiB dirty=1.00GiB
INFO [06-01|12:58:47.149] Using pebble as the backing database
INFO [06-01|12:58:47.149] Allocated cache and file handles         database=/mnt/state_expiry_vol_data/ubt-vs-pbt-dbs/ubt/geth/chaindata cache=2.00GiB handles=262,144
INFO [06-01|12:58:47.380] Opened ancient database                  database=/mnt/state_expiry_vol_data/ubt-vs-pbt-dbs/ubt/geth/chaindata/ancient/chain readonly=false
INFO [06-01|12:58:47.382] Opened Era store                         datadir=/mnt/state_expiry_vol_data/ubt-vs-pbt-dbs/ubt/geth/chaindata/ancient/chain/era
INFO [06-01|12:58:47.388] State scheme set to already existing     scheme=path
INFO [06-01|12:58:47.391] Initialising Ethereum protocol           network=1337 dbversion=9
WARN [06-01|12:58:47.392] Sanitizing invalid node buffer size      provided=1.00GiB updated=256.00MiB
INFO [06-01|12:58:47.392] Load database journal from file          path=/mnt/state_expiry_vol_data/ubt-vs-pbt-dbs/ubt/geth/triedb/verkle.journal
INFO [06-01|12:58:47.766] Opened ancient database                  database=/mnt/state_expiry_vol_data/ubt-vs-pbt-dbs/ubt/geth/chaindata/ancient/state_verkle readonly=false
INFO [06-01|12:58:47.768] State snapshot generator is not compatible
INFO [06-01|12:58:47.768] Initialized path database                triecache=614.00MiB statecache=409.00MiB buffer=256.00MiB state-history="last 90000 blocks" journal-dir=/mnt/state_expiry_vol_data/ubt-vs-pbt-dbs/ubt/geth/triedb verkle=true
INFO [06-01|12:58:47.768] 
INFO [06-01|12:58:47.768] ---------------------------------------------------------------------------------------------------------------------------------------------------------
INFO [06-01|12:58:47.768] Chain ID:  1337 (unknown)
INFO [06-01|12:58:47.768] Consensus: unknown
INFO [06-01|12:58:47.768] 
INFO [06-01|12:58:47.768] Pre-Merge hard forks (block based):
INFO [06-01|12:58:47.768]  - Homestead:                   #0       
INFO [06-01|12:58:47.768]  - Tangerine Whistle (EIP 150): #0       
INFO [06-01|12:58:47.768]  - Spurious Dragon/1 (EIP 155): #0       
INFO [06-01|12:58:47.768]  - Spurious Dragon/2 (EIP 158): #0       
INFO [06-01|12:58:47.768]  - Byzantium:                   #0       
INFO [06-01|12:58:47.768]  - Constantinople:              #0       
INFO [06-01|12:58:47.768]  - Petersburg:                  #0       
INFO [06-01|12:58:47.768]  - Istanbul:                    #0       
INFO [06-01|12:58:47.768]  - Berlin:                      #0       
INFO [06-01|12:58:47.768]  - London:                      #0       
INFO [06-01|12:58:47.768]  - Arrow Glacier:               #0       
INFO [06-01|12:58:47.768]  - Gray Glacier:                #0       
INFO [06-01|12:58:47.768] 
INFO [06-01|12:58:47.768] Merge configured:
INFO [06-01|12:58:47.768]  - Total terminal difficulty:  0
INFO [06-01|12:58:47.768]  - Merge netsplit block:       #0       
INFO [06-01|12:58:47.768] 
INFO [06-01|12:58:47.768] Post-Merge hard forks (timestamp based):
INFO [06-01|12:58:47.768]  - Shanghai:                    @0         
INFO [06-01|12:58:47.768]  - Cancun:                      @0          blob: (target: 3, max: 6, fraction: 3338477)
INFO [06-01|12:58:47.768]  - Prague:                      @0          blob: (target: 6, max: 9, fraction: 5007716)
INFO [06-01|12:58:47.768]  - Osaka:                       @0          blob: (target: 6, max: 9, fraction: 5007716)
INFO [06-01|12:58:47.768]  - UBT:                         @0          blob: (nil)
INFO [06-01|12:58:47.768] 
INFO [06-01|12:58:47.768] All fork specifications can be found at https://ethereum.github.io/execution-specs/src/ethereum/forks/
INFO [06-01|12:58:47.768] 
INFO [06-01|12:58:47.768] ---------------------------------------------------------------------------------------------------------------------------------------------------------
INFO [06-01|12:58:47.768] 
INFO [06-01|12:58:47.769] Loaded most recent local block           number=6050 hash=976ddf..a92c14 age=4s
INFO [06-01|12:58:47.769] Loaded most recent local finalized block number=6048 hash=4cecc6..b22864 age=6s
INFO [06-01|12:58:47.770] Initialized transaction indexer          range="last 2350000 blocks"
INFO [06-01|12:58:47.770] Initialized log indexer                  firstblock=0 lastblock=6050 firstmap=0 lastmap=0 headindexed=true
INFO [06-01|12:58:47.794] Enabled full-sync                        head=6050 hash=976ddf..a92c14
INFO [06-01|12:58:47.796] Unprotected transactions allowed
INFO [06-01|12:58:47.796] Gasprice oracle is ignoring threshold set threshold=2
INFO [06-01|12:58:47.797] Registered sync override service
WARN [06-01|12:58:47.797] You are running Geth in --dev mode. Please note the following:
WARN [06-01|12:58:47.797] 
WARN [06-01|12:58:47.797]   1. This mode is only intended for fast, iterative development without assumptions on
WARN [06-01|12:58:47.797]      security or persistence.
WARN [06-01|12:58:47.797]   2. The database is created in memory unless specified otherwise. Therefore, shutting down
WARN [06-01|12:58:47.797]      your computer or losing power will wipe your entire block data and chain state for
WARN [06-01|12:58:47.797]      your dev environment.
WARN [06-01|12:58:47.797]   3. A random, pre-allocated developer account will be available and unlocked as
WARN [06-01|12:58:47.797]      eth.coinbase, which can be used for testing. The random dev account is temporary,
WARN [06-01|12:58:47.797]      stored on a ramdisk, and will be lost if your machine is restarted.
WARN [06-01|12:58:47.797]   4. Mining is enabled by default. However, the client will only seal blocks if transactions
WARN [06-01|12:58:47.797]      are pending in the mempool. The miner's minimum accepted gas price is 1.
WARN [06-01|12:58:47.797]   5. Networking is disabled; there is no listen-address, the maximum number of peers is set
WARN [06-01|12:58:47.797]      to 0, and discovery is disabled.
WARN [06-01|12:58:47.797] 
INFO [06-01|12:58:47.797] Starting peer-to-peer node               instance=Geth/v1.17.3-unstable/linux-amd64/go1.24.9
WARN [06-01|12:58:47.797] P2P server will be useless, neither dialing nor listening
INFO [06-01|12:58:47.816] IPC endpoint opened                      url=/mnt/state_expiry_vol_data/ubt-vs-pbt-dbs/ubt/geth.ipc
ERROR[06-01|12:58:47.816] Unavailable modules in HTTP API list     unavailable=[personal] available="[admin debug web3 eth txpool miner net dev testing]"
INFO [06-01|12:58:47.816] New local node record                    seq=1,780,289,664,956 id=c084d8867e8cc127 ip=127.0.0.1 udp=0 tcp=0
INFO [06-01|12:58:47.816] Started P2P networking                   self=enode://ed0ccbffbfc0dc9f1b0f8e55d585ad3e61215b1974f32d9388e7ae53563e3ebe0172c21d754fa202c3a63f95bef3ff3ea24339ffdabd0115c47ec5b8d33136a9@127.0.0.1:0
INFO [06-01|12:58:47.816] HTTP server started                      endpoint=127.0.0.1:8545 auth=false prefix= cors= vhosts=localhost
INFO [06-01|12:58:47.816] WebSocket enabled                        url=ws://127.0.0.1:8546
INFO [06-01|12:58:48.217] Loaded local transaction journal         transactions=4161 dropped=0
INFO [06-01|12:58:48.960] Started log indexer
INFO [06-01|12:58:49.019] Starting work on payload                 id=0x036a0aacdc396a19
INFO [06-01|12:58:49.044] Updated payload                          id=0x036a0aacdc396a19 number=6051 hash=da8742..7a1130 txs=0 withdrawals=0 gas=0 fees=0 root=159e3b..f55d7a elapsed=24.838ms
INFO [06-01|12:58:49.044] Stopping work on payload                 id=0x036a0aacdc396a19 reason=delivery
WARN [06-01|12:58:49.051] {"level":"warn","msg":"Slow block","block":{"number":6051,"hash":"0xda8742132af53795a20a0a68034de37f1d34a301b39bdb2eeb9ede78cf7a1130","gas_used":0,"tx_count":0},"timing":{"execution_ms":0.074822,"state_read_ms":5.538442,"state_hash_ms":0.002214,"commit_ms":0.274836,"total_ms":6.094378},"throughput":{"mgas_per_sec":0},"state_reads":{"accounts":4,"storage_slots":0,"code":0,"code_bytes":0},"state_writes":{"accounts":0,"accounts_deleted":0,"storage_slots":0,"storage_slots_deleted":0,"code":0,"code_bytes":0},"cache":{"account":{"hits":0,"misses":4,"hit_rate":0},"storage":{"hits":0,"misses":0,"hit_rate":0},"code":{"hits":0,"misses":0,"hit_rate":0,"hit_bytes":0,"miss_bytes":0}}}
INFO [06-01|12:58:49.051] Imported new potential chain segment     number=6051 hash=da8742..7a1130 blocks=1 txs=0 mgas=0.000 elapsed=6.537ms  mgasps=0.000 triediffs=17.95MiB triedirty=12.50MiB
INFO [06-01|12:58:49.051] Chain head was updated                   number=6051 hash=da8742..7a1130 root=159e3b..f55d7a elapsed="103.79µs"
INFO [06-01|12:58:50.074] Starting work on payload                 id=0x035efcad8cbad9ac
INFO [06-01|12:58:50.078] Updated payload                          id=0x035efcad8cbad9ac number=6052 hash=af18f5..32b843 txs=0 withdrawals=0 gas=0 fees=0 root=159e3b..f55d7a elapsed=3.663ms
INFO [06-01|12:58:50.079] Stopping work on payload                 id=0x035efcad8cbad9ac reason=delivery
WARN [06-01|12:58:50.102] {"level":"warn","msg":"Slow block","block":{"number":6052,"hash":"0xaf18f569e0c703d20b21e5d108824f8b2f88142dfb513bfc3c4f2808cc32b843","gas_used":0,"tx_count":0},"timing":{"execution_ms":0.041911,"state_read_ms":22.58078,"state_hash_ms":0.002976,"commit_ms":0.145097,"total_ms":22.954217},"throughput":{"mgas_per_sec":0},"state_reads":{"accounts":4,"storage_slots":0,"code":0,"code_bytes":0},"state_writes":{"accounts":0,"accounts_deleted":0,"storage_slots":0,"storage_slots_deleted":0,"code":0,"code_bytes":0},"cache":{"account":{"hits":0,"misses":4,"hit_rate":0},"storage":{"hits":0,"misses":0,"hit_rate":0},"code":{"hits":0,"misses":0,"hit_rate":0,"hit_bytes":0,"miss_bytes":0}}}
INFO [06-01|12:58:50.102] Imported new potential chain segment     number=6052 hash=af18f5..32b843 blocks=1 txs=0 mgas=0.000 elapsed=23.195ms   mgasps=0.000 triediffs=17.95MiB triedirty=12.50MiB
INFO [06-01|12:58:50.102] Chain head was updated                   number=6052 hash=af18f5..32b843 root=159e3b..f55d7a elapsed="57.504µs"
INFO [06-01|12:58:51.101] Submitted contract creation              hash=0x8abe4aeaa085d19a94ba0bd98b302f9cdddf93f41f44a8a33349435a150143c9 from=0xf39Fd6e51aad88F6F4ce6aB8827279cffFb92266 nonce=1825 contract=0xC20654dB7F9483f10c91dc94924dC8F04F79bfd5 value=0
INFO [06-01|12:58:51.102] Submitted transaction                    hash=0x1bb00b17018940e7f6b24146dae71b9c4ceb68f36138ddb9081ca049877a3860 from=0xf39Fd6e51aad88F6F4ce6aB8827279cffFb92266 nonce=1826 recipient=0x96b68A8699688e11c2a078C1EE9592A5834A26b7 value=78,000,000
INFO [06-01|12:58:51.125] Starting work on payload                 id=0x03ea30f54ceea93e
INFO [06-01|12:58:51.175] Updated payload                          id=0x03ea30f54ceea93e number=6053 hash=35fd87..e6ba0d txs=2 withdrawals=0 gas=91710 fees=5.5026e-13 root=262766..3bb43f elapsed=49.859ms
INFO [06-01|12:58:51.175] Stopping work on payload                 id=0x03ea30f54ceea93e reason=delivery
WARN [06-01|12:58:51.207] {"level":"warn","msg":"Slow block","block":{"number":6053,"hash":"0x35fd87de495f2929bc433bdb6e0699988a910aa84950982687a3991157e6ba0d","gas_used":91710,"tx_count":2},"timing":{"execution_ms":0.150498,"state_read_ms":22.066853,"state_hash_ms":2.843265,"commit_ms":5.678777,"total_ms":30.922743},"throughput":{"mgas_per_sec":2.9657782946357636},"state_reads":{"accounts":11,"storage_slots":0,"code":0,"code_bytes":0},"state_writes":{"accounts":3,"accounts_deleted":0,"storage_slots":0,"storage_slots_deleted":0,"code":1,"code_bytes":305},"cache":{"account":{"hits":5,"misses":6,"hit_rate":45.45454545454545},"storage":{"hits":0,"misses":0,"hit_rate":0},"code":{"hits":0,"misses":0,"hit_rate":0,"hit_bytes":0,"miss_bytes":0}}}
INFO [06-01|12:58:51.207] Imported new potential chain segment     number=6053 hash=35fd87..e6ba0d blocks=1 txs=2 mgas=0.092 elapsed=31.105ms   mgasps=2.948 triediffs=16.63MiB triedirty=12.75MiB
INFO [06-01|12:58:51.207] Chain head was updated                   number=6053 hash=35fd87..e6ba0d root=262766..3bb43f elapsed="144.244µs"
INFO [06-01|12:58:52.124] Submitted transaction                    hash=0x513a9558116004abcf3dacfd02b22eea5b1348923437fbc066d1728e18c95caf from=0x96b68A8699688e11c2a078C1EE9592A5834A26b7 nonce=0    recipient=0xC20654dB7F9483f10c91dc94924dC8F04F79bfd5 value=0
INFO [06-01|12:58:52.218] Starting work on payload                 id=0x0333817b4736f2db
INFO [06-01|12:58:52.422] Updated payload                          id=0x0333817b4736f2db number=6054 hash=92b8ac..221227 txs=1 withdrawals=0 gas=5,908,267 fees=3.5449602e-11 root=dcc44b..08d174 elapsed=204.051ms
INFO [06-01|12:58:52.422] Stopping work on payload                 id=0x0333817b4736f2db reason=delivery
WARN [06-01|12:58:52.516] {"level":"warn","msg":"Slow block","block":{"number":6054,"hash":"0x92b8ac2ea5b5b1dded712e4fdee0d734c146174709bed5f7c156a0c72f221227","gas_used":5908267,"tx_count":1},"timing":{"execution_ms":58.245161,"state_read_ms":23.821772,"state_hash_ms":7.056077,"commit_ms":1.566977,"total_ms":93.332058},"throughput":{"mgas_per_sec":63.303725714480656},"state_reads":{"accounts":17,"storage_slots":723,"code":11,"code_bytes":585},"state_writes":{"accounts":3,"accounts_deleted":0,"storage_slots":85,"storage_slots_deleted":0,"code":0,"code_bytes":0},"cache":{"account":{"hits":3,"misses":14,"hit_rate":17.647058823529413},"storage":{"hits":414,"misses":309,"hit_rate":57.26141078838174},"code":{"hits":11,"misses":0,"hit_rate":100,"hit_bytes":585,"miss_bytes":0}}}
INFO [06-01|12:58:52.516] Imported new potential chain segment     number=6054 hash=92b8ac..221227 blocks=1 txs=1 mgas=5.908 elapsed=93.571ms    mgasps=63.142 triediffs=16.66MiB triedirty=12.75MiB
INFO [06-01|12:58:52.516] Chain head was updated                   number=6054 hash=92b8ac..221227 root=dcc44b..08d174 elapsed="122.462µs"
INFO [06-01|12:58:53.140] Submitted transaction                    hash=0x84461bb0857a9e4013a553dff547b53f1b80691f7f7d815b142449452c71df8a from=0x96b68A8699688e11c2a078C1EE9592A5834A26b7 nonce=1    recipient=0xf39Fd6e51aad88F6F4ce6aB8827279cffFb92266 value=940,529
INFO [06-01|12:58:53.521] Starting work on payload                 id=0x03b559b2ddbb0fb6
INFO [06-01|12:58:53.550] Updated payload                          id=0x03b559b2ddbb0fb6 number=6055 hash=e3c386..b93a87 txs=1 withdrawals=0 gas=21000     fees=2.1e-14       root=435a6a..a05860 elapsed=29.602ms
INFO [06-01|12:58:53.550] Stopping work on payload                 id=0x03b559b2ddbb0fb6 reason=delivery
WARN [06-01|12:58:53.571] {"level":"warn","msg":"Slow block","block":{"number":6055,"hash":"0xe3c386835e67a7af2326f0ad11ebacc748a7ec4908199aef002e5ffb34b93a87","gas_used":21000,"tx_count":1},"timing":{"execution_ms":0.111582,"state_read_ms":16.495149,"state_hash_ms":3.49102,"commit_ms":0.514343,"total_ms":20.778835},"throughput":{"mgas_per_sec":1.0106437632331167},"state_reads":{"accounts":6,"storage_slots":0,"code":0,"code_bytes":0},"state_writes":{"accounts":2,"accounts_deleted":0,"storage_slots":0,"storage_slots_deleted":0,"code":0,"code_bytes":0},"cache":{"account":{"hits":2,"misses":4,"hit_rate":33.33333333333333},"storage":{"hits":0,"misses":0,"hit_rate":0},"code":{"hits":0,"misses":0,"hit_rate":0,"hit_bytes":0,"miss_bytes":0}}}
INFO [06-01|12:58:53.572] Imported new potential chain segment     number=6055 hash=e3c386..b93a87 blocks=1 txs=1 mgas=0.021 elapsed=20.935ms    mgasps=1.003  triediffs=16.66MiB triedirty=12.76MiB
INFO [06-01|12:58:53.572] Chain head was updated                   number=6055 hash=e3c386..b93a87 root=435a6a..a05860 elapsed="55.845µs"
