WARN [06-02|04:42:09.717] Unknown config environment variable      envvar=GETH_PBT_BIN
WARN [06-02|04:42:09.717] Unknown config environment variable      envvar=GETH_UBT_BIN
INFO [06-02|04:42:09.730] Starting Geth on Ethereum mainnet...
INFO [06-02|04:42:09.732] Maximum peer count                       ETH=0 total=0
INFO [06-02|04:42:09.733] Smartcard socket not found, disabling    err="stat /run/pcscd/pcscd.comm: no such file or directory"
WARN [06-02|04:42:09.736] Option --miner.etherbase is deprecated as the etherbase is set by the consensus client post-merge
INFO [06-02|04:42:09.739] Set global gas cap                       cap=50,000,000
INFO [06-02|04:42:10.563] Using developer account                  address=0xf39Fd6e51aad88F6F4ce6aB8827279cffFb92266
INFO [06-02|04:42:10.609] Using pebble as the backing database
INFO [06-02|04:42:10.609] Allocated cache and file handles         database=/mnt/state_expiry_vol_data/ubt-vs-pbt-dbs/ubt/geth/chaindata cache=2.00GiB handles=262,144
INFO [06-02|04:42:10.866] Opened ancient database                  database=/mnt/state_expiry_vol_data/ubt-vs-pbt-dbs/ubt/geth/chaindata/ancient/chain readonly=true
INFO [06-02|04:42:10.866] Opened Era store                         datadir=/mnt/state_expiry_vol_data/ubt-vs-pbt-dbs/ubt/geth/chaindata/ancient/chain/era
INFO [06-02|04:42:10.875] Initializing the KZG library             backend=gokzg
INFO [06-02|04:42:10.878] Allocated trie memory caches             clean=614.00MiB dirty=1.00GiB
INFO [06-02|04:42:10.890] Using pebble as the backing database
INFO [06-02|04:42:10.890] Allocated cache and file handles         database=/mnt/state_expiry_vol_data/ubt-vs-pbt-dbs/ubt/geth/chaindata cache=2.00GiB handles=262,144
INFO [06-02|04:42:11.118] Opened ancient database                  database=/mnt/state_expiry_vol_data/ubt-vs-pbt-dbs/ubt/geth/chaindata/ancient/chain readonly=false
INFO [06-02|04:42:11.118] Opened Era store                         datadir=/mnt/state_expiry_vol_data/ubt-vs-pbt-dbs/ubt/geth/chaindata/ancient/chain/era
INFO [06-02|04:42:11.126] State scheme set to already existing     scheme=path
INFO [06-02|04:42:11.126] Initialising Ethereum protocol           network=1337 dbversion=9
WARN [06-02|04:42:11.126] Sanitizing invalid node buffer size      provided=1.00GiB updated=256.00MiB
INFO [06-02|04:42:11.127] Load database journal from file          path=/mnt/state_expiry_vol_data/ubt-vs-pbt-dbs/ubt/geth/triedb/verkle.journal
INFO [06-02|04:42:13.344] Opened ancient database                  database=/mnt/state_expiry_vol_data/ubt-vs-pbt-dbs/ubt/geth/chaindata/ancient/state_verkle readonly=false
INFO [06-02|04:42:13.345] State snapshot generator is not compatible
INFO [06-02|04:42:13.345] Initialized path database                triecache=614.00MiB statecache=409.00MiB buffer=256.00MiB state-history="last 90000 blocks" journal-dir=/mnt/state_expiry_vol_data/ubt-vs-pbt-dbs/ubt/geth/triedb verkle=true
INFO [06-02|04:42:13.345] 
INFO [06-02|04:42:13.345] ---------------------------------------------------------------------------------------------------------------------------------------------------------
INFO [06-02|04:42:13.345] Chain ID:  1337 (unknown)
INFO [06-02|04:42:13.345] Consensus: unknown
INFO [06-02|04:42:13.345] 
INFO [06-02|04:42:13.345] Pre-Merge hard forks (block based):
INFO [06-02|04:42:13.345]  - Homestead:                   #0       
INFO [06-02|04:42:13.345]  - Tangerine Whistle (EIP 150): #0       
INFO [06-02|04:42:13.345]  - Spurious Dragon/1 (EIP 155): #0       
INFO [06-02|04:42:13.345]  - Spurious Dragon/2 (EIP 158): #0       
INFO [06-02|04:42:13.345]  - Byzantium:                   #0       
INFO [06-02|04:42:13.345]  - Constantinople:              #0       
INFO [06-02|04:42:13.345]  - Petersburg:                  #0       
INFO [06-02|04:42:13.345]  - Istanbul:                    #0       
INFO [06-02|04:42:13.345]  - Berlin:                      #0       
INFO [06-02|04:42:13.345]  - London:                      #0       
INFO [06-02|04:42:13.345]  - Arrow Glacier:               #0       
INFO [06-02|04:42:13.345]  - Gray Glacier:                #0       
INFO [06-02|04:42:13.345] 
INFO [06-02|04:42:13.345] Merge configured:
INFO [06-02|04:42:13.345]  - Total terminal difficulty:  0
INFO [06-02|04:42:13.345]  - Merge netsplit block:       #0       
INFO [06-02|04:42:13.345] 
INFO [06-02|04:42:13.345] Post-Merge hard forks (timestamp based):
INFO [06-02|04:42:13.345]  - Shanghai:                    @0         
INFO [06-02|04:42:13.345]  - Cancun:                      @0          blob: (target: 3, max: 6, fraction: 3338477)
INFO [06-02|04:42:13.345]  - Prague:                      @0          blob: (target: 6, max: 9, fraction: 5007716)
INFO [06-02|04:42:13.345]  - Osaka:                       @0          blob: (target: 6, max: 9, fraction: 5007716)
INFO [06-02|04:42:13.345]  - UBT:                         @0          blob: (nil)
INFO [06-02|04:42:13.345] 
INFO [06-02|04:42:13.345] All fork specifications can be found at https://ethereum.github.io/execution-specs/src/ethereum/forks/
INFO [06-02|04:42:13.345] 
INFO [06-02|04:42:13.345] ---------------------------------------------------------------------------------------------------------------------------------------------------------
INFO [06-02|04:42:13.345] 
INFO [06-02|04:42:13.346] Loaded most recent local block           number=10809 hash=f84ce4..a85d35 age=8s
INFO [06-02|04:42:13.346] Loaded most recent local finalized block number=10784 hash=943d09..14f9b1 age=1m1s
INFO [06-02|04:42:13.347] Initialized transaction indexer          range="last 2350000 blocks"
INFO [06-02|04:42:13.347] Initialized log indexer                  firstblock=0 lastblock=10809 firstmap=0 lastmap=0 headindexed=true
INFO [06-02|04:42:13.385] Enabled full-sync                        head=10809 hash=f84ce4..a85d35
INFO [06-02|04:42:13.386] Unprotected transactions allowed
INFO [06-02|04:42:13.386] Gasprice oracle is ignoring threshold set threshold=2
INFO [06-02|04:42:13.386] Registered sync override service
WARN [06-02|04:42:13.386] You are running Geth in --dev mode. Please note the following:
WARN [06-02|04:42:13.386] 
WARN [06-02|04:42:13.386]   1. This mode is only intended for fast, iterative development without assumptions on
WARN [06-02|04:42:13.386]      security or persistence.
WARN [06-02|04:42:13.386]   2. The database is created in memory unless specified otherwise. Therefore, shutting down
WARN [06-02|04:42:13.386]      your computer or losing power will wipe your entire block data and chain state for
WARN [06-02|04:42:13.386]      your dev environment.
WARN [06-02|04:42:13.386]   3. A random, pre-allocated developer account will be available and unlocked as
WARN [06-02|04:42:13.386]      eth.coinbase, which can be used for testing. The random dev account is temporary,
WARN [06-02|04:42:13.386]      stored on a ramdisk, and will be lost if your machine is restarted.
WARN [06-02|04:42:13.386]   4. Mining is enabled by default. However, the client will only seal blocks if transactions
WARN [06-02|04:42:13.386]      are pending in the mempool. The miner's minimum accepted gas price is 1.
WARN [06-02|04:42:13.386]   5. Networking is disabled; there is no listen-address, the maximum number of peers is set
WARN [06-02|04:42:13.386]      to 0, and discovery is disabled.
WARN [06-02|04:42:13.386] 
INFO [06-02|04:42:13.386] Starting peer-to-peer node               instance=Geth/v1.17.3-unstable/linux-amd64/go1.24.9
WARN [06-02|04:42:13.386] P2P server will be useless, neither dialing nor listening
INFO [06-02|04:42:13.408] IPC endpoint opened                      url=/mnt/state_expiry_vol_data/ubt-vs-pbt-dbs/ubt/geth.ipc
ERROR[06-02|04:42:13.408] Unavailable modules in HTTP API list     unavailable=[personal] available="[admin debug web3 eth txpool miner net dev testing]"
INFO [06-02|04:42:13.409] New local node record                    seq=1,780,289,665,553 id=c084d8867e8cc127 ip=127.0.0.1 udp=0 tcp=0
INFO [06-02|04:42:13.409] Started P2P networking                   self=enode://ed0ccbffbfc0dc9f1b0f8e55d585ad3e61215b1974f32d9388e7ae53563e3ebe0172c21d754fa202c3a63f95bef3ff3ea24339ffdabd0115c47ec5b8d33136a9@127.0.0.1:0
INFO [06-02|04:42:13.409] HTTP server started                      endpoint=127.0.0.1:8545 auth=false prefix= cors= vhosts=localhost
INFO [06-02|04:42:13.409] WebSocket enabled                        url=ws://127.0.0.1:8546
INFO [06-02|04:42:14.306] Loaded local transaction journal         transactions=8276 dropped=0
INFO [06-02|04:42:14.636] Started log indexer
INFO [06-02|04:42:14.668] Starting work on payload                 id=0x03f565073eba670e
INFO [06-02|04:42:14.690] Updated payload                          id=0x03f565073eba670e number=10810 hash=75a951..c717ed txs=0 withdrawals=0 gas=0 fees=0 root=a7cedf..f21367 elapsed=21.367ms
INFO [06-02|04:42:14.690] Stopping work on payload                 id=0x03f565073eba670e reason=delivery
WARN [06-02|04:42:14.700] {"level":"warn","msg":"Slow block","block":{"number":10810,"hash":"0x75a951c9ce1c4687997561dabf5429c9c033e6cef5cd830425143176e3c717ed","gas_used":0,"tx_count":0},"timing":{"execution_ms":0.060386,"state_read_ms":9.288103,"state_hash_ms":0.00349,"commit_ms":0.249057,"total_ms":9.83723},"throughput":{"mgas_per_sec":0},"state_reads":{"accounts":4,"storage_slots":0,"code":0,"code_bytes":0},"state_writes":{"accounts":0,"accounts_deleted":0,"storage_slots":0,"storage_slots_deleted":0,"code":0,"code_bytes":0},"cache":{"account":{"hits":0,"misses":4,"hit_rate":0},"storage":{"hits":0,"misses":0,"hit_rate":0},"code":{"hits":0,"misses":0,"hit_rate":0,"hit_bytes":0,"miss_bytes":0}}}
INFO [06-02|04:42:14.700] Imported new potential chain segment     number=10810 hash=75a951..c717ed blocks=1 txs=0 mgas=0.000 elapsed=10.359ms mgasps=0.000 triediffs=10.19MiB triedirty=196.84MiB
INFO [06-02|04:42:14.701] Chain head was updated                   number=10810 hash=75a951..c717ed root=a7cedf..f21367 elapsed="102.151µs"
INFO [06-02|04:42:15.702] Starting work on payload                 id=0x03bd5b8bde671727
INFO [06-02|04:42:15.703] Updated payload                          id=0x03bd5b8bde671727 number=10811 hash=dd44c2..a47106 txs=0 withdrawals=0 gas=0 fees=0 root=a7cedf..f21367 elapsed="635.379µs"
INFO [06-02|04:42:15.703] Stopping work on payload                 id=0x03bd5b8bde671727 reason=delivery
WARN [06-02|04:42:15.704] {"level":"warn","msg":"Slow block","block":{"number":10811,"hash":"0xdd44c22482f409f0e1a9507a390548bd1fec1b703ddbb09e809675ef43a47106","gas_used":0,"tx_count":0},"timing":{"execution_ms":0.019196,"state_read_ms":0.736648,"state_hash_ms":0.001236,"commit_ms":0.464705,"total_ms":1.526057},"throughput":{"mgas_per_sec":0},"state_reads":{"accounts":4,"storage_slots":0,"code":0,"code_bytes":0},"state_writes":{"accounts":0,"accounts_deleted":0,"storage_slots":0,"storage_slots_deleted":0,"code":0,"code_bytes":0},"cache":{"account":{"hits":0,"misses":4,"hit_rate":0},"storage":{"hits":0,"misses":0,"hit_rate":0},"code":{"hits":0,"misses":0,"hit_rate":0,"hit_bytes":0,"miss_bytes":0}}}
INFO [06-02|04:42:15.704] Imported new potential chain segment     number=10811 hash=dd44c2..a47106 blocks=1 txs=0 mgas=0.000 elapsed=1.674ms     mgasps=0.000 triediffs=10.19MiB triedirty=196.84MiB
INFO [06-02|04:42:15.705] Chain head was updated                   number=10811 hash=dd44c2..a47106 root=a7cedf..f21367 elapsed="68.893µs"
INFO [06-02|04:42:16.708] Starting work on payload                 id=0x03ef7a839c56a3c0
INFO [06-02|04:42:16.731] Updated payload                          id=0x03ef7a839c56a3c0 number=10812 hash=2ca7d4..de72eb txs=0 withdrawals=0 gas=0 fees=0 root=a7cedf..f21367 elapsed=22.472ms
INFO [06-02|04:42:16.738] Stopping work on payload                 id=0x03ef7a839c56a3c0 reason=delivery
WARN [06-02|04:42:16.789] {"level":"warn","msg":"Slow block","block":{"number":10812,"hash":"0x2ca7d4a2c12cf48631e71c73df3524686b6dde5cacae65802376710df7de72eb","gas_used":0,"tx_count":0},"timing":{"execution_ms":0.068941,"state_read_ms":57.484394,"state_hash_ms":0.002686,"commit_ms":0.167213,"total_ms":57.930429},"throughput":{"mgas_per_sec":0},"state_reads":{"accounts":4,"storage_slots":0,"code":0,"code_bytes":0},"state_writes":{"accounts":0,"accounts_deleted":0,"storage_slots":0,"storage_slots_deleted":0,"code":0,"code_bytes":0},"cache":{"account":{"hits":0,"misses":4,"hit_rate":0},"storage":{"hits":0,"misses":0,"hit_rate":0},"code":{"hits":0,"misses":0,"hit_rate":0,"hit_bytes":0,"miss_bytes":0}}}
INFO [06-02|04:42:16.789] Imported new potential chain segment     number=10812 hash=2ca7d4..de72eb blocks=1 txs=0 mgas=0.000 elapsed=58.148ms    mgasps=0.000 triediffs=10.19MiB triedirty=196.84MiB
INFO [06-02|04:42:16.790] Chain head was updated                   number=10812 hash=2ca7d4..de72eb root=a7cedf..f21367 elapsed="70.397µs"
INFO [06-02|04:42:17.812] Starting work on payload                 id=0x03e54e05a4dbaa15
INFO [06-02|04:42:17.822] Updated payload                          id=0x03e54e05a4dbaa15 number=10813 hash=fe0eec..6a4f2b txs=0 withdrawals=0 gas=0 fees=0 root=a7cedf..f21367 elapsed=9.464ms
INFO [06-02|04:42:17.823] Stopping work on payload                 id=0x03e54e05a4dbaa15 reason=delivery
WARN [06-02|04:42:17.836] {"level":"warn","msg":"Slow block","block":{"number":10813,"hash":"0xfe0eec84fef8399e911d2a98a6a76c840ebd7b268014bf970463e6c0e16a4f2b","gas_used":0,"tx_count":0},"timing":{"execution_ms":0.043394,"state_read_ms":13.048733,"state_hash_ms":0.002694,"commit_ms":0.155203,"total_ms":13.797203},"throughput":{"mgas_per_sec":0},"state_reads":{"accounts":4,"storage_slots":0,"code":0,"code_bytes":0},"state_writes":{"accounts":0,"accounts_deleted":0,"storage_slots":0,"storage_slots_deleted":0,"code":0,"code_bytes":0},"cache":{"account":{"hits":0,"misses":4,"hit_rate":0},"storage":{"hits":0,"misses":0,"hit_rate":0},"code":{"hits":0,"misses":0,"hit_rate":0,"hit_bytes":0,"miss_bytes":0}}}
INFO [06-02|04:42:17.836] Imported new potential chain segment     number=10813 hash=fe0eec..6a4f2b blocks=1 txs=0 mgas=0.000 elapsed=14.038ms    mgasps=0.000 triediffs=10.19MiB triedirty=196.84MiB
INFO [06-02|04:42:17.836] Chain head was updated                   number=10813 hash=fe0eec..6a4f2b root=a7cedf..f21367 elapsed="67.95µs"
INFO [06-02|04:42:17.959] Submitted contract creation              hash=0x56363848a2458774c6db420c56d9a77ba095ebbeb3f916aa934f572b678c7b8d from=0xf39Fd6e51aad88F6F4ce6aB8827279cffFb92266 nonce=2953 contract=0xD8Cf9c21DDD6783e206d4C388E8c23eED73825C0 value=0
INFO [06-02|04:42:17.959] Submitted transaction                    hash=0x9dbf9b4120739cc9c159a34a5ba05a22d25e3576c2c0e6cd4fcca9aedca8e8a4 from=0xf39Fd6e51aad88F6F4ce6aB8827279cffFb92266 nonce=2954 recipient=0x0c341AcB85D090306E898835Fc12ff04C5fc5c3E value=208,000,000
INFO [06-02|04:42:18.841] Starting work on payload                 id=0x039f4a83227fbb7e
INFO [06-02|04:42:18.894] Updated payload                          id=0x039f4a83227fbb7e number=10814 hash=12ad82..e60a4e txs=2 withdrawals=0 gas=91710 fees=5.5026e-13 root=5aebc0..02990f elapsed=53.388ms
INFO [06-02|04:42:18.894] Stopping work on payload                 id=0x039f4a83227fbb7e reason=delivery
WARN [06-02|04:42:18.931] {"level":"warn","msg":"Slow block","block":{"number":10814,"hash":"0x12ad826d21611377d8b838a7763b96fa5a34a63dbdfb386c34034621dbe60a4e","gas_used":91710,"tx_count":2},"timing":{"execution_ms":0.170211,"state_read_ms":10.646563,"state_hash_ms":20.150252,"commit_ms":5.04737,"total_ms":36.199147},"throughput":{"mgas_per_sec":2.5334851122320643},"state_reads":{"accounts":11,"storage_slots":0,"code":0,"code_bytes":0},"state_writes":{"accounts":3,"accounts_deleted":0,"storage_slots":0,"storage_slots_deleted":0,"code":1,"code_bytes":305},"cache":{"account":{"hits":5,"misses":6,"hit_rate":45.45454545454545},"storage":{"hits":0,"misses":0,"hit_rate":0},"code":{"hits":0,"misses":0,"hit_rate":0,"hit_bytes":0,"miss_bytes":0}}}
INFO [06-02|04:42:18.931] Imported new potential chain segment     number=10814 hash=12ad82..e60a4e blocks=1 txs=2 mgas=0.092 elapsed=36.463ms    mgasps=2.515 triediffs=10.15MiB triedirty=196.86MiB
INFO [06-02|04:42:18.931] Chain head was updated                   number=10814 hash=12ad82..e60a4e root=5aebc0..02990f elapsed="259.916µs"
INFO [06-02|04:42:18.972] Submitted transaction                    hash=0x50cb141af70a19f04741c5e7bdd8b314ffa6d96411282b4d65482ccfc8ab712e from=0x0c341AcB85D090306E898835Fc12ff04C5fc5c3E nonce=0    recipient=0xD8Cf9c21DDD6783e206d4C388E8c23eED73825C0 value=0
INFO [06-02|04:42:19.936] Starting work on payload                 id=0x03411224fcdc1169
INFO [06-02|04:42:20.492] Updated payload                          id=0x03411224fcdc1169 number=10815 hash=98be3b..c97792 txs=1 withdrawals=0 gas=15,912,936 fees=9.5477616e-11 root=df8f8f..f4ab0f elapsed=556.114ms
INFO [06-02|04:42:20.492] Stopping work on payload                 id=0x03411224fcdc1169 reason=delivery
WARN [06-02|04:42:20.695] {"level":"warn","msg":"Slow block","block":{"number":10815,"hash":"0x98be3ba04cc180158db1185e79b57b48c77745dd380b9e2f08c97ea6bac97792","gas_used":15912936,"tx_count":1},"timing":{"execution_ms":125.8675,"state_read_ms":31.918161,"state_hash_ms":36.202735,"commit_ms":5.020794,"total_ms":202.706944},"throughput":{"mgas_per_sec":78.50217504142334},"state_reads":{"accounts":407,"storage_slots":2282,"code":401,"code_bytes":11505},"state_writes":{"accounts":73,"accounts_deleted":0,"storage_slots":191,"storage_slots_deleted":0,"code":0,"code_bytes":0},"cache":{"account":{"hits":25,"misses":382,"hit_rate":6.142506142506143},"storage":{"hits":396,"misses":1886,"hit_rate":17.353198948290974},"code":{"hits":401,"misses":0,"hit_rate":100,"hit_bytes":11505,"miss_bytes":0}}}
INFO [06-02|04:42:20.695] Imported new potential chain segment     number=10815 hash=98be3b..c97792 blocks=1 txs=1 mgas=15.913 elapsed=202.975ms   mgasps=78.398 triediffs=10.65MiB triedirty=196.86MiB
INFO [06-02|04:42:20.696] Chain head was updated                   number=10815 hash=98be3b..c97792 root=df8f8f..f4ab0f elapsed="194.975µs"
INFO [06-02|04:42:20.992] Submitted transaction                    hash=0x18c98d2f1613329760e74374971c8c5b23e0fc113ab7f70dfdcdc6cfb0ebb16c from=0x0c341AcB85D090306E898835Fc12ff04C5fc5c3E nonce=1    recipient=0xf39Fd6e51aad88F6F4ce6aB8827279cffFb92266 value=879,832
INFO [06-02|04:42:21.711] Starting work on payload                 id=0x039f174752717463
INFO [06-02|04:42:21.749] Updated payload                          id=0x039f174752717463 number=10816 hash=e600c7..e01cf1 txs=1 withdrawals=0 gas=21000      fees=2.1e-14       root=62b3a9..341643 elapsed=37.776ms
INFO [06-02|04:42:21.749] Stopping work on payload                 id=0x039f174752717463 reason=delivery
WARN [06-02|04:42:21.794] {"level":"warn","msg":"Slow block","block":{"number":10816,"hash":"0xe600c723f702187418ddc326e6e3d62b6e2dbfeca145148670bfcd0ee0e01cf1","gas_used":21000,"tx_count":1},"timing":{"execution_ms":0.069014,"state_read_ms":18.59761,"state_hash_ms":20.517936,"commit_ms":0.568282,"total_ms":44.906614},"throughput":{"mgas_per_sec":0.46763712801860324},"state_reads":{"accounts":6,"storage_slots":0,"code":0,"code_bytes":0},"state_writes":{"accounts":2,"accounts_deleted":0,"storage_slots":0,"storage_slots_deleted":0,"code":0,"code_bytes":0},"cache":{"account":{"hits":2,"misses":4,"hit_rate":33.33333333333333},"storage":{"hits":0,"misses":0,"hit_rate":0},"code":{"hits":0,"misses":0,"hit_rate":0,"hit_bytes":0,"miss_bytes":0}}}
INFO [06-02|04:42:21.794] Imported new potential chain segment     number=10816 hash=e600c7..e01cf1 blocks=1 txs=1 mgas=0.021  elapsed=45.058ms    mgasps=0.466  triediffs=10.65MiB triedirty=196.86MiB
INFO [06-02|04:42:21.795] Chain head was updated                   number=10816 hash=e600c7..e01cf1 root=62b3a9..341643 elapsed="66.441µs"
