WARN [06-02|04:38:58.825] Unknown config environment variable      envvar=GETH_PBT_BIN
WARN [06-02|04:38:58.825] Unknown config environment variable      envvar=GETH_UBT_BIN
INFO [06-02|04:38:58.836] Starting Geth on Ethereum mainnet...
INFO [06-02|04:38:58.838] Maximum peer count                       ETH=0 total=0
INFO [06-02|04:38:58.839] Smartcard socket not found, disabling    err="stat /run/pcscd/pcscd.comm: no such file or directory"
WARN [06-02|04:38:58.841] Option --miner.etherbase is deprecated as the etherbase is set by the consensus client post-merge
INFO [06-02|04:38:58.846] Set global gas cap                       cap=50,000,000
INFO [06-02|04:38:59.657] Using developer account                  address=0xf39Fd6e51aad88F6F4ce6aB8827279cffFb92266
INFO [06-02|04:38:59.701] Using pebble as the backing database
INFO [06-02|04:38:59.701] Allocated cache and file handles         database=/mnt/state_expiry_vol_data/ubt-vs-pbt-dbs/ubt/geth/chaindata cache=2.00GiB handles=262,144
INFO [06-02|04:38:59.948] Opened ancient database                  database=/mnt/state_expiry_vol_data/ubt-vs-pbt-dbs/ubt/geth/chaindata/ancient/chain readonly=true
INFO [06-02|04:38:59.948] Opened Era store                         datadir=/mnt/state_expiry_vol_data/ubt-vs-pbt-dbs/ubt/geth/chaindata/ancient/chain/era
INFO [06-02|04:38:59.957] Initializing the KZG library             backend=gokzg
INFO [06-02|04:38:59.958] Allocated trie memory caches             clean=614.00MiB dirty=1.00GiB
INFO [06-02|04:38:59.967] Using pebble as the backing database
INFO [06-02|04:38:59.967] Allocated cache and file handles         database=/mnt/state_expiry_vol_data/ubt-vs-pbt-dbs/ubt/geth/chaindata cache=2.00GiB handles=262,144
INFO [06-02|04:39:00.214] Opened ancient database                  database=/mnt/state_expiry_vol_data/ubt-vs-pbt-dbs/ubt/geth/chaindata/ancient/chain readonly=false
INFO [06-02|04:39:00.214] Opened Era store                         datadir=/mnt/state_expiry_vol_data/ubt-vs-pbt-dbs/ubt/geth/chaindata/ancient/chain/era
INFO [06-02|04:39:00.223] State scheme set to already existing     scheme=path
INFO [06-02|04:39:00.232] Initialising Ethereum protocol           network=1337 dbversion=9
WARN [06-02|04:39:00.232] Sanitizing invalid node buffer size      provided=1.00GiB updated=256.00MiB
INFO [06-02|04:39:00.233] Load database journal from file          path=/mnt/state_expiry_vol_data/ubt-vs-pbt-dbs/ubt/geth/triedb/verkle.journal
INFO [06-02|04:39:02.487] Opened ancient database                  database=/mnt/state_expiry_vol_data/ubt-vs-pbt-dbs/ubt/geth/chaindata/ancient/state_verkle readonly=false
INFO [06-02|04:39:02.487] State snapshot generator is not compatible
INFO [06-02|04:39:02.488] Initialized path database                triecache=614.00MiB statecache=409.00MiB buffer=256.00MiB state-history="last 90000 blocks" journal-dir=/mnt/state_expiry_vol_data/ubt-vs-pbt-dbs/ubt/geth/triedb verkle=true
INFO [06-02|04:39:02.488] 
INFO [06-02|04:39:02.488] ---------------------------------------------------------------------------------------------------------------------------------------------------------
INFO [06-02|04:39:02.488] Chain ID:  1337 (unknown)
INFO [06-02|04:39:02.488] Consensus: unknown
INFO [06-02|04:39:02.488] 
INFO [06-02|04:39:02.488] Pre-Merge hard forks (block based):
INFO [06-02|04:39:02.488]  - Homestead:                   #0       
INFO [06-02|04:39:02.488]  - Tangerine Whistle (EIP 150): #0       
INFO [06-02|04:39:02.488]  - Spurious Dragon/1 (EIP 155): #0       
INFO [06-02|04:39:02.488]  - Spurious Dragon/2 (EIP 158): #0       
INFO [06-02|04:39:02.488]  - Byzantium:                   #0       
INFO [06-02|04:39:02.488]  - Constantinople:              #0       
INFO [06-02|04:39:02.488]  - Petersburg:                  #0       
INFO [06-02|04:39:02.488]  - Istanbul:                    #0       
INFO [06-02|04:39:02.488]  - Berlin:                      #0       
INFO [06-02|04:39:02.488]  - London:                      #0       
INFO [06-02|04:39:02.488]  - Arrow Glacier:               #0       
INFO [06-02|04:39:02.488]  - Gray Glacier:                #0       
INFO [06-02|04:39:02.488] 
INFO [06-02|04:39:02.488] Merge configured:
INFO [06-02|04:39:02.488]  - Total terminal difficulty:  0
INFO [06-02|04:39:02.488]  - Merge netsplit block:       #0       
INFO [06-02|04:39:02.488] 
INFO [06-02|04:39:02.488] Post-Merge hard forks (timestamp based):
INFO [06-02|04:39:02.488]  - Shanghai:                    @0         
INFO [06-02|04:39:02.488]  - Cancun:                      @0          blob: (target: 3, max: 6, fraction: 3338477)
INFO [06-02|04:39:02.488]  - Prague:                      @0          blob: (target: 6, max: 9, fraction: 5007716)
INFO [06-02|04:39:02.488]  - Osaka:                       @0          blob: (target: 6, max: 9, fraction: 5007716)
INFO [06-02|04:39:02.488]  - UBT:                         @0          blob: (nil)
INFO [06-02|04:39:02.488] 
INFO [06-02|04:39:02.488] All fork specifications can be found at https://ethereum.github.io/execution-specs/src/ethereum/forks/
INFO [06-02|04:39:02.488] 
INFO [06-02|04:39:02.488] ---------------------------------------------------------------------------------------------------------------------------------------------------------
INFO [06-02|04:39:02.488] 
INFO [06-02|04:39:02.489] Loaded most recent local block           number=10726 hash=6eabb3..2e73a7 age=8s
INFO [06-02|04:39:02.489] Loaded most recent local finalized block number=10720 hash=8c090d..0088a0 age=15s
INFO [06-02|04:39:02.490] Initialized transaction indexer          range="last 2350000 blocks"
INFO [06-02|04:39:02.490] Initialized log indexer                  firstblock=0 lastblock=10726 firstmap=0 lastmap=0 headindexed=true
INFO [06-02|04:39:02.510] Enabled full-sync                        head=10726 hash=6eabb3..2e73a7
INFO [06-02|04:39:02.511] Unprotected transactions allowed
INFO [06-02|04:39:02.511] Gasprice oracle is ignoring threshold set threshold=2
INFO [06-02|04:39:02.511] Registered sync override service
WARN [06-02|04:39:02.511] You are running Geth in --dev mode. Please note the following:
WARN [06-02|04:39:02.511] 
WARN [06-02|04:39:02.511]   1. This mode is only intended for fast, iterative development without assumptions on
WARN [06-02|04:39:02.511]      security or persistence.
WARN [06-02|04:39:02.511]   2. The database is created in memory unless specified otherwise. Therefore, shutting down
WARN [06-02|04:39:02.511]      your computer or losing power will wipe your entire block data and chain state for
WARN [06-02|04:39:02.511]      your dev environment.
WARN [06-02|04:39:02.511]   3. A random, pre-allocated developer account will be available and unlocked as
WARN [06-02|04:39:02.511]      eth.coinbase, which can be used for testing. The random dev account is temporary,
WARN [06-02|04:39:02.511]      stored on a ramdisk, and will be lost if your machine is restarted.
WARN [06-02|04:39:02.511]   4. Mining is enabled by default. However, the client will only seal blocks if transactions
WARN [06-02|04:39:02.511]      are pending in the mempool. The miner's minimum accepted gas price is 1.
WARN [06-02|04:39:02.511]   5. Networking is disabled; there is no listen-address, the maximum number of peers is set
WARN [06-02|04:39:02.511]      to 0, and discovery is disabled.
WARN [06-02|04:39:02.511] 
INFO [06-02|04:39:02.511] Starting peer-to-peer node               instance=Geth/v1.17.3-unstable/linux-amd64/go1.24.9
WARN [06-02|04:39:02.511] P2P server will be useless, neither dialing nor listening
INFO [06-02|04:39:02.532] New local node record                    seq=1,780,289,665,541 id=c084d8867e8cc127 ip=127.0.0.1 udp=0 tcp=0
INFO [06-02|04:39:02.532] Started P2P networking                   self=enode://ed0ccbffbfc0dc9f1b0f8e55d585ad3e61215b1974f32d9388e7ae53563e3ebe0172c21d754fa202c3a63f95bef3ff3ea24339ffdabd0115c47ec5b8d33136a9@127.0.0.1:0
INFO [06-02|04:39:02.532] IPC endpoint opened                      url=/mnt/state_expiry_vol_data/ubt-vs-pbt-dbs/ubt/geth.ipc
ERROR[06-02|04:39:02.532] Unavailable modules in HTTP API list     unavailable=[personal] available="[admin debug web3 eth txpool miner net dev testing]"
INFO [06-02|04:39:02.537] HTTP server started                      endpoint=127.0.0.1:8545 auth=false prefix= cors= vhosts=localhost
INFO [06-02|04:39:02.537] WebSocket enabled                        url=ws://127.0.0.1:8546
INFO [06-02|04:39:03.520] Loaded local transaction journal         transactions=8228 dropped=0
INFO [06-02|04:39:03.855] Started log indexer
INFO [06-02|04:39:03.887] Starting work on payload                 id=0x03b3bff7133d3e81
INFO [06-02|04:39:03.936] Updated payload                          id=0x03b3bff7133d3e81 number=10727 hash=147662..b7fd61 txs=0 withdrawals=0 gas=0 fees=0 root=42a71b..d7de42 elapsed=48.250ms
INFO [06-02|04:39:03.936] Stopping work on payload                 id=0x03b3bff7133d3e81 reason=delivery
WARN [06-02|04:39:03.943] {"level":"warn","msg":"Slow block","block":{"number":10727,"hash":"0x147662ce973163a5819c81260972c93e8f99a8de102415e7cfef0ca14cb7fd61","gas_used":0,"tx_count":0},"timing":{"execution_ms":0.044196,"state_read_ms":6.548035,"state_hash_ms":0.002114,"commit_ms":0.302676,"total_ms":7.104931},"throughput":{"mgas_per_sec":0},"state_reads":{"accounts":4,"storage_slots":0,"code":0,"code_bytes":0},"state_writes":{"accounts":0,"accounts_deleted":0,"storage_slots":0,"storage_slots_deleted":0,"code":0,"code_bytes":0},"cache":{"account":{"hits":0,"misses":4,"hit_rate":0},"storage":{"hits":0,"misses":0,"hit_rate":0},"code":{"hits":0,"misses":0,"hit_rate":0,"hit_bytes":0,"miss_bytes":0}}}
INFO [06-02|04:39:03.943] Imported new potential chain segment     number=10727 hash=147662..b7fd61 blocks=1 txs=0 mgas=0.000 elapsed=7.411ms  mgasps=0.000 triediffs=4.68MiB triedirty=196.52MiB
INFO [06-02|04:39:03.943] Chain head was updated                   number=10727 hash=147662..b7fd61 root=42a71b..d7de42 elapsed="60.34µs"
INFO [06-02|04:39:04.952] Starting work on payload                 id=0x0397ac78336b1a3b
INFO [06-02|04:39:05.020] Updated payload                          id=0x0397ac78336b1a3b number=10728 hash=c1a1e4..26e9c3 txs=0 withdrawals=0 gas=0 fees=0 root=42a71b..d7de42 elapsed=68.229ms
INFO [06-02|04:39:05.020] Stopping work on payload                 id=0x0397ac78336b1a3b reason=delivery
WARN [06-02|04:39:05.034] {"level":"warn","msg":"Slow block","block":{"number":10728,"hash":"0xc1a1e460da88a186b2523461f7b17770910bc1fd5b82e745e9ee60964d26e9c3","gas_used":0,"tx_count":0},"timing":{"execution_ms":0.035193,"state_read_ms":13.452254,"state_hash_ms":0.002039,"commit_ms":0.120805,"total_ms":13.806897},"throughput":{"mgas_per_sec":0},"state_reads":{"accounts":4,"storage_slots":0,"code":0,"code_bytes":0},"state_writes":{"accounts":0,"accounts_deleted":0,"storage_slots":0,"storage_slots_deleted":0,"code":0,"code_bytes":0},"cache":{"account":{"hits":0,"misses":4,"hit_rate":0},"storage":{"hits":0,"misses":0,"hit_rate":0},"code":{"hits":0,"misses":0,"hit_rate":0,"hit_bytes":0,"miss_bytes":0}}}
INFO [06-02|04:39:05.034] Imported new potential chain segment     number=10728 hash=c1a1e4..26e9c3 blocks=1 txs=0 mgas=0.000 elapsed=14.007ms  mgasps=0.000 triediffs=4.68MiB triedirty=196.52MiB
INFO [06-02|04:39:05.035] Chain head was updated                   number=10728 hash=c1a1e4..26e9c3 root=42a71b..d7de42 elapsed="47.286µs"
INFO [06-02|04:39:06.053] Starting work on payload                 id=0x034543ea969a4981
INFO [06-02|04:39:06.107] Updated payload                          id=0x034543ea969a4981 number=10729 hash=a498d5..71a3a2 txs=0 withdrawals=0 gas=0 fees=0 root=42a71b..d7de42 elapsed=53.343ms
INFO [06-02|04:39:06.107] Stopping work on payload                 id=0x034543ea969a4981 reason=delivery
WARN [06-02|04:39:06.110] {"level":"warn","msg":"Slow block","block":{"number":10729,"hash":"0xa498d5ef6acf120b4c3fb34067eb584de3e965b2e5e6c4ea020bb8787571a3a2","gas_used":0,"tx_count":0},"timing":{"execution_ms":0.022206,"state_read_ms":2.48227,"state_hash_ms":0.001283,"commit_ms":0.115891,"total_ms":2.757443},"throughput":{"mgas_per_sec":0},"state_reads":{"accounts":4,"storage_slots":0,"code":0,"code_bytes":0},"state_writes":{"accounts":0,"accounts_deleted":0,"storage_slots":0,"storage_slots_deleted":0,"code":0,"code_bytes":0},"cache":{"account":{"hits":0,"misses":4,"hit_rate":0},"storage":{"hits":0,"misses":0,"hit_rate":0},"code":{"hits":0,"misses":0,"hit_rate":0,"hit_bytes":0,"miss_bytes":0}}}
INFO [06-02|04:39:06.110] Imported new potential chain segment     number=10729 hash=a498d5..71a3a2 blocks=1 txs=0 mgas=0.000 elapsed=2.951ms    mgasps=0.000 triediffs=4.68MiB triedirty=196.52MiB
INFO [06-02|04:39:06.110] Chain head was updated                   number=10729 hash=a498d5..71a3a2 root=42a71b..d7de42 elapsed="32.336µs"
INFO [06-02|04:39:07.052] Submitted contract creation              hash=0xcf32bdf45b6a89d720ca33c2e45c07a6ee13d7611843e75b4d572f2bc94a7f6a from=0xf39Fd6e51aad88F6F4ce6aB8827279cffFb92266 nonce=2929 contract=0x187867371cB1da84469A82398A4192b0e94B6A4d value=0
INFO [06-02|04:39:07.052] Submitted transaction                    hash=0x8e76ec6defca2dad38a577e6307c4fe6f246f803ba3fa51c60711ac26f677648 from=0xf39Fd6e51aad88F6F4ce6aB8827279cffFb92266 nonce=2930 recipient=0x04ab611B02Be6B39FeccF6D7081e22F9bafD612c value=208,000,000
INFO [06-02|04:39:07.139] Starting work on payload                 id=0x03be9534bd3569b2
INFO [06-02|04:39:07.173] Updated payload                          id=0x03be9534bd3569b2 number=10730 hash=ee9fb0..156fc5 txs=2 withdrawals=0 gas=91710 fees=5.5026e-13 root=64930e..0bb362 elapsed=33.606ms
INFO [06-02|04:39:07.177] Stopping work on payload                 id=0x03be9534bd3569b2 reason=delivery
WARN [06-02|04:39:07.211] {"level":"warn","msg":"Slow block","block":{"number":10730,"hash":"0xee9fb0c26d38de5a7880ab9f9b3c2773b1376ea0bbc0f2e0e88a16eca5156fc5","gas_used":91710,"tx_count":2},"timing":{"execution_ms":0.474153,"state_read_ms":11.794724,"state_hash_ms":18.062376,"commit_ms":6.404505,"total_ms":36.979051},"throughput":{"mgas_per_sec":2.480052827748338},"state_reads":{"accounts":11,"storage_slots":0,"code":0,"code_bytes":0},"state_writes":{"accounts":3,"accounts_deleted":0,"storage_slots":0,"storage_slots_deleted":0,"code":1,"code_bytes":305},"cache":{"account":{"hits":4,"misses":7,"hit_rate":36.36363636363637},"storage":{"hits":0,"misses":0,"hit_rate":0},"code":{"hits":0,"misses":0,"hit_rate":0,"hit_bytes":0,"miss_bytes":0}}}
INFO [06-02|04:39:07.211] Imported new potential chain segment     number=10730 hash=ee9fb0..156fc5 blocks=1 txs=2 mgas=0.092 elapsed=37.264ms   mgasps=2.461 triediffs=4.62MiB triedirty=196.55MiB
INFO [06-02|04:39:07.211] Chain head was updated                   number=10730 hash=ee9fb0..156fc5 root=64930e..0bb362 elapsed="158.48µs"
INFO [06-02|04:39:08.065] Submitted transaction                    hash=0xdb509a3421b03c3470d5b4ac8e1fdac789044c57eccf4c4944682c03d755c5f2 from=0x04ab611B02Be6B39FeccF6D7081e22F9bafD612c nonce=0    recipient=0x187867371cB1da84469A82398A4192b0e94B6A4d value=0
INFO [06-02|04:39:08.215] Starting work on payload                 id=0x035ef5d640886f91
INFO [06-02|04:39:08.820] Updated payload                          id=0x035ef5d640886f91 number=10731 hash=80d17e..23a67b txs=1 withdrawals=0 gas=15,912,936 fees=9.5477616e-11 root=a01e45..d9da80 elapsed=605.058ms
INFO [06-02|04:39:08.824] Stopping work on payload                 id=0x035ef5d640886f91 reason=delivery
WARN [06-02|04:39:09.026] {"level":"warn","msg":"Slow block","block":{"number":10731,"hash":"0x80d17ef4fe3b88b36b11b8affeead339a00db940b4c461391a489e2fd123a67b","gas_used":15912936,"tx_count":1},"timing":{"execution_ms":119.839011,"state_read_ms":26.809109,"state_hash_ms":51.298331,"commit_ms":5.209808,"total_ms":203.587705},"throughput":{"mgas_per_sec":78.16255898164381},"state_reads":{"accounts":407,"storage_slots":2282,"code":401,"code_bytes":11505},"state_writes":{"accounts":73,"accounts_deleted":0,"storage_slots":191,"storage_slots_deleted":0,"code":0,"code_bytes":0},"cache":{"account":{"hits":69,"misses":338,"hit_rate":16.953316953316953},"storage":{"hits":775,"misses":1507,"hit_rate":33.96143733567046},"code":{"hits":401,"misses":0,"hit_rate":100,"hit_bytes":11505,"miss_bytes":0}}}
INFO [06-02|04:39:09.026] Imported new potential chain segment     number=10731 hash=80d17e..23a67b blocks=1 txs=1 mgas=15.913 elapsed=203.896ms  mgasps=78.044 triediffs=5.13MiB triedirty=196.55MiB
INFO [06-02|04:39:09.026] Chain head was updated                   number=10731 hash=80d17e..23a67b root=a01e45..d9da80 elapsed="175.853µs"
INFO [06-02|04:39:09.082] Submitted transaction                    hash=0x508038aa344111d49a8514345cc502de8bc817ac5f0339393b92975ae177ec34 from=0x04ab611B02Be6B39FeccF6D7081e22F9bafD612c nonce=1    recipient=0xf39Fd6e51aad88F6F4ce6aB8827279cffFb92266 value=879,832
INFO [06-02|04:39:10.030] Starting work on payload                 id=0x033e3d1c9a012ff4
INFO [06-02|04:39:10.083] Updated payload                          id=0x033e3d1c9a012ff4 number=10732 hash=0a003e..0ef4f6 txs=1 withdrawals=0 gas=21000      fees=2.1e-14       root=37b5db..0c55f4 elapsed=52.571ms
INFO [06-02|04:39:10.083] Stopping work on payload                 id=0x033e3d1c9a012ff4 reason=delivery
WARN [06-02|04:39:10.089] {"level":"warn","msg":"Slow block","block":{"number":10732,"hash":"0x0a003e2a3154cd36804ce8403df668279f6e1eb5b68424a44499e8cd220ef4f6","gas_used":21000,"tx_count":1},"timing":{"execution_ms":0.056001,"state_read_ms":2.69773,"state_hash_ms":2.336655,"commit_ms":0.514007,"total_ms":5.756674},"throughput":{"mgas_per_sec":3.6479397652185965},"state_reads":{"accounts":6,"storage_slots":0,"code":0,"code_bytes":0},"state_writes":{"accounts":2,"accounts_deleted":0,"storage_slots":0,"storage_slots_deleted":0,"code":0,"code_bytes":0},"cache":{"account":{"hits":2,"misses":4,"hit_rate":33.33333333333333},"storage":{"hits":0,"misses":0,"hit_rate":0},"code":{"hits":0,"misses":0,"hit_rate":0,"hit_bytes":0,"miss_bytes":0}}}
INFO [06-02|04:39:10.089] Imported new potential chain segment     number=10732 hash=0a003e..0ef4f6 blocks=1 txs=1 mgas=0.021  elapsed=5.898ms     mgasps=3.560  triediffs=5.12MiB triedirty=196.55MiB
INFO [06-02|04:39:10.089] Chain head was updated                   number=10732 hash=0a003e..0ef4f6 root=37b5db..0c55f4 elapsed="107.372µs"
INFO [06-02|04:39:11.132] Starting work on payload                 id=0x038701af008859ab
INFO [06-02|04:39:11.135] Updated payload                          id=0x038701af008859ab number=10733 hash=1d0360..5b4ad1 txs=0 withdrawals=0 gas=0          fees=0             root=37b5db..0c55f4 elapsed=3.034ms
INFO [06-02|04:39:11.136] Stopping work on payload                 id=0x038701af008859ab reason=delivery
WARN [06-02|04:39:11.141] {"level":"warn","msg":"Slow block","block":{"number":10733,"hash":"0x1d036078f0af3043ad078d13dc8818068d3b695505f0e793367afba1275b4ad1","gas_used":0,"tx_count":0},"timing":{"execution_ms":0.020708,"state_read_ms":4.857613,"state_hash_ms":0.001539,"commit_ms":0.113768,"total_ms":5.131067},"throughput":{"mgas_per_sec":0},"state_reads":{"accounts":4,"storage_slots":0,"code":0,"code_bytes":0},"state_writes":{"accounts":0,"accounts_deleted":0,"storage_slots":0,"storage_slots_deleted":0,"code":0,"code_bytes":0},"cache":{"account":{"hits":0,"misses":4,"hit_rate":0},"storage":{"hits":0,"misses":0,"hit_rate":0},"code":{"hits":0,"misses":0,"hit_rate":0,"hit_bytes":0,"miss_bytes":0}}}
INFO [06-02|04:39:11.141] Imported new potential chain segment     number=10733 hash=1d0360..5b4ad1 blocks=1 txs=0 mgas=0.000  elapsed=5.245ms     mgasps=0.000  triediffs=5.12MiB triedirty=196.55MiB
INFO [06-02|04:39:11.141] Chain head was updated                   number=10733 hash=1d0360..5b4ad1 root=37b5db..0c55f4 elapsed="39.473µs"
