WARN [06-02|04:12:31.948] Unknown config environment variable      envvar=GETH_PBT_BIN
WARN [06-02|04:12:31.948] Unknown config environment variable      envvar=GETH_UBT_BIN
INFO [06-02|04:12:31.960] Starting Geth on Ethereum mainnet...
INFO [06-02|04:12:31.962] Maximum peer count                       ETH=0 total=0
INFO [06-02|04:12:31.963] Smartcard socket not found, disabling    err="stat /run/pcscd/pcscd.comm: no such file or directory"
WARN [06-02|04:12:31.966] Option --miner.etherbase is deprecated as the etherbase is set by the consensus client post-merge
INFO [06-02|04:12:31.969] Set global gas cap                       cap=50,000,000
INFO [06-02|04:12:32.775] Using developer account                  address=0xf39Fd6e51aad88F6F4ce6aB8827279cffFb92266
INFO [06-02|04:12:32.816] Using pebble as the backing database
INFO [06-02|04:12:32.816] Allocated cache and file handles         database=/mnt/state_expiry_vol_data/ubt-vs-pbt-dbs/ubt/geth/chaindata cache=2.00GiB handles=262,144
INFO [06-02|04:12:33.074] Opened ancient database                  database=/mnt/state_expiry_vol_data/ubt-vs-pbt-dbs/ubt/geth/chaindata/ancient/chain readonly=true
INFO [06-02|04:12:33.075] Opened Era store                         datadir=/mnt/state_expiry_vol_data/ubt-vs-pbt-dbs/ubt/geth/chaindata/ancient/chain/era
INFO [06-02|04:12:33.081] Initializing the KZG library             backend=gokzg
INFO [06-02|04:12:33.083] Allocated trie memory caches             clean=614.00MiB dirty=1.00GiB
INFO [06-02|04:12:33.093] Using pebble as the backing database
INFO [06-02|04:12:33.093] Allocated cache and file handles         database=/mnt/state_expiry_vol_data/ubt-vs-pbt-dbs/ubt/geth/chaindata cache=2.00GiB handles=262,144
INFO [06-02|04:12:33.322] Opened ancient database                  database=/mnt/state_expiry_vol_data/ubt-vs-pbt-dbs/ubt/geth/chaindata/ancient/chain readonly=false
INFO [06-02|04:12:33.322] Opened Era store                         datadir=/mnt/state_expiry_vol_data/ubt-vs-pbt-dbs/ubt/geth/chaindata/ancient/chain/era
INFO [06-02|04:12:33.332] State scheme set to already existing     scheme=path
INFO [06-02|04:12:33.332] Initialising Ethereum protocol           network=1337 dbversion=9
WARN [06-02|04:12:33.332] Sanitizing invalid node buffer size      provided=1.00GiB updated=256.00MiB
INFO [06-02|04:12:33.334] Load database journal from file          path=/mnt/state_expiry_vol_data/ubt-vs-pbt-dbs/ubt/geth/triedb/verkle.journal
INFO [06-02|04:12:35.558] Opened ancient database                  database=/mnt/state_expiry_vol_data/ubt-vs-pbt-dbs/ubt/geth/chaindata/ancient/state_verkle readonly=false
INFO [06-02|04:12:35.558] State snapshot generator is not compatible
INFO [06-02|04:12:35.558] Initialized path database                triecache=614.00MiB statecache=409.00MiB buffer=256.00MiB state-history="last 90000 blocks" journal-dir=/mnt/state_expiry_vol_data/ubt-vs-pbt-dbs/ubt/geth/triedb verkle=true
INFO [06-02|04:12:35.559] 
INFO [06-02|04:12:35.559] ---------------------------------------------------------------------------------------------------------------------------------------------------------
INFO [06-02|04:12:35.559] Chain ID:  1337 (unknown)
INFO [06-02|04:12:35.559] Consensus: unknown
INFO [06-02|04:12:35.559] 
INFO [06-02|04:12:35.559] Pre-Merge hard forks (block based):
INFO [06-02|04:12:35.559]  - Homestead:                   #0       
INFO [06-02|04:12:35.559]  - Tangerine Whistle (EIP 150): #0       
INFO [06-02|04:12:35.559]  - Spurious Dragon/1 (EIP 155): #0       
INFO [06-02|04:12:35.559]  - Spurious Dragon/2 (EIP 158): #0       
INFO [06-02|04:12:35.559]  - Byzantium:                   #0       
INFO [06-02|04:12:35.559]  - Constantinople:              #0       
INFO [06-02|04:12:35.559]  - Petersburg:                  #0       
INFO [06-02|04:12:35.559]  - Istanbul:                    #0       
INFO [06-02|04:12:35.559]  - Berlin:                      #0       
INFO [06-02|04:12:35.559]  - London:                      #0       
INFO [06-02|04:12:35.559]  - Arrow Glacier:               #0       
INFO [06-02|04:12:35.559]  - Gray Glacier:                #0       
INFO [06-02|04:12:35.559] 
INFO [06-02|04:12:35.559] Merge configured:
INFO [06-02|04:12:35.559]  - Total terminal difficulty:  0
INFO [06-02|04:12:35.559]  - Merge netsplit block:       #0       
INFO [06-02|04:12:35.559] 
INFO [06-02|04:12:35.559] Post-Merge hard forks (timestamp based):
INFO [06-02|04:12:35.559]  - Shanghai:                    @0         
INFO [06-02|04:12:35.559]  - Cancun:                      @0          blob: (target: 3, max: 6, fraction: 3338477)
INFO [06-02|04:12:35.559]  - Prague:                      @0          blob: (target: 6, max: 9, fraction: 5007716)
INFO [06-02|04:12:35.559]  - Osaka:                       @0          blob: (target: 6, max: 9, fraction: 5007716)
INFO [06-02|04:12:35.559]  - UBT:                         @0          blob: (nil)
INFO [06-02|04:12:35.559] 
INFO [06-02|04:12:35.559] All fork specifications can be found at https://ethereum.github.io/execution-specs/src/ethereum/forks/
INFO [06-02|04:12:35.559] 
INFO [06-02|04:12:35.559] ---------------------------------------------------------------------------------------------------------------------------------------------------------
INFO [06-02|04:12:35.559] 
INFO [06-02|04:12:35.561] Loaded most recent local block           number=10029 hash=40ffaa..348e96 age=8s
INFO [06-02|04:12:35.561] Loaded most recent local finalized block number=10016 hash=9c888e..128be7 age=32s
INFO [06-02|04:12:35.562] Initialized transaction indexer          range="last 2350000 blocks"
INFO [06-02|04:12:35.562] Initialized log indexer                  firstblock=0 lastblock=10029 firstmap=0 lastmap=0 headindexed=true
INFO [06-02|04:12:35.576] Enabled full-sync                        head=10029 hash=40ffaa..348e96
INFO [06-02|04:12:35.576] Unprotected transactions allowed
INFO [06-02|04:12:35.576] Gasprice oracle is ignoring threshold set threshold=2
INFO [06-02|04:12:35.577] Registered sync override service
WARN [06-02|04:12:35.577] You are running Geth in --dev mode. Please note the following:
WARN [06-02|04:12:35.577] 
WARN [06-02|04:12:35.577]   1. This mode is only intended for fast, iterative development without assumptions on
WARN [06-02|04:12:35.577]      security or persistence.
WARN [06-02|04:12:35.577]   2. The database is created in memory unless specified otherwise. Therefore, shutting down
WARN [06-02|04:12:35.577]      your computer or losing power will wipe your entire block data and chain state for
WARN [06-02|04:12:35.577]      your dev environment.
WARN [06-02|04:12:35.577]   3. A random, pre-allocated developer account will be available and unlocked as
WARN [06-02|04:12:35.577]      eth.coinbase, which can be used for testing. The random dev account is temporary,
WARN [06-02|04:12:35.577]      stored on a ramdisk, and will be lost if your machine is restarted.
WARN [06-02|04:12:35.577]   4. Mining is enabled by default. However, the client will only seal blocks if transactions
WARN [06-02|04:12:35.577]      are pending in the mempool. The miner's minimum accepted gas price is 1.
WARN [06-02|04:12:35.577]   5. Networking is disabled; there is no listen-address, the maximum number of peers is set
WARN [06-02|04:12:35.577]      to 0, and discovery is disabled.
WARN [06-02|04:12:35.577] 
INFO [06-02|04:12:35.577] Starting peer-to-peer node               instance=Geth/v1.17.3-unstable/linux-amd64/go1.24.9
WARN [06-02|04:12:35.577] P2P server will be useless, neither dialing nor listening
INFO [06-02|04:12:35.593] New local node record                    seq=1,780,289,665,446 id=c084d8867e8cc127 ip=127.0.0.1 udp=0 tcp=0
INFO [06-02|04:12:35.593] Started P2P networking                   self=enode://ed0ccbffbfc0dc9f1b0f8e55d585ad3e61215b1974f32d9388e7ae53563e3ebe0172c21d754fa202c3a63f95bef3ff3ea24339ffdabd0115c47ec5b8d33136a9@127.0.0.1:0
INFO [06-02|04:12:35.594] IPC endpoint opened                      url=/mnt/state_expiry_vol_data/ubt-vs-pbt-dbs/ubt/geth.ipc
ERROR[06-02|04:12:35.594] Unavailable modules in HTTP API list     unavailable=[personal] available="[admin debug web3 eth txpool miner net dev testing]"
INFO [06-02|04:12:35.594] HTTP server started                      endpoint=127.0.0.1:8545 auth=false prefix= cors= vhosts=localhost
INFO [06-02|04:12:35.594] WebSocket enabled                        url=ws://127.0.0.1:8546
INFO [06-02|04:12:36.432] Loaded local transaction journal         transactions=7848 dropped=0
INFO [06-02|04:12:36.771] Started log indexer
INFO [06-02|04:12:36.802] Starting work on payload                 id=0x03834e0c9cebb84b
INFO [06-02|04:12:36.809] Updated payload                          id=0x03834e0c9cebb84b number=10030 hash=d57867..bd6906 txs=0 withdrawals=0 gas=0 fees=0 root=c73bfa..1d8522 elapsed=7.020ms
INFO [06-02|04:12:36.811] Stopping work on payload                 id=0x03834e0c9cebb84b reason=delivery
WARN [06-02|04:12:36.830] {"level":"warn","msg":"Slow block","block":{"number":10030,"hash":"0xd57867d10f6d657cdfb60944af3ee5154a512ca0719144197376465afbbd6906","gas_used":0,"tx_count":0},"timing":{"execution_ms":0.057857,"state_read_ms":18.875745,"state_hash_ms":0.003176,"commit_ms":0.26033,"total_ms":19.433207},"throughput":{"mgas_per_sec":0},"state_reads":{"accounts":4,"storage_slots":0,"code":0,"code_bytes":0},"state_writes":{"accounts":0,"accounts_deleted":0,"storage_slots":0,"storage_slots_deleted":0,"code":0,"code_bytes":0},"cache":{"account":{"hits":0,"misses":4,"hit_rate":0},"storage":{"hits":0,"misses":0,"hit_rate":0},"code":{"hits":0,"misses":0,"hit_rate":0,"hit_bytes":0,"miss_bytes":0}}}
INFO [06-02|04:12:36.830] Imported new potential chain segment     number=10030 hash=d57867..bd6906 blocks=1 txs=0 mgas=0.000 elapsed=19.953ms mgasps=0.000 triediffs=33.71MiB triedirty=172.76MiB
INFO [06-02|04:12:36.830] Chain head was updated                   number=10030 hash=d57867..bd6906 root=c73bfa..1d8522 elapsed="83.67µs"
INFO [06-02|04:12:37.849] Starting work on payload                 id=0x0310d253c6c7f9ca
INFO [06-02|04:12:37.850] Updated payload                          id=0x0310d253c6c7f9ca number=10031 hash=f7ea72..0da0df txs=0 withdrawals=0 gas=0 fees=0 root=c73bfa..1d8522 elapsed=1.127ms
INFO [06-02|04:12:37.850] Stopping work on payload                 id=0x0310d253c6c7f9ca reason=delivery
WARN [06-02|04:12:37.857] {"level":"warn","msg":"Slow block","block":{"number":10031,"hash":"0xf7ea728c551ac0c58c6b7d80af5f0f21b3745f3a0029d0848469e6d70a0da0df","gas_used":0,"tx_count":0},"timing":{"execution_ms":0.041119,"state_read_ms":6.211607,"state_hash_ms":0.001384,"commit_ms":0.136453,"total_ms":6.613653},"throughput":{"mgas_per_sec":0},"state_reads":{"accounts":4,"storage_slots":0,"code":0,"code_bytes":0},"state_writes":{"accounts":0,"accounts_deleted":0,"storage_slots":0,"storage_slots_deleted":0,"code":0,"code_bytes":0},"cache":{"account":{"hits":0,"misses":4,"hit_rate":0},"storage":{"hits":0,"misses":0,"hit_rate":0},"code":{"hits":0,"misses":0,"hit_rate":0,"hit_bytes":0,"miss_bytes":0}}}
INFO [06-02|04:12:37.857] Imported new potential chain segment     number=10031 hash=f7ea72..0da0df blocks=1 txs=0 mgas=0.000 elapsed=6.837ms   mgasps=0.000 triediffs=33.71MiB triedirty=172.76MiB
INFO [06-02|04:12:37.858] Chain head was updated                   number=10031 hash=f7ea72..0da0df root=c73bfa..1d8522 elapsed="44.465µs"
INFO [06-02|04:12:38.863] Starting work on payload                 id=0x03e78a9b0993428c
INFO [06-02|04:12:38.929] Updated payload                          id=0x03e78a9b0993428c number=10032 hash=21575e..52a8dd txs=0 withdrawals=0 gas=0 fees=0 root=c73bfa..1d8522 elapsed=65.238ms
INFO [06-02|04:12:38.929] Stopping work on payload                 id=0x03e78a9b0993428c reason=delivery
WARN [06-02|04:12:38.932] {"level":"warn","msg":"Slow block","block":{"number":10032,"hash":"0x21575e18122677f3d167f8448f39fca7939d891f3905674580af7b34c552a8dd","gas_used":0,"tx_count":0},"timing":{"execution_ms":0.029413,"state_read_ms":2.552868,"state_hash_ms":0.001769,"commit_ms":0.140531,"total_ms":2.895636},"throughput":{"mgas_per_sec":0},"state_reads":{"accounts":4,"storage_slots":0,"code":0,"code_bytes":0},"state_writes":{"accounts":0,"accounts_deleted":0,"storage_slots":0,"storage_slots_deleted":0,"code":0,"code_bytes":0},"cache":{"account":{"hits":0,"misses":4,"hit_rate":0},"storage":{"hits":0,"misses":0,"hit_rate":0},"code":{"hits":0,"misses":0,"hit_rate":0,"hit_bytes":0,"miss_bytes":0}}}
INFO [06-02|04:12:38.932] Imported new potential chain segment     number=10032 hash=21575e..52a8dd blocks=1 txs=0 mgas=0.000 elapsed=3.060ms    mgasps=0.000 triediffs=33.71MiB triedirty=172.76MiB
INFO [06-02|04:12:38.932] Chain head was updated                   number=10032 hash=21575e..52a8dd root=c73bfa..1d8522 elapsed="38.692µs"
INFO [06-02|04:12:39.959] Starting work on payload                 id=0x03403d1ea29d8054
INFO [06-02|04:12:39.971] Updated payload                          id=0x03403d1ea29d8054 number=10033 hash=3bd6bb..ca31b6 txs=0 withdrawals=0 gas=0 fees=0 root=c73bfa..1d8522 elapsed=11.134ms
INFO [06-02|04:12:39.974] Stopping work on payload                 id=0x03403d1ea29d8054 reason=delivery
WARN [06-02|04:12:39.995] {"level":"warn","msg":"Slow block","block":{"number":10033,"hash":"0x3bd6bb9ec44ad80dd6f9f445f2b25c535f3b90b01318bc9bf536ef07f3ca31b6","gas_used":0,"tx_count":0},"timing":{"execution_ms":0.046724,"state_read_ms":23.004515,"state_hash_ms":0.002456,"commit_ms":0.352641,"total_ms":24.224698},"throughput":{"mgas_per_sec":0},"state_reads":{"accounts":4,"storage_slots":0,"code":0,"code_bytes":0},"state_writes":{"accounts":0,"accounts_deleted":0,"storage_slots":0,"storage_slots_deleted":0,"code":0,"code_bytes":0},"cache":{"account":{"hits":0,"misses":4,"hit_rate":0},"storage":{"hits":0,"misses":0,"hit_rate":0},"code":{"hits":0,"misses":0,"hit_rate":0,"hit_bytes":0,"miss_bytes":0}}}
INFO [06-02|04:12:39.995] Imported new potential chain segment     number=10033 hash=3bd6bb..ca31b6 blocks=1 txs=0 mgas=0.000 elapsed=24.477ms   mgasps=0.000 triediffs=33.71MiB triedirty=172.76MiB
INFO [06-02|04:12:39.995] Chain head was updated                   number=10033 hash=3bd6bb..ca31b6 root=c73bfa..1d8522 elapsed="45.143µs"
INFO [06-02|04:12:40.238] Submitted contract creation              hash=0xb162ba726ba128729e6e2c304bb4b4ee67b4b92045365160255b41836142c06f from=0xf39Fd6e51aad88F6F4ce6aB8827279cffFb92266 nonce=2739 contract=0xA96aA8D425260B5514300a0b640313b4F727B0CE value=0
INFO [06-02|04:12:40.238] Submitted transaction                    hash=0x0995606ce46f11fe9feee17a1ee05e7fa68d0868e10fecb4d2f57042b395e692 from=0xf39Fd6e51aad88F6F4ce6aB8827279cffFb92266 nonce=2740 recipient=0xf0D159C4B5F762fCCdc330D050b56883d6DAF592 value=208,000,000
INFO [06-02|04:12:41.000] Starting work on payload                 id=0x030f4445b3307649
INFO [06-02|04:12:41.061] Updated payload                          id=0x030f4445b3307649 number=10034 hash=a13186..c9574a txs=2 withdrawals=0 gas=86938 fees=5.21628e-13 root=4dc153..95be14 elapsed=61.672ms
INFO [06-02|04:12:41.065] Stopping work on payload                 id=0x030f4445b3307649 reason=delivery
WARN [06-02|04:12:41.076] {"level":"warn","msg":"Slow block","block":{"number":10034,"hash":"0xa13186a42996a61aab96af58a4285aef446ff4ecefbd5613a6c7c7a1e8c9574a","gas_used":86938,"tx_count":2},"timing":{"execution_ms":0.259619,"state_read_ms":2.792758,"state_hash_ms":6.521399,"commit_ms":4.680419,"total_ms":14.465073},"throughput":{"mgas_per_sec":6.0102012620330365},"state_reads":{"accounts":11,"storage_slots":0,"code":0,"code_bytes":0},"state_writes":{"accounts":3,"accounts_deleted":0,"storage_slots":0,"storage_slots_deleted":0,"code":1,"code_bytes":165},"cache":{"account":{"hits":4,"misses":7,"hit_rate":36.36363636363637},"storage":{"hits":0,"misses":0,"hit_rate":0},"code":{"hits":0,"misses":0,"hit_rate":0,"hit_bytes":0,"miss_bytes":0}}}
INFO [06-02|04:12:41.076] Imported new potential chain segment     number=10034 hash=a13186..c9574a blocks=1 txs=2 mgas=0.087 elapsed=14.645ms   mgasps=5.936 triediffs=33.51MiB triedirty=172.84MiB
INFO [06-02|04:12:41.077] Chain head was updated                   number=10034 hash=a13186..c9574a root=4dc153..95be14 elapsed="136µs"
INFO [06-02|04:12:41.264] Submitted transaction                    hash=0x5e172294c0dbc6c21065dad8703e034599a4fb1ee13ded8f78cbe0aaefe073ca from=0xf0D159C4B5F762fCCdc330D050b56883d6DAF592 nonce=0    recipient=0xA96aA8D425260B5514300a0b640313b4F727B0CE value=0
INFO [06-02|04:12:42.082] Starting work on payload                 id=0x03605a8f871f90b2
INFO [06-02|04:12:43.193] Updated payload                          id=0x03605a8f871f90b2 number=10035 hash=9be7c5..eed3bb txs=1 withdrawals=0 gas=15,913,190 fees=9.547914e-11 root=e546c9..01efd3 elapsed=1.110s
INFO [06-02|04:12:43.193] Stopping work on payload                 id=0x03605a8f871f90b2 reason=delivery
WARN [06-02|04:12:43.356] {"level":"warn","msg":"Slow block","block":{"number":10035,"hash":"0x9be7c52b6b575e0c141fee4454a802d58d66c3db8683a5dbec54ba41a9eed3bb","gas_used":15913190,"tx_count":1},"timing":{"execution_ms":14.717827,"state_read_ms":26.891228,"state_hash_ms":98.970214,"commit_ms":18.730761,"total_ms":161.966009},"throughput":{"mgas_per_sec":98.25018285163772},"state_reads":{"accounts":337,"storage_slots":630,"code":331,"code_bytes":9405},"state_writes":{"accounts":331,"accounts_deleted":0,"storage_slots":628,"storage_slots_deleted":0,"code":0,"code_bytes":0},"cache":{"account":{"hits":189,"misses":148,"hit_rate":56.083086053412465},"storage":{"hits":350,"misses":280,"hit_rate":55.55555555555556},"code":{"hits":331,"misses":0,"hit_rate":100,"hit_bytes":9405,"miss_bytes":0}}}
INFO [06-02|04:12:43.356] Imported new potential chain segment     number=10035 hash=9be7c5..eed3bb blocks=1 txs=1 mgas=15.913 elapsed=162.341ms  mgasps=98.023 triediffs=35.54MiB triedirty=172.84MiB
INFO [06-02|04:12:43.356] Chain head was updated                   number=10035 hash=9be7c5..eed3bb root=e546c9..01efd3 elapsed="169.033µs"
INFO [06-02|04:12:44.297] Submitted transaction                    hash=0x1c81e2b118b7a4fc896ae721a2f4cedf2304c26467eb73638970067729ef804e from=0xf0D159C4B5F762fCCdc330D050b56883d6DAF592 nonce=1    recipient=0xf39Fd6e51aad88F6F4ce6aB8827279cffFb92266 value=876,530
INFO [06-02|04:12:44.360] Starting work on payload                 id=0x031b180fe4772146
INFO [06-02|04:12:44.399] Updated payload                          id=0x031b180fe4772146 number=10036 hash=d7f4a2..ca7884 txs=1 withdrawals=0 gas=21000      fees=2.1e-14      root=6dec2a..fa7ace elapsed=39.731ms
INFO [06-02|04:12:44.400] Stopping work on payload                 id=0x031b180fe4772146 reason=delivery
WARN [06-02|04:12:44.410] {"level":"warn","msg":"Slow block","block":{"number":10036,"hash":"0xd7f4a2b3a996da151744dd289b31349eee3c17f41e17856dcd2f305695ca7884","gas_used":21000,"tx_count":1},"timing":{"execution_ms":0.048794,"state_read_ms":6.781889,"state_hash_ms":2.761131,"commit_ms":0.7616,"total_ms":10.503426},"throughput":{"mgas_per_sec":1.9993476414267117},"state_reads":{"accounts":6,"storage_slots":0,"code":0,"code_bytes":0},"state_writes":{"accounts":2,"accounts_deleted":0,"storage_slots":0,"storage_slots_deleted":0,"code":0,"code_bytes":0},"cache":{"account":{"hits":2,"misses":4,"hit_rate":33.33333333333333},"storage":{"hits":0,"misses":0,"hit_rate":0},"code":{"hits":0,"misses":0,"hit_rate":0,"hit_bytes":0,"miss_bytes":0}}}
INFO [06-02|04:12:44.410] Imported new potential chain segment     number=10036 hash=d7f4a2..ca7884 blocks=1 txs=1 mgas=0.021  elapsed=10.674ms    mgasps=1.967  triediffs=35.53MiB triedirty=172.84MiB
INFO [06-02|04:12:44.411] Chain head was updated                   number=10036 hash=d7f4a2..ca7884 root=6dec2a..fa7ace elapsed="88.671µs"
INFO [06-02|04:12:45.415] Starting work on payload                 id=0x039656ec8646befd
INFO [06-02|04:12:45.418] Updated payload                          id=0x039656ec8646befd number=10037 hash=3effa7..ef2b06 txs=0 withdrawals=0 gas=0          fees=0            root=6dec2a..fa7ace elapsed=3.241ms
INFO [06-02|04:12:45.419] Stopping work on payload                 id=0x039656ec8646befd reason=delivery
WARN [06-02|04:12:45.422] {"level":"warn","msg":"Slow block","block":{"number":10037,"hash":"0x3effa7bea9d6c39f38128d0c7cd1d450c3fd089e031628ee87082df420ef2b06","gas_used":0,"tx_count":0},"timing":{"execution_ms":0.031998,"state_read_ms":2.842525,"state_hash_ms":0.001781,"commit_ms":0.170805,"total_ms":3.259984},"throughput":{"mgas_per_sec":0},"state_reads":{"accounts":4,"storage_slots":0,"code":0,"code_bytes":0},"state_writes":{"accounts":0,"accounts_deleted":0,"storage_slots":0,"storage_slots_deleted":0,"code":0,"code_bytes":0},"cache":{"account":{"hits":0,"misses":4,"hit_rate":0},"storage":{"hits":0,"misses":0,"hit_rate":0},"code":{"hits":0,"misses":0,"hit_rate":0,"hit_bytes":0,"miss_bytes":0}}}
INFO [06-02|04:12:45.422] Imported new potential chain segment     number=10037 hash=3effa7..ef2b06 blocks=1 txs=0 mgas=0.000  elapsed=3.472ms     mgasps=0.000  triediffs=35.53MiB triedirty=172.84MiB
INFO [06-02|04:12:45.422] Chain head was updated                   number=10037 hash=3effa7..ef2b06 root=6dec2a..fa7ace elapsed="81.291µs"
