WARN [06-02|04:33:53.665] Unknown config environment variable      envvar=GETH_PBT_BIN
WARN [06-02|04:33:53.665] Unknown config environment variable      envvar=GETH_UBT_BIN
INFO [06-02|04:33:53.677] Starting Geth on Ethereum mainnet...
INFO [06-02|04:33:53.679] Maximum peer count                       ETH=0 total=0
INFO [06-02|04:33:53.680] Smartcard socket not found, disabling    err="stat /run/pcscd/pcscd.comm: no such file or directory"
WARN [06-02|04:33:53.682] Option --miner.etherbase is deprecated as the etherbase is set by the consensus client post-merge
INFO [06-02|04:33:53.685] Set global gas cap                       cap=50,000,000
INFO [06-02|04:33:54.511] Using developer account                  address=0xf39Fd6e51aad88F6F4ce6aB8827279cffFb92266
INFO [06-02|04:33:54.557] Using pebble as the backing database
INFO [06-02|04:33:54.557] Allocated cache and file handles         database=/mnt/state_expiry_vol_data/ubt-vs-pbt-dbs/ubt/geth/chaindata cache=2.00GiB handles=262,144
INFO [06-02|04:33:54.801] Opened ancient database                  database=/mnt/state_expiry_vol_data/ubt-vs-pbt-dbs/ubt/geth/chaindata/ancient/chain readonly=true
INFO [06-02|04:33:54.802] Opened Era store                         datadir=/mnt/state_expiry_vol_data/ubt-vs-pbt-dbs/ubt/geth/chaindata/ancient/chain/era
INFO [06-02|04:33:54.809] Initializing the KZG library             backend=gokzg
INFO [06-02|04:33:54.811] Allocated trie memory caches             clean=614.00MiB dirty=1.00GiB
INFO [06-02|04:33:54.819] Using pebble as the backing database
INFO [06-02|04:33:54.819] Allocated cache and file handles         database=/mnt/state_expiry_vol_data/ubt-vs-pbt-dbs/ubt/geth/chaindata cache=2.00GiB handles=262,144
INFO [06-02|04:33:55.044] Opened ancient database                  database=/mnt/state_expiry_vol_data/ubt-vs-pbt-dbs/ubt/geth/chaindata/ancient/chain readonly=false
INFO [06-02|04:33:55.044] Opened Era store                         datadir=/mnt/state_expiry_vol_data/ubt-vs-pbt-dbs/ubt/geth/chaindata/ancient/chain/era
INFO [06-02|04:33:55.055] State scheme set to already existing     scheme=path
INFO [06-02|04:33:55.056] Initialising Ethereum protocol           network=1337 dbversion=9
WARN [06-02|04:33:55.056] Sanitizing invalid node buffer size      provided=1.00GiB updated=256.00MiB
INFO [06-02|04:33:55.057] Load database journal from file          path=/mnt/state_expiry_vol_data/ubt-vs-pbt-dbs/ubt/geth/triedb/verkle.journal
INFO [06-02|04:33:57.350] Opened ancient database                  database=/mnt/state_expiry_vol_data/ubt-vs-pbt-dbs/ubt/geth/chaindata/ancient/state_verkle readonly=false
INFO [06-02|04:33:57.350] State snapshot generator is not compatible
INFO [06-02|04:33:57.350] Initialized path database                triecache=614.00MiB statecache=409.00MiB buffer=256.00MiB state-history="last 90000 blocks" journal-dir=/mnt/state_expiry_vol_data/ubt-vs-pbt-dbs/ubt/geth/triedb verkle=true
INFO [06-02|04:33:57.350] 
INFO [06-02|04:33:57.350] ---------------------------------------------------------------------------------------------------------------------------------------------------------
INFO [06-02|04:33:57.350] Chain ID:  1337 (unknown)
INFO [06-02|04:33:57.350] Consensus: unknown
INFO [06-02|04:33:57.350] 
INFO [06-02|04:33:57.350] Pre-Merge hard forks (block based):
INFO [06-02|04:33:57.350]  - Homestead:                   #0       
INFO [06-02|04:33:57.350]  - Tangerine Whistle (EIP 150): #0       
INFO [06-02|04:33:57.350]  - Spurious Dragon/1 (EIP 155): #0       
INFO [06-02|04:33:57.350]  - Spurious Dragon/2 (EIP 158): #0       
INFO [06-02|04:33:57.350]  - Byzantium:                   #0       
INFO [06-02|04:33:57.350]  - Constantinople:              #0       
INFO [06-02|04:33:57.350]  - Petersburg:                  #0       
INFO [06-02|04:33:57.350]  - Istanbul:                    #0       
INFO [06-02|04:33:57.350]  - Berlin:                      #0       
INFO [06-02|04:33:57.350]  - London:                      #0       
INFO [06-02|04:33:57.350]  - Arrow Glacier:               #0       
INFO [06-02|04:33:57.350]  - Gray Glacier:                #0       
INFO [06-02|04:33:57.350] 
INFO [06-02|04:33:57.350] Merge configured:
INFO [06-02|04:33:57.350]  - Total terminal difficulty:  0
INFO [06-02|04:33:57.350]  - Merge netsplit block:       #0       
INFO [06-02|04:33:57.350] 
INFO [06-02|04:33:57.351] Post-Merge hard forks (timestamp based):
INFO [06-02|04:33:57.351]  - Shanghai:                    @0         
INFO [06-02|04:33:57.351]  - Cancun:                      @0          blob: (target: 3, max: 6, fraction: 3338477)
INFO [06-02|04:33:57.351]  - Prague:                      @0          blob: (target: 6, max: 9, fraction: 5007716)
INFO [06-02|04:33:57.351]  - Osaka:                       @0          blob: (target: 6, max: 9, fraction: 5007716)
INFO [06-02|04:33:57.351]  - UBT:                         @0          blob: (nil)
INFO [06-02|04:33:57.351] 
INFO [06-02|04:33:57.351] All fork specifications can be found at https://ethereum.github.io/execution-specs/src/ethereum/forks/
INFO [06-02|04:33:57.351] 
INFO [06-02|04:33:57.351] ---------------------------------------------------------------------------------------------------------------------------------------------------------
INFO [06-02|04:33:57.351] 
INFO [06-02|04:33:57.352] Loaded most recent local block           number=10591 hash=16ff47..06aa66 age=8s
INFO [06-02|04:33:57.352] Loaded most recent local finalized block number=10560 hash=aba138..cc16f2 age=1m15s
INFO [06-02|04:33:57.353] Initialized transaction indexer          range="last 2350000 blocks"
INFO [06-02|04:33:57.353] Initialized log indexer                  firstblock=0 lastblock=10591 firstmap=0 lastmap=0 headindexed=true
INFO [06-02|04:33:57.374] Enabled full-sync                        head=10591 hash=16ff47..06aa66
INFO [06-02|04:33:57.374] Unprotected transactions allowed
INFO [06-02|04:33:57.374] Gasprice oracle is ignoring threshold set threshold=2
INFO [06-02|04:33:57.375] Registered sync override service
WARN [06-02|04:33:57.375] You are running Geth in --dev mode. Please note the following:
WARN [06-02|04:33:57.375] 
WARN [06-02|04:33:57.375]   1. This mode is only intended for fast, iterative development without assumptions on
WARN [06-02|04:33:57.375]      security or persistence.
WARN [06-02|04:33:57.375]   2. The database is created in memory unless specified otherwise. Therefore, shutting down
WARN [06-02|04:33:57.375]      your computer or losing power will wipe your entire block data and chain state for
WARN [06-02|04:33:57.375]      your dev environment.
WARN [06-02|04:33:57.375]   3. A random, pre-allocated developer account will be available and unlocked as
WARN [06-02|04:33:57.375]      eth.coinbase, which can be used for testing. The random dev account is temporary,
WARN [06-02|04:33:57.375]      stored on a ramdisk, and will be lost if your machine is restarted.
WARN [06-02|04:33:57.375]   4. Mining is enabled by default. However, the client will only seal blocks if transactions
WARN [06-02|04:33:57.375]      are pending in the mempool. The miner's minimum accepted gas price is 1.
WARN [06-02|04:33:57.375]   5. Networking is disabled; there is no listen-address, the maximum number of peers is set
WARN [06-02|04:33:57.375]      to 0, and discovery is disabled.
WARN [06-02|04:33:57.375] 
INFO [06-02|04:33:57.375] Starting peer-to-peer node               instance=Geth/v1.17.3-unstable/linux-amd64/go1.24.9
WARN [06-02|04:33:57.375] P2P server will be useless, neither dialing nor listening
INFO [06-02|04:33:57.396] IPC endpoint opened                      url=/mnt/state_expiry_vol_data/ubt-vs-pbt-dbs/ubt/geth.ipc
ERROR[06-02|04:33:57.396] Unavailable modules in HTTP API list     unavailable=[personal] available="[admin debug web3 eth txpool miner net dev testing]"
INFO [06-02|04:33:57.398] HTTP server started                      endpoint=127.0.0.1:8545 auth=false prefix= cors= vhosts=localhost
INFO [06-02|04:33:57.398] WebSocket enabled                        url=ws://127.0.0.1:8546
INFO [06-02|04:33:57.398] New local node record                    seq=1,780,289,665,522 id=c084d8867e8cc127 ip=127.0.0.1 udp=0 tcp=0
INFO [06-02|04:33:57.398] Started P2P networking                   self=enode://ed0ccbffbfc0dc9f1b0f8e55d585ad3e61215b1974f32d9388e7ae53563e3ebe0172c21d754fa202c3a63f95bef3ff3ea24339ffdabd0115c47ec5b8d33136a9@127.0.0.1:0
INFO [06-02|04:33:58.369] Loaded local transaction journal         transactions=8152 dropped=0
INFO [06-02|04:33:58.529] Started log indexer
INFO [06-02|04:33:58.561] Starting work on payload                 id=0x033a88ac8728aa2d
INFO [06-02|04:33:58.587] Updated payload                          id=0x033a88ac8728aa2d number=10592 hash=e028fb..b371b4 txs=0 withdrawals=0 gas=0 fees=0 root=80fd6d..b807f5 elapsed=25.971ms
INFO [06-02|04:33:58.593] Stopping work on payload                 id=0x033a88ac8728aa2d reason=delivery
WARN [06-02|04:33:58.597] {"level":"warn","msg":"Slow block","block":{"number":10592,"hash":"0xe028fb9381bc29324e42e5f87181596f77b8452dbaa1a75b93dd13dcacb371b4","gas_used":0,"tx_count":0},"timing":{"execution_ms":0.058713,"state_read_ms":8.119159,"state_hash_ms":0.002107,"commit_ms":0.364243,"total_ms":8.822909},"throughput":{"mgas_per_sec":0},"state_reads":{"accounts":4,"storage_slots":0,"code":0,"code_bytes":0},"state_writes":{"accounts":0,"accounts_deleted":0,"storage_slots":0,"storage_slots_deleted":0,"code":0,"code_bytes":0},"cache":{"account":{"hits":0,"misses":4,"hit_rate":0},"storage":{"hits":0,"misses":0,"hit_rate":0},"code":{"hits":0,"misses":0,"hit_rate":0,"hit_bytes":0,"miss_bytes":0}}}
INFO [06-02|04:33:58.597] Imported new potential chain segment     number=10592 hash=e028fb..b371b4 blocks=1 txs=0 mgas=0.000 elapsed=9.459ms  mgasps=0.000 triediffs=3.76MiB triedirty=195.94MiB
INFO [06-02|04:33:58.598] Chain head was updated                   number=10592 hash=e028fb..b371b4 root=80fd6d..b807f5 elapsed="69.155µs"
INFO [06-02|04:33:59.599] Starting work on payload                 id=0x03ba933c31456c9d
INFO [06-02|04:33:59.600] Updated payload                          id=0x03ba933c31456c9d number=10593 hash=6940a8..c06aba txs=0 withdrawals=0 gas=0 fees=0 root=80fd6d..b807f5 elapsed="608.912µs"
INFO [06-02|04:33:59.600] Stopping work on payload                 id=0x03ba933c31456c9d reason=delivery
WARN [06-02|04:33:59.602] {"level":"warn","msg":"Slow block","block":{"number":10593,"hash":"0x6940a8bb34f3a8158967468d10209a517ac5d959965e41b16868b1c9c1c06aba","gas_used":0,"tx_count":0},"timing":{"execution_ms":0.018872,"state_read_ms":0.690825,"state_hash_ms":0.001358,"commit_ms":0.62551,"total_ms":1.780001},"throughput":{"mgas_per_sec":0},"state_reads":{"accounts":4,"storage_slots":0,"code":0,"code_bytes":0},"state_writes":{"accounts":0,"accounts_deleted":0,"storage_slots":0,"storage_slots_deleted":0,"code":0,"code_bytes":0},"cache":{"account":{"hits":0,"misses":4,"hit_rate":0},"storage":{"hits":0,"misses":0,"hit_rate":0},"code":{"hits":0,"misses":0,"hit_rate":0,"hit_bytes":0,"miss_bytes":0}}}
INFO [06-02|04:33:59.602] Imported new potential chain segment     number=10593 hash=6940a8..c06aba blocks=1 txs=0 mgas=0.000 elapsed=1.944ms     mgasps=0.000 triediffs=3.76MiB triedirty=195.94MiB
INFO [06-02|04:33:59.602] Chain head was updated                   number=10593 hash=6940a8..c06aba root=80fd6d..b807f5 elapsed="41.646µs"
INFO [06-02|04:34:00.609] Starting work on payload                 id=0x0318170d3680c27f
INFO [06-02|04:34:00.665] Updated payload                          id=0x0318170d3680c27f number=10594 hash=dd07d4..4872fb txs=0 withdrawals=0 gas=0 fees=0 root=80fd6d..b807f5 elapsed=55.783ms
INFO [06-02|04:34:00.665] Stopping work on payload                 id=0x0318170d3680c27f reason=delivery
WARN [06-02|04:34:00.668] {"level":"warn","msg":"Slow block","block":{"number":10594,"hash":"0xdd07d4d728755a4f165d24ab09ddfcde94ee5c056ecc9151de23a9b9994872fb","gas_used":0,"tx_count":0},"timing":{"execution_ms":0.031463,"state_read_ms":2.659637,"state_hash_ms":0.002699,"commit_ms":0.134608,"total_ms":2.995547},"throughput":{"mgas_per_sec":0},"state_reads":{"accounts":4,"storage_slots":0,"code":0,"code_bytes":0},"state_writes":{"accounts":0,"accounts_deleted":0,"storage_slots":0,"storage_slots_deleted":0,"code":0,"code_bytes":0},"cache":{"account":{"hits":0,"misses":4,"hit_rate":0},"storage":{"hits":0,"misses":0,"hit_rate":0},"code":{"hits":0,"misses":0,"hit_rate":0,"hit_bytes":0,"miss_bytes":0}}}
INFO [06-02|04:34:00.668] Imported new potential chain segment     number=10594 hash=dd07d4..4872fb blocks=1 txs=0 mgas=0.000 elapsed=3.254ms     mgasps=0.000 triediffs=3.76MiB triedirty=195.94MiB
INFO [06-02|04:34:00.669] Chain head was updated                   number=10594 hash=dd07d4..4872fb root=80fd6d..b807f5 elapsed="69.832µs"
INFO [06-02|04:34:01.716] Starting work on payload                 id=0x03a4f14868ce6b0e
INFO [06-02|04:34:01.725] Updated payload                          id=0x03a4f14868ce6b0e number=10595 hash=a05061..239b40 txs=0 withdrawals=0 gas=0 fees=0 root=80fd6d..b807f5 elapsed=8.497ms
INFO [06-02|04:34:01.735] Stopping work on payload                 id=0x03a4f14868ce6b0e reason=delivery
WARN [06-02|04:34:01.763] {"level":"warn","msg":"Slow block","block":{"number":10595,"hash":"0xa05061e553174fa19589244319687b3806751d880555c28810f511fd6c239b40","gas_used":0,"tx_count":0},"timing":{"execution_ms":0.044552,"state_read_ms":35.717704,"state_hash_ms":0.002902,"commit_ms":0.253814,"total_ms":37.84781},"throughput":{"mgas_per_sec":0},"state_reads":{"accounts":4,"storage_slots":0,"code":0,"code_bytes":0},"state_writes":{"accounts":0,"accounts_deleted":0,"storage_slots":0,"storage_slots_deleted":0,"code":0,"code_bytes":0},"cache":{"account":{"hits":0,"misses":4,"hit_rate":0},"storage":{"hits":0,"misses":0,"hit_rate":0},"code":{"hits":0,"misses":0,"hit_rate":0,"hit_bytes":0,"miss_bytes":0}}}
INFO [06-02|04:34:01.763] Imported new potential chain segment     number=10595 hash=a05061..239b40 blocks=1 txs=0 mgas=0.000 elapsed=38.130ms    mgasps=0.000 triediffs=3.76MiB triedirty=195.94MiB
INFO [06-02|04:34:01.764] Chain head was updated                   number=10595 hash=a05061..239b40 root=80fd6d..b807f5 elapsed="53.455µs"
INFO [06-02|04:34:02.016] Submitted contract creation              hash=0x3d043efbd40158c2be0f486c5b098b4b575ab3384ffab55ed9b987ce5208dbb8 from=0xf39Fd6e51aad88F6F4ce6aB8827279cffFb92266 nonce=2891 contract=0x93186504d1D8f321753d9FB3795aD3c264CF91B2 value=0
INFO [06-02|04:34:02.016] Submitted transaction                    hash=0x93e91f6611960c5267b11bb7644db1768ff3489127f9e5a625e3770ab838d861 from=0xf39Fd6e51aad88F6F4ce6aB8827279cffFb92266 nonce=2892 recipient=0x54a130a8af5F0dB60e09ce716ce21CE798e6130c value=208,000,000
INFO [06-02|04:34:02.768] Starting work on payload                 id=0x038de993fdc49192
INFO [06-02|04:34:02.817] Updated payload                          id=0x038de993fdc49192 number=10596 hash=2900a3..d4086a txs=2 withdrawals=0 gas=91722 fees=5.50332e-13 root=d30629..18fbe3 elapsed=49.019ms
INFO [06-02|04:34:02.822] Stopping work on payload                 id=0x038de993fdc49192 reason=delivery
WARN [06-02|04:34:02.837] {"level":"warn","msg":"Slow block","block":{"number":10596,"hash":"0x2900a31d9322d7f52f3cae13636f72b5d44a99acf8f6967d841fbcff05d4086a","gas_used":91722,"tx_count":2},"timing":{"execution_ms":0.332012,"state_read_ms":9.014348,"state_hash_ms":6.447641,"commit_ms":3.655343,"total_ms":19.669953},"throughput":{"mgas_per_sec":4.663051304698085},"state_reads":{"accounts":11,"storage_slots":0,"code":0,"code_bytes":0},"state_writes":{"accounts":3,"accounts_deleted":0,"storage_slots":0,"storage_slots_deleted":0,"code":1,"code_bytes":305},"cache":{"account":{"hits":4,"misses":7,"hit_rate":36.36363636363637},"storage":{"hits":0,"misses":0,"hit_rate":0},"code":{"hits":0,"misses":0,"hit_rate":0,"hit_bytes":0,"miss_bytes":0}}}
INFO [06-02|04:34:02.837] Imported new potential chain segment     number=10596 hash=2900a3..d4086a blocks=1 txs=2 mgas=0.092 elapsed=19.967ms    mgasps=4.594 triediffs=3.69MiB triedirty=195.97MiB
INFO [06-02|04:34:02.838] Chain head was updated                   number=10596 hash=2900a3..d4086a root=d30629..18fbe3 elapsed="142.994µs"
INFO [06-02|04:34:03.029] Submitted transaction                    hash=0x6b638e35c7a950a0710d39d41cec76a3010c796ce0c93b685aa267e6c34050a5 from=0x54a130a8af5F0dB60e09ce716ce21CE798e6130c nonce=0    recipient=0x93186504d1D8f321753d9FB3795aD3c264CF91B2 value=0
INFO [06-02|04:34:03.849] Starting work on payload                 id=0x03a554d8f8e591d5
INFO [06-02|04:34:04.264] Updated payload                          id=0x03a554d8f8e591d5 number=10597 hash=ea6a27..ebf036 txs=1 withdrawals=0 gas=15,913,624 fees=9.5481744e-11 root=9f1cba..bc2ba4 elapsed=415.246ms
INFO [06-02|04:34:04.264] Stopping work on payload                 id=0x03a554d8f8e591d5 reason=delivery
WARN [06-02|04:34:04.444] {"level":"warn","msg":"Slow block","block":{"number":10597,"hash":"0xea6a27ee92c216535fd276b640c4ec0e8a785405dec8f922e53d9138dfebf036","gas_used":15913624,"tx_count":1},"timing":{"execution_ms":147.289491,"state_read_ms":24.477248,"state_hash_ms":3.584875,"commit_ms":3.150552,"total_ms":178.963915},"throughput":{"mgas_per_sec":88.92085312282087},"state_reads":{"accounts":107,"storage_slots":2161,"code":101,"code_bytes":3105},"state_writes":{"accounts":5,"accounts_deleted":0,"storage_slots":209,"storage_slots_deleted":0,"code":0,"code_bytes":0},"cache":{"account":{"hits":26,"misses":81,"hit_rate":24.299065420560748},"storage":{"hits":1108,"misses":1053,"hit_rate":51.27255900046275},"code":{"hits":101,"misses":0,"hit_rate":100,"hit_bytes":3105,"miss_bytes":0}}}
INFO [06-02|04:34:04.444] Imported new potential chain segment     number=10597 hash=ea6a27..ebf036 blocks=1 txs=1 mgas=15.914 elapsed=179.359ms   mgasps=88.725 triediffs=3.76MiB triedirty=195.97MiB
INFO [06-02|04:34:04.444] Chain head was updated                   number=10597 hash=ea6a27..ebf036 root=9f1cba..bc2ba4 elapsed="215.497µs"
INFO [06-02|04:34:05.047] Submitted transaction                    hash=0x2f9c88c038775e67e3626198c5bceaef08b6afebb9682e5352db075261581790 from=0x54a130a8af5F0dB60e09ce716ce21CE798e6130c nonce=1    recipient=0xf39Fd6e51aad88F6F4ce6aB8827279cffFb92266 value=870,888
INFO [06-02|04:34:05.448] Starting work on payload                 id=0x037dc4fa568e81f9
INFO [06-02|04:34:05.482] Updated payload                          id=0x037dc4fa568e81f9 number=10598 hash=678d70..3a8577 txs=1 withdrawals=0 gas=21000      fees=2.1e-14       root=5a3cae..f0dd0e elapsed=34.453ms
INFO [06-02|04:34:05.487] Stopping work on payload                 id=0x037dc4fa568e81f9 reason=delivery
WARN [06-02|04:34:05.504] {"level":"warn","msg":"Slow block","block":{"number":10598,"hash":"0x678d7045ba702815b114d5ca0d7018e3de42382b3b55651a1898d445513a8577","gas_used":21000,"tx_count":1},"timing":{"execution_ms":0.227815,"state_read_ms":18.510751,"state_hash_ms":2.260044,"commit_ms":0.566065,"total_ms":21.758984},"throughput":{"mgas_per_sec":0.9651185919342558},"state_reads":{"accounts":6,"storage_slots":0,"code":0,"code_bytes":0},"state_writes":{"accounts":2,"accounts_deleted":0,"storage_slots":0,"storage_slots_deleted":0,"code":0,"code_bytes":0},"cache":{"account":{"hits":0,"misses":6,"hit_rate":0},"storage":{"hits":0,"misses":0,"hit_rate":0},"code":{"hits":0,"misses":0,"hit_rate":0,"hit_bytes":0,"miss_bytes":0}}}
INFO [06-02|04:34:05.504] Imported new potential chain segment     number=10598 hash=678d70..3a8577 blocks=1 txs=1 mgas=0.021  elapsed=21.951ms    mgasps=0.957  triediffs=3.76MiB triedirty=195.97MiB
INFO [06-02|04:34:05.505] Chain head was updated                   number=10598 hash=678d70..3a8577 root=5a3cae..f0dd0e elapsed="52.21µs"
