WARN [06-01|12:51:20.749] Unknown config environment variable      envvar=GETH_PBT_BIN
WARN [06-01|12:51:20.749] Unknown config environment variable      envvar=GETH_UBT_BIN
INFO [06-01|12:51:20.762] Starting Geth on Ethereum mainnet...
INFO [06-01|12:51:20.764] Maximum peer count                       ETH=0 total=0
INFO [06-01|12:51:20.765] Smartcard socket not found, disabling    err="stat /run/pcscd/pcscd.comm: no such file or directory"
WARN [06-01|12:51:20.768] Option --miner.etherbase is deprecated as the etherbase is set by the consensus client post-merge
INFO [06-01|12:51:20.770] Set global gas cap                       cap=50,000,000
INFO [06-01|12:51:21.574] Using developer account                  address=0xf39Fd6e51aad88F6F4ce6aB8827279cffFb92266
INFO [06-01|12:51:21.620] Using pebble as the backing database
INFO [06-01|12:51:21.620] Allocated cache and file handles         database=/mnt/state_expiry_vol_data/ubt-vs-pbt-dbs/ubt/geth/chaindata cache=2.00GiB handles=262,144
INFO [06-01|12:51:21.853] Opened ancient database                  database=/mnt/state_expiry_vol_data/ubt-vs-pbt-dbs/ubt/geth/chaindata/ancient/chain readonly=true
INFO [06-01|12:51:21.853] Opened Era store                         datadir=/mnt/state_expiry_vol_data/ubt-vs-pbt-dbs/ubt/geth/chaindata/ancient/chain/era
INFO [06-01|12:51:21.861] Initializing the KZG library             backend=gokzg
INFO [06-01|12:51:21.863] Allocated trie memory caches             clean=614.00MiB dirty=1.00GiB
INFO [06-01|12:51:21.872] Using pebble as the backing database
INFO [06-01|12:51:21.872] Allocated cache and file handles         database=/mnt/state_expiry_vol_data/ubt-vs-pbt-dbs/ubt/geth/chaindata cache=2.00GiB handles=262,144
INFO [06-01|12:51:22.096] Opened ancient database                  database=/mnt/state_expiry_vol_data/ubt-vs-pbt-dbs/ubt/geth/chaindata/ancient/chain readonly=false
INFO [06-01|12:51:22.096] Opened Era store                         datadir=/mnt/state_expiry_vol_data/ubt-vs-pbt-dbs/ubt/geth/chaindata/ancient/chain/era
INFO [06-01|12:51:22.103] State scheme set to already existing     scheme=path
INFO [06-01|12:51:22.103] Initialising Ethereum protocol           network=1337 dbversion=9
WARN [06-01|12:51:22.103] Sanitizing invalid node buffer size      provided=1.00GiB updated=256.00MiB
INFO [06-01|12:51:22.104] Load database journal from file          path=/mnt/state_expiry_vol_data/ubt-vs-pbt-dbs/ubt/geth/triedb/verkle.journal
INFO [06-01|12:51:22.492] Opened ancient database                  database=/mnt/state_expiry_vol_data/ubt-vs-pbt-dbs/ubt/geth/chaindata/ancient/state_verkle readonly=false
INFO [06-01|12:51:22.494] State snapshot generator is not compatible
INFO [06-01|12:51:22.494] Initialized path database                triecache=614.00MiB statecache=409.00MiB buffer=256.00MiB state-history="last 90000 blocks" journal-dir=/mnt/state_expiry_vol_data/ubt-vs-pbt-dbs/ubt/geth/triedb verkle=true
INFO [06-01|12:51:22.494] 
INFO [06-01|12:51:22.494] ---------------------------------------------------------------------------------------------------------------------------------------------------------
INFO [06-01|12:51:22.494] Chain ID:  1337 (unknown)
INFO [06-01|12:51:22.494] Consensus: unknown
INFO [06-01|12:51:22.494] 
INFO [06-01|12:51:22.494] Pre-Merge hard forks (block based):
INFO [06-01|12:51:22.494]  - Homestead:                   #0       
INFO [06-01|12:51:22.494]  - Tangerine Whistle (EIP 150): #0       
INFO [06-01|12:51:22.494]  - Spurious Dragon/1 (EIP 155): #0       
INFO [06-01|12:51:22.494]  - Spurious Dragon/2 (EIP 158): #0       
INFO [06-01|12:51:22.494]  - Byzantium:                   #0       
INFO [06-01|12:51:22.494]  - Constantinople:              #0       
INFO [06-01|12:51:22.494]  - Petersburg:                  #0       
INFO [06-01|12:51:22.494]  - Istanbul:                    #0       
INFO [06-01|12:51:22.494]  - Berlin:                      #0       
INFO [06-01|12:51:22.494]  - London:                      #0       
INFO [06-01|12:51:22.494]  - Arrow Glacier:               #0       
INFO [06-01|12:51:22.494]  - Gray Glacier:                #0       
INFO [06-01|12:51:22.494] 
INFO [06-01|12:51:22.494] Merge configured:
INFO [06-01|12:51:22.494]  - Total terminal difficulty:  0
INFO [06-01|12:51:22.494]  - Merge netsplit block:       #0       
INFO [06-01|12:51:22.494] 
INFO [06-01|12:51:22.494] Post-Merge hard forks (timestamp based):
INFO [06-01|12:51:22.494]  - Shanghai:                    @0         
INFO [06-01|12:51:22.494]  - Cancun:                      @0          blob: (target: 3, max: 6, fraction: 3338477)
INFO [06-01|12:51:22.494]  - Prague:                      @0          blob: (target: 6, max: 9, fraction: 5007716)
INFO [06-01|12:51:22.494]  - Osaka:                       @0          blob: (target: 6, max: 9, fraction: 5007716)
INFO [06-01|12:51:22.494]  - UBT:                         @0          blob: (nil)
INFO [06-01|12:51:22.494] 
INFO [06-01|12:51:22.494] All fork specifications can be found at https://ethereum.github.io/execution-specs/src/ethereum/forks/
INFO [06-01|12:51:22.494] 
INFO [06-01|12:51:22.494] ---------------------------------------------------------------------------------------------------------------------------------------------------------
INFO [06-01|12:51:22.494] 
INFO [06-01|12:51:22.496] Loaded most recent local block           number=5813 hash=e89ac0..2c45f6 age=4s
INFO [06-01|12:51:22.496] Loaded most recent local finalized block number=5792 hash=cdae3b..a21015 age=40s
INFO [06-01|12:51:22.497] Initialized transaction indexer          range="last 2350000 blocks"
INFO [06-01|12:51:22.497] Initialized log indexer                  firstblock=0 lastblock=5813 firstmap=0 lastmap=0 headindexed=true
INFO [06-01|12:51:22.524] Enabled full-sync                        head=5813 hash=e89ac0..2c45f6
INFO [06-01|12:51:22.525] Unprotected transactions allowed
INFO [06-01|12:51:22.525] Gasprice oracle is ignoring threshold set threshold=2
INFO [06-01|12:51:22.525] Registered sync override service
WARN [06-01|12:51:22.525] You are running Geth in --dev mode. Please note the following:
WARN [06-01|12:51:22.525] 
WARN [06-01|12:51:22.525]   1. This mode is only intended for fast, iterative development without assumptions on
WARN [06-01|12:51:22.525]      security or persistence.
WARN [06-01|12:51:22.525]   2. The database is created in memory unless specified otherwise. Therefore, shutting down
WARN [06-01|12:51:22.525]      your computer or losing power will wipe your entire block data and chain state for
WARN [06-01|12:51:22.525]      your dev environment.
WARN [06-01|12:51:22.525]   3. A random, pre-allocated developer account will be available and unlocked as
WARN [06-01|12:51:22.525]      eth.coinbase, which can be used for testing. The random dev account is temporary,
WARN [06-01|12:51:22.525]      stored on a ramdisk, and will be lost if your machine is restarted.
WARN [06-01|12:51:22.525]   4. Mining is enabled by default. However, the client will only seal blocks if transactions
WARN [06-01|12:51:22.525]      are pending in the mempool. The miner's minimum accepted gas price is 1.
WARN [06-01|12:51:22.525]   5. Networking is disabled; there is no listen-address, the maximum number of peers is set
WARN [06-01|12:51:22.525]      to 0, and discovery is disabled.
WARN [06-01|12:51:22.525] 
INFO [06-01|12:51:22.525] Starting peer-to-peer node               instance=Geth/v1.17.3-unstable/linux-amd64/go1.24.9
WARN [06-01|12:51:22.525] P2P server will be useless, neither dialing nor listening
INFO [06-01|12:51:22.544] New local node record                    seq=1,780,289,664,912 id=c084d8867e8cc127 ip=127.0.0.1 udp=0 tcp=0
INFO [06-01|12:51:22.544] Started P2P networking                   self=enode://ed0ccbffbfc0dc9f1b0f8e55d585ad3e61215b1974f32d9388e7ae53563e3ebe0172c21d754fa202c3a63f95bef3ff3ea24339ffdabd0115c47ec5b8d33136a9@127.0.0.1:0
INFO [06-01|12:51:22.545] IPC endpoint opened                      url=/mnt/state_expiry_vol_data/ubt-vs-pbt-dbs/ubt/geth.ipc
ERROR[06-01|12:51:22.545] Unavailable modules in HTTP API list     unavailable=[personal] available="[admin debug web3 eth txpool miner net dev testing]"
INFO [06-01|12:51:22.546] HTTP server started                      endpoint=127.0.0.1:8545 auth=false prefix= cors= vhosts=localhost
INFO [06-01|12:51:22.546] WebSocket enabled                        url=ws://127.0.0.1:8546
INFO [06-01|12:51:22.967] Loaded local transaction journal         transactions=3985 dropped=0
INFO [06-01|12:51:23.750] Started log indexer
INFO [06-01|12:51:23.811] Starting work on payload                 id=0x03b79e49acda1787
INFO [06-01|12:51:23.828] Updated payload                          id=0x03b79e49acda1787 number=5814 hash=6b970b..ac3573 txs=0 withdrawals=0 gas=0 fees=0 root=f470d7..76ac73 elapsed=17.099ms
INFO [06-01|12:51:23.828] Stopping work on payload                 id=0x03b79e49acda1787 reason=delivery
WARN [06-01|12:51:23.833] {"level":"warn","msg":"Slow block","block":{"number":5814,"hash":"0x6b970b869f956dddc80612c714538e2d2e34801ceed4664bfd425ef39cac3573","gas_used":0,"tx_count":0},"timing":{"execution_ms":0.03343,"state_read_ms":4.037516,"state_hash_ms":0.002822,"commit_ms":0.211357,"total_ms":4.508331},"throughput":{"mgas_per_sec":0},"state_reads":{"accounts":4,"storage_slots":0,"code":0,"code_bytes":0},"state_writes":{"accounts":0,"accounts_deleted":0,"storage_slots":0,"storage_slots_deleted":0,"code":0,"code_bytes":0},"cache":{"account":{"hits":0,"misses":4,"hit_rate":0},"storage":{"hits":0,"misses":0,"hit_rate":0},"code":{"hits":0,"misses":0,"hit_rate":0,"hit_bytes":0,"miss_bytes":0}}}
INFO [06-01|12:51:23.833] Imported new potential chain segment     number=5814 hash=6b970b..ac3573 blocks=1 txs=0 mgas=0.000 elapsed=4.882ms  mgasps=0.000 triediffs=25.21MiB triedirty=5.08MiB
INFO [06-01|12:51:23.834] Chain head was updated                   number=5814 hash=6b970b..ac3573 root=f470d7..76ac73 elapsed="79.061µs"
INFO [06-01|12:51:24.845] Starting work on payload                 id=0x03f2d58c96d5816e
INFO [06-01|12:51:24.862] Updated payload                          id=0x03f2d58c96d5816e number=5815 hash=3bf489..b0981f txs=0 withdrawals=0 gas=0 fees=0 root=f470d7..76ac73 elapsed=17.196ms
INFO [06-01|12:51:24.862] Stopping work on payload                 id=0x03f2d58c96d5816e reason=delivery
WARN [06-01|12:51:24.866] {"level":"warn","msg":"Slow block","block":{"number":5815,"hash":"0x3bf4896fc1282df24eedc0c893d85b21673fbfd8f9986529f8b41d9684b0981f","gas_used":0,"tx_count":0},"timing":{"execution_ms":0.039175,"state_read_ms":2.893606,"state_hash_ms":0.001652,"commit_ms":0.128964,"total_ms":3.255453},"throughput":{"mgas_per_sec":0},"state_reads":{"accounts":4,"storage_slots":0,"code":0,"code_bytes":0},"state_writes":{"accounts":0,"accounts_deleted":0,"storage_slots":0,"storage_slots_deleted":0,"code":0,"code_bytes":0},"cache":{"account":{"hits":0,"misses":4,"hit_rate":0},"storage":{"hits":0,"misses":0,"hit_rate":0},"code":{"hits":0,"misses":0,"hit_rate":0,"hit_bytes":0,"miss_bytes":0}}}
INFO [06-01|12:51:24.866] Imported new potential chain segment     number=5815 hash=3bf489..b0981f blocks=1 txs=0 mgas=0.000 elapsed=3.462ms    mgasps=0.000 triediffs=25.21MiB triedirty=5.08MiB
INFO [06-01|12:51:24.866] Chain head was updated                   number=5815 hash=3bf489..b0981f root=f470d7..76ac73 elapsed="42.933µs"
INFO [06-01|12:51:25.874] Starting work on payload                 id=0x033de4dabb62e897
INFO [06-01|12:51:25.896] Updated payload                          id=0x033de4dabb62e897 number=5816 hash=b9710f..bdd842 txs=0 withdrawals=0 gas=0 fees=0 root=f470d7..76ac73 elapsed=21.952ms
INFO [06-01|12:51:25.896] Stopping work on payload                 id=0x033de4dabb62e897 reason=delivery
WARN [06-01|12:51:25.905] {"level":"warn","msg":"Slow block","block":{"number":5816,"hash":"0xb9710f6eb39f36926cc80f552db6d1cc613068b399a754aeb899bb0f03bdd842","gas_used":0,"tx_count":0},"timing":{"execution_ms":0.031672,"state_read_ms":8.247957,"state_hash_ms":0.003273,"commit_ms":0.111663,"total_ms":8.567309},"throughput":{"mgas_per_sec":0},"state_reads":{"accounts":4,"storage_slots":0,"code":0,"code_bytes":0},"state_writes":{"accounts":0,"accounts_deleted":0,"storage_slots":0,"storage_slots_deleted":0,"code":0,"code_bytes":0},"cache":{"account":{"hits":0,"misses":4,"hit_rate":0},"storage":{"hits":0,"misses":0,"hit_rate":0},"code":{"hits":0,"misses":0,"hit_rate":0,"hit_bytes":0,"miss_bytes":0}}}
INFO [06-01|12:51:25.905] Imported new potential chain segment     number=5816 hash=b9710f..bdd842 blocks=1 txs=0 mgas=0.000 elapsed=8.739ms    mgasps=0.000 triediffs=25.21MiB triedirty=5.08MiB
INFO [06-01|12:51:25.905] Chain head was updated                   number=5816 hash=b9710f..bdd842 root=f470d7..76ac73 elapsed="85.496µs"
INFO [06-01|12:51:25.916] Submitted contract creation              hash=0x4b09b4675cdbec497ebc700dc96a360952ea18645986afcf195b069acdbf7967 from=0xf39Fd6e51aad88F6F4ce6aB8827279cffFb92266 nonce=1737 contract=0x83EbbF9Ea0515629bcAcD135f2c7eD65c7dB3049 value=0
INFO [06-01|12:51:25.916] Submitted transaction                    hash=0x567e8160f39b0c8230f7ff7f2168430108dcd58db1c9c6170625594a4d72d632 from=0xf39Fd6e51aad88F6F4ce6aB8827279cffFb92266 nonce=1738 recipient=0x445a88e5D00Ce7527F7a4f126f2E0CEE277b1667 value=78,000,000
INFO [06-01|12:51:26.910] Starting work on payload                 id=0x03bfd3e1e54d8326
INFO [06-01|12:51:26.946] Updated payload                          id=0x03bfd3e1e54d8326 number=5817 hash=55e75d..5b2686 txs=2 withdrawals=0 gas=86926 fees=5.21556e-13 root=e412a4..7ab9b0 elapsed=36.495ms
INFO [06-01|12:51:26.946] Stopping work on payload                 id=0x03bfd3e1e54d8326 reason=delivery
WARN [06-01|12:51:26.976] {"level":"warn","msg":"Slow block","block":{"number":5817,"hash":"0x55e75d60ed40af1d7f1a49f00adfd76a2176a2a2f78f4d3f43462b325f5b2686","gas_used":86926,"tx_count":2},"timing":{"execution_ms":0.100608,"state_read_ms":20.995829,"state_hash_ms":2.722869,"commit_ms":4.875014,"total_ms":28.936921},"throughput":{"mgas_per_sec":3.00398235181967},"state_reads":{"accounts":11,"storage_slots":0,"code":0,"code_bytes":0},"state_writes":{"accounts":3,"accounts_deleted":0,"storage_slots":0,"storage_slots_deleted":0,"code":1,"code_bytes":165},"cache":{"account":{"hits":6,"misses":5,"hit_rate":54.54545454545454},"storage":{"hits":0,"misses":0,"hit_rate":0},"code":{"hits":0,"misses":0,"hit_rate":0,"hit_bytes":0,"miss_bytes":0}}}
INFO [06-01|12:51:26.976] Imported new potential chain segment     number=5817 hash=55e75d..5b2686 blocks=1 txs=2 mgas=0.087 elapsed=29.164ms   mgasps=2.981 triediffs=25.09MiB triedirty=5.13MiB
INFO [06-01|12:51:26.976] Chain head was updated                   number=5817 hash=55e75d..5b2686 root=e412a4..7ab9b0 elapsed="155.024µs"
INFO [06-01|12:51:27.935] Submitted transaction                    hash=0x7ab6cb0a38ccf16ceebaf734f3271eb1b5a3c3c8b1793fc86ae869624974006c from=0x445a88e5D00Ce7527F7a4f126f2E0CEE277b1667 nonce=0    recipient=0x83EbbF9Ea0515629bcAcD135f2c7eD65c7dB3049 value=0
INFO [06-01|12:51:27.994] Starting work on payload                 id=0x03c8756bafbd065f
INFO [06-01|12:51:28.737] Updated payload                          id=0x03c8756bafbd065f number=5818 hash=8bd732..8a96e9 txs=1 withdrawals=0 gas=5,903,542 fees=3.5421252e-11 root=f9ae54..1f70f7 elapsed=742.232ms
INFO [06-01|12:51:28.737] Stopping work on payload                 id=0x03c8756bafbd065f reason=delivery
WARN [06-01|12:51:28.831] {"level":"warn","msg":"Slow block","block":{"number":5818,"hash":"0x8bd732e6b5cba2c13be631782b172520256a3c9d80e83072070a3fbcd58a96e9","gas_used":5903542,"tx_count":1},"timing":{"execution_ms":4.475711,"state_read_ms":22.824276,"state_hash_ms":52.615012,"commit_ms":13.801409,"total_ms":93.883426},"throughput":{"mgas_per_sec":62.881620873102776},"state_reads":{"accounts":219,"storage_slots":212,"code":213,"code_bytes":6101},"state_writes":{"accounts":213,"accounts_deleted":0,"storage_slots":211,"storage_slots_deleted":0,"code":0,"code_bytes":0},"cache":{"account":{"hits":132,"misses":87,"hit_rate":60.273972602739725},"storage":{"hits":120,"misses":92,"hit_rate":56.60377358490566},"code":{"hits":213,"misses":0,"hit_rate":100,"hit_bytes":6101,"miss_bytes":0}}}
INFO [06-01|12:51:28.831] Imported new potential chain segment     number=5818 hash=8bd732..8a96e9 blocks=1 txs=1 mgas=5.904 elapsed=94.116ms    mgasps=62.726 triediffs=26.42MiB triedirty=5.13MiB
INFO [06-01|12:51:28.831] Chain head was updated                   number=5818 hash=8bd732..8a96e9 root=f9ae54..1f70f7 elapsed="111.438µs"
INFO [06-01|12:51:28.951] Submitted transaction                    hash=0x922d1eb354a155c5a5331d312985dba9b485d2ca00eec87415269ddb391c9778 from=0x445a88e5D00Ce7527F7a4f126f2E0CEE277b1667 nonce=1    recipient=0xf39Fd6e51aad88F6F4ce6aB8827279cffFb92266 value=1,001,954
INFO [06-01|12:51:29.850] Starting work on payload                 id=0x03389b2f45eba626
INFO [06-01|12:51:29.870] Updated payload                          id=0x03389b2f45eba626 number=5819 hash=5d3581..716ad6 txs=1 withdrawals=0 gas=21000     fees=2.1e-14       root=6fa80f..991d42 elapsed=20.422ms
INFO [06-01|12:51:29.870] Stopping work on payload                 id=0x03389b2f45eba626 reason=delivery
WARN [06-01|12:51:29.891] {"level":"warn","msg":"Slow block","block":{"number":5819,"hash":"0x5d358134c83a1bd72f43473cb126badc7771c140583556a6bc2c776456716ad6","gas_used":21000,"tx_count":1},"timing":{"execution_ms":0.061339,"state_read_ms":2.979654,"state_hash_ms":13.563065,"commit_ms":0.694966,"total_ms":20.363208},"throughput":{"mgas_per_sec":1.0312716935366961},"state_reads":{"accounts":6,"storage_slots":0,"code":0,"code_bytes":0},"state_writes":{"accounts":2,"accounts_deleted":0,"storage_slots":0,"storage_slots_deleted":0,"code":0,"code_bytes":0},"cache":{"account":{"hits":2,"misses":4,"hit_rate":33.33333333333333},"storage":{"hits":0,"misses":0,"hit_rate":0},"code":{"hits":0,"misses":0,"hit_rate":0,"hit_bytes":0,"miss_bytes":0}}}
INFO [06-01|12:51:29.891] Imported new potential chain segment     number=5819 hash=5d3581..716ad6 blocks=1 txs=1 mgas=0.021 elapsed=20.490ms    mgasps=1.025  triediffs=26.42MiB triedirty=5.13MiB
INFO [06-01|12:51:29.891] Chain head was updated                   number=5819 hash=5d3581..716ad6 root=6fa80f..991d42 elapsed="69.493µs"
