WARN [06-01|12:55:57.517] Unknown config environment variable      envvar=GETH_PBT_BIN
WARN [06-01|12:55:57.517] Unknown config environment variable      envvar=GETH_UBT_BIN
INFO [06-01|12:55:57.528] Starting Geth on Ethereum mainnet...
INFO [06-01|12:55:57.530] Maximum peer count                       ETH=0 total=0
INFO [06-01|12:55:57.531] Smartcard socket not found, disabling    err="stat /run/pcscd/pcscd.comm: no such file or directory"
WARN [06-01|12:55:57.534] Option --miner.etherbase is deprecated as the etherbase is set by the consensus client post-merge
INFO [06-01|12:55:57.537] Set global gas cap                       cap=50,000,000
INFO [06-01|12:55:58.330] Using developer account                  address=0xf39Fd6e51aad88F6F4ce6aB8827279cffFb92266
INFO [06-01|12:55:58.373] Using pebble as the backing database
INFO [06-01|12:55:58.373] Allocated cache and file handles         database=/mnt/state_expiry_vol_data/ubt-vs-pbt-dbs/ubt/geth/chaindata cache=2.00GiB handles=262,144
INFO [06-01|12:55:58.599] Opened ancient database                  database=/mnt/state_expiry_vol_data/ubt-vs-pbt-dbs/ubt/geth/chaindata/ancient/chain readonly=true
INFO [06-01|12:55:58.599] Opened Era store                         datadir=/mnt/state_expiry_vol_data/ubt-vs-pbt-dbs/ubt/geth/chaindata/ancient/chain/era
INFO [06-01|12:55:58.605] Initializing the KZG library             backend=gokzg
INFO [06-01|12:55:58.607] Allocated trie memory caches             clean=614.00MiB dirty=1.00GiB
INFO [06-01|12:55:58.622] Using pebble as the backing database
INFO [06-01|12:55:58.622] Allocated cache and file handles         database=/mnt/state_expiry_vol_data/ubt-vs-pbt-dbs/ubt/geth/chaindata cache=2.00GiB handles=262,144
INFO [06-01|12:55:58.840] Opened ancient database                  database=/mnt/state_expiry_vol_data/ubt-vs-pbt-dbs/ubt/geth/chaindata/ancient/chain readonly=false
INFO [06-01|12:55:58.840] Opened Era store                         datadir=/mnt/state_expiry_vol_data/ubt-vs-pbt-dbs/ubt/geth/chaindata/ancient/chain/era
INFO [06-01|12:55:58.849] State scheme set to already existing     scheme=path
INFO [06-01|12:55:58.849] Initialising Ethereum protocol           network=1337 dbversion=9
WARN [06-01|12:55:58.849] Sanitizing invalid node buffer size      provided=1.00GiB updated=256.00MiB
INFO [06-01|12:55:58.850] Load database journal from file          path=/mnt/state_expiry_vol_data/ubt-vs-pbt-dbs/ubt/geth/triedb/verkle.journal
INFO [06-01|12:55:59.316] Opened ancient database                  database=/mnt/state_expiry_vol_data/ubt-vs-pbt-dbs/ubt/geth/chaindata/ancient/state_verkle readonly=false
INFO [06-01|12:55:59.318] State snapshot generator is not compatible
INFO [06-01|12:55:59.318] Initialized path database                triecache=614.00MiB statecache=409.00MiB buffer=256.00MiB state-history="last 90000 blocks" journal-dir=/mnt/state_expiry_vol_data/ubt-vs-pbt-dbs/ubt/geth/triedb verkle=true
INFO [06-01|12:55:59.318] 
INFO [06-01|12:55:59.318] ---------------------------------------------------------------------------------------------------------------------------------------------------------
INFO [06-01|12:55:59.318] Chain ID:  1337 (unknown)
INFO [06-01|12:55:59.318] Consensus: unknown
INFO [06-01|12:55:59.318] 
INFO [06-01|12:55:59.318] Pre-Merge hard forks (block based):
INFO [06-01|12:55:59.318]  - Homestead:                   #0       
INFO [06-01|12:55:59.318]  - Tangerine Whistle (EIP 150): #0       
INFO [06-01|12:55:59.318]  - Spurious Dragon/1 (EIP 155): #0       
INFO [06-01|12:55:59.318]  - Spurious Dragon/2 (EIP 158): #0       
INFO [06-01|12:55:59.318]  - Byzantium:                   #0       
INFO [06-01|12:55:59.318]  - Constantinople:              #0       
INFO [06-01|12:55:59.318]  - Petersburg:                  #0       
INFO [06-01|12:55:59.318]  - Istanbul:                    #0       
INFO [06-01|12:55:59.318]  - Berlin:                      #0       
INFO [06-01|12:55:59.318]  - London:                      #0       
INFO [06-01|12:55:59.318]  - Arrow Glacier:               #0       
INFO [06-01|12:55:59.318]  - Gray Glacier:                #0       
INFO [06-01|12:55:59.318] 
INFO [06-01|12:55:59.318] Merge configured:
INFO [06-01|12:55:59.318]  - Total terminal difficulty:  0
INFO [06-01|12:55:59.318]  - Merge netsplit block:       #0       
INFO [06-01|12:55:59.318] 
INFO [06-01|12:55:59.318] Post-Merge hard forks (timestamp based):
INFO [06-01|12:55:59.318]  - Shanghai:                    @0         
INFO [06-01|12:55:59.318]  - Cancun:                      @0          blob: (target: 3, max: 6, fraction: 3338477)
INFO [06-01|12:55:59.318]  - Prague:                      @0          blob: (target: 6, max: 9, fraction: 5007716)
INFO [06-01|12:55:59.318]  - Osaka:                       @0          blob: (target: 6, max: 9, fraction: 5007716)
INFO [06-01|12:55:59.318]  - UBT:                         @0          blob: (nil)
INFO [06-01|12:55:59.318] 
INFO [06-01|12:55:59.318] All fork specifications can be found at https://ethereum.github.io/execution-specs/src/ethereum/forks/
INFO [06-01|12:55:59.318] 
INFO [06-01|12:55:59.318] ---------------------------------------------------------------------------------------------------------------------------------------------------------
INFO [06-01|12:55:59.318] 
INFO [06-01|12:55:59.320] Loaded most recent local block           number=5960 hash=07b7a4..3fadf7 age=4s
INFO [06-01|12:55:59.320] Loaded most recent local finalized block number=5952 hash=d2f703..820979 age=17s
INFO [06-01|12:55:59.321] Initialized transaction indexer          range="last 2350000 blocks"
INFO [06-01|12:55:59.321] Initialized log indexer                  firstblock=0 lastblock=5960 firstmap=0 lastmap=0 headindexed=true
INFO [06-01|12:55:59.352] Enabled full-sync                        head=5960 hash=07b7a4..3fadf7
INFO [06-01|12:55:59.352] Unprotected transactions allowed
INFO [06-01|12:55:59.352] Gasprice oracle is ignoring threshold set threshold=2
INFO [06-01|12:55:59.352] Registered sync override service
WARN [06-01|12:55:59.352] You are running Geth in --dev mode. Please note the following:
WARN [06-01|12:55:59.352] 
WARN [06-01|12:55:59.352]   1. This mode is only intended for fast, iterative development without assumptions on
WARN [06-01|12:55:59.352]      security or persistence.
WARN [06-01|12:55:59.352]   2. The database is created in memory unless specified otherwise. Therefore, shutting down
WARN [06-01|12:55:59.352]      your computer or losing power will wipe your entire block data and chain state for
WARN [06-01|12:55:59.352]      your dev environment.
WARN [06-01|12:55:59.352]   3. A random, pre-allocated developer account will be available and unlocked as
WARN [06-01|12:55:59.352]      eth.coinbase, which can be used for testing. The random dev account is temporary,
WARN [06-01|12:55:59.352]      stored on a ramdisk, and will be lost if your machine is restarted.
WARN [06-01|12:55:59.352]   4. Mining is enabled by default. However, the client will only seal blocks if transactions
WARN [06-01|12:55:59.352]      are pending in the mempool. The miner's minimum accepted gas price is 1.
WARN [06-01|12:55:59.352]   5. Networking is disabled; there is no listen-address, the maximum number of peers is set
WARN [06-01|12:55:59.352]      to 0, and discovery is disabled.
WARN [06-01|12:55:59.352] 
INFO [06-01|12:55:59.352] Starting peer-to-peer node               instance=Geth/v1.17.3-unstable/linux-amd64/go1.24.9
WARN [06-01|12:55:59.352] P2P server will be useless, neither dialing nor listening
INFO [06-01|12:55:59.382] IPC endpoint opened                      url=/mnt/state_expiry_vol_data/ubt-vs-pbt-dbs/ubt/geth.ipc
ERROR[06-01|12:55:59.382] Unavailable modules in HTTP API list     unavailable=[personal] available="[admin debug web3 eth txpool miner net dev testing]"
INFO [06-01|12:55:59.383] New local node record                    seq=1,780,289,664,939 id=c084d8867e8cc127 ip=127.0.0.1 udp=0 tcp=0
INFO [06-01|12:55:59.383] Started P2P networking                   self=enode://ed0ccbffbfc0dc9f1b0f8e55d585ad3e61215b1974f32d9388e7ae53563e3ebe0172c21d754fa202c3a63f95bef3ff3ea24339ffdabd0115c47ec5b8d33136a9@127.0.0.1:0
INFO [06-01|12:55:59.383] HTTP server started                      endpoint=127.0.0.1:8545 auth=false prefix= cors= vhosts=localhost
INFO [06-01|12:55:59.383] WebSocket enabled                        url=ws://127.0.0.1:8546
INFO [06-01|12:55:59.818] Loaded local transaction journal         transactions=4093 dropped=0
INFO [06-01|12:56:00.587] Started log indexer
INFO [06-01|12:56:00.644] Starting work on payload                 id=0x038e7ec7176d5723
INFO [06-01|12:56:00.663] Updated payload                          id=0x038e7ec7176d5723 number=5961 hash=b5d87c..40303b txs=0 withdrawals=0 gas=0 fees=0 root=a0ce16..46c08f elapsed=19.242ms
INFO [06-01|12:56:00.664] Stopping work on payload                 id=0x038e7ec7176d5723 reason=delivery
WARN [06-01|12:56:00.684] {"level":"warn","msg":"Slow block","block":{"number":5961,"hash":"0xb5d87ce51ae8e20a873f530359e31277473e5ae5d2cc970fb43a4bb3f640303b","gas_used":0,"tx_count":0},"timing":{"execution_ms":0.066258,"state_read_ms":19.335183,"state_hash_ms":0.001946,"commit_ms":0.173547,"total_ms":19.819774},"throughput":{"mgas_per_sec":0},"state_reads":{"accounts":4,"storage_slots":0,"code":0,"code_bytes":0},"state_writes":{"accounts":0,"accounts_deleted":0,"storage_slots":0,"storage_slots_deleted":0,"code":0,"code_bytes":0},"cache":{"account":{"hits":0,"misses":4,"hit_rate":0},"storage":{"hits":0,"misses":0,"hit_rate":0},"code":{"hits":0,"misses":0,"hit_rate":0,"hit_bytes":0,"miss_bytes":0}}}
INFO [06-01|12:56:00.684] Imported new potential chain segment     number=5961 hash=b5d87c..40303b blocks=1 txs=0 mgas=0.000 elapsed=20.180ms mgasps=0.000 triediffs=33.79MiB triedirty=8.35MiB
INFO [06-01|12:56:00.684] Chain head was updated                   number=5961 hash=b5d87c..40303b root=a0ce16..46c08f elapsed="50.054µs"
INFO [06-01|12:56:01.696] Starting work on payload                 id=0x03f1d8838b312291
INFO [06-01|12:56:01.713] Updated payload                          id=0x03f1d8838b312291 number=5962 hash=c59f5a..904507 txs=0 withdrawals=0 gas=0 fees=0 root=a0ce16..46c08f elapsed=17.281ms
INFO [06-01|12:56:01.713] Stopping work on payload                 id=0x03f1d8838b312291 reason=delivery
WARN [06-01|12:56:01.717] {"level":"warn","msg":"Slow block","block":{"number":5962,"hash":"0xc59f5add28ce130e279e1613cee8ce8bddc4a8269ef4ec9e4833d8bede904507","gas_used":0,"tx_count":0},"timing":{"execution_ms":0.036797,"state_read_ms":2.973643,"state_hash_ms":0.002051,"commit_ms":0.209305,"total_ms":3.404335},"throughput":{"mgas_per_sec":0},"state_reads":{"accounts":4,"storage_slots":0,"code":0,"code_bytes":0},"state_writes":{"accounts":0,"accounts_deleted":0,"storage_slots":0,"storage_slots_deleted":0,"code":0,"code_bytes":0},"cache":{"account":{"hits":0,"misses":4,"hit_rate":0},"storage":{"hits":0,"misses":0,"hit_rate":0},"code":{"hits":0,"misses":0,"hit_rate":0,"hit_bytes":0,"miss_bytes":0}}}
INFO [06-01|12:56:01.717] Imported new potential chain segment     number=5962 hash=c59f5a..904507 blocks=1 txs=0 mgas=0.000 elapsed=3.637ms    mgasps=0.000 triediffs=33.79MiB triedirty=8.35MiB
INFO [06-01|12:56:01.718] Chain head was updated                   number=5962 hash=c59f5a..904507 root=a0ce16..46c08f elapsed="58.616µs"
INFO [06-01|12:56:02.610] Submitted contract creation              hash=0x8df3c18d24d2270c75fbc8b0edb54880a35f402373e83ed8859f8e1bb3d5de8e from=0xf39Fd6e51aad88F6F4ce6aB8827279cffFb92266 nonce=1791 contract=0xBd422978E222C626b94e66f33791a61FbE662115 value=0
INFO [06-01|12:56:02.611] Submitted transaction                    hash=0x3ccc3dab546cda9c52b19d5a0997776f520e333a9d8069c952fae245d11cde5b from=0xf39Fd6e51aad88F6F4ce6aB8827279cffFb92266 nonce=1792 recipient=0x6134832d7089B39384192cF8530fBcf760bE69B8 value=78,000,000
INFO [06-01|12:56:02.737] Starting work on payload                 id=0x03d1dc4d6ac2c8cf
INFO [06-01|12:56:02.769] Updated payload                          id=0x03d1dc4d6ac2c8cf number=5963 hash=03b592..cbc68c txs=2 withdrawals=0 gas=91678 fees=5.50068e-13 root=7bb310..e8280c elapsed=31.983ms
INFO [06-01|12:56:02.769] Stopping work on payload                 id=0x03d1dc4d6ac2c8cf reason=delivery
WARN [06-01|12:56:02.805] {"level":"warn","msg":"Slow block","block":{"number":5963,"hash":"0x03b5921ed091bc4f0a4ceaec82efc24d47be778e0593e9ab8a8b70619ccbc68c","gas_used":91678,"tx_count":2},"timing":{"execution_ms":0.197278,"state_read_ms":19.183674,"state_hash_ms":5.749508,"commit_ms":4.757724,"total_ms":36.214276},"throughput":{"mgas_per_sec":2.5315430853843384},"state_reads":{"accounts":11,"storage_slots":0,"code":0,"code_bytes":0},"state_writes":{"accounts":3,"accounts_deleted":0,"storage_slots":0,"storage_slots_deleted":0,"code":1,"code_bytes":303},"cache":{"account":{"hits":5,"misses":6,"hit_rate":45.45454545454545},"storage":{"hits":0,"misses":0,"hit_rate":0},"code":{"hits":0,"misses":0,"hit_rate":0,"hit_bytes":0,"miss_bytes":0}}}
INFO [06-01|12:56:02.805] Imported new potential chain segment     number=5963 hash=03b592..cbc68c blocks=1 txs=2 mgas=0.092 elapsed=36.417ms   mgasps=2.517 triediffs=33.17MiB triedirty=8.54MiB
INFO [06-01|12:56:02.806] Chain head was updated                   number=5963 hash=03b592..cbc68c root=7bb310..e8280c elapsed="128.355µs"
INFO [06-01|12:56:03.624] Submitted transaction                    hash=0xba7c18fe63cf2f3ec95e3127696ed7e28ce61eefd9fb790f78f4d6df0faa1603 from=0x6134832d7089B39384192cF8530fBcf760bE69B8 nonce=0    recipient=0xBd422978E222C626b94e66f33791a61FbE662115 value=0
INFO [06-01|12:56:03.828] Starting work on payload                 id=0x03def10c8f56f422
INFO [06-01|12:56:04.019] Updated payload                          id=0x03def10c8f56f422 number=5964 hash=ff5d48..298b87 txs=1 withdrawals=0 gas=5,911,513 fees=3.5469078e-11 root=61fa74..52bd62 elapsed=191.027ms
INFO [06-01|12:56:04.019] Stopping work on payload                 id=0x03def10c8f56f422 reason=delivery
WARN [06-01|12:56:04.113] {"level":"warn","msg":"Slow block","block":{"number":5964,"hash":"0xff5d4803a49b619cb799a4bc2a82c13c708e99eda8c7af978a0a1dfe59298b87","gas_used":5911513,"tx_count":1},"timing":{"execution_ms":68.110506,"state_read_ms":13.604293,"state_hash_ms":9.911633,"commit_ms":1.794821,"total_ms":93.726903},"throughput":{"mgas_per_sec":63.07167750971138},"state_reads":{"accounts":8,"storage_slots":638,"code":2,"code_bytes":331},"state_writes":{"accounts":3,"accounts_deleted":0,"storage_slots":96,"storage_slots_deleted":0,"code":0,"code_bytes":0},"cache":{"account":{"hits":4,"misses":4,"hit_rate":50},"storage":{"hits":416,"misses":222,"hit_rate":65.20376175548589},"code":{"hits":2,"misses":0,"hit_rate":100,"hit_bytes":331,"miss_bytes":0}}}
INFO [06-01|12:56:04.113] Imported new potential chain segment     number=5964 hash=ff5d48..298b87 blocks=1 txs=1 mgas=5.912 elapsed=93.962ms    mgasps=62.914 triediffs=33.19MiB triedirty=8.54MiB
INFO [06-01|12:56:04.114] Chain head was updated                   number=5964 hash=ff5d48..298b87 root=61fa74..52bd62 elapsed="149.596µs"
INFO [06-01|12:56:04.636] Submitted transaction                    hash=0xa6892db7432f28b04dc589233d87450dbd87a43db071ecaecb50a728198c380e from=0x6134832d7089B39384192cF8530fBcf760bE69B8 nonce=1    recipient=0xf39Fd6e51aad88F6F4ce6aB8827279cffFb92266 value=898,331
INFO [06-01|12:56:05.132] Starting work on payload                 id=0x03389f3e840cc73b
INFO [06-01|12:56:05.168] Updated payload                          id=0x03389f3e840cc73b number=5965 hash=d2a78b..67bc59 txs=1 withdrawals=0 gas=21000     fees=2.1e-14       root=8cb275..502aae elapsed=35.926ms
INFO [06-01|12:56:05.168] Stopping work on payload                 id=0x03389f3e840cc73b reason=delivery
WARN [06-01|12:56:05.185] {"level":"warn","msg":"Slow block","block":{"number":5965,"hash":"0xd2a78bc78658ab7cdd236d556bad1326e4c41201cf933ef3274639b91f67bc59","gas_used":21000,"tx_count":1},"timing":{"execution_ms":0.099912,"state_read_ms":3.528354,"state_hash_ms":12.026259,"commit_ms":0.559015,"total_ms":16.378211},"throughput":{"mgas_per_sec":1.2821913211400195},"state_reads":{"accounts":6,"storage_slots":0,"code":0,"code_bytes":0},"state_writes":{"accounts":2,"accounts_deleted":0,"storage_slots":0,"storage_slots_deleted":0,"code":0,"code_bytes":0},"cache":{"account":{"hits":2,"misses":4,"hit_rate":33.33333333333333},"storage":{"hits":0,"misses":0,"hit_rate":0},"code":{"hits":0,"misses":0,"hit_rate":0,"hit_bytes":0,"miss_bytes":0}}}
INFO [06-01|12:56:05.185] Imported new potential chain segment     number=5965 hash=d2a78b..67bc59 blocks=1 txs=1 mgas=0.021 elapsed=16.529ms    mgasps=1.270  triediffs=33.19MiB triedirty=8.54MiB
INFO [06-01|12:56:05.185] Chain head was updated                   number=5965 hash=d2a78b..67bc59 root=8cb275..502aae elapsed="46.96µs"
