WARN [06-01|12:26:38.813] Unknown config environment variable      envvar=GETH_PBT_BIN
WARN [06-01|12:26:38.813] Unknown config environment variable      envvar=GETH_UBT_BIN
INFO [06-01|12:26:38.824] Starting Geth on Ethereum mainnet...
INFO [06-01|12:26:38.826] Maximum peer count                       ETH=0 total=0
INFO [06-01|12:26:38.827] Smartcard socket not found, disabling    err="stat /run/pcscd/pcscd.comm: no such file or directory"
WARN [06-01|12:26:38.830] Option --miner.etherbase is deprecated as the etherbase is set by the consensus client post-merge
INFO [06-01|12:26:38.837] Set global gas cap                       cap=50,000,000
INFO [06-01|12:26:39.645] Using developer account                  address=0xf39Fd6e51aad88F6F4ce6aB8827279cffFb92266
INFO [06-01|12:26:39.691] Using pebble as the backing database
INFO [06-01|12:26:39.691] Allocated cache and file handles         database=/mnt/state_expiry_vol_data/ubt-vs-pbt-dbs/ubt/geth/chaindata cache=2.00GiB handles=262,144
INFO [06-01|12:26:39.939] Opened ancient database                  database=/mnt/state_expiry_vol_data/ubt-vs-pbt-dbs/ubt/geth/chaindata/ancient/chain readonly=true
INFO [06-01|12:26:39.939] Opened Era store                         datadir=/mnt/state_expiry_vol_data/ubt-vs-pbt-dbs/ubt/geth/chaindata/ancient/chain/era
INFO [06-01|12:26:39.947] Initializing the KZG library             backend=gokzg
INFO [06-01|12:26:39.948] Allocated trie memory caches             clean=614.00MiB dirty=1.00GiB
INFO [06-01|12:26:39.958] Using pebble as the backing database
INFO [06-01|12:26:39.958] Allocated cache and file handles         database=/mnt/state_expiry_vol_data/ubt-vs-pbt-dbs/ubt/geth/chaindata cache=2.00GiB handles=262,144
INFO [06-01|12:26:40.178] Opened ancient database                  database=/mnt/state_expiry_vol_data/ubt-vs-pbt-dbs/ubt/geth/chaindata/ancient/chain readonly=false
INFO [06-01|12:26:40.178] Opened Era store                         datadir=/mnt/state_expiry_vol_data/ubt-vs-pbt-dbs/ubt/geth/chaindata/ancient/chain/era
INFO [06-01|12:26:40.185] State scheme set to already existing     scheme=path
INFO [06-01|12:26:40.185] Initialising Ethereum protocol           network=1337 dbversion=9
WARN [06-01|12:26:40.185] Sanitizing invalid node buffer size      provided=1.00GiB updated=256.00MiB
INFO [06-01|12:26:40.185] Load database journal from file          path=/mnt/state_expiry_vol_data/ubt-vs-pbt-dbs/ubt/geth/triedb/verkle.journal
INFO [06-01|12:26:40.364] Opened ancient database                  database=/mnt/state_expiry_vol_data/ubt-vs-pbt-dbs/ubt/geth/chaindata/ancient/state_verkle readonly=false
INFO [06-01|12:26:40.367] State snapshot generator is not compatible
INFO [06-01|12:26:40.367] Initialized path database                triecache=614.00MiB statecache=409.00MiB buffer=256.00MiB state-history="last 90000 blocks" journal-dir=/mnt/state_expiry_vol_data/ubt-vs-pbt-dbs/ubt/geth/triedb verkle=true
INFO [06-01|12:26:40.367] 
INFO [06-01|12:26:40.367] ---------------------------------------------------------------------------------------------------------------------------------------------------------
INFO [06-01|12:26:40.367] Chain ID:  1337 (unknown)
INFO [06-01|12:26:40.367] Consensus: unknown
INFO [06-01|12:26:40.367] 
INFO [06-01|12:26:40.367] Pre-Merge hard forks (block based):
INFO [06-01|12:26:40.367]  - Homestead:                   #0       
INFO [06-01|12:26:40.367]  - Tangerine Whistle (EIP 150): #0       
INFO [06-01|12:26:40.367]  - Spurious Dragon/1 (EIP 155): #0       
INFO [06-01|12:26:40.367]  - Spurious Dragon/2 (EIP 158): #0       
INFO [06-01|12:26:40.367]  - Byzantium:                   #0       
INFO [06-01|12:26:40.367]  - Constantinople:              #0       
INFO [06-01|12:26:40.367]  - Petersburg:                  #0       
INFO [06-01|12:26:40.367]  - Istanbul:                    #0       
INFO [06-01|12:26:40.367]  - Berlin:                      #0       
INFO [06-01|12:26:40.367]  - London:                      #0       
INFO [06-01|12:26:40.367]  - Arrow Glacier:               #0       
INFO [06-01|12:26:40.367]  - Gray Glacier:                #0       
INFO [06-01|12:26:40.367] 
INFO [06-01|12:26:40.367] Merge configured:
INFO [06-01|12:26:40.367]  - Total terminal difficulty:  0
INFO [06-01|12:26:40.367]  - Merge netsplit block:       #0       
INFO [06-01|12:26:40.367] 
INFO [06-01|12:26:40.367] Post-Merge hard forks (timestamp based):
INFO [06-01|12:26:40.367]  - Shanghai:                    @0         
INFO [06-01|12:26:40.367]  - Cancun:                      @0          blob: (target: 3, max: 6, fraction: 3338477)
INFO [06-01|12:26:40.367]  - Prague:                      @0          blob: (target: 6, max: 9, fraction: 5007716)
INFO [06-01|12:26:40.367]  - Osaka:                       @0          blob: (target: 6, max: 9, fraction: 5007716)
INFO [06-01|12:26:40.367]  - UBT:                         @0          blob: (nil)
INFO [06-01|12:26:40.367] 
INFO [06-01|12:26:40.367] All fork specifications can be found at https://ethereum.github.io/execution-specs/src/ethereum/forks/
INFO [06-01|12:26:40.367] 
INFO [06-01|12:26:40.367] ---------------------------------------------------------------------------------------------------------------------------------------------------------
INFO [06-01|12:26:40.367] 
INFO [06-01|12:26:40.369] Loaded most recent local block           number=4909 hash=463f12..d5999d age=3s
INFO [06-01|12:26:40.369] Loaded most recent local finalized block number=4896 hash=7acdbc..28ac6c age=26s
INFO [06-01|12:26:40.371] Initialized transaction indexer          range="last 2350000 blocks"
INFO [06-01|12:26:40.371] Initialized log indexer                  firstblock=0 lastblock=4909 firstmap=0 lastmap=0 headindexed=true
INFO [06-01|12:26:40.420] Enabled full-sync                        head=4909 hash=463f12..d5999d
INFO [06-01|12:26:40.420] Unprotected transactions allowed
INFO [06-01|12:26:40.420] Gasprice oracle is ignoring threshold set threshold=2
INFO [06-01|12:26:40.421] Registered sync override service
WARN [06-01|12:26:40.421] You are running Geth in --dev mode. Please note the following:
WARN [06-01|12:26:40.421] 
WARN [06-01|12:26:40.421]   1. This mode is only intended for fast, iterative development without assumptions on
WARN [06-01|12:26:40.421]      security or persistence.
WARN [06-01|12:26:40.421]   2. The database is created in memory unless specified otherwise. Therefore, shutting down
WARN [06-01|12:26:40.421]      your computer or losing power will wipe your entire block data and chain state for
WARN [06-01|12:26:40.421]      your dev environment.
WARN [06-01|12:26:40.421]   3. A random, pre-allocated developer account will be available and unlocked as
WARN [06-01|12:26:40.421]      eth.coinbase, which can be used for testing. The random dev account is temporary,
WARN [06-01|12:26:40.421]      stored on a ramdisk, and will be lost if your machine is restarted.
WARN [06-01|12:26:40.421]   4. Mining is enabled by default. However, the client will only seal blocks if transactions
WARN [06-01|12:26:40.421]      are pending in the mempool. The miner's minimum accepted gas price is 1.
WARN [06-01|12:26:40.421]   5. Networking is disabled; there is no listen-address, the maximum number of peers is set
WARN [06-01|12:26:40.421]      to 0, and discovery is disabled.
WARN [06-01|12:26:40.421] 
INFO [06-01|12:26:40.421] Starting peer-to-peer node               instance=Geth/v1.17.3-unstable/linux-amd64/go1.24.9
WARN [06-01|12:26:40.421] P2P server will be useless, neither dialing nor listening
INFO [06-01|12:26:40.457] IPC endpoint opened                      url=/mnt/state_expiry_vol_data/ubt-vs-pbt-dbs/ubt/geth.ipc
ERROR[06-01|12:26:40.457] Unavailable modules in HTTP API list     unavailable=[personal] available="[admin debug web3 eth txpool miner net dev testing]"
INFO [06-01|12:26:40.457] New local node record                    seq=1,780,289,664,775 id=c084d8867e8cc127 ip=127.0.0.1 udp=0 tcp=0
INFO [06-01|12:26:40.457] Started P2P networking                   self=enode://ed0ccbffbfc0dc9f1b0f8e55d585ad3e61215b1974f32d9388e7ae53563e3ebe0172c21d754fa202c3a63f95bef3ff3ea24339ffdabd0115c47ec5b8d33136a9@127.0.0.1:0
INFO [06-01|12:26:40.457] HTTP server started                      endpoint=127.0.0.1:8545 auth=false prefix= cors= vhosts=localhost
INFO [06-01|12:26:40.457] WebSocket enabled                        url=ws://127.0.0.1:8546
INFO [06-01|12:26:40.881] Loaded local transaction journal         transactions=3437 dropped=0
INFO [06-01|12:26:41.719] Started log indexer
INFO [06-01|12:26:41.769] Starting work on payload                 id=0x03962a7748771835
INFO [06-01|12:26:41.787] Updated payload                          id=0x03962a7748771835 number=4910 hash=e41953..e59028 txs=0 withdrawals=0 gas=0 fees=0 root=3d3e0a..0a25c7 elapsed=18.204ms
INFO [06-01|12:26:41.787] Stopping work on payload                 id=0x03962a7748771835 reason=delivery
WARN [06-01|12:26:41.792] {"level":"warn","msg":"Slow block","block":{"number":4910,"hash":"0xe4195300df3381cff3c475279c8ff67941a7bd6a2e1e47d57deea0745ee59028","gas_used":0,"tx_count":0},"timing":{"execution_ms":0.038343,"state_read_ms":3.352265,"state_hash_ms":0.002839,"commit_ms":0.2165,"total_ms":4.065788},"throughput":{"mgas_per_sec":0},"state_reads":{"accounts":4,"storage_slots":0,"code":0,"code_bytes":0},"state_writes":{"accounts":0,"accounts_deleted":0,"storage_slots":0,"storage_slots_deleted":0,"code":0,"code_bytes":0},"cache":{"account":{"hits":0,"misses":4,"hit_rate":0},"storage":{"hits":0,"misses":0,"hit_rate":0},"code":{"hits":0,"misses":0,"hit_rate":0,"hit_bytes":0,"miss_bytes":0}}}
INFO [06-01|12:26:41.792] Imported new potential chain segment     number=4910 hash=e41953..e59028 blocks=1 txs=0 mgas=0.000 elapsed=4.418ms  mgasps=0.000 triediffs=8.84MiB triedirty=513.64KiB
INFO [06-01|12:26:41.792] Chain head was updated                   number=4910 hash=e41953..e59028 root=3d3e0a..0a25c7 elapsed="54.622µs"
INFO [06-01|12:26:42.804] Starting work on payload                 id=0x039893a3a4aae4d5
INFO [06-01|12:26:42.828] Updated payload                          id=0x039893a3a4aae4d5 number=4911 hash=e2c8b1..82a6b7 txs=0 withdrawals=0 gas=0 fees=0 root=3d3e0a..0a25c7 elapsed=24.394ms
INFO [06-01|12:26:42.828] Stopping work on payload                 id=0x039893a3a4aae4d5 reason=delivery
WARN [06-01|12:26:42.841] {"level":"warn","msg":"Slow block","block":{"number":4911,"hash":"0xe2c8b1794a6d0e4a59e6a9b31b596227ed2c7fcf5456dbe3d5cebb9b4b82a6b7","gas_used":0,"tx_count":0},"timing":{"execution_ms":0.106439,"state_read_ms":12.193819,"state_hash_ms":0.003378,"commit_ms":0.176723,"total_ms":12.696998},"throughput":{"mgas_per_sec":0},"state_reads":{"accounts":4,"storage_slots":0,"code":0,"code_bytes":0},"state_writes":{"accounts":0,"accounts_deleted":0,"storage_slots":0,"storage_slots_deleted":0,"code":0,"code_bytes":0},"cache":{"account":{"hits":0,"misses":4,"hit_rate":0},"storage":{"hits":0,"misses":0,"hit_rate":0},"code":{"hits":0,"misses":0,"hit_rate":0,"hit_bytes":0,"miss_bytes":0}}}
INFO [06-01|12:26:42.841] Imported new potential chain segment     number=4911 hash=e2c8b1..82a6b7 blocks=1 txs=0 mgas=0.000 elapsed=12.935ms   mgasps=0.000 triediffs=8.84MiB triedirty=513.64KiB
INFO [06-01|12:26:42.842] Chain head was updated                   number=4911 hash=e2c8b1..82a6b7 root=3d3e0a..0a25c7 elapsed="55.064µs"
INFO [06-01|12:26:43.867] Starting work on payload                 id=0x031549b08879f6dc
INFO [06-01|12:26:43.888] Updated payload                          id=0x031549b08879f6dc number=4912 hash=51277a..2c74c8 txs=0 withdrawals=0 gas=0 fees=0 root=3d3e0a..0a25c7 elapsed=20.622ms
INFO [06-01|12:26:43.888] Stopping work on payload                 id=0x031549b08879f6dc reason=delivery
WARN [06-01|12:26:43.901] {"level":"warn","msg":"Slow block","block":{"number":4912,"hash":"0x51277af8832834d228fc3244f34b93a845ab1b28d97d1e3a1a669f23c32c74c8","gas_used":0,"tx_count":0},"timing":{"execution_ms":0.046255,"state_read_ms":8.2978,"state_hash_ms":0.009739,"commit_ms":4.10871,"total_ms":12.705588},"throughput":{"mgas_per_sec":0},"state_reads":{"accounts":4,"storage_slots":0,"code":0,"code_bytes":0},"state_writes":{"accounts":0,"accounts_deleted":0,"storage_slots":0,"storage_slots_deleted":0,"code":0,"code_bytes":0},"cache":{"account":{"hits":0,"misses":4,"hit_rate":0},"storage":{"hits":0,"misses":0,"hit_rate":0},"code":{"hits":0,"misses":0,"hit_rate":0,"hit_bytes":0,"miss_bytes":0}}}
INFO [06-01|12:26:43.901] Imported new potential chain segment     number=4912 hash=51277a..2c74c8 blocks=1 txs=0 mgas=0.000 elapsed=12.976ms   mgasps=0.000 triediffs=8.84MiB triedirty=513.64KiB
INFO [06-01|12:26:43.901] Chain head was updated                   number=4912 hash=51277a..2c74c8 root=3d3e0a..0a25c7 elapsed="57.32µs"
INFO [06-01|12:26:43.948] Submitted contract creation              hash=0x9549b2a8ba4834596e74ee71665b888c4fb81e51d4ed97c0505fb2256752b1f9 from=0xf39Fd6e51aad88F6F4ce6aB8827279cffFb92266 nonce=1463 contract=0xd5aab64516b11492d3d3d67e2e2FF79eC6bCF7a3 value=0
INFO [06-01|12:26:43.949] Submitted transaction                    hash=0x7fe9932f347b1206a7b504e12e53478ff1b30e25fc7597480435622d5191bd32 from=0xf39Fd6e51aad88F6F4ce6aB8827279cffFb92266 nonce=1464 recipient=0x647aBE47dE77Cc40F9EFe316f934753b9d285fF6 value=78,000,000
INFO [06-01|12:26:44.922] Starting work on payload                 id=0x03597eaa89d9de38
INFO [06-01|12:26:44.972] Updated payload                          id=0x03597eaa89d9de38 number=4913 hash=34cac8..aeada7 txs=2 withdrawals=0 gas=86120 fees=5.1672e-13 root=45f495..24db63 elapsed=50.402ms
INFO [06-01|12:26:44.972] Stopping work on payload                 id=0x03597eaa89d9de38 reason=delivery
WARN [06-01|12:26:45.001] {"level":"warn","msg":"Slow block","block":{"number":4913,"hash":"0x34cac834a158ded2e23c640aece1da83456390cce809bdc07d513d8025aeada7","gas_used":86120,"tx_count":2},"timing":{"execution_ms":0.140895,"state_read_ms":20.293191,"state_hash_ms":3.008855,"commit_ms":4.666323,"total_ms":28.394526},"throughput":{"mgas_per_sec":3.0329789622126464},"state_reads":{"accounts":11,"storage_slots":0,"code":0,"code_bytes":0},"state_writes":{"accounts":3,"accounts_deleted":0,"storage_slots":0,"storage_slots_deleted":0,"code":1,"code_bytes":155},"cache":{"account":{"hits":6,"misses":5,"hit_rate":54.54545454545454},"storage":{"hits":0,"misses":0,"hit_rate":0},"code":{"hits":0,"misses":0,"hit_rate":0,"hit_bytes":0,"miss_bytes":0}}}
INFO [06-01|12:26:45.001] Imported new potential chain segment     number=4913 hash=34cac8..aeada7 blocks=1 txs=2 mgas=0.086 elapsed=28.590ms   mgasps=3.012 triediffs=8.85MiB triedirty=513.64KiB
INFO [06-01|12:26:45.001] Chain head was updated                   number=4913 hash=34cac8..aeada7 root=45f495..24db63 elapsed="138.94µs"
INFO [06-01|12:26:45.967] Submitted transaction                    hash=0xb552a8a7d847922a679065f8a97d93cee35599574d8c284f8f2de55260cf38e9 from=0x647aBE47dE77Cc40F9EFe316f934753b9d285fF6 nonce=0    recipient=0xd5aab64516b11492d3d3d67e2e2FF79eC6bCF7a3 value=0
INFO [06-01|12:26:46.023] Starting work on payload                 id=0x03752ad2d2dcd033
INFO [06-01|12:26:46.240] Updated payload                          id=0x03752ad2d2dcd033 number=4914 hash=9e2ba7..55dcdb txs=1 withdrawals=0 gas=5,900,418 fees=3.5402508e-11 root=53dcfb..c82161 elapsed=217.538ms
INFO [06-01|12:26:46.241] Stopping work on payload                 id=0x03752ad2d2dcd033 reason=delivery
WARN [06-01|12:26:46.372] {"level":"warn","msg":"Slow block","block":{"number":4914,"hash":"0x9e2ba757ac3ffa1ba64cc7abb0ae55d5e84cc220aef157f5ad49608de155dcdb","gas_used":5900418,"tx_count":1},"timing":{"execution_ms":115.131244,"state_read_ms":11.911332,"state_hash_ms":3.022753,"commit_ms":0.811809,"total_ms":131.34633},"throughput":{"mgas_per_sec":44.922595096490326},"state_reads":{"accounts":8,"storage_slots":258,"code":2,"code_bytes":183},"state_writes":{"accounts":2,"accounts_deleted":0,"storage_slots":0,"storage_slots_deleted":0,"code":0,"code_bytes":0},"cache":{"account":{"hits":2,"misses":6,"hit_rate":25},"storage":{"hits":52,"misses":206,"hit_rate":20.155038759689923},"code":{"hits":2,"misses":0,"hit_rate":100,"hit_bytes":183,"miss_bytes":0}}}
INFO [06-01|12:26:46.372] Imported new potential chain segment     number=4914 hash=9e2ba7..55dcdb blocks=1 txs=1 mgas=5.900 elapsed=131.589ms  mgasps=44.840 triediffs=8.84MiB triedirty=520.24KiB
INFO [06-01|12:26:46.373] Chain head was updated                   number=4914 hash=9e2ba7..55dcdb root=53dcfb..c82161 elapsed="108.986µs"
INFO [06-01|12:26:46.984] Submitted transaction                    hash=0x4ca7da54bafded805014893f4c7bae8521a0b39327ce082859283fa999bd428e from=0x647aBE47dE77Cc40F9EFe316f934753b9d285fF6 nonce=1    recipient=0xf39Fd6e51aad88F6F4ce6aB8827279cffFb92266 value=1,042,566
INFO [06-01|12:26:47.387] Starting work on payload                 id=0x037e3fa7aabd574e
INFO [06-01|12:26:47.403] Updated payload                          id=0x037e3fa7aabd574e number=4915 hash=6973cd..05a47f txs=1 withdrawals=0 gas=21000     fees=2.1e-14       root=1ddb29..bb4c4b elapsed=15.769ms
INFO [06-01|12:26:47.403] Stopping work on payload                 id=0x037e3fa7aabd574e reason=delivery
WARN [06-01|12:26:47.427] {"level":"warn","msg":"Slow block","block":{"number":4915,"hash":"0x6973cdd9df064f25bfe9b4a8e68a014620f7f3df44f59976df485593ad05a47f","gas_used":21000,"tx_count":1},"timing":{"execution_ms":0.631432,"state_read_ms":12.725368,"state_hash_ms":9.25285,"commit_ms":0.679789,"total_ms":23.515812},"throughput":{"mgas_per_sec":0.8930161544070857},"state_reads":{"accounts":6,"storage_slots":0,"code":0,"code_bytes":0},"state_writes":{"accounts":2,"accounts_deleted":0,"storage_slots":0,"storage_slots_deleted":0,"code":0,"code_bytes":0},"cache":{"account":{"hits":2,"misses":4,"hit_rate":33.33333333333333},"storage":{"hits":0,"misses":0,"hit_rate":0},"code":{"hits":0,"misses":0,"hit_rate":0,"hit_bytes":0,"miss_bytes":0}}}
INFO [06-01|12:26:47.427] Imported new potential chain segment     number=4915 hash=6973cd..05a47f blocks=1 txs=1 mgas=0.021 elapsed=23.698ms    mgasps=0.886  triediffs=8.75MiB triedirty=563.93KiB
INFO [06-01|12:26:47.427] Chain head was updated                   number=4915 hash=6973cd..05a47f root=1ddb29..bb4c4b elapsed="51.726µs"
INFO [06-01|12:26:48.439] Starting work on payload                 id=0x03a6f4320acfee02
INFO [06-01|12:26:48.457] Updated payload                          id=0x03a6f4320acfee02 number=4916 hash=803066..a7e142 txs=0 withdrawals=0 gas=0         fees=0             root=1ddb29..bb4c4b elapsed=17.605ms
INFO [06-01|12:26:48.457] Stopping work on payload                 id=0x03a6f4320acfee02 reason=delivery
WARN [06-01|12:26:48.462] {"level":"warn","msg":"Slow block","block":{"number":4916,"hash":"0x803066dfebca2e87871e7b37fa43b22e3e15292ef28960bcb8f4806541a7e142","gas_used":0,"tx_count":0},"timing":{"execution_ms":0.03106,"state_read_ms":4.816987,"state_hash_ms":0.001882,"commit_ms":0.135548,"total_ms":5.152337},"throughput":{"mgas_per_sec":0},"state_reads":{"accounts":4,"storage_slots":0,"code":0,"code_bytes":0},"state_writes":{"accounts":0,"accounts_deleted":0,"storage_slots":0,"storage_slots_deleted":0,"code":0,"code_bytes":0},"cache":{"account":{"hits":0,"misses":4,"hit_rate":0},"storage":{"hits":0,"misses":0,"hit_rate":0},"code":{"hits":0,"misses":0,"hit_rate":0,"hit_bytes":0,"miss_bytes":0}}}
INFO [06-01|12:26:48.462] Imported new potential chain segment     number=4916 hash=803066..a7e142 blocks=1 txs=0 mgas=0.000 elapsed=5.281ms     mgasps=0.000  triediffs=8.75MiB triedirty=563.93KiB
INFO [06-01|12:26:48.462] Chain head was updated                   number=4916 hash=803066..a7e142 root=1ddb29..bb4c4b elapsed="41.703µs"
