WARN [06-01|12:59:37.250] Unknown config environment variable      envvar=GETH_PBT_BIN
WARN [06-01|12:59:37.250] Unknown config environment variable      envvar=GETH_UBT_BIN
INFO [06-01|12:59:37.260] Starting Geth on Ethereum mainnet...
INFO [06-01|12:59:37.262] Maximum peer count                       ETH=0 total=0
INFO [06-01|12:59:37.263] Smartcard socket not found, disabling    err="stat /run/pcscd/pcscd.comm: no such file or directory"
WARN [06-01|12:59:37.266] Option --miner.etherbase is deprecated as the etherbase is set by the consensus client post-merge
INFO [06-01|12:59:37.270] Set global gas cap                       cap=50,000,000
INFO [06-01|12:59:38.071] Using developer account                  address=0xf39Fd6e51aad88F6F4ce6aB8827279cffFb92266
INFO [06-01|12:59:38.116] Using pebble as the backing database
INFO [06-01|12:59:38.116] Allocated cache and file handles         database=/mnt/state_expiry_vol_data/ubt-vs-pbt-dbs/ubt/geth/chaindata cache=2.00GiB handles=262,144
INFO [06-01|12:59:38.356] Opened ancient database                  database=/mnt/state_expiry_vol_data/ubt-vs-pbt-dbs/ubt/geth/chaindata/ancient/chain readonly=true
INFO [06-01|12:59:38.357] Opened Era store                         datadir=/mnt/state_expiry_vol_data/ubt-vs-pbt-dbs/ubt/geth/chaindata/ancient/chain/era
INFO [06-01|12:59:38.364] Initializing the KZG library             backend=gokzg
INFO [06-01|12:59:38.366] Allocated trie memory caches             clean=614.00MiB dirty=1.00GiB
INFO [06-01|12:59:38.383] Using pebble as the backing database
INFO [06-01|12:59:38.383] Allocated cache and file handles         database=/mnt/state_expiry_vol_data/ubt-vs-pbt-dbs/ubt/geth/chaindata cache=2.00GiB handles=262,144
INFO [06-01|12:59:38.597] Opened ancient database                  database=/mnt/state_expiry_vol_data/ubt-vs-pbt-dbs/ubt/geth/chaindata/ancient/chain readonly=false
INFO [06-01|12:59:38.597] Opened Era store                         datadir=/mnt/state_expiry_vol_data/ubt-vs-pbt-dbs/ubt/geth/chaindata/ancient/chain/era
INFO [06-01|12:59:38.605] State scheme set to already existing     scheme=path
INFO [06-01|12:59:38.606] Initialising Ethereum protocol           network=1337 dbversion=9
WARN [06-01|12:59:38.606] Sanitizing invalid node buffer size      provided=1.00GiB updated=256.00MiB
INFO [06-01|12:59:38.606] Load database journal from file          path=/mnt/state_expiry_vol_data/ubt-vs-pbt-dbs/ubt/geth/triedb/verkle.journal
INFO [06-01|12:59:38.971] Opened ancient database                  database=/mnt/state_expiry_vol_data/ubt-vs-pbt-dbs/ubt/geth/chaindata/ancient/state_verkle readonly=false
INFO [06-01|12:59:38.973] State snapshot generator is not compatible
INFO [06-01|12:59:38.973] Initialized path database                triecache=614.00MiB statecache=409.00MiB buffer=256.00MiB state-history="last 90000 blocks" journal-dir=/mnt/state_expiry_vol_data/ubt-vs-pbt-dbs/ubt/geth/triedb verkle=true
INFO [06-01|12:59:38.974] 
INFO [06-01|12:59:38.974] ---------------------------------------------------------------------------------------------------------------------------------------------------------
INFO [06-01|12:59:38.974] Chain ID:  1337 (unknown)
INFO [06-01|12:59:38.974] Consensus: unknown
INFO [06-01|12:59:38.974] 
INFO [06-01|12:59:38.974] Pre-Merge hard forks (block based):
INFO [06-01|12:59:38.974]  - Homestead:                   #0       
INFO [06-01|12:59:38.974]  - Tangerine Whistle (EIP 150): #0       
INFO [06-01|12:59:38.974]  - Spurious Dragon/1 (EIP 155): #0       
INFO [06-01|12:59:38.974]  - Spurious Dragon/2 (EIP 158): #0       
INFO [06-01|12:59:38.974]  - Byzantium:                   #0       
INFO [06-01|12:59:38.974]  - Constantinople:              #0       
INFO [06-01|12:59:38.974]  - Petersburg:                  #0       
INFO [06-01|12:59:38.974]  - Istanbul:                    #0       
INFO [06-01|12:59:38.974]  - Berlin:                      #0       
INFO [06-01|12:59:38.974]  - London:                      #0       
INFO [06-01|12:59:38.974]  - Arrow Glacier:               #0       
INFO [06-01|12:59:38.974]  - Gray Glacier:                #0       
INFO [06-01|12:59:38.974] 
INFO [06-01|12:59:38.974] Merge configured:
INFO [06-01|12:59:38.974]  - Total terminal difficulty:  0
INFO [06-01|12:59:38.974]  - Merge netsplit block:       #0       
INFO [06-01|12:59:38.974] 
INFO [06-01|12:59:38.974] Post-Merge hard forks (timestamp based):
INFO [06-01|12:59:38.974]  - Shanghai:                    @0         
INFO [06-01|12:59:38.974]  - Cancun:                      @0          blob: (target: 3, max: 6, fraction: 3338477)
INFO [06-01|12:59:38.974]  - Prague:                      @0          blob: (target: 6, max: 9, fraction: 5007716)
INFO [06-01|12:59:38.974]  - Osaka:                       @0          blob: (target: 6, max: 9, fraction: 5007716)
INFO [06-01|12:59:38.974]  - UBT:                         @0          blob: (nil)
INFO [06-01|12:59:38.974] 
INFO [06-01|12:59:38.974] All fork specifications can be found at https://ethereum.github.io/execution-specs/src/ethereum/forks/
INFO [06-01|12:59:38.974] 
INFO [06-01|12:59:38.974] ---------------------------------------------------------------------------------------------------------------------------------------------------------
INFO [06-01|12:59:38.974] 
INFO [06-01|12:59:38.976] Loaded most recent local block           number=6079 hash=b0fcfe..bc5b4e age=3s
INFO [06-01|12:59:38.976] Loaded most recent local finalized block number=6048 hash=4cecc6..b22864 age=57s
INFO [06-01|12:59:38.977] Initialized transaction indexer          range="last 2350000 blocks"
INFO [06-01|12:59:38.977] Initialized log indexer                  firstblock=0 lastblock=6079 firstmap=0 lastmap=0 headindexed=true
INFO [06-01|12:59:39.015] Enabled full-sync                        head=6079 hash=b0fcfe..bc5b4e
INFO [06-01|12:59:39.015] Unprotected transactions allowed
INFO [06-01|12:59:39.015] Gasprice oracle is ignoring threshold set threshold=2
INFO [06-01|12:59:39.015] Registered sync override service
WARN [06-01|12:59:39.015] You are running Geth in --dev mode. Please note the following:
WARN [06-01|12:59:39.015] 
WARN [06-01|12:59:39.015]   1. This mode is only intended for fast, iterative development without assumptions on
WARN [06-01|12:59:39.015]      security or persistence.
WARN [06-01|12:59:39.015]   2. The database is created in memory unless specified otherwise. Therefore, shutting down
WARN [06-01|12:59:39.015]      your computer or losing power will wipe your entire block data and chain state for
WARN [06-01|12:59:39.015]      your dev environment.
WARN [06-01|12:59:39.015]   3. A random, pre-allocated developer account will be available and unlocked as
WARN [06-01|12:59:39.015]      eth.coinbase, which can be used for testing. The random dev account is temporary,
WARN [06-01|12:59:39.015]      stored on a ramdisk, and will be lost if your machine is restarted.
WARN [06-01|12:59:39.015]   4. Mining is enabled by default. However, the client will only seal blocks if transactions
WARN [06-01|12:59:39.015]      are pending in the mempool. The miner's minimum accepted gas price is 1.
WARN [06-01|12:59:39.016]   5. Networking is disabled; there is no listen-address, the maximum number of peers is set
WARN [06-01|12:59:39.016]      to 0, and discovery is disabled.
WARN [06-01|12:59:39.016] 
INFO [06-01|12:59:39.016] Starting peer-to-peer node               instance=Geth/v1.17.3-unstable/linux-amd64/go1.24.9
WARN [06-01|12:59:39.016] P2P server will be useless, neither dialing nor listening
INFO [06-01|12:59:39.039] IPC endpoint opened                      url=/mnt/state_expiry_vol_data/ubt-vs-pbt-dbs/ubt/geth.ipc
ERROR[06-01|12:59:39.039] Unavailable modules in HTTP API list     unavailable=[personal] available="[admin debug web3 eth txpool miner net dev testing]"
INFO [06-01|12:59:39.039] New local node record                    seq=1,780,289,664,961 id=c084d8867e8cc127 ip=127.0.0.1 udp=0 tcp=0
INFO [06-01|12:59:39.039] Started P2P networking                   self=enode://ed0ccbffbfc0dc9f1b0f8e55d585ad3e61215b1974f32d9388e7ae53563e3ebe0172c21d754fa202c3a63f95bef3ff3ea24339ffdabd0115c47ec5b8d33136a9@127.0.0.1:0
INFO [06-01|12:59:39.039] HTTP server started                      endpoint=127.0.0.1:8545 auth=false prefix= cors= vhosts=localhost
INFO [06-01|12:59:39.039] WebSocket enabled                        url=ws://127.0.0.1:8546
INFO [06-01|12:59:39.462] Loaded local transaction journal         transactions=4181 dropped=0
INFO [06-01|12:59:40.162] Started log indexer
INFO [06-01|12:59:40.222] Starting work on payload                 id=0x036ce918a578aa2a
INFO [06-01|12:59:40.243] Updated payload                          id=0x036ce918a578aa2a number=6080 hash=d283d6..6b244e txs=0 withdrawals=0 gas=0 fees=0 root=b3d7ba..615584 elapsed=20.767ms
INFO [06-01|12:59:40.243] Stopping work on payload                 id=0x036ce918a578aa2a reason=delivery
WARN [06-01|12:59:40.247] {"level":"warn","msg":"Slow block","block":{"number":6080,"hash":"0xd283d642f082bf9f024a0d4f420869b5ee107b751194a24620546288476b244e","gas_used":0,"tx_count":0},"timing":{"execution_ms":0.0321,"state_read_ms":2.707843,"state_hash_ms":0.001415,"commit_ms":0.372047,"total_ms":3.292561},"throughput":{"mgas_per_sec":0},"state_reads":{"accounts":4,"storage_slots":0,"code":0,"code_bytes":0},"state_writes":{"accounts":0,"accounts_deleted":0,"storage_slots":0,"storage_slots_deleted":0,"code":0,"code_bytes":0},"cache":{"account":{"hits":0,"misses":4,"hit_rate":0},"storage":{"hits":0,"misses":0,"hit_rate":0},"code":{"hits":0,"misses":0,"hit_rate":0,"hit_bytes":0,"miss_bytes":0}}}
INFO [06-01|12:59:40.247] Imported new potential chain segment     number=6080 hash=d283d6..6b244e blocks=1 txs=0 mgas=0.000 elapsed=3.948ms  mgasps=0.000 triediffs=11.49MiB triedirty=13.81MiB
INFO [06-01|12:59:40.247] Chain head was updated                   number=6080 hash=d283d6..6b244e root=b3d7ba..615584 elapsed="85.827µs"
INFO [06-01|12:59:41.266] Starting work on payload                 id=0x0380fd67d8fd63b5
INFO [06-01|12:59:41.270] Updated payload                          id=0x0380fd67d8fd63b5 number=6081 hash=a34cdb..4ffb7e txs=0 withdrawals=0 gas=0 fees=0 root=b3d7ba..615584 elapsed=3.224ms
INFO [06-01|12:59:41.275] Stopping work on payload                 id=0x0380fd67d8fd63b5 reason=delivery
WARN [06-01|12:59:41.291] {"level":"warn","msg":"Slow block","block":{"number":6081,"hash":"0xa34cdb58ffdc916ee6b4fdbff1043ee4b01ae0d9aaa38722e0830832c54ffb7e","gas_used":0,"tx_count":0},"timing":{"execution_ms":0.040831,"state_read_ms":20.63592,"state_hash_ms":0.002303,"commit_ms":0.194537,"total_ms":21.076424},"throughput":{"mgas_per_sec":0},"state_reads":{"accounts":4,"storage_slots":0,"code":0,"code_bytes":0},"state_writes":{"accounts":0,"accounts_deleted":0,"storage_slots":0,"storage_slots_deleted":0,"code":0,"code_bytes":0},"cache":{"account":{"hits":0,"misses":4,"hit_rate":0},"storage":{"hits":0,"misses":0,"hit_rate":0},"code":{"hits":0,"misses":0,"hit_rate":0,"hit_bytes":0,"miss_bytes":0}}}
INFO [06-01|12:59:41.291] Imported new potential chain segment     number=6081 hash=a34cdb..4ffb7e blocks=1 txs=0 mgas=0.000 elapsed=21.354ms   mgasps=0.000 triediffs=11.49MiB triedirty=13.81MiB
INFO [06-01|12:59:41.292] Chain head was updated                   number=6081 hash=a34cdb..4ffb7e root=b3d7ba..615584 elapsed="51.153µs"
INFO [06-01|12:59:42.316] Starting work on payload                 id=0x036a60e5c28f84e6
INFO [06-01|12:59:42.343] Updated payload                          id=0x036a60e5c28f84e6 number=6082 hash=232d4f..7301a0 txs=0 withdrawals=0 gas=0 fees=0 root=b3d7ba..615584 elapsed=27.451ms
INFO [06-01|12:59:42.344] Stopping work on payload                 id=0x036a60e5c28f84e6 reason=delivery
WARN [06-01|12:59:42.369] {"level":"warn","msg":"Slow block","block":{"number":6082,"hash":"0x232d4fcbb2f70271c6f011e305effada49b83125b50f4b641b55b3ded57301a0","gas_used":0,"tx_count":0},"timing":{"execution_ms":0.067501,"state_read_ms":22.57385,"state_hash_ms":0.003604,"commit_ms":0.185902,"total_ms":25.801893},"throughput":{"mgas_per_sec":0},"state_reads":{"accounts":4,"storage_slots":0,"code":0,"code_bytes":0},"state_writes":{"accounts":0,"accounts_deleted":0,"storage_slots":0,"storage_slots_deleted":0,"code":0,"code_bytes":0},"cache":{"account":{"hits":0,"misses":4,"hit_rate":0},"storage":{"hits":0,"misses":0,"hit_rate":0},"code":{"hits":0,"misses":0,"hit_rate":0,"hit_bytes":0,"miss_bytes":0}}}
INFO [06-01|12:59:42.370] Imported new potential chain segment     number=6082 hash=232d4f..7301a0 blocks=1 txs=0 mgas=0.000 elapsed=26.095ms   mgasps=0.000 triediffs=11.49MiB triedirty=13.81MiB
INFO [06-01|12:59:42.370] Chain head was updated                   number=6082 hash=232d4f..7301a0 root=b3d7ba..615584 elapsed="92.54µs"
INFO [06-01|12:59:42.443] Submitted contract creation              hash=0xd77e8e179fe2e817f67873c77ee22eff92a467b6129194f870597cef466c0259 from=0xf39Fd6e51aad88F6F4ce6aB8827279cffFb92266 nonce=1835 contract=0xA2Ec435D67B35893b81a87212815DCDd20EE4f9B value=0
INFO [06-01|12:59:42.443] Submitted transaction                    hash=0xe60ff27f50e9b299d2cee074fc323da844e93e4f54495c6b93397f93be770e78 from=0xf39Fd6e51aad88F6F4ce6aB8827279cffFb92266 nonce=1836 recipient=0x2583f0B22c9E6AdA145AB7F43581E1B30B2234D7 value=78,000,000
INFO [06-01|12:59:43.384] Starting work on payload                 id=0x033b87f2acdf143f
INFO [06-01|12:59:43.432] Updated payload                          id=0x033b87f2acdf143f number=6083 hash=5d381b..478ce7 txs=2 withdrawals=0 gas=91710 fees=5.5026e-13 root=48241d..f337a3 elapsed=47.846ms
INFO [06-01|12:59:43.432] Stopping work on payload                 id=0x033b87f2acdf143f reason=delivery
WARN [06-01|12:59:43.459] {"level":"warn","msg":"Slow block","block":{"number":6083,"hash":"0x5d381b869cfd89b071e1ebb5174da27d6261ef89e09c1bc2f27a67bcb4478ce7","gas_used":91710,"tx_count":2},"timing":{"execution_ms":0.168786,"state_read_ms":7.724204,"state_hash_ms":6.19859,"commit_ms":5.747448,"total_ms":26.538347},"throughput":{"mgas_per_sec":3.4557540452689084},"state_reads":{"accounts":11,"storage_slots":0,"code":0,"code_bytes":0},"state_writes":{"accounts":3,"accounts_deleted":0,"storage_slots":0,"storage_slots_deleted":0,"code":1,"code_bytes":305},"cache":{"account":{"hits":5,"misses":6,"hit_rate":45.45454545454545},"storage":{"hits":0,"misses":0,"hit_rate":0},"code":{"hits":0,"misses":0,"hit_rate":0,"hit_bytes":0,"miss_bytes":0}}}
INFO [06-01|12:59:43.459] Imported new potential chain segment     number=6083 hash=5d381b..478ce7 blocks=1 txs=2 mgas=0.092 elapsed=26.737ms   mgasps=3.430 triediffs=10.18MiB triedirty=14.06MiB
INFO [06-01|12:59:43.460] Chain head was updated                   number=6083 hash=5d381b..478ce7 root=48241d..f337a3 elapsed="143.475µs"
INFO [06-01|12:59:44.460] Submitted transaction                    hash=0xc34b98562526043659dd3756b3074a97170b3a8a6c4dc35b3c541e3a380160c4 from=0x2583f0B22c9E6AdA145AB7F43581E1B30B2234D7 nonce=0    recipient=0xA2Ec435D67B35893b81a87212815DCDd20EE4f9B value=0
INFO [06-01|12:59:44.466] Starting work on payload                 id=0x03e9b731898947e9
INFO [06-01|12:59:44.676] Updated payload                          id=0x03e9b731898947e9 number=6084 hash=a64aff..375260 txs=1 withdrawals=0 gas=5,908,267 fees=3.5449602e-11 root=a942d0..0a5792 elapsed=209.858ms
INFO [06-01|12:59:44.676] Stopping work on payload                 id=0x03e9b731898947e9 reason=delivery
WARN [06-01|12:59:44.774] {"level":"warn","msg":"Slow block","block":{"number":6084,"hash":"0xa64afffc413677a7492ecff4643dfeef81979a1fe4b236e64b86d13977375260","gas_used":5908267,"tx_count":1},"timing":{"execution_ms":69.648779,"state_read_ms":11.410731,"state_hash_ms":14.274806,"commit_ms":1.696054,"total_ms":97.417759},"throughput":{"mgas_per_sec":60.64876733614864},"state_reads":{"accounts":17,"storage_slots":723,"code":11,"code_bytes":585},"state_writes":{"accounts":3,"accounts_deleted":0,"storage_slots":85,"storage_slots_deleted":0,"code":0,"code_bytes":0},"cache":{"account":{"hits":5,"misses":12,"hit_rate":29.411764705882355},"storage":{"hits":492,"misses":231,"hit_rate":68.04979253112033},"code":{"hits":11,"misses":0,"hit_rate":100,"hit_bytes":585,"miss_bytes":0}}}
INFO [06-01|12:59:44.774] Imported new potential chain segment     number=6084 hash=a64aff..375260 blocks=1 txs=1 mgas=5.908 elapsed=97.667ms    mgasps=60.494 triediffs=10.21MiB triedirty=14.06MiB
INFO [06-01|12:59:44.774] Chain head was updated                   number=6084 hash=a64aff..375260 root=a942d0..0a5792 elapsed="149.768µs"
INFO [06-01|12:59:45.484] Submitted transaction                    hash=0x2807e6c91e19d84a63c8578bea2869ed6518b00602bc876b3d4d3207f2726130 from=0x2583f0B22c9E6AdA145AB7F43581E1B30B2234D7 nonce=1    recipient=0xf39Fd6e51aad88F6F4ce6aB8827279cffFb92266 value=940,529
INFO [06-01|12:59:45.783] Starting work on payload                 id=0x0395222ca160cc29
INFO [06-01|12:59:45.806] Updated payload                          id=0x0395222ca160cc29 number=6085 hash=48f3dd..faf3b8 txs=1 withdrawals=0 gas=21000     fees=2.1e-14       root=64bbc8..c986f4 elapsed=22.364ms
INFO [06-01|12:59:45.807] Stopping work on payload                 id=0x0395222ca160cc29 reason=delivery
WARN [06-01|12:59:45.826] {"level":"warn","msg":"Slow block","block":{"number":6085,"hash":"0x48f3ddba75ca4367860f2c83401bb30a58fddbed0fa1f073421ceeb632faf3b8","gas_used":21000,"tx_count":1},"timing":{"execution_ms":0.079028,"state_read_ms":15.86632,"state_hash_ms":2.583726,"commit_ms":0.551254,"total_ms":19.247897},"throughput":{"mgas_per_sec":1.0910282822066224},"state_reads":{"accounts":6,"storage_slots":0,"code":0,"code_bytes":0},"state_writes":{"accounts":2,"accounts_deleted":0,"storage_slots":0,"storage_slots_deleted":0,"code":0,"code_bytes":0},"cache":{"account":{"hits":0,"misses":6,"hit_rate":0},"storage":{"hits":0,"misses":0,"hit_rate":0},"code":{"hits":0,"misses":0,"hit_rate":0,"hit_bytes":0,"miss_bytes":0}}}
INFO [06-01|12:59:45.826] Imported new potential chain segment     number=6085 hash=48f3dd..faf3b8 blocks=1 txs=1 mgas=0.021 elapsed=19.414ms    mgasps=1.082  triediffs=10.20MiB triedirty=14.06MiB
INFO [06-01|12:59:45.826] Chain head was updated                   number=6085 hash=48f3dd..faf3b8 root=64bbc8..c986f4 elapsed="62.376µs"
INFO [06-01|12:59:46.853] Starting work on payload                 id=0x0355e27ddf2461ed
INFO [06-01|12:59:46.856] Updated payload                          id=0x0355e27ddf2461ed number=6086 hash=9d4f61..a4e931 txs=0 withdrawals=0 gas=0         fees=0             root=64bbc8..c986f4 elapsed=2.928ms
INFO [06-01|12:59:46.856] Stopping work on payload                 id=0x0355e27ddf2461ed reason=delivery
WARN [06-01|12:59:46.873] {"level":"warn","msg":"Slow block","block":{"number":6086,"hash":"0x9d4f6143fad3e0799bbd33c114ab79693fbd25d448cddccfc9bc19f8f7a4e931","gas_used":0,"tx_count":0},"timing":{"execution_ms":0.209319,"state_read_ms":15.442689,"state_hash_ms":0.003472,"commit_ms":0.160371,"total_ms":16.976465},"throughput":{"mgas_per_sec":0},"state_reads":{"accounts":4,"storage_slots":0,"code":0,"code_bytes":0},"state_writes":{"accounts":0,"accounts_deleted":0,"storage_slots":0,"storage_slots_deleted":0,"code":0,"code_bytes":0},"cache":{"account":{"hits":0,"misses":4,"hit_rate":0},"storage":{"hits":0,"misses":0,"hit_rate":0},"code":{"hits":0,"misses":0,"hit_rate":0,"hit_bytes":0,"miss_bytes":0}}}
INFO [06-01|12:59:46.873] Imported new potential chain segment     number=6086 hash=9d4f61..a4e931 blocks=1 txs=0 mgas=0.000 elapsed=17.138ms    mgasps=0.000  triediffs=10.20MiB triedirty=14.06MiB
INFO [06-01|12:59:46.874] Chain head was updated                   number=6086 hash=9d4f61..a4e931 root=64bbc8..c986f4 elapsed="66.354µs"
