WARN [06-01|12:35:30.459] Unknown config environment variable      envvar=GETH_PBT_BIN
WARN [06-01|12:35:30.459] Unknown config environment variable      envvar=GETH_UBT_BIN
INFO [06-01|12:35:30.470] Starting Geth on Ethereum mainnet...
INFO [06-01|12:35:30.472] Maximum peer count                       ETH=0 total=0
INFO [06-01|12:35:30.473] Smartcard socket not found, disabling    err="stat /run/pcscd/pcscd.comm: no such file or directory"
WARN [06-01|12:35:30.476] Option --miner.etherbase is deprecated as the etherbase is set by the consensus client post-merge
INFO [06-01|12:35:30.479] Set global gas cap                       cap=50,000,000
INFO [06-01|12:35:31.319] Using developer account                  address=0xf39Fd6e51aad88F6F4ce6aB8827279cffFb92266
INFO [06-01|12:35:31.363] Using pebble as the backing database
INFO [06-01|12:35:31.364] Allocated cache and file handles         database=/mnt/state_expiry_vol_data/ubt-vs-pbt-dbs/ubt/geth/chaindata cache=2.00GiB handles=262,144
INFO [06-01|12:35:31.595] Opened ancient database                  database=/mnt/state_expiry_vol_data/ubt-vs-pbt-dbs/ubt/geth/chaindata/ancient/chain readonly=true
INFO [06-01|12:35:31.595] Opened Era store                         datadir=/mnt/state_expiry_vol_data/ubt-vs-pbt-dbs/ubt/geth/chaindata/ancient/chain/era
INFO [06-01|12:35:31.603] Initializing the KZG library             backend=gokzg
INFO [06-01|12:35:31.606] Allocated trie memory caches             clean=614.00MiB dirty=1.00GiB
INFO [06-01|12:35:31.624] Using pebble as the backing database
INFO [06-01|12:35:31.624] Allocated cache and file handles         database=/mnt/state_expiry_vol_data/ubt-vs-pbt-dbs/ubt/geth/chaindata cache=2.00GiB handles=262,144
INFO [06-01|12:35:31.840] Opened ancient database                  database=/mnt/state_expiry_vol_data/ubt-vs-pbt-dbs/ubt/geth/chaindata/ancient/chain readonly=false
INFO [06-01|12:35:31.840] Opened Era store                         datadir=/mnt/state_expiry_vol_data/ubt-vs-pbt-dbs/ubt/geth/chaindata/ancient/chain/era
INFO [06-01|12:35:31.849] State scheme set to already existing     scheme=path
INFO [06-01|12:35:31.849] Initialising Ethereum protocol           network=1337 dbversion=9
WARN [06-01|12:35:31.849] Sanitizing invalid node buffer size      provided=1.00GiB updated=256.00MiB
INFO [06-01|12:35:31.849] Load database journal from file          path=/mnt/state_expiry_vol_data/ubt-vs-pbt-dbs/ubt/geth/triedb/verkle.journal
INFO [06-01|12:35:31.954] Opened ancient database                  database=/mnt/state_expiry_vol_data/ubt-vs-pbt-dbs/ubt/geth/chaindata/ancient/state_verkle readonly=false
INFO [06-01|12:35:31.956] State snapshot generator is not compatible
INFO [06-01|12:35:31.956] Initialized path database                triecache=614.00MiB statecache=409.00MiB buffer=256.00MiB state-history="last 90000 blocks" journal-dir=/mnt/state_expiry_vol_data/ubt-vs-pbt-dbs/ubt/geth/triedb verkle=true
INFO [06-01|12:35:31.956] 
INFO [06-01|12:35:31.956] ---------------------------------------------------------------------------------------------------------------------------------------------------------
INFO [06-01|12:35:31.956] Chain ID:  1337 (unknown)
INFO [06-01|12:35:31.956] Consensus: unknown
INFO [06-01|12:35:31.956] 
INFO [06-01|12:35:31.956] Pre-Merge hard forks (block based):
INFO [06-01|12:35:31.956]  - Homestead:                   #0       
INFO [06-01|12:35:31.956]  - Tangerine Whistle (EIP 150): #0       
INFO [06-01|12:35:31.956]  - Spurious Dragon/1 (EIP 155): #0       
INFO [06-01|12:35:31.956]  - Spurious Dragon/2 (EIP 158): #0       
INFO [06-01|12:35:31.956]  - Byzantium:                   #0       
INFO [06-01|12:35:31.956]  - Constantinople:              #0       
INFO [06-01|12:35:31.956]  - Petersburg:                  #0       
INFO [06-01|12:35:31.956]  - Istanbul:                    #0       
INFO [06-01|12:35:31.956]  - Berlin:                      #0       
INFO [06-01|12:35:31.956]  - London:                      #0       
INFO [06-01|12:35:31.956]  - Arrow Glacier:               #0       
INFO [06-01|12:35:31.956]  - Gray Glacier:                #0       
INFO [06-01|12:35:31.957] 
INFO [06-01|12:35:31.957] Merge configured:
INFO [06-01|12:35:31.957]  - Total terminal difficulty:  0
INFO [06-01|12:35:31.957]  - Merge netsplit block:       #0       
INFO [06-01|12:35:31.957] 
INFO [06-01|12:35:31.957] Post-Merge hard forks (timestamp based):
INFO [06-01|12:35:31.957]  - Shanghai:                    @0         
INFO [06-01|12:35:31.957]  - Cancun:                      @0          blob: (target: 3, max: 6, fraction: 3338477)
INFO [06-01|12:35:31.957]  - Prague:                      @0          blob: (target: 6, max: 9, fraction: 5007716)
INFO [06-01|12:35:31.957]  - Osaka:                       @0          blob: (target: 6, max: 9, fraction: 5007716)
INFO [06-01|12:35:31.957]  - UBT:                         @0          blob: (nil)
INFO [06-01|12:35:31.957] 
INFO [06-01|12:35:31.957] All fork specifications can be found at https://ethereum.github.io/execution-specs/src/ethereum/forks/
INFO [06-01|12:35:31.957] 
INFO [06-01|12:35:31.957] ---------------------------------------------------------------------------------------------------------------------------------------------------------
INFO [06-01|12:35:31.957] 
INFO [06-01|12:35:31.959] Loaded most recent local block           number=5228 hash=53c3ea..650163 age=3s
INFO [06-01|12:35:31.959] Loaded most recent local finalized block number=5216 hash=1be331..cb189e age=24s
INFO [06-01|12:35:31.960] Initialized transaction indexer          range="last 2350000 blocks"
INFO [06-01|12:35:31.960] Initialized log indexer                  firstblock=0 lastblock=5228 firstmap=0 lastmap=0 headindexed=true
INFO [06-01|12:35:32.049] Enabled full-sync                        head=5228 hash=53c3ea..650163
INFO [06-01|12:35:32.049] Unprotected transactions allowed
INFO [06-01|12:35:32.049] Gasprice oracle is ignoring threshold set threshold=2
INFO [06-01|12:35:32.050] Registered sync override service
WARN [06-01|12:35:32.050] You are running Geth in --dev mode. Please note the following:
WARN [06-01|12:35:32.050] 
WARN [06-01|12:35:32.050]   1. This mode is only intended for fast, iterative development without assumptions on
WARN [06-01|12:35:32.050]      security or persistence.
WARN [06-01|12:35:32.050]   2. The database is created in memory unless specified otherwise. Therefore, shutting down
WARN [06-01|12:35:32.050]      your computer or losing power will wipe your entire block data and chain state for
WARN [06-01|12:35:32.050]      your dev environment.
WARN [06-01|12:35:32.050]   3. A random, pre-allocated developer account will be available and unlocked as
WARN [06-01|12:35:32.050]      eth.coinbase, which can be used for testing. The random dev account is temporary,
WARN [06-01|12:35:32.050]      stored on a ramdisk, and will be lost if your machine is restarted.
WARN [06-01|12:35:32.050]   4. Mining is enabled by default. However, the client will only seal blocks if transactions
WARN [06-01|12:35:32.050]      are pending in the mempool. The miner's minimum accepted gas price is 1.
WARN [06-01|12:35:32.050]   5. Networking is disabled; there is no listen-address, the maximum number of peers is set
WARN [06-01|12:35:32.050]      to 0, and discovery is disabled.
WARN [06-01|12:35:32.050] 
INFO [06-01|12:35:32.050] Starting peer-to-peer node               instance=Geth/v1.17.3-unstable/linux-amd64/go1.24.9
WARN [06-01|12:35:32.050] P2P server will be useless, neither dialing nor listening
INFO [06-01|12:35:32.087] IPC endpoint opened                      url=/mnt/state_expiry_vol_data/ubt-vs-pbt-dbs/ubt/geth.ipc
ERROR[06-01|12:35:32.087] Unavailable modules in HTTP API list     unavailable=[personal] available="[admin debug web3 eth txpool miner net dev testing]"
INFO [06-01|12:35:32.088] HTTP server started                      endpoint=127.0.0.1:8545 auth=false prefix= cors= vhosts=localhost
INFO [06-01|12:35:32.088] WebSocket enabled                        url=ws://127.0.0.1:8546
INFO [06-01|12:35:32.090] New local node record                    seq=1,780,289,664,824 id=c084d8867e8cc127 ip=127.0.0.1 udp=0 tcp=0
INFO [06-01|12:35:32.092] Started P2P networking                   self=enode://ed0ccbffbfc0dc9f1b0f8e55d585ad3e61215b1974f32d9388e7ae53563e3ebe0172c21d754fa202c3a63f95bef3ff3ea24339ffdabd0115c47ec5b8d33136a9@127.0.0.1:0
INFO [06-01|12:35:32.513] Loaded local transaction journal         transactions=3633 dropped=0
INFO [06-01|12:35:33.323] Started log indexer
INFO [06-01|12:35:33.381] Starting work on payload                 id=0x039e1bc0b502315a
INFO [06-01|12:35:33.399] Updated payload                          id=0x039e1bc0b502315a number=5229 hash=6934aa..40e0a4 txs=0 withdrawals=0 gas=0 fees=0 root=7434a5..ce7d49 elapsed=18.615ms
INFO [06-01|12:35:33.400] Stopping work on payload                 id=0x039e1bc0b502315a reason=delivery
WARN [06-01|12:35:33.404] {"level":"warn","msg":"Slow block","block":{"number":5229,"hash":"0x6934aa3a4df65c20e6f51211871f18840405cafc859d9de1806377c38440e0a4","gas_used":0,"tx_count":0},"timing":{"execution_ms":0.0484,"state_read_ms":3.587873,"state_hash_ms":0.002523,"commit_ms":0.327184,"total_ms":4.22059},"throughput":{"mgas_per_sec":0},"state_reads":{"accounts":4,"storage_slots":0,"code":0,"code_bytes":0},"state_writes":{"accounts":0,"accounts_deleted":0,"storage_slots":0,"storage_slots_deleted":0,"code":0,"code_bytes":0},"cache":{"account":{"hits":0,"misses":4,"hit_rate":0},"storage":{"hits":0,"misses":0,"hit_rate":0},"code":{"hits":0,"misses":0,"hit_rate":0,"hit_bytes":0,"miss_bytes":0}}}
INFO [06-01|12:35:33.404] Imported new potential chain segment     number=5229 hash=6934aa..40e0a4 blocks=1 txs=0 mgas=0.000 elapsed=4.695ms  mgasps=0.000 triediffs=1.36MiB triedirty=3.84MiB
INFO [06-01|12:35:33.405] Chain head was updated                   number=5229 hash=6934aa..40e0a4 root=7434a5..ce7d49 elapsed="87.869µs"
INFO [06-01|12:35:34.409] Starting work on payload                 id=0x0347ca0e1d002150
INFO [06-01|12:35:34.434] Updated payload                          id=0x0347ca0e1d002150 number=5230 hash=010df8..716438 txs=0 withdrawals=0 gas=0 fees=0 root=7434a5..ce7d49 elapsed=24.887ms
INFO [06-01|12:35:34.434] Stopping work on payload                 id=0x0347ca0e1d002150 reason=delivery
WARN [06-01|12:35:34.455] {"level":"warn","msg":"Slow block","block":{"number":5230,"hash":"0x010df855f98ec4d040632a56f4203eb83686985aefe3e68c80c6fbdb96716438","gas_used":0,"tx_count":0},"timing":{"execution_ms":0.039029,"state_read_ms":19.749714,"state_hash_ms":0.00201,"commit_ms":0.169613,"total_ms":20.1567},"throughput":{"mgas_per_sec":0},"state_reads":{"accounts":4,"storage_slots":0,"code":0,"code_bytes":0},"state_writes":{"accounts":0,"accounts_deleted":0,"storage_slots":0,"storage_slots_deleted":0,"code":0,"code_bytes":0},"cache":{"account":{"hits":0,"misses":4,"hit_rate":0},"storage":{"hits":0,"misses":0,"hit_rate":0},"code":{"hits":0,"misses":0,"hit_rate":0,"hit_bytes":0,"miss_bytes":0}}}
INFO [06-01|12:35:34.455] Imported new potential chain segment     number=5230 hash=010df8..716438 blocks=1 txs=0 mgas=0.000 elapsed=20.359ms   mgasps=0.000 triediffs=1.36MiB triedirty=3.84MiB
INFO [06-01|12:35:34.455] Chain head was updated                   number=5230 hash=010df8..716438 root=7434a5..ce7d49 elapsed="37.259µs"
INFO [06-01|12:35:35.486] Starting work on payload                 id=0x031111e9d50b887b
INFO [06-01|12:35:35.510] Updated payload                          id=0x031111e9d50b887b number=5231 hash=9e52b6..58d49d txs=0 withdrawals=0 gas=0 fees=0 root=7434a5..ce7d49 elapsed=24.248ms
INFO [06-01|12:35:35.517] Stopping work on payload                 id=0x031111e9d50b887b reason=delivery
WARN [06-01|12:35:35.520] {"level":"warn","msg":"Slow block","block":{"number":5231,"hash":"0x9e52b659257cd5e07d923e58371afc0aaa5ff2555be40cbe924f7fe83258d49d","gas_used":0,"tx_count":0},"timing":{"execution_ms":0.035786,"state_read_ms":8.903769,"state_hash_ms":0.002187,"commit_ms":0.143438,"total_ms":9.229444},"throughput":{"mgas_per_sec":0},"state_reads":{"accounts":4,"storage_slots":0,"code":0,"code_bytes":0},"state_writes":{"accounts":0,"accounts_deleted":0,"storage_slots":0,"storage_slots_deleted":0,"code":0,"code_bytes":0},"cache":{"account":{"hits":0,"misses":4,"hit_rate":0},"storage":{"hits":0,"misses":0,"hit_rate":0},"code":{"hits":0,"misses":0,"hit_rate":0,"hit_bytes":0,"miss_bytes":0}}}
INFO [06-01|12:35:35.520] Imported new potential chain segment     number=5231 hash=9e52b6..58d49d blocks=1 txs=0 mgas=0.000 elapsed=9.459ms    mgasps=0.000 triediffs=1.36MiB triedirty=3.84MiB
INFO [06-01|12:35:35.520] Chain head was updated                   number=5231 hash=9e52b6..58d49d root=7434a5..ce7d49 elapsed="44.187µs"
INFO [06-01|12:35:35.578] Submitted contract creation              hash=0x5a5ff651bac3a9c5f42e2d60a3dd486beb52b13711a854f58719dd95a0d7f7f8 from=0xf39Fd6e51aad88F6F4ce6aB8827279cffFb92266 nonce=1561 contract=0x2A7EC1a948C356c3D5cf0b275B0FAa4Df10701D5 value=0
INFO [06-01|12:35:35.579] Submitted transaction                    hash=0xef3dbd50576a29c49aa3ead055a60c32a2897aaba79361b705c4b54ea9a20700 from=0xf39Fd6e51aad88F6F4ce6aB8827279cffFb92266 nonce=1562 recipient=0x67ef40FE6443D8e5b9ec27046D5a94AcDfcD2Bc2 value=78,000,000
INFO [06-01|12:35:36.530] Starting work on payload                 id=0x03660e17a34092bf
INFO [06-01|12:35:36.567] Updated payload                          id=0x03660e17a34092bf number=5232 hash=b893c9..559111 txs=2 withdrawals=0 gas=86852 fees=5.21112e-13 root=5b0834..2976ad elapsed=36.801ms
INFO [06-01|12:35:36.567] Stopping work on payload                 id=0x03660e17a34092bf reason=delivery
WARN [06-01|12:35:36.612] {"level":"warn","msg":"Slow block","block":{"number":5232,"hash":"0xb893c9e9f728dc95d551039f578407b4f8064c4a36fdb3c80751b981df559111","gas_used":86852,"tx_count":2},"timing":{"execution_ms":0.120572,"state_read_ms":22.45842,"state_hash_ms":8.810101,"commit_ms":4.981243,"total_ms":44.157684},"throughput":{"mgas_per_sec":1.9668603996532064},"state_reads":{"accounts":11,"storage_slots":0,"code":0,"code_bytes":0},"state_writes":{"accounts":3,"accounts_deleted":0,"storage_slots":0,"storage_slots_deleted":0,"code":1,"code_bytes":157},"cache":{"account":{"hits":5,"misses":6,"hit_rate":45.45454545454545},"storage":{"hits":0,"misses":0,"hit_rate":0},"code":{"hits":0,"misses":0,"hit_rate":0,"hit_bytes":0,"miss_bytes":0}}}
INFO [06-01|12:35:36.612] Imported new potential chain segment     number=5232 hash=b893c9..559111 blocks=1 txs=2 mgas=0.087 elapsed=44.348ms   mgasps=1.958 triediffs=1.36MiB triedirty=3.84MiB
INFO [06-01|12:35:36.612] Chain head was updated                   number=5232 hash=b893c9..559111 root=5b0834..2976ad elapsed="135.86µs"
INFO [06-01|12:35:37.604] Submitted transaction                    hash=0xeb6c99defd17a03402a953d52d2d7ed9bf1702deeca2bee054eafbb4255bf983 from=0x67ef40FE6443D8e5b9ec27046D5a94AcDfcD2Bc2 nonce=0    recipient=0x2A7EC1a948C356c3D5cf0b275B0FAa4Df10701D5 value=0
INFO [06-01|12:35:37.627] Starting work on payload                 id=0x03e319c6c9b883a0
INFO [06-01|12:35:37.821] Updated payload                          id=0x03e319c6c9b883a0 number=5233 hash=39c409..3c2310 txs=1 withdrawals=0 gas=5,900,240 fees=3.540144e-11 root=fbbee7..9ca5e0 elapsed=194.044ms
INFO [06-01|12:35:37.821] Stopping work on payload                 id=0x03e319c6c9b883a0 reason=delivery
WARN [06-01|12:35:37.962] {"level":"warn","msg":"Slow block","block":{"number":5233,"hash":"0x39c40984724b8c76ce0fe6cd21ddef42a20367d64593567763c0a958bb3c2310","gas_used":5900240,"tx_count":1},"timing":{"execution_ms":113.774799,"state_read_ms":15.827591,"state_hash_ms":10.001265,"commit_ms":0.59435,"total_ms":140.661131},"throughput":{"mgas_per_sec":41.94648484662049},"state_reads":{"accounts":107,"storage_slots":258,"code":101,"code_bytes":2957},"state_writes":{"accounts":2,"accounts_deleted":0,"storage_slots":0,"storage_slots_deleted":0,"code":0,"code_bytes":0},"cache":{"account":{"hits":42,"misses":65,"hit_rate":39.25233644859813},"storage":{"hits":88,"misses":170,"hit_rate":34.10852713178294},"code":{"hits":101,"misses":0,"hit_rate":100,"hit_bytes":2957,"miss_bytes":0}}}
INFO [06-01|12:35:37.962] Imported new potential chain segment     number=5233 hash=39c409..3c2310 blocks=1 txs=1 mgas=5.900 elapsed=140.919ms  mgasps=41.870 triediffs=1.36MiB triedirty=3.84MiB
INFO [06-01|12:35:37.962] Chain head was updated                   number=5233 hash=39c409..3c2310 root=fbbee7..9ca5e0 elapsed="88.829µs"
INFO [06-01|12:35:38.619] Submitted transaction                    hash=0x6fdfc5cf9ef2903e1a8a16d09168bceb5697ae3fc37ddf9dd0c8acb2599ab8e6 from=0x67ef40FE6443D8e5b9ec27046D5a94AcDfcD2Bc2 nonce=1    recipient=0xf39Fd6e51aad88F6F4ce6aB8827279cffFb92266 value=1,044,880
INFO [06-01|12:35:38.975] Starting work on payload                 id=0x0386670fe663233c
INFO [06-01|12:35:38.992] Updated payload                          id=0x0386670fe663233c number=5234 hash=4be265..b412cb txs=1 withdrawals=0 gas=21000     fees=2.1e-14      root=c09291..38e7bd elapsed=16.926ms
INFO [06-01|12:35:38.993] Stopping work on payload                 id=0x0386670fe663233c reason=delivery
WARN [06-01|12:35:39.019] {"level":"warn","msg":"Slow block","block":{"number":5234,"hash":"0x4be265630f528ac8eed2d4cc7229aa17413e86535f96a49184ba325cc1b412cb","gas_used":21000,"tx_count":1},"timing":{"execution_ms":0.116683,"state_read_ms":9.833467,"state_hash_ms":12.313997,"commit_ms":0.794897,"total_ms":26.459449},"throughput":{"mgas_per_sec":0.793667320887899},"state_reads":{"accounts":6,"storage_slots":0,"code":0,"code_bytes":0},"state_writes":{"accounts":2,"accounts_deleted":0,"storage_slots":0,"storage_slots_deleted":0,"code":0,"code_bytes":0},"cache":{"account":{"hits":2,"misses":4,"hit_rate":33.33333333333333},"storage":{"hits":0,"misses":0,"hit_rate":0},"code":{"hits":0,"misses":0,"hit_rate":0,"hit_bytes":0,"miss_bytes":0}}}
INFO [06-01|12:35:39.019] Imported new potential chain segment     number=5234 hash=4be265..b412cb blocks=1 txs=1 mgas=0.021 elapsed=26.672ms   mgasps=0.787  triediffs=1.36MiB triedirty=3.84MiB
INFO [06-01|12:35:39.020] Chain head was updated                   number=5234 hash=4be265..b412cb root=c09291..38e7bd elapsed="88.567µs"
