WARN [06-01|12:25:44.533] Unknown config environment variable      envvar=GETH_PBT_BIN
WARN [06-01|12:25:44.533] Unknown config environment variable      envvar=GETH_UBT_BIN
INFO [06-01|12:25:44.543] Starting Geth on Ethereum mainnet...
INFO [06-01|12:25:44.545] Maximum peer count                       ETH=0 total=0
INFO [06-01|12:25:44.546] Smartcard socket not found, disabling    err="stat /run/pcscd/pcscd.comm: no such file or directory"
WARN [06-01|12:25:44.549] Option --miner.etherbase is deprecated as the etherbase is set by the consensus client post-merge
INFO [06-01|12:25:44.552] Set global gas cap                       cap=50,000,000
INFO [06-01|12:25:45.340] Using developer account                  address=0xf39Fd6e51aad88F6F4ce6aB8827279cffFb92266
INFO [06-01|12:25:45.386] Using pebble as the backing database
INFO [06-01|12:25:45.386] Allocated cache and file handles         database=/mnt/state_expiry_vol_data/ubt-vs-pbt-dbs/ubt/geth/chaindata cache=2.00GiB handles=262,144
INFO [06-01|12:25:45.614] Opened ancient database                  database=/mnt/state_expiry_vol_data/ubt-vs-pbt-dbs/ubt/geth/chaindata/ancient/chain readonly=true
INFO [06-01|12:25:45.614] Opened Era store                         datadir=/mnt/state_expiry_vol_data/ubt-vs-pbt-dbs/ubt/geth/chaindata/ancient/chain/era
INFO [06-01|12:25:45.621] Initializing the KZG library             backend=gokzg
INFO [06-01|12:25:45.623] Allocated trie memory caches             clean=614.00MiB dirty=1.00GiB
INFO [06-01|12:25:45.633] Using pebble as the backing database
INFO [06-01|12:25:45.633] Allocated cache and file handles         database=/mnt/state_expiry_vol_data/ubt-vs-pbt-dbs/ubt/geth/chaindata cache=2.00GiB handles=262,144
INFO [06-01|12:25:45.865] Opened ancient database                  database=/mnt/state_expiry_vol_data/ubt-vs-pbt-dbs/ubt/geth/chaindata/ancient/chain readonly=false
INFO [06-01|12:25:45.865] Opened Era store                         datadir=/mnt/state_expiry_vol_data/ubt-vs-pbt-dbs/ubt/geth/chaindata/ancient/chain/era
INFO [06-01|12:25:45.872] State scheme set to already existing     scheme=path
INFO [06-01|12:25:45.872] Initialising Ethereum protocol           network=1337 dbversion=9
WARN [06-01|12:25:45.872] Sanitizing invalid node buffer size      provided=1.00GiB updated=256.00MiB
INFO [06-01|12:25:45.875] Load database journal from file          path=/mnt/state_expiry_vol_data/ubt-vs-pbt-dbs/ubt/geth/triedb/verkle.journal
INFO [06-01|12:25:46.040] Opened ancient database                  database=/mnt/state_expiry_vol_data/ubt-vs-pbt-dbs/ubt/geth/chaindata/ancient/state_verkle readonly=false
INFO [06-01|12:25:46.041] State snapshot generator is not compatible
INFO [06-01|12:25:46.041] Initialized path database                triecache=614.00MiB statecache=409.00MiB buffer=256.00MiB state-history="last 90000 blocks" journal-dir=/mnt/state_expiry_vol_data/ubt-vs-pbt-dbs/ubt/geth/triedb verkle=true
INFO [06-01|12:25:46.042] 
INFO [06-01|12:25:46.042] ---------------------------------------------------------------------------------------------------------------------------------------------------------
INFO [06-01|12:25:46.042] Chain ID:  1337 (unknown)
INFO [06-01|12:25:46.042] Consensus: unknown
INFO [06-01|12:25:46.042] 
INFO [06-01|12:25:46.042] Pre-Merge hard forks (block based):
INFO [06-01|12:25:46.042]  - Homestead:                   #0       
INFO [06-01|12:25:46.042]  - Tangerine Whistle (EIP 150): #0       
INFO [06-01|12:25:46.042]  - Spurious Dragon/1 (EIP 155): #0       
INFO [06-01|12:25:46.042]  - Spurious Dragon/2 (EIP 158): #0       
INFO [06-01|12:25:46.042]  - Byzantium:                   #0       
INFO [06-01|12:25:46.042]  - Constantinople:              #0       
INFO [06-01|12:25:46.042]  - Petersburg:                  #0       
INFO [06-01|12:25:46.042]  - Istanbul:                    #0       
INFO [06-01|12:25:46.042]  - Berlin:                      #0       
INFO [06-01|12:25:46.042]  - London:                      #0       
INFO [06-01|12:25:46.042]  - Arrow Glacier:               #0       
INFO [06-01|12:25:46.042]  - Gray Glacier:                #0       
INFO [06-01|12:25:46.042] 
INFO [06-01|12:25:46.042] Merge configured:
INFO [06-01|12:25:46.042]  - Total terminal difficulty:  0
INFO [06-01|12:25:46.042]  - Merge netsplit block:       #0       
INFO [06-01|12:25:46.042] 
INFO [06-01|12:25:46.042] Post-Merge hard forks (timestamp based):
INFO [06-01|12:25:46.042]  - Shanghai:                    @0         
INFO [06-01|12:25:46.042]  - Cancun:                      @0          blob: (target: 3, max: 6, fraction: 3338477)
INFO [06-01|12:25:46.042]  - Prague:                      @0          blob: (target: 6, max: 9, fraction: 5007716)
INFO [06-01|12:25:46.042]  - Osaka:                       @0          blob: (target: 6, max: 9, fraction: 5007716)
INFO [06-01|12:25:46.042]  - UBT:                         @0          blob: (nil)
INFO [06-01|12:25:46.042] 
INFO [06-01|12:25:46.042] All fork specifications can be found at https://ethereum.github.io/execution-specs/src/ethereum/forks/
INFO [06-01|12:25:46.042] 
INFO [06-01|12:25:46.042] ---------------------------------------------------------------------------------------------------------------------------------------------------------
INFO [06-01|12:25:46.042] 
INFO [06-01|12:25:46.045] Loaded most recent local block           number=4878 hash=f41020..218aee age=4s
INFO [06-01|12:25:46.045] Loaded most recent local finalized block number=4864 hash=29be26..d396e4 age=28s
INFO [06-01|12:25:46.046] Initialized transaction indexer          range="last 2350000 blocks"
INFO [06-01|12:25:46.046] Initialized log indexer                  firstblock=0 lastblock=4878 firstmap=0 lastmap=0 headindexed=true
INFO [06-01|12:25:46.091] Enabled full-sync                        head=4878 hash=f41020..218aee
INFO [06-01|12:25:46.091] Unprotected transactions allowed
INFO [06-01|12:25:46.091] Gasprice oracle is ignoring threshold set threshold=2
INFO [06-01|12:25:46.092] Registered sync override service
WARN [06-01|12:25:46.092] You are running Geth in --dev mode. Please note the following:
WARN [06-01|12:25:46.092] 
WARN [06-01|12:25:46.092]   1. This mode is only intended for fast, iterative development without assumptions on
WARN [06-01|12:25:46.092]      security or persistence.
WARN [06-01|12:25:46.092]   2. The database is created in memory unless specified otherwise. Therefore, shutting down
WARN [06-01|12:25:46.092]      your computer or losing power will wipe your entire block data and chain state for
WARN [06-01|12:25:46.092]      your dev environment.
WARN [06-01|12:25:46.092]   3. A random, pre-allocated developer account will be available and unlocked as
WARN [06-01|12:25:46.092]      eth.coinbase, which can be used for testing. The random dev account is temporary,
WARN [06-01|12:25:46.092]      stored on a ramdisk, and will be lost if your machine is restarted.
WARN [06-01|12:25:46.092]   4. Mining is enabled by default. However, the client will only seal blocks if transactions
WARN [06-01|12:25:46.092]      are pending in the mempool. The miner's minimum accepted gas price is 1.
WARN [06-01|12:25:46.092]   5. Networking is disabled; there is no listen-address, the maximum number of peers is set
WARN [06-01|12:25:46.092]      to 0, and discovery is disabled.
WARN [06-01|12:25:46.092] 
INFO [06-01|12:25:46.092] Starting peer-to-peer node               instance=Geth/v1.17.3-unstable/linux-amd64/go1.24.9
WARN [06-01|12:25:46.092] P2P server will be useless, neither dialing nor listening
INFO [06-01|12:25:46.136] New local node record                    seq=1,780,289,664,770 id=c084d8867e8cc127 ip=127.0.0.1 udp=0 tcp=0
INFO [06-01|12:25:46.136] Started P2P networking                   self=enode://ed0ccbffbfc0dc9f1b0f8e55d585ad3e61215b1974f32d9388e7ae53563e3ebe0172c21d754fa202c3a63f95bef3ff3ea24339ffdabd0115c47ec5b8d33136a9@127.0.0.1:0
INFO [06-01|12:25:46.153] IPC endpoint opened                      url=/mnt/state_expiry_vol_data/ubt-vs-pbt-dbs/ubt/geth.ipc
ERROR[06-01|12:25:46.153] Unavailable modules in HTTP API list     unavailable=[personal] available="[admin debug web3 eth txpool miner net dev testing]"
INFO [06-01|12:25:46.154] HTTP server started                      endpoint=127.0.0.1:8545 auth=false prefix= cors= vhosts=localhost
INFO [06-01|12:25:46.154] WebSocket enabled                        url=ws://127.0.0.1:8546
INFO [06-01|12:25:46.538] Loaded local transaction journal         transactions=3417 dropped=0
INFO [06-01|12:25:47.356] Started log indexer
INFO [06-01|12:25:47.407] Starting work on payload                 id=0x03e419e84c346543
INFO [06-01|12:25:47.424] Updated payload                          id=0x03e419e84c346543 number=4879 hash=1f5b82..af7c76 txs=0 withdrawals=0 gas=0 fees=0 root=484278..1624a5 elapsed=16.604ms
INFO [06-01|12:25:47.424] Stopping work on payload                 id=0x03e419e84c346543 reason=delivery
WARN [06-01|12:25:47.431] {"level":"warn","msg":"Slow block","block":{"number":4879,"hash":"0x1f5b8221dd83e6df686759920bae84c285d350060ea32c68ada1b37d0caf7c76","gas_used":0,"tx_count":0},"timing":{"execution_ms":0.043754,"state_read_ms":5.960435,"state_hash_ms":0.003106,"commit_ms":0.252597,"total_ms":6.495317},"throughput":{"mgas_per_sec":0},"state_reads":{"accounts":4,"storage_slots":0,"code":0,"code_bytes":0},"state_writes":{"accounts":0,"accounts_deleted":0,"storage_slots":0,"storage_slots_deleted":0,"code":0,"code_bytes":0},"cache":{"account":{"hits":0,"misses":4,"hit_rate":0},"storage":{"hits":0,"misses":0,"hit_rate":0},"code":{"hits":0,"misses":0,"hit_rate":0,"hit_bytes":0,"miss_bytes":0}}}
INFO [06-01|12:25:47.431] Imported new potential chain segment     number=4879 hash=1f5b82..af7c76 blocks=1 txs=0 mgas=0.000 elapsed=6.880ms  mgasps=0.000 triediffs=9.30MiB triedirty=256.53KiB
INFO [06-01|12:25:47.432] Chain head was updated                   number=4879 hash=1f5b82..af7c76 root=484278..1624a5 elapsed="73.553µs"
INFO [06-01|12:25:48.443] Starting work on payload                 id=0x034aeee44879e631
INFO [06-01|12:25:48.461] Updated payload                          id=0x034aeee44879e631 number=4880 hash=eca293..bba91f txs=0 withdrawals=0 gas=0 fees=0 root=484278..1624a5 elapsed=17.732ms
INFO [06-01|12:25:48.461] Stopping work on payload                 id=0x034aeee44879e631 reason=delivery
WARN [06-01|12:25:48.480] {"level":"warn","msg":"Slow block","block":{"number":4880,"hash":"0xeca293de0ca4ab263c3c69d53359c803041b498afcdd9199bda8d867f2bba91f","gas_used":0,"tx_count":0},"timing":{"execution_ms":0.030677,"state_read_ms":18.474888,"state_hash_ms":0.00189,"commit_ms":0.119258,"total_ms":18.775085},"throughput":{"mgas_per_sec":0},"state_reads":{"accounts":4,"storage_slots":0,"code":0,"code_bytes":0},"state_writes":{"accounts":0,"accounts_deleted":0,"storage_slots":0,"storage_slots_deleted":0,"code":0,"code_bytes":0},"cache":{"account":{"hits":0,"misses":4,"hit_rate":0},"storage":{"hits":0,"misses":0,"hit_rate":0},"code":{"hits":0,"misses":0,"hit_rate":0,"hit_bytes":0,"miss_bytes":0}}}
INFO [06-01|12:25:48.480] Imported new potential chain segment     number=4880 hash=eca293..bba91f blocks=1 txs=0 mgas=0.000 elapsed=19.023ms   mgasps=0.000 triediffs=9.30MiB triedirty=256.53KiB
INFO [06-01|12:25:48.480] Chain head was updated                   number=4880 hash=eca293..bba91f root=484278..1624a5 elapsed="41.059µs"
INFO [06-01|12:25:49.510] Starting work on payload                 id=0x03005150e92ab2b4
INFO [06-01|12:25:49.531] Updated payload                          id=0x03005150e92ab2b4 number=4881 hash=5455c8..a74352 txs=0 withdrawals=0 gas=0 fees=0 root=484278..1624a5 elapsed=20.681ms
INFO [06-01|12:25:49.532] Stopping work on payload                 id=0x03005150e92ab2b4 reason=delivery
WARN [06-01|12:25:49.538] {"level":"warn","msg":"Slow block","block":{"number":4881,"hash":"0x5455c80a59c6fbd02b7b623f83281abcd1d9c21728a4d8a276533d485ca74352","gas_used":0,"tx_count":0},"timing":{"execution_ms":0.034408,"state_read_ms":6.245464,"state_hash_ms":0.008338,"commit_ms":0.350846,"total_ms":7.017397},"throughput":{"mgas_per_sec":0},"state_reads":{"accounts":4,"storage_slots":0,"code":0,"code_bytes":0},"state_writes":{"accounts":0,"accounts_deleted":0,"storage_slots":0,"storage_slots_deleted":0,"code":0,"code_bytes":0},"cache":{"account":{"hits":0,"misses":4,"hit_rate":0},"storage":{"hits":0,"misses":0,"hit_rate":0},"code":{"hits":0,"misses":0,"hit_rate":0,"hit_bytes":0,"miss_bytes":0}}}
INFO [06-01|12:25:49.538] Imported new potential chain segment     number=4881 hash=5455c8..a74352 blocks=1 txs=0 mgas=0.000 elapsed=7.287ms    mgasps=0.000 triediffs=9.30MiB triedirty=256.53KiB
INFO [06-01|12:25:49.539] Chain head was updated                   number=4881 hash=5455c8..a74352 root=484278..1624a5 elapsed="42.8µs"
INFO [06-01|12:25:49.651] Submitted contract creation              hash=0xecf37422ab581f63f21e20ff4764dc404b9de14697f78539353d9dbe0832d869 from=0xf39Fd6e51aad88F6F4ce6aB8827279cffFb92266 nonce=1453 contract=0x62014E88aa308fF4d68b84a269D45c11Cd2f6B28 value=0
INFO [06-01|12:25:49.651] Submitted transaction                    hash=0x0660d6dde9b8172b1323f8252971bda5e4017cfabed1d3f299356ead823963a2 from=0xf39Fd6e51aad88F6F4ce6aB8827279cffFb92266 nonce=1454 recipient=0x6568E72c49Ee083657ab1C98ddB404243FFF21E5 value=78,000,000
INFO [06-01|12:25:50.552] Starting work on payload                 id=0x0319077018bbcc11
INFO [06-01|12:25:50.596] Updated payload                          id=0x0319077018bbcc11 number=4882 hash=49d607..2f403f txs=2 withdrawals=0 gas=86120 fees=5.1672e-13 root=0894f3..fd95f5 elapsed=43.203ms
INFO [06-01|12:25:50.596] Stopping work on payload                 id=0x0319077018bbcc11 reason=delivery
WARN [06-01|12:25:50.625] {"level":"warn","msg":"Slow block","block":{"number":4882,"hash":"0x49d607dea898d181b370d6c9f5d0cf5b5141f9cfb6eebffbfa478277c02f403f","gas_used":86120,"tx_count":2},"timing":{"execution_ms":0.135262,"state_read_ms":19.059415,"state_hash_ms":3.590902,"commit_ms":5.615617,"total_ms":28.596425},"throughput":{"mgas_per_sec":3.011565256845917},"state_reads":{"accounts":11,"storage_slots":0,"code":0,"code_bytes":0},"state_writes":{"accounts":3,"accounts_deleted":0,"storage_slots":0,"storage_slots_deleted":0,"code":1,"code_bytes":155},"cache":{"account":{"hits":5,"misses":6,"hit_rate":45.45454545454545},"storage":{"hits":0,"misses":0,"hit_rate":0},"code":{"hits":0,"misses":0,"hit_rate":0,"hit_bytes":0,"miss_bytes":0}}}
INFO [06-01|12:25:50.625] Imported new potential chain segment     number=4882 hash=49d607..2f403f blocks=1 txs=2 mgas=0.086 elapsed=28.806ms   mgasps=2.990 triediffs=9.30MiB triedirty=256.53KiB
INFO [06-01|12:25:50.625] Chain head was updated                   number=4882 hash=49d607..2f403f root=0894f3..fd95f5 elapsed="161.636µs"
INFO [06-01|12:25:50.665] Submitted transaction                    hash=0x0b3b377b72f594a97e25ed8d595b7059726448aac6c964c7f6ca5831a9cf0c71 from=0x6568E72c49Ee083657ab1C98ddB404243FFF21E5 nonce=0    recipient=0x62014E88aa308fF4d68b84a269D45c11Cd2f6B28 value=0
INFO [06-01|12:25:51.635] Starting work on payload                 id=0x034428263847b177
INFO [06-01|12:25:51.868] Updated payload                          id=0x034428263847b177 number=4883 hash=6a15ea..c769f3 txs=1 withdrawals=0 gas=5,900,418 fees=3.5402508e-11 root=c4a54d..9b0323 elapsed=232.500ms
INFO [06-01|12:25:51.868] Stopping work on payload                 id=0x034428263847b177 reason=delivery
WARN [06-01|12:25:52.032] {"level":"warn","msg":"Slow block","block":{"number":4883,"hash":"0x6a15ea8f9f091f50f34a834a54f1e342126169e7a8b7c1e129131e3717c769f3","gas_used":5900418,"tx_count":1},"timing":{"execution_ms":131.395494,"state_read_ms":16.364864,"state_hash_ms":15.559009,"commit_ms":0.637701,"total_ms":164.193654},"throughput":{"mgas_per_sec":35.93572501894622},"state_reads":{"accounts":8,"storage_slots":258,"code":2,"code_bytes":183},"state_writes":{"accounts":2,"accounts_deleted":0,"storage_slots":0,"storage_slots_deleted":0,"code":0,"code_bytes":0},"cache":{"account":{"hits":3,"misses":5,"hit_rate":37.5},"storage":{"hits":7,"misses":251,"hit_rate":2.7131782945736433},"code":{"hits":2,"misses":0,"hit_rate":100,"hit_bytes":183,"miss_bytes":0}}}
INFO [06-01|12:25:52.032] Imported new potential chain segment     number=4883 hash=6a15ea..c769f3 blocks=1 txs=1 mgas=5.900 elapsed=164.390ms   mgasps=35.893 triediffs=9.30MiB triedirty=263.22KiB
INFO [06-01|12:25:52.033] Chain head was updated                   number=4883 hash=6a15ea..c769f3 root=c4a54d..9b0323 elapsed="83.722µs"
INFO [06-01|12:25:52.684] Submitted transaction                    hash=0x2a7919b7fddc83925a0045b837fc3386cfd1db2f7a12b076a1beed35624c850c from=0x6568E72c49Ee083657ab1C98ddB404243FFF21E5 nonce=1    recipient=0xf39Fd6e51aad88F6F4ce6aB8827279cffFb92266 value=1,042,566
INFO [06-01|12:25:53.050] Starting work on payload                 id=0x032ad7f933cfa8f3
INFO [06-01|12:25:53.066] Updated payload                          id=0x032ad7f933cfa8f3 number=4884 hash=b76c4a..d9456b txs=1 withdrawals=0 gas=21000     fees=2.1e-14       root=20a114..c8613f elapsed=16.792ms
INFO [06-01|12:25:53.067] Stopping work on payload                 id=0x032ad7f933cfa8f3 reason=delivery
WARN [06-01|12:25:53.095] {"level":"warn","msg":"Slow block","block":{"number":4884,"hash":"0xb76c4a2fa90c8567cfac39ad848d0a0c715813843452aff6553cdb9701d9456b","gas_used":21000,"tx_count":1},"timing":{"execution_ms":0.092188,"state_read_ms":6.474909,"state_hash_ms":20.200757,"commit_ms":0.651622,"total_ms":27.612045},"throughput":{"mgas_per_sec":0.7605376566639668},"state_reads":{"accounts":6,"storage_slots":0,"code":0,"code_bytes":0},"state_writes":{"accounts":2,"accounts_deleted":0,"storage_slots":0,"storage_slots_deleted":0,"code":0,"code_bytes":0},"cache":{"account":{"hits":2,"misses":4,"hit_rate":33.33333333333333},"storage":{"hits":0,"misses":0,"hit_rate":0},"code":{"hits":0,"misses":0,"hit_rate":0,"hit_bytes":0,"miss_bytes":0}}}
INFO [06-01|12:25:53.095] Imported new potential chain segment     number=4884 hash=b76c4a..d9456b blocks=1 txs=1 mgas=0.021 elapsed=27.785ms    mgasps=0.756  triediffs=9.21MiB triedirty=308.75KiB
INFO [06-01|12:25:53.095] Chain head was updated                   number=4884 hash=b76c4a..d9456b root=20a114..c8613f elapsed="51.457µs"
