WARN [06-01|12:39:20.364] Unknown config environment variable      envvar=GETH_PBT_BIN
WARN [06-01|12:39:20.364] Unknown config environment variable      envvar=GETH_UBT_BIN
INFO [06-01|12:39:20.374] Starting Geth on Ethereum mainnet...
INFO [06-01|12:39:20.376] Maximum peer count                       ETH=0 total=0
INFO [06-01|12:39:20.377] Smartcard socket not found, disabling    err="stat /run/pcscd/pcscd.comm: no such file or directory"
WARN [06-01|12:39:20.380] Option --miner.etherbase is deprecated as the etherbase is set by the consensus client post-merge
INFO [06-01|12:39:20.383] Set global gas cap                       cap=50,000,000
INFO [06-01|12:39:21.210] Using developer account                  address=0xf39Fd6e51aad88F6F4ce6aB8827279cffFb92266
INFO [06-01|12:39:21.256] Using pebble as the backing database
INFO [06-01|12:39:21.256] Allocated cache and file handles         database=/mnt/state_expiry_vol_data/ubt-vs-pbt-dbs/ubt/geth/chaindata cache=2.00GiB handles=262,144
INFO [06-01|12:39:21.487] Opened ancient database                  database=/mnt/state_expiry_vol_data/ubt-vs-pbt-dbs/ubt/geth/chaindata/ancient/chain readonly=true
INFO [06-01|12:39:21.487] Opened Era store                         datadir=/mnt/state_expiry_vol_data/ubt-vs-pbt-dbs/ubt/geth/chaindata/ancient/chain/era
INFO [06-01|12:39:21.494] Initializing the KZG library             backend=gokzg
INFO [06-01|12:39:21.496] Allocated trie memory caches             clean=614.00MiB dirty=1.00GiB
INFO [06-01|12:39:21.506] Using pebble as the backing database
INFO [06-01|12:39:21.506] Allocated cache and file handles         database=/mnt/state_expiry_vol_data/ubt-vs-pbt-dbs/ubt/geth/chaindata cache=2.00GiB handles=262,144
INFO [06-01|12:39:21.729] Opened ancient database                  database=/mnt/state_expiry_vol_data/ubt-vs-pbt-dbs/ubt/geth/chaindata/ancient/chain readonly=false
INFO [06-01|12:39:21.729] Opened Era store                         datadir=/mnt/state_expiry_vol_data/ubt-vs-pbt-dbs/ubt/geth/chaindata/ancient/chain/era
INFO [06-01|12:39:21.736] State scheme set to already existing     scheme=path
INFO [06-01|12:39:21.736] Initialising Ethereum protocol           network=1337 dbversion=9
WARN [06-01|12:39:21.736] Sanitizing invalid node buffer size      provided=1.00GiB updated=256.00MiB
INFO [06-01|12:39:21.736] Load database journal from file          path=/mnt/state_expiry_vol_data/ubt-vs-pbt-dbs/ubt/geth/triedb/verkle.journal
INFO [06-01|12:39:21.888] Opened ancient database                  database=/mnt/state_expiry_vol_data/ubt-vs-pbt-dbs/ubt/geth/chaindata/ancient/state_verkle readonly=false
INFO [06-01|12:39:21.891] State snapshot generator is not compatible
INFO [06-01|12:39:21.891] Initialized path database                triecache=614.00MiB statecache=409.00MiB buffer=256.00MiB state-history="last 90000 blocks" journal-dir=/mnt/state_expiry_vol_data/ubt-vs-pbt-dbs/ubt/geth/triedb verkle=true
INFO [06-01|12:39:21.891] 
INFO [06-01|12:39:21.891] ---------------------------------------------------------------------------------------------------------------------------------------------------------
INFO [06-01|12:39:21.891] Chain ID:  1337 (unknown)
INFO [06-01|12:39:21.891] Consensus: unknown
INFO [06-01|12:39:21.891] 
INFO [06-01|12:39:21.891] Pre-Merge hard forks (block based):
INFO [06-01|12:39:21.891]  - Homestead:                   #0       
INFO [06-01|12:39:21.891]  - Tangerine Whistle (EIP 150): #0       
INFO [06-01|12:39:21.891]  - Spurious Dragon/1 (EIP 155): #0       
INFO [06-01|12:39:21.891]  - Spurious Dragon/2 (EIP 158): #0       
INFO [06-01|12:39:21.891]  - Byzantium:                   #0       
INFO [06-01|12:39:21.891]  - Constantinople:              #0       
INFO [06-01|12:39:21.891]  - Petersburg:                  #0       
INFO [06-01|12:39:21.891]  - Istanbul:                    #0       
INFO [06-01|12:39:21.891]  - Berlin:                      #0       
INFO [06-01|12:39:21.891]  - London:                      #0       
INFO [06-01|12:39:21.891]  - Arrow Glacier:               #0       
INFO [06-01|12:39:21.891]  - Gray Glacier:                #0       
INFO [06-01|12:39:21.891] 
INFO [06-01|12:39:21.891] Merge configured:
INFO [06-01|12:39:21.891]  - Total terminal difficulty:  0
INFO [06-01|12:39:21.891]  - Merge netsplit block:       #0       
INFO [06-01|12:39:21.891] 
INFO [06-01|12:39:21.891] Post-Merge hard forks (timestamp based):
INFO [06-01|12:39:21.891]  - Shanghai:                    @0         
INFO [06-01|12:39:21.891]  - Cancun:                      @0          blob: (target: 3, max: 6, fraction: 3338477)
INFO [06-01|12:39:21.891]  - Prague:                      @0          blob: (target: 6, max: 9, fraction: 5007716)
INFO [06-01|12:39:21.891]  - Osaka:                       @0          blob: (target: 6, max: 9, fraction: 5007716)
INFO [06-01|12:39:21.891]  - UBT:                         @0          blob: (nil)
INFO [06-01|12:39:21.891] 
INFO [06-01|12:39:21.891] All fork specifications can be found at https://ethereum.github.io/execution-specs/src/ethereum/forks/
INFO [06-01|12:39:21.891] 
INFO [06-01|12:39:21.891] ---------------------------------------------------------------------------------------------------------------------------------------------------------
INFO [06-01|12:39:21.891] 
INFO [06-01|12:39:21.894] Loaded most recent local block           number=5375 hash=6ad9e6..91e09d age=3s
INFO [06-01|12:39:21.894] Loaded most recent local finalized block number=5344 hash=942138..86840d age=51s
INFO [06-01|12:39:21.896] Initialized transaction indexer          range="last 2350000 blocks"
INFO [06-01|12:39:21.896] Initialized log indexer                  firstblock=0 lastblock=5375 firstmap=0 lastmap=0 headindexed=true
INFO [06-01|12:39:21.948] Enabled full-sync                        head=5375 hash=6ad9e6..91e09d
INFO [06-01|12:39:21.948] Unprotected transactions allowed
INFO [06-01|12:39:21.948] Gasprice oracle is ignoring threshold set threshold=2
INFO [06-01|12:39:21.949] Registered sync override service
WARN [06-01|12:39:21.949] You are running Geth in --dev mode. Please note the following:
WARN [06-01|12:39:21.949] 
WARN [06-01|12:39:21.949]   1. This mode is only intended for fast, iterative development without assumptions on
WARN [06-01|12:39:21.949]      security or persistence.
WARN [06-01|12:39:21.949]   2. The database is created in memory unless specified otherwise. Therefore, shutting down
WARN [06-01|12:39:21.949]      your computer or losing power will wipe your entire block data and chain state for
WARN [06-01|12:39:21.949]      your dev environment.
WARN [06-01|12:39:21.949]   3. A random, pre-allocated developer account will be available and unlocked as
WARN [06-01|12:39:21.949]      eth.coinbase, which can be used for testing. The random dev account is temporary,
WARN [06-01|12:39:21.949]      stored on a ramdisk, and will be lost if your machine is restarted.
WARN [06-01|12:39:21.949]   4. Mining is enabled by default. However, the client will only seal blocks if transactions
WARN [06-01|12:39:21.949]      are pending in the mempool. The miner's minimum accepted gas price is 1.
WARN [06-01|12:39:21.949]   5. Networking is disabled; there is no listen-address, the maximum number of peers is set
WARN [06-01|12:39:21.949]      to 0, and discovery is disabled.
WARN [06-01|12:39:21.949] 
INFO [06-01|12:39:21.949] Starting peer-to-peer node               instance=Geth/v1.17.3-unstable/linux-amd64/go1.24.9
WARN [06-01|12:39:21.949] P2P server will be useless, neither dialing nor listening
INFO [06-01|12:39:21.992] IPC endpoint opened                      url=/mnt/state_expiry_vol_data/ubt-vs-pbt-dbs/ubt/geth.ipc
ERROR[06-01|12:39:21.992] Unavailable modules in HTTP API list     unavailable=[personal] available="[admin debug web3 eth txpool miner net dev testing]"
INFO [06-01|12:39:21.992] New local node record                    seq=1,780,289,664,845 id=c084d8867e8cc127 ip=127.0.0.1 udp=0 tcp=0
INFO [06-01|12:39:21.992] Started P2P networking                   self=enode://ed0ccbffbfc0dc9f1b0f8e55d585ad3e61215b1974f32d9388e7ae53563e3ebe0172c21d754fa202c3a63f95bef3ff3ea24339ffdabd0115c47ec5b8d33136a9@127.0.0.1:0
INFO [06-01|12:39:21.993] HTTP server started                      endpoint=127.0.0.1:8545 auth=false prefix= cors= vhosts=localhost
INFO [06-01|12:39:21.993] WebSocket enabled                        url=ws://127.0.0.1:8546
INFO [06-01|12:39:22.396] Loaded local transaction journal         transactions=3717 dropped=0
INFO [06-01|12:39:23.287] Started log indexer
INFO [06-01|12:39:23.345] Starting work on payload                 id=0x036921b0a52a850c
INFO [06-01|12:39:23.362] Updated payload                          id=0x036921b0a52a850c number=5376 hash=a3d491..f8c35b txs=0 withdrawals=0 gas=0 fees=0 root=0ebb7a..95554d elapsed=16.677ms
INFO [06-01|12:39:23.362] Stopping work on payload                 id=0x036921b0a52a850c reason=delivery
WARN [06-01|12:39:23.368] {"level":"warn","msg":"Slow block","block":{"number":5376,"hash":"0xa3d49101c4bc037c0c60ea0e8d7fc53548875f886e85c284069fe257d2f8c35b","gas_used":0,"tx_count":0},"timing":{"execution_ms":0.042215,"state_read_ms":4.572862,"state_hash_ms":0.003641,"commit_ms":0.243634,"total_ms":5.092501},"throughput":{"mgas_per_sec":0},"state_reads":{"accounts":4,"storage_slots":0,"code":0,"code_bytes":0},"state_writes":{"accounts":0,"accounts_deleted":0,"storage_slots":0,"storage_slots_deleted":0,"code":0,"code_bytes":0},"cache":{"account":{"hits":0,"misses":4,"hit_rate":0},"storage":{"hits":0,"misses":0,"hit_rate":0},"code":{"hits":0,"misses":0,"hit_rate":0,"hit_bytes":0,"miss_bytes":0}}}
INFO [06-01|12:39:23.368] Imported new potential chain segment     number=5376 hash=a3d491..f8c35b blocks=1 txs=0 mgas=0.000 elapsed=5.396ms  mgasps=0.000 triediffs=1.36MiB triedirty=3.95MiB
INFO [06-01|12:39:23.368] Chain head was updated                   number=5376 hash=a3d491..f8c35b root=0ebb7a..95554d elapsed="85.527µs"
INFO [06-01|12:39:24.379] Starting work on payload                 id=0x03d5dc1cb38e5067
INFO [06-01|12:39:24.398] Updated payload                          id=0x03d5dc1cb38e5067 number=5377 hash=49e2f7..c2ba61 txs=0 withdrawals=0 gas=0 fees=0 root=0ebb7a..95554d elapsed=18.817ms
INFO [06-01|12:39:24.399] Stopping work on payload                 id=0x03d5dc1cb38e5067 reason=delivery
WARN [06-01|12:39:24.403] {"level":"warn","msg":"Slow block","block":{"number":5377,"hash":"0x49e2f715a2c74ab8e737cb45f163ff02a7035b8d46949baeef9d6502a4c2ba61","gas_used":0,"tx_count":0},"timing":{"execution_ms":0.034206,"state_read_ms":4.214399,"state_hash_ms":0.008118,"commit_ms":0.167156,"total_ms":4.590639},"throughput":{"mgas_per_sec":0},"state_reads":{"accounts":4,"storage_slots":0,"code":0,"code_bytes":0},"state_writes":{"accounts":0,"accounts_deleted":0,"storage_slots":0,"storage_slots_deleted":0,"code":0,"code_bytes":0},"cache":{"account":{"hits":0,"misses":4,"hit_rate":0},"storage":{"hits":0,"misses":0,"hit_rate":0},"code":{"hits":0,"misses":0,"hit_rate":0,"hit_bytes":0,"miss_bytes":0}}}
INFO [06-01|12:39:24.403] Imported new potential chain segment     number=5377 hash=49e2f7..c2ba61 blocks=1 txs=0 mgas=0.000 elapsed=4.775ms    mgasps=0.000 triediffs=1.36MiB triedirty=3.95MiB
INFO [06-01|12:39:24.404] Chain head was updated                   number=5377 hash=49e2f7..c2ba61 root=0ebb7a..95554d elapsed="61.557µs"
INFO [06-01|12:39:25.435] Starting work on payload                 id=0x0319b5aa57bfcf93
INFO [06-01|12:39:25.459] Updated payload                          id=0x0319b5aa57bfcf93 number=5378 hash=ed2cd4..5bbdc0 txs=0 withdrawals=0 gas=0 fees=0 root=0ebb7a..95554d elapsed=24.741ms
INFO [06-01|12:39:25.460] Stopping work on payload                 id=0x0319b5aa57bfcf93 reason=delivery
WARN [06-01|12:39:25.477] {"level":"warn","msg":"Slow block","block":{"number":5378,"hash":"0xed2cd4f209bdba7c0aef10aa82708b220d704c6446a389b35daa8501ef5bbdc0","gas_used":0,"tx_count":0},"timing":{"execution_ms":0.032072,"state_read_ms":17.269176,"state_hash_ms":0.002287,"commit_ms":0.116027,"total_ms":17.572682},"throughput":{"mgas_per_sec":0},"state_reads":{"accounts":4,"storage_slots":0,"code":0,"code_bytes":0},"state_writes":{"accounts":0,"accounts_deleted":0,"storage_slots":0,"storage_slots_deleted":0,"code":0,"code_bytes":0},"cache":{"account":{"hits":0,"misses":4,"hit_rate":0},"storage":{"hits":0,"misses":0,"hit_rate":0},"code":{"hits":0,"misses":0,"hit_rate":0,"hit_bytes":0,"miss_bytes":0}}}
INFO [06-01|12:39:25.477] Imported new potential chain segment     number=5378 hash=ed2cd4..5bbdc0 blocks=1 txs=0 mgas=0.000 elapsed=17.779ms   mgasps=0.000 triediffs=1.36MiB triedirty=3.95MiB
INFO [06-01|12:39:25.478] Chain head was updated                   number=5378 hash=ed2cd4..5bbdc0 root=0ebb7a..95554d elapsed="32.178µs"
INFO [06-01|12:39:25.545] Submitted contract creation              hash=0xd6ba64410b5ef80941bf7e9b88a338431a79c2cc26e93066427d4012a3498979 from=0xf39Fd6e51aad88F6F4ce6aB8827279cffFb92266 nonce=1603 contract=0x4fF1E057f891060Ff6837567C65AA8364D11EaBd value=0
INFO [06-01|12:39:25.545] Submitted transaction                    hash=0x438e13611c487e780bedf1aea420013139e4a2ae4dbc45184b9743855e713a92 from=0xf39Fd6e51aad88F6F4ce6aB8827279cffFb92266 nonce=1604 recipient=0x651cEd8Ba3b1EB6Cfec14772A12579439C0f3D0C value=78,000,000
INFO [06-01|12:39:26.498] Starting work on payload                 id=0x0383f424963e8b6a
INFO [06-01|12:39:26.552] Updated payload                          id=0x0383f424963e8b6a number=5379 hash=e656ed..5498ee txs=2 withdrawals=0 gas=86906 fees=5.21436e-13 root=f0e267..b1030b elapsed=53.394ms
INFO [06-01|12:39:26.552] Stopping work on payload                 id=0x0383f424963e8b6a reason=delivery
WARN [06-01|12:39:26.585] {"level":"warn","msg":"Slow block","block":{"number":5379,"hash":"0xe656ed7fe9ec4dde0df8d267419edaa6b6908a1d1a5b9a15cf304a9d685498ee","gas_used":86906,"tx_count":2},"timing":{"execution_ms":0.130975,"state_read_ms":22.630828,"state_hash_ms":4.903613,"commit_ms":5.356045,"total_ms":33.209915},"throughput":{"mgas_per_sec":2.6168690886441595},"state_reads":{"accounts":11,"storage_slots":0,"code":0,"code_bytes":0},"state_writes":{"accounts":3,"accounts_deleted":0,"storage_slots":0,"storage_slots_deleted":0,"code":1,"code_bytes":163},"cache":{"account":{"hits":5,"misses":6,"hit_rate":45.45454545454545},"storage":{"hits":0,"misses":0,"hit_rate":0},"code":{"hits":0,"misses":0,"hit_rate":0,"hit_bytes":0,"miss_bytes":0}}}
INFO [06-01|12:39:26.585] Imported new potential chain segment     number=5379 hash=e656ed..5498ee blocks=1 txs=2 mgas=0.087 elapsed=33.447ms   mgasps=2.598 triediffs=1.36MiB triedirty=3.95MiB
INFO [06-01|12:39:26.586] Chain head was updated                   number=5379 hash=e656ed..5498ee root=f0e267..b1030b elapsed="420.431µs"
INFO [06-01|12:39:27.563] Submitted transaction                    hash=0x13d6cb47bcac4bd0c60a8ab5d20f17c94eb9ad3eb46211fa4686639a0ff523e1 from=0x651cEd8Ba3b1EB6Cfec14772A12579439C0f3D0C nonce=0    recipient=0x4fF1E057f891060Ff6837567C65AA8364D11EaBd value=0
INFO [06-01|12:39:27.595] Starting work on payload                 id=0x03d7b0f4706b8a40
INFO [06-01|12:39:27.642] Updated payload                          id=0x03d7b0f4706b8a40 number=5380 hash=dfba9a..ab39cf txs=1 withdrawals=0 gas=5,911,443 fees=3.5468658e-11 root=885d34..0583c3 elapsed=47.605ms
INFO [06-01|12:39:27.643] Stopping work on payload                 id=0x03d7b0f4706b8a40 reason=delivery
WARN [06-01|12:39:27.684] {"level":"warn","msg":"Slow block","block":{"number":5380,"hash":"0xdfba9a706928dc761068146b9d8d0c52dc2392371d3cdbc40a18a480bfab39cf","gas_used":5911443,"tx_count":1},"timing":{"execution_ms":3.380147,"state_read_ms":6.836801,"state_hash_ms":25.785483,"commit_ms":4.78321,"total_ms":40.955847},"throughput":{"mgas_per_sec":144.33697342408766},"state_reads":{"accounts":8,"storage_slots":259,"code":2,"code_bytes":191},"state_writes":{"accounts":3,"accounts_deleted":0,"storage_slots":259,"storage_slots_deleted":0,"code":0,"code_bytes":0},"cache":{"account":{"hits":3,"misses":5,"hit_rate":37.5},"storage":{"hits":81,"misses":178,"hit_rate":31.27413127413127},"code":{"hits":2,"misses":0,"hit_rate":100,"hit_bytes":191,"miss_bytes":0}}}
INFO [06-01|12:39:27.684] Imported new potential chain segment     number=5380 hash=dfba9a..ab39cf blocks=1 txs=1 mgas=5.911 elapsed=41.162ms    mgasps=143.611 triediffs=1.42MiB triedirty=3.95MiB
INFO [06-01|12:39:27.684] Chain head was updated                   number=5380 hash=dfba9a..ab39cf root=885d34..0583c3 elapsed="187.078µs"
INFO [06-01|12:39:28.577] Submitted transaction                    hash=0xf88791c94f768ba6e4d9d3286083695f13bd8303b40186b882c6be84668dc8e5 from=0x651cEd8Ba3b1EB6Cfec14772A12579439C0f3D0C nonce=1    recipient=0xf39Fd6e51aad88F6F4ce6aB8827279cffFb92266 value=899,241
INFO [06-01|12:39:28.702] Starting work on payload                 id=0x031cc582b3d18950
INFO [06-01|12:39:28.733] Updated payload                          id=0x031cc582b3d18950 number=5381 hash=4c6fcd..4acf94 txs=1 withdrawals=0 gas=21000     fees=2.1e-14       root=4d0b3d..9ad3bb elapsed=31.251ms
INFO [06-01|12:39:28.733] Stopping work on payload                 id=0x031cc582b3d18950 reason=delivery
WARN [06-01|12:39:28.771] {"level":"warn","msg":"Slow block","block":{"number":5381,"hash":"0x4c6fcdbd08bbf3f1e7d5a75da145162ec018f4333381a45c6faa19b48d4acf94","gas_used":21000,"tx_count":1},"timing":{"execution_ms":0.108286,"state_read_ms":10.660368,"state_hash_ms":26.127735,"commit_ms":0.714668,"total_ms":37.838216},"throughput":{"mgas_per_sec":0.5549944532268646},"state_reads":{"accounts":6,"storage_slots":0,"code":0,"code_bytes":0},"state_writes":{"accounts":2,"accounts_deleted":0,"storage_slots":0,"storage_slots_deleted":0,"code":0,"code_bytes":0},"cache":{"account":{"hits":0,"misses":6,"hit_rate":0},"storage":{"hits":0,"misses":0,"hit_rate":0},"code":{"hits":0,"misses":0,"hit_rate":0,"hit_bytes":0,"miss_bytes":0}}}
INFO [06-01|12:39:28.771] Imported new potential chain segment     number=5381 hash=4c6fcd..4acf94 blocks=1 txs=1 mgas=0.021 elapsed=38.005ms    mgasps=0.553   triediffs=1.41MiB triedirty=3.95MiB
INFO [06-01|12:39:28.772] Chain head was updated                   number=5381 hash=4c6fcd..4acf94 root=4d0b3d..9ad3bb elapsed="57.352µs"
INFO [06-01|12:39:29.779] Starting work on payload                 id=0x0347d34ea3268c6b
INFO [06-01|12:39:29.797] Updated payload                          id=0x0347d34ea3268c6b number=5382 hash=579732..562455 txs=0 withdrawals=0 gas=0         fees=0             root=4d0b3d..9ad3bb elapsed=18.348ms
INFO [06-01|12:39:29.807] Stopping work on payload                 id=0x0347d34ea3268c6b reason=delivery
WARN [06-01|12:39:29.819] {"level":"warn","msg":"Slow block","block":{"number":5382,"hash":"0x57973239447d9ff3fb4eecaff3db835dacee888b045a2cd85edfd790da562455","gas_used":0,"tx_count":0},"timing":{"execution_ms":0.044717,"state_read_ms":21.349269,"state_hash_ms":0.003039,"commit_ms":0.149229,"total_ms":21.726032},"throughput":{"mgas_per_sec":0},"state_reads":{"accounts":4,"storage_slots":0,"code":0,"code_bytes":0},"state_writes":{"accounts":0,"accounts_deleted":0,"storage_slots":0,"storage_slots_deleted":0,"code":0,"code_bytes":0},"cache":{"account":{"hits":0,"misses":4,"hit_rate":0},"storage":{"hits":0,"misses":0,"hit_rate":0},"code":{"hits":0,"misses":0,"hit_rate":0,"hit_bytes":0,"miss_bytes":0}}}
INFO [06-01|12:39:29.819] Imported new potential chain segment     number=5382 hash=579732..562455 blocks=1 txs=0 mgas=0.000 elapsed=21.947ms    mgasps=0.000   triediffs=1.41MiB triedirty=3.95MiB
INFO [06-01|12:39:29.820] Chain head was updated                   number=5382 hash=579732..562455 root=4d0b3d..9ad3bb elapsed="63.412µs"
