WARN [06-01|11:20:51.846] Unknown config environment variable      envvar=GETH_PBT_BIN
WARN [06-01|11:20:51.846] Unknown config environment variable      envvar=GETH_UBT_BIN
INFO [06-01|11:20:51.857] Starting Geth on Ethereum mainnet...
INFO [06-01|11:20:51.859] Maximum peer count                       ETH=0 total=0
INFO [06-01|11:20:51.860] Smartcard socket not found, disabling    err="stat /run/pcscd/pcscd.comm: no such file or directory"
WARN [06-01|11:20:51.863] Option --miner.etherbase is deprecated as the etherbase is set by the consensus client post-merge
WARN [06-01|11:20:51.865] Snap sync requested, resetting --cache.snapshot
INFO [06-01|11:20:51.865] Set global gas cap                       cap=50,000,000
INFO [06-01|11:20:52.674] Using developer account                  address=0xf39Fd6e51aad88F6F4ce6aB8827279cffFb92266
INFO [06-01|11:20:52.712] Using pebble as the backing database
INFO [06-01|11:20:52.712] Allocated cache and file handles         database=/mnt/state_expiry_vol_data/ubt-vs-pbt-dbs/ubt/geth/chaindata cache=16.00MiB handles=262,144
INFO [06-01|11:20:52.932] Opened ancient database                  database=/mnt/state_expiry_vol_data/ubt-vs-pbt-dbs/ubt/geth/chaindata/ancient/chain readonly=true
INFO [06-01|11:20:52.932] Opened Era store                         datadir=/mnt/state_expiry_vol_data/ubt-vs-pbt-dbs/ubt/geth/chaindata/ancient/chain/era
INFO [06-01|11:20:52.941] Initializing the KZG library             backend=gokzg
INFO [06-01|11:20:52.942] Allocated trie memory caches             clean=0.00B dirty=0.00B
INFO [06-01|11:20:52.952] Using pebble as the backing database
INFO [06-01|11:20:52.952] Allocated cache and file handles         database=/mnt/state_expiry_vol_data/ubt-vs-pbt-dbs/ubt/geth/chaindata cache=16.00MiB handles=262,144
INFO [06-01|11:20:53.130] Opened ancient database                  database=/mnt/state_expiry_vol_data/ubt-vs-pbt-dbs/ubt/geth/chaindata/ancient/chain readonly=false
INFO [06-01|11:20:53.130] Opened Era store                         datadir=/mnt/state_expiry_vol_data/ubt-vs-pbt-dbs/ubt/geth/chaindata/ancient/chain/era
INFO [06-01|11:20:53.138] State scheme set to already existing     scheme=path
INFO [06-01|11:20:53.138] Initialising Ethereum protocol           network=1337 dbversion=9
INFO [06-01|11:20:53.139] Load database journal from file          path=/mnt/state_expiry_vol_data/ubt-vs-pbt-dbs/ubt/geth/triedb/verkle.journal
INFO [06-01|11:20:53.241] Opened ancient database                  database=/mnt/state_expiry_vol_data/ubt-vs-pbt-dbs/ubt/geth/chaindata/ancient/state_verkle readonly=false
INFO [06-01|11:20:53.243] State snapshot generator is not compatible
INFO [06-01|11:20:53.243] Initialized path database                triecache=0.00B statecache=0.00B buffer=0.00B state-history="last 90000 blocks" journal-dir=/mnt/state_expiry_vol_data/ubt-vs-pbt-dbs/ubt/geth/triedb verkle=true
INFO [06-01|11:20:53.243] 
INFO [06-01|11:20:53.243] ---------------------------------------------------------------------------------------------------------------------------------------------------------
INFO [06-01|11:20:53.243] Chain ID:  1337 (unknown)
INFO [06-01|11:20:53.243] Consensus: unknown
INFO [06-01|11:20:53.243] 
INFO [06-01|11:20:53.243] Pre-Merge hard forks (block based):
INFO [06-01|11:20:53.243]  - Homestead:                   #0       
INFO [06-01|11:20:53.243]  - Tangerine Whistle (EIP 150): #0       
INFO [06-01|11:20:53.243]  - Spurious Dragon/1 (EIP 155): #0       
INFO [06-01|11:20:53.243]  - Spurious Dragon/2 (EIP 158): #0       
INFO [06-01|11:20:53.243]  - Byzantium:                   #0       
INFO [06-01|11:20:53.243]  - Constantinople:              #0       
INFO [06-01|11:20:53.243]  - Petersburg:                  #0       
INFO [06-01|11:20:53.243]  - Istanbul:                    #0       
INFO [06-01|11:20:53.243]  - Berlin:                      #0       
INFO [06-01|11:20:53.243]  - London:                      #0       
INFO [06-01|11:20:53.243]  - Arrow Glacier:               #0       
INFO [06-01|11:20:53.243]  - Gray Glacier:                #0       
INFO [06-01|11:20:53.243] 
INFO [06-01|11:20:53.243] Merge configured:
INFO [06-01|11:20:53.243]  - Total terminal difficulty:  0
INFO [06-01|11:20:53.243]  - Merge netsplit block:       #0       
INFO [06-01|11:20:53.243] 
INFO [06-01|11:20:53.243] Post-Merge hard forks (timestamp based):
INFO [06-01|11:20:53.243]  - Shanghai:                    @0         
INFO [06-01|11:20:53.243]  - Cancun:                      @0          blob: (target: 3, max: 6, fraction: 3338477)
INFO [06-01|11:20:53.243]  - Prague:                      @0          blob: (target: 6, max: 9, fraction: 5007716)
INFO [06-01|11:20:53.243]  - Osaka:                       @0          blob: (target: 6, max: 9, fraction: 5007716)
INFO [06-01|11:20:53.243]  - UBT:                         @0          blob: (nil)
INFO [06-01|11:20:53.243] 
INFO [06-01|11:20:53.243] All fork specifications can be found at https://ethereum.github.io/execution-specs/src/ethereum/forks/
INFO [06-01|11:20:53.243] 
INFO [06-01|11:20:53.243] ---------------------------------------------------------------------------------------------------------------------------------------------------------
INFO [06-01|11:20:53.243] 
INFO [06-01|11:20:53.245] Loaded most recent local block           number=4840 hash=e399a4..e6afd3 age=3s
INFO [06-01|11:20:53.245] Loaded most recent local finalized block number=4832 hash=abeb48..ac3830 age=16s
INFO [06-01|11:20:53.246] Initialized transaction indexer          range="last 2350000 blocks"
INFO [06-01|11:20:53.247] Initialized log indexer                  firstblock=0 lastblock=4840 firstmap=0 lastmap=0 headindexed=true
INFO [06-01|11:20:53.289] Enabled full-sync                        head=4840 hash=e399a4..e6afd3
INFO [06-01|11:20:53.290] Unprotected transactions allowed
INFO [06-01|11:20:53.290] Gasprice oracle is ignoring threshold set threshold=2
INFO [06-01|11:20:53.290] Registered sync override service
WARN [06-01|11:20:53.290] You are running Geth in --dev mode. Please note the following:
WARN [06-01|11:20:53.290] 
WARN [06-01|11:20:53.290]   1. This mode is only intended for fast, iterative development without assumptions on
WARN [06-01|11:20:53.290]      security or persistence.
WARN [06-01|11:20:53.290]   2. The database is created in memory unless specified otherwise. Therefore, shutting down
WARN [06-01|11:20:53.290]      your computer or losing power will wipe your entire block data and chain state for
WARN [06-01|11:20:53.290]      your dev environment.
WARN [06-01|11:20:53.290]   3. A random, pre-allocated developer account will be available and unlocked as
WARN [06-01|11:20:53.290]      eth.coinbase, which can be used for testing. The random dev account is temporary,
WARN [06-01|11:20:53.290]      stored on a ramdisk, and will be lost if your machine is restarted.
WARN [06-01|11:20:53.290]   4. Mining is enabled by default. However, the client will only seal blocks if transactions
WARN [06-01|11:20:53.290]      are pending in the mempool. The miner's minimum accepted gas price is 1.
WARN [06-01|11:20:53.290]   5. Networking is disabled; there is no listen-address, the maximum number of peers is set
WARN [06-01|11:20:53.290]      to 0, and discovery is disabled.
WARN [06-01|11:20:53.290] 
INFO [06-01|11:20:53.290] Starting peer-to-peer node               instance=Geth/v1.17.3-unstable/linux-amd64/go1.24.9
WARN [06-01|11:20:53.290] P2P server will be useless, neither dialing nor listening
INFO [06-01|11:20:53.310] New local node record                    seq=1,780,289,664,764 id=c084d8867e8cc127 ip=127.0.0.1 udp=0 tcp=0
INFO [06-01|11:20:53.310] Started P2P networking                   self=enode://ed0ccbffbfc0dc9f1b0f8e55d585ad3e61215b1974f32d9388e7ae53563e3ebe0172c21d754fa202c3a63f95bef3ff3ea24339ffdabd0115c47ec5b8d33136a9@127.0.0.1:0
INFO [06-01|11:20:53.310] IPC endpoint opened                      url=/mnt/state_expiry_vol_data/ubt-vs-pbt-dbs/ubt/geth.ipc
ERROR[06-01|11:20:53.310] Unavailable modules in HTTP API list     unavailable=[personal] available="[admin debug web3 eth txpool miner net dev testing]"
INFO [06-01|11:20:53.311] HTTP server started                      endpoint=127.0.0.1:8545 auth=false prefix= cors= vhosts=localhost
INFO [06-01|11:20:53.311] WebSocket enabled                        url=ws://127.0.0.1:8546
INFO [06-01|11:20:53.675] Loaded local transaction journal         transactions=3393 dropped=0
INFO [06-01|11:20:54.494] Started log indexer
INFO [06-01|11:20:54.544] Starting work on payload                 id=0x0349bddd1dc8899f
INFO [06-01|11:20:54.548] Updated payload                          id=0x0349bddd1dc8899f number=4841 hash=254c3a..9902a5 txs=0 withdrawals=0 gas=0 fees=0 root=f8bcbc..aad594 elapsed=3.923ms
INFO [06-01|11:20:54.548] Stopping work on payload                 id=0x0349bddd1dc8899f reason=delivery
WARN [06-01|11:20:54.553] {"level":"warn","msg":"Slow block","block":{"number":4841,"hash":"0x254c3ad97f49e42878db22d3fbed95019de93278440a95edd7c34b11d99902a5","gas_used":0,"tx_count":0},"timing":{"execution_ms":0.039915,"state_read_ms":2.978976,"state_hash_ms":0.001665,"commit_ms":0.295305,"total_ms":3.528831},"throughput":{"mgas_per_sec":0},"state_reads":{"accounts":4,"storage_slots":0,"code":0,"code_bytes":0},"state_writes":{"accounts":0,"accounts_deleted":0,"storage_slots":0,"storage_slots_deleted":0,"code":0,"code_bytes":0},"cache":{"account":{"hits":0,"misses":4,"hit_rate":0},"storage":{"hits":0,"misses":0,"hit_rate":0},"code":{"hits":0,"misses":0,"hit_rate":0,"hit_bytes":0,"miss_bytes":0}}}
INFO [06-01|11:20:54.553] Imported new potential chain segment     number=4841 hash=254c3a..9902a5 blocks=1 txs=0 mgas=0.000 elapsed=3.939ms mgasps=0.000 triediffs=9.33MiB triedirty=0.00B
INFO [06-01|11:20:54.553] Chain head was updated                   number=4841 hash=254c3a..9902a5 root=f8bcbc..aad594 elapsed="106.855µs"
INFO [06-01|11:20:55.579] Starting work on payload                 id=0x03c028bd4990816f
INFO [06-01|11:20:55.582] Updated payload                          id=0x03c028bd4990816f number=4842 hash=55d795..1883de txs=0 withdrawals=0 gas=0 fees=0 root=f8bcbc..aad594 elapsed=3.328ms
INFO [06-01|11:20:55.582] Stopping work on payload                 id=0x03c028bd4990816f reason=delivery
WARN [06-01|11:20:55.585] {"level":"warn","msg":"Slow block","block":{"number":4842,"hash":"0x55d795a321bc1a8b4767c31bc34966afaa9654b2d0a71c1b1d71b96f151883de","gas_used":0,"tx_count":0},"timing":{"execution_ms":0.023104,"state_read_ms":2.800067,"state_hash_ms":0.001594,"commit_ms":0.086226,"total_ms":3.080441},"throughput":{"mgas_per_sec":0},"state_reads":{"accounts":4,"storage_slots":0,"code":0,"code_bytes":0},"state_writes":{"accounts":0,"accounts_deleted":0,"storage_slots":0,"storage_slots_deleted":0,"code":0,"code_bytes":0},"cache":{"account":{"hits":0,"misses":4,"hit_rate":0},"storage":{"hits":0,"misses":0,"hit_rate":0},"code":{"hits":0,"misses":0,"hit_rate":0,"hit_bytes":0,"miss_bytes":0}}}
INFO [06-01|11:20:55.585] Imported new potential chain segment     number=4842 hash=55d795..1883de blocks=1 txs=0 mgas=0.000 elapsed=3.249ms     mgasps=0.000 triediffs=9.33MiB triedirty=0.00B
INFO [06-01|11:20:55.586] Chain head was updated                   number=4842 hash=55d795..1883de root=f8bcbc..aad594 elapsed="46.98µs"
INFO [06-01|11:20:56.607] Starting work on payload                 id=0x036d67b9f95819ae
INFO [06-01|11:20:56.611] Updated payload                          id=0x036d67b9f95819ae number=4843 hash=61c233..1a14f8 txs=0 withdrawals=0 gas=0 fees=0 root=f8bcbc..aad594 elapsed=4.230ms
INFO [06-01|11:20:56.611] Stopping work on payload                 id=0x036d67b9f95819ae reason=delivery
WARN [06-01|11:20:56.632] {"level":"warn","msg":"Slow block","block":{"number":4843,"hash":"0x61c2336c08dd83ae042dcb53a9e22ce90118cc9455d2f31308e446071b1a14f8","gas_used":0,"tx_count":0},"timing":{"execution_ms":0.045988,"state_read_ms":19.819558,"state_hash_ms":0.002485,"commit_ms":0.137507,"total_ms":20.180499},"throughput":{"mgas_per_sec":0},"state_reads":{"accounts":4,"storage_slots":0,"code":0,"code_bytes":0},"state_writes":{"accounts":0,"accounts_deleted":0,"storage_slots":0,"storage_slots_deleted":0,"code":0,"code_bytes":0},"cache":{"account":{"hits":0,"misses":4,"hit_rate":0},"storage":{"hits":0,"misses":0,"hit_rate":0},"code":{"hits":0,"misses":0,"hit_rate":0,"hit_bytes":0,"miss_bytes":0}}}
INFO [06-01|11:20:56.632] Imported new potential chain segment     number=4843 hash=61c233..1a14f8 blocks=1 txs=0 mgas=0.000 elapsed=20.416ms    mgasps=0.000 triediffs=9.33MiB triedirty=0.00B
INFO [06-01|11:20:56.632] Chain head was updated                   number=4843 hash=61c233..1a14f8 root=f8bcbc..aad594 elapsed="66.414µs"
INFO [06-01|11:20:56.857] Submitted contract creation              hash=0x27ad3d802f4393b7b8ff7789389943ad784b0ad0a08caf4c140f7c4a49e43a75 from=0xf39Fd6e51aad88F6F4ce6aB8827279cffFb92266 nonce=1441 contract=0xC10DFcc06b37660446cB99a7A2800469F8D58fE5 value=0
INFO [06-01|11:20:56.858] Submitted transaction                    hash=0xb63b49f6a74587d4b2c602857c063cd084075a802dd1907aacb81099aa2d26db from=0xf39Fd6e51aad88F6F4ce6aB8827279cffFb92266 nonce=1442 recipient=0x9605bC7bc585048b808B54Eae4066de12872520D value=78,000,000
INFO [06-01|11:20:57.641] Starting work on payload                 id=0x03352780e2bf68ca
INFO [06-01|11:20:57.682] Updated payload                          id=0x03352780e2bf68ca number=4844 hash=4d456c..c44703 txs=2 withdrawals=0 gas=91698 fees=5.50188e-13 root=a1b4dd..a70904 elapsed=40.492ms
INFO [06-01|11:20:57.682] Stopping work on payload                 id=0x03352780e2bf68ca reason=delivery
INFO [06-01|11:20:57.715] Paused snapshot generation
WARN [06-01|11:20:57.715] {"level":"warn","msg":"Slow block","block":{"number":4844,"hash":"0x4d456cbee0c465f049c6f3173c00a7b4035c434b91d0989063b1779641c44703","gas_used":91698,"tx_count":2},"timing":{"execution_ms":0.175632,"state_read_ms":23.284961,"state_hash_ms":4.077169,"commit_ms":4.892138,"total_ms":32.621861},"throughput":{"mgas_per_sec":2.8109371197431074},"state_reads":{"accounts":11,"storage_slots":0,"code":0,"code_bytes":0},"state_writes":{"accounts":3,"accounts_deleted":0,"storage_slots":0,"storage_slots_deleted":0,"code":1,"code_bytes":305},"cache":{"account":{"hits":5,"misses":6,"hit_rate":45.45454545454545},"storage":{"hits":0,"misses":0,"hit_rate":0},"code":{"hits":0,"misses":0,"hit_rate":0,"hit_bytes":0,"miss_bytes":0}}}
INFO [06-01|11:20:57.715] Imported new potential chain segment     number=4844 hash=4d456c..c44703 blocks=1 txs=2 mgas=0.092 elapsed=32.850ms    mgasps=2.791 triediffs=9.33MiB triedirty=0.00B
INFO [06-01|11:20:57.715] Chain head was updated                   number=4844 hash=4d456c..c44703 root=a1b4dd..a70904 elapsed="153.961µs"
WARN [06-01|11:20:57.739] Snapshot generation is not permitted
INFO [06-01|11:20:57.871] Submitted transaction                    hash=0xad53f13a93daf874066b738a1149c264648e5027b887f7a5760c47670fc6fcde from=0x9605bC7bc585048b808B54Eae4066de12872520D nonce=0    recipient=0xC10DFcc06b37660446cB99a7A2800469F8D58fE5 value=0
INFO [06-01|11:20:58.728] Starting work on payload                 id=0x03b18bafd5ae14e0
INFO [06-01|11:20:59.106] Updated payload                          id=0x03b18bafd5ae14e0 number=4845 hash=060e86..223741 txs=1 withdrawals=0 gas=5,919,252 fees=3.5515512e-11 root=05c954..063ce6 elapsed=377.640ms
INFO [06-01|11:20:59.106] Stopping work on payload                 id=0x03b18bafd5ae14e0 reason=delivery
INFO [06-01|11:20:59.183] Paused snapshot generation
WARN [06-01|11:20:59.185] {"level":"warn","msg":"Slow block","block":{"number":4845,"hash":"0x060e86c5e95bb51ae433120d7cd68a8ea33253e2c7544d9f3dfe042bfa223741","gas_used":5919252,"tx_count":1},"timing":{"execution_ms":35.938672,"state_read_ms":12.188046,"state_hash_ms":26.387731,"commit_ms":4.368937,"total_ms":79.256959},"throughput":{"mgas_per_sec":74.68431888737997},"state_reads":{"accounts":263,"storage_slots":814,"code":257,"code_bytes":7473},"state_writes":{"accounts":47,"accounts_deleted":0,"storage_slots":72,"storage_slots_deleted":0,"code":0,"code_bytes":0},"cache":{"account":{"hits":75,"misses":188,"hit_rate":28.517110266159694},"storage":{"hits":395,"misses":419,"hit_rate":48.52579852579852},"code":{"hits":257,"misses":0,"hit_rate":100,"hit_bytes":7473,"miss_bytes":0}}}
INFO [06-01|11:20:59.185] Imported new potential chain segment     number=4845 hash=060e86..223741 blocks=1 txs=1 mgas=5.919 elapsed=79.466ms    mgasps=74.487 triediffs=9.64MiB triedirty=0.00B
INFO [06-01|11:20:59.186] Chain head was updated                   number=4845 hash=060e86..223741 root=05c954..063ce6 elapsed="130.162µs"
WARN [06-01|11:20:59.204] Snapshot generation is not permitted
INFO [06-01|11:20:59.891] Submitted transaction                    hash=0x796af2682386737d612f98fc20bbe4a7af5ef18227861d84cf04175c3ee09429 from=0x9605bC7bc585048b808B54Eae4066de12872520D nonce=1    recipient=0xf39Fd6e51aad88F6F4ce6aB8827279cffFb92266 value=797,724
INFO [06-01|11:21:00.206] Starting work on payload                 id=0x03f043cb00b957a1
INFO [06-01|11:21:00.212] Updated payload                          id=0x03f043cb00b957a1 number=4846 hash=40e967..86c8b7 txs=1 withdrawals=0 gas=21000     fees=2.1e-14       root=824142..d21db0 elapsed=6.186ms
INFO [06-01|11:21:00.213] Stopping work on payload                 id=0x03f043cb00b957a1 reason=delivery
INFO [06-01|11:21:00.230] Paused snapshot generation
WARN [06-01|11:21:00.230] {"level":"warn","msg":"Slow block","block":{"number":4846,"hash":"0x40e967b74d1da0016670e0f6864b35354a586b0b100c2c6fc29b464df886c8b7","gas_used":21000,"tx_count":1},"timing":{"execution_ms":0.06384,"state_read_ms":8.184623,"state_hash_ms":8.033394,"commit_ms":0.73037,"total_ms":17.229077},"throughput":{"mgas_per_sec":1.2188697049760704},"state_reads":{"accounts":6,"storage_slots":0,"code":0,"code_bytes":0},"state_writes":{"accounts":2,"accounts_deleted":0,"storage_slots":0,"storage_slots_deleted":0,"code":0,"code_bytes":0},"cache":{"account":{"hits":2,"misses":4,"hit_rate":33.33333333333333},"storage":{"hits":0,"misses":0,"hit_rate":0},"code":{"hits":0,"misses":0,"hit_rate":0,"hit_bytes":0,"miss_bytes":0}}}
INFO [06-01|11:21:00.230] Imported new potential chain segment     number=4846 hash=40e967..86c8b7 blocks=1 txs=1 mgas=0.021 elapsed=17.450ms    mgasps=1.203  triediffs=9.62MiB triedirty=0.00B
INFO [06-01|11:21:00.230] Chain head was updated                   number=4846 hash=40e967..86c8b7 root=824142..d21db0 elapsed="103.673µs"
WARN [06-01|11:21:00.250] Snapshot generation is not permitted
INFO [06-01|11:21:01.236] Starting work on payload                 id=0x03545d63ba5a07b5
INFO [06-01|11:21:01.239] Updated payload                          id=0x03545d63ba5a07b5 number=4847 hash=7006f4..ecdcc1 txs=0 withdrawals=0 gas=0         fees=0             root=824142..d21db0 elapsed=3.509ms
INFO [06-01|11:21:01.239] Stopping work on payload                 id=0x03545d63ba5a07b5 reason=delivery
WARN [06-01|11:21:01.243] {"level":"warn","msg":"Slow block","block":{"number":4847,"hash":"0x7006f4f33bb426d23d7dbff7024cc4856a90384ea205c9266fdae98353ecdcc1","gas_used":0,"tx_count":0},"timing":{"execution_ms":0.026811,"state_read_ms":3.241347,"state_hash_ms":0.001636,"commit_ms":0.119475,"total_ms":3.689156},"throughput":{"mgas_per_sec":0},"state_reads":{"accounts":4,"storage_slots":0,"code":0,"code_bytes":0},"state_writes":{"accounts":0,"accounts_deleted":0,"storage_slots":0,"storage_slots_deleted":0,"code":0,"code_bytes":0},"cache":{"account":{"hits":0,"misses":4,"hit_rate":0},"storage":{"hits":0,"misses":0,"hit_rate":0},"code":{"hits":0,"misses":0,"hit_rate":0,"hit_bytes":0,"miss_bytes":0}}}
INFO [06-01|11:21:01.243] Imported new potential chain segment     number=4847 hash=7006f4..ecdcc1 blocks=1 txs=0 mgas=0.000 elapsed=3.835ms     mgasps=0.000  triediffs=9.62MiB triedirty=0.00B
INFO [06-01|11:21:01.244] Chain head was updated                   number=4847 hash=7006f4..ecdcc1 root=824142..d21db0 elapsed="50.805µs"
INFO [06-01|11:21:01.336] Got interrupt, shutting down...
INFO [06-01|11:21:01.337] HTTP server stopped                      endpoint=127.0.0.1:8545
INFO [06-01|11:21:01.337] HTTP server stopped                      endpoint=127.0.0.1:8546
INFO [06-01|11:21:01.337] IPC endpoint closed                      url=/mnt/state_expiry_vol_data/ubt-vs-pbt-dbs/ubt/geth.ipc
INFO [06-01|11:21:01.337] Ethereum protocol stopped
INFO [06-01|11:21:01.337] Transaction pool stopped
INFO [06-01|11:21:01.338] Persisting dirty state                   head=4846 root=824142..d21db0 layers=128
INFO [06-01|11:21:01.424] Persisted dirty state to file            path=/mnt/state_expiry_vol_data/ubt-vs-pbt-dbs/ubt/geth/triedb/verkle.journal size=9.58MiB elapsed=86.204ms
INFO [06-01|11:21:01.437] Blockchain stopped
