WARN [06-01|10:59:56.440] Unknown config environment variable      envvar=GETH_PBT_BIN
WARN [06-01|10:59:56.440] Unknown config environment variable      envvar=GETH_UBT_BIN
INFO [06-01|10:59:56.451] Starting Geth on Ethereum mainnet...
INFO [06-01|10:59:56.452] Maximum peer count                       ETH=0 total=0
INFO [06-01|10:59:56.453] Smartcard socket not found, disabling    err="stat /run/pcscd/pcscd.comm: no such file or directory"
WARN [06-01|10:59:56.456] Option --miner.etherbase is deprecated as the etherbase is set by the consensus client post-merge
WARN [06-01|10:59:56.458] Snap sync requested, resetting --cache.snapshot
INFO [06-01|10:59:56.458] Set global gas cap                       cap=50,000,000
INFO [06-01|10:59:57.246] Using developer account                  address=0xf39Fd6e51aad88F6F4ce6aB8827279cffFb92266
INFO [06-01|10:59:57.292] Using pebble as the backing database
INFO [06-01|10:59:57.292] Allocated cache and file handles         database=/mnt/state_expiry_vol_data/ubt-vs-pbt-dbs/ubt/geth/chaindata cache=16.00MiB handles=262,144
INFO [06-01|10:59:57.519] Opened ancient database                  database=/mnt/state_expiry_vol_data/ubt-vs-pbt-dbs/ubt/geth/chaindata/ancient/chain readonly=true
INFO [06-01|10:59:57.519] Opened Era store                         datadir=/mnt/state_expiry_vol_data/ubt-vs-pbt-dbs/ubt/geth/chaindata/ancient/chain/era
INFO [06-01|10:59:57.526] Initializing the KZG library             backend=gokzg
INFO [06-01|10:59:57.527] Allocated trie memory caches             clean=0.00B dirty=0.00B
INFO [06-01|10:59:57.537] Using pebble as the backing database
INFO [06-01|10:59:57.537] Allocated cache and file handles         database=/mnt/state_expiry_vol_data/ubt-vs-pbt-dbs/ubt/geth/chaindata cache=16.00MiB handles=262,144
INFO [06-01|10:59:57.729] Opened ancient database                  database=/mnt/state_expiry_vol_data/ubt-vs-pbt-dbs/ubt/geth/chaindata/ancient/chain readonly=false
INFO [06-01|10:59:57.729] Opened Era store                         datadir=/mnt/state_expiry_vol_data/ubt-vs-pbt-dbs/ubt/geth/chaindata/ancient/chain/era
INFO [06-01|10:59:57.735] State scheme set to already existing     scheme=path
INFO [06-01|10:59:57.740] Initialising Ethereum protocol           network=1337 dbversion=9
INFO [06-01|10:59:57.740] Load database journal from file          path=/mnt/state_expiry_vol_data/ubt-vs-pbt-dbs/ubt/geth/triedb/verkle.journal
INFO [06-01|10:59:57.831] Opened ancient database                  database=/mnt/state_expiry_vol_data/ubt-vs-pbt-dbs/ubt/geth/chaindata/ancient/state_verkle readonly=false
INFO [06-01|10:59:57.835] State snapshot generator is not compatible
INFO [06-01|10:59:57.835] Initialized path database                triecache=0.00B statecache=0.00B buffer=0.00B state-history="last 90000 blocks" journal-dir=/mnt/state_expiry_vol_data/ubt-vs-pbt-dbs/ubt/geth/triedb verkle=true
INFO [06-01|10:59:57.835] 
INFO [06-01|10:59:57.835] ---------------------------------------------------------------------------------------------------------------------------------------------------------
INFO [06-01|10:59:57.835] Chain ID:  1337 (unknown)
INFO [06-01|10:59:57.835] Consensus: unknown
INFO [06-01|10:59:57.835] 
INFO [06-01|10:59:57.835] Pre-Merge hard forks (block based):
INFO [06-01|10:59:57.835]  - Homestead:                   #0       
INFO [06-01|10:59:57.835]  - Tangerine Whistle (EIP 150): #0       
INFO [06-01|10:59:57.835]  - Spurious Dragon/1 (EIP 155): #0       
INFO [06-01|10:59:57.835]  - Spurious Dragon/2 (EIP 158): #0       
INFO [06-01|10:59:57.835]  - Byzantium:                   #0       
INFO [06-01|10:59:57.835]  - Constantinople:              #0       
INFO [06-01|10:59:57.835]  - Petersburg:                  #0       
INFO [06-01|10:59:57.835]  - Istanbul:                    #0       
INFO [06-01|10:59:57.835]  - Berlin:                      #0       
INFO [06-01|10:59:57.835]  - London:                      #0       
INFO [06-01|10:59:57.835]  - Arrow Glacier:               #0       
INFO [06-01|10:59:57.835]  - Gray Glacier:                #0       
INFO [06-01|10:59:57.835] 
INFO [06-01|10:59:57.835] Merge configured:
INFO [06-01|10:59:57.835]  - Total terminal difficulty:  0
INFO [06-01|10:59:57.835]  - Merge netsplit block:       #0       
INFO [06-01|10:59:57.835] 
INFO [06-01|10:59:57.835] Post-Merge hard forks (timestamp based):
INFO [06-01|10:59:57.835]  - Shanghai:                    @0         
INFO [06-01|10:59:57.835]  - Cancun:                      @0          blob: (target: 3, max: 6, fraction: 3338477)
INFO [06-01|10:59:57.835]  - Prague:                      @0          blob: (target: 6, max: 9, fraction: 5007716)
INFO [06-01|10:59:57.835]  - Osaka:                       @0          blob: (target: 6, max: 9, fraction: 5007716)
INFO [06-01|10:59:57.835]  - UBT:                         @0          blob: (nil)
INFO [06-01|10:59:57.835] 
INFO [06-01|10:59:57.835] All fork specifications can be found at https://ethereum.github.io/execution-specs/src/ethereum/forks/
INFO [06-01|10:59:57.835] 
INFO [06-01|10:59:57.835] ---------------------------------------------------------------------------------------------------------------------------------------------------------
INFO [06-01|10:59:57.835] 
INFO [06-01|10:59:57.835] Loaded most recent local block           number=4101 hash=de9c80..d3f944 age=3s
INFO [06-01|10:59:57.835] Loaded most recent local finalized block number=4096 hash=a4e914..f7b526 age=8s
INFO [06-01|10:59:57.836] Initialized transaction indexer          range="last 2350000 blocks"
INFO [06-01|10:59:57.836] Initialized log indexer                  firstblock=0 lastblock=4101 firstmap=0 lastmap=0 headindexed=true
INFO [06-01|10:59:57.900] Enabled full-sync                        head=4101 hash=de9c80..d3f944
INFO [06-01|10:59:57.900] Unprotected transactions allowed
INFO [06-01|10:59:57.900] Gasprice oracle is ignoring threshold set threshold=2
INFO [06-01|10:59:57.901] Registered sync override service
WARN [06-01|10:59:57.901] You are running Geth in --dev mode. Please note the following:
WARN [06-01|10:59:57.901] 
WARN [06-01|10:59:57.901]   1. This mode is only intended for fast, iterative development without assumptions on
WARN [06-01|10:59:57.901]      security or persistence.
WARN [06-01|10:59:57.901]   2. The database is created in memory unless specified otherwise. Therefore, shutting down
WARN [06-01|10:59:57.901]      your computer or losing power will wipe your entire block data and chain state for
WARN [06-01|10:59:57.901]      your dev environment.
WARN [06-01|10:59:57.901]   3. A random, pre-allocated developer account will be available and unlocked as
WARN [06-01|10:59:57.901]      eth.coinbase, which can be used for testing. The random dev account is temporary,
WARN [06-01|10:59:57.901]      stored on a ramdisk, and will be lost if your machine is restarted.
WARN [06-01|10:59:57.901]   4. Mining is enabled by default. However, the client will only seal blocks if transactions
WARN [06-01|10:59:57.901]      are pending in the mempool. The miner's minimum accepted gas price is 1.
WARN [06-01|10:59:57.901]   5. Networking is disabled; there is no listen-address, the maximum number of peers is set
WARN [06-01|10:59:57.901]      to 0, and discovery is disabled.
WARN [06-01|10:59:57.901] 
INFO [06-01|10:59:57.901] Starting peer-to-peer node               instance=Geth/v1.17.3-unstable/linux-amd64/go1.24.9
WARN [06-01|10:59:57.901] P2P server will be useless, neither dialing nor listening
INFO [06-01|10:59:57.939] IPC endpoint opened                      url=/mnt/state_expiry_vol_data/ubt-vs-pbt-dbs/ubt/geth.ipc
ERROR[06-01|10:59:57.939] Unavailable modules in HTTP API list     unavailable=[personal] available="[admin debug web3 eth txpool miner net dev testing]"
INFO [06-01|10:59:57.939] New local node record                    seq=1,780,289,664,642 id=c084d8867e8cc127 ip=127.0.0.1 udp=0 tcp=0
INFO [06-01|10:59:57.939] Started P2P networking                   self=enode://ed0ccbffbfc0dc9f1b0f8e55d585ad3e61215b1974f32d9388e7ae53563e3ebe0172c21d754fa202c3a63f95bef3ff3ea24339ffdabd0115c47ec5b8d33136a9@127.0.0.1:0
INFO [06-01|10:59:57.939] HTTP server started                      endpoint=127.0.0.1:8545 auth=false prefix= cors= vhosts=localhost
INFO [06-01|10:59:57.939] WebSocket enabled                        url=ws://127.0.0.1:8546
INFO [06-01|10:59:58.255] Loaded local transaction journal         transactions=2905 dropped=0
INFO [06-01|10:59:59.169] Started log indexer
INFO [06-01|10:59:59.205] Starting work on payload                 id=0x03de004754fccc88
INFO [06-01|10:59:59.208] Updated payload                          id=0x03de004754fccc88 number=4102 hash=89233f..340b47 txs=0 withdrawals=0 gas=0 fees=0 root=f20f35..8b9d9b elapsed=3.354ms
INFO [06-01|10:59:59.209] Stopping work on payload                 id=0x03de004754fccc88 reason=delivery
WARN [06-01|10:59:59.213] {"level":"warn","msg":"Slow block","block":{"number":4102,"hash":"0x89233f74b483dac95bda99613efe051c59903f1368e2666ae1ad0467eb340b47","gas_used":0,"tx_count":0},"timing":{"execution_ms":0.046029,"state_read_ms":3.985208,"state_hash_ms":0.002058,"commit_ms":0.296975,"total_ms":4.569731},"throughput":{"mgas_per_sec":0},"state_reads":{"accounts":4,"storage_slots":0,"code":0,"code_bytes":0},"state_writes":{"accounts":0,"accounts_deleted":0,"storage_slots":0,"storage_slots_deleted":0,"code":0,"code_bytes":0},"cache":{"account":{"hits":0,"misses":4,"hit_rate":0},"storage":{"hits":0,"misses":0,"hit_rate":0},"code":{"hits":0,"misses":0,"hit_rate":0,"hit_bytes":0,"miss_bytes":0}}}
INFO [06-01|10:59:59.213] Imported new potential chain segment     number=4102 hash=89233f..340b47 blocks=1 txs=0 mgas=0.000 elapsed=4.978ms mgasps=0.000 triediffs=4.42MiB triedirty=0.00B
INFO [06-01|10:59:59.214] Chain head was updated                   number=4102 hash=89233f..340b47 root=f20f35..8b9d9b elapsed="91.464µs"
INFO [06-01|11:00:00.218] Starting work on payload                 id=0x03aee33634eeb654
INFO [06-01|11:00:00.221] Updated payload                          id=0x03aee33634eeb654 number=4103 hash=9d5616..1e4977 txs=0 withdrawals=0 gas=0 fees=0 root=f20f35..8b9d9b elapsed=3.132ms
INFO [06-01|11:00:00.221] Stopping work on payload                 id=0x03aee33634eeb654 reason=delivery
WARN [06-01|11:00:00.231] {"level":"warn","msg":"Slow block","block":{"number":4103,"hash":"0x9d56163d64af94c79567246165d8a110d577e39f5972c66210bd8738ae1e4977","gas_used":0,"tx_count":0},"timing":{"execution_ms":0.08576,"state_read_ms":9.582453,"state_hash_ms":0.001851,"commit_ms":0.116695,"total_ms":9.92379},"throughput":{"mgas_per_sec":0},"state_reads":{"accounts":4,"storage_slots":0,"code":0,"code_bytes":0},"state_writes":{"accounts":0,"accounts_deleted":0,"storage_slots":0,"storage_slots_deleted":0,"code":0,"code_bytes":0},"cache":{"account":{"hits":0,"misses":4,"hit_rate":0},"storage":{"hits":0,"misses":0,"hit_rate":0},"code":{"hits":0,"misses":0,"hit_rate":0,"hit_bytes":0,"miss_bytes":0}}}
INFO [06-01|11:00:00.231] Imported new potential chain segment     number=4103 hash=9d5616..1e4977 blocks=1 txs=0 mgas=0.000 elapsed=10.202ms   mgasps=0.000 triediffs=4.42MiB triedirty=0.00B
INFO [06-01|11:00:00.232] Chain head was updated                   number=4103 hash=9d5616..1e4977 root=f20f35..8b9d9b elapsed="30.446µs"
INFO [06-01|11:00:01.245] Starting work on payload                 id=0x0300169547ccb020
INFO [06-01|11:00:01.264] Updated payload                          id=0x0300169547ccb020 number=4104 hash=b73a92..dd68a7 txs=0 withdrawals=0 gas=0 fees=0 root=f20f35..8b9d9b elapsed=18.752ms
INFO [06-01|11:00:01.264] Stopping work on payload                 id=0x0300169547ccb020 reason=delivery
WARN [06-01|11:00:01.268] {"level":"warn","msg":"Slow block","block":{"number":4104,"hash":"0xb73a92331e631357c99bfd6b8e2215a46306f556ff46238bef6f7a18dbdd68a7","gas_used":0,"tx_count":0},"timing":{"execution_ms":0.031893,"state_read_ms":3.468425,"state_hash_ms":0.001782,"commit_ms":0.116436,"total_ms":3.786752},"throughput":{"mgas_per_sec":0},"state_reads":{"accounts":4,"storage_slots":0,"code":0,"code_bytes":0},"state_writes":{"accounts":0,"accounts_deleted":0,"storage_slots":0,"storage_slots_deleted":0,"code":0,"code_bytes":0},"cache":{"account":{"hits":0,"misses":4,"hit_rate":0},"storage":{"hits":0,"misses":0,"hit_rate":0},"code":{"hits":0,"misses":0,"hit_rate":0,"hit_bytes":0,"miss_bytes":0}}}
INFO [06-01|11:00:01.268] Imported new potential chain segment     number=4104 hash=b73a92..dd68a7 blocks=1 txs=0 mgas=0.000 elapsed=3.979ms    mgasps=0.000 triediffs=4.42MiB triedirty=0.00B
INFO [06-01|11:00:01.268] Chain head was updated                   number=4104 hash=b73a92..dd68a7 root=f20f35..8b9d9b elapsed="51.099µs"
INFO [06-01|11:00:01.434] Submitted contract creation              hash=0x128c6d11f4d11386bb5f00ae4adb3793437f928eb5b4dfad0ef5950e9a0cf0f8 from=0xf39Fd6e51aad88F6F4ce6aB8827279cffFb92266 nonce=1197 contract=0x086ce0Da44C88Dac96cF0Dc4c5b2237eACca2E71 value=0
INFO [06-01|11:00:01.434] Submitted transaction                    hash=0x250d31c7b4c508a85c0ac3cafd21bb1bda02b6dc91e09d740788ffc2b3590aad from=0xf39Fd6e51aad88F6F4ce6aB8827279cffFb92266 nonce=1198 recipient=0xB87F8eD01dA9954eb8bfC7e6f891bb80cFf1a36B value=78,000,000
INFO [06-01|11:00:02.273] Starting work on payload                 id=0x03e25ecdb3464b12
INFO [06-01|11:00:02.301] Updated payload                          id=0x03e25ecdb3464b12 number=4105 hash=84b069..c7ba6a txs=2 withdrawals=0 gas=86938 fees=5.21628e-13 root=baf086..4d9022 elapsed=27.615ms
INFO [06-01|11:00:02.301] Stopping work on payload                 id=0x03e25ecdb3464b12 reason=delivery
INFO [06-01|11:00:02.331] Paused snapshot generation
WARN [06-01|11:00:02.332] {"level":"warn","msg":"Slow block","block":{"number":4105,"hash":"0x84b0696dced5838e9fa2a53abc6f2257adb4bbddd041443ea9eb518d02c7ba6a","gas_used":86938,"tx_count":2},"timing":{"execution_ms":0.140528,"state_read_ms":8.198433,"state_hash_ms":5.518867,"commit_ms":5.034849,"total_ms":30.103685},"throughput":{"mgas_per_sec":2.8879520895863746},"state_reads":{"accounts":11,"storage_slots":0,"code":0,"code_bytes":0},"state_writes":{"accounts":3,"accounts_deleted":0,"storage_slots":0,"storage_slots_deleted":0,"code":1,"code_bytes":165},"cache":{"account":{"hits":7,"misses":4,"hit_rate":63.63636363636363},"storage":{"hits":0,"misses":0,"hit_rate":0},"code":{"hits":0,"misses":0,"hit_rate":0,"hit_bytes":0,"miss_bytes":0}}}
INFO [06-01|11:00:02.332] Imported new potential chain segment     number=4105 hash=84b069..c7ba6a blocks=1 txs=2 mgas=0.087 elapsed=30.504ms   mgasps=2.850 triediffs=4.43MiB triedirty=0.00B
INFO [06-01|11:00:02.332] Chain head was updated                   number=4105 hash=84b069..c7ba6a root=baf086..4d9022 elapsed="209.877µs"
WARN [06-01|11:00:02.359] Snapshot generation is not permitted
INFO [06-01|11:00:02.447] Submitted transaction                    hash=0xfd36cd5b1dc93282109bf32b7e2b405ed5b5c9cb1ed6cb39e56d3e9b9f8c2563 from=0xB87F8eD01dA9954eb8bfC7e6f891bb80cFf1a36B nonce=0    recipient=0x086ce0Da44C88Dac96cF0Dc4c5b2237eACca2E71 value=0
INFO [06-01|11:00:03.337] Starting work on payload                 id=0x03db94e9fc93be60
INFO [06-01|11:00:03.471] Updated payload                          id=0x03db94e9fc93be60 number=4106 hash=294005..03d198 txs=1 withdrawals=0 gas=5,919,370 fees=3.551622e-11 root=9cedb2..f537b7 elapsed=134.130ms
INFO [06-01|11:00:03.471] Stopping work on payload                 id=0x03db94e9fc93be60 reason=delivery
INFO [06-01|11:00:03.496] Paused snapshot generation
WARN [06-01|11:00:03.497] {"level":"warn","msg":"Slow block","block":{"number":4106,"hash":"0x2940051016550ce32115a545910eca72a26e7f67d1485b2c3053aaba9503d198","gas_used":5919370,"tx_count":1},"timing":{"execution_ms":4.403591,"state_read_ms":13.052766,"state_hash_ms":5.706104,"commit_ms":2.199655,"total_ms":25.530323},"throughput":{"mgas_per_sec":231.85644772296848},"state_reads":{"accounts":17,"storage_slots":283,"code":11,"code_bytes":445},"state_writes":{"accounts":12,"accounts_deleted":0,"storage_slots":254,"storage_slots_deleted":0,"code":0,"code_bytes":0},"cache":{"account":{"hits":6,"misses":11,"hit_rate":35.294117647058826},"storage":{"hits":45,"misses":238,"hit_rate":15.901060070671377},"code":{"hits":11,"misses":0,"hit_rate":100,"hit_bytes":445,"miss_bytes":0}}}
INFO [06-01|11:00:03.497] Imported new potential chain segment     number=4106 hash=294005..03d198 blocks=1 txs=1 mgas=5.919 elapsed=25.776ms    mgasps=229.642 triediffs=4.55MiB triedirty=0.00B
INFO [06-01|11:00:03.497] Chain head was updated                   number=4106 hash=294005..03d198 root=9cedb2..f537b7 elapsed="111.668µs"
WARN [06-01|11:00:03.520] Snapshot generation is not permitted
INFO [06-01|11:00:04.467] Submitted transaction                    hash=0x92765ae2f92cfc0424b6408a9bf549ed1df0332a8f07605e6df32449c2f8f8ab from=0xB87F8eD01dA9954eb8bfC7e6f891bb80cFf1a36B nonce=1    recipient=0xf39Fd6e51aad88F6F4ce6aB8827279cffFb92266 value=796,190
INFO [06-01|11:00:04.517] Starting work on payload                 id=0x030f7edb349f69ed
INFO [06-01|11:00:04.523] Updated payload                          id=0x030f7edb349f69ed number=4107 hash=63c9b2..a0aeea txs=1 withdrawals=0 gas=21000     fees=2.1e-14      root=04460c..76098c elapsed=5.594ms
INFO [06-01|11:00:04.523] Stopping work on payload                 id=0x030f7edb349f69ed reason=delivery
INFO [06-01|11:00:04.542] Paused snapshot generation
WARN [06-01|11:00:04.542] {"level":"warn","msg":"Slow block","block":{"number":4107,"hash":"0x63c9b27308344ff0b2a43e4afa84ec9716d19e6e607a49c6828da9f2f2a0aeea","gas_used":21000,"tx_count":1},"timing":{"execution_ms":0.074147,"state_read_ms":15.416635,"state_hash_ms":2.585563,"commit_ms":0.587412,"total_ms":18.871434},"throughput":{"mgas_per_sec":1.1127930182730152},"state_reads":{"accounts":6,"storage_slots":0,"code":0,"code_bytes":0},"state_writes":{"accounts":2,"accounts_deleted":0,"storage_slots":0,"storage_slots_deleted":0,"code":0,"code_bytes":0},"cache":{"account":{"hits":2,"misses":4,"hit_rate":33.33333333333333},"storage":{"hits":0,"misses":0,"hit_rate":0},"code":{"hits":0,"misses":0,"hit_rate":0,"hit_bytes":0,"miss_bytes":0}}}
INFO [06-01|11:00:04.542] Imported new potential chain segment     number=4107 hash=63c9b2..a0aeea blocks=1 txs=1 mgas=0.021 elapsed=19.041ms    mgasps=1.103   triediffs=4.54MiB triedirty=0.00B
INFO [06-01|11:00:04.542] Chain head was updated                   number=4107 hash=63c9b2..a0aeea root=04460c..76098c elapsed="50.637µs"
WARN [06-01|11:00:04.580] Snapshot generation is not permitted
INFO [06-01|11:00:05.547] Starting work on payload                 id=0x032de5bcf3780c44
INFO [06-01|11:00:05.551] Updated payload                          id=0x032de5bcf3780c44 number=4108 hash=44be98..d0730e txs=0 withdrawals=0 gas=0         fees=0            root=04460c..76098c elapsed=3.455ms
INFO [06-01|11:00:05.551] Stopping work on payload                 id=0x032de5bcf3780c44 reason=delivery
WARN [06-01|11:00:05.555] {"level":"warn","msg":"Slow block","block":{"number":4108,"hash":"0x44be986cbecbf6924bd169beb4e76d64cf5ceb18b75a8addb87d9c61b9d0730e","gas_used":0,"tx_count":0},"timing":{"execution_ms":0.042043,"state_read_ms":3.449809,"state_hash_ms":0.001992,"commit_ms":0.354209,"total_ms":4.31581},"throughput":{"mgas_per_sec":0},"state_reads":{"accounts":4,"storage_slots":0,"code":0,"code_bytes":0},"state_writes":{"accounts":0,"accounts_deleted":0,"storage_slots":0,"storage_slots_deleted":0,"code":0,"code_bytes":0},"cache":{"account":{"hits":0,"misses":4,"hit_rate":0},"storage":{"hits":0,"misses":0,"hit_rate":0},"code":{"hits":0,"misses":0,"hit_rate":0,"hit_bytes":0,"miss_bytes":0}}}
INFO [06-01|11:00:05.555] Imported new potential chain segment     number=4108 hash=44be98..d0730e blocks=1 txs=0 mgas=0.000 elapsed=4.452ms     mgasps=0.000   triediffs=4.54MiB triedirty=0.00B
INFO [06-01|11:00:05.556] Chain head was updated                   number=4108 hash=44be98..d0730e root=04460c..76098c elapsed="66.391µs"
