WARN [06-01|10:40:54.800] Unknown config environment variable      envvar=GETH_PBT_BIN
WARN [06-01|10:40:54.800] Unknown config environment variable      envvar=GETH_UBT_BIN
INFO [06-01|10:40:54.814] Starting Geth on Ethereum mainnet...
INFO [06-01|10:40:54.816] Maximum peer count                       ETH=0 total=0
INFO [06-01|10:40:54.817] Smartcard socket not found, disabling    err="stat /run/pcscd/pcscd.comm: no such file or directory"
WARN [06-01|10:40:54.820] Option --miner.etherbase is deprecated as the etherbase is set by the consensus client post-merge
WARN [06-01|10:40:54.821] Snap sync requested, resetting --cache.snapshot
INFO [06-01|10:40:54.822] Set global gas cap                       cap=50,000,000
INFO [06-01|10:40:55.614] Using developer account                  address=0xf39Fd6e51aad88F6F4ce6aB8827279cffFb92266
INFO [06-01|10:40:55.657] Using pebble as the backing database
INFO [06-01|10:40:55.658] Allocated cache and file handles         database=/mnt/state_expiry_vol_data/ubt-vs-pbt-dbs/ubt/geth/chaindata cache=16.00MiB handles=262,144
INFO [06-01|10:40:55.888] Opened ancient database                  database=/mnt/state_expiry_vol_data/ubt-vs-pbt-dbs/ubt/geth/chaindata/ancient/chain readonly=true
INFO [06-01|10:40:55.888] Opened Era store                         datadir=/mnt/state_expiry_vol_data/ubt-vs-pbt-dbs/ubt/geth/chaindata/ancient/chain/era
INFO [06-01|10:40:55.896] Initializing the KZG library             backend=gokzg
INFO [06-01|10:40:55.897] Allocated trie memory caches             clean=0.00B dirty=0.00B
INFO [06-01|10:40:55.907] Using pebble as the backing database
INFO [06-01|10:40:55.907] Allocated cache and file handles         database=/mnt/state_expiry_vol_data/ubt-vs-pbt-dbs/ubt/geth/chaindata cache=16.00MiB handles=262,144
INFO [06-01|10:40:56.103] Opened ancient database                  database=/mnt/state_expiry_vol_data/ubt-vs-pbt-dbs/ubt/geth/chaindata/ancient/chain readonly=false
INFO [06-01|10:40:56.103] Opened Era store                         datadir=/mnt/state_expiry_vol_data/ubt-vs-pbt-dbs/ubt/geth/chaindata/ancient/chain/era
INFO [06-01|10:40:56.110] State scheme set to already existing     scheme=path
INFO [06-01|10:40:56.110] Initialising Ethereum protocol           network=1337 dbversion=9
INFO [06-01|10:40:56.110] Load database journal from file          path=/mnt/state_expiry_vol_data/ubt-vs-pbt-dbs/ubt/geth/triedb/verkle.journal
INFO [06-01|10:40:56.189] Opened ancient database                  database=/mnt/state_expiry_vol_data/ubt-vs-pbt-dbs/ubt/geth/chaindata/ancient/state_verkle readonly=false
INFO [06-01|10:40:56.193] State snapshot generator is not compatible
INFO [06-01|10:40:56.193] Initialized path database                triecache=0.00B statecache=0.00B buffer=0.00B state-history="last 90000 blocks" journal-dir=/mnt/state_expiry_vol_data/ubt-vs-pbt-dbs/ubt/geth/triedb verkle=true
INFO [06-01|10:40:56.193] 
INFO [06-01|10:40:56.193] ---------------------------------------------------------------------------------------------------------------------------------------------------------
INFO [06-01|10:40:56.194] Chain ID:  1337 (unknown)
INFO [06-01|10:40:56.194] Consensus: unknown
INFO [06-01|10:40:56.194] 
INFO [06-01|10:40:56.194] Pre-Merge hard forks (block based):
INFO [06-01|10:40:56.194]  - Homestead:                   #0       
INFO [06-01|10:40:56.194]  - Tangerine Whistle (EIP 150): #0       
INFO [06-01|10:40:56.194]  - Spurious Dragon/1 (EIP 155): #0       
INFO [06-01|10:40:56.194]  - Spurious Dragon/2 (EIP 158): #0       
INFO [06-01|10:40:56.194]  - Byzantium:                   #0       
INFO [06-01|10:40:56.194]  - Constantinople:              #0       
INFO [06-01|10:40:56.194]  - Petersburg:                  #0       
INFO [06-01|10:40:56.194]  - Istanbul:                    #0       
INFO [06-01|10:40:56.194]  - Berlin:                      #0       
INFO [06-01|10:40:56.194]  - London:                      #0       
INFO [06-01|10:40:56.194]  - Arrow Glacier:               #0       
INFO [06-01|10:40:56.194]  - Gray Glacier:                #0       
INFO [06-01|10:40:56.194] 
INFO [06-01|10:40:56.194] Merge configured:
INFO [06-01|10:40:56.194]  - Total terminal difficulty:  0
INFO [06-01|10:40:56.194]  - Merge netsplit block:       #0       
INFO [06-01|10:40:56.194] 
INFO [06-01|10:40:56.194] Post-Merge hard forks (timestamp based):
INFO [06-01|10:40:56.194]  - Shanghai:                    @0         
INFO [06-01|10:40:56.194]  - Cancun:                      @0          blob: (target: 3, max: 6, fraction: 3338477)
INFO [06-01|10:40:56.194]  - Prague:                      @0          blob: (target: 6, max: 9, fraction: 5007716)
INFO [06-01|10:40:56.194]  - Osaka:                       @0          blob: (target: 6, max: 9, fraction: 5007716)
INFO [06-01|10:40:56.194]  - UBT:                         @0          blob: (nil)
INFO [06-01|10:40:56.194] 
INFO [06-01|10:40:56.194] All fork specifications can be found at https://ethereum.github.io/execution-specs/src/ethereum/forks/
INFO [06-01|10:40:56.194] 
INFO [06-01|10:40:56.194] ---------------------------------------------------------------------------------------------------------------------------------------------------------
INFO [06-01|10:40:56.194] 
INFO [06-01|10:40:56.196] Loaded most recent local block           number=3368 hash=353b40..48941f age=3s
INFO [06-01|10:40:56.196] Loaded most recent local finalized block number=3360 hash=b3e1ba..445278 age=15s
INFO [06-01|10:40:56.198] Initialized transaction indexer          range="last 2350000 blocks"
INFO [06-01|10:40:56.198] Initialized log indexer                  firstblock=0 lastblock=3368 firstmap=0 lastmap=0 headindexed=true
INFO [06-01|10:40:56.258] Enabled full-sync                        head=3368 hash=353b40..48941f
INFO [06-01|10:40:56.258] Unprotected transactions allowed
INFO [06-01|10:40:56.258] Gasprice oracle is ignoring threshold set threshold=2
INFO [06-01|10:40:56.259] Registered sync override service
WARN [06-01|10:40:56.259] You are running Geth in --dev mode. Please note the following:
WARN [06-01|10:40:56.259] 
WARN [06-01|10:40:56.259]   1. This mode is only intended for fast, iterative development without assumptions on
WARN [06-01|10:40:56.259]      security or persistence.
WARN [06-01|10:40:56.259]   2. The database is created in memory unless specified otherwise. Therefore, shutting down
WARN [06-01|10:40:56.259]      your computer or losing power will wipe your entire block data and chain state for
WARN [06-01|10:40:56.259]      your dev environment.
WARN [06-01|10:40:56.259]   3. A random, pre-allocated developer account will be available and unlocked as
WARN [06-01|10:40:56.259]      eth.coinbase, which can be used for testing. The random dev account is temporary,
WARN [06-01|10:40:56.259]      stored on a ramdisk, and will be lost if your machine is restarted.
WARN [06-01|10:40:56.259]   4. Mining is enabled by default. However, the client will only seal blocks if transactions
WARN [06-01|10:40:56.259]      are pending in the mempool. The miner's minimum accepted gas price is 1.
WARN [06-01|10:40:56.259]   5. Networking is disabled; there is no listen-address, the maximum number of peers is set
WARN [06-01|10:40:56.259]      to 0, and discovery is disabled.
WARN [06-01|10:40:56.259] 
INFO [06-01|10:40:56.259] Starting peer-to-peer node               instance=Geth/v1.17.3-unstable/linux-amd64/go1.24.9
WARN [06-01|10:40:56.259] P2P server will be useless, neither dialing nor listening
INFO [06-01|10:40:56.302] IPC endpoint opened                      url=/mnt/state_expiry_vol_data/ubt-vs-pbt-dbs/ubt/geth.ipc
ERROR[06-01|10:40:56.302] Unavailable modules in HTTP API list     unavailable=[personal] available="[admin debug web3 eth txpool miner net dev testing]"
INFO [06-01|10:40:56.302] New local node record                    seq=1,780,289,664,535 id=c084d8867e8cc127 ip=127.0.0.1 udp=0 tcp=0
INFO [06-01|10:40:56.302] Started P2P networking                   self=enode://ed0ccbffbfc0dc9f1b0f8e55d585ad3e61215b1974f32d9388e7ae53563e3ebe0172c21d754fa202c3a63f95bef3ff3ea24339ffdabd0115c47ec5b8d33136a9@127.0.0.1:0
INFO [06-01|10:40:56.302] HTTP server started                      endpoint=127.0.0.1:8545 auth=false prefix= cors= vhosts=localhost
INFO [06-01|10:40:56.303] WebSocket enabled                        url=ws://127.0.0.1:8546
INFO [06-01|10:40:56.560] Loaded local transaction journal         transactions=2477 dropped=0
INFO [06-01|10:40:57.556] Started log indexer
INFO [06-01|10:40:57.597] Starting work on payload                 id=0x037ef2f573f9a24d
INFO [06-01|10:40:57.604] Updated payload                          id=0x037ef2f573f9a24d number=3369 hash=264a4d..059b79 txs=0 withdrawals=0 gas=0 fees=0 root=b23d74..c477a4 elapsed=7.086ms
INFO [06-01|10:40:57.605] Stopping work on payload                 id=0x037ef2f573f9a24d reason=delivery
WARN [06-01|10:40:57.608] {"level":"warn","msg":"Slow block","block":{"number":3369,"hash":"0x264a4d1b5d9ea347b91f52d2369775fee8d2bacfeeccdbb65ec54bd2c3059b79","gas_used":0,"tx_count":0},"timing":{"execution_ms":0.058438,"state_read_ms":3.564387,"state_hash_ms":0.001704,"commit_ms":0.147822,"total_ms":4.030466},"throughput":{"mgas_per_sec":0},"state_reads":{"accounts":4,"storage_slots":0,"code":0,"code_bytes":0},"state_writes":{"accounts":0,"accounts_deleted":0,"storage_slots":0,"storage_slots_deleted":0,"code":0,"code_bytes":0},"cache":{"account":{"hits":0,"misses":4,"hit_rate":0},"storage":{"hits":0,"misses":0,"hit_rate":0},"code":{"hits":0,"misses":0,"hit_rate":0,"hit_bytes":0,"miss_bytes":0}}}
INFO [06-01|10:40:57.608] Imported new potential chain segment     number=3369 hash=264a4d..059b79 blocks=1 txs=0 mgas=0.000 elapsed=4.456ms mgasps=0.000 triediffs=1.37MiB triedirty=0.00B
INFO [06-01|10:40:57.609] Chain head was updated                   number=3369 hash=264a4d..059b79 root=b23d74..c477a4 elapsed="49.045µs"
INFO [06-01|10:40:58.617] Starting work on payload                 id=0x03465ee6fd5fbf2e
INFO [06-01|10:40:58.621] Updated payload                          id=0x03465ee6fd5fbf2e number=3370 hash=8c6557..d2979a txs=0 withdrawals=0 gas=0 fees=0 root=b23d74..c477a4 elapsed=3.705ms
INFO [06-01|10:40:58.621] Stopping work on payload                 id=0x03465ee6fd5fbf2e reason=delivery
WARN [06-01|10:40:58.625] {"level":"warn","msg":"Slow block","block":{"number":3370,"hash":"0x8c6557cfa2a28a0f620a1906b2d61552af4c60f7f9e6c48701d7a1bc86d2979a","gas_used":0,"tx_count":0},"timing":{"execution_ms":0.032972,"state_read_ms":3.106367,"state_hash_ms":0.00203,"commit_ms":0.133133,"total_ms":3.438782},"throughput":{"mgas_per_sec":0},"state_reads":{"accounts":4,"storage_slots":0,"code":0,"code_bytes":0},"state_writes":{"accounts":0,"accounts_deleted":0,"storage_slots":0,"storage_slots_deleted":0,"code":0,"code_bytes":0},"cache":{"account":{"hits":0,"misses":4,"hit_rate":0},"storage":{"hits":0,"misses":0,"hit_rate":0},"code":{"hits":0,"misses":0,"hit_rate":0,"hit_bytes":0,"miss_bytes":0}}}
INFO [06-01|10:40:58.625] Imported new potential chain segment     number=3370 hash=8c6557..d2979a blocks=1 txs=0 mgas=0.000 elapsed=3.651ms    mgasps=0.000 triediffs=1.37MiB triedirty=0.00B
INFO [06-01|10:40:58.625] Chain head was updated                   number=3370 hash=8c6557..d2979a root=b23d74..c477a4 elapsed="72.888µs"
INFO [06-01|10:40:59.631] Starting work on payload                 id=0x0356f4b70eea4810
INFO [06-01|10:40:59.646] Updated payload                          id=0x0356f4b70eea4810 number=3371 hash=b93eaa..ddd183 txs=0 withdrawals=0 gas=0 fees=0 root=b23d74..c477a4 elapsed=15.347ms
INFO [06-01|10:40:59.646] Stopping work on payload                 id=0x0356f4b70eea4810 reason=delivery
WARN [06-01|10:40:59.649] {"level":"warn","msg":"Slow block","block":{"number":3371,"hash":"0xb93eaae8bc4c3db5681087e747651088d133f4b01526deecd7d38f957bddd183","gas_used":0,"tx_count":0},"timing":{"execution_ms":0.023414,"state_read_ms":2.672889,"state_hash_ms":0.001462,"commit_ms":0.131053,"total_ms":2.947672},"throughput":{"mgas_per_sec":0},"state_reads":{"accounts":4,"storage_slots":0,"code":0,"code_bytes":0},"state_writes":{"accounts":0,"accounts_deleted":0,"storage_slots":0,"storage_slots_deleted":0,"code":0,"code_bytes":0},"cache":{"account":{"hits":0,"misses":4,"hit_rate":0},"storage":{"hits":0,"misses":0,"hit_rate":0},"code":{"hits":0,"misses":0,"hit_rate":0,"hit_bytes":0,"miss_bytes":0}}}
INFO [06-01|10:40:59.649] Imported new potential chain segment     number=3371 hash=b93eaa..ddd183 blocks=1 txs=0 mgas=0.000 elapsed=3.096ms    mgasps=0.000 triediffs=1.37MiB triedirty=0.00B
INFO [06-01|10:40:59.650] Chain head was updated                   number=3371 hash=b93eaa..ddd183 root=b23d74..c477a4 elapsed="28.49µs"
INFO [06-01|10:40:59.818] Submitted contract creation              hash=0xd5a17653968109bf1db6613b1a03f90a8b67e158c4f4e6537087d78cbe029e2b from=0xf39Fd6e51aad88F6F4ce6aB8827279cffFb92266 nonce=983 contract=0xfDD930c22708c7572278cf74D64f3721Eedc18Ad value=0
INFO [06-01|10:40:59.819] Submitted transaction                    hash=0x4c9747d3a1bab1d214e23206f74e08dfb1ca01e98175374638885f656158245b from=0xf39Fd6e51aad88F6F4ce6aB8827279cffFb92266 nonce=984 recipient=0x3AA90680d8F56725ad9184019472BB51b3aC22cD value=78,000,000
INFO [06-01|10:41:00.655] Starting work on payload                 id=0x03fadf579a36ae3a
INFO [06-01|10:41:00.703] Updated payload                          id=0x03fadf579a36ae3a number=3372 hash=54b023..da8c33 txs=2 withdrawals=0 gas=86120 fees=5.1672e-13 root=d429ae..334e3a elapsed=48.141ms
INFO [06-01|10:41:00.703] Stopping work on payload                 id=0x03fadf579a36ae3a reason=delivery
INFO [06-01|10:41:00.736] Paused snapshot generation
WARN [06-01|10:41:00.737] {"level":"warn","msg":"Slow block","block":{"number":3372,"hash":"0x54b0234f3b5ea4d0190bfa7690730a30a5dfd0ab93448aa06f4a8d0bedda8c33","gas_used":86120,"tx_count":2},"timing":{"execution_ms":0.134277,"state_read_ms":14.374107,"state_hash_ms":13.640674,"commit_ms":4.762094,"total_ms":33.101847},"throughput":{"mgas_per_sec":2.6016675142024552},"state_reads":{"accounts":11,"storage_slots":0,"code":0,"code_bytes":0},"state_writes":{"accounts":3,"accounts_deleted":0,"storage_slots":0,"storage_slots_deleted":0,"code":1,"code_bytes":155},"cache":{"account":{"hits":5,"misses":6,"hit_rate":45.45454545454545},"storage":{"hits":0,"misses":0,"hit_rate":0},"code":{"hits":0,"misses":0,"hit_rate":0,"hit_bytes":0,"miss_bytes":0}}}
INFO [06-01|10:41:00.737] Imported new potential chain segment     number=3372 hash=54b023..da8c33 blocks=1 txs=2 mgas=0.086 elapsed=33.277ms   mgasps=2.588 triediffs=1.37MiB triedirty=0.00B
INFO [06-01|10:41:00.737] Chain head was updated                   number=3372 hash=54b023..da8c33 root=d429ae..334e3a elapsed="180.396µs"
WARN [06-01|10:41:00.764] Snapshot generation is not permitted
INFO [06-01|10:41:00.832] Submitted transaction                    hash=0x4870a95f2db3a11ff8ab59bd1393dee9ecec7e7fc59b2230106b1e70f97e94d1 from=0x3AA90680d8F56725ad9184019472BB51b3aC22cD nonce=0   recipient=0xfDD930c22708c7572278cf74D64f3721Eedc18Ad value=0
INFO [06-01|10:41:01.756] Starting work on payload                 id=0x03f2461532605984
INFO [06-01|10:41:01.951] Updated payload                          id=0x03f2461532605984 number=3373 hash=32bc2a..9276ac txs=1 withdrawals=0 gas=5,900,418 fees=3.5402508e-11 root=a22233..eb28c0 elapsed=194.666ms
INFO [06-01|10:41:01.952] Stopping work on payload                 id=0x03f2461532605984 reason=delivery
INFO [06-01|10:41:02.070] Paused snapshot generation
WARN [06-01|10:41:02.071] {"level":"warn","msg":"Slow block","block":{"number":3373,"hash":"0x32bc2a7bde6d9e4672901fec44cef6a28241aa77f52c3e29b05f4655b39276ac","gas_used":5900418,"tx_count":1},"timing":{"execution_ms":110.070982,"state_read_ms":5.721281,"state_hash_ms":2.518039,"commit_ms":0.630402,"total_ms":119.117561},"throughput":{"mgas_per_sec":49.534409120415084},"state_reads":{"accounts":8,"storage_slots":258,"code":2,"code_bytes":183},"state_writes":{"accounts":2,"accounts_deleted":0,"storage_slots":0,"storage_slots_deleted":0,"code":0,"code_bytes":0},"cache":{"account":{"hits":1,"misses":7,"hit_rate":12.5},"storage":{"hits":2,"misses":256,"hit_rate":0.7751937984496124},"code":{"hits":2,"misses":0,"hit_rate":100,"hit_bytes":183,"miss_bytes":0}}}
INFO [06-01|10:41:02.071] Imported new potential chain segment     number=3373 hash=32bc2a..9276ac blocks=1 txs=1 mgas=5.900 elapsed=119.324ms   mgasps=49.449 triediffs=1.37MiB triedirty=0.00B
INFO [06-01|10:41:02.071] Chain head was updated                   number=3373 hash=32bc2a..9276ac root=a22233..eb28c0 elapsed="108.67µs"
WARN [06-01|10:41:02.090] Snapshot generation is not permitted
INFO [06-01|10:41:02.849] Submitted transaction                    hash=0xea67b92d0607175b97ddc2e31ff4be09374c0e3f5330d48559bc75698da140e1 from=0x3AA90680d8F56725ad9184019472BB51b3aC22cD nonce=1   recipient=0xf39Fd6e51aad88F6F4ce6aB8827279cffFb92266 value=1,042,566
INFO [06-01|10:41:03.088] Starting work on payload                 id=0x03ed2d8e1f2d24a9
INFO [06-01|10:41:03.106] Updated payload                          id=0x03ed2d8e1f2d24a9 number=3374 hash=4165a2..6d9b0b txs=1 withdrawals=0 gas=21000     fees=2.1e-14       root=685884..28363c elapsed=17.856ms
INFO [06-01|10:41:03.106] Stopping work on payload                 id=0x03ed2d8e1f2d24a9 reason=delivery
INFO [06-01|10:41:03.113] Paused snapshot generation
WARN [06-01|10:41:03.113] {"level":"warn","msg":"Slow block","block":{"number":3374,"hash":"0x4165a2545beec8c8507253cbdeb8426bf16fb3c940628b60cea53a8b0e6d9b0b","gas_used":21000,"tx_count":1},"timing":{"execution_ms":0.070606,"state_read_ms":3.516063,"state_hash_ms":2.444075,"commit_ms":0.651913,"total_ms":6.88721},"throughput":{"mgas_per_sec":3.0491301993114774},"state_reads":{"accounts":6,"storage_slots":0,"code":0,"code_bytes":0},"state_writes":{"accounts":2,"accounts_deleted":0,"storage_slots":0,"storage_slots_deleted":0,"code":0,"code_bytes":0},"cache":{"account":{"hits":2,"misses":4,"hit_rate":33.33333333333333},"storage":{"hits":0,"misses":0,"hit_rate":0},"code":{"hits":0,"misses":0,"hit_rate":0,"hit_bytes":0,"miss_bytes":0}}}
INFO [06-01|10:41:03.113] Imported new potential chain segment     number=3374 hash=4165a2..6d9b0b blocks=1 txs=1 mgas=0.021 elapsed=7.189ms     mgasps=2.921  triediffs=1.37MiB triedirty=0.00B
INFO [06-01|10:41:03.113] Chain head was updated                   number=3374 hash=4165a2..6d9b0b root=685884..28363c elapsed="51.016µs"
WARN [06-01|10:41:03.144] Snapshot generation is not permitted
INFO [06-01|10:41:04.130] Starting work on payload                 id=0x033f306c6811f65e
INFO [06-01|10:41:04.133] Updated payload                          id=0x033f306c6811f65e number=3375 hash=1902c9..1f95e4 txs=0 withdrawals=0 gas=0         fees=0             root=685884..28363c elapsed=2.734ms
INFO [06-01|10:41:04.133] Stopping work on payload                 id=0x033f306c6811f65e reason=delivery
WARN [06-01|10:41:04.136] {"level":"warn","msg":"Slow block","block":{"number":3375,"hash":"0x1902c96dbaf943c6795684c27dbf81ab14e76fcf7a27f3f6fc225d84221f95e4","gas_used":0,"tx_count":0},"timing":{"execution_ms":0.018841,"state_read_ms":2.585394,"state_hash_ms":0.001488,"commit_ms":0.107569,"total_ms":2.85184},"throughput":{"mgas_per_sec":0},"state_reads":{"accounts":4,"storage_slots":0,"code":0,"code_bytes":0},"state_writes":{"accounts":0,"accounts_deleted":0,"storage_slots":0,"storage_slots_deleted":0,"code":0,"code_bytes":0},"cache":{"account":{"hits":0,"misses":4,"hit_rate":0},"storage":{"hits":0,"misses":0,"hit_rate":0},"code":{"hits":0,"misses":0,"hit_rate":0,"hit_bytes":0,"miss_bytes":0}}}
INFO [06-01|10:41:04.136] Imported new potential chain segment     number=3375 hash=1902c9..1f95e4 blocks=1 txs=0 mgas=0.000 elapsed=2.948ms     mgasps=0.000  triediffs=1.37MiB triedirty=0.00B
INFO [06-01|10:41:04.136] Chain head was updated                   number=3375 hash=1902c9..1f95e4 root=685884..28363c elapsed="35.703µs"
