WARN [06-01|11:13:01.150] Unknown config environment variable      envvar=GETH_PBT_BIN
WARN [06-01|11:13:01.150] Unknown config environment variable      envvar=GETH_UBT_BIN
INFO [06-01|11:13:01.161] Starting Geth on Ethereum mainnet...
INFO [06-01|11:13:01.163] Maximum peer count                       ETH=0 total=0
INFO [06-01|11:13:01.164] Smartcard socket not found, disabling    err="stat /run/pcscd/pcscd.comm: no such file or directory"
WARN [06-01|11:13:01.167] Option --miner.etherbase is deprecated as the etherbase is set by the consensus client post-merge
WARN [06-01|11:13:01.168] Snap sync requested, resetting --cache.snapshot
INFO [06-01|11:13:01.169] Set global gas cap                       cap=50,000,000
INFO [06-01|11:13:01.973] Using developer account                  address=0xf39Fd6e51aad88F6F4ce6aB8827279cffFb92266
INFO [06-01|11:13:02.013] Using pebble as the backing database
INFO [06-01|11:13:02.013] Allocated cache and file handles         database=/mnt/state_expiry_vol_data/ubt-vs-pbt-dbs/ubt/geth/chaindata cache=16.00MiB handles=262,144
INFO [06-01|11:13:02.241] Opened ancient database                  database=/mnt/state_expiry_vol_data/ubt-vs-pbt-dbs/ubt/geth/chaindata/ancient/chain readonly=true
INFO [06-01|11:13:02.241] Opened Era store                         datadir=/mnt/state_expiry_vol_data/ubt-vs-pbt-dbs/ubt/geth/chaindata/ancient/chain/era
INFO [06-01|11:13:02.249] Initializing the KZG library             backend=gokzg
INFO [06-01|11:13:02.250] Allocated trie memory caches             clean=0.00B dirty=0.00B
INFO [06-01|11:13:02.258] Using pebble as the backing database
INFO [06-01|11:13:02.258] Allocated cache and file handles         database=/mnt/state_expiry_vol_data/ubt-vs-pbt-dbs/ubt/geth/chaindata cache=16.00MiB handles=262,144
INFO [06-01|11:13:02.443] Opened ancient database                  database=/mnt/state_expiry_vol_data/ubt-vs-pbt-dbs/ubt/geth/chaindata/ancient/chain readonly=false
INFO [06-01|11:13:02.443] Opened Era store                         datadir=/mnt/state_expiry_vol_data/ubt-vs-pbt-dbs/ubt/geth/chaindata/ancient/chain/era
INFO [06-01|11:13:02.449] State scheme set to already existing     scheme=path
INFO [06-01|11:13:02.465] Initialising Ethereum protocol           network=1337 dbversion=9
INFO [06-01|11:13:02.465] Load database journal from file          path=/mnt/state_expiry_vol_data/ubt-vs-pbt-dbs/ubt/geth/triedb/verkle.journal
INFO [06-01|11:13:02.697] Opened ancient database                  database=/mnt/state_expiry_vol_data/ubt-vs-pbt-dbs/ubt/geth/chaindata/ancient/state_verkle readonly=false
INFO [06-01|11:13:02.698] State snapshot generator is not compatible
INFO [06-01|11:13:02.698] Initialized path database                triecache=0.00B statecache=0.00B buffer=0.00B state-history="last 90000 blocks" journal-dir=/mnt/state_expiry_vol_data/ubt-vs-pbt-dbs/ubt/geth/triedb verkle=true
INFO [06-01|11:13:02.699] 
INFO [06-01|11:13:02.699] ---------------------------------------------------------------------------------------------------------------------------------------------------------
INFO [06-01|11:13:02.699] Chain ID:  1337 (unknown)
INFO [06-01|11:13:02.699] Consensus: unknown
INFO [06-01|11:13:02.699] 
INFO [06-01|11:13:02.699] Pre-Merge hard forks (block based):
INFO [06-01|11:13:02.699]  - Homestead:                   #0       
INFO [06-01|11:13:02.699]  - Tangerine Whistle (EIP 150): #0       
INFO [06-01|11:13:02.699]  - Spurious Dragon/1 (EIP 155): #0       
INFO [06-01|11:13:02.699]  - Spurious Dragon/2 (EIP 158): #0       
INFO [06-01|11:13:02.699]  - Byzantium:                   #0       
INFO [06-01|11:13:02.699]  - Constantinople:              #0       
INFO [06-01|11:13:02.699]  - Petersburg:                  #0       
INFO [06-01|11:13:02.699]  - Istanbul:                    #0       
INFO [06-01|11:13:02.699]  - Berlin:                      #0       
INFO [06-01|11:13:02.699]  - London:                      #0       
INFO [06-01|11:13:02.699]  - Arrow Glacier:               #0       
INFO [06-01|11:13:02.699]  - Gray Glacier:                #0       
INFO [06-01|11:13:02.699] 
INFO [06-01|11:13:02.699] Merge configured:
INFO [06-01|11:13:02.699]  - Total terminal difficulty:  0
INFO [06-01|11:13:02.699]  - Merge netsplit block:       #0       
INFO [06-01|11:13:02.699] 
INFO [06-01|11:13:02.699] Post-Merge hard forks (timestamp based):
INFO [06-01|11:13:02.699]  - Shanghai:                    @0         
INFO [06-01|11:13:02.699]  - Cancun:                      @0          blob: (target: 3, max: 6, fraction: 3338477)
INFO [06-01|11:13:02.699]  - Prague:                      @0          blob: (target: 6, max: 9, fraction: 5007716)
INFO [06-01|11:13:02.699]  - Osaka:                       @0          blob: (target: 6, max: 9, fraction: 5007716)
INFO [06-01|11:13:02.699]  - UBT:                         @0          blob: (nil)
INFO [06-01|11:13:02.699] 
INFO [06-01|11:13:02.699] All fork specifications can be found at https://ethereum.github.io/execution-specs/src/ethereum/forks/
INFO [06-01|11:13:02.699] 
INFO [06-01|11:13:02.699] ---------------------------------------------------------------------------------------------------------------------------------------------------------
INFO [06-01|11:13:02.699] 
INFO [06-01|11:13:02.705] Loaded most recent local block           number=4548 hash=38c6a7..96b56a age=3s
INFO [06-01|11:13:02.705] Loaded most recent local finalized block number=4544 hash=7f5e6f..134f6e age=7s
INFO [06-01|11:13:02.706] Initialized transaction indexer          range="last 2350000 blocks"
INFO [06-01|11:13:02.706] Initialized log indexer                  firstblock=0 lastblock=4548 firstmap=0 lastmap=0 headindexed=true
INFO [06-01|11:13:02.755] Enabled full-sync                        head=4548 hash=38c6a7..96b56a
INFO [06-01|11:13:02.755] Unprotected transactions allowed
INFO [06-01|11:13:02.755] Gasprice oracle is ignoring threshold set threshold=2
INFO [06-01|11:13:02.756] Registered sync override service
WARN [06-01|11:13:02.756] You are running Geth in --dev mode. Please note the following:
WARN [06-01|11:13:02.756] 
WARN [06-01|11:13:02.756]   1. This mode is only intended for fast, iterative development without assumptions on
WARN [06-01|11:13:02.756]      security or persistence.
WARN [06-01|11:13:02.756]   2. The database is created in memory unless specified otherwise. Therefore, shutting down
WARN [06-01|11:13:02.756]      your computer or losing power will wipe your entire block data and chain state for
WARN [06-01|11:13:02.756]      your dev environment.
WARN [06-01|11:13:02.756]   3. A random, pre-allocated developer account will be available and unlocked as
WARN [06-01|11:13:02.756]      eth.coinbase, which can be used for testing. The random dev account is temporary,
WARN [06-01|11:13:02.756]      stored on a ramdisk, and will be lost if your machine is restarted.
WARN [06-01|11:13:02.756]   4. Mining is enabled by default. However, the client will only seal blocks if transactions
WARN [06-01|11:13:02.756]      are pending in the mempool. The miner's minimum accepted gas price is 1.
WARN [06-01|11:13:02.756]   5. Networking is disabled; there is no listen-address, the maximum number of peers is set
WARN [06-01|11:13:02.756]      to 0, and discovery is disabled.
WARN [06-01|11:13:02.756] 
INFO [06-01|11:13:02.756] Starting peer-to-peer node               instance=Geth/v1.17.3-unstable/linux-amd64/go1.24.9
WARN [06-01|11:13:02.756] P2P server will be useless, neither dialing nor listening
INFO [06-01|11:13:02.784] New local node record                    seq=1,780,289,664,719 id=c084d8867e8cc127 ip=127.0.0.1 udp=0 tcp=0
INFO [06-01|11:13:02.784] Started P2P networking                   self=enode://ed0ccbffbfc0dc9f1b0f8e55d585ad3e61215b1974f32d9388e7ae53563e3ebe0172c21d754fa202c3a63f95bef3ff3ea24339ffdabd0115c47ec5b8d33136a9@127.0.0.1:0
INFO [06-01|11:13:02.784] IPC endpoint opened                      url=/mnt/state_expiry_vol_data/ubt-vs-pbt-dbs/ubt/geth.ipc
ERROR[06-01|11:13:02.784] Unavailable modules in HTTP API list     unavailable=[personal] available="[admin debug web3 eth txpool miner net dev testing]"
INFO [06-01|11:13:02.785] HTTP server started                      endpoint=127.0.0.1:8545 auth=false prefix= cors= vhosts=localhost
INFO [06-01|11:13:02.785] WebSocket enabled                        url=ws://127.0.0.1:8546
INFO [06-01|11:13:03.183] Loaded local transaction journal         transactions=3213 dropped=0
INFO [06-01|11:13:03.963] Started log indexer
INFO [06-01|11:13:04.008] Starting work on payload                 id=0x03cc71bb7af3b1d9
INFO [06-01|11:13:04.011] Updated payload                          id=0x03cc71bb7af3b1d9 number=4549 hash=8af0fe..ac914d txs=0 withdrawals=0 gas=0 fees=0 root=b08088..6aedcb elapsed=3.469ms
INFO [06-01|11:13:04.012] Stopping work on payload                 id=0x03cc71bb7af3b1d9 reason=delivery
WARN [06-01|11:13:04.016] {"level":"warn","msg":"Slow block","block":{"number":4549,"hash":"0x8af0fe46c270215616bc4db5912a27c3d722be9c639d2ee42bf7293464ac914d","gas_used":0,"tx_count":0},"timing":{"execution_ms":0.046992,"state_read_ms":3.353617,"state_hash_ms":0.001391,"commit_ms":0.215309,"total_ms":3.802956},"throughput":{"mgas_per_sec":0},"state_reads":{"accounts":4,"storage_slots":0,"code":0,"code_bytes":0},"state_writes":{"accounts":0,"accounts_deleted":0,"storage_slots":0,"storage_slots_deleted":0,"code":0,"code_bytes":0},"cache":{"account":{"hits":0,"misses":4,"hit_rate":0},"storage":{"hits":0,"misses":0,"hit_rate":0},"code":{"hits":0,"misses":0,"hit_rate":0,"hit_bytes":0,"miss_bytes":0}}}
INFO [06-01|11:13:04.016] Imported new potential chain segment     number=4549 hash=8af0fe..ac914d blocks=1 txs=0 mgas=0.000 elapsed=4.170ms mgasps=0.000 triediffs=14.07MiB triedirty=0.00B
INFO [06-01|11:13:04.016] Chain head was updated                   number=4549 hash=8af0fe..ac914d root=b08088..6aedcb elapsed="43.916µs"
INFO [06-01|11:13:05.037] Starting work on payload                 id=0x03e614d35942002f
INFO [06-01|11:13:05.042] Updated payload                          id=0x03e614d35942002f number=4550 hash=308442..353061 txs=0 withdrawals=0 gas=0 fees=0 root=b08088..6aedcb elapsed=4.873ms
INFO [06-01|11:13:05.042] Stopping work on payload                 id=0x03e614d35942002f reason=delivery
WARN [06-01|11:13:05.046] {"level":"warn","msg":"Slow block","block":{"number":4550,"hash":"0x30844261b77c1f481b4571c7902dadb68da1efe6091126561a0fc956f2353061","gas_used":0,"tx_count":0},"timing":{"execution_ms":0.029579,"state_read_ms":3.133976,"state_hash_ms":0.001394,"commit_ms":0.125423,"total_ms":3.493336},"throughput":{"mgas_per_sec":0},"state_reads":{"accounts":4,"storage_slots":0,"code":0,"code_bytes":0},"state_writes":{"accounts":0,"accounts_deleted":0,"storage_slots":0,"storage_slots_deleted":0,"code":0,"code_bytes":0},"cache":{"account":{"hits":0,"misses":4,"hit_rate":0},"storage":{"hits":0,"misses":0,"hit_rate":0},"code":{"hits":0,"misses":0,"hit_rate":0,"hit_bytes":0,"miss_bytes":0}}}
INFO [06-01|11:13:05.046] Imported new potential chain segment     number=4550 hash=308442..353061 blocks=1 txs=0 mgas=0.000 elapsed=3.687ms    mgasps=0.000 triediffs=14.07MiB triedirty=0.00B
INFO [06-01|11:13:05.046] Chain head was updated                   number=4550 hash=308442..353061 root=b08088..6aedcb elapsed="56.64µs"
INFO [06-01|11:13:06.066] Starting work on payload                 id=0x03fe8ea60ba88910
INFO [06-01|11:13:06.070] Updated payload                          id=0x03fe8ea60ba88910 number=4551 hash=f6f7ef..1ebdc5 txs=0 withdrawals=0 gas=0 fees=0 root=b08088..6aedcb elapsed=3.312ms
INFO [06-01|11:13:06.070] Stopping work on payload                 id=0x03fe8ea60ba88910 reason=delivery
WARN [06-01|11:13:06.090] {"level":"warn","msg":"Slow block","block":{"number":4551,"hash":"0xf6f7efbfa5646d40ec6a2041085f42ffe382aa941edb399150abe0736d1ebdc5","gas_used":0,"tx_count":0},"timing":{"execution_ms":0.028798,"state_read_ms":19.48988,"state_hash_ms":0.002722,"commit_ms":0.178346,"total_ms":19.924442},"throughput":{"mgas_per_sec":0},"state_reads":{"accounts":4,"storage_slots":0,"code":0,"code_bytes":0},"state_writes":{"accounts":0,"accounts_deleted":0,"storage_slots":0,"storage_slots_deleted":0,"code":0,"code_bytes":0},"cache":{"account":{"hits":0,"misses":4,"hit_rate":0},"storage":{"hits":0,"misses":0,"hit_rate":0},"code":{"hits":0,"misses":0,"hit_rate":0,"hit_bytes":0,"miss_bytes":0}}}
INFO [06-01|11:13:06.090] Imported new potential chain segment     number=4551 hash=f6f7ef..1ebdc5 blocks=1 txs=0 mgas=0.000 elapsed=20.124ms   mgasps=0.000 triediffs=14.07MiB triedirty=0.00B
INFO [06-01|11:13:06.090] Chain head was updated                   number=4551 hash=f6f7ef..1ebdc5 root=b08088..6aedcb elapsed="44.379µs"
INFO [06-01|11:13:06.214] Submitted contract creation              hash=0x249cc7caee6d2ac1abc508d71b1fd1efb567413a63ec2d199d26336404a638fb from=0xf39Fd6e51aad88F6F4ce6aB8827279cffFb92266 nonce=1351 contract=0x039Cb3CDe633f3FeA8b3DC0D0a7E762C400a0126 value=0
INFO [06-01|11:13:06.214] Submitted transaction                    hash=0xe42f50e81590e3c90c808692503d3ec473b9404b8cbb7ae719dde0847c55301a from=0xf39Fd6e51aad88F6F4ce6aB8827279cffFb92266 nonce=1352 recipient=0x1E1fBa3fC61c5B4450f82cFb837300544e580Fa5 value=78,000,000
INFO [06-01|11:13:07.094] Starting work on payload                 id=0x03ec8a0f25c57965
INFO [06-01|11:13:07.135] Updated payload                          id=0x03ec8a0f25c57965 number=4552 hash=9a3d79..d1897c txs=2 withdrawals=0 gas=91710 fees=5.5026e-13 root=bf6129..110295 elapsed=40.253ms
INFO [06-01|11:13:07.135] Stopping work on payload                 id=0x03ec8a0f25c57965 reason=delivery
INFO [06-01|11:13:07.175] Paused snapshot generation
WARN [06-01|11:13:07.176] {"level":"warn","msg":"Slow block","block":{"number":4552,"hash":"0x9a3d79af6cad43b4f45afe39e191038cd004bb9d22ab95a78281258404d1897c","gas_used":91710,"tx_count":2},"timing":{"execution_ms":0.092226,"state_read_ms":14.912599,"state_hash_ms":19.694754,"commit_ms":5.141903,"total_ms":40.046959},"throughput":{"mgas_per_sec":2.290061525021163},"state_reads":{"accounts":11,"storage_slots":0,"code":0,"code_bytes":0},"state_writes":{"accounts":3,"accounts_deleted":0,"storage_slots":0,"storage_slots_deleted":0,"code":1,"code_bytes":305},"cache":{"account":{"hits":6,"misses":5,"hit_rate":54.54545454545454},"storage":{"hits":0,"misses":0,"hit_rate":0},"code":{"hits":0,"misses":0,"hit_rate":0,"hit_bytes":0,"miss_bytes":0}}}
INFO [06-01|11:13:07.176] Imported new potential chain segment     number=4552 hash=9a3d79..d1897c blocks=1 txs=2 mgas=0.092 elapsed=40.242ms   mgasps=2.279 triediffs=12.76MiB triedirty=0.00B
INFO [06-01|11:13:07.176] Chain head was updated                   number=4552 hash=9a3d79..d1897c root=bf6129..110295 elapsed="153.402µs"
WARN [06-01|11:13:07.213] Snapshot generation is not permitted
INFO [06-01|11:13:07.227] Submitted transaction                    hash=0x2924874eca4881f2aef62ac009a3da9c67a2285c269daf292789412ef592190b from=0x1E1fBa3fC61c5B4450f82cFb837300544e580Fa5 nonce=0    recipient=0x039Cb3CDe633f3FeA8b3DC0D0a7E762C400a0126 value=0
INFO [06-01|11:13:08.181] Starting work on payload                 id=0x03ad7e7fe4010564
INFO [06-01|11:13:08.340] Updated payload                          id=0x03ad7e7fe4010564 number=4553 hash=b39335..8df94e txs=1 withdrawals=0 gas=5,908,267 fees=3.5449602e-11 root=05c24b..0d2fa3 elapsed=159.137ms
INFO [06-01|11:13:08.340] Stopping work on payload                 id=0x03ad7e7fe4010564 reason=delivery
INFO [06-01|11:13:08.411] Paused snapshot generation
WARN [06-01|11:13:08.411] {"level":"warn","msg":"Slow block","block":{"number":4553,"hash":"0xb393352478aee0641ab20d9001885443f5dda9d77a3b71cebfd4cc39038df94e","gas_used":5908267,"tx_count":1},"timing":{"execution_ms":58.254845,"state_read_ms":8.170291,"state_hash_ms":3.019365,"commit_ms":1.198812,"total_ms":70.795731},"throughput":{"mgas_per_sec":83.45513093155292},"state_reads":{"accounts":17,"storage_slots":723,"code":11,"code_bytes":585},"state_writes":{"accounts":3,"accounts_deleted":0,"storage_slots":85,"storage_slots_deleted":0,"code":0,"code_bytes":0},"cache":{"account":{"hits":5,"misses":12,"hit_rate":29.411764705882355},"storage":{"hits":198,"misses":525,"hit_rate":27.385892116182575},"code":{"hits":11,"misses":0,"hit_rate":100,"hit_bytes":585,"miss_bytes":0}}}
INFO [06-01|11:13:08.411] Imported new potential chain segment     number=4553 hash=b39335..8df94e blocks=1 txs=1 mgas=5.908 elapsed=70.981ms    mgasps=83.236 triediffs=12.78MiB triedirty=0.00B
INFO [06-01|11:13:08.412] Chain head was updated                   number=4553 hash=b39335..8df94e root=05c24b..0d2fa3 elapsed="132.272µs"
WARN [06-01|11:13:08.448] Snapshot generation is not permitted
INFO [06-01|11:13:09.244] Submitted transaction                    hash=0x586affc82229342b1b62543625bc7f491a4b4332297aab4ddecfe82355b50805 from=0x1E1fBa3fC61c5B4450f82cFb837300544e580Fa5 nonce=1    recipient=0xf39Fd6e51aad88F6F4ce6aB8827279cffFb92266 value=940,529
INFO [06-01|11:13:09.423] Starting work on payload                 id=0x03c1370119ccfeb3
INFO [06-01|11:13:09.442] Updated payload                          id=0x03c1370119ccfeb3 number=4554 hash=a805d4..66dbe8 txs=1 withdrawals=0 gas=21000     fees=2.1e-14       root=ff838c..c12ad5 elapsed=19.282ms
INFO [06-01|11:13:09.442] Stopping work on payload                 id=0x03c1370119ccfeb3 reason=delivery
INFO [06-01|11:13:09.448] Paused snapshot generation
WARN [06-01|11:13:09.449] {"level":"warn","msg":"Slow block","block":{"number":4554,"hash":"0xa805d434b6b0d48423d5222fd229bf14bdf05377b9bb98e311058e6a0266dbe8","gas_used":21000,"tx_count":1},"timing":{"execution_ms":0.073683,"state_read_ms":2.98853,"state_hash_ms":2.495618,"commit_ms":0.560211,"total_ms":6.303232},"throughput":{"mgas_per_sec":3.331624157257737},"state_reads":{"accounts":6,"storage_slots":0,"code":0,"code_bytes":0},"state_writes":{"accounts":2,"accounts_deleted":0,"storage_slots":0,"storage_slots_deleted":0,"code":0,"code_bytes":0},"cache":{"account":{"hits":2,"misses":4,"hit_rate":33.33333333333333},"storage":{"hits":0,"misses":0,"hit_rate":0},"code":{"hits":0,"misses":0,"hit_rate":0,"hit_bytes":0,"miss_bytes":0}}}
INFO [06-01|11:13:09.449] Imported new potential chain segment     number=4554 hash=a805d4..66dbe8 blocks=1 txs=1 mgas=0.021 elapsed=6.425ms     mgasps=3.268  triediffs=12.78MiB triedirty=0.00B
INFO [06-01|11:13:09.449] Chain head was updated                   number=4554 hash=a805d4..66dbe8 root=ff838c..c12ad5 elapsed="56.742µs"
WARN [06-01|11:13:09.469] Snapshot generation is not permitted
INFO [06-01|11:13:10.463] Starting work on payload                 id=0x032e760fb207a9a4
INFO [06-01|11:13:10.473] Updated payload                          id=0x032e760fb207a9a4 number=4555 hash=7a1902..2089a1 txs=0 withdrawals=0 gas=0         fees=0             root=ff838c..c12ad5 elapsed=9.761ms
INFO [06-01|11:13:10.473] Stopping work on payload                 id=0x032e760fb207a9a4 reason=delivery
WARN [06-01|11:13:10.477] {"level":"warn","msg":"Slow block","block":{"number":4555,"hash":"0x7a19024cbf8e17fd9f1550f7ba944d8cd99ed566ece55ada8aecc0c5372089a1","gas_used":0,"tx_count":0},"timing":{"execution_ms":0.024577,"state_read_ms":2.744365,"state_hash_ms":0.001709,"commit_ms":0.120313,"total_ms":3.017781},"throughput":{"mgas_per_sec":0},"state_reads":{"accounts":4,"storage_slots":0,"code":0,"code_bytes":0},"state_writes":{"accounts":0,"accounts_deleted":0,"storage_slots":0,"storage_slots_deleted":0,"code":0,"code_bytes":0},"cache":{"account":{"hits":0,"misses":4,"hit_rate":0},"storage":{"hits":0,"misses":0,"hit_rate":0},"code":{"hits":0,"misses":0,"hit_rate":0,"hit_bytes":0,"miss_bytes":0}}}
INFO [06-01|11:13:10.477] Imported new potential chain segment     number=4555 hash=7a1902..2089a1 blocks=1 txs=0 mgas=0.000 elapsed=3.113ms     mgasps=0.000  triediffs=12.78MiB triedirty=0.00B
INFO [06-01|11:13:10.477] Chain head was updated                   number=4555 hash=7a1902..2089a1 root=ff838c..c12ad5 elapsed="51.924µs"
