WARN [06-01|10:40:22.504] Unknown config environment variable      envvar=GETH_PBT_BIN
WARN [06-01|10:40:22.504] Unknown config environment variable      envvar=GETH_UBT_BIN
INFO [06-01|10:40:22.520] Starting Geth on Ethereum mainnet...
INFO [06-01|10:40:22.522] Maximum peer count                       ETH=0 total=0
INFO [06-01|10:40:22.523] Smartcard socket not found, disabling    err="stat /run/pcscd/pcscd.comm: no such file or directory"
WARN [06-01|10:40:22.526] Option --miner.etherbase is deprecated as the etherbase is set by the consensus client post-merge
WARN [06-01|10:40:22.529] Snap sync requested, resetting --cache.snapshot
INFO [06-01|10:40:22.530] Set global gas cap                       cap=50,000,000
INFO [06-01|10:40:23.362] Using developer account                  address=0xf39Fd6e51aad88F6F4ce6aB8827279cffFb92266
INFO [06-01|10:40:23.405] Using pebble as the backing database
INFO [06-01|10:40:23.405] Allocated cache and file handles         database=/mnt/state_expiry_vol_data/ubt-vs-pbt-dbs/ubt/geth/chaindata cache=16.00MiB handles=262,144
INFO [06-01|10:40:23.629] Opened ancient database                  database=/mnt/state_expiry_vol_data/ubt-vs-pbt-dbs/ubt/geth/chaindata/ancient/chain readonly=true
INFO [06-01|10:40:23.629] Opened Era store                         datadir=/mnt/state_expiry_vol_data/ubt-vs-pbt-dbs/ubt/geth/chaindata/ancient/chain/era
INFO [06-01|10:40:23.636] Initializing the KZG library             backend=gokzg
INFO [06-01|10:40:23.639] Allocated trie memory caches             clean=0.00B dirty=0.00B
INFO [06-01|10:40:23.652] Using pebble as the backing database
INFO [06-01|10:40:23.652] Allocated cache and file handles         database=/mnt/state_expiry_vol_data/ubt-vs-pbt-dbs/ubt/geth/chaindata cache=16.00MiB handles=262,144
INFO [06-01|10:40:23.882] Opened ancient database                  database=/mnt/state_expiry_vol_data/ubt-vs-pbt-dbs/ubt/geth/chaindata/ancient/chain readonly=false
INFO [06-01|10:40:23.882] Opened Era store                         datadir=/mnt/state_expiry_vol_data/ubt-vs-pbt-dbs/ubt/geth/chaindata/ancient/chain/era
INFO [06-01|10:40:23.890] State scheme set to already existing     scheme=path
INFO [06-01|10:40:23.890] Initialising Ethereum protocol           network=1337 dbversion=9
INFO [06-01|10:40:23.890] Load database journal from file          path=/mnt/state_expiry_vol_data/ubt-vs-pbt-dbs/ubt/geth/triedb/verkle.journal
INFO [06-01|10:40:23.969] Opened ancient database                  database=/mnt/state_expiry_vol_data/ubt-vs-pbt-dbs/ubt/geth/chaindata/ancient/state_verkle readonly=false
INFO [06-01|10:40:23.972] State snapshot generator is not compatible
INFO [06-01|10:40:23.972] Initialized path database                triecache=0.00B statecache=0.00B buffer=0.00B state-history="last 90000 blocks" journal-dir=/mnt/state_expiry_vol_data/ubt-vs-pbt-dbs/ubt/geth/triedb verkle=true
INFO [06-01|10:40:23.972] 
INFO [06-01|10:40:23.972] ---------------------------------------------------------------------------------------------------------------------------------------------------------
INFO [06-01|10:40:23.972] Chain ID:  1337 (unknown)
INFO [06-01|10:40:23.972] Consensus: unknown
INFO [06-01|10:40:23.972] 
INFO [06-01|10:40:23.972] Pre-Merge hard forks (block based):
INFO [06-01|10:40:23.972]  - Homestead:                   #0       
INFO [06-01|10:40:23.972]  - Tangerine Whistle (EIP 150): #0       
INFO [06-01|10:40:23.972]  - Spurious Dragon/1 (EIP 155): #0       
INFO [06-01|10:40:23.972]  - Spurious Dragon/2 (EIP 158): #0       
INFO [06-01|10:40:23.972]  - Byzantium:                   #0       
INFO [06-01|10:40:23.972]  - Constantinople:              #0       
INFO [06-01|10:40:23.972]  - Petersburg:                  #0       
INFO [06-01|10:40:23.972]  - Istanbul:                    #0       
INFO [06-01|10:40:23.972]  - Berlin:                      #0       
INFO [06-01|10:40:23.972]  - London:                      #0       
INFO [06-01|10:40:23.972]  - Arrow Glacier:               #0       
INFO [06-01|10:40:23.972]  - Gray Glacier:                #0       
INFO [06-01|10:40:23.972] 
INFO [06-01|10:40:23.972] Merge configured:
INFO [06-01|10:40:23.972]  - Total terminal difficulty:  0
INFO [06-01|10:40:23.972]  - Merge netsplit block:       #0       
INFO [06-01|10:40:23.972] 
INFO [06-01|10:40:23.972] Post-Merge hard forks (timestamp based):
INFO [06-01|10:40:23.972]  - Shanghai:                    @0         
INFO [06-01|10:40:23.972]  - Cancun:                      @0          blob: (target: 3, max: 6, fraction: 3338477)
INFO [06-01|10:40:23.972]  - Prague:                      @0          blob: (target: 6, max: 9, fraction: 5007716)
INFO [06-01|10:40:23.972]  - Osaka:                       @0          blob: (target: 6, max: 9, fraction: 5007716)
INFO [06-01|10:40:23.972]  - UBT:                         @0          blob: (nil)
INFO [06-01|10:40:23.972] 
INFO [06-01|10:40:23.972] All fork specifications can be found at https://ethereum.github.io/execution-specs/src/ethereum/forks/
INFO [06-01|10:40:23.972] 
INFO [06-01|10:40:23.972] ---------------------------------------------------------------------------------------------------------------------------------------------------------
INFO [06-01|10:40:23.972] 
INFO [06-01|10:40:23.975] Loaded most recent local block           number=3347 hash=c3e0df..5cd106 age=2s
INFO [06-01|10:40:23.975] Loaded most recent local finalized block number=3328 hash=9d6539..a47e1b age=30s
INFO [06-01|10:40:23.976] Initialized transaction indexer          range="last 2350000 blocks"
INFO [06-01|10:40:23.976] Initialized log indexer                  firstblock=0 lastblock=3347 firstmap=0 lastmap=0 headindexed=true
INFO [06-01|10:40:24.042] Enabled full-sync                        head=3347 hash=c3e0df..5cd106
INFO [06-01|10:40:24.043] Unprotected transactions allowed
INFO [06-01|10:40:24.043] Gasprice oracle is ignoring threshold set threshold=2
INFO [06-01|10:40:24.043] Registered sync override service
WARN [06-01|10:40:24.043] You are running Geth in --dev mode. Please note the following:
WARN [06-01|10:40:24.043] 
WARN [06-01|10:40:24.043]   1. This mode is only intended for fast, iterative development without assumptions on
WARN [06-01|10:40:24.043]      security or persistence.
WARN [06-01|10:40:24.043]   2. The database is created in memory unless specified otherwise. Therefore, shutting down
WARN [06-01|10:40:24.043]      your computer or losing power will wipe your entire block data and chain state for
WARN [06-01|10:40:24.043]      your dev environment.
WARN [06-01|10:40:24.043]   3. A random, pre-allocated developer account will be available and unlocked as
WARN [06-01|10:40:24.043]      eth.coinbase, which can be used for testing. The random dev account is temporary,
WARN [06-01|10:40:24.043]      stored on a ramdisk, and will be lost if your machine is restarted.
WARN [06-01|10:40:24.043]   4. Mining is enabled by default. However, the client will only seal blocks if transactions
WARN [06-01|10:40:24.043]      are pending in the mempool. The miner's minimum accepted gas price is 1.
WARN [06-01|10:40:24.043]   5. Networking is disabled; there is no listen-address, the maximum number of peers is set
WARN [06-01|10:40:24.043]      to 0, and discovery is disabled.
WARN [06-01|10:40:24.043] 
INFO [06-01|10:40:24.043] Starting peer-to-peer node               instance=Geth/v1.17.3-unstable/linux-amd64/go1.24.9
WARN [06-01|10:40:24.043] P2P server will be useless, neither dialing nor listening
INFO [06-01|10:40:24.088] IPC endpoint opened                      url=/mnt/state_expiry_vol_data/ubt-vs-pbt-dbs/ubt/geth.ipc
ERROR[06-01|10:40:24.088] Unavailable modules in HTTP API list     unavailable=[personal] available="[admin debug web3 eth txpool miner net dev testing]"
INFO [06-01|10:40:24.088] New local node record                    seq=1,780,289,664,532 id=c084d8867e8cc127 ip=127.0.0.1 udp=0 tcp=0
INFO [06-01|10:40:24.088] Started P2P networking                   self=enode://ed0ccbffbfc0dc9f1b0f8e55d585ad3e61215b1974f32d9388e7ae53563e3ebe0172c21d754fa202c3a63f95bef3ff3ea24339ffdabd0115c47ec5b8d33136a9@127.0.0.1:0
INFO [06-01|10:40:24.088] HTTP server started                      endpoint=127.0.0.1:8545 auth=false prefix= cors= vhosts=localhost
INFO [06-01|10:40:24.088] WebSocket enabled                        url=ws://127.0.0.1:8546
INFO [06-01|10:40:24.367] Loaded local transaction journal         transactions=2465 dropped=0
INFO [06-01|10:40:25.326] Started log indexer
INFO [06-01|10:40:25.369] Starting work on payload                 id=0x03b4118ab89cc243
INFO [06-01|10:40:25.374] Updated payload                          id=0x03b4118ab89cc243 number=3348 hash=c5b25d..00219d txs=0 withdrawals=0 gas=0 fees=0 root=0d22a4..0f21be elapsed=4.855ms
INFO [06-01|10:40:25.375] Stopping work on payload                 id=0x03b4118ab89cc243 reason=delivery
WARN [06-01|10:40:25.382] {"level":"warn","msg":"Slow block","block":{"number":3348,"hash":"0xc5b25de3f1d1da3b861a3cf44890365238f901b4c7522e62fce2ce808900219d","gas_used":0,"tx_count":0},"timing":{"execution_ms":0.083902,"state_read_ms":5.644522,"state_hash_ms":0.002607,"commit_ms":0.198397,"total_ms":6.331601},"throughput":{"mgas_per_sec":0},"state_reads":{"accounts":4,"storage_slots":0,"code":0,"code_bytes":0},"state_writes":{"accounts":0,"accounts_deleted":0,"storage_slots":0,"storage_slots_deleted":0,"code":0,"code_bytes":0},"cache":{"account":{"hits":0,"misses":4,"hit_rate":0},"storage":{"hits":0,"misses":0,"hit_rate":0},"code":{"hits":0,"misses":0,"hit_rate":0,"hit_bytes":0,"miss_bytes":0}}}
INFO [06-01|10:40:25.382] Imported new potential chain segment     number=3348 hash=c5b25d..00219d blocks=1 txs=0 mgas=0.000 elapsed=6.800ms mgasps=0.000 triediffs=1.37MiB triedirty=0.00B
INFO [06-01|10:40:25.382] Chain head was updated                   number=3348 hash=c5b25d..00219d root=0d22a4..0f21be elapsed="83.832µs"
INFO [06-01|10:40:26.387] Starting work on payload                 id=0x03637ed4d67d11fc
INFO [06-01|10:40:26.396] Updated payload                          id=0x03637ed4d67d11fc number=3349 hash=5b07b3..53717a txs=0 withdrawals=0 gas=0 fees=0 root=0d22a4..0f21be elapsed=8.927ms
INFO [06-01|10:40:26.398] Stopping work on payload                 id=0x03637ed4d67d11fc reason=delivery
WARN [06-01|10:40:26.400] {"level":"warn","msg":"Slow block","block":{"number":3349,"hash":"0x5b07b320d93f455bb785fbd990ae3eb89b50427aa782cb56b7167c5cc653717a","gas_used":0,"tx_count":0},"timing":{"execution_ms":0.029552,"state_read_ms":2.715946,"state_hash_ms":0.00171,"commit_ms":0.161461,"total_ms":3.044879},"throughput":{"mgas_per_sec":0},"state_reads":{"accounts":4,"storage_slots":0,"code":0,"code_bytes":0},"state_writes":{"accounts":0,"accounts_deleted":0,"storage_slots":0,"storage_slots_deleted":0,"code":0,"code_bytes":0},"cache":{"account":{"hits":0,"misses":4,"hit_rate":0},"storage":{"hits":0,"misses":0,"hit_rate":0},"code":{"hits":0,"misses":0,"hit_rate":0,"hit_bytes":0,"miss_bytes":0}}}
INFO [06-01|10:40:26.400] Imported new potential chain segment     number=3349 hash=5b07b3..53717a blocks=1 txs=0 mgas=0.000 elapsed=3.225ms    mgasps=0.000 triediffs=1.37MiB triedirty=0.00B
INFO [06-01|10:40:26.400] Chain head was updated                   number=3349 hash=5b07b3..53717a root=0d22a4..0f21be elapsed="50.936µs"
INFO [06-01|10:40:27.410] Starting work on payload                 id=0x03ede28dfdfc7d78
INFO [06-01|10:40:27.427] Updated payload                          id=0x03ede28dfdfc7d78 number=3350 hash=4ef97e..bbafbf txs=0 withdrawals=0 gas=0 fees=0 root=0d22a4..0f21be elapsed=16.674ms
INFO [06-01|10:40:27.427] Stopping work on payload                 id=0x03ede28dfdfc7d78 reason=delivery
WARN [06-01|10:40:27.431] {"level":"warn","msg":"Slow block","block":{"number":3350,"hash":"0x4ef97e6cc10dbf3b98397780469f40491871466de072bde60394c68f70bbafbf","gas_used":0,"tx_count":0},"timing":{"execution_ms":0.020952,"state_read_ms":3.110446,"state_hash_ms":0.001658,"commit_ms":0.085509,"total_ms":3.369156},"throughput":{"mgas_per_sec":0},"state_reads":{"accounts":4,"storage_slots":0,"code":0,"code_bytes":0},"state_writes":{"accounts":0,"accounts_deleted":0,"storage_slots":0,"storage_slots_deleted":0,"code":0,"code_bytes":0},"cache":{"account":{"hits":0,"misses":4,"hit_rate":0},"storage":{"hits":0,"misses":0,"hit_rate":0},"code":{"hits":0,"misses":0,"hit_rate":0,"hit_bytes":0,"miss_bytes":0}}}
INFO [06-01|10:40:27.431] Imported new potential chain segment     number=3350 hash=4ef97e..bbafbf blocks=1 txs=0 mgas=0.000 elapsed=3.515ms    mgasps=0.000 triediffs=1.37MiB triedirty=0.00B
INFO [06-01|10:40:27.431] Chain head was updated                   number=3350 hash=4ef97e..bbafbf root=0d22a4..0f21be elapsed="36.48µs"
INFO [06-01|10:40:27.568] Submitted contract creation              hash=0xedd1e88d77fd2bdd5aab6315081aafc01abd43a8170ec55e77d950e8701e0707 from=0xf39Fd6e51aad88F6F4ce6aB8827279cffFb92266 nonce=977 contract=0x99aA73dA6309b8eC484eF2C95e96C131C1BBF7a0 value=0
INFO [06-01|10:40:27.569] Submitted transaction                    hash=0x3a8c68f0ef9e639f34d48400019477d9bd71d90650e75e1612947f16642766cd from=0xf39Fd6e51aad88F6F4ce6aB8827279cffFb92266 nonce=978 recipient=0xB0f2fb14F99e7517c596BB4A2eeC35Bb2ffcE494 value=78,000,000
INFO [06-01|10:40:28.435] Starting work on payload                 id=0x030ad09178475b74
INFO [06-01|10:40:28.478] Updated payload                          id=0x030ad09178475b74 number=3351 hash=6a3b71..c87dda txs=2 withdrawals=0 gas=86120 fees=5.1672e-13 root=e40a8f..208076 elapsed=43.542ms
INFO [06-01|10:40:28.479] Stopping work on payload                 id=0x030ad09178475b74 reason=delivery
INFO [06-01|10:40:28.503] Paused snapshot generation
WARN [06-01|10:40:28.504] {"level":"warn","msg":"Slow block","block":{"number":3351,"hash":"0x6a3b71e293f9523547e73d3b04ad54ddff8cbdfa2115f6ecb4ee71cd58c87dda","gas_used":86120,"tx_count":2},"timing":{"execution_ms":0.132851,"state_read_ms":16.225457,"state_hash_ms":3.493704,"commit_ms":4.987317,"total_ms":25.021089},"throughput":{"mgas_per_sec":3.4418965537431245},"state_reads":{"accounts":11,"storage_slots":0,"code":0,"code_bytes":0},"state_writes":{"accounts":3,"accounts_deleted":0,"storage_slots":0,"storage_slots_deleted":0,"code":1,"code_bytes":155},"cache":{"account":{"hits":6,"misses":5,"hit_rate":54.54545454545454},"storage":{"hits":0,"misses":0,"hit_rate":0},"code":{"hits":0,"misses":0,"hit_rate":0,"hit_bytes":0,"miss_bytes":0}}}
INFO [06-01|10:40:28.504] Imported new potential chain segment     number=3351 hash=6a3b71..c87dda blocks=1 txs=2 mgas=0.086 elapsed=25.235ms   mgasps=3.413 triediffs=1.37MiB triedirty=0.00B
INFO [06-01|10:40:28.504] Chain head was updated                   number=3351 hash=6a3b71..c87dda root=e40a8f..208076 elapsed="208.724µs"
WARN [06-01|10:40:28.531] Snapshot generation is not permitted
INFO [06-01|10:40:28.582] Submitted transaction                    hash=0xd5e58c5e2cdfe182357c75bd3aa030dbf7cfadfa6f2de0a99b8a11a0af5e8188 from=0xB0f2fb14F99e7517c596BB4A2eeC35Bb2ffcE494 nonce=0   recipient=0x99aA73dA6309b8eC484eF2C95e96C131C1BBF7a0 value=0
INFO [06-01|10:40:29.510] Starting work on payload                 id=0x037a81c4241177d5
INFO [06-01|10:40:29.709] Updated payload                          id=0x037a81c4241177d5 number=3352 hash=6449de..b1f9da txs=1 withdrawals=0 gas=5,900,418 fees=3.5402508e-11 root=b75408..6e1526 elapsed=199.517ms
INFO [06-01|10:40:29.709] Stopping work on payload                 id=0x037a81c4241177d5 reason=delivery
INFO [06-01|10:40:29.839] Paused snapshot generation
WARN [06-01|10:40:29.839] {"level":"warn","msg":"Slow block","block":{"number":3352,"hash":"0x6449ded6162c9efdf1af980212179436d5a83523804f60fd3619225f89b1f9da","gas_used":5900418,"tx_count":1},"timing":{"execution_ms":112.723693,"state_read_ms":12.438542,"state_hash_ms":3.154341,"commit_ms":0.763085,"total_ms":129.286373},"throughput":{"mgas_per_sec":45.63835973648978},"state_reads":{"accounts":8,"storage_slots":258,"code":2,"code_bytes":183},"state_writes":{"accounts":2,"accounts_deleted":0,"storage_slots":0,"storage_slots_deleted":0,"code":0,"code_bytes":0},"cache":{"account":{"hits":4,"misses":4,"hit_rate":50},"storage":{"hits":104,"misses":154,"hit_rate":40.310077519379846},"code":{"hits":2,"misses":0,"hit_rate":100,"hit_bytes":183,"miss_bytes":0}}}
INFO [06-01|10:40:29.839] Imported new potential chain segment     number=3352 hash=6449de..b1f9da blocks=1 txs=1 mgas=5.900 elapsed=129.490ms   mgasps=45.566 triediffs=1.37MiB triedirty=0.00B
INFO [06-01|10:40:29.839] Chain head was updated                   number=3352 hash=6449de..b1f9da root=b75408..6e1526 elapsed="80.817µs"
WARN [06-01|10:40:29.863] Snapshot generation is not permitted
INFO [06-01|10:40:30.607] Submitted transaction                    hash=0x9cecae0376e5dc08a33e5648edeb873d93ecd2d0ec8497cbb8c3f70556b84f13 from=0xB0f2fb14F99e7517c596BB4A2eeC35Bb2ffcE494 nonce=1   recipient=0xf39Fd6e51aad88F6F4ce6aB8827279cffFb92266 value=1,042,566
INFO [06-01|10:40:30.857] Starting work on payload                 id=0x03e608d6f4d0acfc
INFO [06-01|10:40:30.863] Updated payload                          id=0x03e608d6f4d0acfc number=3353 hash=d3a469..d9761d txs=1 withdrawals=0 gas=21000     fees=2.1e-14       root=42aebb..626ca7 elapsed=5.682ms
INFO [06-01|10:40:30.863] Stopping work on payload                 id=0x03e608d6f4d0acfc reason=delivery
INFO [06-01|10:40:30.887] Paused snapshot generation
WARN [06-01|10:40:30.887] {"level":"warn","msg":"Slow block","block":{"number":3353,"hash":"0xd3a4696bb896899f51989ffc75e588218955e38da6138d6e680c6bde47d9761d","gas_used":21000,"tx_count":1},"timing":{"execution_ms":0.116491,"state_read_ms":20.498263,"state_hash_ms":2.476149,"commit_ms":0.609918,"total_ms":23.891223},"throughput":{"mgas_per_sec":0.8789838845838909},"state_reads":{"accounts":6,"storage_slots":0,"code":0,"code_bytes":0},"state_writes":{"accounts":2,"accounts_deleted":0,"storage_slots":0,"storage_slots_deleted":0,"code":0,"code_bytes":0},"cache":{"account":{"hits":2,"misses":4,"hit_rate":33.33333333333333},"storage":{"hits":0,"misses":0,"hit_rate":0},"code":{"hits":0,"misses":0,"hit_rate":0,"hit_bytes":0,"miss_bytes":0}}}
INFO [06-01|10:40:30.887] Imported new potential chain segment     number=3353 hash=d3a469..d9761d blocks=1 txs=1 mgas=0.021 elapsed=24.053ms    mgasps=0.873  triediffs=1.37MiB triedirty=0.00B
INFO [06-01|10:40:30.887] Chain head was updated                   number=3353 hash=d3a469..d9761d root=42aebb..626ca7 elapsed="55.741µs"
WARN [06-01|10:40:30.917] Snapshot generation is not permitted
INFO [06-01|10:40:31.891] Starting work on payload                 id=0x0351c797af288fb0
INFO [06-01|10:40:31.906] Updated payload                          id=0x0351c797af288fb0 number=3354 hash=7f8595..9252cb txs=0 withdrawals=0 gas=0         fees=0             root=42aebb..626ca7 elapsed=15.174ms
INFO [06-01|10:40:31.907] Stopping work on payload                 id=0x0351c797af288fb0 reason=delivery
WARN [06-01|10:40:31.910] {"level":"warn","msg":"Slow block","block":{"number":3354,"hash":"0x7f85950bb8cfd0a01042cd78625bb0366b4eb904c05fcf2e8a764020519252cb","gas_used":0,"tx_count":0},"timing":{"execution_ms":0.037158,"state_read_ms":3.244901,"state_hash_ms":0.002657,"commit_ms":0.120119,"total_ms":3.621772},"throughput":{"mgas_per_sec":0},"state_reads":{"accounts":4,"storage_slots":0,"code":0,"code_bytes":0},"state_writes":{"accounts":0,"accounts_deleted":0,"storage_slots":0,"storage_slots_deleted":0,"code":0,"code_bytes":0},"cache":{"account":{"hits":0,"misses":4,"hit_rate":0},"storage":{"hits":0,"misses":0,"hit_rate":0},"code":{"hits":0,"misses":0,"hit_rate":0,"hit_bytes":0,"miss_bytes":0}}}
INFO [06-01|10:40:31.910] Imported new potential chain segment     number=3354 hash=7f8595..9252cb blocks=1 txs=0 mgas=0.000 elapsed=3.762ms     mgasps=0.000  triediffs=1.37MiB triedirty=0.00B
INFO [06-01|10:40:31.911] Chain head was updated                   number=3354 hash=7f8595..9252cb root=42aebb..626ca7 elapsed="54.043µs"
