WARN [06-01|11:12:01.345] Unknown config environment variable      envvar=GETH_PBT_BIN
WARN [06-01|11:12:01.345] Unknown config environment variable      envvar=GETH_UBT_BIN
INFO [06-01|11:12:01.356] Starting Geth on Ethereum mainnet...
INFO [06-01|11:12:01.358] Maximum peer count                       ETH=0 total=0
INFO [06-01|11:12:01.359] Smartcard socket not found, disabling    err="stat /run/pcscd/pcscd.comm: no such file or directory"
WARN [06-01|11:12:01.361] Option --miner.etherbase is deprecated as the etherbase is set by the consensus client post-merge
WARN [06-01|11:12:01.363] Snap sync requested, resetting --cache.snapshot
INFO [06-01|11:12:01.363] Set global gas cap                       cap=50,000,000
INFO [06-01|11:12:02.261] Using developer account                  address=0xf39Fd6e51aad88F6F4ce6aB8827279cffFb92266
INFO [06-01|11:12:02.300] Using pebble as the backing database
INFO [06-01|11:12:02.300] Allocated cache and file handles         database=/mnt/state_expiry_vol_data/ubt-vs-pbt-dbs/ubt/geth/chaindata cache=16.00MiB handles=262,144
INFO [06-01|11:12:02.528] Opened ancient database                  database=/mnt/state_expiry_vol_data/ubt-vs-pbt-dbs/ubt/geth/chaindata/ancient/chain readonly=true
INFO [06-01|11:12:02.528] Opened Era store                         datadir=/mnt/state_expiry_vol_data/ubt-vs-pbt-dbs/ubt/geth/chaindata/ancient/chain/era
INFO [06-01|11:12:02.535] Initializing the KZG library             backend=gokzg
INFO [06-01|11:12:02.538] Allocated trie memory caches             clean=0.00B dirty=0.00B
INFO [06-01|11:12:02.567] Using pebble as the backing database
INFO [06-01|11:12:02.567] Allocated cache and file handles         database=/mnt/state_expiry_vol_data/ubt-vs-pbt-dbs/ubt/geth/chaindata cache=16.00MiB handles=262,144
INFO [06-01|11:12:02.784] Opened ancient database                  database=/mnt/state_expiry_vol_data/ubt-vs-pbt-dbs/ubt/geth/chaindata/ancient/chain readonly=false
INFO [06-01|11:12:02.784] Opened Era store                         datadir=/mnt/state_expiry_vol_data/ubt-vs-pbt-dbs/ubt/geth/chaindata/ancient/chain/era
INFO [06-01|11:12:02.790] State scheme set to already existing     scheme=path
INFO [06-01|11:12:02.792] Initialising Ethereum protocol           network=1337 dbversion=9
INFO [06-01|11:12:02.792] Load database journal from file          path=/mnt/state_expiry_vol_data/ubt-vs-pbt-dbs/ubt/geth/triedb/verkle.journal
INFO [06-01|11:12:03.092] Opened ancient database                  database=/mnt/state_expiry_vol_data/ubt-vs-pbt-dbs/ubt/geth/chaindata/ancient/state_verkle readonly=false
INFO [06-01|11:12:03.094] State snapshot generator is not compatible
INFO [06-01|11:12:03.094] Initialized path database                triecache=0.00B statecache=0.00B buffer=0.00B state-history="last 90000 blocks" journal-dir=/mnt/state_expiry_vol_data/ubt-vs-pbt-dbs/ubt/geth/triedb verkle=true
INFO [06-01|11:12:03.095] 
INFO [06-01|11:12:03.095] ---------------------------------------------------------------------------------------------------------------------------------------------------------
INFO [06-01|11:12:03.095] Chain ID:  1337 (unknown)
INFO [06-01|11:12:03.095] Consensus: unknown
INFO [06-01|11:12:03.095] 
INFO [06-01|11:12:03.095] Pre-Merge hard forks (block based):
INFO [06-01|11:12:03.095]  - Homestead:                   #0       
INFO [06-01|11:12:03.095]  - Tangerine Whistle (EIP 150): #0       
INFO [06-01|11:12:03.095]  - Spurious Dragon/1 (EIP 155): #0       
INFO [06-01|11:12:03.095]  - Spurious Dragon/2 (EIP 158): #0       
INFO [06-01|11:12:03.095]  - Byzantium:                   #0       
INFO [06-01|11:12:03.095]  - Constantinople:              #0       
INFO [06-01|11:12:03.095]  - Petersburg:                  #0       
INFO [06-01|11:12:03.095]  - Istanbul:                    #0       
INFO [06-01|11:12:03.095]  - Berlin:                      #0       
INFO [06-01|11:12:03.095]  - London:                      #0       
INFO [06-01|11:12:03.095]  - Arrow Glacier:               #0       
INFO [06-01|11:12:03.095]  - Gray Glacier:                #0       
INFO [06-01|11:12:03.095] 
INFO [06-01|11:12:03.095] Merge configured:
INFO [06-01|11:12:03.095]  - Total terminal difficulty:  0
INFO [06-01|11:12:03.095]  - Merge netsplit block:       #0       
INFO [06-01|11:12:03.095] 
INFO [06-01|11:12:03.095] Post-Merge hard forks (timestamp based):
INFO [06-01|11:12:03.095]  - Shanghai:                    @0         
INFO [06-01|11:12:03.095]  - Cancun:                      @0          blob: (target: 3, max: 6, fraction: 3338477)
INFO [06-01|11:12:03.095]  - Prague:                      @0          blob: (target: 6, max: 9, fraction: 5007716)
INFO [06-01|11:12:03.095]  - Osaka:                       @0          blob: (target: 6, max: 9, fraction: 5007716)
INFO [06-01|11:12:03.095]  - UBT:                         @0          blob: (nil)
INFO [06-01|11:12:03.095] 
INFO [06-01|11:12:03.095] All fork specifications can be found at https://ethereum.github.io/execution-specs/src/ethereum/forks/
INFO [06-01|11:12:03.095] 
INFO [06-01|11:12:03.095] ---------------------------------------------------------------------------------------------------------------------------------------------------------
INFO [06-01|11:12:03.095] 
INFO [06-01|11:12:03.095] Loaded most recent local block           number=4514 hash=56aacf..b01d56 age=3s
INFO [06-01|11:12:03.095] Loaded most recent local finalized block number=4512 hash=979884..d09623 age=6s
INFO [06-01|11:12:03.097] Initialized transaction indexer          range="last 2350000 blocks"
INFO [06-01|11:12:03.097] Initialized log indexer                  firstblock=0 lastblock=4514 firstmap=0 lastmap=0 headindexed=true
INFO [06-01|11:12:03.127] Enabled full-sync                        head=4514 hash=56aacf..b01d56
INFO [06-01|11:12:03.127] Unprotected transactions allowed
INFO [06-01|11:12:03.127] Gasprice oracle is ignoring threshold set threshold=2
INFO [06-01|11:12:03.127] Registered sync override service
WARN [06-01|11:12:03.128] You are running Geth in --dev mode. Please note the following:
WARN [06-01|11:12:03.128] 
WARN [06-01|11:12:03.128]   1. This mode is only intended for fast, iterative development without assumptions on
WARN [06-01|11:12:03.128]      security or persistence.
WARN [06-01|11:12:03.128]   2. The database is created in memory unless specified otherwise. Therefore, shutting down
WARN [06-01|11:12:03.128]      your computer or losing power will wipe your entire block data and chain state for
WARN [06-01|11:12:03.128]      your dev environment.
WARN [06-01|11:12:03.128]   3. A random, pre-allocated developer account will be available and unlocked as
WARN [06-01|11:12:03.128]      eth.coinbase, which can be used for testing. The random dev account is temporary,
WARN [06-01|11:12:03.128]      stored on a ramdisk, and will be lost if your machine is restarted.
WARN [06-01|11:12:03.128]   4. Mining is enabled by default. However, the client will only seal blocks if transactions
WARN [06-01|11:12:03.128]      are pending in the mempool. The miner's minimum accepted gas price is 1.
WARN [06-01|11:12:03.128]   5. Networking is disabled; there is no listen-address, the maximum number of peers is set
WARN [06-01|11:12:03.128]      to 0, and discovery is disabled.
WARN [06-01|11:12:03.128] 
INFO [06-01|11:12:03.128] Starting peer-to-peer node               instance=Geth/v1.17.3-unstable/linux-amd64/go1.24.9
WARN [06-01|11:12:03.128] P2P server will be useless, neither dialing nor listening
INFO [06-01|11:12:03.175] IPC endpoint opened                      url=/mnt/state_expiry_vol_data/ubt-vs-pbt-dbs/ubt/geth.ipc
ERROR[06-01|11:12:03.175] Unavailable modules in HTTP API list     unavailable=[personal] available="[admin debug web3 eth txpool miner net dev testing]"
INFO [06-01|11:12:03.175] New local node record                    seq=1,780,289,664,713 id=c084d8867e8cc127 ip=127.0.0.1 udp=0 tcp=0
INFO [06-01|11:12:03.175] Started P2P networking                   self=enode://ed0ccbffbfc0dc9f1b0f8e55d585ad3e61215b1974f32d9388e7ae53563e3ebe0172c21d754fa202c3a63f95bef3ff3ea24339ffdabd0115c47ec5b8d33136a9@127.0.0.1:0
INFO [06-01|11:12:03.176] HTTP server started                      endpoint=127.0.0.1:8545 auth=false prefix= cors= vhosts=localhost
INFO [06-01|11:12:03.176] WebSocket enabled                        url=ws://127.0.0.1:8546
INFO [06-01|11:12:03.535] Loaded local transaction journal         transactions=3189 dropped=0
INFO [06-01|11:12:04.388] Started log indexer
INFO [06-01|11:12:04.422] Starting work on payload                 id=0x033cb578fe284622
INFO [06-01|11:12:04.425] Updated payload                          id=0x033cb578fe284622 number=4515 hash=86195a..5a6451 txs=0 withdrawals=0 gas=0 fees=0 root=d783e8..f2caca elapsed=3.007ms
INFO [06-01|11:12:04.425] Stopping work on payload                 id=0x033cb578fe284622 reason=delivery
WARN [06-01|11:12:04.436] {"level":"warn","msg":"Slow block","block":{"number":4515,"hash":"0x86195a3b03f77a6b27a53b60195b42648223793446fde0a0e73151bc775a6451","gas_used":0,"tx_count":0},"timing":{"execution_ms":0.080446,"state_read_ms":9.228187,"state_hash_ms":0.003913,"commit_ms":0.224571,"total_ms":10.618564},"throughput":{"mgas_per_sec":0},"state_reads":{"accounts":4,"storage_slots":0,"code":0,"code_bytes":0},"state_writes":{"accounts":0,"accounts_deleted":0,"storage_slots":0,"storage_slots_deleted":0,"code":0,"code_bytes":0},"cache":{"account":{"hits":0,"misses":4,"hit_rate":0},"storage":{"hits":0,"misses":0,"hit_rate":0},"code":{"hits":0,"misses":0,"hit_rate":0,"hit_bytes":0,"miss_bytes":0}}}
INFO [06-01|11:12:04.436] Imported new potential chain segment     number=4515 hash=86195a..5a6451 blocks=1 txs=0 mgas=0.000 elapsed=10.933ms mgasps=0.000 triediffs=21.84MiB triedirty=0.00B
INFO [06-01|11:12:04.436] Chain head was updated                   number=4515 hash=86195a..5a6451 root=d783e8..f2caca elapsed="70.27µs"
INFO [06-01|11:12:05.441] Starting work on payload                 id=0x03b10cd57a3b688d
INFO [06-01|11:12:05.445] Updated payload                          id=0x03b10cd57a3b688d number=4516 hash=071e8d..5a95d8 txs=0 withdrawals=0 gas=0 fees=0 root=d783e8..f2caca elapsed=3.653ms
INFO [06-01|11:12:05.445] Stopping work on payload                 id=0x03b10cd57a3b688d reason=delivery
WARN [06-01|11:12:05.457] {"level":"warn","msg":"Slow block","block":{"number":4516,"hash":"0x071e8d4c2fdf6a89e40e3c070706a86585ebaccae42a3aed078f16551e5a95d8","gas_used":0,"tx_count":0},"timing":{"execution_ms":0.030777,"state_read_ms":11.039167,"state_hash_ms":0.002346,"commit_ms":0.133797,"total_ms":11.422114},"throughput":{"mgas_per_sec":0},"state_reads":{"accounts":4,"storage_slots":0,"code":0,"code_bytes":0},"state_writes":{"accounts":0,"accounts_deleted":0,"storage_slots":0,"storage_slots_deleted":0,"code":0,"code_bytes":0},"cache":{"account":{"hits":0,"misses":4,"hit_rate":0},"storage":{"hits":0,"misses":0,"hit_rate":0},"code":{"hits":0,"misses":0,"hit_rate":0,"hit_bytes":0,"miss_bytes":0}}}
INFO [06-01|11:12:05.457] Imported new potential chain segment     number=4516 hash=071e8d..5a95d8 blocks=1 txs=0 mgas=0.000 elapsed=11.623ms  mgasps=0.000 triediffs=21.84MiB triedirty=0.00B
INFO [06-01|11:12:05.457] Chain head was updated                   number=4516 hash=071e8d..5a95d8 root=d783e8..f2caca elapsed="53.901µs"
INFO [06-01|11:12:06.338] Submitted contract creation              hash=0x67379d760744d20dc6749b20a865a703be0a752a9d8ec198b1203e3254c00c79 from=0xf39Fd6e51aad88F6F4ce6aB8827279cffFb92266 nonce=1339 contract=0x54A8E10751B030aB6a6bC508eD6d0634947774dd value=0
INFO [06-01|11:12:06.338] Submitted transaction                    hash=0xff4309a43e848be50d60f63f74638e749ff35caadd5438ec2f3ea0ae145ff3bd from=0xf39Fd6e51aad88F6F4ce6aB8827279cffFb92266 nonce=1340 recipient=0xBAC5f0659d529C5B1121375FC2E318743e05A592 value=78,000,000
INFO [06-01|11:12:06.462] Starting work on payload                 id=0x03bea48979f59138
INFO [06-01|11:12:06.504] Updated payload                          id=0x03bea48979f59138 number=4517 hash=37ad54..cd33bc txs=2 withdrawals=0 gas=91710 fees=5.5026e-13 root=fbcf51..c9a9e5 elapsed=41.950ms
INFO [06-01|11:12:06.504] Stopping work on payload                 id=0x03bea48979f59138 reason=delivery
INFO [06-01|11:12:06.538] Paused snapshot generation
WARN [06-01|11:12:06.538] {"level":"warn","msg":"Slow block","block":{"number":4517,"hash":"0x37ad546f86fb3eaa6ada38c285b44896f3080fb969f3b4ac78090ee4f0cd33bc","gas_used":91710,"tx_count":2},"timing":{"execution_ms":0.105907,"state_read_ms":14.585249,"state_hash_ms":14.11261,"commit_ms":5.585581,"total_ms":34.579806},"throughput":{"mgas_per_sec":2.6521259257498437},"state_reads":{"accounts":11,"storage_slots":0,"code":0,"code_bytes":0},"state_writes":{"accounts":3,"accounts_deleted":0,"storage_slots":0,"storage_slots_deleted":0,"code":1,"code_bytes":305},"cache":{"account":{"hits":5,"misses":6,"hit_rate":45.45454545454545},"storage":{"hits":0,"misses":0,"hit_rate":0},"code":{"hits":0,"misses":0,"hit_rate":0,"hit_bytes":0,"miss_bytes":0}}}
INFO [06-01|11:12:06.539] Imported new potential chain segment     number=4517 hash=37ad54..cd33bc blocks=1 txs=2 mgas=0.092 elapsed=34.722ms   mgasps=2.641 triediffs=20.52MiB triedirty=0.00B
INFO [06-01|11:12:06.539] Chain head was updated                   number=4517 hash=37ad54..cd33bc root=fbcf51..c9a9e5 elapsed="142.375µs"
WARN [06-01|11:12:06.574] Snapshot generation is not permitted
INFO [06-01|11:12:07.353] Submitted transaction                    hash=0xd6493d77a0a5253a0244c45f2e30842810b19f5d172caba18705b5427a71120c from=0xBAC5f0659d529C5B1121375FC2E318743e05A592 nonce=0    recipient=0x54A8E10751B030aB6a6bC508eD6d0634947774dd value=0
INFO [06-01|11:12:07.550] Starting work on payload                 id=0x03093a98c54a6d9d
INFO [06-01|11:12:07.713] Updated payload                          id=0x03093a98c54a6d9d number=4518 hash=cd4571..af12de txs=1 withdrawals=0 gas=5,908,267 fees=3.5449602e-11 root=4fdc3d..815152 elapsed=162.783ms
INFO [06-01|11:12:07.713] Stopping work on payload                 id=0x03093a98c54a6d9d reason=delivery
INFO [06-01|11:12:07.801] Paused snapshot generation
WARN [06-01|11:12:07.802] {"level":"warn","msg":"Slow block","block":{"number":4518,"hash":"0xcd45715468a06c8623840c25928742c887fa510ff64027377eb1319219af12de","gas_used":5908267,"tx_count":1},"timing":{"execution_ms":62.225784,"state_read_ms":8.301933,"state_hash_ms":14.823631,"commit_ms":1.069506,"total_ms":88.30706},"throughput":{"mgas_per_sec":66.90594160874566},"state_reads":{"accounts":17,"storage_slots":723,"code":11,"code_bytes":585},"state_writes":{"accounts":3,"accounts_deleted":0,"storage_slots":85,"storage_slots_deleted":0,"code":0,"code_bytes":0},"cache":{"account":{"hits":7,"misses":10,"hit_rate":41.17647058823529},"storage":{"hits":535,"misses":188,"hit_rate":73.9972337482711},"code":{"hits":11,"misses":0,"hit_rate":100,"hit_bytes":585,"miss_bytes":0}}}
INFO [06-01|11:12:07.802] Imported new potential chain segment     number=4518 hash=cd4571..af12de blocks=1 txs=1 mgas=5.908 elapsed=88.478ms    mgasps=66.776 triediffs=20.55MiB triedirty=0.00B
INFO [06-01|11:12:07.802] Chain head was updated                   number=4518 hash=cd4571..af12de root=4fdc3d..815152 elapsed="93.141µs"
WARN [06-01|11:12:07.834] Snapshot generation is not permitted
INFO [06-01|11:12:08.368] Submitted transaction                    hash=0xc372affc3fc64cdbe87b066194bbc03c73a3d7be2f8ec920acbe7d6791a2dcb0 from=0xBAC5f0659d529C5B1121375FC2E318743e05A592 nonce=1    recipient=0xf39Fd6e51aad88F6F4ce6aB8827279cffFb92266 value=940,529
INFO [06-01|11:12:08.806] Starting work on payload                 id=0x038092bba1a9b10a
INFO [06-01|11:12:08.824] Updated payload                          id=0x038092bba1a9b10a number=4519 hash=d60eb4..eec193 txs=1 withdrawals=0 gas=21000     fees=2.1e-14       root=d70aa3..1fb6ee elapsed=17.515ms
INFO [06-01|11:12:08.824] Stopping work on payload                 id=0x038092bba1a9b10a reason=delivery
INFO [06-01|11:12:08.845] Paused snapshot generation
WARN [06-01|11:12:08.846] {"level":"warn","msg":"Slow block","block":{"number":4519,"hash":"0xd60eb4f7f8c64163cd73148fcba8a41c11d7ac4bfcfc169014f44b2120eec193","gas_used":21000,"tx_count":1},"timing":{"execution_ms":0.085253,"state_read_ms":1.406062,"state_hash_ms":18.116488,"commit_ms":1.13241,"total_ms":21.428641},"throughput":{"mgas_per_sec":0.9799968182769967},"state_reads":{"accounts":6,"storage_slots":0,"code":0,"code_bytes":0},"state_writes":{"accounts":2,"accounts_deleted":0,"storage_slots":0,"storage_slots_deleted":0,"code":0,"code_bytes":0},"cache":{"account":{"hits":2,"misses":4,"hit_rate":33.33333333333333},"storage":{"hits":0,"misses":0,"hit_rate":0},"code":{"hits":0,"misses":0,"hit_rate":0,"hit_bytes":0,"miss_bytes":0}}}
INFO [06-01|11:12:08.846] Imported new potential chain segment     number=4519 hash=d60eb4..eec193 blocks=1 txs=1 mgas=0.021 elapsed=21.590ms    mgasps=0.973  triediffs=20.54MiB triedirty=0.00B
INFO [06-01|11:12:08.846] Chain head was updated                   number=4519 hash=d60eb4..eec193 root=d70aa3..1fb6ee elapsed="74.251µs"
WARN [06-01|11:12:08.868] Snapshot generation is not permitted
