WARN [06-01|10:40:00.873] Unknown config environment variable      envvar=GETH_PBT_BIN
WARN [06-01|10:40:00.874] Unknown config environment variable      envvar=GETH_UBT_BIN
INFO [06-01|10:40:00.888] Starting Geth on Ethereum mainnet...
INFO [06-01|10:40:00.890] Maximum peer count                       ETH=0 total=0
INFO [06-01|10:40:00.891] Smartcard socket not found, disabling    err="stat /run/pcscd/pcscd.comm: no such file or directory"
WARN [06-01|10:40:00.894] Option --miner.etherbase is deprecated as the etherbase is set by the consensus client post-merge
WARN [06-01|10:40:00.896] Snap sync requested, resetting --cache.snapshot
INFO [06-01|10:40:00.896] Set global gas cap                       cap=50,000,000
INFO [06-01|10:40:01.781] Using developer account                  address=0xf39Fd6e51aad88F6F4ce6aB8827279cffFb92266
INFO [06-01|10:40:01.826] Using pebble as the backing database
INFO [06-01|10:40:01.826] Allocated cache and file handles         database=/mnt/state_expiry_vol_data/ubt-vs-pbt-dbs/ubt/geth/chaindata cache=16.00MiB handles=262,144
INFO [06-01|10:40:02.057] Opened ancient database                  database=/mnt/state_expiry_vol_data/ubt-vs-pbt-dbs/ubt/geth/chaindata/ancient/chain readonly=true
INFO [06-01|10:40:02.058] Opened Era store                         datadir=/mnt/state_expiry_vol_data/ubt-vs-pbt-dbs/ubt/geth/chaindata/ancient/chain/era
INFO [06-01|10:40:02.065] Initializing the KZG library             backend=gokzg
INFO [06-01|10:40:02.067] Allocated trie memory caches             clean=0.00B dirty=0.00B
INFO [06-01|10:40:02.077] Using pebble as the backing database
INFO [06-01|10:40:02.077] Allocated cache and file handles         database=/mnt/state_expiry_vol_data/ubt-vs-pbt-dbs/ubt/geth/chaindata cache=16.00MiB handles=262,144
INFO [06-01|10:40:02.263] Opened ancient database                  database=/mnt/state_expiry_vol_data/ubt-vs-pbt-dbs/ubt/geth/chaindata/ancient/chain readonly=false
INFO [06-01|10:40:02.263] Opened Era store                         datadir=/mnt/state_expiry_vol_data/ubt-vs-pbt-dbs/ubt/geth/chaindata/ancient/chain/era
INFO [06-01|10:40:02.270] State scheme set to already existing     scheme=path
INFO [06-01|10:40:02.273] Initialising Ethereum protocol           network=1337 dbversion=9
INFO [06-01|10:40:02.273] Load database journal from file          path=/mnt/state_expiry_vol_data/ubt-vs-pbt-dbs/ubt/geth/triedb/verkle.journal
INFO [06-01|10:40:02.336] Opened ancient database                  database=/mnt/state_expiry_vol_data/ubt-vs-pbt-dbs/ubt/geth/chaindata/ancient/state_verkle readonly=false
INFO [06-01|10:40:02.338] State snapshot generator is not compatible
INFO [06-01|10:40:02.338] Initialized path database                triecache=0.00B statecache=0.00B buffer=0.00B state-history="last 90000 blocks" journal-dir=/mnt/state_expiry_vol_data/ubt-vs-pbt-dbs/ubt/geth/triedb verkle=true
INFO [06-01|10:40:02.338] 
INFO [06-01|10:40:02.338] ---------------------------------------------------------------------------------------------------------------------------------------------------------
INFO [06-01|10:40:02.338] Chain ID:  1337 (unknown)
INFO [06-01|10:40:02.338] Consensus: unknown
INFO [06-01|10:40:02.338] 
INFO [06-01|10:40:02.338] Pre-Merge hard forks (block based):
INFO [06-01|10:40:02.338]  - Homestead:                   #0       
INFO [06-01|10:40:02.338]  - Tangerine Whistle (EIP 150): #0       
INFO [06-01|10:40:02.338]  - Spurious Dragon/1 (EIP 155): #0       
INFO [06-01|10:40:02.338]  - Spurious Dragon/2 (EIP 158): #0       
INFO [06-01|10:40:02.338]  - Byzantium:                   #0       
INFO [06-01|10:40:02.338]  - Constantinople:              #0       
INFO [06-01|10:40:02.338]  - Petersburg:                  #0       
INFO [06-01|10:40:02.338]  - Istanbul:                    #0       
INFO [06-01|10:40:02.338]  - Berlin:                      #0       
INFO [06-01|10:40:02.338]  - London:                      #0       
INFO [06-01|10:40:02.338]  - Arrow Glacier:               #0       
INFO [06-01|10:40:02.338]  - Gray Glacier:                #0       
INFO [06-01|10:40:02.338] 
INFO [06-01|10:40:02.338] Merge configured:
INFO [06-01|10:40:02.338]  - Total terminal difficulty:  0
INFO [06-01|10:40:02.338]  - Merge netsplit block:       #0       
INFO [06-01|10:40:02.338] 
INFO [06-01|10:40:02.338] Post-Merge hard forks (timestamp based):
INFO [06-01|10:40:02.338]  - Shanghai:                    @0         
INFO [06-01|10:40:02.338]  - Cancun:                      @0          blob: (target: 3, max: 6, fraction: 3338477)
INFO [06-01|10:40:02.338]  - Prague:                      @0          blob: (target: 6, max: 9, fraction: 5007716)
INFO [06-01|10:40:02.338]  - Osaka:                       @0          blob: (target: 6, max: 9, fraction: 5007716)
INFO [06-01|10:40:02.338]  - UBT:                         @0          blob: (nil)
INFO [06-01|10:40:02.338] 
INFO [06-01|10:40:02.338] All fork specifications can be found at https://ethereum.github.io/execution-specs/src/ethereum/forks/
INFO [06-01|10:40:02.338] 
INFO [06-01|10:40:02.338] ---------------------------------------------------------------------------------------------------------------------------------------------------------
INFO [06-01|10:40:02.338] 
INFO [06-01|10:40:02.339] Loaded most recent local block           number=3333 hash=750574..aa353e age=3s
INFO [06-01|10:40:02.339] Loaded most recent local finalized block number=3328 hash=9d6539..a47e1b age=9s
INFO [06-01|10:40:02.340] Initialized transaction indexer          range="last 2350000 blocks"
INFO [06-01|10:40:02.340] Initialized log indexer                  firstblock=0 lastblock=3333 firstmap=0 lastmap=0 headindexed=true
INFO [06-01|10:40:02.405] Enabled full-sync                        head=3333 hash=750574..aa353e
INFO [06-01|10:40:02.405] Unprotected transactions allowed
INFO [06-01|10:40:02.405] Gasprice oracle is ignoring threshold set threshold=2
INFO [06-01|10:40:02.406] Registered sync override service
WARN [06-01|10:40:02.406] You are running Geth in --dev mode. Please note the following:
WARN [06-01|10:40:02.406] 
WARN [06-01|10:40:02.406]   1. This mode is only intended for fast, iterative development without assumptions on
WARN [06-01|10:40:02.406]      security or persistence.
WARN [06-01|10:40:02.406]   2. The database is created in memory unless specified otherwise. Therefore, shutting down
WARN [06-01|10:40:02.406]      your computer or losing power will wipe your entire block data and chain state for
WARN [06-01|10:40:02.406]      your dev environment.
WARN [06-01|10:40:02.406]   3. A random, pre-allocated developer account will be available and unlocked as
WARN [06-01|10:40:02.406]      eth.coinbase, which can be used for testing. The random dev account is temporary,
WARN [06-01|10:40:02.406]      stored on a ramdisk, and will be lost if your machine is restarted.
WARN [06-01|10:40:02.406]   4. Mining is enabled by default. However, the client will only seal blocks if transactions
WARN [06-01|10:40:02.406]      are pending in the mempool. The miner's minimum accepted gas price is 1.
WARN [06-01|10:40:02.406]   5. Networking is disabled; there is no listen-address, the maximum number of peers is set
WARN [06-01|10:40:02.406]      to 0, and discovery is disabled.
WARN [06-01|10:40:02.406] 
INFO [06-01|10:40:02.406] Starting peer-to-peer node               instance=Geth/v1.17.3-unstable/linux-amd64/go1.24.9
WARN [06-01|10:40:02.406] P2P server will be useless, neither dialing nor listening
INFO [06-01|10:40:02.438] IPC endpoint opened                      url=/mnt/state_expiry_vol_data/ubt-vs-pbt-dbs/ubt/geth.ipc
ERROR[06-01|10:40:02.438] Unavailable modules in HTTP API list     unavailable=[personal] available="[admin debug web3 eth txpool miner net dev testing]"
INFO [06-01|10:40:02.438] New local node record                    seq=1,780,289,664,530 id=c084d8867e8cc127 ip=127.0.0.1 udp=0 tcp=0
INFO [06-01|10:40:02.438] Started P2P networking                   self=enode://ed0ccbffbfc0dc9f1b0f8e55d585ad3e61215b1974f32d9388e7ae53563e3ebe0172c21d754fa202c3a63f95bef3ff3ea24339ffdabd0115c47ec5b8d33136a9@127.0.0.1:0
INFO [06-01|10:40:02.439] HTTP server started                      endpoint=127.0.0.1:8545 auth=false prefix= cors= vhosts=localhost
INFO [06-01|10:40:02.439] WebSocket enabled                        url=ws://127.0.0.1:8546
INFO [06-01|10:40:02.704] Loaded local transaction journal         transactions=2457 dropped=0
INFO [06-01|10:40:03.727] Started log indexer
INFO [06-01|10:40:03.764] Starting work on payload                 id=0x034dc446314b376a
INFO [06-01|10:40:03.770] Updated payload                          id=0x034dc446314b376a number=3334 hash=f41b26..fc90b6 txs=0 withdrawals=0 gas=0 fees=0 root=40c9b5..3536b7 elapsed=5.882ms
INFO [06-01|10:40:03.770] Stopping work on payload                 id=0x034dc446314b376a reason=delivery
WARN [06-01|10:40:03.780] {"level":"warn","msg":"Slow block","block":{"number":3334,"hash":"0xf41b26f115c9219bcebe699ee63cfba5df17f2e9fea06f9763db25d54bfc90b6","gas_used":0,"tx_count":0},"timing":{"execution_ms":0.044908,"state_read_ms":9.291187,"state_hash_ms":0.002093,"commit_ms":0.289204,"total_ms":9.837943},"throughput":{"mgas_per_sec":0},"state_reads":{"accounts":4,"storage_slots":0,"code":0,"code_bytes":0},"state_writes":{"accounts":0,"accounts_deleted":0,"storage_slots":0,"storage_slots_deleted":0,"code":0,"code_bytes":0},"cache":{"account":{"hits":0,"misses":4,"hit_rate":0},"storage":{"hits":0,"misses":0,"hit_rate":0},"code":{"hits":0,"misses":0,"hit_rate":0,"hit_bytes":0,"miss_bytes":0}}}
INFO [06-01|10:40:03.780] Imported new potential chain segment     number=3334 hash=f41b26..fc90b6 blocks=1 txs=0 mgas=0.000 elapsed=10.211ms mgasps=0.000 triediffs=1.37MiB triedirty=0.00B
INFO [06-01|10:40:03.780] Chain head was updated                   number=3334 hash=f41b26..fc90b6 root=40c9b5..3536b7 elapsed="69.51µs"
INFO [06-01|10:40:04.791] Starting work on payload                 id=0x03e9af7dc25449d4
INFO [06-01|10:40:04.794] Updated payload                          id=0x03e9af7dc25449d4 number=3335 hash=dc4c73..717ece txs=0 withdrawals=0 gas=0 fees=0 root=40c9b5..3536b7 elapsed=2.906ms
INFO [06-01|10:40:04.794] Stopping work on payload                 id=0x03e9af7dc25449d4 reason=delivery
WARN [06-01|10:40:04.798] {"level":"warn","msg":"Slow block","block":{"number":3335,"hash":"0xdc4c7370dc0dd433748e4830abcdb53abe04575a17d8581bc2b9095d30717ece","gas_used":0,"tx_count":0},"timing":{"execution_ms":0.027042,"state_read_ms":2.979249,"state_hash_ms":0.001383,"commit_ms":0.122162,"total_ms":3.317629},"throughput":{"mgas_per_sec":0},"state_reads":{"accounts":4,"storage_slots":0,"code":0,"code_bytes":0},"state_writes":{"accounts":0,"accounts_deleted":0,"storage_slots":0,"storage_slots_deleted":0,"code":0,"code_bytes":0},"cache":{"account":{"hits":0,"misses":4,"hit_rate":0},"storage":{"hits":0,"misses":0,"hit_rate":0},"code":{"hits":0,"misses":0,"hit_rate":0,"hit_bytes":0,"miss_bytes":0}}}
INFO [06-01|10:40:04.798] Imported new potential chain segment     number=3335 hash=dc4c73..717ece blocks=1 txs=0 mgas=0.000 elapsed=3.466ms   mgasps=0.000 triediffs=1.37MiB triedirty=0.00B
INFO [06-01|10:40:04.798] Chain head was updated                   number=3335 hash=dc4c73..717ece root=40c9b5..3536b7 elapsed="47.143µs"
INFO [06-01|10:40:05.803] Starting work on payload                 id=0x03e07c3e9db6d185
INFO [06-01|10:40:05.821] Updated payload                          id=0x03e07c3e9db6d185 number=3336 hash=8c9a55..aab498 txs=0 withdrawals=0 gas=0 fees=0 root=40c9b5..3536b7 elapsed=18.009ms
INFO [06-01|10:40:05.821] Stopping work on payload                 id=0x03e07c3e9db6d185 reason=delivery
WARN [06-01|10:40:05.836] {"level":"warn","msg":"Slow block","block":{"number":3336,"hash":"0x8c9a5548233738584f848906ddc44938fdf3a833970e4ddb6f3cecf8aaaab498","gas_used":0,"tx_count":0},"timing":{"execution_ms":0.03186,"state_read_ms":14.371755,"state_hash_ms":0.002272,"commit_ms":0.146852,"total_ms":14.699446},"throughput":{"mgas_per_sec":0},"state_reads":{"accounts":4,"storage_slots":0,"code":0,"code_bytes":0},"state_writes":{"accounts":0,"accounts_deleted":0,"storage_slots":0,"storage_slots_deleted":0,"code":0,"code_bytes":0},"cache":{"account":{"hits":0,"misses":4,"hit_rate":0},"storage":{"hits":0,"misses":0,"hit_rate":0},"code":{"hits":0,"misses":0,"hit_rate":0,"hit_bytes":0,"miss_bytes":0}}}
INFO [06-01|10:40:05.836] Imported new potential chain segment     number=3336 hash=8c9a55..aab498 blocks=1 txs=0 mgas=0.000 elapsed=15.008ms   mgasps=0.000 triediffs=1.37MiB triedirty=0.00B
INFO [06-01|10:40:05.836] Chain head was updated                   number=3336 hash=8c9a55..aab498 root=40c9b5..3536b7 elapsed="50.433µs"
INFO [06-01|10:40:06.058] Submitted contract creation              hash=0x35e4d4c06ceff5535e08caad7620c8ffeaae39c9ec969514fd3e99a45e8d8d0d from=0xf39Fd6e51aad88F6F4ce6aB8827279cffFb92266 nonce=973 contract=0x88D3CAaD49fC2e8E38C812c5f4ACdd0a8B065F66 value=0
INFO [06-01|10:40:06.058] Submitted transaction                    hash=0x95fee29dd9b618b14791bd40f4811100b5388f79b2c12a328b9ed502cb9503c2 from=0xf39Fd6e51aad88F6F4ce6aB8827279cffFb92266 nonce=974 recipient=0x3494CE2b1A0dac22824dF27527215484346Ad2E5 value=78,000,000
INFO [06-01|10:40:06.841] Starting work on payload                 id=0x033fa10e31fd1df6
INFO [06-01|10:40:06.871] Updated payload                          id=0x033fa10e31fd1df6 number=3337 hash=2a7c8e..dee740 txs=2 withdrawals=0 gas=86120 fees=5.1672e-13 root=9393e1..a878f5 elapsed=29.757ms
INFO [06-01|10:40:06.871] Stopping work on payload                 id=0x033fa10e31fd1df6 reason=delivery
INFO [06-01|10:40:06.903] Paused snapshot generation
WARN [06-01|10:40:06.904] {"level":"warn","msg":"Slow block","block":{"number":3337,"hash":"0x2a7c8ecc177d6bb679718e07334ba72ec723ea409e3844e427a268b08adee740","gas_used":86120,"tx_count":2},"timing":{"execution_ms":0.13425,"state_read_ms":24.672515,"state_hash_ms":2.634221,"commit_ms":4.988501,"total_ms":32.578203},"throughput":{"mgas_per_sec":2.643485277564266},"state_reads":{"accounts":11,"storage_slots":0,"code":0,"code_bytes":0},"state_writes":{"accounts":3,"accounts_deleted":0,"storage_slots":0,"storage_slots_deleted":0,"code":1,"code_bytes":155},"cache":{"account":{"hits":5,"misses":6,"hit_rate":45.45454545454545},"storage":{"hits":0,"misses":0,"hit_rate":0},"code":{"hits":0,"misses":0,"hit_rate":0,"hit_bytes":0,"miss_bytes":0}}}
INFO [06-01|10:40:06.904] Imported new potential chain segment     number=3337 hash=2a7c8e..dee740 blocks=1 txs=2 mgas=0.086 elapsed=32.761ms   mgasps=2.629 triediffs=1.37MiB triedirty=0.00B
INFO [06-01|10:40:06.904] Chain head was updated                   number=3337 hash=2a7c8e..dee740 root=9393e1..a878f5 elapsed="169.931µs"
WARN [06-01|10:40:06.923] Snapshot generation is not permitted
INFO [06-01|10:40:07.070] Submitted transaction                    hash=0x65f7cea2eabe62c92f4e86b015cf179fc2a52a16b6ad2e9a726460dead2666dd from=0x3494CE2b1A0dac22824dF27527215484346Ad2E5 nonce=0   recipient=0x88D3CAaD49fC2e8E38C812c5f4ACdd0a8B065F66 value=0
INFO [06-01|10:40:07.909] Starting work on payload                 id=0x0382267eb4723a67
INFO [06-01|10:40:08.093] Updated payload                          id=0x0382267eb4723a67 number=3338 hash=54b966..598cc4 txs=1 withdrawals=0 gas=5,900,418 fees=3.5402508e-11 root=012cf4..b3db8f elapsed=184.322ms
INFO [06-01|10:40:08.093] Stopping work on payload                 id=0x0382267eb4723a67 reason=delivery
INFO [06-01|10:40:08.238] Paused snapshot generation
WARN [06-01|10:40:08.238] {"level":"warn","msg":"Slow block","block":{"number":3338,"hash":"0x54b9667052a8408d3e8dfe335e87e1a09b93d19316cf8fb17bab44f2b7598cc4","gas_used":5900418,"tx_count":1},"timing":{"execution_ms":132.659428,"state_read_ms":8.951292,"state_hash_ms":2.441519,"commit_ms":0.6465,"total_ms":144.895411},"throughput":{"mgas_per_sec":40.721910785704594},"state_reads":{"accounts":8,"storage_slots":258,"code":2,"code_bytes":183},"state_writes":{"accounts":2,"accounts_deleted":0,"storage_slots":0,"storage_slots_deleted":0,"code":0,"code_bytes":0},"cache":{"account":{"hits":4,"misses":4,"hit_rate":50},"storage":{"hits":83,"misses":175,"hit_rate":32.17054263565892},"code":{"hits":2,"misses":0,"hit_rate":100,"hit_bytes":183,"miss_bytes":0}}}
INFO [06-01|10:40:08.239] Imported new potential chain segment     number=3338 hash=54b966..598cc4 blocks=1 txs=1 mgas=5.900 elapsed=145.104ms   mgasps=40.663 triediffs=1.37MiB triedirty=0.00B
INFO [06-01|10:40:08.239] Chain head was updated                   number=3338 hash=54b966..598cc4 root=012cf4..b3db8f elapsed="82.944µs"
WARN [06-01|10:40:08.258] Snapshot generation is not permitted
INFO [06-01|10:40:09.087] Submitted transaction                    hash=0x47a603203b2451ff99258f54f88fd424d6112a7fbc7ea5ae97ec1c756b32aaa0 from=0x3494CE2b1A0dac22824dF27527215484346Ad2E5 nonce=1   recipient=0xf39Fd6e51aad88F6F4ce6aB8827279cffFb92266 value=1,042,566
INFO [06-01|10:40:09.243] Starting work on payload                 id=0x03412e153c7095d7
INFO [06-01|10:40:09.275] Updated payload                          id=0x03412e153c7095d7 number=3339 hash=e4adf9..d8bf66 txs=1 withdrawals=0 gas=21000     fees=2.1e-14       root=00c4d9..7b3496 elapsed=31.429ms
INFO [06-01|10:40:09.275] Stopping work on payload                 id=0x03412e153c7095d7 reason=delivery
INFO [06-01|10:40:09.303] Paused snapshot generation
WARN [06-01|10:40:09.304] {"level":"warn","msg":"Slow block","block":{"number":3339,"hash":"0xe4adf9b5db511cdcef0f513f05f969644b042bb98fa7eaddf131f690e4d8bf66","gas_used":21000,"tx_count":1},"timing":{"execution_ms":0.056385,"state_read_ms":13.717062,"state_hash_ms":13.700561,"commit_ms":0.700198,"total_ms":28.358446},"throughput":{"mgas_per_sec":0.7405201258207167},"state_reads":{"accounts":6,"storage_slots":0,"code":0,"code_bytes":0},"state_writes":{"accounts":2,"accounts_deleted":0,"storage_slots":0,"storage_slots_deleted":0,"code":0,"code_bytes":0},"cache":{"account":{"hits":2,"misses":4,"hit_rate":33.33333333333333},"storage":{"hits":0,"misses":0,"hit_rate":0},"code":{"hits":0,"misses":0,"hit_rate":0,"hit_bytes":0,"miss_bytes":0}}}
INFO [06-01|10:40:09.304] Imported new potential chain segment     number=3339 hash=e4adf9..d8bf66 blocks=1 txs=1 mgas=0.021 elapsed=28.509ms    mgasps=0.737  triediffs=1.37MiB triedirty=0.00B
INFO [06-01|10:40:09.304] Chain head was updated                   number=3339 hash=e4adf9..d8bf66 root=00c4d9..7b3496 elapsed="83.355µs"
WARN [06-01|10:40:09.338] Snapshot generation is not permitted
INFO [06-01|10:40:10.331] Starting work on payload                 id=0x03badbfb2ace2b60
INFO [06-01|10:40:10.334] Updated payload                          id=0x03badbfb2ace2b60 number=3340 hash=e98093..f704a2 txs=0 withdrawals=0 gas=0         fees=0             root=00c4d9..7b3496 elapsed=3.431ms
INFO [06-01|10:40:10.334] Stopping work on payload                 id=0x03badbfb2ace2b60 reason=delivery
WARN [06-01|10:40:10.338] {"level":"warn","msg":"Slow block","block":{"number":3340,"hash":"0xe980932635e7bccab2c7332de4b34d86c42fceba29dc2ebd52200f5f23f704a2","gas_used":0,"tx_count":0},"timing":{"execution_ms":0.022935,"state_read_ms":2.983659,"state_hash_ms":0.001687,"commit_ms":0.147136,"total_ms":3.310282},"throughput":{"mgas_per_sec":0},"state_reads":{"accounts":4,"storage_slots":0,"code":0,"code_bytes":0},"state_writes":{"accounts":0,"accounts_deleted":0,"storage_slots":0,"storage_slots_deleted":0,"code":0,"code_bytes":0},"cache":{"account":{"hits":0,"misses":4,"hit_rate":0},"storage":{"hits":0,"misses":0,"hit_rate":0},"code":{"hits":0,"misses":0,"hit_rate":0,"hit_bytes":0,"miss_bytes":0}}}
INFO [06-01|10:40:10.338] Imported new potential chain segment     number=3340 hash=e98093..f704a2 blocks=1 txs=0 mgas=0.000 elapsed=3.427ms     mgasps=0.000  triediffs=1.37MiB triedirty=0.00B
INFO [06-01|10:40:10.339] Chain head was updated                   number=3340 hash=e98093..f704a2 root=00c4d9..7b3496 elapsed="44.445µs"
