WARN [06-01|10:47:54.781] Unknown config environment variable      envvar=GETH_PBT_BIN
WARN [06-01|10:47:54.782] Unknown config environment variable      envvar=GETH_UBT_BIN
INFO [06-01|10:47:54.793] Starting Geth on Ethereum mainnet...
INFO [06-01|10:47:54.795] Maximum peer count                       ETH=0 total=0
INFO [06-01|10:47:54.796] Smartcard socket not found, disabling    err="stat /run/pcscd/pcscd.comm: no such file or directory"
WARN [06-01|10:47:54.799] Option --miner.etherbase is deprecated as the etherbase is set by the consensus client post-merge
WARN [06-01|10:47:54.801] Snap sync requested, resetting --cache.snapshot
INFO [06-01|10:47:54.801] Set global gas cap                       cap=50,000,000
INFO [06-01|10:47:55.612] Using developer account                  address=0xf39Fd6e51aad88F6F4ce6aB8827279cffFb92266
INFO [06-01|10:47:55.660] Using pebble as the backing database
INFO [06-01|10:47:55.660] Allocated cache and file handles         database=/mnt/state_expiry_vol_data/ubt-vs-pbt-dbs/ubt/geth/chaindata cache=16.00MiB handles=262,144
INFO [06-01|10:47:55.888] Opened ancient database                  database=/mnt/state_expiry_vol_data/ubt-vs-pbt-dbs/ubt/geth/chaindata/ancient/chain readonly=true
INFO [06-01|10:47:55.888] Opened Era store                         datadir=/mnt/state_expiry_vol_data/ubt-vs-pbt-dbs/ubt/geth/chaindata/ancient/chain/era
INFO [06-01|10:47:55.896] Initializing the KZG library             backend=gokzg
INFO [06-01|10:47:55.898] Allocated trie memory caches             clean=0.00B dirty=0.00B
INFO [06-01|10:47:55.906] Using pebble as the backing database
INFO [06-01|10:47:55.906] Allocated cache and file handles         database=/mnt/state_expiry_vol_data/ubt-vs-pbt-dbs/ubt/geth/chaindata cache=16.00MiB handles=262,144
INFO [06-01|10:47:56.107] Opened ancient database                  database=/mnt/state_expiry_vol_data/ubt-vs-pbt-dbs/ubt/geth/chaindata/ancient/chain readonly=false
INFO [06-01|10:47:56.107] Opened Era store                         datadir=/mnt/state_expiry_vol_data/ubt-vs-pbt-dbs/ubt/geth/chaindata/ancient/chain/era
INFO [06-01|10:47:56.113] State scheme set to already existing     scheme=path
INFO [06-01|10:47:56.113] Initialising Ethereum protocol           network=1337 dbversion=9
INFO [06-01|10:47:56.114] Load database journal from file          path=/mnt/state_expiry_vol_data/ubt-vs-pbt-dbs/ubt/geth/triedb/verkle.journal
INFO [06-01|10:47:56.176] Opened ancient database                  database=/mnt/state_expiry_vol_data/ubt-vs-pbt-dbs/ubt/geth/chaindata/ancient/state_verkle readonly=false
INFO [06-01|10:47:56.179] State snapshot generator is not compatible
INFO [06-01|10:47:56.179] Initialized path database                triecache=0.00B statecache=0.00B buffer=0.00B state-history="last 90000 blocks" journal-dir=/mnt/state_expiry_vol_data/ubt-vs-pbt-dbs/ubt/geth/triedb verkle=true
INFO [06-01|10:47:56.179] 
INFO [06-01|10:47:56.179] ---------------------------------------------------------------------------------------------------------------------------------------------------------
INFO [06-01|10:47:56.179] Chain ID:  1337 (unknown)
INFO [06-01|10:47:56.179] Consensus: unknown
INFO [06-01|10:47:56.179] 
INFO [06-01|10:47:56.179] Pre-Merge hard forks (block based):
INFO [06-01|10:47:56.179]  - Homestead:                   #0       
INFO [06-01|10:47:56.179]  - Tangerine Whistle (EIP 150): #0       
INFO [06-01|10:47:56.179]  - Spurious Dragon/1 (EIP 155): #0       
INFO [06-01|10:47:56.179]  - Spurious Dragon/2 (EIP 158): #0       
INFO [06-01|10:47:56.179]  - Byzantium:                   #0       
INFO [06-01|10:47:56.179]  - Constantinople:              #0       
INFO [06-01|10:47:56.179]  - Petersburg:                  #0       
INFO [06-01|10:47:56.179]  - Istanbul:                    #0       
INFO [06-01|10:47:56.179]  - Berlin:                      #0       
INFO [06-01|10:47:56.179]  - London:                      #0       
INFO [06-01|10:47:56.179]  - Arrow Glacier:               #0       
INFO [06-01|10:47:56.179]  - Gray Glacier:                #0       
INFO [06-01|10:47:56.179] 
INFO [06-01|10:47:56.179] Merge configured:
INFO [06-01|10:47:56.179]  - Total terminal difficulty:  0
INFO [06-01|10:47:56.179]  - Merge netsplit block:       #0       
INFO [06-01|10:47:56.179] 
INFO [06-01|10:47:56.179] Post-Merge hard forks (timestamp based):
INFO [06-01|10:47:56.179]  - Shanghai:                    @0         
INFO [06-01|10:47:56.179]  - Cancun:                      @0          blob: (target: 3, max: 6, fraction: 3338477)
INFO [06-01|10:47:56.179]  - Prague:                      @0          blob: (target: 6, max: 9, fraction: 5007716)
INFO [06-01|10:47:56.179]  - Osaka:                       @0          blob: (target: 6, max: 9, fraction: 5007716)
INFO [06-01|10:47:56.179]  - UBT:                         @0          blob: (nil)
INFO [06-01|10:47:56.179] 
INFO [06-01|10:47:56.179] All fork specifications can be found at https://ethereum.github.io/execution-specs/src/ethereum/forks/
INFO [06-01|10:47:56.179] 
INFO [06-01|10:47:56.179] ---------------------------------------------------------------------------------------------------------------------------------------------------------
INFO [06-01|10:47:56.179] 
INFO [06-01|10:47:56.181] Loaded most recent local block           number=3635 hash=d949fb..828b82 age=3s
INFO [06-01|10:47:56.181] Loaded most recent local finalized block number=3616 hash=7f62bd..d336e3 age=30s
INFO [06-01|10:47:56.182] Initialized transaction indexer          range="last 2350000 blocks"
INFO [06-01|10:47:56.182] Initialized log indexer                  firstblock=0 lastblock=3635 firstmap=0 lastmap=0 headindexed=true
INFO [06-01|10:47:56.252] Enabled full-sync                        head=3635 hash=d949fb..828b82
INFO [06-01|10:47:56.252] Unprotected transactions allowed
INFO [06-01|10:47:56.252] Gasprice oracle is ignoring threshold set threshold=2
INFO [06-01|10:47:56.253] Registered sync override service
WARN [06-01|10:47:56.253] You are running Geth in --dev mode. Please note the following:
WARN [06-01|10:47:56.253] 
WARN [06-01|10:47:56.253]   1. This mode is only intended for fast, iterative development without assumptions on
WARN [06-01|10:47:56.253]      security or persistence.
WARN [06-01|10:47:56.253]   2. The database is created in memory unless specified otherwise. Therefore, shutting down
WARN [06-01|10:47:56.253]      your computer or losing power will wipe your entire block data and chain state for
WARN [06-01|10:47:56.253]      your dev environment.
WARN [06-01|10:47:56.253]   3. A random, pre-allocated developer account will be available and unlocked as
WARN [06-01|10:47:56.253]      eth.coinbase, which can be used for testing. The random dev account is temporary,
WARN [06-01|10:47:56.253]      stored on a ramdisk, and will be lost if your machine is restarted.
WARN [06-01|10:47:56.253]   4. Mining is enabled by default. However, the client will only seal blocks if transactions
WARN [06-01|10:47:56.253]      are pending in the mempool. The miner's minimum accepted gas price is 1.
WARN [06-01|10:47:56.253]   5. Networking is disabled; there is no listen-address, the maximum number of peers is set
WARN [06-01|10:47:56.253]      to 0, and discovery is disabled.
WARN [06-01|10:47:56.253] 
INFO [06-01|10:47:56.253] Starting peer-to-peer node               instance=Geth/v1.17.3-unstable/linux-amd64/go1.24.9
WARN [06-01|10:47:56.253] P2P server will be useless, neither dialing nor listening
INFO [06-01|10:47:56.293] IPC endpoint opened                      url=/mnt/state_expiry_vol_data/ubt-vs-pbt-dbs/ubt/geth.ipc
ERROR[06-01|10:47:56.293] Unavailable modules in HTTP API list     unavailable=[personal] available="[admin debug web3 eth txpool miner net dev testing]"
INFO [06-01|10:47:56.293] New local node record                    seq=1,780,289,664,574 id=c084d8867e8cc127 ip=127.0.0.1 udp=0 tcp=0
INFO [06-01|10:47:56.293] Started P2P networking                   self=enode://ed0ccbffbfc0dc9f1b0f8e55d585ad3e61215b1974f32d9388e7ae53563e3ebe0172c21d754fa202c3a63f95bef3ff3ea24339ffdabd0115c47ec5b8d33136a9@127.0.0.1:0
INFO [06-01|10:47:56.293] HTTP server started                      endpoint=127.0.0.1:8545 auth=false prefix= cors= vhosts=localhost
INFO [06-01|10:47:56.293] WebSocket enabled                        url=ws://127.0.0.1:8546
INFO [06-01|10:47:56.596] Loaded local transaction journal         transactions=2633 dropped=0
INFO [06-01|10:47:57.623] Started log indexer
INFO [06-01|10:47:57.662] Starting work on payload                 id=0x0330235003a7628a
INFO [06-01|10:47:57.673] Updated payload                          id=0x0330235003a7628a number=3636 hash=e6e961..4cc5c0 txs=0 withdrawals=0 gas=0 fees=0 root=8e3db1..97e016 elapsed=11.306ms
INFO [06-01|10:47:57.673] Stopping work on payload                 id=0x0330235003a7628a reason=delivery
WARN [06-01|10:47:57.678] {"level":"warn","msg":"Slow block","block":{"number":3636,"hash":"0xe6e96163a92aff509a99d7e6c982bb65a16d7e37bf680b17d5880ca0e04cc5c0","gas_used":0,"tx_count":0},"timing":{"execution_ms":0.053399,"state_read_ms":3.585335,"state_hash_ms":0.001973,"commit_ms":0.218041,"total_ms":4.048071},"throughput":{"mgas_per_sec":0},"state_reads":{"accounts":4,"storage_slots":0,"code":0,"code_bytes":0},"state_writes":{"accounts":0,"accounts_deleted":0,"storage_slots":0,"storage_slots_deleted":0,"code":0,"code_bytes":0},"cache":{"account":{"hits":0,"misses":4,"hit_rate":0},"storage":{"hits":0,"misses":0,"hit_rate":0},"code":{"hits":0,"misses":0,"hit_rate":0,"hit_bytes":0,"miss_bytes":0}}}
INFO [06-01|10:47:57.678] Imported new potential chain segment     number=3636 hash=e6e961..4cc5c0 blocks=1 txs=0 mgas=0.000 elapsed=4.332ms  mgasps=0.000 triediffs=1.36MiB triedirty=0.00B
INFO [06-01|10:47:57.678] Chain head was updated                   number=3636 hash=e6e961..4cc5c0 root=8e3db1..97e016 elapsed="62.289µs"
INFO [06-01|10:47:58.687] Starting work on payload                 id=0x03d9a91239bb1c58
INFO [06-01|10:47:58.699] Updated payload                          id=0x03d9a91239bb1c58 number=3637 hash=d96e77..5e9dd3 txs=0 withdrawals=0 gas=0 fees=0 root=8e3db1..97e016 elapsed=12.646ms
INFO [06-01|10:47:58.699] Stopping work on payload                 id=0x03d9a91239bb1c58 reason=delivery
WARN [06-01|10:47:58.703] {"level":"warn","msg":"Slow block","block":{"number":3637,"hash":"0xd96e7702a17ecb8f0f41be5374246b78bd52d876756508aa226faddaf75e9dd3","gas_used":0,"tx_count":0},"timing":{"execution_ms":0.036312,"state_read_ms":3.148003,"state_hash_ms":0.001811,"commit_ms":0.121171,"total_ms":3.473114},"throughput":{"mgas_per_sec":0},"state_reads":{"accounts":4,"storage_slots":0,"code":0,"code_bytes":0},"state_writes":{"accounts":0,"accounts_deleted":0,"storage_slots":0,"storage_slots_deleted":0,"code":0,"code_bytes":0},"cache":{"account":{"hits":0,"misses":4,"hit_rate":0},"storage":{"hits":0,"misses":0,"hit_rate":0},"code":{"hits":0,"misses":0,"hit_rate":0,"hit_bytes":0,"miss_bytes":0}}}
INFO [06-01|10:47:58.703] Imported new potential chain segment     number=3637 hash=d96e77..5e9dd3 blocks=1 txs=0 mgas=0.000 elapsed=3.666ms    mgasps=0.000 triediffs=1.36MiB triedirty=0.00B
INFO [06-01|10:47:58.703] Chain head was updated                   number=3637 hash=d96e77..5e9dd3 root=8e3db1..97e016 elapsed="66.858µs"
INFO [06-01|10:47:59.725] Starting work on payload                 id=0x036d5e26e4b9f72d
INFO [06-01|10:47:59.739] Updated payload                          id=0x036d5e26e4b9f72d number=3638 hash=1b2297..941f69 txs=0 withdrawals=0 gas=0 fees=0 root=8e3db1..97e016 elapsed=14.543ms
INFO [06-01|10:47:59.739] Stopping work on payload                 id=0x036d5e26e4b9f72d reason=delivery
WARN [06-01|10:47:59.754] {"level":"warn","msg":"Slow block","block":{"number":3638,"hash":"0x1b22976bef97b5c2b17e45c2ab46507ab7efb392282bfc655ed848062e941f69","gas_used":0,"tx_count":0},"timing":{"execution_ms":0.023992,"state_read_ms":14.338619,"state_hash_ms":0.001725,"commit_ms":0.136911,"total_ms":14.658246},"throughput":{"mgas_per_sec":0},"state_reads":{"accounts":4,"storage_slots":0,"code":0,"code_bytes":0},"state_writes":{"accounts":0,"accounts_deleted":0,"storage_slots":0,"storage_slots_deleted":0,"code":0,"code_bytes":0},"cache":{"account":{"hits":0,"misses":4,"hit_rate":0},"storage":{"hits":0,"misses":0,"hit_rate":0},"code":{"hits":0,"misses":0,"hit_rate":0,"hit_bytes":0,"miss_bytes":0}}}
INFO [06-01|10:47:59.754] Imported new potential chain segment     number=3638 hash=1b2297..941f69 blocks=1 txs=0 mgas=0.000 elapsed=14.809ms   mgasps=0.000 triediffs=1.36MiB triedirty=0.00B
INFO [06-01|10:47:59.754] Chain head was updated                   number=3638 hash=1b2297..941f69 root=8e3db1..97e016 elapsed="73.934µs"
INFO [06-01|10:47:59.893] Submitted contract creation              hash=0xaddabca323221c0ea2f574ddddcd9b1009faa04376ec7c497fe37aa6ce7ec19e from=0xf39Fd6e51aad88F6F4ce6aB8827279cffFb92266 nonce=1061 contract=0x33CDe30fF16bC06D9b94987a8269B69DBF321937 value=0
INFO [06-01|10:47:59.893] Submitted transaction                    hash=0x31a143342a6398652d298388f863e50356fb44fa03c2eef80a38636490014103 from=0xf39Fd6e51aad88F6F4ce6aB8827279cffFb92266 nonce=1062 recipient=0xA55d451BBdcD5A959cA6EB25ac40B7A9643Fe686 value=78,000,000
INFO [06-01|10:48:00.776] Starting work on payload                 id=0x03f42dc0f57ac213
INFO [06-01|10:48:00.821] Updated payload                          id=0x03f42dc0f57ac213 number=3639 hash=545bcf..ec0da1 txs=2 withdrawals=0 gas=86852 fees=5.21112e-13 root=6d5dfe..c795d4 elapsed=44.914ms
INFO [06-01|10:48:00.821] Stopping work on payload                 id=0x03f42dc0f57ac213 reason=delivery
INFO [06-01|10:48:00.856] Paused snapshot generation
WARN [06-01|10:48:00.856] {"level":"warn","msg":"Slow block","block":{"number":3639,"hash":"0x545bcfa96e5d1e02e89ea3e48cb3fc6a83e8978c5f0de9043ccf3f0688ec0da1","gas_used":86852,"tx_count":2},"timing":{"execution_ms":0.129442,"state_read_ms":14.372681,"state_hash_ms":15.286696,"commit_ms":5.108596,"total_ms":35.073073},"throughput":{"mgas_per_sec":2.47631566244566},"state_reads":{"accounts":11,"storage_slots":0,"code":0,"code_bytes":0},"state_writes":{"accounts":3,"accounts_deleted":0,"storage_slots":0,"storage_slots_deleted":0,"code":1,"code_bytes":157},"cache":{"account":{"hits":5,"misses":6,"hit_rate":45.45454545454545},"storage":{"hits":0,"misses":0,"hit_rate":0},"code":{"hits":0,"misses":0,"hit_rate":0,"hit_bytes":0,"miss_bytes":0}}}
INFO [06-01|10:48:00.856] Imported new potential chain segment     number=3639 hash=545bcf..ec0da1 blocks=1 txs=2 mgas=0.087 elapsed=35.229ms   mgasps=2.465 triediffs=1.37MiB triedirty=0.00B
INFO [06-01|10:48:00.857] Chain head was updated                   number=3639 hash=545bcf..ec0da1 root=6d5dfe..c795d4 elapsed="142.423µs"
WARN [06-01|10:48:00.875] Snapshot generation is not permitted
INFO [06-01|10:48:00.904] Submitted transaction                    hash=0x53e5b1167573891cc1ba9b5aaf4d93c367b67e9f6d4771e2bec33c8c96786c2f from=0xA55d451BBdcD5A959cA6EB25ac40B7A9643Fe686 nonce=0    recipient=0x33CDe30fF16bC06D9b94987a8269B69DBF321937 value=0
INFO [06-01|10:48:01.876] Starting work on payload                 id=0x03e2e459567ab3fc
INFO [06-01|10:48:02.048] Updated payload                          id=0x03e2e459567ab3fc number=3640 hash=7c76e6..f55a5d txs=1 withdrawals=0 gas=5,900,240 fees=3.540144e-11 root=f91196..0db059 elapsed=172.585ms
INFO [06-01|10:48:02.049] Stopping work on payload                 id=0x03e2e459567ab3fc reason=delivery
INFO [06-01|10:48:02.174] Paused snapshot generation
WARN [06-01|10:48:02.174] {"level":"warn","msg":"Slow block","block":{"number":3640,"hash":"0x7c76e6d9b698fc220a2d78db25ae5ba7162df22cab3fd6795ec9d7305cf55a5d","gas_used":5900240,"tx_count":1},"timing":{"execution_ms":113.078425,"state_read_ms":7.670369,"state_hash_ms":2.426545,"commit_ms":0.880023,"total_ms":124.507518},"throughput":{"mgas_per_sec":47.38862435600073},"state_reads":{"accounts":107,"storage_slots":258,"code":101,"code_bytes":2957},"state_writes":{"accounts":2,"accounts_deleted":0,"storage_slots":0,"storage_slots_deleted":0,"code":0,"code_bytes":0},"cache":{"account":{"hits":30,"misses":77,"hit_rate":28.037383177570092},"storage":{"hits":92,"misses":166,"hit_rate":35.65891472868217},"code":{"hits":101,"misses":0,"hit_rate":100,"hit_bytes":2957,"miss_bytes":0}}}
INFO [06-01|10:48:02.174] Imported new potential chain segment     number=3640 hash=7c76e6..f55a5d blocks=1 txs=1 mgas=5.900 elapsed=125.128ms   mgasps=47.153 triediffs=1.37MiB triedirty=0.00B
INFO [06-01|10:48:02.174] Chain head was updated                   number=3640 hash=7c76e6..f55a5d root=f91196..0db059 elapsed="108.017µs"
WARN [06-01|10:48:02.205] Snapshot generation is not permitted
INFO [06-01|10:48:02.923] Submitted transaction                    hash=0xfa6690c1df108e82fadf8214637d19b5b2add3528f9ea6553aecbf3150017d61 from=0xA55d451BBdcD5A959cA6EB25ac40B7A9643Fe686 nonce=1    recipient=0xf39Fd6e51aad88F6F4ce6aB8827279cffFb92266 value=1,044,880
INFO [06-01|10:48:03.179] Starting work on payload                 id=0x031e63ed5123d103
INFO [06-01|10:48:03.195] Updated payload                          id=0x031e63ed5123d103 number=3641 hash=d58424..d5528c txs=1 withdrawals=0 gas=21000     fees=2.1e-14      root=6461e4..dae3ba elapsed=15.176ms
INFO [06-01|10:48:03.195] Stopping work on payload                 id=0x031e63ed5123d103 reason=delivery
INFO [06-01|10:48:03.214] Paused snapshot generation
WARN [06-01|10:48:03.214] {"level":"warn","msg":"Slow block","block":{"number":3641,"hash":"0xd5842452398a4687e58e4b96b7ee09b52f2b12cae0c0051842a5e47a3fd5528c","gas_used":21000,"tx_count":1},"timing":{"execution_ms":0.08081,"state_read_ms":8.352949,"state_hash_ms":9.755107,"commit_ms":0.623651,"total_ms":19.027417},"throughput":{"mgas_per_sec":1.1036705612748172},"state_reads":{"accounts":6,"storage_slots":0,"code":0,"code_bytes":0},"state_writes":{"accounts":2,"accounts_deleted":0,"storage_slots":0,"storage_slots_deleted":0,"code":0,"code_bytes":0},"cache":{"account":{"hits":2,"misses":4,"hit_rate":33.33333333333333},"storage":{"hits":0,"misses":0,"hit_rate":0},"code":{"hits":0,"misses":0,"hit_rate":0,"hit_bytes":0,"miss_bytes":0}}}
INFO [06-01|10:48:03.214] Imported new potential chain segment     number=3641 hash=d58424..d5528c blocks=1 txs=1 mgas=0.021 elapsed=19.210ms    mgasps=1.093  triediffs=1.36MiB triedirty=0.00B
INFO [06-01|10:48:03.214] Chain head was updated                   number=3641 hash=d58424..d5528c root=6461e4..dae3ba elapsed="75.182µs"
WARN [06-01|10:48:03.233] Snapshot generation is not permitted
INFO [06-01|10:48:04.219] Starting work on payload                 id=0x03c076dd2ec50cdf
INFO [06-01|10:48:04.222] Updated payload                          id=0x03c076dd2ec50cdf number=3642 hash=300a73..a75479 txs=0 withdrawals=0 gas=0         fees=0            root=6461e4..dae3ba elapsed=3.165ms
INFO [06-01|10:48:04.222] Stopping work on payload                 id=0x03c076dd2ec50cdf reason=delivery
WARN [06-01|10:48:04.226] {"level":"warn","msg":"Slow block","block":{"number":3642,"hash":"0x300a7372a675a997cc923d8ad637e53e22f3abd62429857b6a00f76356a75479","gas_used":0,"tx_count":0},"timing":{"execution_ms":0.022899,"state_read_ms":2.632059,"state_hash_ms":0.001629,"commit_ms":0.201775,"total_ms":3.001941},"throughput":{"mgas_per_sec":0},"state_reads":{"accounts":4,"storage_slots":0,"code":0,"code_bytes":0},"state_writes":{"accounts":0,"accounts_deleted":0,"storage_slots":0,"storage_slots_deleted":0,"code":0,"code_bytes":0},"cache":{"account":{"hits":0,"misses":4,"hit_rate":0},"storage":{"hits":0,"misses":0,"hit_rate":0},"code":{"hits":0,"misses":0,"hit_rate":0,"hit_bytes":0,"miss_bytes":0}}}
INFO [06-01|10:48:04.226] Imported new potential chain segment     number=3642 hash=300a73..a75479 blocks=1 txs=0 mgas=0.000 elapsed=3.750ms     mgasps=0.000  triediffs=1.36MiB triedirty=0.00B
INFO [06-01|10:48:04.226] Chain head was updated                   number=3642 hash=300a73..a75479 root=6461e4..dae3ba elapsed="41.634µs"
