WARN [06-01|10:52:22.153] Unknown config environment variable      envvar=GETH_PBT_BIN
WARN [06-01|10:52:22.153] Unknown config environment variable      envvar=GETH_UBT_BIN
INFO [06-01|10:52:22.168] Starting Geth on Ethereum mainnet...
INFO [06-01|10:52:22.169] Maximum peer count                       ETH=0 total=0
INFO [06-01|10:52:22.171] Smartcard socket not found, disabling    err="stat /run/pcscd/pcscd.comm: no such file or directory"
WARN [06-01|10:52:22.173] Option --miner.etherbase is deprecated as the etherbase is set by the consensus client post-merge
WARN [06-01|10:52:22.175] Snap sync requested, resetting --cache.snapshot
INFO [06-01|10:52:22.175] Set global gas cap                       cap=50,000,000
INFO [06-01|10:52:22.987] Using developer account                  address=0xf39Fd6e51aad88F6F4ce6aB8827279cffFb92266
INFO [06-01|10:52:23.029] Using pebble as the backing database
INFO [06-01|10:52:23.029] Allocated cache and file handles         database=/mnt/state_expiry_vol_data/ubt-vs-pbt-dbs/ubt/geth/chaindata cache=16.00MiB handles=262,144
INFO [06-01|10:52:23.258] Opened ancient database                  database=/mnt/state_expiry_vol_data/ubt-vs-pbt-dbs/ubt/geth/chaindata/ancient/chain readonly=true
INFO [06-01|10:52:23.258] Opened Era store                         datadir=/mnt/state_expiry_vol_data/ubt-vs-pbt-dbs/ubt/geth/chaindata/ancient/chain/era
INFO [06-01|10:52:23.265] Initializing the KZG library             backend=gokzg
INFO [06-01|10:52:23.267] Allocated trie memory caches             clean=0.00B dirty=0.00B
INFO [06-01|10:52:23.278] Using pebble as the backing database
INFO [06-01|10:52:23.278] Allocated cache and file handles         database=/mnt/state_expiry_vol_data/ubt-vs-pbt-dbs/ubt/geth/chaindata cache=16.00MiB handles=262,144
INFO [06-01|10:52:23.468] Opened ancient database                  database=/mnt/state_expiry_vol_data/ubt-vs-pbt-dbs/ubt/geth/chaindata/ancient/chain readonly=false
INFO [06-01|10:52:23.468] Opened Era store                         datadir=/mnt/state_expiry_vol_data/ubt-vs-pbt-dbs/ubt/geth/chaindata/ancient/chain/era
INFO [06-01|10:52:23.475] State scheme set to already existing     scheme=path
INFO [06-01|10:52:23.478] Initialising Ethereum protocol           network=1337 dbversion=9
INFO [06-01|10:52:23.478] Load database journal from file          path=/mnt/state_expiry_vol_data/ubt-vs-pbt-dbs/ubt/geth/triedb/verkle.journal
INFO [06-01|10:52:23.540] Opened ancient database                  database=/mnt/state_expiry_vol_data/ubt-vs-pbt-dbs/ubt/geth/chaindata/ancient/state_verkle readonly=false
INFO [06-01|10:52:23.543] State snapshot generator is not compatible
INFO [06-01|10:52:23.543] Initialized path database                triecache=0.00B statecache=0.00B buffer=0.00B state-history="last 90000 blocks" journal-dir=/mnt/state_expiry_vol_data/ubt-vs-pbt-dbs/ubt/geth/triedb verkle=true
INFO [06-01|10:52:23.543] 
INFO [06-01|10:52:23.543] ---------------------------------------------------------------------------------------------------------------------------------------------------------
INFO [06-01|10:52:23.543] Chain ID:  1337 (unknown)
INFO [06-01|10:52:23.543] Consensus: unknown
INFO [06-01|10:52:23.543] 
INFO [06-01|10:52:23.543] Pre-Merge hard forks (block based):
INFO [06-01|10:52:23.543]  - Homestead:                   #0       
INFO [06-01|10:52:23.543]  - Tangerine Whistle (EIP 150): #0       
INFO [06-01|10:52:23.543]  - Spurious Dragon/1 (EIP 155): #0       
INFO [06-01|10:52:23.543]  - Spurious Dragon/2 (EIP 158): #0       
INFO [06-01|10:52:23.543]  - Byzantium:                   #0       
INFO [06-01|10:52:23.543]  - Constantinople:              #0       
INFO [06-01|10:52:23.543]  - Petersburg:                  #0       
INFO [06-01|10:52:23.543]  - Istanbul:                    #0       
INFO [06-01|10:52:23.543]  - Berlin:                      #0       
INFO [06-01|10:52:23.543]  - London:                      #0       
INFO [06-01|10:52:23.543]  - Arrow Glacier:               #0       
INFO [06-01|10:52:23.543]  - Gray Glacier:                #0       
INFO [06-01|10:52:23.543] 
INFO [06-01|10:52:23.543] Merge configured:
INFO [06-01|10:52:23.543]  - Total terminal difficulty:  0
INFO [06-01|10:52:23.543]  - Merge netsplit block:       #0       
INFO [06-01|10:52:23.543] 
INFO [06-01|10:52:23.543] Post-Merge hard forks (timestamp based):
INFO [06-01|10:52:23.543]  - Shanghai:                    @0         
INFO [06-01|10:52:23.543]  - Cancun:                      @0          blob: (target: 3, max: 6, fraction: 3338477)
INFO [06-01|10:52:23.543]  - Prague:                      @0          blob: (target: 6, max: 9, fraction: 5007716)
INFO [06-01|10:52:23.543]  - Osaka:                       @0          blob: (target: 6, max: 9, fraction: 5007716)
INFO [06-01|10:52:23.543]  - UBT:                         @0          blob: (nil)
INFO [06-01|10:52:23.543] 
INFO [06-01|10:52:23.543] All fork specifications can be found at https://ethereum.github.io/execution-specs/src/ethereum/forks/
INFO [06-01|10:52:23.543] 
INFO [06-01|10:52:23.543] ---------------------------------------------------------------------------------------------------------------------------------------------------------
INFO [06-01|10:52:23.543] 
INFO [06-01|10:52:23.543] Loaded most recent local block           number=3808 hash=57d525..d71e73 age=3s
INFO [06-01|10:52:23.543] Loaded most recent local finalized block number=3808 hash=57d525..d71e73 age=3s
INFO [06-01|10:52:23.545] Initialized transaction indexer          range="last 2350000 blocks"
INFO [06-01|10:52:23.545] Initialized log indexer                  firstblock=0 lastblock=3808 firstmap=0 lastmap=0 headindexed=true
INFO [06-01|10:52:23.604] Enabled full-sync                        head=3808 hash=57d525..d71e73
INFO [06-01|10:52:23.604] Unprotected transactions allowed
INFO [06-01|10:52:23.604] Gasprice oracle is ignoring threshold set threshold=2
INFO [06-01|10:52:23.605] Registered sync override service
WARN [06-01|10:52:23.605] You are running Geth in --dev mode. Please note the following:
WARN [06-01|10:52:23.605] 
WARN [06-01|10:52:23.605]   1. This mode is only intended for fast, iterative development without assumptions on
WARN [06-01|10:52:23.605]      security or persistence.
WARN [06-01|10:52:23.605]   2. The database is created in memory unless specified otherwise. Therefore, shutting down
WARN [06-01|10:52:23.605]      your computer or losing power will wipe your entire block data and chain state for
WARN [06-01|10:52:23.605]      your dev environment.
WARN [06-01|10:52:23.605]   3. A random, pre-allocated developer account will be available and unlocked as
WARN [06-01|10:52:23.605]      eth.coinbase, which can be used for testing. The random dev account is temporary,
WARN [06-01|10:52:23.605]      stored on a ramdisk, and will be lost if your machine is restarted.
WARN [06-01|10:52:23.605]   4. Mining is enabled by default. However, the client will only seal blocks if transactions
WARN [06-01|10:52:23.605]      are pending in the mempool. The miner's minimum accepted gas price is 1.
WARN [06-01|10:52:23.605]   5. Networking is disabled; there is no listen-address, the maximum number of peers is set
WARN [06-01|10:52:23.605]      to 0, and discovery is disabled.
WARN [06-01|10:52:23.605] 
INFO [06-01|10:52:23.605] Starting peer-to-peer node               instance=Geth/v1.17.3-unstable/linux-amd64/go1.24.9
WARN [06-01|10:52:23.605] P2P server will be useless, neither dialing nor listening
INFO [06-01|10:52:23.649] IPC endpoint opened                      url=/mnt/state_expiry_vol_data/ubt-vs-pbt-dbs/ubt/geth.ipc
ERROR[06-01|10:52:23.649] Unavailable modules in HTTP API list     unavailable=[personal] available="[admin debug web3 eth txpool miner net dev testing]"
INFO [06-01|10:52:23.649] New local node record                    seq=1,780,289,664,599 id=c084d8867e8cc127 ip=127.0.0.1 udp=0 tcp=0
INFO [06-01|10:52:23.649] Started P2P networking                   self=enode://ed0ccbffbfc0dc9f1b0f8e55d585ad3e61215b1974f32d9388e7ae53563e3ebe0172c21d754fa202c3a63f95bef3ff3ea24339ffdabd0115c47ec5b8d33136a9@127.0.0.1:0
INFO [06-01|10:52:23.650] HTTP server started                      endpoint=127.0.0.1:8545 auth=false prefix= cors= vhosts=localhost
INFO [06-01|10:52:23.650] WebSocket enabled                        url=ws://127.0.0.1:8546
INFO [06-01|10:52:23.945] Loaded local transaction journal         transactions=2733 dropped=0
INFO [06-01|10:52:25.148] Started log indexer
INFO [06-01|10:52:25.182] Starting work on payload                 id=0x0397cfd9c7c54f91
INFO [06-01|10:52:25.187] Updated payload                          id=0x0397cfd9c7c54f91 number=3809 hash=9c6912..54e583 txs=0 withdrawals=0 gas=0 fees=0 root=0b220b..64a3d3 elapsed=4.263ms
INFO [06-01|10:52:25.187] Stopping work on payload                 id=0x0397cfd9c7c54f91 reason=delivery
WARN [06-01|10:52:25.194] {"level":"warn","msg":"Slow block","block":{"number":3809,"hash":"0x9c6912d896afe5fffc351b504893043cd11a2b6d488f6ff0aebe048e3d54e583","gas_used":0,"tx_count":0},"timing":{"execution_ms":0.07498,"state_read_ms":5.867788,"state_hash_ms":0.001965,"commit_ms":0.182666,"total_ms":6.390755},"throughput":{"mgas_per_sec":0},"state_reads":{"accounts":4,"storage_slots":0,"code":0,"code_bytes":0},"state_writes":{"accounts":0,"accounts_deleted":0,"storage_slots":0,"storage_slots_deleted":0,"code":0,"code_bytes":0},"cache":{"account":{"hits":0,"misses":4,"hit_rate":0},"storage":{"hits":0,"misses":0,"hit_rate":0},"code":{"hits":0,"misses":0,"hit_rate":0,"hit_bytes":0,"miss_bytes":0}}}
INFO [06-01|10:52:25.195] Imported new potential chain segment     number=3809 hash=9c6912..54e583 blocks=1 txs=0 mgas=0.000 elapsed=6.894ms mgasps=0.000 triediffs=1.36MiB triedirty=0.00B
INFO [06-01|10:52:25.195] Chain head was updated                   number=3809 hash=9c6912..54e583 root=0b220b..64a3d3 elapsed="84.176µs"
INFO [06-01|10:52:26.204] Starting work on payload                 id=0x035f719cef738e94
INFO [06-01|10:52:26.209] Updated payload                          id=0x035f719cef738e94 number=3810 hash=29feba..631fdf txs=0 withdrawals=0 gas=0 fees=0 root=0b220b..64a3d3 elapsed=4.916ms
INFO [06-01|10:52:26.209] Stopping work on payload                 id=0x035f719cef738e94 reason=delivery
WARN [06-01|10:52:26.212] {"level":"warn","msg":"Slow block","block":{"number":3810,"hash":"0x29febaada9e7a5943cca0c1715d77e12b084f98088bcb26ac4e00245f5631fdf","gas_used":0,"tx_count":0},"timing":{"execution_ms":0.025357,"state_read_ms":2.618663,"state_hash_ms":0.00163,"commit_ms":0.086903,"total_ms":2.875086},"throughput":{"mgas_per_sec":0},"state_reads":{"accounts":4,"storage_slots":0,"code":0,"code_bytes":0},"state_writes":{"accounts":0,"accounts_deleted":0,"storage_slots":0,"storage_slots_deleted":0,"code":0,"code_bytes":0},"cache":{"account":{"hits":0,"misses":4,"hit_rate":0},"storage":{"hits":0,"misses":0,"hit_rate":0},"code":{"hits":0,"misses":0,"hit_rate":0,"hit_bytes":0,"miss_bytes":0}}}
INFO [06-01|10:52:26.212] Imported new potential chain segment     number=3810 hash=29feba..631fdf blocks=1 txs=0 mgas=0.000 elapsed=3.052ms    mgasps=0.000 triediffs=1.36MiB triedirty=0.00B
INFO [06-01|10:52:26.212] Chain head was updated                   number=3810 hash=29feba..631fdf root=0b220b..64a3d3 elapsed="31.847µs"
INFO [06-01|10:52:27.217] Starting work on payload                 id=0x03648f3ede686ae9
INFO [06-01|10:52:27.235] Updated payload                          id=0x03648f3ede686ae9 number=3811 hash=7ef9a8..cef3a4 txs=0 withdrawals=0 gas=0 fees=0 root=0b220b..64a3d3 elapsed=17.239ms
INFO [06-01|10:52:27.235] Stopping work on payload                 id=0x03648f3ede686ae9 reason=delivery
WARN [06-01|10:52:27.238] {"level":"warn","msg":"Slow block","block":{"number":3811,"hash":"0x7ef9a87623802cb77020afa46df9470b85c6a00562a83f3bed1dd34a9fcef3a4","gas_used":0,"tx_count":0},"timing":{"execution_ms":0.027311,"state_read_ms":2.932931,"state_hash_ms":0.001677,"commit_ms":0.151024,"total_ms":3.238479},"throughput":{"mgas_per_sec":0},"state_reads":{"accounts":4,"storage_slots":0,"code":0,"code_bytes":0},"state_writes":{"accounts":0,"accounts_deleted":0,"storage_slots":0,"storage_slots_deleted":0,"code":0,"code_bytes":0},"cache":{"account":{"hits":0,"misses":4,"hit_rate":0},"storage":{"hits":0,"misses":0,"hit_rate":0},"code":{"hits":0,"misses":0,"hit_rate":0,"hit_bytes":0,"miss_bytes":0}}}
INFO [06-01|10:52:27.238] Imported new potential chain segment     number=3811 hash=7ef9a8..cef3a4 blocks=1 txs=0 mgas=0.000 elapsed=3.424ms    mgasps=0.000 triediffs=1.36MiB triedirty=0.00B
INFO [06-01|10:52:27.238] Chain head was updated                   number=3811 hash=7ef9a8..cef3a4 root=0b220b..64a3d3 elapsed="36.943µs"
INFO [06-01|10:52:27.254] Submitted contract creation              hash=0x53b35a7f72170c52c693ede767e4b8452a361abe6861ca892dca1bd4993a8e82 from=0xf39Fd6e51aad88F6F4ce6aB8827279cffFb92266 nonce=1111 contract=0xbca08355Bcc24B2Be996c24c0D2f1829D6752630 value=0
INFO [06-01|10:52:27.254] Submitted transaction                    hash=0x906d89467c4461293cbc9886492b8b3b3d285eaa433a7ddb387e5e301fc13ece from=0xf39Fd6e51aad88F6F4ce6aB8827279cffFb92266 nonce=1112 recipient=0x5A91f4b924B7b927A679E030ed15379136399Fb7 value=78,000,000
INFO [06-01|10:52:28.245] Starting work on payload                 id=0x03999e78933c8ac3
INFO [06-01|10:52:28.280] Updated payload                          id=0x03999e78933c8ac3 number=3812 hash=d3769e..c58b3b txs=2 withdrawals=0 gas=86840 fees=5.2104e-13 root=d707e8..f4d1cf elapsed=34.716ms
INFO [06-01|10:52:28.280] Stopping work on payload                 id=0x03999e78933c8ac3 reason=delivery
INFO [06-01|10:52:28.309] Paused snapshot generation
WARN [06-01|10:52:28.309] {"level":"warn","msg":"Slow block","block":{"number":3812,"hash":"0xd3769e5d552597302a3385bf66172c10c07807c98aa073618d7f5279a4c58b3b","gas_used":86840,"tx_count":2},"timing":{"execution_ms":0.280543,"state_read_ms":19.491374,"state_hash_ms":2.824659,"commit_ms":4.782515,"total_ms":28.315636},"throughput":{"mgas_per_sec":3.0668567712906043},"state_reads":{"accounts":11,"storage_slots":0,"code":0,"code_bytes":0},"state_writes":{"accounts":3,"accounts_deleted":0,"storage_slots":0,"storage_slots_deleted":0,"code":1,"code_bytes":157},"cache":{"account":{"hits":4,"misses":7,"hit_rate":36.36363636363637},"storage":{"hits":0,"misses":0,"hit_rate":0},"code":{"hits":0,"misses":0,"hit_rate":0,"hit_bytes":0,"miss_bytes":0}}}
INFO [06-01|10:52:28.309] Imported new potential chain segment     number=3812 hash=d3769e..c58b3b blocks=1 txs=2 mgas=0.087 elapsed=28.516ms   mgasps=3.045 triediffs=1.36MiB triedirty=0.00B
INFO [06-01|10:52:28.309] Chain head was updated                   number=3812 hash=d3769e..c58b3b root=d707e8..f4d1cf elapsed="202.041µs"
WARN [06-01|10:52:28.330] Snapshot generation is not permitted
INFO [06-01|10:52:29.271] Submitted transaction                    hash=0x5a7ea14230e4ca0f5f42a0ac15b74a2d8ae034f5f444523705d9a2d1cf088d94 from=0x5A91f4b924B7b927A679E030ed15379136399Fb7 nonce=0    recipient=0xbca08355Bcc24B2Be996c24c0D2f1829D6752630 value=0
INFO [06-01|10:52:29.327] Starting work on payload                 id=0x0334d28348868cfd
INFO [06-01|10:52:29.463] Updated payload                          id=0x0334d28348868cfd number=3813 hash=83dbc4..2aa8a3 txs=1 withdrawals=0 gas=5,900,023 fees=3.5400138e-11 root=e1d60c..ae05fd elapsed=136.029ms
INFO [06-01|10:52:29.463] Stopping work on payload                 id=0x0334d28348868cfd reason=delivery
INFO [06-01|10:52:29.566] Paused snapshot generation
WARN [06-01|10:52:29.569] {"level":"warn","msg":"Slow block","block":{"number":3813,"hash":"0x83dbc46c1652b27a9213c4e5bb93daa18c851d861781b8831dc707d8632aa8a3","gas_used":5900023,"tx_count":1},"timing":{"execution_ms":93.755037,"state_read_ms":5.074828,"state_hash_ms":2.538242,"commit_ms":3.892198,"total_ms":105.448751},"throughput":{"mgas_per_sec":55.951568359496264},"state_reads":{"accounts":263,"storage_slots":259,"code":257,"code_bytes":7325},"state_writes":{"accounts":2,"accounts_deleted":0,"storage_slots":0,"storage_slots_deleted":0,"code":0,"code_bytes":0},"cache":{"account":{"hits":146,"misses":117,"hit_rate":55.51330798479087},"storage":{"hits":160,"misses":99,"hit_rate":61.77606177606177},"code":{"hits":257,"misses":0,"hit_rate":100,"hit_bytes":7325,"miss_bytes":0}}}
INFO [06-01|10:52:29.569] Imported new potential chain segment     number=3813 hash=83dbc4..2aa8a3 blocks=1 txs=1 mgas=5.900 elapsed=105.817ms   mgasps=55.757 triediffs=1.36MiB triedirty=0.00B
INFO [06-01|10:52:29.569] Chain head was updated                   number=3813 hash=83dbc4..2aa8a3 root=e1d60c..ae05fd elapsed="122.684µs"
WARN [06-01|10:52:29.604] Snapshot generation is not permitted
INFO [06-01|10:52:30.287] Submitted transaction                    hash=0xc64bfc2a81dc5b96402b1dccaa654ab725597ad626c162cbbdc59af8ebcc08b6 from=0x5A91f4b924B7b927A679E030ed15379136399Fb7 nonce=1    recipient=0xf39Fd6e51aad88F6F4ce6aB8827279cffFb92266 value=1,047,701
INFO [06-01|10:52:30.583] Starting work on payload                 id=0x03a2a4c6a6527791
INFO [06-01|10:52:30.590] Updated payload                          id=0x03a2a4c6a6527791 number=3814 hash=beae37..6e0f71 txs=1 withdrawals=0 gas=21000     fees=2.1e-14       root=24b208..26f7e0 elapsed=6.424ms
INFO [06-01|10:52:30.593] Stopping work on payload                 id=0x03a2a4c6a6527791 reason=delivery
INFO [06-01|10:52:30.604] Paused snapshot generation
WARN [06-01|10:52:30.605] {"level":"warn","msg":"Slow block","block":{"number":3814,"hash":"0xbeae37d5e53aae53833fd9ab9ad4fe10dc22727262b323e4c2f824ae876e0f71","gas_used":21000,"tx_count":1},"timing":{"execution_ms":0.218712,"state_read_ms":3.683721,"state_hash_ms":9.554985,"commit_ms":1.378511,"total_ms":15.017069},"throughput":{"mgas_per_sec":1.3984087041219562},"state_reads":{"accounts":6,"storage_slots":0,"code":0,"code_bytes":0},"state_writes":{"accounts":2,"accounts_deleted":0,"storage_slots":0,"storage_slots_deleted":0,"code":0,"code_bytes":0},"cache":{"account":{"hits":0,"misses":6,"hit_rate":0},"storage":{"hits":0,"misses":0,"hit_rate":0},"code":{"hits":0,"misses":0,"hit_rate":0,"hit_bytes":0,"miss_bytes":0}}}
INFO [06-01|10:52:30.605] Imported new potential chain segment     number=3814 hash=beae37..6e0f71 blocks=1 txs=1 mgas=0.021 elapsed=15.221ms    mgasps=1.380  triediffs=1.36MiB triedirty=0.00B
INFO [06-01|10:52:30.605] Chain head was updated                   number=3814 hash=beae37..6e0f71 root=24b208..26f7e0 elapsed="77.54µs"
WARN [06-01|10:52:30.624] Snapshot generation is not permitted
INFO [06-01|10:52:31.610] Starting work on payload                 id=0x03e101da55a96e98
INFO [06-01|10:52:31.614] Updated payload                          id=0x03e101da55a96e98 number=3815 hash=aeb410..9271c1 txs=0 withdrawals=0 gas=0         fees=0             root=24b208..26f7e0 elapsed=3.695ms
INFO [06-01|10:52:31.614] Stopping work on payload                 id=0x03e101da55a96e98 reason=delivery
WARN [06-01|10:52:31.641] {"level":"warn","msg":"Slow block","block":{"number":3815,"hash":"0xaeb410d39a624d1f5800f2ed79f2b2165f416c676f6f24418c7509e21c9271c1","gas_used":0,"tx_count":0},"timing":{"execution_ms":0.033122,"state_read_ms":25.995378,"state_hash_ms":0.002399,"commit_ms":0.217557,"total_ms":26.419801},"throughput":{"mgas_per_sec":0},"state_reads":{"accounts":4,"storage_slots":0,"code":0,"code_bytes":0},"state_writes":{"accounts":0,"accounts_deleted":0,"storage_slots":0,"storage_slots_deleted":0,"code":0,"code_bytes":0},"cache":{"account":{"hits":0,"misses":4,"hit_rate":0},"storage":{"hits":0,"misses":0,"hit_rate":0},"code":{"hits":0,"misses":0,"hit_rate":0,"hit_bytes":0,"miss_bytes":0}}}
INFO [06-01|10:52:31.641] Imported new potential chain segment     number=3815 hash=aeb410..9271c1 blocks=1 txs=0 mgas=0.000 elapsed=26.625ms    mgasps=0.000  triediffs=1.36MiB triedirty=0.00B
INFO [06-01|10:52:31.641] Chain head was updated                   number=3815 hash=aeb410..9271c1 root=24b208..26f7e0 elapsed="137.549µs"
