WARN [06-01|11:16:27.536] Unknown config environment variable      envvar=GETH_PBT_BIN
WARN [06-01|11:16:27.536] Unknown config environment variable      envvar=GETH_UBT_BIN
INFO [06-01|11:16:27.549] Starting Geth on Ethereum mainnet...
INFO [06-01|11:16:27.551] Maximum peer count                       ETH=0 total=0
INFO [06-01|11:16:27.552] Smartcard socket not found, disabling    err="stat /run/pcscd/pcscd.comm: no such file or directory"
WARN [06-01|11:16:27.555] Option --miner.etherbase is deprecated as the etherbase is set by the consensus client post-merge
WARN [06-01|11:16:27.556] Snap sync requested, resetting --cache.snapshot
INFO [06-01|11:16:27.557] Set global gas cap                       cap=50,000,000
INFO [06-01|11:16:28.360] Using developer account                  address=0xf39Fd6e51aad88F6F4ce6aB8827279cffFb92266
INFO [06-01|11:16:28.404] Using pebble as the backing database
INFO [06-01|11:16:28.404] Allocated cache and file handles         database=/mnt/state_expiry_vol_data/ubt-vs-pbt-dbs/ubt/geth/chaindata cache=16.00MiB handles=262,144
INFO [06-01|11:16:28.631] Opened ancient database                  database=/mnt/state_expiry_vol_data/ubt-vs-pbt-dbs/ubt/geth/chaindata/ancient/chain readonly=true
INFO [06-01|11:16:28.631] Opened Era store                         datadir=/mnt/state_expiry_vol_data/ubt-vs-pbt-dbs/ubt/geth/chaindata/ancient/chain/era
INFO [06-01|11:16:28.638] Initializing the KZG library             backend=gokzg
INFO [06-01|11:16:28.640] Allocated trie memory caches             clean=0.00B dirty=0.00B
INFO [06-01|11:16:28.648] Using pebble as the backing database
INFO [06-01|11:16:28.648] Allocated cache and file handles         database=/mnt/state_expiry_vol_data/ubt-vs-pbt-dbs/ubt/geth/chaindata cache=16.00MiB handles=262,144
INFO [06-01|11:16:28.857] Opened ancient database                  database=/mnt/state_expiry_vol_data/ubt-vs-pbt-dbs/ubt/geth/chaindata/ancient/chain readonly=false
INFO [06-01|11:16:28.857] Opened Era store                         datadir=/mnt/state_expiry_vol_data/ubt-vs-pbt-dbs/ubt/geth/chaindata/ancient/chain/era
INFO [06-01|11:16:28.867] State scheme set to already existing     scheme=path
INFO [06-01|11:16:28.867] Initialising Ethereum protocol           network=1337 dbversion=9
INFO [06-01|11:16:28.867] Load database journal from file          path=/mnt/state_expiry_vol_data/ubt-vs-pbt-dbs/ubt/geth/triedb/verkle.journal
INFO [06-01|11:16:28.940] Opened ancient database                  database=/mnt/state_expiry_vol_data/ubt-vs-pbt-dbs/ubt/geth/chaindata/ancient/state_verkle readonly=false
INFO [06-01|11:16:28.941] State snapshot generator is not compatible
INFO [06-01|11:16:28.941] Initialized path database                triecache=0.00B statecache=0.00B buffer=0.00B state-history="last 90000 blocks" journal-dir=/mnt/state_expiry_vol_data/ubt-vs-pbt-dbs/ubt/geth/triedb verkle=true
INFO [06-01|11:16:28.941] 
INFO [06-01|11:16:28.941] ---------------------------------------------------------------------------------------------------------------------------------------------------------
INFO [06-01|11:16:28.941] Chain ID:  1337 (unknown)
INFO [06-01|11:16:28.941] Consensus: unknown
INFO [06-01|11:16:28.941] 
INFO [06-01|11:16:28.941] Pre-Merge hard forks (block based):
INFO [06-01|11:16:28.941]  - Homestead:                   #0       
INFO [06-01|11:16:28.941]  - Tangerine Whistle (EIP 150): #0       
INFO [06-01|11:16:28.941]  - Spurious Dragon/1 (EIP 155): #0       
INFO [06-01|11:16:28.941]  - Spurious Dragon/2 (EIP 158): #0       
INFO [06-01|11:16:28.941]  - Byzantium:                   #0       
INFO [06-01|11:16:28.941]  - Constantinople:              #0       
INFO [06-01|11:16:28.941]  - Petersburg:                  #0       
INFO [06-01|11:16:28.941]  - Istanbul:                    #0       
INFO [06-01|11:16:28.941]  - Berlin:                      #0       
INFO [06-01|11:16:28.941]  - London:                      #0       
INFO [06-01|11:16:28.941]  - Arrow Glacier:               #0       
INFO [06-01|11:16:28.941]  - Gray Glacier:                #0       
INFO [06-01|11:16:28.941] 
INFO [06-01|11:16:28.941] Merge configured:
INFO [06-01|11:16:28.941]  - Total terminal difficulty:  0
INFO [06-01|11:16:28.941]  - Merge netsplit block:       #0       
INFO [06-01|11:16:28.941] 
INFO [06-01|11:16:28.941] Post-Merge hard forks (timestamp based):
INFO [06-01|11:16:28.941]  - Shanghai:                    @0         
INFO [06-01|11:16:28.941]  - Cancun:                      @0          blob: (target: 3, max: 6, fraction: 3338477)
INFO [06-01|11:16:28.941]  - Prague:                      @0          blob: (target: 6, max: 9, fraction: 5007716)
INFO [06-01|11:16:28.941]  - Osaka:                       @0          blob: (target: 6, max: 9, fraction: 5007716)
INFO [06-01|11:16:28.941]  - UBT:                         @0          blob: (nil)
INFO [06-01|11:16:28.942] 
INFO [06-01|11:16:28.942] All fork specifications can be found at https://ethereum.github.io/execution-specs/src/ethereum/forks/
INFO [06-01|11:16:28.942] 
INFO [06-01|11:16:28.942] ---------------------------------------------------------------------------------------------------------------------------------------------------------
INFO [06-01|11:16:28.942] 
INFO [06-01|11:16:28.944] Loaded most recent local block           number=4680 hash=60f5dc..856188 age=2s
INFO [06-01|11:16:28.944] Loaded most recent local finalized block number=4672 hash=34ea73..998f95 age=14s
INFO [06-01|11:16:28.945] Initialized transaction indexer          range="last 2350000 blocks"
INFO [06-01|11:16:28.945] Initialized log indexer                  firstblock=0 lastblock=4680 firstmap=0 lastmap=0 headindexed=true
INFO [06-01|11:16:28.994] Enabled full-sync                        head=4680 hash=60f5dc..856188
INFO [06-01|11:16:28.994] Unprotected transactions allowed
INFO [06-01|11:16:28.994] Gasprice oracle is ignoring threshold set threshold=2
INFO [06-01|11:16:28.994] Registered sync override service
WARN [06-01|11:16:28.994] You are running Geth in --dev mode. Please note the following:
WARN [06-01|11:16:28.994] 
WARN [06-01|11:16:28.994]   1. This mode is only intended for fast, iterative development without assumptions on
WARN [06-01|11:16:28.994]      security or persistence.
WARN [06-01|11:16:28.994]   2. The database is created in memory unless specified otherwise. Therefore, shutting down
WARN [06-01|11:16:28.994]      your computer or losing power will wipe your entire block data and chain state for
WARN [06-01|11:16:28.994]      your dev environment.
WARN [06-01|11:16:28.994]   3. A random, pre-allocated developer account will be available and unlocked as
WARN [06-01|11:16:28.994]      eth.coinbase, which can be used for testing. The random dev account is temporary,
WARN [06-01|11:16:28.994]      stored on a ramdisk, and will be lost if your machine is restarted.
WARN [06-01|11:16:28.994]   4. Mining is enabled by default. However, the client will only seal blocks if transactions
WARN [06-01|11:16:28.994]      are pending in the mempool. The miner's minimum accepted gas price is 1.
WARN [06-01|11:16:28.994]   5. Networking is disabled; there is no listen-address, the maximum number of peers is set
WARN [06-01|11:16:28.994]      to 0, and discovery is disabled.
WARN [06-01|11:16:28.994] 
INFO [06-01|11:16:28.994] Starting peer-to-peer node               instance=Geth/v1.17.3-unstable/linux-amd64/go1.24.9
WARN [06-01|11:16:28.994] P2P server will be useless, neither dialing nor listening
INFO [06-01|11:16:29.037] IPC endpoint opened                      url=/mnt/state_expiry_vol_data/ubt-vs-pbt-dbs/ubt/geth.ipc
ERROR[06-01|11:16:29.037] Unavailable modules in HTTP API list     unavailable=[personal] available="[admin debug web3 eth txpool miner net dev testing]"
INFO [06-01|11:16:29.037] New local node record                    seq=1,780,289,664,739 id=c084d8867e8cc127 ip=127.0.0.1 udp=0 tcp=0
INFO [06-01|11:16:29.037] Started P2P networking                   self=enode://ed0ccbffbfc0dc9f1b0f8e55d585ad3e61215b1974f32d9388e7ae53563e3ebe0172c21d754fa202c3a63f95bef3ff3ea24339ffdabd0115c47ec5b8d33136a9@127.0.0.1:0
INFO [06-01|11:16:29.038] HTTP server started                      endpoint=127.0.0.1:8545 auth=false prefix= cors= vhosts=localhost
INFO [06-01|11:16:29.038] WebSocket enabled                        url=ws://127.0.0.1:8546
INFO [06-01|11:16:29.397] Loaded local transaction journal         transactions=3293 dropped=0
INFO [06-01|11:16:30.342] Started log indexer
INFO [06-01|11:16:30.385] Starting work on payload                 id=0x03a07b23e2a31632
INFO [06-01|11:16:30.389] Updated payload                          id=0x03a07b23e2a31632 number=4681 hash=c6b084..7e7be5 txs=0 withdrawals=0 gas=0 fees=0 root=57a6a9..2f57b1 elapsed=3.547ms
INFO [06-01|11:16:30.389] Stopping work on payload                 id=0x03a07b23e2a31632 reason=delivery
WARN [06-01|11:16:30.393] {"level":"warn","msg":"Slow block","block":{"number":4681,"hash":"0xc6b084783fbc46766e093cb56cd1bdf876d94c4f7f7b3e5ea9bd3512587e7be5","gas_used":0,"tx_count":0},"timing":{"execution_ms":0.04096,"state_read_ms":3.385771,"state_hash_ms":0.001695,"commit_ms":0.19981,"total_ms":3.828361},"throughput":{"mgas_per_sec":0},"state_reads":{"accounts":4,"storage_slots":0,"code":0,"code_bytes":0},"state_writes":{"accounts":0,"accounts_deleted":0,"storage_slots":0,"storage_slots_deleted":0,"code":0,"code_bytes":0},"cache":{"account":{"hits":0,"misses":4,"hit_rate":0},"storage":{"hits":0,"misses":0,"hit_rate":0},"code":{"hits":0,"misses":0,"hit_rate":0,"hit_bytes":0,"miss_bytes":0}}}
INFO [06-01|11:16:30.393] Imported new potential chain segment     number=4681 hash=c6b084..7e7be5 blocks=1 txs=0 mgas=0.000 elapsed=4.187ms mgasps=0.000 triediffs=3.36MiB triedirty=0.00B
INFO [06-01|11:16:30.393] Chain head was updated                   number=4681 hash=c6b084..7e7be5 root=57a6a9..2f57b1 elapsed="63.857µs"
INFO [06-01|11:16:31.406] Starting work on payload                 id=0x036502f0b74b3714
INFO [06-01|11:16:31.409] Updated payload                          id=0x036502f0b74b3714 number=4682 hash=666daf..656557 txs=0 withdrawals=0 gas=0 fees=0 root=57a6a9..2f57b1 elapsed=2.889ms
INFO [06-01|11:16:31.409] Stopping work on payload                 id=0x036502f0b74b3714 reason=delivery
WARN [06-01|11:16:31.421] {"level":"warn","msg":"Slow block","block":{"number":4682,"hash":"0x666daf96e4a972e79af96624646c54f36d8c4ce68af0cf3133ce6b759d656557","gas_used":0,"tx_count":0},"timing":{"execution_ms":0.072512,"state_read_ms":10.843451,"state_hash_ms":0.004833,"commit_ms":0.15997,"total_ms":11.32885},"throughput":{"mgas_per_sec":0},"state_reads":{"accounts":4,"storage_slots":0,"code":0,"code_bytes":0},"state_writes":{"accounts":0,"accounts_deleted":0,"storage_slots":0,"storage_slots_deleted":0,"code":0,"code_bytes":0},"cache":{"account":{"hits":0,"misses":4,"hit_rate":0},"storage":{"hits":0,"misses":0,"hit_rate":0},"code":{"hits":0,"misses":0,"hit_rate":0,"hit_bytes":0,"miss_bytes":0}}}
INFO [06-01|11:16:31.421] Imported new potential chain segment     number=4682 hash=666daf..656557 blocks=1 txs=0 mgas=0.000 elapsed=12.267ms   mgasps=0.000 triediffs=3.36MiB triedirty=0.00B
INFO [06-01|11:16:31.421] Chain head was updated                   number=4682 hash=666daf..656557 root=57a6a9..2f57b1 elapsed="73.401µs"
INFO [06-01|11:16:32.426] Starting work on payload                 id=0x03320cfca29c40a3
INFO [06-01|11:16:32.448] Updated payload                          id=0x03320cfca29c40a3 number=4683 hash=2d5642..7eb123 txs=0 withdrawals=0 gas=0 fees=0 root=57a6a9..2f57b1 elapsed=21.846ms
INFO [06-01|11:16:32.448] Stopping work on payload                 id=0x03320cfca29c40a3 reason=delivery
WARN [06-01|11:16:32.452] {"level":"warn","msg":"Slow block","block":{"number":4683,"hash":"0x2d56425bc8bea2897fbd4e683aa98a569c3f71fa8b75c5e37ba637c00f7eb123","gas_used":0,"tx_count":0},"timing":{"execution_ms":0.041808,"state_read_ms":3.436258,"state_hash_ms":0.002848,"commit_ms":0.287315,"total_ms":3.936534},"throughput":{"mgas_per_sec":0},"state_reads":{"accounts":4,"storage_slots":0,"code":0,"code_bytes":0},"state_writes":{"accounts":0,"accounts_deleted":0,"storage_slots":0,"storage_slots_deleted":0,"code":0,"code_bytes":0},"cache":{"account":{"hits":0,"misses":4,"hit_rate":0},"storage":{"hits":0,"misses":0,"hit_rate":0},"code":{"hits":0,"misses":0,"hit_rate":0,"hit_bytes":0,"miss_bytes":0}}}
INFO [06-01|11:16:32.452] Imported new potential chain segment     number=4683 hash=2d5642..7eb123 blocks=1 txs=0 mgas=0.000 elapsed=4.138ms    mgasps=0.000 triediffs=3.36MiB triedirty=0.00B
INFO [06-01|11:16:32.453] Chain head was updated                   number=4683 hash=2d5642..7eb123 root=57a6a9..2f57b1 elapsed="45.409µs"
INFO [06-01|11:16:32.467] Submitted contract creation              hash=0x5fcfda1a06992d95227a199b0a4e31be5fa1bb1b83aae87f8d49df24fa783c9f from=0xf39Fd6e51aad88F6F4ce6aB8827279cffFb92266 nonce=1391 contract=0xDCA98B7C113496Fdc59C654a01571B8A3B427d2B value=0
INFO [06-01|11:16:32.467] Submitted transaction                    hash=0xe698bb92c88c5d8d9f64b3620068d8a120086e5067dea82ff8e3de1dfc30ff52 from=0xf39Fd6e51aad88F6F4ce6aB8827279cffFb92266 nonce=1392 recipient=0xafE70292E17f4c34f8F9434c9fCE2E153aB949e3 value=78,000,000
INFO [06-01|11:16:33.477] Starting work on payload                 id=0x035d473246356952
INFO [06-01|11:16:33.500] Updated payload                          id=0x035d473246356952 number=4684 hash=a7997e..b962d4 txs=2 withdrawals=0 gas=91710 fees=5.5026e-13 root=a4379a..b9d042 elapsed=23.495ms
INFO [06-01|11:16:33.501] Stopping work on payload                 id=0x035d473246356952 reason=delivery
INFO [06-01|11:16:33.538] Paused snapshot generation
WARN [06-01|11:16:33.539] {"level":"warn","msg":"Slow block","block":{"number":4684,"hash":"0xa7997eb0569d6edae37cdd2b512f8e42a68ab450af97c64760a135efbeb962d4","gas_used":91710,"tx_count":2},"timing":{"execution_ms":0.13082,"state_read_ms":15.916764,"state_hash_ms":15.51225,"commit_ms":5.785894,"total_ms":37.555785},"throughput":{"mgas_per_sec":2.4419673294007835},"state_reads":{"accounts":11,"storage_slots":0,"code":0,"code_bytes":0},"state_writes":{"accounts":3,"accounts_deleted":0,"storage_slots":0,"storage_slots_deleted":0,"code":1,"code_bytes":305},"cache":{"account":{"hits":6,"misses":5,"hit_rate":54.54545454545454},"storage":{"hits":0,"misses":0,"hit_rate":0},"code":{"hits":0,"misses":0,"hit_rate":0,"hit_bytes":0,"miss_bytes":0}}}
INFO [06-01|11:16:33.539] Imported new potential chain segment     number=4684 hash=a7997e..b962d4 blocks=1 txs=2 mgas=0.092 elapsed=37.828ms   mgasps=2.424 triediffs=3.34MiB triedirty=0.00B
INFO [06-01|11:16:33.539] Chain head was updated                   number=4684 hash=a7997e..b962d4 root=a4379a..b9d042 elapsed="156.886µs"
WARN [06-01|11:16:33.559] Snapshot generation is not permitted
INFO [06-01|11:16:34.483] Submitted transaction                    hash=0x8326a9a05764d0999dc7861b8c09046ae8a29bcbde6e3a17c765dd9e0597389e from=0xafE70292E17f4c34f8F9434c9fCE2E153aB949e3 nonce=0    recipient=0xDCA98B7C113496Fdc59C654a01571B8A3B427d2B value=0
INFO [06-01|11:16:34.555] Starting work on payload                 id=0x03c724d86118fbb5
INFO [06-01|11:16:34.710] Updated payload                          id=0x03c724d86118fbb5 number=4685 hash=713d6a..864457 txs=1 withdrawals=0 gas=5,920,754 fees=3.5524524e-11 root=ef51e7..19e243 elapsed=155.207ms
INFO [06-01|11:16:34.710] Stopping work on payload                 id=0x03c724d86118fbb5 reason=delivery
INFO [06-01|11:16:34.783] Paused snapshot generation
WARN [06-01|11:16:34.784] {"level":"warn","msg":"Slow block","block":{"number":4685,"hash":"0x713d6a41491d744150b3a8f8a85c3b958efe2cb3a89500c818cae9ce9e864457","gas_used":5920754,"tx_count":1},"timing":{"execution_ms":56.820394,"state_read_ms":9.089166,"state_hash_ms":5.723589,"commit_ms":1.716402,"total_ms":73.516399},"throughput":{"mgas_per_sec":80.53650723561691},"state_reads":{"accounts":107,"storage_slots":785,"code":101,"code_bytes":3105},"state_writes":{"accounts":11,"accounts_deleted":0,"storage_slots":77,"storage_slots_deleted":0,"code":0,"code_bytes":0},"cache":{"account":{"hits":4,"misses":103,"hit_rate":3.7383177570093453},"storage":{"hits":372,"misses":413,"hit_rate":47.388535031847134},"code":{"hits":101,"misses":0,"hit_rate":100,"hit_bytes":3105,"miss_bytes":0}}}
INFO [06-01|11:16:34.784] Imported new potential chain segment     number=4685 hash=713d6a..864457 blocks=1 txs=1 mgas=5.921 elapsed=73.688ms    mgasps=80.348 triediffs=3.43MiB triedirty=0.00B
INFO [06-01|11:16:34.784] Chain head was updated                   number=4685 hash=713d6a..864457 root=ef51e7..19e243 elapsed="93.884µs"
WARN [06-01|11:16:34.814] Snapshot generation is not permitted
INFO [06-01|11:16:35.498] Submitted transaction                    hash=0xc596d6be80b92be9d24fc33fabb9ba66a0063059cad4438d71710a5179daedd8 from=0xafE70292E17f4c34f8F9434c9fCE2E153aB949e3 nonce=1    recipient=0xf39Fd6e51aad88F6F4ce6aB8827279cffFb92266 value=778,198
INFO [06-01|11:16:35.809] Starting work on payload                 id=0x03bc26874eb503dc
INFO [06-01|11:16:35.815] Updated payload                          id=0x03bc26874eb503dc number=4686 hash=d2ccbd..ef4a44 txs=1 withdrawals=0 gas=21000     fees=2.1e-14       root=d2cd4f..3e317b elapsed=6.389ms
INFO [06-01|11:16:35.816] Stopping work on payload                 id=0x03bc26874eb503dc reason=delivery
INFO [06-01|11:16:35.847] Paused snapshot generation
WARN [06-01|11:16:35.847] {"level":"warn","msg":"Slow block","block":{"number":4686,"hash":"0xd2ccbdd2bc6ca369efc3cbb7eaf08a504b49a7244b8e04e12a417c2351ef4a44","gas_used":21000,"tx_count":1},"timing":{"execution_ms":0.198608,"state_read_ms":27.47135,"state_hash_ms":2.720955,"commit_ms":0.635584,"total_ms":31.291442},"throughput":{"mgas_per_sec":0.6711100114849293},"state_reads":{"accounts":6,"storage_slots":0,"code":0,"code_bytes":0},"state_writes":{"accounts":2,"accounts_deleted":0,"storage_slots":0,"storage_slots_deleted":0,"code":0,"code_bytes":0},"cache":{"account":{"hits":2,"misses":4,"hit_rate":33.33333333333333},"storage":{"hits":0,"misses":0,"hit_rate":0},"code":{"hits":0,"misses":0,"hit_rate":0,"hit_bytes":0,"miss_bytes":0}}}
INFO [06-01|11:16:35.847] Imported new potential chain segment     number=4686 hash=d2ccbd..ef4a44 blocks=1 txs=1 mgas=0.021 elapsed=31.442ms    mgasps=0.668  triediffs=3.43MiB triedirty=0.00B
INFO [06-01|11:16:35.847] Chain head was updated                   number=4686 hash=d2ccbd..ef4a44 root=d2cd4f..3e317b elapsed="52.472µs"
WARN [06-01|11:16:35.869] Snapshot generation is not permitted
INFO [06-01|11:16:36.852] Starting work on payload                 id=0x0323ab8f8f85f6a2
INFO [06-01|11:16:36.855] Updated payload                          id=0x0323ab8f8f85f6a2 number=4687 hash=40aa36..76acca txs=0 withdrawals=0 gas=0         fees=0             root=d2cd4f..3e317b elapsed=3.116ms
INFO [06-01|11:16:36.855] Stopping work on payload                 id=0x0323ab8f8f85f6a2 reason=delivery
WARN [06-01|11:16:36.867] {"level":"warn","msg":"Slow block","block":{"number":4687,"hash":"0x40aa366add2820e307defd0337d80644e2f7c22181fe130aac661f0ac476acca","gas_used":0,"tx_count":0},"timing":{"execution_ms":0.032008,"state_read_ms":11.735642,"state_hash_ms":0.002415,"commit_ms":0.156629,"total_ms":12.100287},"throughput":{"mgas_per_sec":0},"state_reads":{"accounts":4,"storage_slots":0,"code":0,"code_bytes":0},"state_writes":{"accounts":0,"accounts_deleted":0,"storage_slots":0,"storage_slots_deleted":0,"code":0,"code_bytes":0},"cache":{"account":{"hits":0,"misses":4,"hit_rate":0},"storage":{"hits":0,"misses":0,"hit_rate":0},"code":{"hits":0,"misses":0,"hit_rate":0,"hit_bytes":0,"miss_bytes":0}}}
INFO [06-01|11:16:36.867] Imported new potential chain segment     number=4687 hash=40aa36..76acca blocks=1 txs=0 mgas=0.000 elapsed=12.265ms    mgasps=0.000  triediffs=3.43MiB triedirty=0.00B
INFO [06-01|11:16:36.868] Chain head was updated                   number=4687 hash=40aa36..76acca root=d2cd4f..3e317b elapsed="72.176µs"
