WARN [06-01|10:59:14.573] Unknown config environment variable      envvar=GETH_PBT_BIN
WARN [06-01|10:59:14.573] Unknown config environment variable      envvar=GETH_UBT_BIN
INFO [06-01|10:59:14.584] Starting Geth on Ethereum mainnet...
INFO [06-01|10:59:14.585] Maximum peer count                       ETH=0 total=0
INFO [06-01|10:59:14.587] Smartcard socket not found, disabling    err="stat /run/pcscd/pcscd.comm: no such file or directory"
WARN [06-01|10:59:14.589] Option --miner.etherbase is deprecated as the etherbase is set by the consensus client post-merge
WARN [06-01|10:59:14.591] Snap sync requested, resetting --cache.snapshot
INFO [06-01|10:59:14.591] Set global gas cap                       cap=50,000,000
INFO [06-01|10:59:15.389] Using developer account                  address=0xf39Fd6e51aad88F6F4ce6aB8827279cffFb92266
INFO [06-01|10:59:15.431] Using pebble as the backing database
INFO [06-01|10:59:15.431] Allocated cache and file handles         database=/mnt/state_expiry_vol_data/ubt-vs-pbt-dbs/ubt/geth/chaindata cache=16.00MiB handles=262,144
INFO [06-01|10:59:15.661] Opened ancient database                  database=/mnt/state_expiry_vol_data/ubt-vs-pbt-dbs/ubt/geth/chaindata/ancient/chain readonly=true
INFO [06-01|10:59:15.661] Opened Era store                         datadir=/mnt/state_expiry_vol_data/ubt-vs-pbt-dbs/ubt/geth/chaindata/ancient/chain/era
INFO [06-01|10:59:15.669] Initializing the KZG library             backend=gokzg
INFO [06-01|10:59:15.670] Allocated trie memory caches             clean=0.00B dirty=0.00B
INFO [06-01|10:59:15.680] Using pebble as the backing database
INFO [06-01|10:59:15.680] Allocated cache and file handles         database=/mnt/state_expiry_vol_data/ubt-vs-pbt-dbs/ubt/geth/chaindata cache=16.00MiB handles=262,144
INFO [06-01|10:59:15.883] Opened ancient database                  database=/mnt/state_expiry_vol_data/ubt-vs-pbt-dbs/ubt/geth/chaindata/ancient/chain readonly=false
INFO [06-01|10:59:15.883] Opened Era store                         datadir=/mnt/state_expiry_vol_data/ubt-vs-pbt-dbs/ubt/geth/chaindata/ancient/chain/era
INFO [06-01|10:59:15.889] State scheme set to already existing     scheme=path
INFO [06-01|10:59:15.889] Initialising Ethereum protocol           network=1337 dbversion=9
INFO [06-01|10:59:15.889] Load database journal from file          path=/mnt/state_expiry_vol_data/ubt-vs-pbt-dbs/ubt/geth/triedb/verkle.journal
INFO [06-01|10:59:15.995] Opened ancient database                  database=/mnt/state_expiry_vol_data/ubt-vs-pbt-dbs/ubt/geth/chaindata/ancient/state_verkle readonly=false
INFO [06-01|10:59:15.997] State snapshot generator is not compatible
INFO [06-01|10:59:15.997] Initialized path database                triecache=0.00B statecache=0.00B buffer=0.00B state-history="last 90000 blocks" journal-dir=/mnt/state_expiry_vol_data/ubt-vs-pbt-dbs/ubt/geth/triedb verkle=true
INFO [06-01|10:59:15.997] 
INFO [06-01|10:59:15.997] ---------------------------------------------------------------------------------------------------------------------------------------------------------
INFO [06-01|10:59:15.997] Chain ID:  1337 (unknown)
INFO [06-01|10:59:15.997] Consensus: unknown
INFO [06-01|10:59:15.997] 
INFO [06-01|10:59:15.997] Pre-Merge hard forks (block based):
INFO [06-01|10:59:15.997]  - Homestead:                   #0       
INFO [06-01|10:59:15.997]  - Tangerine Whistle (EIP 150): #0       
INFO [06-01|10:59:15.997]  - Spurious Dragon/1 (EIP 155): #0       
INFO [06-01|10:59:15.997]  - Spurious Dragon/2 (EIP 158): #0       
INFO [06-01|10:59:15.997]  - Byzantium:                   #0       
INFO [06-01|10:59:15.997]  - Constantinople:              #0       
INFO [06-01|10:59:15.997]  - Petersburg:                  #0       
INFO [06-01|10:59:15.997]  - Istanbul:                    #0       
INFO [06-01|10:59:15.997]  - Berlin:                      #0       
INFO [06-01|10:59:15.997]  - London:                      #0       
INFO [06-01|10:59:15.997]  - Arrow Glacier:               #0       
INFO [06-01|10:59:15.997]  - Gray Glacier:                #0       
INFO [06-01|10:59:15.997] 
INFO [06-01|10:59:15.997] Merge configured:
INFO [06-01|10:59:15.997]  - Total terminal difficulty:  0
INFO [06-01|10:59:15.997]  - Merge netsplit block:       #0       
INFO [06-01|10:59:15.997] 
INFO [06-01|10:59:15.997] Post-Merge hard forks (timestamp based):
INFO [06-01|10:59:15.997]  - Shanghai:                    @0         
INFO [06-01|10:59:15.997]  - Cancun:                      @0          blob: (target: 3, max: 6, fraction: 3338477)
INFO [06-01|10:59:15.997]  - Prague:                      @0          blob: (target: 6, max: 9, fraction: 5007716)
INFO [06-01|10:59:15.997]  - Osaka:                       @0          blob: (target: 6, max: 9, fraction: 5007716)
INFO [06-01|10:59:15.997]  - UBT:                         @0          blob: (nil)
INFO [06-01|10:59:15.997] 
INFO [06-01|10:59:15.997] All fork specifications can be found at https://ethereum.github.io/execution-specs/src/ethereum/forks/
INFO [06-01|10:59:15.997] 
INFO [06-01|10:59:15.997] ---------------------------------------------------------------------------------------------------------------------------------------------------------
INFO [06-01|10:59:15.997] 
INFO [06-01|10:59:15.999] Loaded most recent local block           number=4074 hash=ced470..2406ef age=2s
INFO [06-01|10:59:15.999] Loaded most recent local finalized block number=4064 hash=bf3bb8..423ed0 age=17s
INFO [06-01|10:59:16.000] Initialized transaction indexer          range="last 2350000 blocks"
INFO [06-01|10:59:16.000] Initialized log indexer                  firstblock=0 lastblock=4074 firstmap=0 lastmap=0 headindexed=true
INFO [06-01|10:59:16.047] Enabled full-sync                        head=4074 hash=ced470..2406ef
INFO [06-01|10:59:16.047] Unprotected transactions allowed
INFO [06-01|10:59:16.047] Gasprice oracle is ignoring threshold set threshold=2
INFO [06-01|10:59:16.048] Registered sync override service
WARN [06-01|10:59:16.048] You are running Geth in --dev mode. Please note the following:
WARN [06-01|10:59:16.048] 
WARN [06-01|10:59:16.048]   1. This mode is only intended for fast, iterative development without assumptions on
WARN [06-01|10:59:16.048]      security or persistence.
WARN [06-01|10:59:16.048]   2. The database is created in memory unless specified otherwise. Therefore, shutting down
WARN [06-01|10:59:16.048]      your computer or losing power will wipe your entire block data and chain state for
WARN [06-01|10:59:16.048]      your dev environment.
WARN [06-01|10:59:16.048]   3. A random, pre-allocated developer account will be available and unlocked as
WARN [06-01|10:59:16.048]      eth.coinbase, which can be used for testing. The random dev account is temporary,
WARN [06-01|10:59:16.048]      stored on a ramdisk, and will be lost if your machine is restarted.
WARN [06-01|10:59:16.048]   4. Mining is enabled by default. However, the client will only seal blocks if transactions
WARN [06-01|10:59:16.048]      are pending in the mempool. The miner's minimum accepted gas price is 1.
WARN [06-01|10:59:16.048]   5. Networking is disabled; there is no listen-address, the maximum number of peers is set
WARN [06-01|10:59:16.048]      to 0, and discovery is disabled.
WARN [06-01|10:59:16.048] 
INFO [06-01|10:59:16.048] Starting peer-to-peer node               instance=Geth/v1.17.3-unstable/linux-amd64/go1.24.9
WARN [06-01|10:59:16.048] P2P server will be useless, neither dialing nor listening
INFO [06-01|10:59:16.093] New local node record                    seq=1,780,289,664,638 id=c084d8867e8cc127 ip=127.0.0.1 udp=0 tcp=0
INFO [06-01|10:59:16.093] Started P2P networking                   self=enode://ed0ccbffbfc0dc9f1b0f8e55d585ad3e61215b1974f32d9388e7ae53563e3ebe0172c21d754fa202c3a63f95bef3ff3ea24339ffdabd0115c47ec5b8d33136a9@127.0.0.1:0
INFO [06-01|10:59:16.093] IPC endpoint opened                      url=/mnt/state_expiry_vol_data/ubt-vs-pbt-dbs/ubt/geth.ipc
ERROR[06-01|10:59:16.093] Unavailable modules in HTTP API list     unavailable=[personal] available="[admin debug web3 eth txpool miner net dev testing]"
INFO [06-01|10:59:16.094] HTTP server started                      endpoint=127.0.0.1:8545 auth=false prefix= cors= vhosts=localhost
INFO [06-01|10:59:16.094] WebSocket enabled                        url=ws://127.0.0.1:8546
INFO [06-01|10:59:16.410] Loaded local transaction journal         transactions=2889 dropped=0
INFO [06-01|10:59:17.389] Started log indexer
INFO [06-01|10:59:17.429] Starting work on payload                 id=0x03f27098072ff015
INFO [06-01|10:59:17.434] Updated payload                          id=0x03f27098072ff015 number=4075 hash=4b490d..b1ab52 txs=0 withdrawals=0 gas=0 fees=0 root=99dd6e..2d0718 elapsed=4.852ms
INFO [06-01|10:59:17.434] Stopping work on payload                 id=0x03f27098072ff015 reason=delivery
WARN [06-01|10:59:17.438] {"level":"warn","msg":"Slow block","block":{"number":4075,"hash":"0x4b490d1d62f4aff8ff2fde4a8de37dd04140d0981bdb01cf965f626678b1ab52","gas_used":0,"tx_count":0},"timing":{"execution_ms":0.045251,"state_read_ms":3.192568,"state_hash_ms":0.001554,"commit_ms":0.232233,"total_ms":3.700284},"throughput":{"mgas_per_sec":0},"state_reads":{"accounts":4,"storage_slots":0,"code":0,"code_bytes":0},"state_writes":{"accounts":0,"accounts_deleted":0,"storage_slots":0,"storage_slots_deleted":0,"code":0,"code_bytes":0},"cache":{"account":{"hits":0,"misses":4,"hit_rate":0},"storage":{"hits":0,"misses":0,"hit_rate":0},"code":{"hits":0,"misses":0,"hit_rate":0,"hit_bytes":0,"miss_bytes":0}}}
INFO [06-01|10:59:17.438] Imported new potential chain segment     number=4075 hash=4b490d..b1ab52 blocks=1 txs=0 mgas=0.000 elapsed=4.058ms mgasps=0.000 triediffs=3.96MiB triedirty=0.00B
INFO [06-01|10:59:17.438] Chain head was updated                   number=4075 hash=4b490d..b1ab52 root=99dd6e..2d0718 elapsed="68.982µs"
INFO [06-01|10:59:18.454] Starting work on payload                 id=0x03e63eeaf56089b1
INFO [06-01|10:59:18.464] Updated payload                          id=0x03e63eeaf56089b1 number=4076 hash=406ee6..35056c txs=0 withdrawals=0 gas=0 fees=0 root=99dd6e..2d0718 elapsed=9.327ms
INFO [06-01|10:59:18.464] Stopping work on payload                 id=0x03e63eeaf56089b1 reason=delivery
WARN [06-01|10:59:18.467] {"level":"warn","msg":"Slow block","block":{"number":4076,"hash":"0x406ee669c6d37d992ba97884ebb88c61b86cbf0f3485e49d48e0cffe6a35056c","gas_used":0,"tx_count":0},"timing":{"execution_ms":0.023755,"state_read_ms":2.80064,"state_hash_ms":0.001497,"commit_ms":0.112766,"total_ms":3.098104},"throughput":{"mgas_per_sec":0},"state_reads":{"accounts":4,"storage_slots":0,"code":0,"code_bytes":0},"state_writes":{"accounts":0,"accounts_deleted":0,"storage_slots":0,"storage_slots_deleted":0,"code":0,"code_bytes":0},"cache":{"account":{"hits":0,"misses":4,"hit_rate":0},"storage":{"hits":0,"misses":0,"hit_rate":0},"code":{"hits":0,"misses":0,"hit_rate":0,"hit_bytes":0,"miss_bytes":0}}}
INFO [06-01|10:59:18.467] Imported new potential chain segment     number=4076 hash=406ee6..35056c blocks=1 txs=0 mgas=0.000 elapsed=3.266ms    mgasps=0.000 triediffs=3.96MiB triedirty=0.00B
INFO [06-01|10:59:18.467] Chain head was updated                   number=4076 hash=406ee6..35056c root=99dd6e..2d0718 elapsed="56.055µs"
INFO [06-01|10:59:19.482] Starting work on payload                 id=0x03610e1bb4e5fc6a
INFO [06-01|10:59:19.498] Updated payload                          id=0x03610e1bb4e5fc6a number=4077 hash=eadda7..9b9389 txs=0 withdrawals=0 gas=0 fees=0 root=99dd6e..2d0718 elapsed=16.495ms
INFO [06-01|10:59:19.498] Stopping work on payload                 id=0x03610e1bb4e5fc6a reason=delivery
WARN [06-01|10:59:19.503] {"level":"warn","msg":"Slow block","block":{"number":4077,"hash":"0xeadda7e8d468c27077d67b89138dde8bff9f1f9f3598210ca2280087f39b9389","gas_used":0,"tx_count":0},"timing":{"execution_ms":0.046201,"state_read_ms":2.948028,"state_hash_ms":0.00212,"commit_ms":0.113197,"total_ms":3.254199},"throughput":{"mgas_per_sec":0},"state_reads":{"accounts":4,"storage_slots":0,"code":0,"code_bytes":0},"state_writes":{"accounts":0,"accounts_deleted":0,"storage_slots":0,"storage_slots_deleted":0,"code":0,"code_bytes":0},"cache":{"account":{"hits":0,"misses":4,"hit_rate":0},"storage":{"hits":0,"misses":0,"hit_rate":0},"code":{"hits":0,"misses":0,"hit_rate":0,"hit_bytes":0,"miss_bytes":0}}}
INFO [06-01|10:59:19.503] Imported new potential chain segment     number=4077 hash=eadda7..9b9389 blocks=1 txs=0 mgas=0.000 elapsed=4.120ms    mgasps=0.000 triediffs=3.96MiB triedirty=0.00B
INFO [06-01|10:59:19.503] Chain head was updated                   number=4077 hash=eadda7..9b9389 root=99dd6e..2d0718 elapsed="30.335µs"
INFO [06-01|10:59:19.603] Submitted contract creation              hash=0x997ededc0a8b35117b45eb9aa1da2114a5d8512ba4bf3ec371b3588a98b55e45 from=0xf39Fd6e51aad88F6F4ce6aB8827279cffFb92266 nonce=1189 contract=0x9Be48cB9Eb443E850316DD09cdF1c2E150b09245 value=0
INFO [06-01|10:59:19.604] Submitted transaction                    hash=0xc69266de2243ad8e2ccb8ff905c3a67b87d45c53aeaf0233ed2f5ce1ca560d4a from=0xf39Fd6e51aad88F6F4ce6aB8827279cffFb92266 nonce=1190 recipient=0x89380Cf27BB793bd17bba734C328807D13E32cf5 value=78,000,000
INFO [06-01|10:59:20.517] Starting work on payload                 id=0x03073aba94015068
INFO [06-01|10:59:20.543] Updated payload                          id=0x03073aba94015068 number=4078 hash=99d414..53267b txs=2 withdrawals=0 gas=86938 fees=5.21628e-13 root=e07851..b32f7e elapsed=25.835ms
INFO [06-01|10:59:20.543] Stopping work on payload                 id=0x03073aba94015068 reason=delivery
INFO [06-01|10:59:20.574] Paused snapshot generation
WARN [06-01|10:59:20.575] {"level":"warn","msg":"Slow block","block":{"number":4078,"hash":"0x99d414457c6f5c4ae9b2a0430479ef9417b35f237e8bfb2737fc50cad853267b","gas_used":86938,"tx_count":2},"timing":{"execution_ms":0.136853,"state_read_ms":22.382833,"state_hash_ms":3.767246,"commit_ms":4.804539,"total_ms":31.260427},"throughput":{"mgas_per_sec":2.781088051036539},"state_reads":{"accounts":11,"storage_slots":0,"code":0,"code_bytes":0},"state_writes":{"accounts":3,"accounts_deleted":0,"storage_slots":0,"storage_slots_deleted":0,"code":1,"code_bytes":165},"cache":{"account":{"hits":5,"misses":6,"hit_rate":45.45454545454545},"storage":{"hits":0,"misses":0,"hit_rate":0},"code":{"hits":0,"misses":0,"hit_rate":0,"hit_bytes":0,"miss_bytes":0}}}
INFO [06-01|10:59:20.575] Imported new potential chain segment     number=4078 hash=99d414..53267b blocks=1 txs=2 mgas=0.087 elapsed=31.404ms   mgasps=2.768 triediffs=3.96MiB triedirty=0.00B
INFO [06-01|10:59:20.575] Chain head was updated                   number=4078 hash=99d414..53267b root=e07851..b32f7e elapsed="193.608µs"
WARN [06-01|10:59:20.601] Snapshot generation is not permitted
INFO [06-01|10:59:20.616] Submitted transaction                    hash=0x59f5ef6605f2f4ce0f0cba8c3408be09211e4f256438c46762bd6ac8e9a8429e from=0x89380Cf27BB793bd17bba734C328807D13E32cf5 nonce=0    recipient=0x9Be48cB9Eb443E850316DD09cdF1c2E150b09245 value=0
INFO [06-01|10:59:21.580] Starting work on payload                 id=0x036d6ada5fdced40
INFO [06-01|10:59:21.661] Updated payload                          id=0x036d6ada5fdced40 number=4079 hash=9326ce..4cf1ae txs=1 withdrawals=0 gas=5,919,370 fees=3.551622e-11 root=678ebe..f453e2 elapsed=80.624ms
INFO [06-01|10:59:21.661] Stopping work on payload                 id=0x036d6ada5fdced40 reason=delivery
INFO [06-01|10:59:21.687] Paused snapshot generation
WARN [06-01|10:59:21.688] {"level":"warn","msg":"Slow block","block":{"number":4079,"hash":"0x9326cea570b1afdb445e24a3ba0dd5b6ccf8fbe179b68f1fa3249909ae4cf1ae","gas_used":5919370,"tx_count":1},"timing":{"execution_ms":3.620143,"state_read_ms":15.149665,"state_hash_ms":6.052993,"commit_ms":1.9924,"total_ms":26.993726},"throughput":{"mgas_per_sec":219.2868816998439},"state_reads":{"accounts":17,"storage_slots":283,"code":11,"code_bytes":445},"state_writes":{"accounts":12,"accounts_deleted":0,"storage_slots":254,"storage_slots_deleted":0,"code":0,"code_bytes":0},"cache":{"account":{"hits":6,"misses":11,"hit_rate":35.294117647058826},"storage":{"hits":132,"misses":151,"hit_rate":46.64310954063604},"code":{"hits":11,"misses":0,"hit_rate":100,"hit_bytes":445,"miss_bytes":0}}}
INFO [06-01|10:59:21.688] Imported new potential chain segment     number=4079 hash=9326ce..4cf1ae blocks=1 txs=1 mgas=5.919 elapsed=27.160ms    mgasps=217.940 triediffs=4.08MiB triedirty=0.00B
INFO [06-01|10:59:21.688] Chain head was updated                   number=4079 hash=9326ce..4cf1ae root=678ebe..f453e2 elapsed="83.926µs"
WARN [06-01|10:59:21.712] Snapshot generation is not permitted
INFO [06-01|10:59:22.635] Submitted transaction                    hash=0x46409536fc6df84cdb57074b73e4f7bc7f03459fe7a4c86b1df051a28792b311 from=0x89380Cf27BB793bd17bba734C328807D13E32cf5 nonce=1    recipient=0xf39Fd6e51aad88F6F4ce6aB8827279cffFb92266 value=796,190
INFO [06-01|10:59:22.711] Starting work on payload                 id=0x037e5862968e6243
INFO [06-01|10:59:22.718] Updated payload                          id=0x037e5862968e6243 number=4080 hash=cc730d..79ceb1 txs=1 withdrawals=0 gas=21000     fees=2.1e-14      root=0d5071..420077 elapsed=7.457ms
INFO [06-01|10:59:22.718] Stopping work on payload                 id=0x037e5862968e6243 reason=delivery
INFO [06-01|10:59:22.744] Paused snapshot generation
WARN [06-01|10:59:22.744] {"level":"warn","msg":"Slow block","block":{"number":4080,"hash":"0xcc730d541428a8ab08960fbf561334273c914e5891bc6a814cf20034ef79ceb1","gas_used":21000,"tx_count":1},"timing":{"execution_ms":0.077849,"state_read_ms":22.349946,"state_hash_ms":2.392017,"commit_ms":0.59982,"total_ms":25.576549},"throughput":{"mgas_per_sec":0.8210646401123154},"state_reads":{"accounts":6,"storage_slots":0,"code":0,"code_bytes":0},"state_writes":{"accounts":2,"accounts_deleted":0,"storage_slots":0,"storage_slots_deleted":0,"code":0,"code_bytes":0},"cache":{"account":{"hits":2,"misses":4,"hit_rate":33.33333333333333},"storage":{"hits":0,"misses":0,"hit_rate":0},"code":{"hits":0,"misses":0,"hit_rate":0,"hit_bytes":0,"miss_bytes":0}}}
INFO [06-01|10:59:22.744] Imported new potential chain segment     number=4080 hash=cc730d..79ceb1 blocks=1 txs=1 mgas=0.021 elapsed=25.730ms    mgasps=0.816   triediffs=4.07MiB triedirty=0.00B
INFO [06-01|10:59:22.744] Chain head was updated                   number=4080 hash=cc730d..79ceb1 root=0d5071..420077 elapsed="52.79µs"
WARN [06-01|10:59:22.776] Snapshot generation is not permitted
INFO [06-01|10:59:23.748] Starting work on payload                 id=0x036daaecbda4922b
INFO [06-01|10:59:23.752] Updated payload                          id=0x036daaecbda4922b number=4081 hash=0eac73..6c9510 txs=0 withdrawals=0 gas=0         fees=0            root=0d5071..420077 elapsed=3.497ms
INFO [06-01|10:59:23.752] Stopping work on payload                 id=0x036daaecbda4922b reason=delivery
WARN [06-01|10:59:23.772] {"level":"warn","msg":"Slow block","block":{"number":4081,"hash":"0x0eac73117a150e395426b4e4f6e2e941a99391974115a5e4e7cdd20d656c9510","gas_used":0,"tx_count":0},"timing":{"execution_ms":0.035473,"state_read_ms":19.988173,"state_hash_ms":0.004026,"commit_ms":0.126564,"total_ms":20.355495},"throughput":{"mgas_per_sec":0},"state_reads":{"accounts":4,"storage_slots":0,"code":0,"code_bytes":0},"state_writes":{"accounts":0,"accounts_deleted":0,"storage_slots":0,"storage_slots_deleted":0,"code":0,"code_bytes":0},"cache":{"account":{"hits":0,"misses":4,"hit_rate":0},"storage":{"hits":0,"misses":0,"hit_rate":0},"code":{"hits":0,"misses":0,"hit_rate":0,"hit_bytes":0,"miss_bytes":0}}}
INFO [06-01|10:59:23.772] Imported new potential chain segment     number=4081 hash=0eac73..6c9510 blocks=1 txs=0 mgas=0.000 elapsed=20.507ms    mgasps=0.000   triediffs=4.07MiB triedirty=0.00B
INFO [06-01|10:59:23.773] Chain head was updated                   number=4081 hash=0eac73..6c9510 root=0d5071..420077 elapsed="56.487µs"
