WARN [06-01|10:46:49.750] Unknown config environment variable      envvar=GETH_PBT_BIN
WARN [06-01|10:46:49.751] Unknown config environment variable      envvar=GETH_UBT_BIN
INFO [06-01|10:46:49.762] Starting Geth on Ethereum mainnet...
INFO [06-01|10:46:49.763] Maximum peer count                       ETH=0 total=0
INFO [06-01|10:46:49.764] Smartcard socket not found, disabling    err="stat /run/pcscd/pcscd.comm: no such file or directory"
WARN [06-01|10:46:49.767] Option --miner.etherbase is deprecated as the etherbase is set by the consensus client post-merge
WARN [06-01|10:46:49.769] Snap sync requested, resetting --cache.snapshot
INFO [06-01|10:46:49.769] Set global gas cap                       cap=50,000,000
INFO [06-01|10:46:50.577] Using developer account                  address=0xf39Fd6e51aad88F6F4ce6aB8827279cffFb92266
INFO [06-01|10:46:50.620] Using pebble as the backing database
INFO [06-01|10:46:50.620] Allocated cache and file handles         database=/mnt/state_expiry_vol_data/ubt-vs-pbt-dbs/ubt/geth/chaindata cache=16.00MiB handles=262,144
INFO [06-01|10:46:50.853] Opened ancient database                  database=/mnt/state_expiry_vol_data/ubt-vs-pbt-dbs/ubt/geth/chaindata/ancient/chain readonly=true
INFO [06-01|10:46:50.853] Opened Era store                         datadir=/mnt/state_expiry_vol_data/ubt-vs-pbt-dbs/ubt/geth/chaindata/ancient/chain/era
INFO [06-01|10:46:50.859] Initializing the KZG library             backend=gokzg
INFO [06-01|10:46:50.862] Allocated trie memory caches             clean=0.00B dirty=0.00B
INFO [06-01|10:46:50.878] Using pebble as the backing database
INFO [06-01|10:46:50.878] Allocated cache and file handles         database=/mnt/state_expiry_vol_data/ubt-vs-pbt-dbs/ubt/geth/chaindata cache=16.00MiB handles=262,144
INFO [06-01|10:46:51.105] Opened ancient database                  database=/mnt/state_expiry_vol_data/ubt-vs-pbt-dbs/ubt/geth/chaindata/ancient/chain readonly=false
INFO [06-01|10:46:51.105] Opened Era store                         datadir=/mnt/state_expiry_vol_data/ubt-vs-pbt-dbs/ubt/geth/chaindata/ancient/chain/era
INFO [06-01|10:46:51.112] State scheme set to already existing     scheme=path
INFO [06-01|10:46:51.112] Initialising Ethereum protocol           network=1337 dbversion=9
INFO [06-01|10:46:51.112] Load database journal from file          path=/mnt/state_expiry_vol_data/ubt-vs-pbt-dbs/ubt/geth/triedb/verkle.journal
INFO [06-01|10:46:51.170] Opened ancient database                  database=/mnt/state_expiry_vol_data/ubt-vs-pbt-dbs/ubt/geth/chaindata/ancient/state_verkle readonly=false
INFO [06-01|10:46:51.173] State snapshot generator is not compatible
INFO [06-01|10:46:51.173] Initialized path database                triecache=0.00B statecache=0.00B buffer=0.00B state-history="last 90000 blocks" journal-dir=/mnt/state_expiry_vol_data/ubt-vs-pbt-dbs/ubt/geth/triedb verkle=true
INFO [06-01|10:46:51.173] 
INFO [06-01|10:46:51.173] ---------------------------------------------------------------------------------------------------------------------------------------------------------
INFO [06-01|10:46:51.173] Chain ID:  1337 (unknown)
INFO [06-01|10:46:51.173] Consensus: unknown
INFO [06-01|10:46:51.173] 
INFO [06-01|10:46:51.173] Pre-Merge hard forks (block based):
INFO [06-01|10:46:51.173]  - Homestead:                   #0       
INFO [06-01|10:46:51.173]  - Tangerine Whistle (EIP 150): #0       
INFO [06-01|10:46:51.173]  - Spurious Dragon/1 (EIP 155): #0       
INFO [06-01|10:46:51.173]  - Spurious Dragon/2 (EIP 158): #0       
INFO [06-01|10:46:51.173]  - Byzantium:                   #0       
INFO [06-01|10:46:51.173]  - Constantinople:              #0       
INFO [06-01|10:46:51.173]  - Petersburg:                  #0       
INFO [06-01|10:46:51.173]  - Istanbul:                    #0       
INFO [06-01|10:46:51.173]  - Berlin:                      #0       
INFO [06-01|10:46:51.173]  - London:                      #0       
INFO [06-01|10:46:51.173]  - Arrow Glacier:               #0       
INFO [06-01|10:46:51.173]  - Gray Glacier:                #0       
INFO [06-01|10:46:51.173] 
INFO [06-01|10:46:51.173] Merge configured:
INFO [06-01|10:46:51.173]  - Total terminal difficulty:  0
INFO [06-01|10:46:51.173]  - Merge netsplit block:       #0       
INFO [06-01|10:46:51.173] 
INFO [06-01|10:46:51.173] Post-Merge hard forks (timestamp based):
INFO [06-01|10:46:51.173]  - Shanghai:                    @0         
INFO [06-01|10:46:51.173]  - Cancun:                      @0          blob: (target: 3, max: 6, fraction: 3338477)
INFO [06-01|10:46:51.173]  - Prague:                      @0          blob: (target: 6, max: 9, fraction: 5007716)
INFO [06-01|10:46:51.173]  - Osaka:                       @0          blob: (target: 6, max: 9, fraction: 5007716)
INFO [06-01|10:46:51.173]  - UBT:                         @0          blob: (nil)
INFO [06-01|10:46:51.173] 
INFO [06-01|10:46:51.173] All fork specifications can be found at https://ethereum.github.io/execution-specs/src/ethereum/forks/
INFO [06-01|10:46:51.173] 
INFO [06-01|10:46:51.173] ---------------------------------------------------------------------------------------------------------------------------------------------------------
INFO [06-01|10:46:51.173] 
INFO [06-01|10:46:51.176] Loaded most recent local block           number=3593 hash=e3efaa..6d0f0c age=4s
INFO [06-01|10:46:51.176] Loaded most recent local finalized block number=3584 hash=b24b85..ca4ff1 age=18s
INFO [06-01|10:46:51.177] Initialized transaction indexer          range="last 2350000 blocks"
INFO [06-01|10:46:51.178] Initialized log indexer                  firstblock=0 lastblock=3593 firstmap=0 lastmap=0 headindexed=true
INFO [06-01|10:46:51.244] Enabled full-sync                        head=3593 hash=e3efaa..6d0f0c
INFO [06-01|10:46:51.244] Unprotected transactions allowed
INFO [06-01|10:46:51.244] Gasprice oracle is ignoring threshold set threshold=2
INFO [06-01|10:46:51.244] Registered sync override service
WARN [06-01|10:46:51.245] You are running Geth in --dev mode. Please note the following:
WARN [06-01|10:46:51.245] 
WARN [06-01|10:46:51.245]   1. This mode is only intended for fast, iterative development without assumptions on
WARN [06-01|10:46:51.245]      security or persistence.
WARN [06-01|10:46:51.245]   2. The database is created in memory unless specified otherwise. Therefore, shutting down
WARN [06-01|10:46:51.245]      your computer or losing power will wipe your entire block data and chain state for
WARN [06-01|10:46:51.245]      your dev environment.
WARN [06-01|10:46:51.245]   3. A random, pre-allocated developer account will be available and unlocked as
WARN [06-01|10:46:51.245]      eth.coinbase, which can be used for testing. The random dev account is temporary,
WARN [06-01|10:46:51.245]      stored on a ramdisk, and will be lost if your machine is restarted.
WARN [06-01|10:46:51.245]   4. Mining is enabled by default. However, the client will only seal blocks if transactions
WARN [06-01|10:46:51.245]      are pending in the mempool. The miner's minimum accepted gas price is 1.
WARN [06-01|10:46:51.245]   5. Networking is disabled; there is no listen-address, the maximum number of peers is set
WARN [06-01|10:46:51.245]      to 0, and discovery is disabled.
WARN [06-01|10:46:51.245] 
INFO [06-01|10:46:51.245] Starting peer-to-peer node               instance=Geth/v1.17.3-unstable/linux-amd64/go1.24.9
WARN [06-01|10:46:51.245] P2P server will be useless, neither dialing nor listening
INFO [06-01|10:46:51.301] IPC endpoint opened                      url=/mnt/state_expiry_vol_data/ubt-vs-pbt-dbs/ubt/geth.ipc
ERROR[06-01|10:46:51.301] Unavailable modules in HTTP API list     unavailable=[personal] available="[admin debug web3 eth txpool miner net dev testing]"
INFO [06-01|10:46:51.301] New local node record                    seq=1,780,289,664,568 id=c084d8867e8cc127 ip=127.0.0.1 udp=0 tcp=0
INFO [06-01|10:46:51.302] Started P2P networking                   self=enode://ed0ccbffbfc0dc9f1b0f8e55d585ad3e61215b1974f32d9388e7ae53563e3ebe0172c21d754fa202c3a63f95bef3ff3ea24339ffdabd0115c47ec5b8d33136a9@127.0.0.1:0
INFO [06-01|10:46:51.302] HTTP server started                      endpoint=127.0.0.1:8545 auth=false prefix= cors= vhosts=localhost
INFO [06-01|10:46:51.302] WebSocket enabled                        url=ws://127.0.0.1:8546
INFO [06-01|10:46:51.593] Loaded local transaction journal         transactions=2609 dropped=0
INFO [06-01|10:46:52.603] Started log indexer
INFO [06-01|10:46:52.646] Starting work on payload                 id=0x036721219142ac15
INFO [06-01|10:46:52.649] Updated payload                          id=0x036721219142ac15 number=3594 hash=1aea30..491985 txs=0 withdrawals=0 gas=0 fees=0 root=fe5b99..733d27 elapsed=3.246ms
INFO [06-01|10:46:52.649] Stopping work on payload                 id=0x036721219142ac15 reason=delivery
WARN [06-01|10:46:52.655] {"level":"warn","msg":"Slow block","block":{"number":3594,"hash":"0x1aea3058d77eb9cadb362ea9a733864a28522d4b74ad60582e21863f61491985","gas_used":0,"tx_count":0},"timing":{"execution_ms":0.102919,"state_read_ms":5.177298,"state_hash_ms":0.002372,"commit_ms":0.24002,"total_ms":5.792726},"throughput":{"mgas_per_sec":0},"state_reads":{"accounts":4,"storage_slots":0,"code":0,"code_bytes":0},"state_writes":{"accounts":0,"accounts_deleted":0,"storage_slots":0,"storage_slots_deleted":0,"code":0,"code_bytes":0},"cache":{"account":{"hits":0,"misses":4,"hit_rate":0},"storage":{"hits":0,"misses":0,"hit_rate":0},"code":{"hits":0,"misses":0,"hit_rate":0,"hit_bytes":0,"miss_bytes":0}}}
INFO [06-01|10:46:52.656] Imported new potential chain segment     number=3594 hash=1aea30..491985 blocks=1 txs=0 mgas=0.000 elapsed=6.242ms mgasps=0.000 triediffs=1.36MiB triedirty=0.00B
INFO [06-01|10:46:52.656] Chain head was updated                   number=3594 hash=1aea30..491985 root=fe5b99..733d27 elapsed="72.928µs"
INFO [06-01|10:46:53.660] Starting work on payload                 id=0x038363eb2b12d0a6
INFO [06-01|10:46:53.665] Updated payload                          id=0x038363eb2b12d0a6 number=3595 hash=538ac2..609771 txs=0 withdrawals=0 gas=0 fees=0 root=fe5b99..733d27 elapsed=4.231ms
INFO [06-01|10:46:53.667] Stopping work on payload                 id=0x038363eb2b12d0a6 reason=delivery
WARN [06-01|10:46:53.683] {"level":"warn","msg":"Slow block","block":{"number":3595,"hash":"0x538ac2ba72bc9c266e26c29538cafea7b5dbc784c3151ae65fdd85dc9b609771","gas_used":0,"tx_count":0},"timing":{"execution_ms":0.03651,"state_read_ms":17.276687,"state_hash_ms":0.002598,"commit_ms":0.176398,"total_ms":17.7141},"throughput":{"mgas_per_sec":0},"state_reads":{"accounts":4,"storage_slots":0,"code":0,"code_bytes":0},"state_writes":{"accounts":0,"accounts_deleted":0,"storage_slots":0,"storage_slots_deleted":0,"code":0,"code_bytes":0},"cache":{"account":{"hits":0,"misses":4,"hit_rate":0},"storage":{"hits":0,"misses":0,"hit_rate":0},"code":{"hits":0,"misses":0,"hit_rate":0,"hit_bytes":0,"miss_bytes":0}}}
INFO [06-01|10:46:53.683] Imported new potential chain segment     number=3595 hash=538ac2..609771 blocks=1 txs=0 mgas=0.000 elapsed=17.936ms   mgasps=0.000 triediffs=1.36MiB triedirty=0.00B
INFO [06-01|10:46:53.683] Chain head was updated                   number=3595 hash=538ac2..609771 root=fe5b99..733d27 elapsed="46.653µs"
INFO [06-01|10:46:54.687] Starting work on payload                 id=0x03ade1ee294aeea4
INFO [06-01|10:46:54.696] Updated payload                          id=0x03ade1ee294aeea4 number=3596 hash=742600..fcf781 txs=0 withdrawals=0 gas=0 fees=0 root=fe5b99..733d27 elapsed=8.598ms
INFO [06-01|10:46:54.696] Stopping work on payload                 id=0x03ade1ee294aeea4 reason=delivery
WARN [06-01|10:46:54.700] {"level":"warn","msg":"Slow block","block":{"number":3596,"hash":"0x742600efefd72d3066ed85c027526cc165d48f1ef5ad3011dd9fce5106fcf781","gas_used":0,"tx_count":0},"timing":{"execution_ms":0.02349,"state_read_ms":2.87121,"state_hash_ms":0.001908,"commit_ms":0.106374,"total_ms":3.155944},"throughput":{"mgas_per_sec":0},"state_reads":{"accounts":4,"storage_slots":0,"code":0,"code_bytes":0},"state_writes":{"accounts":0,"accounts_deleted":0,"storage_slots":0,"storage_slots_deleted":0,"code":0,"code_bytes":0},"cache":{"account":{"hits":0,"misses":4,"hit_rate":0},"storage":{"hits":0,"misses":0,"hit_rate":0},"code":{"hits":0,"misses":0,"hit_rate":0,"hit_bytes":0,"miss_bytes":0}}}
INFO [06-01|10:46:54.700] Imported new potential chain segment     number=3596 hash=742600..fcf781 blocks=1 txs=0 mgas=0.000 elapsed=3.307ms    mgasps=0.000 triediffs=1.36MiB triedirty=0.00B
INFO [06-01|10:46:54.700] Chain head was updated                   number=3596 hash=742600..fcf781 root=fe5b99..733d27 elapsed="32.25µs"
INFO [06-01|10:46:54.744] Submitted contract creation              hash=0xc16eadb9369fb416691fb6f257aa878682b25df252d11d63ae1a14af1f9e900e from=0xf39Fd6e51aad88F6F4ce6aB8827279cffFb92266 nonce=1049 contract=0x11457D5b1025D162F3d9B7dBeab6E1fBca20e043 value=0
INFO [06-01|10:46:54.744] Submitted transaction                    hash=0x19475a0ba851cb023c92651c99fed920c8db9401f834c27e3af308e6358f734c from=0xf39Fd6e51aad88F6F4ce6aB8827279cffFb92266 nonce=1050 recipient=0xDe61d99982bf3377Aa521301859b75f1b16dE445 value=78,000,000
INFO [06-01|10:46:55.713] Starting work on payload                 id=0x0391e2d86467812a
INFO [06-01|10:46:55.751] Updated payload                          id=0x0391e2d86467812a number=3597 hash=ad79b9..794c8a txs=2 withdrawals=0 gas=86852 fees=5.21112e-13 root=0ecb73..707352 elapsed=37.979ms
INFO [06-01|10:46:55.751] Stopping work on payload                 id=0x0391e2d86467812a reason=delivery
INFO [06-01|10:46:55.774] Paused snapshot generation
WARN [06-01|10:46:55.775] {"level":"warn","msg":"Slow block","block":{"number":3597,"hash":"0xad79b9feb9c47436987b6a00b30734c4cf9698fa7b007f74c2e283034f794c8a","gas_used":86852,"tx_count":2},"timing":{"execution_ms":0.148398,"state_read_ms":3.42095,"state_hash_ms":14.863108,"commit_ms":4.789498,"total_ms":23.372559},"throughput":{"mgas_per_sec":3.715981634702473},"state_reads":{"accounts":11,"storage_slots":0,"code":0,"code_bytes":0},"state_writes":{"accounts":3,"accounts_deleted":0,"storage_slots":0,"storage_slots_deleted":0,"code":1,"code_bytes":157},"cache":{"account":{"hits":5,"misses":6,"hit_rate":45.45454545454545},"storage":{"hits":0,"misses":0,"hit_rate":0},"code":{"hits":0,"misses":0,"hit_rate":0,"hit_bytes":0,"miss_bytes":0}}}
INFO [06-01|10:46:55.775] Imported new potential chain segment     number=3597 hash=ad79b9..794c8a blocks=1 txs=2 mgas=0.087 elapsed=23.623ms   mgasps=3.677 triediffs=1.36MiB triedirty=0.00B
INFO [06-01|10:46:55.775] Chain head was updated                   number=3597 hash=ad79b9..794c8a root=0ecb73..707352 elapsed="236.434µs"
WARN [06-01|10:46:55.793] Snapshot generation is not permitted
INFO [06-01|10:46:56.761] Submitted transaction                    hash=0x23fc97b4e069a69650dbc2a380001aea9b1956b0c2fee6ab51068fab773b19cb from=0xDe61d99982bf3377Aa521301859b75f1b16dE445 nonce=0    recipient=0x11457D5b1025D162F3d9B7dBeab6E1fBca20e043 value=0
INFO [06-01|10:46:56.797] Starting work on payload                 id=0x0352dc161713a8b5
INFO [06-01|10:46:56.954] Updated payload                          id=0x0352dc161713a8b5 number=3598 hash=2ae8ab..b66f37 txs=1 withdrawals=0 gas=5,900,240 fees=3.540144e-11 root=58f2e2..c59c0f elapsed=157.192ms
INFO [06-01|10:46:56.955] Stopping work on payload                 id=0x0352dc161713a8b5 reason=delivery
INFO [06-01|10:46:57.073] Paused snapshot generation
WARN [06-01|10:46:57.073] {"level":"warn","msg":"Slow block","block":{"number":3598,"hash":"0x2ae8abec84f86aad13254ab8a182d792e4275200d6894e72c813fbf423b66f37","gas_used":5900240,"tx_count":1},"timing":{"execution_ms":105.625345,"state_read_ms":8.728745,"state_hash_ms":2.331264,"commit_ms":0.757383,"total_ms":117.67435},"throughput":{"mgas_per_sec":50.14040867869676},"state_reads":{"accounts":107,"storage_slots":258,"code":101,"code_bytes":2957},"state_writes":{"accounts":2,"accounts_deleted":0,"storage_slots":0,"storage_slots_deleted":0,"code":0,"code_bytes":0},"cache":{"account":{"hits":40,"misses":67,"hit_rate":37.38317757009346},"storage":{"hits":110,"misses":148,"hit_rate":42.63565891472868},"code":{"hits":101,"misses":0,"hit_rate":100,"hit_bytes":2957,"miss_bytes":0}}}
INFO [06-01|10:46:57.073] Imported new potential chain segment     number=3598 hash=2ae8ab..b66f37 blocks=1 txs=1 mgas=5.900 elapsed=118.172ms   mgasps=49.929 triediffs=1.36MiB triedirty=0.00B
INFO [06-01|10:46:57.073] Chain head was updated                   number=3598 hash=2ae8ab..b66f37 root=58f2e2..c59c0f elapsed="141.398µs"
WARN [06-01|10:46:57.099] Snapshot generation is not permitted
INFO [06-01|10:46:57.775] Submitted transaction                    hash=0x1b77cbfb31fce453a81bcecf5dea77d39a648aa9b3647b2be3099c576d408a98 from=0xDe61d99982bf3377Aa521301859b75f1b16dE445 nonce=1    recipient=0xf39Fd6e51aad88F6F4ce6aB8827279cffFb92266 value=1,044,880
INFO [06-01|10:46:58.088] Starting work on payload                 id=0x0395ef08746dcc46
INFO [06-01|10:46:58.114] Updated payload                          id=0x0395ef08746dcc46 number=3599 hash=9f6f2d..ad38e4 txs=1 withdrawals=0 gas=21000     fees=2.1e-14      root=019657..386749 elapsed=25.602ms
INFO [06-01|10:46:58.114] Stopping work on payload                 id=0x0395ef08746dcc46 reason=delivery
INFO [06-01|10:46:58.120] Paused snapshot generation
WARN [06-01|10:46:58.121] {"level":"warn","msg":"Slow block","block":{"number":3599,"hash":"0x9f6f2d0718ec50845552c57ee80560c6166672db650f9fe3548cd83d87ad38e4","gas_used":21000,"tx_count":1},"timing":{"execution_ms":0.072857,"state_read_ms":3.068269,"state_hash_ms":2.413013,"commit_ms":0.605099,"total_ms":6.375425},"throughput":{"mgas_per_sec":3.293898053855233},"state_reads":{"accounts":6,"storage_slots":0,"code":0,"code_bytes":0},"state_writes":{"accounts":2,"accounts_deleted":0,"storage_slots":0,"storage_slots_deleted":0,"code":0,"code_bytes":0},"cache":{"account":{"hits":2,"misses":4,"hit_rate":33.33333333333333},"storage":{"hits":0,"misses":0,"hit_rate":0},"code":{"hits":0,"misses":0,"hit_rate":0,"hit_bytes":0,"miss_bytes":0}}}
INFO [06-01|10:46:58.121] Imported new potential chain segment     number=3599 hash=9f6f2d..ad38e4 blocks=1 txs=1 mgas=0.021 elapsed=6.594ms     mgasps=3.184  triediffs=1.36MiB triedirty=0.00B
INFO [06-01|10:46:58.121] Chain head was updated                   number=3599 hash=9f6f2d..ad38e4 root=019657..386749 elapsed="56.1µs"
WARN [06-01|10:46:58.149] Snapshot generation is not permitted
INFO [06-01|10:46:59.136] Starting work on payload                 id=0x034f9733b50ac578
INFO [06-01|10:46:59.143] Updated payload                          id=0x034f9733b50ac578 number=3600 hash=e0dcd3..603150 txs=0 withdrawals=0 gas=0         fees=0            root=019657..386749 elapsed=7.085ms
INFO [06-01|10:46:59.143] Stopping work on payload                 id=0x034f9733b50ac578 reason=delivery
WARN [06-01|10:46:59.148] {"level":"warn","msg":"Slow block","block":{"number":3600,"hash":"0xe0dcd3c9f19c316b2c2d6ebcd0bb8c81a424bf877a8bd4dfb807fc1b99603150","gas_used":0,"tx_count":0},"timing":{"execution_ms":0.028963,"state_read_ms":3.170846,"state_hash_ms":0.001833,"commit_ms":0.113435,"total_ms":3.551415},"throughput":{"mgas_per_sec":0},"state_reads":{"accounts":4,"storage_slots":0,"code":0,"code_bytes":0},"state_writes":{"accounts":0,"accounts_deleted":0,"storage_slots":0,"storage_slots_deleted":0,"code":0,"code_bytes":0},"cache":{"account":{"hits":0,"misses":4,"hit_rate":0},"storage":{"hits":0,"misses":0,"hit_rate":0},"code":{"hits":0,"misses":0,"hit_rate":0,"hit_bytes":0,"miss_bytes":0}}}
INFO [06-01|10:46:59.148] Imported new potential chain segment     number=3600 hash=e0dcd3..603150 blocks=1 txs=0 mgas=0.000 elapsed=3.834ms     mgasps=0.000  triediffs=1.36MiB triedirty=0.00B
INFO [06-01|10:46:59.148] Chain head was updated                   number=3600 hash=e0dcd3..603150 root=019657..386749 elapsed="37.714µs"
