WARN [06-01|10:54:36.984] Unknown config environment variable      envvar=GETH_PBT_BIN
WARN [06-01|10:54:36.984] Unknown config environment variable      envvar=GETH_UBT_BIN
INFO [06-01|10:54:36.996] Starting Geth on Ethereum mainnet...
INFO [06-01|10:54:36.999] Maximum peer count                       ETH=0 total=0
INFO [06-01|10:54:37.001] Smartcard socket not found, disabling    err="stat /run/pcscd/pcscd.comm: no such file or directory"
WARN [06-01|10:54:37.004] Option --miner.etherbase is deprecated as the etherbase is set by the consensus client post-merge
WARN [06-01|10:54:37.007] Snap sync requested, resetting --cache.snapshot
INFO [06-01|10:54:37.007] Set global gas cap                       cap=50,000,000
INFO [06-01|10:54:37.843] Using developer account                  address=0xf39Fd6e51aad88F6F4ce6aB8827279cffFb92266
INFO [06-01|10:54:37.890] Using pebble as the backing database
INFO [06-01|10:54:37.890] Allocated cache and file handles         database=/mnt/state_expiry_vol_data/ubt-vs-pbt-dbs/ubt/geth/chaindata cache=16.00MiB handles=262,144
INFO [06-01|10:54:38.119] Opened ancient database                  database=/mnt/state_expiry_vol_data/ubt-vs-pbt-dbs/ubt/geth/chaindata/ancient/chain readonly=true
INFO [06-01|10:54:38.119] Opened Era store                         datadir=/mnt/state_expiry_vol_data/ubt-vs-pbt-dbs/ubt/geth/chaindata/ancient/chain/era
INFO [06-01|10:54:38.127] Initializing the KZG library             backend=gokzg
INFO [06-01|10:54:38.130] Allocated trie memory caches             clean=0.00B dirty=0.00B
INFO [06-01|10:54:38.142] Using pebble as the backing database
INFO [06-01|10:54:38.142] Allocated cache and file handles         database=/mnt/state_expiry_vol_data/ubt-vs-pbt-dbs/ubt/geth/chaindata cache=16.00MiB handles=262,144
INFO [06-01|10:54:38.332] Opened ancient database                  database=/mnt/state_expiry_vol_data/ubt-vs-pbt-dbs/ubt/geth/chaindata/ancient/chain readonly=false
INFO [06-01|10:54:38.332] Opened Era store                         datadir=/mnt/state_expiry_vol_data/ubt-vs-pbt-dbs/ubt/geth/chaindata/ancient/chain/era
INFO [06-01|10:54:38.345] State scheme set to already existing     scheme=path
INFO [06-01|10:54:38.345] Initialising Ethereum protocol           network=1337 dbversion=9
INFO [06-01|10:54:38.345] Load database journal from file          path=/mnt/state_expiry_vol_data/ubt-vs-pbt-dbs/ubt/geth/triedb/verkle.journal
INFO [06-01|10:54:38.411] Opened ancient database                  database=/mnt/state_expiry_vol_data/ubt-vs-pbt-dbs/ubt/geth/chaindata/ancient/state_verkle readonly=false
INFO [06-01|10:54:38.414] State snapshot generator is not compatible
INFO [06-01|10:54:38.414] Initialized path database                triecache=0.00B statecache=0.00B buffer=0.00B state-history="last 90000 blocks" journal-dir=/mnt/state_expiry_vol_data/ubt-vs-pbt-dbs/ubt/geth/triedb verkle=true
INFO [06-01|10:54:38.414] 
INFO [06-01|10:54:38.414] ---------------------------------------------------------------------------------------------------------------------------------------------------------
INFO [06-01|10:54:38.414] Chain ID:  1337 (unknown)
INFO [06-01|10:54:38.414] Consensus: unknown
INFO [06-01|10:54:38.414] 
INFO [06-01|10:54:38.414] Pre-Merge hard forks (block based):
INFO [06-01|10:54:38.414]  - Homestead:                   #0       
INFO [06-01|10:54:38.414]  - Tangerine Whistle (EIP 150): #0       
INFO [06-01|10:54:38.414]  - Spurious Dragon/1 (EIP 155): #0       
INFO [06-01|10:54:38.414]  - Spurious Dragon/2 (EIP 158): #0       
INFO [06-01|10:54:38.414]  - Byzantium:                   #0       
INFO [06-01|10:54:38.414]  - Constantinople:              #0       
INFO [06-01|10:54:38.414]  - Petersburg:                  #0       
INFO [06-01|10:54:38.414]  - Istanbul:                    #0       
INFO [06-01|10:54:38.414]  - Berlin:                      #0       
INFO [06-01|10:54:38.414]  - London:                      #0       
INFO [06-01|10:54:38.414]  - Arrow Glacier:               #0       
INFO [06-01|10:54:38.414]  - Gray Glacier:                #0       
INFO [06-01|10:54:38.414] 
INFO [06-01|10:54:38.414] Merge configured:
INFO [06-01|10:54:38.414]  - Total terminal difficulty:  0
INFO [06-01|10:54:38.414]  - Merge netsplit block:       #0       
INFO [06-01|10:54:38.414] 
INFO [06-01|10:54:38.414] Post-Merge hard forks (timestamp based):
INFO [06-01|10:54:38.414]  - Shanghai:                    @0         
INFO [06-01|10:54:38.414]  - Cancun:                      @0          blob: (target: 3, max: 6, fraction: 3338477)
INFO [06-01|10:54:38.414]  - Prague:                      @0          blob: (target: 6, max: 9, fraction: 5007716)
INFO [06-01|10:54:38.414]  - Osaka:                       @0          blob: (target: 6, max: 9, fraction: 5007716)
INFO [06-01|10:54:38.414]  - UBT:                         @0          blob: (nil)
INFO [06-01|10:54:38.414] 
INFO [06-01|10:54:38.414] All fork specifications can be found at https://ethereum.github.io/execution-specs/src/ethereum/forks/
INFO [06-01|10:54:38.414] 
INFO [06-01|10:54:38.414] ---------------------------------------------------------------------------------------------------------------------------------------------------------
INFO [06-01|10:54:38.414] 
INFO [06-01|10:54:38.416] Loaded most recent local block           number=3894 hash=e79d55..b426fe age=3s
INFO [06-01|10:54:38.416] Loaded most recent local finalized block number=3872 hash=14f1fe..c71b59 age=37s
INFO [06-01|10:54:38.417] Initialized transaction indexer          range="last 2350000 blocks"
INFO [06-01|10:54:38.417] Initialized log indexer                  firstblock=0 lastblock=3894 firstmap=0 lastmap=0 headindexed=true
INFO [06-01|10:54:38.469] Enabled full-sync                        head=3894 hash=e79d55..b426fe
INFO [06-01|10:54:38.469] Unprotected transactions allowed
INFO [06-01|10:54:38.469] Gasprice oracle is ignoring threshold set threshold=2
INFO [06-01|10:54:38.470] Registered sync override service
WARN [06-01|10:54:38.470] You are running Geth in --dev mode. Please note the following:
WARN [06-01|10:54:38.470] 
WARN [06-01|10:54:38.470]   1. This mode is only intended for fast, iterative development without assumptions on
WARN [06-01|10:54:38.470]      security or persistence.
WARN [06-01|10:54:38.470]   2. The database is created in memory unless specified otherwise. Therefore, shutting down
WARN [06-01|10:54:38.470]      your computer or losing power will wipe your entire block data and chain state for
WARN [06-01|10:54:38.470]      your dev environment.
WARN [06-01|10:54:38.470]   3. A random, pre-allocated developer account will be available and unlocked as
WARN [06-01|10:54:38.470]      eth.coinbase, which can be used for testing. The random dev account is temporary,
WARN [06-01|10:54:38.470]      stored on a ramdisk, and will be lost if your machine is restarted.
WARN [06-01|10:54:38.470]   4. Mining is enabled by default. However, the client will only seal blocks if transactions
WARN [06-01|10:54:38.470]      are pending in the mempool. The miner's minimum accepted gas price is 1.
WARN [06-01|10:54:38.470]   5. Networking is disabled; there is no listen-address, the maximum number of peers is set
WARN [06-01|10:54:38.470]      to 0, and discovery is disabled.
WARN [06-01|10:54:38.470] 
INFO [06-01|10:54:38.470] Starting peer-to-peer node               instance=Geth/v1.17.3-unstable/linux-amd64/go1.24.9
WARN [06-01|10:54:38.470] P2P server will be useless, neither dialing nor listening
INFO [06-01|10:54:38.515] IPC endpoint opened                      url=/mnt/state_expiry_vol_data/ubt-vs-pbt-dbs/ubt/geth.ipc
ERROR[06-01|10:54:38.515] Unavailable modules in HTTP API list     unavailable=[personal] available="[admin debug web3 eth txpool miner net dev testing]"
INFO [06-01|10:54:38.516] New local node record                    seq=1,780,289,664,612 id=c084d8867e8cc127 ip=127.0.0.1 udp=0 tcp=0
INFO [06-01|10:54:38.516] Started P2P networking                   self=enode://ed0ccbffbfc0dc9f1b0f8e55d585ad3e61215b1974f32d9388e7ae53563e3ebe0172c21d754fa202c3a63f95bef3ff3ea24339ffdabd0115c47ec5b8d33136a9@127.0.0.1:0
INFO [06-01|10:54:38.516] HTTP server started                      endpoint=127.0.0.1:8545 auth=false prefix= cors= vhosts=localhost
INFO [06-01|10:54:38.516] WebSocket enabled                        url=ws://127.0.0.1:8546
INFO [06-01|10:54:38.829] Loaded local transaction journal         transactions=2785 dropped=0
INFO [06-01|10:54:39.767] Started log indexer
INFO [06-01|10:54:39.808] Starting work on payload                 id=0x03dd2fc47bd1319c
INFO [06-01|10:54:39.813] Updated payload                          id=0x03dd2fc47bd1319c number=3895 hash=705467..981b6d txs=0 withdrawals=0 gas=0 fees=0 root=f05645..05d4e9 elapsed=5.438ms
INFO [06-01|10:54:39.813] Stopping work on payload                 id=0x03dd2fc47bd1319c reason=delivery
WARN [06-01|10:54:39.817] {"level":"warn","msg":"Slow block","block":{"number":3895,"hash":"0x705467fb6c88985a76b74f08cba71aa4f5bd3a1a83ca0fc8a68535c1bc981b6d","gas_used":0,"tx_count":0},"timing":{"execution_ms":0.030409,"state_read_ms":2.880468,"state_hash_ms":0.001621,"commit_ms":0.227488,"total_ms":3.403599},"throughput":{"mgas_per_sec":0},"state_reads":{"accounts":4,"storage_slots":0,"code":0,"code_bytes":0},"state_writes":{"accounts":0,"accounts_deleted":0,"storage_slots":0,"storage_slots_deleted":0,"code":0,"code_bytes":0},"cache":{"account":{"hits":0,"misses":4,"hit_rate":0},"storage":{"hits":0,"misses":0,"hit_rate":0},"code":{"hits":0,"misses":0,"hit_rate":0,"hit_bytes":0,"miss_bytes":0}}}
INFO [06-01|10:54:39.817] Imported new potential chain segment     number=3895 hash=705467..981b6d blocks=1 txs=0 mgas=0.000 elapsed=3.687ms mgasps=0.000 triediffs=1.73MiB triedirty=0.00B
INFO [06-01|10:54:39.817] Chain head was updated                   number=3895 hash=705467..981b6d root=f05645..05d4e9 elapsed="51.358µs"
INFO [06-01|10:54:40.822] Starting work on payload                 id=0x0342b2f8518983cc
INFO [06-01|10:54:40.833] Updated payload                          id=0x0342b2f8518983cc number=3896 hash=a9c4e3..150754 txs=0 withdrawals=0 gas=0 fees=0 root=f05645..05d4e9 elapsed=10.501ms
INFO [06-01|10:54:40.833] Stopping work on payload                 id=0x0342b2f8518983cc reason=delivery
WARN [06-01|10:54:40.840] {"level":"warn","msg":"Slow block","block":{"number":3896,"hash":"0xa9c4e3478c1ba7533493e65eaa62b4d8adc049fbfb201cccd5861f8bd0150754","gas_used":0,"tx_count":0},"timing":{"execution_ms":0.048713,"state_read_ms":5.814433,"state_hash_ms":0.00244,"commit_ms":0.157807,"total_ms":6.19778},"throughput":{"mgas_per_sec":0},"state_reads":{"accounts":4,"storage_slots":0,"code":0,"code_bytes":0},"state_writes":{"accounts":0,"accounts_deleted":0,"storage_slots":0,"storage_slots_deleted":0,"code":0,"code_bytes":0},"cache":{"account":{"hits":0,"misses":4,"hit_rate":0},"storage":{"hits":0,"misses":0,"hit_rate":0},"code":{"hits":0,"misses":0,"hit_rate":0,"hit_bytes":0,"miss_bytes":0}}}
INFO [06-01|10:54:40.840] Imported new potential chain segment     number=3896 hash=a9c4e3..150754 blocks=1 txs=0 mgas=0.000 elapsed=6.408ms    mgasps=0.000 triediffs=1.73MiB triedirty=0.00B
INFO [06-01|10:54:40.840] Chain head was updated                   number=3896 hash=a9c4e3..150754 root=f05645..05d4e9 elapsed="45.745µs"
INFO [06-01|10:54:41.858] Starting work on payload                 id=0x03ac61141b7d132f
INFO [06-01|10:54:41.874] Updated payload                          id=0x03ac61141b7d132f number=3897 hash=f791e0..8ac373 txs=0 withdrawals=0 gas=0 fees=0 root=f05645..05d4e9 elapsed=15.815ms
INFO [06-01|10:54:41.874] Stopping work on payload                 id=0x03ac61141b7d132f reason=delivery
WARN [06-01|10:54:41.895] {"level":"warn","msg":"Slow block","block":{"number":3897,"hash":"0xf791e0ba826cdc2beca59f15e1bac130af3af3cec45c7031bce438f0d68ac373","gas_used":0,"tx_count":0},"timing":{"execution_ms":0.042355,"state_read_ms":20.07605,"state_hash_ms":0.002647,"commit_ms":0.106921,"total_ms":20.388902},"throughput":{"mgas_per_sec":0},"state_reads":{"accounts":4,"storage_slots":0,"code":0,"code_bytes":0},"state_writes":{"accounts":0,"accounts_deleted":0,"storage_slots":0,"storage_slots_deleted":0,"code":0,"code_bytes":0},"cache":{"account":{"hits":0,"misses":4,"hit_rate":0},"storage":{"hits":0,"misses":0,"hit_rate":0},"code":{"hits":0,"misses":0,"hit_rate":0,"hit_bytes":0,"miss_bytes":0}}}
INFO [06-01|10:54:41.895] Imported new potential chain segment     number=3897 hash=f791e0..8ac373 blocks=1 txs=0 mgas=0.000 elapsed=20.570ms   mgasps=0.000 triediffs=1.73MiB triedirty=0.00B
INFO [06-01|10:54:41.895] Chain head was updated                   number=3897 hash=f791e0..8ac373 root=f05645..05d4e9 elapsed="59.94µs"
INFO [06-01|10:54:42.020] Submitted contract creation              hash=0xe2b5e6e90daf374bd4ff856763c585437e3c018cc57bccbf979a40731b4fd1a6 from=0xf39Fd6e51aad88F6F4ce6aB8827279cffFb92266 nonce=1137 contract=0xD9d572665156732D1B61f3Bc3cfb08A5c20b2b2E value=0
INFO [06-01|10:54:42.020] Submitted transaction                    hash=0x6d5aaee12c14aba2530ce7171a85864f0db45954b6d2e0fd9106adbaf4ed359e from=0xf39Fd6e51aad88F6F4ce6aB8827279cffFb92266 nonce=1138 recipient=0xd9e7533af40217e9f9ecE179c4dB28dd7108C970 value=78,000,000
INFO [06-01|10:54:42.900] Starting work on payload                 id=0x03b9c76e6b0d824f
INFO [06-01|10:54:42.935] Updated payload                          id=0x03b9c76e6b0d824f number=3898 hash=461988..5d3fa3 txs=2 withdrawals=0 gas=86906 fees=5.21436e-13 root=2238f9..c3439c elapsed=35.441ms
INFO [06-01|10:54:42.935] Stopping work on payload                 id=0x03b9c76e6b0d824f reason=delivery
INFO [06-01|10:54:42.958] Paused snapshot generation
WARN [06-01|10:54:42.959] {"level":"warn","msg":"Slow block","block":{"number":3898,"hash":"0x46198891701b2d2029bf13685844541c4e164f99869ef456dd4753f4785d3fa3","gas_used":86906,"tx_count":2},"timing":{"execution_ms":0.125874,"state_read_ms":3.070041,"state_hash_ms":14.460224,"commit_ms":5.174765,"total_ms":23.007195},"throughput":{"mgas_per_sec":3.7773400886114104},"state_reads":{"accounts":11,"storage_slots":0,"code":0,"code_bytes":0},"state_writes":{"accounts":3,"accounts_deleted":0,"storage_slots":0,"storage_slots_deleted":0,"code":1,"code_bytes":163},"cache":{"account":{"hits":4,"misses":7,"hit_rate":36.36363636363637},"storage":{"hits":0,"misses":0,"hit_rate":0},"code":{"hits":0,"misses":0,"hit_rate":0,"hit_bytes":0,"miss_bytes":0}}}
INFO [06-01|10:54:42.959] Imported new potential chain segment     number=3898 hash=461988..5d3fa3 blocks=1 txs=2 mgas=0.087 elapsed=23.313ms   mgasps=3.728 triediffs=1.73MiB triedirty=0.00B
INFO [06-01|10:54:42.959] Chain head was updated                   number=3898 hash=461988..5d3fa3 root=2238f9..c3439c elapsed="163.199µs"
WARN [06-01|10:54:42.978] Snapshot generation is not permitted
INFO [06-01|10:54:43.031] Submitted transaction                    hash=0x45b99f3762de6428c5e8dbd968a10d7e0633eec98e5e24b42a327e29b6561a1d from=0xd9e7533af40217e9f9ecE179c4dB28dd7108C970 nonce=0    recipient=0xD9d572665156732D1B61f3Bc3cfb08A5c20b2b2E value=0
INFO [06-01|10:54:43.980] Starting work on payload                 id=0x030b7a5a92822f9d
INFO [06-01|10:54:44.021] Updated payload                          id=0x030b7a5a92822f9d number=3899 hash=530d26..1888f3 txs=1 withdrawals=0 gas=5,911,443 fees=3.5468658e-11 root=05c579..5a482b elapsed=40.896ms
INFO [06-01|10:54:44.021] Stopping work on payload                 id=0x030b7a5a92822f9d reason=delivery
INFO [06-01|10:54:44.042] Paused snapshot generation
WARN [06-01|10:54:44.043] {"level":"warn","msg":"Slow block","block":{"number":3899,"hash":"0x530d26f370dc4439b265df0779c436779d0bbb99f0d93e9fa6e52f71d41888f3","gas_used":5911443,"tx_count":1},"timing":{"execution_ms":4.94985,"state_read_ms":11.307694,"state_hash_ms":3.487039,"commit_ms":1.879576,"total_ms":21.848425},"throughput":{"mgas_per_sec":270.5660934369411},"state_reads":{"accounts":8,"storage_slots":259,"code":2,"code_bytes":191},"state_writes":{"accounts":3,"accounts_deleted":0,"storage_slots":259,"storage_slots_deleted":0,"code":0,"code_bytes":0},"cache":{"account":{"hits":4,"misses":4,"hit_rate":50},"storage":{"hits":134,"misses":125,"hit_rate":51.737451737451735},"code":{"hits":2,"misses":0,"hit_rate":100,"hit_bytes":191,"miss_bytes":0}}}
INFO [06-01|10:54:44.043] Imported new potential chain segment     number=3899 hash=530d26..1888f3 blocks=1 txs=1 mgas=5.911 elapsed=22.106ms    mgasps=267.411 triediffs=1.79MiB triedirty=0.00B
INFO [06-01|10:54:44.044] Chain head was updated                   number=3899 hash=530d26..1888f3 root=05c579..5a482b elapsed="80.754µs"
WARN [06-01|10:54:44.063] Snapshot generation is not permitted
INFO [06-01|10:54:45.050] Starting work on payload                 id=0x035d1e2bd9e524b1
INFO [06-01|10:54:45.056] Submitted transaction                    hash=0xeedc35e205dc9ba6d63b7da4d582ba4bca88ef5649f9e36828d1b28f2378c707 from=0xd9e7533af40217e9f9ecE179c4dB28dd7108C970 nonce=1    recipient=0xf39Fd6e51aad88F6F4ce6aB8827279cffFb92266 value=899,241
INFO [06-01|10:54:45.062] Updated payload                          id=0x035d1e2bd9e524b1 number=3900 hash=fc494d..2040b1 txs=0 withdrawals=0 gas=0         fees=0             root=05c579..5a482b elapsed=11.687ms
INFO [06-01|10:54:45.062] Stopping work on payload                 id=0x035d1e2bd9e524b1 reason=delivery
WARN [06-01|10:54:45.066] {"level":"warn","msg":"Slow block","block":{"number":3900,"hash":"0xfc494d04f3b90e88240b5883d1b12fd0a29d7ed96989c7abf9025722f22040b1","gas_used":0,"tx_count":0},"timing":{"execution_ms":0.032672,"state_read_ms":2.961724,"state_hash_ms":0.001389,"commit_ms":0.100681,"total_ms":3.255489},"throughput":{"mgas_per_sec":0},"state_reads":{"accounts":4,"storage_slots":0,"code":0,"code_bytes":0},"state_writes":{"accounts":0,"accounts_deleted":0,"storage_slots":0,"storage_slots_deleted":0,"code":0,"code_bytes":0},"cache":{"account":{"hits":0,"misses":4,"hit_rate":0},"storage":{"hits":0,"misses":0,"hit_rate":0},"code":{"hits":0,"misses":0,"hit_rate":0,"hit_bytes":0,"miss_bytes":0}}}
INFO [06-01|10:54:45.066] Imported new potential chain segment     number=3900 hash=fc494d..2040b1 blocks=1 txs=0 mgas=0.000 elapsed=3.362ms     mgasps=0.000   triediffs=1.79MiB triedirty=0.00B
INFO [06-01|10:54:45.066] Chain head was updated                   number=3900 hash=fc494d..2040b1 root=05c579..5a482b elapsed="30.942µs"
INFO [06-01|10:54:46.070] Starting work on payload                 id=0x0324c3428551a5c5
INFO [06-01|10:54:46.086] Updated payload                          id=0x0324c3428551a5c5 number=3901 hash=9cf5aa..fa9bc5 txs=1 withdrawals=0 gas=21000     fees=2.1e-14       root=b31f49..09749d elapsed=15.707ms
INFO [06-01|10:54:46.086] Stopping work on payload                 id=0x0324c3428551a5c5 reason=delivery
INFO [06-01|10:54:46.093] Paused snapshot generation
WARN [06-01|10:54:46.093] {"level":"warn","msg":"Slow block","block":{"number":3901,"hash":"0x9cf5aaba0524ad2675d8b11b0c57a62113fb10477db59a430157cd4966fa9bc5","gas_used":21000,"tx_count":1},"timing":{"execution_ms":0.06295,"state_read_ms":2.980191,"state_hash_ms":2.458745,"commit_ms":0.552094,"total_ms":6.227512},"throughput":{"mgas_per_sec":3.372133205042399},"state_reads":{"accounts":6,"storage_slots":0,"code":0,"code_bytes":0},"state_writes":{"accounts":2,"accounts_deleted":0,"storage_slots":0,"storage_slots_deleted":0,"code":0,"code_bytes":0},"cache":{"account":{"hits":2,"misses":4,"hit_rate":33.33333333333333},"storage":{"hits":0,"misses":0,"hit_rate":0},"code":{"hits":0,"misses":0,"hit_rate":0,"hit_bytes":0,"miss_bytes":0}}}
INFO [06-01|10:54:46.093] Imported new potential chain segment     number=3901 hash=9cf5aa..fa9bc5 blocks=1 txs=1 mgas=0.021 elapsed=6.410ms     mgasps=3.276   triediffs=1.78MiB triedirty=0.00B
INFO [06-01|10:54:46.093] Chain head was updated                   number=3901 hash=9cf5aa..fa9bc5 root=b31f49..09749d elapsed="53.333µs"
WARN [06-01|10:54:46.125] Snapshot generation is not permitted
INFO [06-01|10:54:47.103] Starting work on payload                 id=0x0372fc6261c4954d
INFO [06-01|10:54:47.113] Updated payload                          id=0x0372fc6261c4954d number=3902 hash=a4b7a8..e0165c txs=0 withdrawals=0 gas=0         fees=0             root=b31f49..09749d elapsed=10.429ms
INFO [06-01|10:54:47.113] Stopping work on payload                 id=0x0372fc6261c4954d reason=delivery
WARN [06-01|10:54:47.117] {"level":"warn","msg":"Slow block","block":{"number":3902,"hash":"0xa4b7a830b62e790773fe7eeabb025e6b14d71cabfdb4a96d9f6b4a02d8e0165c","gas_used":0,"tx_count":0},"timing":{"execution_ms":0.027261,"state_read_ms":2.717952,"state_hash_ms":0.00141,"commit_ms":0.114379,"total_ms":3.01138},"throughput":{"mgas_per_sec":0},"state_reads":{"accounts":4,"storage_slots":0,"code":0,"code_bytes":0},"state_writes":{"accounts":0,"accounts_deleted":0,"storage_slots":0,"storage_slots_deleted":0,"code":0,"code_bytes":0},"cache":{"account":{"hits":0,"misses":4,"hit_rate":0},"storage":{"hits":0,"misses":0,"hit_rate":0},"code":{"hits":0,"misses":0,"hit_rate":0,"hit_bytes":0,"miss_bytes":0}}}
INFO [06-01|10:54:47.117] Imported new potential chain segment     number=3902 hash=a4b7a8..e0165c blocks=1 txs=0 mgas=0.000 elapsed=3.130ms     mgasps=0.000   triediffs=1.78MiB triedirty=0.00B
INFO [06-01|10:54:47.117] Chain head was updated                   number=3902 hash=a4b7a8..e0165c root=b31f49..09749d elapsed="41.282µs"
