WARN [06-01|11:06:11.938] Unknown config environment variable      envvar=GETH_PBT_BIN
WARN [06-01|11:06:11.938] Unknown config environment variable      envvar=GETH_UBT_BIN
INFO [06-01|11:06:11.949] Starting Geth on Ethereum mainnet...
INFO [06-01|11:06:11.951] Maximum peer count                       ETH=0 total=0
INFO [06-01|11:06:11.952] Smartcard socket not found, disabling    err="stat /run/pcscd/pcscd.comm: no such file or directory"
WARN [06-01|11:06:11.955] Option --miner.etherbase is deprecated as the etherbase is set by the consensus client post-merge
WARN [06-01|11:06:11.957] Snap sync requested, resetting --cache.snapshot
INFO [06-01|11:06:11.958] Set global gas cap                       cap=50,000,000
INFO [06-01|11:06:12.760] Using developer account                  address=0xf39Fd6e51aad88F6F4ce6aB8827279cffFb92266
INFO [06-01|11:06:12.811] Using pebble as the backing database
INFO [06-01|11:06:12.811] Allocated cache and file handles         database=/mnt/state_expiry_vol_data/ubt-vs-pbt-dbs/ubt/geth/chaindata cache=16.00MiB handles=262,144
INFO [06-01|11:06:13.044] Opened ancient database                  database=/mnt/state_expiry_vol_data/ubt-vs-pbt-dbs/ubt/geth/chaindata/ancient/chain readonly=true
INFO [06-01|11:06:13.044] Opened Era store                         datadir=/mnt/state_expiry_vol_data/ubt-vs-pbt-dbs/ubt/geth/chaindata/ancient/chain/era
INFO [06-01|11:06:13.051] Initializing the KZG library             backend=gokzg
INFO [06-01|11:06:13.053] Allocated trie memory caches             clean=0.00B dirty=0.00B
INFO [06-01|11:06:13.065] Using pebble as the backing database
INFO [06-01|11:06:13.065] Allocated cache and file handles         database=/mnt/state_expiry_vol_data/ubt-vs-pbt-dbs/ubt/geth/chaindata cache=16.00MiB handles=262,144
INFO [06-01|11:06:13.259] Opened ancient database                  database=/mnt/state_expiry_vol_data/ubt-vs-pbt-dbs/ubt/geth/chaindata/ancient/chain readonly=false
INFO [06-01|11:06:13.259] Opened Era store                         datadir=/mnt/state_expiry_vol_data/ubt-vs-pbt-dbs/ubt/geth/chaindata/ancient/chain/era
INFO [06-01|11:06:13.265] State scheme set to already existing     scheme=path
INFO [06-01|11:06:13.266] Initialising Ethereum protocol           network=1337 dbversion=9
INFO [06-01|11:06:13.266] Load database journal from file          path=/mnt/state_expiry_vol_data/ubt-vs-pbt-dbs/ubt/geth/triedb/verkle.journal
INFO [06-01|11:06:13.667] Opened ancient database                  database=/mnt/state_expiry_vol_data/ubt-vs-pbt-dbs/ubt/geth/chaindata/ancient/state_verkle readonly=false
INFO [06-01|11:06:13.669] State snapshot generator is not compatible
INFO [06-01|11:06:13.669] Initialized path database                triecache=0.00B statecache=0.00B buffer=0.00B state-history="last 90000 blocks" journal-dir=/mnt/state_expiry_vol_data/ubt-vs-pbt-dbs/ubt/geth/triedb verkle=true
INFO [06-01|11:06:13.670] 
INFO [06-01|11:06:13.670] ---------------------------------------------------------------------------------------------------------------------------------------------------------
INFO [06-01|11:06:13.670] Chain ID:  1337 (unknown)
INFO [06-01|11:06:13.670] Consensus: unknown
INFO [06-01|11:06:13.670] 
INFO [06-01|11:06:13.670] Pre-Merge hard forks (block based):
INFO [06-01|11:06:13.670]  - Homestead:                   #0       
INFO [06-01|11:06:13.670]  - Tangerine Whistle (EIP 150): #0       
INFO [06-01|11:06:13.670]  - Spurious Dragon/1 (EIP 155): #0       
INFO [06-01|11:06:13.670]  - Spurious Dragon/2 (EIP 158): #0       
INFO [06-01|11:06:13.670]  - Byzantium:                   #0       
INFO [06-01|11:06:13.670]  - Constantinople:              #0       
INFO [06-01|11:06:13.670]  - Petersburg:                  #0       
INFO [06-01|11:06:13.670]  - Istanbul:                    #0       
INFO [06-01|11:06:13.670]  - Berlin:                      #0       
INFO [06-01|11:06:13.670]  - London:                      #0       
INFO [06-01|11:06:13.670]  - Arrow Glacier:               #0       
INFO [06-01|11:06:13.670]  - Gray Glacier:                #0       
INFO [06-01|11:06:13.670] 
INFO [06-01|11:06:13.670] Merge configured:
INFO [06-01|11:06:13.670]  - Total terminal difficulty:  0
INFO [06-01|11:06:13.670]  - Merge netsplit block:       #0       
INFO [06-01|11:06:13.670] 
INFO [06-01|11:06:13.670] Post-Merge hard forks (timestamp based):
INFO [06-01|11:06:13.670]  - Shanghai:                    @0         
INFO [06-01|11:06:13.670]  - Cancun:                      @0          blob: (target: 3, max: 6, fraction: 3338477)
INFO [06-01|11:06:13.670]  - Prague:                      @0          blob: (target: 6, max: 9, fraction: 5007716)
INFO [06-01|11:06:13.670]  - Osaka:                       @0          blob: (target: 6, max: 9, fraction: 5007716)
INFO [06-01|11:06:13.670]  - UBT:                         @0          blob: (nil)
INFO [06-01|11:06:13.670] 
INFO [06-01|11:06:13.670] All fork specifications can be found at https://ethereum.github.io/execution-specs/src/ethereum/forks/
INFO [06-01|11:06:13.670] 
INFO [06-01|11:06:13.670] ---------------------------------------------------------------------------------------------------------------------------------------------------------
INFO [06-01|11:06:13.670] 
INFO [06-01|11:06:13.673] Loaded most recent local block           number=4311 hash=9a3767..7803b9 age=3s
INFO [06-01|11:06:13.673] Loaded most recent local finalized block number=4288 hash=f066a4..37d6df age=46s
INFO [06-01|11:06:13.674] Initialized transaction indexer          range="last 2350000 blocks"
INFO [06-01|11:06:13.674] Initialized log indexer                  firstblock=0 lastblock=4311 firstmap=0 lastmap=0 headindexed=true
INFO [06-01|11:06:13.691] Enabled full-sync                        head=4311 hash=9a3767..7803b9
INFO [06-01|11:06:13.691] Unprotected transactions allowed
INFO [06-01|11:06:13.692] Gasprice oracle is ignoring threshold set threshold=2
INFO [06-01|11:06:13.692] Registered sync override service
WARN [06-01|11:06:13.692] You are running Geth in --dev mode. Please note the following:
WARN [06-01|11:06:13.692] 
WARN [06-01|11:06:13.692]   1. This mode is only intended for fast, iterative development without assumptions on
WARN [06-01|11:06:13.692]      security or persistence.
WARN [06-01|11:06:13.692]   2. The database is created in memory unless specified otherwise. Therefore, shutting down
WARN [06-01|11:06:13.692]      your computer or losing power will wipe your entire block data and chain state for
WARN [06-01|11:06:13.692]      your dev environment.
WARN [06-01|11:06:13.692]   3. A random, pre-allocated developer account will be available and unlocked as
WARN [06-01|11:06:13.692]      eth.coinbase, which can be used for testing. The random dev account is temporary,
WARN [06-01|11:06:13.692]      stored on a ramdisk, and will be lost if your machine is restarted.
WARN [06-01|11:06:13.692]   4. Mining is enabled by default. However, the client will only seal blocks if transactions
WARN [06-01|11:06:13.692]      are pending in the mempool. The miner's minimum accepted gas price is 1.
WARN [06-01|11:06:13.692]   5. Networking is disabled; there is no listen-address, the maximum number of peers is set
WARN [06-01|11:06:13.692]      to 0, and discovery is disabled.
WARN [06-01|11:06:13.692] 
INFO [06-01|11:06:13.692] Starting peer-to-peer node               instance=Geth/v1.17.3-unstable/linux-amd64/go1.24.9
WARN [06-01|11:06:13.692] P2P server will be useless, neither dialing nor listening
INFO [06-01|11:06:13.709] IPC endpoint opened                      url=/mnt/state_expiry_vol_data/ubt-vs-pbt-dbs/ubt/geth.ipc
ERROR[06-01|11:06:13.709] Unavailable modules in HTTP API list     unavailable=[personal] available="[admin debug web3 eth txpool miner net dev testing]"
INFO [06-01|11:06:13.709] New local node record                    seq=1,780,289,664,678 id=c084d8867e8cc127 ip=127.0.0.1 udp=0 tcp=0
INFO [06-01|11:06:13.709] Started P2P networking                   self=enode://ed0ccbffbfc0dc9f1b0f8e55d585ad3e61215b1974f32d9388e7ae53563e3ebe0172c21d754fa202c3a63f95bef3ff3ea24339ffdabd0115c47ec5b8d33136a9@127.0.0.1:0
INFO [06-01|11:06:13.710] HTTP server started                      endpoint=127.0.0.1:8545 auth=false prefix= cors= vhosts=localhost
INFO [06-01|11:06:13.710] WebSocket enabled                        url=ws://127.0.0.1:8546
INFO [06-01|11:06:14.042] Loaded local transaction journal         transactions=3049 dropped=0
INFO [06-01|11:06:14.833] Started log indexer
INFO [06-01|11:06:14.870] Starting work on payload                 id=0x03095b3ff4fe1405
INFO [06-01|11:06:14.873] Updated payload                          id=0x03095b3ff4fe1405 number=4312 hash=79b592..e1af1a txs=0 withdrawals=0 gas=0 fees=0 root=99ba7f..8b9112 elapsed=3.617ms
INFO [06-01|11:06:14.874] Stopping work on payload                 id=0x03095b3ff4fe1405 reason=delivery
WARN [06-01|11:06:14.888] {"level":"warn","msg":"Slow block","block":{"number":4312,"hash":"0x79b592693a0091798a436b70948169f84151820e27d8379bdf82210cb8e1af1a","gas_used":0,"tx_count":0},"timing":{"execution_ms":0.056814,"state_read_ms":12.874958,"state_hash_ms":0.002202,"commit_ms":0.209188,"total_ms":13.44303},"throughput":{"mgas_per_sec":0},"state_reads":{"accounts":4,"storage_slots":0,"code":0,"code_bytes":0},"state_writes":{"accounts":0,"accounts_deleted":0,"storage_slots":0,"storage_slots_deleted":0,"code":0,"code_bytes":0},"cache":{"account":{"hits":0,"misses":4,"hit_rate":0},"storage":{"hits":0,"misses":0,"hit_rate":0},"code":{"hits":0,"misses":0,"hit_rate":0,"hit_bytes":0,"miss_bytes":0}}}
INFO [06-01|11:06:14.888] Imported new potential chain segment     number=4312 hash=79b592..e1af1a blocks=1 txs=0 mgas=0.000 elapsed=13.749ms mgasps=0.000 triediffs=32.50MiB triedirty=0.00B
INFO [06-01|11:06:14.888] Chain head was updated                   number=4312 hash=79b592..e1af1a root=99ba7f..8b9112 elapsed="54.723µs"
INFO [06-01|11:06:15.892] Starting work on payload                 id=0x03bcbe38f005f1ad
INFO [06-01|11:06:15.896] Updated payload                          id=0x03bcbe38f005f1ad number=4313 hash=744c28..e5d14e txs=0 withdrawals=0 gas=0 fees=0 root=99ba7f..8b9112 elapsed=3.261ms
INFO [06-01|11:06:15.896] Stopping work on payload                 id=0x03bcbe38f005f1ad reason=delivery
WARN [06-01|11:06:15.900] {"level":"warn","msg":"Slow block","block":{"number":4313,"hash":"0x744c2813cbf5dcd699e90adf69a4d8da00376fbf5f793209ed0d8495dae5d14e","gas_used":0,"tx_count":0},"timing":{"execution_ms":0.02662,"state_read_ms":3.540559,"state_hash_ms":0.001419,"commit_ms":0.138416,"total_ms":3.887421},"throughput":{"mgas_per_sec":0},"state_reads":{"accounts":4,"storage_slots":0,"code":0,"code_bytes":0},"state_writes":{"accounts":0,"accounts_deleted":0,"storage_slots":0,"storage_slots_deleted":0,"code":0,"code_bytes":0},"cache":{"account":{"hits":0,"misses":4,"hit_rate":0},"storage":{"hits":0,"misses":0,"hit_rate":0},"code":{"hits":0,"misses":0,"hit_rate":0,"hit_bytes":0,"miss_bytes":0}}}
INFO [06-01|11:06:15.900] Imported new potential chain segment     number=4313 hash=744c28..e5d14e blocks=1 txs=0 mgas=0.000 elapsed=4.083ms    mgasps=0.000 triediffs=32.50MiB triedirty=0.00B
INFO [06-01|11:06:15.900] Chain head was updated                   number=4313 hash=744c28..e5d14e root=99ba7f..8b9112 elapsed="69.463µs"
INFO [06-01|11:06:16.900] Submitted contract creation              hash=0xc814a9f6fdf70a98e4318c12bc29d540d2f3cc2df6816514bf9f5f3db40a4555 from=0xf39Fd6e51aad88F6F4ce6aB8827279cffFb92266 nonce=1269 contract=0x5837440Bb467C30288289D5Cd42a4aB75b156384 value=0
INFO [06-01|11:06:16.900] Submitted transaction                    hash=0x1ff93c725b27b81ae2d50ff4484d7556d5f2525890d12cd2728557f2b5676d4e from=0xf39Fd6e51aad88F6F4ce6aB8827279cffFb92266 nonce=1270 recipient=0xA1a33Fa31765a6c72fD73F33850ca1479d78cE0F value=78,000,000
INFO [06-01|11:06:16.906] Starting work on payload                 id=0x03abdd5fcc95423f
INFO [06-01|11:06:16.952] Updated payload                          id=0x03abdd5fcc95423f number=4314 hash=7c98d1..25e0fe txs=2 withdrawals=0 gas=86926 fees=5.21556e-13 root=dfbae9..7e0ce5 elapsed=45.809ms
INFO [06-01|11:06:16.952] Stopping work on payload                 id=0x03abdd5fcc95423f reason=delivery
INFO [06-01|11:06:16.982] Paused snapshot generation
WARN [06-01|11:06:16.982] {"level":"warn","msg":"Slow block","block":{"number":4314,"hash":"0x7c98d1270b3709238be826075130afe148f2f4124966d5f8d1cb47d52825e0fe","gas_used":86926,"tx_count":2},"timing":{"execution_ms":0.096055,"state_read_ms":22.218928,"state_hash_ms":2.70187,"commit_ms":4.708299,"total_ms":29.966385},"throughput":{"mgas_per_sec":2.9007836614259612},"state_reads":{"accounts":11,"storage_slots":0,"code":0,"code_bytes":0},"state_writes":{"accounts":3,"accounts_deleted":0,"storage_slots":0,"storage_slots_deleted":0,"code":1,"code_bytes":165},"cache":{"account":{"hits":7,"misses":4,"hit_rate":63.63636363636363},"storage":{"hits":0,"misses":0,"hit_rate":0},"code":{"hits":0,"misses":0,"hit_rate":0,"hit_bytes":0,"miss_bytes":0}}}
INFO [06-01|11:06:16.982] Imported new potential chain segment     number=4314 hash=7c98d1..25e0fe blocks=1 txs=2 mgas=0.087 elapsed=30.137ms   mgasps=2.884 triediffs=32.39MiB triedirty=0.00B
INFO [06-01|11:06:16.983] Chain head was updated                   number=4314 hash=7c98d1..25e0fe root=dfbae9..7e0ce5 elapsed="168.99µs"
WARN [06-01|11:06:17.004] Snapshot generation is not permitted
INFO [06-01|11:06:17.915] Submitted transaction                    hash=0x5987a7e61aa29bcf0ed13848af876d323c0cd31ebddce33a590441d9cbbc6522 from=0xA1a33Fa31765a6c72fD73F33850ca1479d78cE0F nonce=0    recipient=0x5837440Bb467C30288289D5Cd42a4aB75b156384 value=0
INFO [06-01|11:06:17.988] Starting work on payload                 id=0x03a53ffdfe75cfef
INFO [06-01|11:06:18.683] Updated payload                          id=0x03a53ffdfe75cfef number=4315 hash=26f91f..ea8369 txs=1 withdrawals=0 gas=5,903,542 fees=3.5421252e-11 root=8eea6a..e45702 elapsed=694.567ms
INFO [06-01|11:06:18.683] Stopping work on payload                 id=0x03a53ffdfe75cfef reason=delivery
INFO [06-01|11:06:18.766] Paused snapshot generation
WARN [06-01|11:06:18.772] {"level":"warn","msg":"Slow block","block":{"number":4315,"hash":"0x26f91f4952deef9c3e5a254dc47c1dcbdf03c8e67843aeeb31ef1993d8ea8369","gas_used":5903542,"tx_count":1},"timing":{"execution_ms":3.909486,"state_read_ms":23.379764,"state_hash_ms":46.93791,"commit_ms":13.582446,"total_ms":88.015878},"throughput":{"mgas_per_sec":67.07360233343351},"state_reads":{"accounts":219,"storage_slots":212,"code":213,"code_bytes":6101},"state_writes":{"accounts":213,"accounts_deleted":0,"storage_slots":211,"storage_slots_deleted":0,"code":0,"code_bytes":0},"cache":{"account":{"hits":181,"misses":38,"hit_rate":82.64840182648402},"storage":{"hits":145,"misses":67,"hit_rate":68.39622641509435},"code":{"hits":213,"misses":0,"hit_rate":100,"hit_bytes":6101,"miss_bytes":0}}}
INFO [06-01|11:06:18.772] Imported new potential chain segment     number=4315 hash=26f91f..ea8369 blocks=1 txs=1 mgas=5.904 elapsed=88.265ms   mgasps=66.884 triediffs=33.70MiB triedirty=0.00B
INFO [06-01|11:06:18.772] Chain head was updated                   number=4315 hash=26f91f..ea8369 root=8eea6a..e45702 elapsed="116.609µs"
WARN [06-01|11:06:18.788] Snapshot generation is not permitted
INFO [06-01|11:06:18.929] Submitted transaction                    hash=0x57db9126155da359e2dfd9e8edb09819e4edd0f9a9b372b829cd22069b9558d2 from=0xA1a33Fa31765a6c72fD73F33850ca1479d78cE0F nonce=1    recipient=0xf39Fd6e51aad88F6F4ce6aB8827279cffFb92266 value=1,001,954
INFO [06-01|11:06:19.777] Starting work on payload                 id=0x03852585234dd66d
INFO [06-01|11:06:19.787] Updated payload                          id=0x03852585234dd66d number=4316 hash=fcbdce..1a2057 txs=1 withdrawals=0 gas=21000     fees=2.1e-14       root=0dbbe6..138115 elapsed=10.130ms
INFO [06-01|11:06:19.787] Stopping work on payload                 id=0x03852585234dd66d reason=delivery
INFO [06-01|11:06:19.795] Paused snapshot generation
WARN [06-01|11:06:19.795] {"level":"warn","msg":"Slow block","block":{"number":4316,"hash":"0xfcbdce2f19821f6bb17f3abc1cd01273386c539a229b6a72e887eafec11a2057","gas_used":21000,"tx_count":1},"timing":{"execution_ms":0.101207,"state_read_ms":3.820606,"state_hash_ms":3.081853,"commit_ms":0.595183,"total_ms":7.807418},"throughput":{"mgas_per_sec":2.6897496714022484},"state_reads":{"accounts":6,"storage_slots":0,"code":0,"code_bytes":0},"state_writes":{"accounts":2,"accounts_deleted":0,"storage_slots":0,"storage_slots_deleted":0,"code":0,"code_bytes":0},"cache":{"account":{"hits":2,"misses":4,"hit_rate":33.33333333333333},"storage":{"hits":0,"misses":0,"hit_rate":0},"code":{"hits":0,"misses":0,"hit_rate":0,"hit_bytes":0,"miss_bytes":0}}}
INFO [06-01|11:06:19.795] Imported new potential chain segment     number=4316 hash=fcbdce..1a2057 blocks=1 txs=1 mgas=0.021 elapsed=8.030ms     mgasps=2.615  triediffs=33.69MiB triedirty=0.00B
INFO [06-01|11:06:19.796] Chain head was updated                   number=4316 hash=fcbdce..1a2057 root=0dbbe6..138115 elapsed="57.465µs"
WARN [06-01|11:06:19.824] Snapshot generation is not permitted
