WARN [06-01|10:51:07.231] Unknown config environment variable      envvar=GETH_PBT_BIN
WARN [06-01|10:51:07.231] Unknown config environment variable      envvar=GETH_UBT_BIN
INFO [06-01|10:51:07.242] Starting Geth on Ethereum mainnet...
INFO [06-01|10:51:07.244] Maximum peer count                       ETH=0 total=0
INFO [06-01|10:51:07.245] Smartcard socket not found, disabling    err="stat /run/pcscd/pcscd.comm: no such file or directory"
WARN [06-01|10:51:07.248] Option --miner.etherbase is deprecated as the etherbase is set by the consensus client post-merge
WARN [06-01|10:51:07.250] Snap sync requested, resetting --cache.snapshot
INFO [06-01|10:51:07.250] Set global gas cap                       cap=50,000,000
INFO [06-01|10:51:08.076] Using developer account                  address=0xf39Fd6e51aad88F6F4ce6aB8827279cffFb92266
INFO [06-01|10:51:08.128] Using pebble as the backing database
INFO [06-01|10:51:08.128] Allocated cache and file handles         database=/mnt/state_expiry_vol_data/ubt-vs-pbt-dbs/ubt/geth/chaindata cache=16.00MiB handles=262,144
INFO [06-01|10:51:08.353] Opened ancient database                  database=/mnt/state_expiry_vol_data/ubt-vs-pbt-dbs/ubt/geth/chaindata/ancient/chain readonly=true
INFO [06-01|10:51:08.353] Opened Era store                         datadir=/mnt/state_expiry_vol_data/ubt-vs-pbt-dbs/ubt/geth/chaindata/ancient/chain/era
INFO [06-01|10:51:08.361] Initializing the KZG library             backend=gokzg
INFO [06-01|10:51:08.363] Allocated trie memory caches             clean=0.00B dirty=0.00B
INFO [06-01|10:51:08.372] Using pebble as the backing database
INFO [06-01|10:51:08.372] Allocated cache and file handles         database=/mnt/state_expiry_vol_data/ubt-vs-pbt-dbs/ubt/geth/chaindata cache=16.00MiB handles=262,144
INFO [06-01|10:51:08.577] Opened ancient database                  database=/mnt/state_expiry_vol_data/ubt-vs-pbt-dbs/ubt/geth/chaindata/ancient/chain readonly=false
INFO [06-01|10:51:08.577] Opened Era store                         datadir=/mnt/state_expiry_vol_data/ubt-vs-pbt-dbs/ubt/geth/chaindata/ancient/chain/era
INFO [06-01|10:51:08.583] State scheme set to already existing     scheme=path
INFO [06-01|10:51:08.583] Initialising Ethereum protocol           network=1337 dbversion=9
INFO [06-01|10:51:08.584] Load database journal from file          path=/mnt/state_expiry_vol_data/ubt-vs-pbt-dbs/ubt/geth/triedb/verkle.journal
INFO [06-01|10:51:08.645] Opened ancient database                  database=/mnt/state_expiry_vol_data/ubt-vs-pbt-dbs/ubt/geth/chaindata/ancient/state_verkle readonly=false
INFO [06-01|10:51:08.647] State snapshot generator is not compatible
INFO [06-01|10:51:08.647] Initialized path database                triecache=0.00B statecache=0.00B buffer=0.00B state-history="last 90000 blocks" journal-dir=/mnt/state_expiry_vol_data/ubt-vs-pbt-dbs/ubt/geth/triedb verkle=true
INFO [06-01|10:51:08.647] 
INFO [06-01|10:51:08.647] ---------------------------------------------------------------------------------------------------------------------------------------------------------
INFO [06-01|10:51:08.647] Chain ID:  1337 (unknown)
INFO [06-01|10:51:08.647] Consensus: unknown
INFO [06-01|10:51:08.647] 
INFO [06-01|10:51:08.647] Pre-Merge hard forks (block based):
INFO [06-01|10:51:08.647]  - Homestead:                   #0       
INFO [06-01|10:51:08.647]  - Tangerine Whistle (EIP 150): #0       
INFO [06-01|10:51:08.647]  - Spurious Dragon/1 (EIP 155): #0       
INFO [06-01|10:51:08.647]  - Spurious Dragon/2 (EIP 158): #0       
INFO [06-01|10:51:08.647]  - Byzantium:                   #0       
INFO [06-01|10:51:08.647]  - Constantinople:              #0       
INFO [06-01|10:51:08.647]  - Petersburg:                  #0       
INFO [06-01|10:51:08.647]  - Istanbul:                    #0       
INFO [06-01|10:51:08.647]  - Berlin:                      #0       
INFO [06-01|10:51:08.647]  - London:                      #0       
INFO [06-01|10:51:08.647]  - Arrow Glacier:               #0       
INFO [06-01|10:51:08.647]  - Gray Glacier:                #0       
INFO [06-01|10:51:08.647] 
INFO [06-01|10:51:08.647] Merge configured:
INFO [06-01|10:51:08.647]  - Total terminal difficulty:  0
INFO [06-01|10:51:08.647]  - Merge netsplit block:       #0       
INFO [06-01|10:51:08.647] 
INFO [06-01|10:51:08.647] Post-Merge hard forks (timestamp based):
INFO [06-01|10:51:08.647]  - Shanghai:                    @0         
INFO [06-01|10:51:08.647]  - Cancun:                      @0          blob: (target: 3, max: 6, fraction: 3338477)
INFO [06-01|10:51:08.648]  - Prague:                      @0          blob: (target: 6, max: 9, fraction: 5007716)
INFO [06-01|10:51:08.648]  - Osaka:                       @0          blob: (target: 6, max: 9, fraction: 5007716)
INFO [06-01|10:51:08.648]  - UBT:                         @0          blob: (nil)
INFO [06-01|10:51:08.648] 
INFO [06-01|10:51:08.648] All fork specifications can be found at https://ethereum.github.io/execution-specs/src/ethereum/forks/
INFO [06-01|10:51:08.648] 
INFO [06-01|10:51:08.648] ---------------------------------------------------------------------------------------------------------------------------------------------------------
INFO [06-01|10:51:08.648] 
INFO [06-01|10:51:08.650] Loaded most recent local block           number=3759 hash=5813cc..c6bac3 age=3s
INFO [06-01|10:51:08.650] Loaded most recent local finalized block number=3744 hash=71750c..76c3f5 age=25s
INFO [06-01|10:51:08.651] Initialized transaction indexer          range="last 2350000 blocks"
INFO [06-01|10:51:08.651] Initialized log indexer                  firstblock=0 lastblock=3759 firstmap=0 lastmap=0 headindexed=true
INFO [06-01|10:51:08.677] Enabled full-sync                        head=3759 hash=5813cc..c6bac3
INFO [06-01|10:51:08.678] Unprotected transactions allowed
INFO [06-01|10:51:08.678] Gasprice oracle is ignoring threshold set threshold=2
INFO [06-01|10:51:08.678] Registered sync override service
WARN [06-01|10:51:08.678] You are running Geth in --dev mode. Please note the following:
WARN [06-01|10:51:08.678] 
WARN [06-01|10:51:08.678]   1. This mode is only intended for fast, iterative development without assumptions on
WARN [06-01|10:51:08.678]      security or persistence.
WARN [06-01|10:51:08.678]   2. The database is created in memory unless specified otherwise. Therefore, shutting down
WARN [06-01|10:51:08.678]      your computer or losing power will wipe your entire block data and chain state for
WARN [06-01|10:51:08.678]      your dev environment.
WARN [06-01|10:51:08.678]   3. A random, pre-allocated developer account will be available and unlocked as
WARN [06-01|10:51:08.678]      eth.coinbase, which can be used for testing. The random dev account is temporary,
WARN [06-01|10:51:08.678]      stored on a ramdisk, and will be lost if your machine is restarted.
WARN [06-01|10:51:08.678]   4. Mining is enabled by default. However, the client will only seal blocks if transactions
WARN [06-01|10:51:08.678]      are pending in the mempool. The miner's minimum accepted gas price is 1.
WARN [06-01|10:51:08.678]   5. Networking is disabled; there is no listen-address, the maximum number of peers is set
WARN [06-01|10:51:08.678]      to 0, and discovery is disabled.
WARN [06-01|10:51:08.678] 
INFO [06-01|10:51:08.678] Starting peer-to-peer node               instance=Geth/v1.17.3-unstable/linux-amd64/go1.24.9
WARN [06-01|10:51:08.678] P2P server will be useless, neither dialing nor listening
INFO [06-01|10:51:08.743] IPC endpoint opened                      url=/mnt/state_expiry_vol_data/ubt-vs-pbt-dbs/ubt/geth.ipc
ERROR[06-01|10:51:08.743] Unavailable modules in HTTP API list     unavailable=[personal] available="[admin debug web3 eth txpool miner net dev testing]"
INFO [06-01|10:51:08.744] New local node record                    seq=1,780,289,664,592 id=c084d8867e8cc127 ip=127.0.0.1 udp=0 tcp=0
INFO [06-01|10:51:08.744] Started P2P networking                   self=enode://ed0ccbffbfc0dc9f1b0f8e55d585ad3e61215b1974f32d9388e7ae53563e3ebe0172c21d754fa202c3a63f95bef3ff3ea24339ffdabd0115c47ec5b8d33136a9@127.0.0.1:0
INFO [06-01|10:51:08.744] HTTP server started                      endpoint=127.0.0.1:8545 auth=false prefix= cors= vhosts=localhost
INFO [06-01|10:51:08.744] WebSocket enabled                        url=ws://127.0.0.1:8546
INFO [06-01|10:51:09.018] Loaded local transaction journal         transactions=2705 dropped=0
INFO [06-01|10:51:10.090] Started log indexer
INFO [06-01|10:51:10.124] Starting work on payload                 id=0x03e8814bdc8b9f1f
INFO [06-01|10:51:10.134] Updated payload                          id=0x03e8814bdc8b9f1f number=3760 hash=69452e..1b6a42 txs=0 withdrawals=0 gas=0 fees=0 root=65493b..54c6ad elapsed=10.511ms
INFO [06-01|10:51:10.135] Stopping work on payload                 id=0x03e8814bdc8b9f1f reason=delivery
WARN [06-01|10:51:10.138] {"level":"warn","msg":"Slow block","block":{"number":3760,"hash":"0x69452eb273f2e36fa4358a0aa4691f5a2b17379bd347d7b6636310c4331b6a42","gas_used":0,"tx_count":0},"timing":{"execution_ms":0.047377,"state_read_ms":2.869702,"state_hash_ms":0.004799,"commit_ms":0.186681,"total_ms":3.311514},"throughput":{"mgas_per_sec":0},"state_reads":{"accounts":4,"storage_slots":0,"code":0,"code_bytes":0},"state_writes":{"accounts":0,"accounts_deleted":0,"storage_slots":0,"storage_slots_deleted":0,"code":0,"code_bytes":0},"cache":{"account":{"hits":0,"misses":4,"hit_rate":0},"storage":{"hits":0,"misses":0,"hit_rate":0},"code":{"hits":0,"misses":0,"hit_rate":0,"hit_bytes":0,"miss_bytes":0}}}
INFO [06-01|10:51:10.138] Imported new potential chain segment     number=3760 hash=69452e..1b6a42 blocks=1 txs=0 mgas=0.000 elapsed=3.585ms  mgasps=0.000 triediffs=1.36MiB triedirty=0.00B
INFO [06-01|10:51:10.139] Chain head was updated                   number=3760 hash=69452e..1b6a42 root=65493b..54c6ad elapsed="91.108µs"
INFO [06-01|10:51:11.154] Starting work on payload                 id=0x03e20e1732226d64
INFO [06-01|10:51:11.159] Updated payload                          id=0x03e20e1732226d64 number=3761 hash=834533..61504d txs=0 withdrawals=0 gas=0 fees=0 root=65493b..54c6ad elapsed=4.776ms
INFO [06-01|10:51:11.159] Stopping work on payload                 id=0x03e20e1732226d64 reason=delivery
WARN [06-01|10:51:11.162] {"level":"warn","msg":"Slow block","block":{"number":3761,"hash":"0x834533b496bd3f5da8ab5045929aced104f05df4cf00082d0bb07d202a61504d","gas_used":0,"tx_count":0},"timing":{"execution_ms":0.024882,"state_read_ms":3.212548,"state_hash_ms":0.001443,"commit_ms":0.105453,"total_ms":3.50318},"throughput":{"mgas_per_sec":0},"state_reads":{"accounts":4,"storage_slots":0,"code":0,"code_bytes":0},"state_writes":{"accounts":0,"accounts_deleted":0,"storage_slots":0,"storage_slots_deleted":0,"code":0,"code_bytes":0},"cache":{"account":{"hits":0,"misses":4,"hit_rate":0},"storage":{"hits":0,"misses":0,"hit_rate":0},"code":{"hits":0,"misses":0,"hit_rate":0,"hit_bytes":0,"miss_bytes":0}}}
INFO [06-01|10:51:11.163] Imported new potential chain segment     number=3761 hash=834533..61504d blocks=1 txs=0 mgas=0.000 elapsed=3.675ms    mgasps=0.000 triediffs=1.36MiB triedirty=0.00B
INFO [06-01|10:51:11.163] Chain head was updated                   number=3761 hash=834533..61504d root=65493b..54c6ad elapsed="46.741µs"
INFO [06-01|10:51:12.184] Starting work on payload                 id=0x039162d4b36c20aa
INFO [06-01|10:51:12.203] Updated payload                          id=0x039162d4b36c20aa number=3762 hash=f8a7e7..b3cfb4 txs=0 withdrawals=0 gas=0 fees=0 root=65493b..54c6ad elapsed=18.871ms
INFO [06-01|10:51:12.203] Stopping work on payload                 id=0x039162d4b36c20aa reason=delivery
WARN [06-01|10:51:12.212] {"level":"warn","msg":"Slow block","block":{"number":3762,"hash":"0xf8a7e704b5bef2c215c7cdb007e1114c987114309cc4a9257a54188696b3cfb4","gas_used":0,"tx_count":0},"timing":{"execution_ms":0.047307,"state_read_ms":8.304719,"state_hash_ms":0.002574,"commit_ms":0.169511,"total_ms":8.691995},"throughput":{"mgas_per_sec":0},"state_reads":{"accounts":4,"storage_slots":0,"code":0,"code_bytes":0},"state_writes":{"accounts":0,"accounts_deleted":0,"storage_slots":0,"storage_slots_deleted":0,"code":0,"code_bytes":0},"cache":{"account":{"hits":0,"misses":4,"hit_rate":0},"storage":{"hits":0,"misses":0,"hit_rate":0},"code":{"hits":0,"misses":0,"hit_rate":0,"hit_bytes":0,"miss_bytes":0}}}
INFO [06-01|10:51:12.212] Imported new potential chain segment     number=3762 hash=f8a7e7..b3cfb4 blocks=1 txs=0 mgas=0.000 elapsed=8.920ms    mgasps=0.000 triediffs=1.36MiB triedirty=0.00B
INFO [06-01|10:51:12.212] Chain head was updated                   number=3762 hash=f8a7e7..b3cfb4 root=65493b..54c6ad elapsed="73.928µs"
INFO [06-01|10:51:12.304] Submitted contract creation              hash=0x7f6a4a83a5a8ef3f1eecd761e8b50d3e6d356638a6b9bb4b94c99658ccf54a1a from=0xf39Fd6e51aad88F6F4ce6aB8827279cffFb92266 nonce=1097 contract=0x7B670a01E1D521ff232846dE0F7fE857a85c37A6 value=0
INFO [06-01|10:51:12.305] Submitted transaction                    hash=0x3a110d998a861f3253097284c3de18b113026a07a8b4d7ca3c781ec9bfaffaf5 from=0xf39Fd6e51aad88F6F4ce6aB8827279cffFb92266 nonce=1098 recipient=0xF0fEBb3e9003192055F98b7591d26EC4b4Caeaf9 value=78,000,000
INFO [06-01|10:51:13.221] Starting work on payload                 id=0x03abd9164c2bf3f1
INFO [06-01|10:51:13.271] Updated payload                          id=0x03abd9164c2bf3f1 number=3763 hash=6cbab8..688287 txs=2 withdrawals=0 gas=86840 fees=5.2104e-13 root=f05d0c..dec8c4 elapsed=49.939ms
INFO [06-01|10:51:13.271] Stopping work on payload                 id=0x03abd9164c2bf3f1 reason=delivery
INFO [06-01|10:51:13.307] Paused snapshot generation
WARN [06-01|10:51:13.308] {"level":"warn","msg":"Slow block","block":{"number":3763,"hash":"0x6cbab85388b5108e792695ffe316d84fc5394c6034c2a8c87ee987ca36688287","gas_used":86840,"tx_count":2},"timing":{"execution_ms":0.159749,"state_read_ms":15.403213,"state_hash_ms":15.397516,"commit_ms":4.924086,"total_ms":36.095364},"throughput":{"mgas_per_sec":2.4058491278824614},"state_reads":{"accounts":11,"storage_slots":0,"code":0,"code_bytes":0},"state_writes":{"accounts":3,"accounts_deleted":0,"storage_slots":0,"storage_slots_deleted":0,"code":1,"code_bytes":157},"cache":{"account":{"hits":6,"misses":5,"hit_rate":54.54545454545454},"storage":{"hits":0,"misses":0,"hit_rate":0},"code":{"hits":0,"misses":0,"hit_rate":0,"hit_bytes":0,"miss_bytes":0}}}
INFO [06-01|10:51:13.308] Imported new potential chain segment     number=3763 hash=6cbab8..688287 blocks=1 txs=2 mgas=0.087 elapsed=36.274ms   mgasps=2.394 triediffs=1.36MiB triedirty=0.00B
INFO [06-01|10:51:13.308] Chain head was updated                   number=3763 hash=6cbab8..688287 root=f05d0c..dec8c4 elapsed="230.17µs"
INFO [06-01|10:51:13.319] Submitted transaction                    hash=0xc52f7682e4f6377ae9783d505ac73beb6146418634e46b2d121fc564c25a60ef from=0xF0fEBb3e9003192055F98b7591d26EC4b4Caeaf9 nonce=0    recipient=0x7B670a01E1D521ff232846dE0F7fE857a85c37A6 value=0
WARN [06-01|10:51:13.330] Snapshot generation is not permitted
INFO [06-01|10:51:14.325] Starting work on payload                 id=0x0387c77f1f4b0835
INFO [06-01|10:51:14.444] Updated payload                          id=0x0387c77f1f4b0835 number=3764 hash=dfb768..1b95cb txs=1 withdrawals=0 gas=5,900,023 fees=3.5400138e-11 root=d8aec6..3d6ba9 elapsed=118.572ms
INFO [06-01|10:51:14.444] Stopping work on payload                 id=0x0387c77f1f4b0835 reason=delivery
INFO [06-01|10:51:14.538] Paused snapshot generation
WARN [06-01|10:51:14.538] {"level":"warn","msg":"Slow block","block":{"number":3764,"hash":"0xdfb768ce08ae035358528203e4cce61b41e8a4b51fef2ceed5b9e11ebb1b95cb","gas_used":5900023,"tx_count":1},"timing":{"execution_ms":83.797664,"state_read_ms":6.250027,"state_hash_ms":2.502605,"commit_ms":0.702537,"total_ms":93.453786},"throughput":{"mgas_per_sec":63.133054876984865},"state_reads":{"accounts":263,"storage_slots":259,"code":257,"code_bytes":7325},"state_writes":{"accounts":2,"accounts_deleted":0,"storage_slots":0,"storage_slots_deleted":0,"code":0,"code_bytes":0},"cache":{"account":{"hits":92,"misses":171,"hit_rate":34.98098859315589},"storage":{"hits":88,"misses":171,"hit_rate":33.97683397683397},"code":{"hits":257,"misses":0,"hit_rate":100,"hit_bytes":7325,"miss_bytes":0}}}
INFO [06-01|10:51:14.538] Imported new potential chain segment     number=3764 hash=dfb768..1b95cb blocks=1 txs=1 mgas=5.900 elapsed=93.753ms   mgasps=62.931 triediffs=1.36MiB triedirty=0.00B
INFO [06-01|10:51:14.539] Chain head was updated                   number=3764 hash=dfb768..1b95cb root=d8aec6..3d6ba9 elapsed="178.938µs"
WARN [06-01|10:51:14.556] Snapshot generation is not permitted
INFO [06-01|10:51:15.337] Submitted transaction                    hash=0xc095a95b5b415083df008cd07bcc4050bf7a221595734f601f874b65bc8b8953 from=0xF0fEBb3e9003192055F98b7591d26EC4b4Caeaf9 nonce=1    recipient=0xf39Fd6e51aad88F6F4ce6aB8827279cffFb92266 value=1,047,701
INFO [06-01|10:51:15.545] Starting work on payload                 id=0x032feb29d3c1f90c
INFO [06-01|10:51:15.562] Updated payload                          id=0x032feb29d3c1f90c number=3765 hash=eeb033..f38351 txs=1 withdrawals=0 gas=21000     fees=2.1e-14       root=b21160..abcf3b elapsed=16.355ms
INFO [06-01|10:51:15.562] Stopping work on payload                 id=0x032feb29d3c1f90c reason=delivery
INFO [06-01|10:51:15.581] Paused snapshot generation
WARN [06-01|10:51:15.581] {"level":"warn","msg":"Slow block","block":{"number":3765,"hash":"0xeeb033ef59401c5a9c09c3bbbcac051c80b35f90da53a36fd525267212f38351","gas_used":21000,"tx_count":1},"timing":{"execution_ms":0.064068,"state_read_ms":9.284642,"state_hash_ms":8.706817,"commit_ms":0.631669,"total_ms":18.887502},"throughput":{"mgas_per_sec":1.1118463415649142},"state_reads":{"accounts":6,"storage_slots":0,"code":0,"code_bytes":0},"state_writes":{"accounts":2,"accounts_deleted":0,"storage_slots":0,"storage_slots_deleted":0,"code":0,"code_bytes":0},"cache":{"account":{"hits":2,"misses":4,"hit_rate":33.33333333333333},"storage":{"hits":0,"misses":0,"hit_rate":0},"code":{"hits":0,"misses":0,"hit_rate":0,"hit_bytes":0,"miss_bytes":0}}}
INFO [06-01|10:51:15.581] Imported new potential chain segment     number=3765 hash=eeb033..f38351 blocks=1 txs=1 mgas=0.021 elapsed=19.048ms    mgasps=1.102  triediffs=1.36MiB triedirty=0.00B
INFO [06-01|10:51:15.581] Chain head was updated                   number=3765 hash=eeb033..f38351 root=b21160..abcf3b elapsed="65.276µs"
WARN [06-01|10:51:15.611] Snapshot generation is not permitted
INFO [06-01|10:51:16.586] Starting work on payload                 id=0x03a0ea6abb8aedf2
INFO [06-01|10:51:16.589] Updated payload                          id=0x03a0ea6abb8aedf2 number=3766 hash=e4cee2..4ab03b txs=0 withdrawals=0 gas=0         fees=0             root=b21160..abcf3b elapsed=3.440ms
INFO [06-01|10:51:16.590] Stopping work on payload                 id=0x03a0ea6abb8aedf2 reason=delivery
WARN [06-01|10:51:16.593] {"level":"warn","msg":"Slow block","block":{"number":3766,"hash":"0xe4cee24f4206f53a107a99b5fce18b871b7294335ac9b325d1cd4ab1f84ab03b","gas_used":0,"tx_count":0},"timing":{"execution_ms":0.02587,"state_read_ms":3.097248,"state_hash_ms":0.002758,"commit_ms":0.167013,"total_ms":3.542782},"throughput":{"mgas_per_sec":0},"state_reads":{"accounts":4,"storage_slots":0,"code":0,"code_bytes":0},"state_writes":{"accounts":0,"accounts_deleted":0,"storage_slots":0,"storage_slots_deleted":0,"code":0,"code_bytes":0},"cache":{"account":{"hits":0,"misses":4,"hit_rate":0},"storage":{"hits":0,"misses":0,"hit_rate":0},"code":{"hits":0,"misses":0,"hit_rate":0,"hit_bytes":0,"miss_bytes":0}}}
INFO [06-01|10:51:16.593] Imported new potential chain segment     number=3766 hash=e4cee2..4ab03b blocks=1 txs=0 mgas=0.000 elapsed=3.668ms     mgasps=0.000  triediffs=1.36MiB triedirty=0.00B
INFO [06-01|10:51:16.596] Chain head was updated                   number=3766 hash=e4cee2..4ab03b root=b21160..abcf3b elapsed="62.103µs"
