WARN [06-01|10:59:25.331] Unknown config environment variable      envvar=GETH_PBT_BIN
WARN [06-01|10:59:25.331] Unknown config environment variable      envvar=GETH_UBT_BIN
INFO [06-01|10:59:25.344] Starting Geth on Ethereum mainnet...
INFO [06-01|10:59:25.345] Maximum peer count                       ETH=0 total=0
INFO [06-01|10:59:25.347] Smartcard socket not found, disabling    err="stat /run/pcscd/pcscd.comm: no such file or directory"
WARN [06-01|10:59:25.349] Option --miner.etherbase is deprecated as the etherbase is set by the consensus client post-merge
WARN [06-01|10:59:25.351] Snap sync requested, resetting --cache.snapshot
INFO [06-01|10:59:25.351] Set global gas cap                       cap=50,000,000
INFO [06-01|10:59:26.158] Using developer account                  address=0xf39Fd6e51aad88F6F4ce6aB8827279cffFb92266
INFO [06-01|10:59:26.201] Using pebble as the backing database
INFO [06-01|10:59:26.202] Allocated cache and file handles         database=/mnt/state_expiry_vol_data/ubt-vs-pbt-dbs/ubt/geth/chaindata cache=16.00MiB handles=262,144
INFO [06-01|10:59:26.427] Opened ancient database                  database=/mnt/state_expiry_vol_data/ubt-vs-pbt-dbs/ubt/geth/chaindata/ancient/chain readonly=true
INFO [06-01|10:59:26.428] Opened Era store                         datadir=/mnt/state_expiry_vol_data/ubt-vs-pbt-dbs/ubt/geth/chaindata/ancient/chain/era
INFO [06-01|10:59:26.435] Initializing the KZG library             backend=gokzg
INFO [06-01|10:59:26.436] Allocated trie memory caches             clean=0.00B dirty=0.00B
INFO [06-01|10:59:26.447] Using pebble as the backing database
INFO [06-01|10:59:26.447] Allocated cache and file handles         database=/mnt/state_expiry_vol_data/ubt-vs-pbt-dbs/ubt/geth/chaindata cache=16.00MiB handles=262,144
INFO [06-01|10:59:26.642] Opened ancient database                  database=/mnt/state_expiry_vol_data/ubt-vs-pbt-dbs/ubt/geth/chaindata/ancient/chain readonly=false
INFO [06-01|10:59:26.642] Opened Era store                         datadir=/mnt/state_expiry_vol_data/ubt-vs-pbt-dbs/ubt/geth/chaindata/ancient/chain/era
INFO [06-01|10:59:26.648] State scheme set to already existing     scheme=path
INFO [06-01|10:59:26.648] Initialising Ethereum protocol           network=1337 dbversion=9
INFO [06-01|10:59:26.648] Load database journal from file          path=/mnt/state_expiry_vol_data/ubt-vs-pbt-dbs/ubt/geth/triedb/verkle.journal
INFO [06-01|10:59:26.756] Opened ancient database                  database=/mnt/state_expiry_vol_data/ubt-vs-pbt-dbs/ubt/geth/chaindata/ancient/state_verkle readonly=false
INFO [06-01|10:59:26.770] State snapshot generator is not compatible
INFO [06-01|10:59:26.770] Initialized path database                triecache=0.00B statecache=0.00B buffer=0.00B state-history="last 90000 blocks" journal-dir=/mnt/state_expiry_vol_data/ubt-vs-pbt-dbs/ubt/geth/triedb verkle=true
INFO [06-01|10:59:26.771] 
INFO [06-01|10:59:26.771] ---------------------------------------------------------------------------------------------------------------------------------------------------------
INFO [06-01|10:59:26.771] Chain ID:  1337 (unknown)
INFO [06-01|10:59:26.771] Consensus: unknown
INFO [06-01|10:59:26.771] 
INFO [06-01|10:59:26.771] Pre-Merge hard forks (block based):
INFO [06-01|10:59:26.771]  - Homestead:                   #0       
INFO [06-01|10:59:26.771]  - Tangerine Whistle (EIP 150): #0       
INFO [06-01|10:59:26.771]  - Spurious Dragon/1 (EIP 155): #0       
INFO [06-01|10:59:26.771]  - Spurious Dragon/2 (EIP 158): #0       
INFO [06-01|10:59:26.771]  - Byzantium:                   #0       
INFO [06-01|10:59:26.771]  - Constantinople:              #0       
INFO [06-01|10:59:26.771]  - Petersburg:                  #0       
INFO [06-01|10:59:26.771]  - Istanbul:                    #0       
INFO [06-01|10:59:26.771]  - Berlin:                      #0       
INFO [06-01|10:59:26.771]  - London:                      #0       
INFO [06-01|10:59:26.771]  - Arrow Glacier:               #0       
INFO [06-01|10:59:26.771]  - Gray Glacier:                #0       
INFO [06-01|10:59:26.771] 
INFO [06-01|10:59:26.771] Merge configured:
INFO [06-01|10:59:26.771]  - Total terminal difficulty:  0
INFO [06-01|10:59:26.771]  - Merge netsplit block:       #0       
INFO [06-01|10:59:26.771] 
INFO [06-01|10:59:26.771] Post-Merge hard forks (timestamp based):
INFO [06-01|10:59:26.771]  - Shanghai:                    @0         
INFO [06-01|10:59:26.771]  - Cancun:                      @0          blob: (target: 3, max: 6, fraction: 3338477)
INFO [06-01|10:59:26.771]  - Prague:                      @0          blob: (target: 6, max: 9, fraction: 5007716)
INFO [06-01|10:59:26.771]  - Osaka:                       @0          blob: (target: 6, max: 9, fraction: 5007716)
INFO [06-01|10:59:26.771]  - UBT:                         @0          blob: (nil)
INFO [06-01|10:59:26.771] 
INFO [06-01|10:59:26.771] All fork specifications can be found at https://ethereum.github.io/execution-specs/src/ethereum/forks/
INFO [06-01|10:59:26.771] 
INFO [06-01|10:59:26.771] ---------------------------------------------------------------------------------------------------------------------------------------------------------
INFO [06-01|10:59:26.771] 
INFO [06-01|10:59:26.772] Loaded most recent local block           number=4081 hash=0eac73..6c9510 age=3s
INFO [06-01|10:59:26.773] Loaded most recent local finalized block number=4064 hash=bf3bb8..423ed0 age=28s
INFO [06-01|10:59:26.774] Initialized transaction indexer          range="last 2350000 blocks"
INFO [06-01|10:59:26.774] Initialized log indexer                  firstblock=0 lastblock=4081 firstmap=0 lastmap=0 headindexed=true
INFO [06-01|10:59:26.805] Enabled full-sync                        head=4081 hash=0eac73..6c9510
INFO [06-01|10:59:26.805] Unprotected transactions allowed
INFO [06-01|10:59:26.805] Gasprice oracle is ignoring threshold set threshold=2
INFO [06-01|10:59:26.806] Registered sync override service
WARN [06-01|10:59:26.806] You are running Geth in --dev mode. Please note the following:
WARN [06-01|10:59:26.806] 
WARN [06-01|10:59:26.806]   1. This mode is only intended for fast, iterative development without assumptions on
WARN [06-01|10:59:26.806]      security or persistence.
WARN [06-01|10:59:26.806]   2. The database is created in memory unless specified otherwise. Therefore, shutting down
WARN [06-01|10:59:26.806]      your computer or losing power will wipe your entire block data and chain state for
WARN [06-01|10:59:26.806]      your dev environment.
WARN [06-01|10:59:26.806]   3. A random, pre-allocated developer account will be available and unlocked as
WARN [06-01|10:59:26.806]      eth.coinbase, which can be used for testing. The random dev account is temporary,
WARN [06-01|10:59:26.806]      stored on a ramdisk, and will be lost if your machine is restarted.
WARN [06-01|10:59:26.806]   4. Mining is enabled by default. However, the client will only seal blocks if transactions
WARN [06-01|10:59:26.806]      are pending in the mempool. The miner's minimum accepted gas price is 1.
WARN [06-01|10:59:26.806]   5. Networking is disabled; there is no listen-address, the maximum number of peers is set
WARN [06-01|10:59:26.806]      to 0, and discovery is disabled.
WARN [06-01|10:59:26.806] 
INFO [06-01|10:59:26.806] Starting peer-to-peer node               instance=Geth/v1.17.3-unstable/linux-amd64/go1.24.9
WARN [06-01|10:59:26.806] P2P server will be useless, neither dialing nor listening
INFO [06-01|10:59:26.824] IPC endpoint opened                      url=/mnt/state_expiry_vol_data/ubt-vs-pbt-dbs/ubt/geth.ipc
ERROR[06-01|10:59:26.824] Unavailable modules in HTTP API list     unavailable=[personal] available="[admin debug web3 eth txpool miner net dev testing]"
INFO [06-01|10:59:26.824] New local node record                    seq=1,780,289,664,639 id=c084d8867e8cc127 ip=127.0.0.1 udp=0 tcp=0
INFO [06-01|10:59:26.824] Started P2P networking                   self=enode://ed0ccbffbfc0dc9f1b0f8e55d585ad3e61215b1974f32d9388e7ae53563e3ebe0172c21d754fa202c3a63f95bef3ff3ea24339ffdabd0115c47ec5b8d33136a9@127.0.0.1:0
INFO [06-01|10:59:26.825] HTTP server started                      endpoint=127.0.0.1:8545 auth=false prefix= cors= vhosts=localhost
INFO [06-01|10:59:26.825] WebSocket enabled                        url=ws://127.0.0.1:8546
INFO [06-01|10:59:27.126] Loaded local transaction journal         transactions=2893 dropped=0
INFO [06-01|10:59:28.138] Started log indexer
INFO [06-01|10:59:28.176] Starting work on payload                 id=0x03d0d16536d01fda
INFO [06-01|10:59:28.179] Updated payload                          id=0x03d0d16536d01fda number=4082 hash=71dade..9ffcc2 txs=0 withdrawals=0 gas=0 fees=0 root=0d5071..420077 elapsed=3.071ms
INFO [06-01|10:59:28.179] Stopping work on payload                 id=0x03d0d16536d01fda reason=delivery
WARN [06-01|10:59:28.183] {"level":"warn","msg":"Slow block","block":{"number":4082,"hash":"0x71dade449a077a9855aa3c014fb4958a69280ebc957af956ac09919d829ffcc2","gas_used":0,"tx_count":0},"timing":{"execution_ms":0.044412,"state_read_ms":3.05724,"state_hash_ms":0.001703,"commit_ms":0.358407,"total_ms":3.6816},"throughput":{"mgas_per_sec":0},"state_reads":{"accounts":4,"storage_slots":0,"code":0,"code_bytes":0},"state_writes":{"accounts":0,"accounts_deleted":0,"storage_slots":0,"storage_slots_deleted":0,"code":0,"code_bytes":0},"cache":{"account":{"hits":0,"misses":4,"hit_rate":0},"storage":{"hits":0,"misses":0,"hit_rate":0},"code":{"hits":0,"misses":0,"hit_rate":0,"hit_bytes":0,"miss_bytes":0}}}
INFO [06-01|10:59:28.183] Imported new potential chain segment     number=4082 hash=71dade..9ffcc2 blocks=1 txs=0 mgas=0.000 elapsed=4.067ms mgasps=0.000 triediffs=4.07MiB triedirty=0.00B
INFO [06-01|10:59:28.184] Chain head was updated                   number=4082 hash=71dade..9ffcc2 root=0d5071..420077 elapsed="80.424µs"
INFO [06-01|10:59:29.202] Starting work on payload                 id=0x03bd072c7e66c368
INFO [06-01|10:59:29.205] Updated payload                          id=0x03bd072c7e66c368 number=4083 hash=13e4b2..de7cf9 txs=0 withdrawals=0 gas=0 fees=0 root=0d5071..420077 elapsed=2.936ms
INFO [06-01|10:59:29.205] Stopping work on payload                 id=0x03bd072c7e66c368 reason=delivery
WARN [06-01|10:59:29.208] {"level":"warn","msg":"Slow block","block":{"number":4083,"hash":"0x13e4b23ebcf1758b054bdb85af9f051b68c1d1419623c18a3ca1965d34de7cf9","gas_used":0,"tx_count":0},"timing":{"execution_ms":0.023371,"state_read_ms":2.755111,"state_hash_ms":0.001117,"commit_ms":0.086193,"total_ms":3.020923},"throughput":{"mgas_per_sec":0},"state_reads":{"accounts":4,"storage_slots":0,"code":0,"code_bytes":0},"state_writes":{"accounts":0,"accounts_deleted":0,"storage_slots":0,"storage_slots_deleted":0,"code":0,"code_bytes":0},"cache":{"account":{"hits":0,"misses":4,"hit_rate":0},"storage":{"hits":0,"misses":0,"hit_rate":0},"code":{"hits":0,"misses":0,"hit_rate":0,"hit_bytes":0,"miss_bytes":0}}}
INFO [06-01|10:59:29.208] Imported new potential chain segment     number=4083 hash=13e4b2..de7cf9 blocks=1 txs=0 mgas=0.000 elapsed=3.190ms    mgasps=0.000 triediffs=4.07MiB triedirty=0.00B
INFO [06-01|10:59:29.208] Chain head was updated                   number=4083 hash=13e4b2..de7cf9 root=0d5071..420077 elapsed="46.175µs"
INFO [06-01|10:59:30.229] Starting work on payload                 id=0x03a1e27ed77c7baa
INFO [06-01|10:59:30.233] Updated payload                          id=0x03a1e27ed77c7baa number=4084 hash=7aa970..1256c6 txs=0 withdrawals=0 gas=0 fees=0 root=0d5071..420077 elapsed=3.681ms
INFO [06-01|10:59:30.233] Stopping work on payload                 id=0x03a1e27ed77c7baa reason=delivery
WARN [06-01|10:59:30.248] {"level":"warn","msg":"Slow block","block":{"number":4084,"hash":"0x7aa970d07bc38ac1d54bb013786853894d59fa2b432eab2a4fb48035ac1256c6","gas_used":0,"tx_count":0},"timing":{"execution_ms":0.029285,"state_read_ms":14.640278,"state_hash_ms":0.001525,"commit_ms":0.124684,"total_ms":14.977755},"throughput":{"mgas_per_sec":0},"state_reads":{"accounts":4,"storage_slots":0,"code":0,"code_bytes":0},"state_writes":{"accounts":0,"accounts_deleted":0,"storage_slots":0,"storage_slots_deleted":0,"code":0,"code_bytes":0},"cache":{"account":{"hits":0,"misses":4,"hit_rate":0},"storage":{"hits":0,"misses":0,"hit_rate":0},"code":{"hits":0,"misses":0,"hit_rate":0,"hit_bytes":0,"miss_bytes":0}}}
INFO [06-01|10:59:30.248] Imported new potential chain segment     number=4084 hash=7aa970..1256c6 blocks=1 txs=0 mgas=0.000 elapsed=15.152ms   mgasps=0.000 triediffs=4.07MiB triedirty=0.00B
INFO [06-01|10:59:30.248] Chain head was updated                   number=4084 hash=7aa970..1256c6 root=0d5071..420077 elapsed="32.12µs"
INFO [06-01|10:59:30.475] Submitted contract creation              hash=0x8c124701c4e4279418117a3245a5d0de87d7635178f35f6c2b6a1d29d4934e2a from=0xf39Fd6e51aad88F6F4ce6aB8827279cffFb92266 nonce=1191 contract=0x2fe9Dfa9FaF3Ebcc293Df4832BCAd687999CD63E value=0
INFO [06-01|10:59:30.475] Submitted transaction                    hash=0x0b4cbcd366a5e815a70a2eec2358acde4539755087720eb7f6e342240b46138f from=0xf39Fd6e51aad88F6F4ce6aB8827279cffFb92266 nonce=1192 recipient=0x5dBD2d3e526AEB134d066B191220a06267b3126B value=78,000,000
INFO [06-01|10:59:31.253] Starting work on payload                 id=0x0322e0bd8ee5c690
INFO [06-01|10:59:31.289] Updated payload                          id=0x0322e0bd8ee5c690 number=4085 hash=b1b4d5..425cd4 txs=2 withdrawals=0 gas=86938 fees=5.21628e-13 root=7f7353..be7283 elapsed=35.862ms
INFO [06-01|10:59:31.289] Stopping work on payload                 id=0x0322e0bd8ee5c690 reason=delivery
INFO [06-01|10:59:31.333] Paused snapshot generation
WARN [06-01|10:59:31.334] {"level":"warn","msg":"Slow block","block":{"number":4085,"hash":"0xb1b4d51d2ca0f2dec021075c72f6784c1e40b1085f00fcec76358d6143425cd4","gas_used":86938,"tx_count":2},"timing":{"execution_ms":0.155921,"state_read_ms":17.764375,"state_hash_ms":18.331451,"commit_ms":7.57122,"total_ms":44.072334},"throughput":{"mgas_per_sec":1.9726207375357065},"state_reads":{"accounts":11,"storage_slots":0,"code":0,"code_bytes":0},"state_writes":{"accounts":3,"accounts_deleted":0,"storage_slots":0,"storage_slots_deleted":0,"code":1,"code_bytes":165},"cache":{"account":{"hits":5,"misses":6,"hit_rate":45.45454545454545},"storage":{"hits":0,"misses":0,"hit_rate":0},"code":{"hits":0,"misses":0,"hit_rate":0,"hit_bytes":0,"miss_bytes":0}}}
INFO [06-01|10:59:31.334] Imported new potential chain segment     number=4085 hash=b1b4d5..425cd4 blocks=1 txs=2 mgas=0.087 elapsed=44.261ms   mgasps=1.964 triediffs=4.07MiB triedirty=0.00B
INFO [06-01|10:59:31.334] Chain head was updated                   number=4085 hash=b1b4d5..425cd4 root=7f7353..be7283 elapsed="179.877µs"
WARN [06-01|10:59:31.353] Snapshot generation is not permitted
INFO [06-01|10:59:31.489] Submitted transaction                    hash=0xdd02e0cdd097ce4e7c87316905603d9b3f9d7910e885f46b9a7605c8c9ed9c8b from=0x5dBD2d3e526AEB134d066B191220a06267b3126B nonce=0    recipient=0x2fe9Dfa9FaF3Ebcc293Df4832BCAd687999CD63E value=0
INFO [06-01|10:59:32.338] Starting work on payload                 id=0x03ad11aa1412d148
INFO [06-01|10:59:32.443] Updated payload                          id=0x03ad11aa1412d148 number=4086 hash=e7c387..1774a2 txs=1 withdrawals=0 gas=5,919,370 fees=3.551622e-11 root=771bd7..808f99 elapsed=104.687ms
INFO [06-01|10:59:32.443] Stopping work on payload                 id=0x03ad11aa1412d148 reason=delivery
INFO [06-01|10:59:32.463] Paused snapshot generation
WARN [06-01|10:59:32.465] {"level":"warn","msg":"Slow block","block":{"number":4086,"hash":"0xe7c387d74047dbe6b27163a0617de13201df1069b96dac37f0beefba9a1774a2","gas_used":5919370,"tx_count":1},"timing":{"execution_ms":3.732423,"state_read_ms":7.945259,"state_hash_ms":6.907981,"commit_ms":2.901248,"total_ms":21.715498},"throughput":{"mgas_per_sec":272.5873475247954},"state_reads":{"accounts":17,"storage_slots":283,"code":11,"code_bytes":445},"state_writes":{"accounts":12,"accounts_deleted":0,"storage_slots":254,"storage_slots_deleted":0,"code":0,"code_bytes":0},"cache":{"account":{"hits":5,"misses":12,"hit_rate":29.411764705882355},"storage":{"hits":62,"misses":221,"hit_rate":21.908127208480565},"code":{"hits":11,"misses":0,"hit_rate":100,"hit_bytes":445,"miss_bytes":0}}}
INFO [06-01|10:59:32.465] Imported new potential chain segment     number=4086 hash=e7c387..1774a2 blocks=1 txs=1 mgas=5.919 elapsed=21.942ms    mgasps=269.770 triediffs=4.19MiB triedirty=0.00B
INFO [06-01|10:59:32.465] Chain head was updated                   number=4086 hash=e7c387..1774a2 root=771bd7..808f99 elapsed="139.82µs"
WARN [06-01|10:59:32.484] Snapshot generation is not permitted
INFO [06-01|10:59:32.504] Submitted transaction                    hash=0xc362b2b1d8ad123660ba48661f2fea13501e6679451a1548c4a361a6d2495f30 from=0x5dBD2d3e526AEB134d066B191220a06267b3126B nonce=1    recipient=0xf39Fd6e51aad88F6F4ce6aB8827279cffFb92266 value=796,190
INFO [06-01|10:59:33.470] Starting work on payload                 id=0x03b8ee86bf23dd18
INFO [06-01|10:59:33.492] Updated payload                          id=0x03b8ee86bf23dd18 number=4087 hash=90dd74..ab15df txs=1 withdrawals=0 gas=21000     fees=2.1e-14      root=4251b1..11e3ee elapsed=21.975ms
INFO [06-01|10:59:33.492] Stopping work on payload                 id=0x03b8ee86bf23dd18 reason=delivery
INFO [06-01|10:59:33.500] Paused snapshot generation
WARN [06-01|10:59:33.500] {"level":"warn","msg":"Slow block","block":{"number":4087,"hash":"0x90dd741a8116b90296e53dd640916b6dfdc4fcb968081ac9aea5cf8bf9ab15df","gas_used":21000,"tx_count":1},"timing":{"execution_ms":0.06472,"state_read_ms":3.41462,"state_hash_ms":3.299732,"commit_ms":1.091449,"total_ms":8.065772},"throughput":{"mgas_per_sec":2.603594547428318},"state_reads":{"accounts":6,"storage_slots":0,"code":0,"code_bytes":0},"state_writes":{"accounts":2,"accounts_deleted":0,"storage_slots":0,"storage_slots_deleted":0,"code":0,"code_bytes":0},"cache":{"account":{"hits":2,"misses":4,"hit_rate":33.33333333333333},"storage":{"hits":0,"misses":0,"hit_rate":0},"code":{"hits":0,"misses":0,"hit_rate":0,"hit_bytes":0,"miss_bytes":0}}}
INFO [06-01|10:59:33.500] Imported new potential chain segment     number=4087 hash=90dd74..ab15df blocks=1 txs=1 mgas=0.021 elapsed=8.232ms     mgasps=2.551   triediffs=4.19MiB triedirty=0.00B
INFO [06-01|10:59:33.501] Chain head was updated                   number=4087 hash=90dd74..ab15df root=4251b1..11e3ee elapsed="253.174µs"
WARN [06-01|10:59:33.530] Snapshot generation is not permitted
