WARN [06-01|10:53:15.908] Unknown config environment variable      envvar=GETH_PBT_BIN
WARN [06-01|10:53:15.908] Unknown config environment variable      envvar=GETH_UBT_BIN
INFO [06-01|10:53:15.922] Starting Geth on Ethereum mainnet...
INFO [06-01|10:53:15.924] Maximum peer count                       ETH=0 total=0
INFO [06-01|10:53:15.925] Smartcard socket not found, disabling    err="stat /run/pcscd/pcscd.comm: no such file or directory"
WARN [06-01|10:53:15.928] Option --miner.etherbase is deprecated as the etherbase is set by the consensus client post-merge
WARN [06-01|10:53:15.930] Snap sync requested, resetting --cache.snapshot
INFO [06-01|10:53:15.930] Set global gas cap                       cap=50,000,000
INFO [06-01|10:53:16.733] Using developer account                  address=0xf39Fd6e51aad88F6F4ce6aB8827279cffFb92266
INFO [06-01|10:53:16.780] Using pebble as the backing database
INFO [06-01|10:53:16.780] Allocated cache and file handles         database=/mnt/state_expiry_vol_data/ubt-vs-pbt-dbs/ubt/geth/chaindata cache=16.00MiB handles=262,144
INFO [06-01|10:53:17.016] Opened ancient database                  database=/mnt/state_expiry_vol_data/ubt-vs-pbt-dbs/ubt/geth/chaindata/ancient/chain readonly=true
INFO [06-01|10:53:17.016] Opened Era store                         datadir=/mnt/state_expiry_vol_data/ubt-vs-pbt-dbs/ubt/geth/chaindata/ancient/chain/era
INFO [06-01|10:53:17.024] Initializing the KZG library             backend=gokzg
INFO [06-01|10:53:17.025] Allocated trie memory caches             clean=0.00B dirty=0.00B
INFO [06-01|10:53:17.034] Using pebble as the backing database
INFO [06-01|10:53:17.034] Allocated cache and file handles         database=/mnt/state_expiry_vol_data/ubt-vs-pbt-dbs/ubt/geth/chaindata cache=16.00MiB handles=262,144
INFO [06-01|10:53:17.225] Opened ancient database                  database=/mnt/state_expiry_vol_data/ubt-vs-pbt-dbs/ubt/geth/chaindata/ancient/chain readonly=false
INFO [06-01|10:53:17.225] Opened Era store                         datadir=/mnt/state_expiry_vol_data/ubt-vs-pbt-dbs/ubt/geth/chaindata/ancient/chain/era
INFO [06-01|10:53:17.233] State scheme set to already existing     scheme=path
INFO [06-01|10:53:17.242] Initialising Ethereum protocol           network=1337 dbversion=9
INFO [06-01|10:53:17.242] Load database journal from file          path=/mnt/state_expiry_vol_data/ubt-vs-pbt-dbs/ubt/geth/triedb/verkle.journal
INFO [06-01|10:53:17.301] Opened ancient database                  database=/mnt/state_expiry_vol_data/ubt-vs-pbt-dbs/ubt/geth/chaindata/ancient/state_verkle readonly=false
INFO [06-01|10:53:17.303] State snapshot generator is not compatible
INFO [06-01|10:53:17.303] Initialized path database                triecache=0.00B statecache=0.00B buffer=0.00B state-history="last 90000 blocks" journal-dir=/mnt/state_expiry_vol_data/ubt-vs-pbt-dbs/ubt/geth/triedb verkle=true
INFO [06-01|10:53:17.304] 
INFO [06-01|10:53:17.304] ---------------------------------------------------------------------------------------------------------------------------------------------------------
INFO [06-01|10:53:17.304] Chain ID:  1337 (unknown)
INFO [06-01|10:53:17.304] Consensus: unknown
INFO [06-01|10:53:17.304] 
INFO [06-01|10:53:17.304] Pre-Merge hard forks (block based):
INFO [06-01|10:53:17.304]  - Homestead:                   #0       
INFO [06-01|10:53:17.304]  - Tangerine Whistle (EIP 150): #0       
INFO [06-01|10:53:17.304]  - Spurious Dragon/1 (EIP 155): #0       
INFO [06-01|10:53:17.304]  - Spurious Dragon/2 (EIP 158): #0       
INFO [06-01|10:53:17.304]  - Byzantium:                   #0       
INFO [06-01|10:53:17.304]  - Constantinople:              #0       
INFO [06-01|10:53:17.304]  - Petersburg:                  #0       
INFO [06-01|10:53:17.304]  - Istanbul:                    #0       
INFO [06-01|10:53:17.304]  - Berlin:                      #0       
INFO [06-01|10:53:17.304]  - London:                      #0       
INFO [06-01|10:53:17.304]  - Arrow Glacier:               #0       
INFO [06-01|10:53:17.304]  - Gray Glacier:                #0       
INFO [06-01|10:53:17.304] 
INFO [06-01|10:53:17.304] Merge configured:
INFO [06-01|10:53:17.304]  - Total terminal difficulty:  0
INFO [06-01|10:53:17.304]  - Merge netsplit block:       #0       
INFO [06-01|10:53:17.304] 
INFO [06-01|10:53:17.304] Post-Merge hard forks (timestamp based):
INFO [06-01|10:53:17.304]  - Shanghai:                    @0         
INFO [06-01|10:53:17.304]  - Cancun:                      @0          blob: (target: 3, max: 6, fraction: 3338477)
INFO [06-01|10:53:17.304]  - Prague:                      @0          blob: (target: 6, max: 9, fraction: 5007716)
INFO [06-01|10:53:17.304]  - Osaka:                       @0          blob: (target: 6, max: 9, fraction: 5007716)
INFO [06-01|10:53:17.304]  - UBT:                         @0          blob: (nil)
INFO [06-01|10:53:17.304] 
INFO [06-01|10:53:17.304] All fork specifications can be found at https://ethereum.github.io/execution-specs/src/ethereum/forks/
INFO [06-01|10:53:17.304] 
INFO [06-01|10:53:17.304] ---------------------------------------------------------------------------------------------------------------------------------------------------------
INFO [06-01|10:53:17.304] 
INFO [06-01|10:53:17.304] Loaded most recent local block           number=3843 hash=4ad61e..b93a18 age=3s
INFO [06-01|10:53:17.305] Loaded most recent local finalized block number=3840 hash=e4cd09..285785 age=6s
INFO [06-01|10:53:17.306] Initialized transaction indexer          range="last 2350000 blocks"
INFO [06-01|10:53:17.306] Initialized log indexer                  firstblock=0 lastblock=3843 firstmap=0 lastmap=0 headindexed=true
INFO [06-01|10:53:17.360] Enabled full-sync                        head=3843 hash=4ad61e..b93a18
INFO [06-01|10:53:17.360] Unprotected transactions allowed
INFO [06-01|10:53:17.360] Gasprice oracle is ignoring threshold set threshold=2
INFO [06-01|10:53:17.360] Registered sync override service
WARN [06-01|10:53:17.360] You are running Geth in --dev mode. Please note the following:
WARN [06-01|10:53:17.360] 
WARN [06-01|10:53:17.360]   1. This mode is only intended for fast, iterative development without assumptions on
WARN [06-01|10:53:17.360]      security or persistence.
WARN [06-01|10:53:17.360]   2. The database is created in memory unless specified otherwise. Therefore, shutting down
WARN [06-01|10:53:17.360]      your computer or losing power will wipe your entire block data and chain state for
WARN [06-01|10:53:17.360]      your dev environment.
WARN [06-01|10:53:17.360]   3. A random, pre-allocated developer account will be available and unlocked as
WARN [06-01|10:53:17.360]      eth.coinbase, which can be used for testing. The random dev account is temporary,
WARN [06-01|10:53:17.360]      stored on a ramdisk, and will be lost if your machine is restarted.
WARN [06-01|10:53:17.360]   4. Mining is enabled by default. However, the client will only seal blocks if transactions
WARN [06-01|10:53:17.360]      are pending in the mempool. The miner's minimum accepted gas price is 1.
WARN [06-01|10:53:17.360]   5. Networking is disabled; there is no listen-address, the maximum number of peers is set
WARN [06-01|10:53:17.360]      to 0, and discovery is disabled.
WARN [06-01|10:53:17.360] 
INFO [06-01|10:53:17.360] Starting peer-to-peer node               instance=Geth/v1.17.3-unstable/linux-amd64/go1.24.9
WARN [06-01|10:53:17.360] P2P server will be useless, neither dialing nor listening
INFO [06-01|10:53:17.396] IPC endpoint opened                      url=/mnt/state_expiry_vol_data/ubt-vs-pbt-dbs/ubt/geth.ipc
ERROR[06-01|10:53:17.396] Unavailable modules in HTTP API list     unavailable=[personal] available="[admin debug web3 eth txpool miner net dev testing]"
INFO [06-01|10:53:17.397] New local node record                    seq=1,780,289,664,604 id=c084d8867e8cc127 ip=127.0.0.1 udp=0 tcp=0
INFO [06-01|10:53:17.397] Started P2P networking                   self=enode://ed0ccbffbfc0dc9f1b0f8e55d585ad3e61215b1974f32d9388e7ae53563e3ebe0172c21d754fa202c3a63f95bef3ff3ea24339ffdabd0115c47ec5b8d33136a9@127.0.0.1:0
INFO [06-01|10:53:17.397] HTTP server started                      endpoint=127.0.0.1:8545 auth=false prefix= cors= vhosts=localhost
INFO [06-01|10:53:17.397] WebSocket enabled                        url=ws://127.0.0.1:8546
INFO [06-01|10:53:17.750] Loaded local transaction journal         transactions=2753 dropped=0
INFO [06-01|10:53:18.773] Started log indexer
INFO [06-01|10:53:18.815] Starting work on payload                 id=0x035d8a6922bb66df
INFO [06-01|10:53:18.824] Updated payload                          id=0x035d8a6922bb66df number=3844 hash=45983c..9a4683 txs=0 withdrawals=0 gas=0 fees=0 root=f55d86..30b282 elapsed=9.175ms
INFO [06-01|10:53:18.824] Stopping work on payload                 id=0x035d8a6922bb66df reason=delivery
WARN [06-01|10:53:18.830] {"level":"warn","msg":"Slow block","block":{"number":3844,"hash":"0x45983ce56d6d446582a99ab451df4e015771e13eb71185449f09153fc29a4683","gas_used":0,"tx_count":0},"timing":{"execution_ms":0.265864,"state_read_ms":3.832832,"state_hash_ms":0.002546,"commit_ms":0.27527,"total_ms":4.785171},"throughput":{"mgas_per_sec":0},"state_reads":{"accounts":4,"storage_slots":0,"code":0,"code_bytes":0},"state_writes":{"accounts":0,"accounts_deleted":0,"storage_slots":0,"storage_slots_deleted":0,"code":0,"code_bytes":0},"cache":{"account":{"hits":0,"misses":4,"hit_rate":0},"storage":{"hits":0,"misses":0,"hit_rate":0},"code":{"hits":0,"misses":0,"hit_rate":0,"hit_bytes":0,"miss_bytes":0}}}
INFO [06-01|10:53:18.830] Imported new potential chain segment     number=3844 hash=45983c..9a4683 blocks=1 txs=0 mgas=0.000 elapsed=5.399ms mgasps=0.000 triediffs=1.36MiB triedirty=0.00B
INFO [06-01|10:53:18.830] Chain head was updated                   number=3844 hash=45983c..9a4683 root=f55d86..30b282 elapsed="99.327µs"
INFO [06-01|10:53:19.838] Starting work on payload                 id=0x03637551468f7981
INFO [06-01|10:53:19.842] Updated payload                          id=0x03637551468f7981 number=3845 hash=88fb97..513e84 txs=0 withdrawals=0 gas=0 fees=0 root=f55d86..30b282 elapsed=4.596ms
INFO [06-01|10:53:19.842] Stopping work on payload                 id=0x03637551468f7981 reason=delivery
WARN [06-01|10:53:19.846] {"level":"warn","msg":"Slow block","block":{"number":3845,"hash":"0x88fb979e62e14fbcfc315da1e7488629e58f5161bd9af8fa2e276e8893513e84","gas_used":0,"tx_count":0},"timing":{"execution_ms":0.034383,"state_read_ms":3.012179,"state_hash_ms":0.001746,"commit_ms":0.133058,"total_ms":3.345269},"throughput":{"mgas_per_sec":0},"state_reads":{"accounts":4,"storage_slots":0,"code":0,"code_bytes":0},"state_writes":{"accounts":0,"accounts_deleted":0,"storage_slots":0,"storage_slots_deleted":0,"code":0,"code_bytes":0},"cache":{"account":{"hits":0,"misses":4,"hit_rate":0},"storage":{"hits":0,"misses":0,"hit_rate":0},"code":{"hits":0,"misses":0,"hit_rate":0,"hit_bytes":0,"miss_bytes":0}}}
INFO [06-01|10:53:19.846] Imported new potential chain segment     number=3845 hash=88fb97..513e84 blocks=1 txs=0 mgas=0.000 elapsed=3.533ms    mgasps=0.000 triediffs=1.36MiB triedirty=0.00B
INFO [06-01|10:53:19.846] Chain head was updated                   number=3845 hash=88fb97..513e84 root=f55d86..30b282 elapsed="33.024µs"
INFO [06-01|10:53:20.858] Starting work on payload                 id=0x0353933cc2da0d3c
INFO [06-01|10:53:20.861] Updated payload                          id=0x0353933cc2da0d3c number=3846 hash=532d71..36ecea txs=0 withdrawals=0 gas=0 fees=0 root=f55d86..30b282 elapsed=3.550ms
INFO [06-01|10:53:20.862] Stopping work on payload                 id=0x0353933cc2da0d3c reason=delivery
WARN [06-01|10:53:20.880] {"level":"warn","msg":"Slow block","block":{"number":3846,"hash":"0x532d7198e6f18150829ceaa045ca3e4cb2f7c6131484864ce2df32093336ecea","gas_used":0,"tx_count":0},"timing":{"execution_ms":0.037275,"state_read_ms":18.04331,"state_hash_ms":0.0023,"commit_ms":0.127349,"total_ms":18.422103},"throughput":{"mgas_per_sec":0},"state_reads":{"accounts":4,"storage_slots":0,"code":0,"code_bytes":0},"state_writes":{"accounts":0,"accounts_deleted":0,"storage_slots":0,"storage_slots_deleted":0,"code":0,"code_bytes":0},"cache":{"account":{"hits":0,"misses":4,"hit_rate":0},"storage":{"hits":0,"misses":0,"hit_rate":0},"code":{"hits":0,"misses":0,"hit_rate":0,"hit_bytes":0,"miss_bytes":0}}}
INFO [06-01|10:53:20.880] Imported new potential chain segment     number=3846 hash=532d71..36ecea blocks=1 txs=0 mgas=0.000 elapsed=18.604ms   mgasps=0.000 triediffs=1.36MiB triedirty=0.00B
INFO [06-01|10:53:20.880] Chain head was updated                   number=3846 hash=532d71..36ecea root=f55d86..30b282 elapsed="31.161µs"
INFO [06-01|10:53:20.933] Submitted contract creation              hash=0x7c0ccdd91f47f6cc6f2dc01028c7644c02c9800032ad0fe4b0eb6df0cafc3d7c from=0xf39Fd6e51aad88F6F4ce6aB8827279cffFb92266 nonce=1121 contract=0xd7Db0384564b62543BE8E371e7337A3400F4CCEA value=0
INFO [06-01|10:53:20.933] Submitted transaction                    hash=0xfaf82007f1affe8dec91ae43fadf1217345df53b0114531285c9fda2c3c7b1d8 from=0xf39Fd6e51aad88F6F4ce6aB8827279cffFb92266 nonce=1122 recipient=0x98d66A39A6fD524343eD565f40491844C6033866 value=78,000,000
INFO [06-01|10:53:21.884] Starting work on payload                 id=0x0331544b10227fc8
INFO [06-01|10:53:21.906] Updated payload                          id=0x0331544b10227fc8 number=3847 hash=327e58..44ddc9 txs=2 withdrawals=0 gas=86840 fees=5.2104e-13 root=0995b0..e6d3a5 elapsed=22.147ms
INFO [06-01|10:53:21.907] Stopping work on payload                 id=0x0331544b10227fc8 reason=delivery
INFO [06-01|10:53:21.933] Paused snapshot generation
WARN [06-01|10:53:21.934] {"level":"warn","msg":"Slow block","block":{"number":3847,"hash":"0x327e583f12d49828d2e4fdf6631d521f6e7820a84648ad3a7780c5422e44ddc9","gas_used":86840,"tx_count":2},"timing":{"execution_ms":0.114309,"state_read_ms":19.609271,"state_hash_ms":2.589235,"commit_ms":4.419071,"total_ms":26.900074},"throughput":{"mgas_per_sec":3.228243907433117},"state_reads":{"accounts":11,"storage_slots":0,"code":0,"code_bytes":0},"state_writes":{"accounts":3,"accounts_deleted":0,"storage_slots":0,"storage_slots_deleted":0,"code":1,"code_bytes":157},"cache":{"account":{"hits":7,"misses":4,"hit_rate":63.63636363636363},"storage":{"hits":0,"misses":0,"hit_rate":0},"code":{"hits":0,"misses":0,"hit_rate":0,"hit_bytes":0,"miss_bytes":0}}}
INFO [06-01|10:53:21.934] Imported new potential chain segment     number=3847 hash=327e58..44ddc9 blocks=1 txs=2 mgas=0.087 elapsed=27.069ms   mgasps=3.208 triediffs=1.36MiB triedirty=0.00B
INFO [06-01|10:53:21.934] Chain head was updated                   number=3847 hash=327e58..44ddc9 root=0995b0..e6d3a5 elapsed="135.399µs"
INFO [06-01|10:53:21.946] Submitted transaction                    hash=0x4cbe2f584dd3a6bded32ef7e2e26e2cd694c44fb6c858976a6f9b6ed23a73a2e from=0x98d66A39A6fD524343eD565f40491844C6033866 nonce=0    recipient=0xd7Db0384564b62543BE8E371e7337A3400F4CCEA value=0
WARN [06-01|10:53:21.954] Snapshot generation is not permitted
INFO [06-01|10:53:22.939] Starting work on payload                 id=0x0394e51a231b0cdb
INFO [06-01|10:53:23.055] Updated payload                          id=0x0394e51a231b0cdb number=3848 hash=030bec..0277d3 txs=1 withdrawals=0 gas=5,900,023 fees=3.5400138e-11 root=aebcbb..38cebb elapsed=116.696ms
INFO [06-01|10:53:23.056] Stopping work on payload                 id=0x0394e51a231b0cdb reason=delivery
INFO [06-01|10:53:23.173] Paused snapshot generation
WARN [06-01|10:53:23.174] {"level":"warn","msg":"Slow block","block":{"number":3848,"hash":"0x030becef248cca1ba1bb9205ce848e1bc915627fd551e96e3f5a85a4bc0277d3","gas_used":5900023,"tx_count":1},"timing":{"execution_ms":103.594716,"state_read_ms":9.85291,"state_hash_ms":3.107578,"commit_ms":0.823742,"total_ms":117.608334},"throughput":{"mgas_per_sec":50.16670842391152},"state_reads":{"accounts":263,"storage_slots":259,"code":257,"code_bytes":7325},"state_writes":{"accounts":2,"accounts_deleted":0,"storage_slots":0,"storage_slots_deleted":0,"code":0,"code_bytes":0},"cache":{"account":{"hits":79,"misses":184,"hit_rate":30.038022813688215},"storage":{"hits":88,"misses":171,"hit_rate":33.97683397683397},"code":{"hits":257,"misses":0,"hit_rate":100,"hit_bytes":7325,"miss_bytes":0}}}
INFO [06-01|10:53:23.174] Imported new potential chain segment     number=3848 hash=030bec..0277d3 blocks=1 txs=1 mgas=5.900 elapsed=117.866ms   mgasps=50.057 triediffs=1.37MiB triedirty=0.00B
INFO [06-01|10:53:23.174] Chain head was updated                   number=3848 hash=030bec..0277d3 root=aebcbb..38cebb elapsed="106.886µs"
WARN [06-01|10:53:23.194] Snapshot generation is not permitted
INFO [06-01|10:53:23.966] Submitted transaction                    hash=0x12cf2628bab7b01a8784ca50fc63a9256f23a84ce5b023c42debd2cdd82c30e5 from=0x98d66A39A6fD524343eD565f40491844C6033866 nonce=1    recipient=0xf39Fd6e51aad88F6F4ce6aB8827279cffFb92266 value=1,047,701
INFO [06-01|10:53:24.186] Starting work on payload                 id=0x03b975d3df92efd1
INFO [06-01|10:53:24.192] Updated payload                          id=0x03b975d3df92efd1 number=3849 hash=b9f122..e669f0 txs=1 withdrawals=0 gas=21000     fees=2.1e-14       root=1fb662..1a0579 elapsed=6.310ms
INFO [06-01|10:53:24.192] Stopping work on payload                 id=0x03b975d3df92efd1 reason=delivery
INFO [06-01|10:53:24.214] Paused snapshot generation
WARN [06-01|10:53:24.215] {"level":"warn","msg":"Slow block","block":{"number":3849,"hash":"0xb9f12227336e162afa319c9df0539230d0af9a90f0218f402724da3ff9e669f0","gas_used":21000,"tx_count":1},"timing":{"execution_ms":0.070721,"state_read_ms":18.414952,"state_hash_ms":2.741187,"commit_ms":0.601451,"total_ms":22.050397},"throughput":{"mgas_per_sec":0.9523638055133429},"state_reads":{"accounts":6,"storage_slots":0,"code":0,"code_bytes":0},"state_writes":{"accounts":2,"accounts_deleted":0,"storage_slots":0,"storage_slots_deleted":0,"code":0,"code_bytes":0},"cache":{"account":{"hits":2,"misses":4,"hit_rate":33.33333333333333},"storage":{"hits":0,"misses":0,"hit_rate":0},"code":{"hits":0,"misses":0,"hit_rate":0,"hit_bytes":0,"miss_bytes":0}}}
INFO [06-01|10:53:24.215] Imported new potential chain segment     number=3849 hash=b9f122..e669f0 blocks=1 txs=1 mgas=0.021 elapsed=22.207ms    mgasps=0.946  triediffs=1.36MiB triedirty=0.00B
INFO [06-01|10:53:24.215] Chain head was updated                   number=3849 hash=b9f122..e669f0 root=1fb662..1a0579 elapsed="67.008µs"
WARN [06-01|10:53:24.250] Snapshot generation is not permitted
INFO [06-01|10:53:25.219] Starting work on payload                 id=0x037384b9d88511e9
INFO [06-01|10:53:25.223] Updated payload                          id=0x037384b9d88511e9 number=3850 hash=ddface..03e08c txs=0 withdrawals=0 gas=0         fees=0             root=1fb662..1a0579 elapsed=3.090ms
INFO [06-01|10:53:25.223] Stopping work on payload                 id=0x037384b9d88511e9 reason=delivery
WARN [06-01|10:53:25.237] {"level":"warn","msg":"Slow block","block":{"number":3850,"hash":"0xddfaceed5ba4c1305c038165fe8427a601a9eacbb7daed8c637e58a21e03e08c","gas_used":0,"tx_count":0},"timing":{"execution_ms":0.036496,"state_read_ms":14.000837,"state_hash_ms":0.00221,"commit_ms":0.140925,"total_ms":14.35679},"throughput":{"mgas_per_sec":0},"state_reads":{"accounts":4,"storage_slots":0,"code":0,"code_bytes":0},"state_writes":{"accounts":0,"accounts_deleted":0,"storage_slots":0,"storage_slots_deleted":0,"code":0,"code_bytes":0},"cache":{"account":{"hits":0,"misses":4,"hit_rate":0},"storage":{"hits":0,"misses":0,"hit_rate":0},"code":{"hits":0,"misses":0,"hit_rate":0,"hit_bytes":0,"miss_bytes":0}}}
INFO [06-01|10:53:25.237] Imported new potential chain segment     number=3850 hash=ddface..03e08c blocks=1 txs=0 mgas=0.000 elapsed=14.480ms    mgasps=0.000  triediffs=1.36MiB triedirty=0.00B
INFO [06-01|10:53:25.238] Chain head was updated                   number=3850 hash=ddface..03e08c root=1fb662..1a0579 elapsed="56.624µs"
