WARN [06-01|10:49:19.698] Unknown config environment variable      envvar=GETH_PBT_BIN
WARN [06-01|10:49:19.698] Unknown config environment variable      envvar=GETH_UBT_BIN
INFO [06-01|10:49:19.712] Starting Geth on Ethereum mainnet...
INFO [06-01|10:49:19.713] Maximum peer count                       ETH=0 total=0
INFO [06-01|10:49:19.714] Smartcard socket not found, disabling    err="stat /run/pcscd/pcscd.comm: no such file or directory"
WARN [06-01|10:49:19.717] Option --miner.etherbase is deprecated as the etherbase is set by the consensus client post-merge
WARN [06-01|10:49:19.719] Snap sync requested, resetting --cache.snapshot
INFO [06-01|10:49:19.719] Set global gas cap                       cap=50,000,000
INFO [06-01|10:49:20.532] Using developer account                  address=0xf39Fd6e51aad88F6F4ce6aB8827279cffFb92266
INFO [06-01|10:49:20.574] Using pebble as the backing database
INFO [06-01|10:49:20.575] Allocated cache and file handles         database=/mnt/state_expiry_vol_data/ubt-vs-pbt-dbs/ubt/geth/chaindata cache=16.00MiB handles=262,144
INFO [06-01|10:49:20.802] Opened ancient database                  database=/mnt/state_expiry_vol_data/ubt-vs-pbt-dbs/ubt/geth/chaindata/ancient/chain readonly=true
INFO [06-01|10:49:20.802] Opened Era store                         datadir=/mnt/state_expiry_vol_data/ubt-vs-pbt-dbs/ubt/geth/chaindata/ancient/chain/era
INFO [06-01|10:49:20.809] Initializing the KZG library             backend=gokzg
INFO [06-01|10:49:20.811] Allocated trie memory caches             clean=0.00B dirty=0.00B
INFO [06-01|10:49:20.819] Using pebble as the backing database
INFO [06-01|10:49:20.819] Allocated cache and file handles         database=/mnt/state_expiry_vol_data/ubt-vs-pbt-dbs/ubt/geth/chaindata cache=16.00MiB handles=262,144
INFO [06-01|10:49:21.011] Opened ancient database                  database=/mnt/state_expiry_vol_data/ubt-vs-pbt-dbs/ubt/geth/chaindata/ancient/chain readonly=false
INFO [06-01|10:49:21.011] Opened Era store                         datadir=/mnt/state_expiry_vol_data/ubt-vs-pbt-dbs/ubt/geth/chaindata/ancient/chain/era
INFO [06-01|10:49:21.017] State scheme set to already existing     scheme=path
INFO [06-01|10:49:21.017] Initialising Ethereum protocol           network=1337 dbversion=9
INFO [06-01|10:49:21.017] Load database journal from file          path=/mnt/state_expiry_vol_data/ubt-vs-pbt-dbs/ubt/geth/triedb/verkle.journal
INFO [06-01|10:49:21.083] Opened ancient database                  database=/mnt/state_expiry_vol_data/ubt-vs-pbt-dbs/ubt/geth/chaindata/ancient/state_verkle readonly=false
INFO [06-01|10:49:21.086] State snapshot generator is not compatible
INFO [06-01|10:49:21.086] Initialized path database                triecache=0.00B statecache=0.00B buffer=0.00B state-history="last 90000 blocks" journal-dir=/mnt/state_expiry_vol_data/ubt-vs-pbt-dbs/ubt/geth/triedb verkle=true
INFO [06-01|10:49:21.086] 
INFO [06-01|10:49:21.086] ---------------------------------------------------------------------------------------------------------------------------------------------------------
INFO [06-01|10:49:21.086] Chain ID:  1337 (unknown)
INFO [06-01|10:49:21.086] Consensus: unknown
INFO [06-01|10:49:21.086] 
INFO [06-01|10:49:21.086] Pre-Merge hard forks (block based):
INFO [06-01|10:49:21.086]  - Homestead:                   #0       
INFO [06-01|10:49:21.086]  - Tangerine Whistle (EIP 150): #0       
INFO [06-01|10:49:21.086]  - Spurious Dragon/1 (EIP 155): #0       
INFO [06-01|10:49:21.086]  - Spurious Dragon/2 (EIP 158): #0       
INFO [06-01|10:49:21.086]  - Byzantium:                   #0       
INFO [06-01|10:49:21.086]  - Constantinople:              #0       
INFO [06-01|10:49:21.086]  - Petersburg:                  #0       
INFO [06-01|10:49:21.086]  - Istanbul:                    #0       
INFO [06-01|10:49:21.086]  - Berlin:                      #0       
INFO [06-01|10:49:21.086]  - London:                      #0       
INFO [06-01|10:49:21.086]  - Arrow Glacier:               #0       
INFO [06-01|10:49:21.086]  - Gray Glacier:                #0       
INFO [06-01|10:49:21.086] 
INFO [06-01|10:49:21.086] Merge configured:
INFO [06-01|10:49:21.086]  - Total terminal difficulty:  0
INFO [06-01|10:49:21.086]  - Merge netsplit block:       #0       
INFO [06-01|10:49:21.086] 
INFO [06-01|10:49:21.086] Post-Merge hard forks (timestamp based):
INFO [06-01|10:49:21.086]  - Shanghai:                    @0         
INFO [06-01|10:49:21.086]  - Cancun:                      @0          blob: (target: 3, max: 6, fraction: 3338477)
INFO [06-01|10:49:21.086]  - Prague:                      @0          blob: (target: 6, max: 9, fraction: 5007716)
INFO [06-01|10:49:21.086]  - Osaka:                       @0          blob: (target: 6, max: 9, fraction: 5007716)
INFO [06-01|10:49:21.086]  - UBT:                         @0          blob: (nil)
INFO [06-01|10:49:21.086] 
INFO [06-01|10:49:21.086] All fork specifications can be found at https://ethereum.github.io/execution-specs/src/ethereum/forks/
INFO [06-01|10:49:21.086] 
INFO [06-01|10:49:21.086] ---------------------------------------------------------------------------------------------------------------------------------------------------------
INFO [06-01|10:49:21.086] 
INFO [06-01|10:49:21.089] Loaded most recent local block           number=3689 hash=cf239a..bff631 age=3s
INFO [06-01|10:49:21.089] Loaded most recent local finalized block number=3680 hash=f679af..641c8a age=17s
INFO [06-01|10:49:21.090] Initialized transaction indexer          range="last 2350000 blocks"
INFO [06-01|10:49:21.090] Initialized log indexer                  firstblock=0 lastblock=3689 firstmap=0 lastmap=0 headindexed=true
INFO [06-01|10:49:21.144] Enabled full-sync                        head=3689 hash=cf239a..bff631
INFO [06-01|10:49:21.144] Unprotected transactions allowed
INFO [06-01|10:49:21.145] Gasprice oracle is ignoring threshold set threshold=2
INFO [06-01|10:49:21.145] Registered sync override service
WARN [06-01|10:49:21.145] You are running Geth in --dev mode. Please note the following:
WARN [06-01|10:49:21.145] 
WARN [06-01|10:49:21.145]   1. This mode is only intended for fast, iterative development without assumptions on
WARN [06-01|10:49:21.145]      security or persistence.
WARN [06-01|10:49:21.145]   2. The database is created in memory unless specified otherwise. Therefore, shutting down
WARN [06-01|10:49:21.145]      your computer or losing power will wipe your entire block data and chain state for
WARN [06-01|10:49:21.145]      your dev environment.
WARN [06-01|10:49:21.145]   3. A random, pre-allocated developer account will be available and unlocked as
WARN [06-01|10:49:21.145]      eth.coinbase, which can be used for testing. The random dev account is temporary,
WARN [06-01|10:49:21.145]      stored on a ramdisk, and will be lost if your machine is restarted.
WARN [06-01|10:49:21.145]   4. Mining is enabled by default. However, the client will only seal blocks if transactions
WARN [06-01|10:49:21.145]      are pending in the mempool. The miner's minimum accepted gas price is 1.
WARN [06-01|10:49:21.145]   5. Networking is disabled; there is no listen-address, the maximum number of peers is set
WARN [06-01|10:49:21.145]      to 0, and discovery is disabled.
WARN [06-01|10:49:21.145] 
INFO [06-01|10:49:21.145] Starting peer-to-peer node               instance=Geth/v1.17.3-unstable/linux-amd64/go1.24.9
WARN [06-01|10:49:21.145] P2P server will be useless, neither dialing nor listening
INFO [06-01|10:49:21.184] IPC endpoint opened                      url=/mnt/state_expiry_vol_data/ubt-vs-pbt-dbs/ubt/geth.ipc
ERROR[06-01|10:49:21.184] Unavailable modules in HTTP API list     unavailable=[personal] available="[admin debug web3 eth txpool miner net dev testing]"
INFO [06-01|10:49:21.184] New local node record                    seq=1,780,289,664,582 id=c084d8867e8cc127 ip=127.0.0.1 udp=0 tcp=0
INFO [06-01|10:49:21.184] Started P2P networking                   self=enode://ed0ccbffbfc0dc9f1b0f8e55d585ad3e61215b1974f32d9388e7ae53563e3ebe0172c21d754fa202c3a63f95bef3ff3ea24339ffdabd0115c47ec5b8d33136a9@127.0.0.1:0
INFO [06-01|10:49:21.184] HTTP server started                      endpoint=127.0.0.1:8545 auth=false prefix= cors= vhosts=localhost
INFO [06-01|10:49:21.185] WebSocket enabled                        url=ws://127.0.0.1:8546
INFO [06-01|10:49:21.470] Loaded local transaction journal         transactions=2665 dropped=0
INFO [06-01|10:49:22.438] Started log indexer
INFO [06-01|10:49:22.484] Starting work on payload                 id=0x0311759804afb378
INFO [06-01|10:49:22.488] Updated payload                          id=0x0311759804afb378 number=3690 hash=ddd950..4facfe txs=0 withdrawals=0 gas=0 fees=0 root=36b35c..a9597b elapsed=4.117ms
INFO [06-01|10:49:22.488] Stopping work on payload                 id=0x0311759804afb378 reason=delivery
WARN [06-01|10:49:22.493] {"level":"warn","msg":"Slow block","block":{"number":3690,"hash":"0xddd9504b0216fac333755ec5da48d981c352956f6cd0b9edd15c472f9b4facfe","gas_used":0,"tx_count":0},"timing":{"execution_ms":0.052787,"state_read_ms":3.438173,"state_hash_ms":0.002218,"commit_ms":0.2043,"total_ms":3.995415},"throughput":{"mgas_per_sec":0},"state_reads":{"accounts":4,"storage_slots":0,"code":0,"code_bytes":0},"state_writes":{"accounts":0,"accounts_deleted":0,"storage_slots":0,"storage_slots_deleted":0,"code":0,"code_bytes":0},"cache":{"account":{"hits":0,"misses":4,"hit_rate":0},"storage":{"hits":0,"misses":0,"hit_rate":0},"code":{"hits":0,"misses":0,"hit_rate":0,"hit_bytes":0,"miss_bytes":0}}}
INFO [06-01|10:49:22.493] Imported new potential chain segment     number=3690 hash=ddd950..4facfe blocks=1 txs=0 mgas=0.000 elapsed=4.392ms mgasps=0.000 triediffs=1.36MiB triedirty=0.00B
INFO [06-01|10:49:22.493] Chain head was updated                   number=3690 hash=ddd950..4facfe root=36b35c..a9597b elapsed="100.864µs"
INFO [06-01|10:49:23.499] Starting work on payload                 id=0x03b5a3ca8f081f41
INFO [06-01|10:49:23.507] Updated payload                          id=0x03b5a3ca8f081f41 number=3691 hash=4d7923..4e32e6 txs=0 withdrawals=0 gas=0 fees=0 root=36b35c..a9597b elapsed=8.415ms
INFO [06-01|10:49:23.508] Stopping work on payload                 id=0x03b5a3ca8f081f41 reason=delivery
WARN [06-01|10:49:23.523] {"level":"warn","msg":"Slow block","block":{"number":3691,"hash":"0x4d79239c0769479a70cdb56a0ef8ffc7213cd0877c5497b918b7dcc64c4e32e6","gas_used":0,"tx_count":0},"timing":{"execution_ms":0.035958,"state_read_ms":15.420293,"state_hash_ms":0.002456,"commit_ms":0.12877,"total_ms":15.875226},"throughput":{"mgas_per_sec":0},"state_reads":{"accounts":4,"storage_slots":0,"code":0,"code_bytes":0},"state_writes":{"accounts":0,"accounts_deleted":0,"storage_slots":0,"storage_slots_deleted":0,"code":0,"code_bytes":0},"cache":{"account":{"hits":0,"misses":4,"hit_rate":0},"storage":{"hits":0,"misses":0,"hit_rate":0},"code":{"hits":0,"misses":0,"hit_rate":0,"hit_bytes":0,"miss_bytes":0}}}
INFO [06-01|10:49:23.523] Imported new potential chain segment     number=3691 hash=4d7923..4e32e6 blocks=1 txs=0 mgas=0.000 elapsed=16.170ms    mgasps=0.000 triediffs=1.36MiB triedirty=0.00B
INFO [06-01|10:49:23.524] Chain head was updated                   number=3691 hash=4d7923..4e32e6 root=36b35c..a9597b elapsed="49.758µs"
INFO [06-01|10:49:24.538] Starting work on payload                 id=0x0332dbd4f80ed9e9
INFO [06-01|10:49:24.561] Updated payload                          id=0x0332dbd4f80ed9e9 number=3692 hash=566f57..e38ac3 txs=0 withdrawals=0 gas=0 fees=0 root=36b35c..a9597b elapsed=22.885ms
INFO [06-01|10:49:24.561] Stopping work on payload                 id=0x0332dbd4f80ed9e9 reason=delivery
WARN [06-01|10:49:24.578] {"level":"warn","msg":"Slow block","block":{"number":3692,"hash":"0x566f572813faf45aa1ba5caa37fab92e5fbf5ef544caa8a84592b87060e38ac3","gas_used":0,"tx_count":0},"timing":{"execution_ms":0.032552,"state_read_ms":15.146525,"state_hash_ms":0.002319,"commit_ms":0.107388,"total_ms":15.456786},"throughput":{"mgas_per_sec":0},"state_reads":{"accounts":4,"storage_slots":0,"code":0,"code_bytes":0},"state_writes":{"accounts":0,"accounts_deleted":0,"storage_slots":0,"storage_slots_deleted":0,"code":0,"code_bytes":0},"cache":{"account":{"hits":0,"misses":4,"hit_rate":0},"storage":{"hits":0,"misses":0,"hit_rate":0},"code":{"hits":0,"misses":0,"hit_rate":0,"hit_bytes":0,"miss_bytes":0}}}
INFO [06-01|10:49:24.578] Imported new potential chain segment     number=3692 hash=566f57..e38ac3 blocks=1 txs=0 mgas=0.000 elapsed=15.669ms    mgasps=0.000 triediffs=1.36MiB triedirty=0.00B
INFO [06-01|10:49:24.578] Chain head was updated                   number=3692 hash=566f57..e38ac3 root=36b35c..a9597b elapsed="40.847µs"
INFO [06-01|10:49:24.842] Submitted contract creation              hash=0x3e63914319748a6c44449de606076e6ff823d73d69bd57512d3ef03c4ab106d7 from=0xf39Fd6e51aad88F6F4ce6aB8827279cffFb92266 nonce=1077 contract=0xe89cC665c4F246289C272c284ed8Cd3D6cdEB66d value=0
INFO [06-01|10:49:24.842] Submitted transaction                    hash=0x5ee0c5661a6306ad39b4acdb4f1a0a5cd7e49c208e9948f82d596c60df4e6b06 from=0xf39Fd6e51aad88F6F4ce6aB8827279cffFb92266 nonce=1078 recipient=0x665Cf241Ef5AC8393c43Cb429e3D0d727A16e788 value=78,000,000
INFO [06-01|10:49:25.582] Starting work on payload                 id=0x03d39232e6f2a79e
INFO [06-01|10:49:25.617] Updated payload                          id=0x03d39232e6f2a79e number=3693 hash=9a95f3..cde123 txs=2 withdrawals=0 gas=86852 fees=5.21112e-13 root=e49b00..6bcf1c elapsed=34.646ms
INFO [06-01|10:49:25.617] Stopping work on payload                 id=0x03d39232e6f2a79e reason=delivery
INFO [06-01|10:49:25.651] Paused snapshot generation
WARN [06-01|10:49:25.651] {"level":"warn","msg":"Slow block","block":{"number":3693,"hash":"0x9a95f3448f47303f279c7552d42e79f237f27ac4f7954cff98bbebca18cde123","gas_used":86852,"tx_count":2},"timing":{"execution_ms":0.141433,"state_read_ms":3.545083,"state_hash_ms":25.102709,"commit_ms":4.678705,"total_ms":33.617977},"throughput":{"mgas_per_sec":2.5834987036846386},"state_reads":{"accounts":11,"storage_slots":0,"code":0,"code_bytes":0},"state_writes":{"accounts":3,"accounts_deleted":0,"storage_slots":0,"storage_slots_deleted":0,"code":1,"code_bytes":157},"cache":{"account":{"hits":5,"misses":6,"hit_rate":45.45454545454545},"storage":{"hits":0,"misses":0,"hit_rate":0},"code":{"hits":0,"misses":0,"hit_rate":0,"hit_bytes":0,"miss_bytes":0}}}
INFO [06-01|10:49:25.651] Imported new potential chain segment     number=3693 hash=9a95f3..cde123 blocks=1 txs=2 mgas=0.087 elapsed=33.795ms    mgasps=2.570 triediffs=1.36MiB triedirty=0.00B
INFO [06-01|10:49:25.652] Chain head was updated                   number=3693 hash=9a95f3..cde123 root=e49b00..6bcf1c elapsed="164.272µs"
WARN [06-01|10:49:25.674] Snapshot generation is not permitted
INFO [06-01|10:49:25.855] Submitted transaction                    hash=0x43337ac991d50cf021e55a4596ac9ced1873f450544f1216d9e2940625f42a5d from=0x665Cf241Ef5AC8393c43Cb429e3D0d727A16e788 nonce=0    recipient=0xe89cC665c4F246289C272c284ed8Cd3D6cdEB66d value=0
INFO [06-01|10:49:26.655] Starting work on payload                 id=0x0357044556166764
INFO [06-01|10:49:26.835] Updated payload                          id=0x0357044556166764 number=3694 hash=a44af8..795725 txs=1 withdrawals=0 gas=5,900,240 fees=3.540144e-11 root=7d0f3c..fae955 elapsed=179.751ms
INFO [06-01|10:49:26.835] Stopping work on payload                 id=0x0357044556166764 reason=delivery
INFO [06-01|10:49:26.945] Paused snapshot generation
WARN [06-01|10:49:26.945] {"level":"warn","msg":"Slow block","block":{"number":3694,"hash":"0xa44af84002c265c3020f00fc1595e1eb35046f6635ed6f4a6eec2f77c7795725","gas_used":5900240,"tx_count":1},"timing":{"execution_ms":98.706291,"state_read_ms":7.63197,"state_hash_ms":2.567509,"commit_ms":0.760894,"total_ms":109.845425},"throughput":{"mgas_per_sec":53.71402586862402},"state_reads":{"accounts":107,"storage_slots":258,"code":101,"code_bytes":2957},"state_writes":{"accounts":2,"accounts_deleted":0,"storage_slots":0,"storage_slots_deleted":0,"code":0,"code_bytes":0},"cache":{"account":{"hits":28,"misses":79,"hit_rate":26.168224299065418},"storage":{"hits":90,"misses":168,"hit_rate":34.883720930232556},"code":{"hits":101,"misses":0,"hit_rate":100,"hit_bytes":2957,"miss_bytes":0}}}
INFO [06-01|10:49:26.945] Imported new potential chain segment     number=3694 hash=a44af8..795725 blocks=1 txs=1 mgas=5.900 elapsed=110.039ms   mgasps=53.619 triediffs=1.36MiB triedirty=0.00B
INFO [06-01|10:49:26.946] Chain head was updated                   number=3694 hash=a44af8..795725 root=7d0f3c..fae955 elapsed="96.738µs"
WARN [06-01|10:49:26.968] Snapshot generation is not permitted
INFO [06-01|10:49:27.874] Submitted transaction                    hash=0xabee24fd5e2f1f0c111657842e5cf6616dbd2f30f2a0b333810d35dae1948f1e from=0x665Cf241Ef5AC8393c43Cb429e3D0d727A16e788 nonce=1    recipient=0xf39Fd6e51aad88F6F4ce6aB8827279cffFb92266 value=1,044,880
INFO [06-01|10:49:27.950] Starting work on payload                 id=0x03ce58323c89ced1
INFO [06-01|10:49:27.967] Updated payload                          id=0x03ce58323c89ced1 number=3695 hash=64136c..d24772 txs=1 withdrawals=0 gas=21000     fees=2.1e-14      root=23f9f4..e08bca elapsed=16.875ms
INFO [06-01|10:49:27.968] Stopping work on payload                 id=0x03ce58323c89ced1 reason=delivery
INFO [06-01|10:49:27.987] Paused snapshot generation
WARN [06-01|10:49:27.989] {"level":"warn","msg":"Slow block","block":{"number":3695,"hash":"0x64136c11da1771f22303861bc4de5a1b7b185cc623926159c42a9dfd63d24772","gas_used":21000,"tx_count":1},"timing":{"execution_ms":0.064383,"state_read_ms":8.957592,"state_hash_ms":9.765569,"commit_ms":2.231687,"total_ms":21.185311},"throughput":{"mgas_per_sec":0.9912528543951986},"state_reads":{"accounts":6,"storage_slots":0,"code":0,"code_bytes":0},"state_writes":{"accounts":2,"accounts_deleted":0,"storage_slots":0,"storage_slots_deleted":0,"code":0,"code_bytes":0},"cache":{"account":{"hits":2,"misses":4,"hit_rate":33.33333333333333},"storage":{"hits":0,"misses":0,"hit_rate":0},"code":{"hits":0,"misses":0,"hit_rate":0,"hit_bytes":0,"miss_bytes":0}}}
INFO [06-01|10:49:27.989] Imported new potential chain segment     number=3695 hash=64136c..d24772 blocks=1 txs=1 mgas=0.021 elapsed=21.339ms    mgasps=0.984  triediffs=1.36MiB triedirty=0.00B
INFO [06-01|10:49:27.989] Chain head was updated                   number=3695 hash=64136c..d24772 root=23f9f4..e08bca elapsed="58.629µs"
WARN [06-01|10:49:28.017] Snapshot generation is not permitted
INFO [06-01|10:49:28.994] Starting work on payload                 id=0x032aa06c932747a1
INFO [06-01|10:49:28.998] Updated payload                          id=0x032aa06c932747a1 number=3696 hash=25b818..e9439f txs=0 withdrawals=0 gas=0         fees=0            root=23f9f4..e08bca elapsed=3.316ms
INFO [06-01|10:49:28.998] Stopping work on payload                 id=0x032aa06c932747a1 reason=delivery
WARN [06-01|10:49:29.002] {"level":"warn","msg":"Slow block","block":{"number":3696,"hash":"0x25b81830942c3af83836ce8cc0b0a600ccfed6fb47d7a1c3db378ea2e3e9439f","gas_used":0,"tx_count":0},"timing":{"execution_ms":0.031153,"state_read_ms":3.391127,"state_hash_ms":0.002237,"commit_ms":0.1489,"total_ms":3.791864},"throughput":{"mgas_per_sec":0},"state_reads":{"accounts":4,"storage_slots":0,"code":0,"code_bytes":0},"state_writes":{"accounts":0,"accounts_deleted":0,"storage_slots":0,"storage_slots_deleted":0,"code":0,"code_bytes":0},"cache":{"account":{"hits":0,"misses":4,"hit_rate":0},"storage":{"hits":0,"misses":0,"hit_rate":0},"code":{"hits":0,"misses":0,"hit_rate":0,"hit_bytes":0,"miss_bytes":0}}}
INFO [06-01|10:49:29.002] Imported new potential chain segment     number=3696 hash=25b818..e9439f blocks=1 txs=0 mgas=0.000 elapsed=3.939ms     mgasps=0.000  triediffs=1.36MiB triedirty=0.00B
INFO [06-01|10:49:29.002] Chain head was updated                   number=3696 hash=25b818..e9439f root=23f9f4..e08bca elapsed="61.979µs"
