WARN [06-01|10:53:48.168] Unknown config environment variable      envvar=GETH_PBT_BIN
WARN [06-01|10:53:48.168] Unknown config environment variable      envvar=GETH_UBT_BIN
INFO [06-01|10:53:48.180] Starting Geth on Ethereum mainnet...
INFO [06-01|10:53:48.182] Maximum peer count                       ETH=0 total=0
INFO [06-01|10:53:48.183] Smartcard socket not found, disabling    err="stat /run/pcscd/pcscd.comm: no such file or directory"
WARN [06-01|10:53:48.186] Option --miner.etherbase is deprecated as the etherbase is set by the consensus client post-merge
WARN [06-01|10:53:48.187] Snap sync requested, resetting --cache.snapshot
INFO [06-01|10:53:48.187] Set global gas cap                       cap=50,000,000
INFO [06-01|10:53:48.985] Using developer account                  address=0xf39Fd6e51aad88F6F4ce6aB8827279cffFb92266
INFO [06-01|10:53:49.030] Using pebble as the backing database
INFO [06-01|10:53:49.030] Allocated cache and file handles         database=/mnt/state_expiry_vol_data/ubt-vs-pbt-dbs/ubt/geth/chaindata cache=16.00MiB handles=262,144
INFO [06-01|10:53:49.258] Opened ancient database                  database=/mnt/state_expiry_vol_data/ubt-vs-pbt-dbs/ubt/geth/chaindata/ancient/chain readonly=true
INFO [06-01|10:53:49.258] Opened Era store                         datadir=/mnt/state_expiry_vol_data/ubt-vs-pbt-dbs/ubt/geth/chaindata/ancient/chain/era
INFO [06-01|10:53:49.265] Initializing the KZG library             backend=gokzg
INFO [06-01|10:53:49.267] Allocated trie memory caches             clean=0.00B dirty=0.00B
INFO [06-01|10:53:49.275] Using pebble as the backing database
INFO [06-01|10:53:49.275] Allocated cache and file handles         database=/mnt/state_expiry_vol_data/ubt-vs-pbt-dbs/ubt/geth/chaindata cache=16.00MiB handles=262,144
INFO [06-01|10:53:49.461] Opened ancient database                  database=/mnt/state_expiry_vol_data/ubt-vs-pbt-dbs/ubt/geth/chaindata/ancient/chain readonly=false
INFO [06-01|10:53:49.461] Opened Era store                         datadir=/mnt/state_expiry_vol_data/ubt-vs-pbt-dbs/ubt/geth/chaindata/ancient/chain/era
INFO [06-01|10:53:49.467] State scheme set to already existing     scheme=path
INFO [06-01|10:53:49.467] Initialising Ethereum protocol           network=1337 dbversion=9
INFO [06-01|10:53:49.468] Load database journal from file          path=/mnt/state_expiry_vol_data/ubt-vs-pbt-dbs/ubt/geth/triedb/verkle.journal
INFO [06-01|10:53:49.529] Opened ancient database                  database=/mnt/state_expiry_vol_data/ubt-vs-pbt-dbs/ubt/geth/chaindata/ancient/state_verkle readonly=false
INFO [06-01|10:53:49.531] State snapshot generator is not compatible
INFO [06-01|10:53:49.531] Initialized path database                triecache=0.00B statecache=0.00B buffer=0.00B state-history="last 90000 blocks" journal-dir=/mnt/state_expiry_vol_data/ubt-vs-pbt-dbs/ubt/geth/triedb verkle=true
INFO [06-01|10:53:49.532] 
INFO [06-01|10:53:49.532] ---------------------------------------------------------------------------------------------------------------------------------------------------------
INFO [06-01|10:53:49.532] Chain ID:  1337 (unknown)
INFO [06-01|10:53:49.532] Consensus: unknown
INFO [06-01|10:53:49.532] 
INFO [06-01|10:53:49.532] Pre-Merge hard forks (block based):
INFO [06-01|10:53:49.532]  - Homestead:                   #0       
INFO [06-01|10:53:49.532]  - Tangerine Whistle (EIP 150): #0       
INFO [06-01|10:53:49.532]  - Spurious Dragon/1 (EIP 155): #0       
INFO [06-01|10:53:49.532]  - Spurious Dragon/2 (EIP 158): #0       
INFO [06-01|10:53:49.532]  - Byzantium:                   #0       
INFO [06-01|10:53:49.532]  - Constantinople:              #0       
INFO [06-01|10:53:49.532]  - Petersburg:                  #0       
INFO [06-01|10:53:49.532]  - Istanbul:                    #0       
INFO [06-01|10:53:49.532]  - Berlin:                      #0       
INFO [06-01|10:53:49.532]  - London:                      #0       
INFO [06-01|10:53:49.532]  - Arrow Glacier:               #0       
INFO [06-01|10:53:49.532]  - Gray Glacier:                #0       
INFO [06-01|10:53:49.532] 
INFO [06-01|10:53:49.532] Merge configured:
INFO [06-01|10:53:49.532]  - Total terminal difficulty:  0
INFO [06-01|10:53:49.532]  - Merge netsplit block:       #0       
INFO [06-01|10:53:49.532] 
INFO [06-01|10:53:49.532] Post-Merge hard forks (timestamp based):
INFO [06-01|10:53:49.532]  - Shanghai:                    @0         
INFO [06-01|10:53:49.532]  - Cancun:                      @0          blob: (target: 3, max: 6, fraction: 3338477)
INFO [06-01|10:53:49.532]  - Prague:                      @0          blob: (target: 6, max: 9, fraction: 5007716)
INFO [06-01|10:53:49.532]  - Osaka:                       @0          blob: (target: 6, max: 9, fraction: 5007716)
INFO [06-01|10:53:49.532]  - UBT:                         @0          blob: (nil)
INFO [06-01|10:53:49.532] 
INFO [06-01|10:53:49.532] All fork specifications can be found at https://ethereum.github.io/execution-specs/src/ethereum/forks/
INFO [06-01|10:53:49.532] 
INFO [06-01|10:53:49.532] ---------------------------------------------------------------------------------------------------------------------------------------------------------
INFO [06-01|10:53:49.532] 
INFO [06-01|10:53:49.534] Loaded most recent local block           number=3864 hash=39dbe3..1cdc5a age=3s
INFO [06-01|10:53:49.534] Loaded most recent local finalized block number=3840 hash=e4cd09..285785 age=38s
INFO [06-01|10:53:49.535] Initialized transaction indexer          range="last 2350000 blocks"
INFO [06-01|10:53:49.535] Initialized log indexer                  firstblock=0 lastblock=3864 firstmap=0 lastmap=0 headindexed=true
INFO [06-01|10:53:49.592] Enabled full-sync                        head=3864 hash=39dbe3..1cdc5a
INFO [06-01|10:53:49.592] Unprotected transactions allowed
INFO [06-01|10:53:49.592] Gasprice oracle is ignoring threshold set threshold=2
INFO [06-01|10:53:49.593] Registered sync override service
WARN [06-01|10:53:49.593] You are running Geth in --dev mode. Please note the following:
WARN [06-01|10:53:49.593] 
WARN [06-01|10:53:49.593]   1. This mode is only intended for fast, iterative development without assumptions on
WARN [06-01|10:53:49.593]      security or persistence.
WARN [06-01|10:53:49.593]   2. The database is created in memory unless specified otherwise. Therefore, shutting down
WARN [06-01|10:53:49.593]      your computer or losing power will wipe your entire block data and chain state for
WARN [06-01|10:53:49.593]      your dev environment.
WARN [06-01|10:53:49.593]   3. A random, pre-allocated developer account will be available and unlocked as
WARN [06-01|10:53:49.593]      eth.coinbase, which can be used for testing. The random dev account is temporary,
WARN [06-01|10:53:49.593]      stored on a ramdisk, and will be lost if your machine is restarted.
WARN [06-01|10:53:49.593]   4. Mining is enabled by default. However, the client will only seal blocks if transactions
WARN [06-01|10:53:49.593]      are pending in the mempool. The miner's minimum accepted gas price is 1.
WARN [06-01|10:53:49.593]   5. Networking is disabled; there is no listen-address, the maximum number of peers is set
WARN [06-01|10:53:49.593]      to 0, and discovery is disabled.
WARN [06-01|10:53:49.593] 
INFO [06-01|10:53:49.593] Starting peer-to-peer node               instance=Geth/v1.17.3-unstable/linux-amd64/go1.24.9
WARN [06-01|10:53:49.593] P2P server will be useless, neither dialing nor listening
INFO [06-01|10:53:49.637] IPC endpoint opened                      url=/mnt/state_expiry_vol_data/ubt-vs-pbt-dbs/ubt/geth.ipc
ERROR[06-01|10:53:49.637] Unavailable modules in HTTP API list     unavailable=[personal] available="[admin debug web3 eth txpool miner net dev testing]"
INFO [06-01|10:53:49.637] New local node record                    seq=1,780,289,664,607 id=c084d8867e8cc127 ip=127.0.0.1 udp=0 tcp=0
INFO [06-01|10:53:49.637] Started P2P networking                   self=enode://ed0ccbffbfc0dc9f1b0f8e55d585ad3e61215b1974f32d9388e7ae53563e3ebe0172c21d754fa202c3a63f95bef3ff3ea24339ffdabd0115c47ec5b8d33136a9@127.0.0.1:0
INFO [06-01|10:53:49.637] HTTP server started                      endpoint=127.0.0.1:8545 auth=false prefix= cors= vhosts=localhost
INFO [06-01|10:53:49.637] WebSocket enabled                        url=ws://127.0.0.1:8546
INFO [06-01|10:53:49.931] Loaded local transaction journal         transactions=2765 dropped=0
INFO [06-01|10:53:50.913] Started log indexer
INFO [06-01|10:53:50.946] Starting work on payload                 id=0x03d7a203478aa0f6
INFO [06-01|10:53:50.956] Updated payload                          id=0x03d7a203478aa0f6 number=3865 hash=3c0c12..cea624 txs=0 withdrawals=0 gas=0 fees=0 root=3a4430..1d87e2 elapsed=9.978ms
INFO [06-01|10:53:50.956] Stopping work on payload                 id=0x03d7a203478aa0f6 reason=delivery
WARN [06-01|10:53:50.960] {"level":"warn","msg":"Slow block","block":{"number":3865,"hash":"0x3c0c12b11706ebf2c91f8130b19cc72e592d12c61e6d5aa73e7ce3aa1fcea624","gas_used":0,"tx_count":0},"timing":{"execution_ms":0.042713,"state_read_ms":3.208316,"state_hash_ms":0.002016,"commit_ms":0.184129,"total_ms":3.626886},"throughput":{"mgas_per_sec":0},"state_reads":{"accounts":4,"storage_slots":0,"code":0,"code_bytes":0},"state_writes":{"accounts":0,"accounts_deleted":0,"storage_slots":0,"storage_slots_deleted":0,"code":0,"code_bytes":0},"cache":{"account":{"hits":0,"misses":4,"hit_rate":0},"storage":{"hits":0,"misses":0,"hit_rate":0},"code":{"hits":0,"misses":0,"hit_rate":0,"hit_bytes":0,"miss_bytes":0}}}
INFO [06-01|10:53:50.960] Imported new potential chain segment     number=3865 hash=3c0c12..cea624 blocks=1 txs=0 mgas=0.000 elapsed=3.915ms mgasps=0.000 triediffs=1.47MiB triedirty=0.00B
INFO [06-01|10:53:50.960] Chain head was updated                   number=3865 hash=3c0c12..cea624 root=3a4430..1d87e2 elapsed="66.003µs"
INFO [06-01|10:53:51.968] Starting work on payload                 id=0x03be61c656e99efa
INFO [06-01|10:53:51.972] Updated payload                          id=0x03be61c656e99efa number=3866 hash=c05db1..aa8d81 txs=0 withdrawals=0 gas=0 fees=0 root=3a4430..1d87e2 elapsed=4.593ms
INFO [06-01|10:53:51.973] Stopping work on payload                 id=0x03be61c656e99efa reason=delivery
WARN [06-01|10:53:51.976] {"level":"warn","msg":"Slow block","block":{"number":3866,"hash":"0xc05db15852d11d578d29ffb6ef4dd0cd44bb777cf78a3e1880a49982d6aa8d81","gas_used":0,"tx_count":0},"timing":{"execution_ms":0.032074,"state_read_ms":3.016,"state_hash_ms":0.001469,"commit_ms":0.177699,"total_ms":3.365504},"throughput":{"mgas_per_sec":0},"state_reads":{"accounts":4,"storage_slots":0,"code":0,"code_bytes":0},"state_writes":{"accounts":0,"accounts_deleted":0,"storage_slots":0,"storage_slots_deleted":0,"code":0,"code_bytes":0},"cache":{"account":{"hits":0,"misses":4,"hit_rate":0},"storage":{"hits":0,"misses":0,"hit_rate":0},"code":{"hits":0,"misses":0,"hit_rate":0,"hit_bytes":0,"miss_bytes":0}}}
INFO [06-01|10:53:51.976] Imported new potential chain segment     number=3866 hash=c05db1..aa8d81 blocks=1 txs=0 mgas=0.000 elapsed=3.569ms    mgasps=0.000 triediffs=1.47MiB triedirty=0.00B
INFO [06-01|10:53:51.976] Chain head was updated                   number=3866 hash=c05db1..aa8d81 root=3a4430..1d87e2 elapsed="34.817µs"
INFO [06-01|10:53:52.998] Starting work on payload                 id=0x03dca844c997bb86
INFO [06-01|10:53:53.015] Updated payload                          id=0x03dca844c997bb86 number=3867 hash=0a330a..e702a1 txs=0 withdrawals=0 gas=0 fees=0 root=3a4430..1d87e2 elapsed=17.015ms
INFO [06-01|10:53:53.015] Stopping work on payload                 id=0x03dca844c997bb86 reason=delivery
WARN [06-01|10:53:53.019] {"level":"warn","msg":"Slow block","block":{"number":3867,"hash":"0x0a330aefe9e27acac18349daa9fa1984fa158046e1def341c4910c4b9ae702a1","gas_used":0,"tx_count":0},"timing":{"execution_ms":0.030271,"state_read_ms":3.262331,"state_hash_ms":0.002055,"commit_ms":0.180806,"total_ms":3.713477},"throughput":{"mgas_per_sec":0},"state_reads":{"accounts":4,"storage_slots":0,"code":0,"code_bytes":0},"state_writes":{"accounts":0,"accounts_deleted":0,"storage_slots":0,"storage_slots_deleted":0,"code":0,"code_bytes":0},"cache":{"account":{"hits":0,"misses":4,"hit_rate":0},"storage":{"hits":0,"misses":0,"hit_rate":0},"code":{"hits":0,"misses":0,"hit_rate":0,"hit_bytes":0,"miss_bytes":0}}}
INFO [06-01|10:53:53.019] Imported new potential chain segment     number=3867 hash=0a330a..e702a1 blocks=1 txs=0 mgas=0.000 elapsed=3.913ms    mgasps=0.000 triediffs=1.47MiB triedirty=0.00B
INFO [06-01|10:53:53.025] Chain head was updated                   number=3867 hash=0a330a..e702a1 root=3a4430..1d87e2 elapsed="49.302µs"
INFO [06-01|10:53:53.200] Submitted contract creation              hash=0xb4dc6b3d7e97d7924ba1caad3b9d292562cdd37cbfc093c9996c301ad773053e from=0xf39Fd6e51aad88F6F4ce6aB8827279cffFb92266 nonce=1127 contract=0xF153B9A9e7C294875776a579AC91422d5fFdA9fE value=0
INFO [06-01|10:53:53.200] Submitted transaction                    hash=0x30ae6f362d362d844ad3da830eceb34811518888244b37b763d283954b6b025e from=0xf39Fd6e51aad88F6F4ce6aB8827279cffFb92266 nonce=1128 recipient=0x2aa03855078CCa08E64ec976F9B54DC50445bAF9 value=78,000,000
INFO [06-01|10:53:54.032] Starting work on payload                 id=0x031a1f6b7f825c97
INFO [06-01|10:53:54.072] Updated payload                          id=0x031a1f6b7f825c97 number=3868 hash=b382ca..d467ce txs=2 withdrawals=0 gas=86906 fees=5.21436e-13 root=8ff605..1ce3ba elapsed=39.418ms
INFO [06-01|10:53:54.072] Stopping work on payload                 id=0x031a1f6b7f825c97 reason=delivery
INFO [06-01|10:53:54.098] Paused snapshot generation
WARN [06-01|10:53:54.098] {"level":"warn","msg":"Slow block","block":{"number":3868,"hash":"0xb382ca18198ff6f8bc38f2a813917e0d87d68402f8950a935a2a885183d467ce","gas_used":86906,"tx_count":2},"timing":{"execution_ms":0.095805,"state_read_ms":3.022733,"state_hash_ms":17.774519,"commit_ms":4.994208,"total_ms":26.092214},"throughput":{"mgas_per_sec":3.3307254033712894},"state_reads":{"accounts":11,"storage_slots":0,"code":0,"code_bytes":0},"state_writes":{"accounts":3,"accounts_deleted":0,"storage_slots":0,"storage_slots_deleted":0,"code":1,"code_bytes":163},"cache":{"account":{"hits":6,"misses":5,"hit_rate":54.54545454545454},"storage":{"hits":0,"misses":0,"hit_rate":0},"code":{"hits":0,"misses":0,"hit_rate":0,"hit_bytes":0,"miss_bytes":0}}}
INFO [06-01|10:53:54.098] Imported new potential chain segment     number=3868 hash=b382ca..d467ce blocks=1 txs=2 mgas=0.087 elapsed=26.272ms   mgasps=3.308 triediffs=1.47MiB triedirty=0.00B
INFO [06-01|10:53:54.099] Chain head was updated                   number=3868 hash=b382ca..d467ce root=8ff605..1ce3ba elapsed="222.542µs"
WARN [06-01|10:53:54.122] Snapshot generation is not permitted
INFO [06-01|10:53:54.215] Submitted transaction                    hash=0x723ed6dd13bf18ecaab688e9f3c83ce769797ec712bc7d45e675fab8bb8bab23 from=0x2aa03855078CCa08E64ec976F9B54DC50445bAF9 nonce=0    recipient=0xF153B9A9e7C294875776a579AC91422d5fFdA9fE value=0
INFO [06-01|10:53:55.119] Starting work on payload                 id=0x033f6cf20fa8382b
INFO [06-01|10:53:55.161] Updated payload                          id=0x033f6cf20fa8382b number=3869 hash=afb61d..9ddfd1 txs=1 withdrawals=0 gas=5,911,443 fees=3.5468658e-11 root=ad8970..0b7fcf elapsed=42.045ms
INFO [06-01|10:53:55.161] Stopping work on payload                 id=0x033f6cf20fa8382b reason=delivery
INFO [06-01|10:53:55.177] Paused snapshot generation
WARN [06-01|10:53:55.178] {"level":"warn","msg":"Slow block","block":{"number":3869,"hash":"0xafb61d044d347120e0ff4424fb76cedbd34e1ef654f30ca9e23637d0e79ddfd1","gas_used":5911443,"tx_count":1},"timing":{"execution_ms":3.442932,"state_read_ms":7.006333,"state_hash_ms":3.534055,"commit_ms":1.597553,"total_ms":15.748115},"throughput":{"mgas_per_sec":375.374640075971},"state_reads":{"accounts":8,"storage_slots":259,"code":2,"code_bytes":191},"state_writes":{"accounts":3,"accounts_deleted":0,"storage_slots":259,"storage_slots_deleted":0,"code":0,"code_bytes":0},"cache":{"account":{"hits":4,"misses":4,"hit_rate":50},"storage":{"hits":48,"misses":211,"hit_rate":18.53281853281853},"code":{"hits":2,"misses":0,"hit_rate":100,"hit_bytes":191,"miss_bytes":0}}}
INFO [06-01|10:53:55.178] Imported new potential chain segment     number=3869 hash=afb61d..9ddfd1 blocks=1 txs=1 mgas=5.911 elapsed=15.952ms    mgasps=370.555 triediffs=1.52MiB triedirty=0.00B
INFO [06-01|10:53:55.178] Chain head was updated                   number=3869 hash=afb61d..9ddfd1 root=ad8970..0b7fcf elapsed="81.974µs"
WARN [06-01|10:53:55.198] Snapshot generation is not permitted
INFO [06-01|10:53:55.228] Submitted transaction                    hash=0x895592ceaa6869b5ff5f08d029312f45868bbbb297c831de289d8e4d95f526c5 from=0x2aa03855078CCa08E64ec976F9B54DC50445bAF9 nonce=1    recipient=0xf39Fd6e51aad88F6F4ce6aB8827279cffFb92266 value=899,241
INFO [06-01|10:53:56.194] Starting work on payload                 id=0x034f4c9a49164a3b
INFO [06-01|10:53:56.201] Updated payload                          id=0x034f4c9a49164a3b number=3870 hash=5510ce..543b20 txs=1 withdrawals=0 gas=21000     fees=2.1e-14       root=4fca6c..d6c109 elapsed=6.429ms
INFO [06-01|10:53:56.201] Stopping work on payload                 id=0x034f4c9a49164a3b reason=delivery
INFO [06-01|10:53:56.216] Paused snapshot generation
WARN [06-01|10:53:56.216] {"level":"warn","msg":"Slow block","block":{"number":3870,"hash":"0x5510ce792a516be61768ed9e1d65248f5c815ea65cd800684603fd7df2543b20","gas_used":21000,"tx_count":1},"timing":{"execution_ms":0.0759,"state_read_ms":11.680254,"state_hash_ms":2.704963,"commit_ms":0.604832,"total_ms":15.272921},"throughput":{"mgas_per_sec":1.3749825590009928},"state_reads":{"accounts":6,"storage_slots":0,"code":0,"code_bytes":0},"state_writes":{"accounts":2,"accounts_deleted":0,"storage_slots":0,"storage_slots_deleted":0,"code":0,"code_bytes":0},"cache":{"account":{"hits":2,"misses":4,"hit_rate":33.33333333333333},"storage":{"hits":0,"misses":0,"hit_rate":0},"code":{"hits":0,"misses":0,"hit_rate":0,"hit_bytes":0,"miss_bytes":0}}}
INFO [06-01|10:53:56.216] Imported new potential chain segment     number=3870 hash=5510ce..543b20 blocks=1 txs=1 mgas=0.021 elapsed=15.427ms    mgasps=1.361   triediffs=1.52MiB triedirty=0.00B
INFO [06-01|10:53:56.216] Chain head was updated                   number=3870 hash=5510ce..543b20 root=4fca6c..d6c109 elapsed="63.27µs"
WARN [06-01|10:53:56.251] Snapshot generation is not permitted
