WARN [06-01|10:44:51.884] Unknown config environment variable      envvar=GETH_PBT_BIN
WARN [06-01|10:44:51.884] Unknown config environment variable      envvar=GETH_UBT_BIN
INFO [06-01|10:44:51.894] Starting Geth on Ethereum mainnet...
INFO [06-01|10:44:51.896] Maximum peer count                       ETH=0 total=0
INFO [06-01|10:44:51.897] Smartcard socket not found, disabling    err="stat /run/pcscd/pcscd.comm: no such file or directory"
WARN [06-01|10:44:51.900] Option --miner.etherbase is deprecated as the etherbase is set by the consensus client post-merge
WARN [06-01|10:44:51.902] Snap sync requested, resetting --cache.snapshot
INFO [06-01|10:44:51.902] Set global gas cap                       cap=50,000,000
INFO [06-01|10:44:52.745] Using developer account                  address=0xf39Fd6e51aad88F6F4ce6aB8827279cffFb92266
INFO [06-01|10:44:52.789] Using pebble as the backing database
INFO [06-01|10:44:52.789] Allocated cache and file handles         database=/mnt/state_expiry_vol_data/ubt-vs-pbt-dbs/ubt/geth/chaindata cache=16.00MiB handles=262,144
INFO [06-01|10:44:53.017] Opened ancient database                  database=/mnt/state_expiry_vol_data/ubt-vs-pbt-dbs/ubt/geth/chaindata/ancient/chain readonly=true
INFO [06-01|10:44:53.017] Opened Era store                         datadir=/mnt/state_expiry_vol_data/ubt-vs-pbt-dbs/ubt/geth/chaindata/ancient/chain/era
INFO [06-01|10:44:53.024] Initializing the KZG library             backend=gokzg
INFO [06-01|10:44:53.025] Allocated trie memory caches             clean=0.00B dirty=0.00B
INFO [06-01|10:44:53.033] Using pebble as the backing database
INFO [06-01|10:44:53.033] Allocated cache and file handles         database=/mnt/state_expiry_vol_data/ubt-vs-pbt-dbs/ubt/geth/chaindata cache=16.00MiB handles=262,144
INFO [06-01|10:44:53.232] Opened ancient database                  database=/mnt/state_expiry_vol_data/ubt-vs-pbt-dbs/ubt/geth/chaindata/ancient/chain readonly=false
INFO [06-01|10:44:53.232] Opened Era store                         datadir=/mnt/state_expiry_vol_data/ubt-vs-pbt-dbs/ubt/geth/chaindata/ancient/chain/era
INFO [06-01|10:44:53.239] State scheme set to already existing     scheme=path
INFO [06-01|10:44:53.246] Initialising Ethereum protocol           network=1337 dbversion=9
INFO [06-01|10:44:53.246] Load database journal from file          path=/mnt/state_expiry_vol_data/ubt-vs-pbt-dbs/ubt/geth/triedb/verkle.journal
INFO [06-01|10:44:53.317] Opened ancient database                  database=/mnt/state_expiry_vol_data/ubt-vs-pbt-dbs/ubt/geth/chaindata/ancient/state_verkle readonly=false
INFO [06-01|10:44:53.319] State snapshot generator is not compatible
INFO [06-01|10:44:53.319] Initialized path database                triecache=0.00B statecache=0.00B buffer=0.00B state-history="last 90000 blocks" journal-dir=/mnt/state_expiry_vol_data/ubt-vs-pbt-dbs/ubt/geth/triedb verkle=true
INFO [06-01|10:44:53.320] 
INFO [06-01|10:44:53.320] ---------------------------------------------------------------------------------------------------------------------------------------------------------
INFO [06-01|10:44:53.320] Chain ID:  1337 (unknown)
INFO [06-01|10:44:53.320] Consensus: unknown
INFO [06-01|10:44:53.320] 
INFO [06-01|10:44:53.320] Pre-Merge hard forks (block based):
INFO [06-01|10:44:53.320]  - Homestead:                   #0       
INFO [06-01|10:44:53.320]  - Tangerine Whistle (EIP 150): #0       
INFO [06-01|10:44:53.320]  - Spurious Dragon/1 (EIP 155): #0       
INFO [06-01|10:44:53.320]  - Spurious Dragon/2 (EIP 158): #0       
INFO [06-01|10:44:53.320]  - Byzantium:                   #0       
INFO [06-01|10:44:53.320]  - Constantinople:              #0       
INFO [06-01|10:44:53.320]  - Petersburg:                  #0       
INFO [06-01|10:44:53.320]  - Istanbul:                    #0       
INFO [06-01|10:44:53.320]  - Berlin:                      #0       
INFO [06-01|10:44:53.320]  - London:                      #0       
INFO [06-01|10:44:53.320]  - Arrow Glacier:               #0       
INFO [06-01|10:44:53.320]  - Gray Glacier:                #0       
INFO [06-01|10:44:53.320] 
INFO [06-01|10:44:53.320] Merge configured:
INFO [06-01|10:44:53.320]  - Total terminal difficulty:  0
INFO [06-01|10:44:53.320]  - Merge netsplit block:       #0       
INFO [06-01|10:44:53.320] 
INFO [06-01|10:44:53.320] Post-Merge hard forks (timestamp based):
INFO [06-01|10:44:53.320]  - Shanghai:                    @0         
INFO [06-01|10:44:53.320]  - Cancun:                      @0          blob: (target: 3, max: 6, fraction: 3338477)
INFO [06-01|10:44:53.320]  - Prague:                      @0          blob: (target: 6, max: 9, fraction: 5007716)
INFO [06-01|10:44:53.320]  - Osaka:                       @0          blob: (target: 6, max: 9, fraction: 5007716)
INFO [06-01|10:44:53.320]  - UBT:                         @0          blob: (nil)
INFO [06-01|10:44:53.320] 
INFO [06-01|10:44:53.320] All fork specifications can be found at https://ethereum.github.io/execution-specs/src/ethereum/forks/
INFO [06-01|10:44:53.320] 
INFO [06-01|10:44:53.320] ---------------------------------------------------------------------------------------------------------------------------------------------------------
INFO [06-01|10:44:53.320] 
INFO [06-01|10:44:53.320] Loaded most recent local block           number=3520 hash=e5091c..81b9ae age=3s
INFO [06-01|10:44:53.320] Loaded most recent local finalized block number=3520 hash=e5091c..81b9ae age=3s
INFO [06-01|10:44:53.321] Initialized transaction indexer          range="last 2350000 blocks"
INFO [06-01|10:44:53.321] Initialized log indexer                  firstblock=0 lastblock=3520 firstmap=0 lastmap=0 headindexed=true
INFO [06-01|10:44:53.375] Enabled full-sync                        head=3520 hash=e5091c..81b9ae
INFO [06-01|10:44:53.375] Unprotected transactions allowed
INFO [06-01|10:44:53.375] Gasprice oracle is ignoring threshold set threshold=2
INFO [06-01|10:44:53.376] Registered sync override service
WARN [06-01|10:44:53.376] You are running Geth in --dev mode. Please note the following:
WARN [06-01|10:44:53.376] 
WARN [06-01|10:44:53.376]   1. This mode is only intended for fast, iterative development without assumptions on
WARN [06-01|10:44:53.376]      security or persistence.
WARN [06-01|10:44:53.376]   2. The database is created in memory unless specified otherwise. Therefore, shutting down
WARN [06-01|10:44:53.376]      your computer or losing power will wipe your entire block data and chain state for
WARN [06-01|10:44:53.376]      your dev environment.
WARN [06-01|10:44:53.376]   3. A random, pre-allocated developer account will be available and unlocked as
WARN [06-01|10:44:53.376]      eth.coinbase, which can be used for testing. The random dev account is temporary,
WARN [06-01|10:44:53.376]      stored on a ramdisk, and will be lost if your machine is restarted.
WARN [06-01|10:44:53.376]   4. Mining is enabled by default. However, the client will only seal blocks if transactions
WARN [06-01|10:44:53.376]      are pending in the mempool. The miner's minimum accepted gas price is 1.
WARN [06-01|10:44:53.376]   5. Networking is disabled; there is no listen-address, the maximum number of peers is set
WARN [06-01|10:44:53.376]      to 0, and discovery is disabled.
WARN [06-01|10:44:53.376] 
INFO [06-01|10:44:53.376] Starting peer-to-peer node               instance=Geth/v1.17.3-unstable/linux-amd64/go1.24.9
WARN [06-01|10:44:53.376] P2P server will be useless, neither dialing nor listening
INFO [06-01|10:44:53.419] IPC endpoint opened                      url=/mnt/state_expiry_vol_data/ubt-vs-pbt-dbs/ubt/geth.ipc
ERROR[06-01|10:44:53.419] Unavailable modules in HTTP API list     unavailable=[personal] available="[admin debug web3 eth txpool miner net dev testing]"
INFO [06-01|10:44:53.420] New local node record                    seq=1,780,289,664,557 id=c084d8867e8cc127 ip=127.0.0.1 udp=0 tcp=0
INFO [06-01|10:44:53.420] Started P2P networking                   self=enode://ed0ccbffbfc0dc9f1b0f8e55d585ad3e61215b1974f32d9388e7ae53563e3ebe0172c21d754fa202c3a63f95bef3ff3ea24339ffdabd0115c47ec5b8d33136a9@127.0.0.1:0
INFO [06-01|10:44:53.420] HTTP server started                      endpoint=127.0.0.1:8545 auth=false prefix= cors= vhosts=localhost
INFO [06-01|10:44:53.420] WebSocket enabled                        url=ws://127.0.0.1:8546
INFO [06-01|10:44:53.722] Loaded local transaction journal         transactions=2565 dropped=0
INFO [06-01|10:44:54.760] Started log indexer
INFO [06-01|10:44:54.793] Starting work on payload                 id=0x03f9e3da4eff276a
INFO [06-01|10:44:54.802] Updated payload                          id=0x03f9e3da4eff276a number=3521 hash=b084aa..b7541b txs=0 withdrawals=0 gas=0 fees=0 root=32fcd3..209d4d elapsed=8.395ms
INFO [06-01|10:44:54.802] Stopping work on payload                 id=0x03f9e3da4eff276a reason=delivery
WARN [06-01|10:44:54.808] {"level":"warn","msg":"Slow block","block":{"number":3521,"hash":"0xb084aa7bc2b60d063683b9f76b85db3073c1d4357710eac0b3973797e2b7541b","gas_used":0,"tx_count":0},"timing":{"execution_ms":0.041958,"state_read_ms":4.833682,"state_hash_ms":0.00115,"commit_ms":0.155811,"total_ms":5.253852},"throughput":{"mgas_per_sec":0},"state_reads":{"accounts":4,"storage_slots":0,"code":0,"code_bytes":0},"state_writes":{"accounts":0,"accounts_deleted":0,"storage_slots":0,"storage_slots_deleted":0,"code":0,"code_bytes":0},"cache":{"account":{"hits":0,"misses":4,"hit_rate":0},"storage":{"hits":0,"misses":0,"hit_rate":0},"code":{"hits":0,"misses":0,"hit_rate":0,"hit_bytes":0,"miss_bytes":0}}}
INFO [06-01|10:44:54.808] Imported new potential chain segment     number=3521 hash=b084aa..b7541b blocks=1 txs=0 mgas=0.000 elapsed=5.576ms mgasps=0.000 triediffs=1.36MiB triedirty=0.00B
INFO [06-01|10:44:54.808] Chain head was updated                   number=3521 hash=b084aa..b7541b root=32fcd3..209d4d elapsed="44.207µs"
INFO [06-01|10:44:55.821] Starting work on payload                 id=0x03dc99da490c090a
INFO [06-01|10:44:55.826] Updated payload                          id=0x03dc99da490c090a number=3522 hash=e7ea9f..bb762b txs=0 withdrawals=0 gas=0 fees=0 root=32fcd3..209d4d elapsed=4.960ms
INFO [06-01|10:44:55.826] Stopping work on payload                 id=0x03dc99da490c090a reason=delivery
WARN [06-01|10:44:55.829] {"level":"warn","msg":"Slow block","block":{"number":3522,"hash":"0xe7ea9fe08cceacdb944c734e9cb47a7d2d39f10135d973fdcae6974adebb762b","gas_used":0,"tx_count":0},"timing":{"execution_ms":0.02889,"state_read_ms":2.771294,"state_hash_ms":0.001873,"commit_ms":0.172794,"total_ms":3.121244},"throughput":{"mgas_per_sec":0},"state_reads":{"accounts":4,"storage_slots":0,"code":0,"code_bytes":0},"state_writes":{"accounts":0,"accounts_deleted":0,"storage_slots":0,"storage_slots_deleted":0,"code":0,"code_bytes":0},"cache":{"account":{"hits":0,"misses":4,"hit_rate":0},"storage":{"hits":0,"misses":0,"hit_rate":0},"code":{"hits":0,"misses":0,"hit_rate":0,"hit_bytes":0,"miss_bytes":0}}}
INFO [06-01|10:44:55.829] Imported new potential chain segment     number=3522 hash=e7ea9f..bb762b blocks=1 txs=0 mgas=0.000 elapsed=3.328ms    mgasps=0.000 triediffs=1.36MiB triedirty=0.00B
INFO [06-01|10:44:55.829] Chain head was updated                   number=3522 hash=e7ea9f..bb762b root=32fcd3..209d4d elapsed="51.05µs"
INFO [06-01|10:44:56.851] Starting work on payload                 id=0x03d615231fead507
INFO [06-01|10:44:56.869] Updated payload                          id=0x03d615231fead507 number=3523 hash=0994a9..3711f2 txs=0 withdrawals=0 gas=0 fees=0 root=32fcd3..209d4d elapsed=18.285ms
INFO [06-01|10:44:56.869] Stopping work on payload                 id=0x03d615231fead507 reason=delivery
WARN [06-01|10:44:56.874] {"level":"warn","msg":"Slow block","block":{"number":3523,"hash":"0x0994a942495b22fca297bdf82457d49b5c42edf8915c0068a85c9deffd3711f2","gas_used":0,"tx_count":0},"timing":{"execution_ms":0.040797,"state_read_ms":3.913125,"state_hash_ms":0.002433,"commit_ms":0.178146,"total_ms":4.357177},"throughput":{"mgas_per_sec":0},"state_reads":{"accounts":4,"storage_slots":0,"code":0,"code_bytes":0},"state_writes":{"accounts":0,"accounts_deleted":0,"storage_slots":0,"storage_slots_deleted":0,"code":0,"code_bytes":0},"cache":{"account":{"hits":0,"misses":4,"hit_rate":0},"storage":{"hits":0,"misses":0,"hit_rate":0},"code":{"hits":0,"misses":0,"hit_rate":0,"hit_bytes":0,"miss_bytes":0}}}
INFO [06-01|10:44:56.874] Imported new potential chain segment     number=3523 hash=0994a9..3711f2 blocks=1 txs=0 mgas=0.000 elapsed=4.597ms    mgasps=0.000 triediffs=1.36MiB triedirty=0.00B
INFO [06-01|10:44:56.874] Chain head was updated                   number=3523 hash=0994a9..3711f2 root=32fcd3..209d4d elapsed="58.694µs"
INFO [06-01|10:44:56.970] Submitted contract creation              hash=0xf86d5380c32fdd7cf782cb572a40da1baca24f1df54ffe151261eeda5d722c84 from=0xf39Fd6e51aad88F6F4ce6aB8827279cffFb92266 nonce=1027 contract=0xbDF04aB3C4283B1531B8Cf812Ef21D4FEd9BE445 value=0
INFO [06-01|10:44:56.971] Submitted transaction                    hash=0x45758add8f5a87b71e18a7517bcefe272c982ddc5b6d479390271851f4cf8342 from=0xf39Fd6e51aad88F6F4ce6aB8827279cffFb92266 nonce=1028 recipient=0x6ccC2Db587bFa1b22102003280D3774f5437eFf3 value=78,000,000
INFO [06-01|10:44:57.890] Starting work on payload                 id=0x03f3e6071681959d
INFO [06-01|10:44:57.941] Updated payload                          id=0x03f3e6071681959d number=3524 hash=8442aa..b3ab73 txs=2 withdrawals=0 gas=86852 fees=5.21112e-13 root=8ab36b..7f083e elapsed=50.800ms
INFO [06-01|10:44:57.941] Stopping work on payload                 id=0x03f3e6071681959d reason=delivery
INFO [06-01|10:44:57.970] Paused snapshot generation
WARN [06-01|10:44:57.970] {"level":"warn","msg":"Slow block","block":{"number":3524,"hash":"0x8442aa4167671f3558f1a53d3d967b4f21757f777ec325f6ac67554555b3ab73","gas_used":86852,"tx_count":2},"timing":{"execution_ms":0.126747,"state_read_ms":18.614217,"state_hash_ms":5.075154,"commit_ms":4.812092,"total_ms":28.849433},"throughput":{"mgas_per_sec":3.01052710464015},"state_reads":{"accounts":11,"storage_slots":0,"code":0,"code_bytes":0},"state_writes":{"accounts":3,"accounts_deleted":0,"storage_slots":0,"storage_slots_deleted":0,"code":1,"code_bytes":157},"cache":{"account":{"hits":6,"misses":5,"hit_rate":54.54545454545454},"storage":{"hits":0,"misses":0,"hit_rate":0},"code":{"hits":0,"misses":0,"hit_rate":0,"hit_bytes":0,"miss_bytes":0}}}
INFO [06-01|10:44:57.970] Imported new potential chain segment     number=3524 hash=8442aa..b3ab73 blocks=1 txs=2 mgas=0.087 elapsed=29.065ms   mgasps=2.988 triediffs=1.37MiB triedirty=0.00B
INFO [06-01|10:44:57.970] Chain head was updated                   number=3524 hash=8442aa..b3ab73 root=8ab36b..7f083e elapsed="200.172µs"
INFO [06-01|10:44:57.986] Submitted transaction                    hash=0x3e4880ebc7b44a30aa75aa0e6ac490a205a277613ea7f67d1d0a4417d9b94270 from=0x6ccC2Db587bFa1b22102003280D3774f5437eFf3 nonce=0    recipient=0xbDF04aB3C4283B1531B8Cf812Ef21D4FEd9BE445 value=0
WARN [06-01|10:44:57.990] Snapshot generation is not permitted
INFO [06-01|10:44:58.978] Starting work on payload                 id=0x03ba8f671de9a520
INFO [06-01|10:44:59.192] Updated payload                          id=0x03ba8f671de9a520 number=3525 hash=98aa9a..e22f31 txs=1 withdrawals=0 gas=5,900,140 fees=3.540084e-11 root=1a9fd8..53ebac elapsed=213.929ms
INFO [06-01|10:44:59.192] Stopping work on payload                 id=0x03ba8f671de9a520 reason=delivery
INFO [06-01|10:44:59.346] Paused snapshot generation
WARN [06-01|10:44:59.347] {"level":"warn","msg":"Slow block","block":{"number":3525,"hash":"0x98aa9a72b34aabebbba98aff3b851245efef9d7d54a8bdfb84655c5cc9e22f31","gas_used":5900140,"tx_count":1},"timing":{"execution_ms":141.262053,"state_read_ms":8.633193,"state_hash_ms":2.655059,"commit_ms":0.739835,"total_ms":153.499728},"throughput":{"mgas_per_sec":38.4374622474901},"state_reads":{"accounts":17,"storage_slots":258,"code":11,"code_bytes":437},"state_writes":{"accounts":2,"accounts_deleted":0,"storage_slots":0,"storage_slots_deleted":0,"code":0,"code_bytes":0},"cache":{"account":{"hits":5,"misses":12,"hit_rate":29.411764705882355},"storage":{"hits":39,"misses":219,"hit_rate":15.11627906976744},"code":{"hits":11,"misses":0,"hit_rate":100,"hit_bytes":437,"miss_bytes":0}}}
INFO [06-01|10:44:59.347] Imported new potential chain segment     number=3525 hash=98aa9a..e22f31 blocks=1 txs=1 mgas=5.900 elapsed=153.755ms   mgasps=38.374 triediffs=1.37MiB triedirty=0.00B
INFO [06-01|10:44:59.347] Chain head was updated                   number=3525 hash=98aa9a..e22f31 root=1a9fd8..53ebac elapsed="84.373µs"
WARN [06-01|10:44:59.381] Snapshot generation is not permitted
INFO [06-01|10:45:00.004] Submitted transaction                    hash=0xf708d9dc27d4189dec027c07a493430fcdf38a3c51961b7c800f8e5eb085b524 from=0x6ccC2Db587bFa1b22102003280D3774f5437eFf3 nonce=1    recipient=0xf39Fd6e51aad88F6F4ce6aB8827279cffFb92266 value=1,046,180
INFO [06-01|10:45:00.351] Starting work on payload                 id=0x03509444c4021913
INFO [06-01|10:45:00.373] Updated payload                          id=0x03509444c4021913 number=3526 hash=cf5bc6..9e0e36 txs=1 withdrawals=0 gas=21000     fees=2.1e-14      root=4c276c..c3e3fc elapsed=22.285ms
INFO [06-01|10:45:00.373] Stopping work on payload                 id=0x03509444c4021913 reason=delivery
INFO [06-01|10:45:00.380] Paused snapshot generation
WARN [06-01|10:45:00.380] {"level":"warn","msg":"Slow block","block":{"number":3526,"hash":"0xcf5bc6f4cd51f996deef6b21b22594c012355070f4300b7b5aa13732db9e0e36","gas_used":21000,"tx_count":1},"timing":{"execution_ms":0.058852,"state_read_ms":2.993008,"state_hash_ms":2.693473,"commit_ms":0.576947,"total_ms":6.48096},"throughput":{"mgas_per_sec":3.2402607021182046},"state_reads":{"accounts":6,"storage_slots":0,"code":0,"code_bytes":0},"state_writes":{"accounts":2,"accounts_deleted":0,"storage_slots":0,"storage_slots_deleted":0,"code":0,"code_bytes":0},"cache":{"account":{"hits":2,"misses":4,"hit_rate":33.33333333333333},"storage":{"hits":0,"misses":0,"hit_rate":0},"code":{"hits":0,"misses":0,"hit_rate":0,"hit_bytes":0,"miss_bytes":0}}}
INFO [06-01|10:45:00.380] Imported new potential chain segment     number=3526 hash=cf5bc6..9e0e36 blocks=1 txs=1 mgas=0.021 elapsed=6.636ms     mgasps=3.164  triediffs=1.36MiB triedirty=0.00B
INFO [06-01|10:45:00.380] Chain head was updated                   number=3526 hash=cf5bc6..9e0e36 root=4c276c..c3e3fc elapsed="55.544µs"
WARN [06-01|10:45:00.404] Snapshot generation is not permitted
INFO [06-01|10:45:01.405] Starting work on payload                 id=0x03faab8232825d2e
INFO [06-01|10:45:01.410] Updated payload                          id=0x03faab8232825d2e number=3527 hash=e1292a..fe36be txs=0 withdrawals=0 gas=0         fees=0            root=4c276c..c3e3fc elapsed=5.068ms
INFO [06-01|10:45:01.410] Stopping work on payload                 id=0x03faab8232825d2e reason=delivery
WARN [06-01|10:45:01.414] {"level":"warn","msg":"Slow block","block":{"number":3527,"hash":"0xe1292aa120d4143d89b980c599d1998ccbb245ca3d6198c6a84b125481fe36be","gas_used":0,"tx_count":0},"timing":{"execution_ms":0.055177,"state_read_ms":3.032843,"state_hash_ms":0.002554,"commit_ms":0.153956,"total_ms":3.394114},"throughput":{"mgas_per_sec":0},"state_reads":{"accounts":4,"storage_slots":0,"code":0,"code_bytes":0},"state_writes":{"accounts":0,"accounts_deleted":0,"storage_slots":0,"storage_slots_deleted":0,"code":0,"code_bytes":0},"cache":{"account":{"hits":0,"misses":4,"hit_rate":0},"storage":{"hits":0,"misses":0,"hit_rate":0},"code":{"hits":0,"misses":0,"hit_rate":0,"hit_bytes":0,"miss_bytes":0}}}
INFO [06-01|10:45:01.414] Imported new potential chain segment     number=3527 hash=e1292a..fe36be blocks=1 txs=0 mgas=0.000 elapsed=3.520ms     mgasps=0.000  triediffs=1.36MiB triedirty=0.00B
INFO [06-01|10:45:01.414] Chain head was updated                   number=3527 hash=e1292a..fe36be root=4c276c..c3e3fc elapsed="57.04µs"
