WARN [06-01|10:49:41.355] Unknown config environment variable      envvar=GETH_PBT_BIN
WARN [06-01|10:49:41.355] Unknown config environment variable      envvar=GETH_UBT_BIN
INFO [06-01|10:49:41.366] Starting Geth on Ethereum mainnet...
INFO [06-01|10:49:41.367] Maximum peer count                       ETH=0 total=0
INFO [06-01|10:49:41.368] Smartcard socket not found, disabling    err="stat /run/pcscd/pcscd.comm: no such file or directory"
WARN [06-01|10:49:41.371] Option --miner.etherbase is deprecated as the etherbase is set by the consensus client post-merge
WARN [06-01|10:49:41.373] Snap sync requested, resetting --cache.snapshot
INFO [06-01|10:49:41.373] Set global gas cap                       cap=50,000,000
INFO [06-01|10:49:42.229] Using developer account                  address=0xf39Fd6e51aad88F6F4ce6aB8827279cffFb92266
INFO [06-01|10:49:42.274] Using pebble as the backing database
INFO [06-01|10:49:42.274] Allocated cache and file handles         database=/mnt/state_expiry_vol_data/ubt-vs-pbt-dbs/ubt/geth/chaindata cache=16.00MiB handles=262,144
INFO [06-01|10:49:42.512] Opened ancient database                  database=/mnt/state_expiry_vol_data/ubt-vs-pbt-dbs/ubt/geth/chaindata/ancient/chain readonly=true
INFO [06-01|10:49:42.512] Opened Era store                         datadir=/mnt/state_expiry_vol_data/ubt-vs-pbt-dbs/ubt/geth/chaindata/ancient/chain/era
INFO [06-01|10:49:42.519] Initializing the KZG library             backend=gokzg
INFO [06-01|10:49:42.521] Allocated trie memory caches             clean=0.00B dirty=0.00B
INFO [06-01|10:49:42.529] Using pebble as the backing database
INFO [06-01|10:49:42.529] Allocated cache and file handles         database=/mnt/state_expiry_vol_data/ubt-vs-pbt-dbs/ubt/geth/chaindata cache=16.00MiB handles=262,144
INFO [06-01|10:49:42.738] Opened ancient database                  database=/mnt/state_expiry_vol_data/ubt-vs-pbt-dbs/ubt/geth/chaindata/ancient/chain readonly=false
INFO [06-01|10:49:42.738] Opened Era store                         datadir=/mnt/state_expiry_vol_data/ubt-vs-pbt-dbs/ubt/geth/chaindata/ancient/chain/era
INFO [06-01|10:49:42.746] State scheme set to already existing     scheme=path
INFO [06-01|10:49:42.746] Initialising Ethereum protocol           network=1337 dbversion=9
INFO [06-01|10:49:42.746] Load database journal from file          path=/mnt/state_expiry_vol_data/ubt-vs-pbt-dbs/ubt/geth/triedb/verkle.journal
INFO [06-01|10:49:42.811] Opened ancient database                  database=/mnt/state_expiry_vol_data/ubt-vs-pbt-dbs/ubt/geth/chaindata/ancient/state_verkle readonly=false
INFO [06-01|10:49:42.813] State snapshot generator is not compatible
INFO [06-01|10:49:42.813] Initialized path database                triecache=0.00B statecache=0.00B buffer=0.00B state-history="last 90000 blocks" journal-dir=/mnt/state_expiry_vol_data/ubt-vs-pbt-dbs/ubt/geth/triedb verkle=true
INFO [06-01|10:49:42.813] 
INFO [06-01|10:49:42.813] ---------------------------------------------------------------------------------------------------------------------------------------------------------
INFO [06-01|10:49:42.814] Chain ID:  1337 (unknown)
INFO [06-01|10:49:42.814] Consensus: unknown
INFO [06-01|10:49:42.814] 
INFO [06-01|10:49:42.814] Pre-Merge hard forks (block based):
INFO [06-01|10:49:42.814]  - Homestead:                   #0       
INFO [06-01|10:49:42.814]  - Tangerine Whistle (EIP 150): #0       
INFO [06-01|10:49:42.814]  - Spurious Dragon/1 (EIP 155): #0       
INFO [06-01|10:49:42.814]  - Spurious Dragon/2 (EIP 158): #0       
INFO [06-01|10:49:42.814]  - Byzantium:                   #0       
INFO [06-01|10:49:42.814]  - Constantinople:              #0       
INFO [06-01|10:49:42.814]  - Petersburg:                  #0       
INFO [06-01|10:49:42.814]  - Istanbul:                    #0       
INFO [06-01|10:49:42.814]  - Berlin:                      #0       
INFO [06-01|10:49:42.814]  - London:                      #0       
INFO [06-01|10:49:42.814]  - Arrow Glacier:               #0       
INFO [06-01|10:49:42.814]  - Gray Glacier:                #0       
INFO [06-01|10:49:42.814] 
INFO [06-01|10:49:42.814] Merge configured:
INFO [06-01|10:49:42.814]  - Total terminal difficulty:  0
INFO [06-01|10:49:42.814]  - Merge netsplit block:       #0       
INFO [06-01|10:49:42.814] 
INFO [06-01|10:49:42.814] Post-Merge hard forks (timestamp based):
INFO [06-01|10:49:42.814]  - Shanghai:                    @0         
INFO [06-01|10:49:42.814]  - Cancun:                      @0          blob: (target: 3, max: 6, fraction: 3338477)
INFO [06-01|10:49:42.814]  - Prague:                      @0          blob: (target: 6, max: 9, fraction: 5007716)
INFO [06-01|10:49:42.814]  - Osaka:                       @0          blob: (target: 6, max: 9, fraction: 5007716)
INFO [06-01|10:49:42.814]  - UBT:                         @0          blob: (nil)
INFO [06-01|10:49:42.814] 
INFO [06-01|10:49:42.814] All fork specifications can be found at https://ethereum.github.io/execution-specs/src/ethereum/forks/
INFO [06-01|10:49:42.814] 
INFO [06-01|10:49:42.814] ---------------------------------------------------------------------------------------------------------------------------------------------------------
INFO [06-01|10:49:42.814] 
INFO [06-01|10:49:42.816] Loaded most recent local block           number=3703 hash=88c679..240afa age=3s
INFO [06-01|10:49:42.816] Loaded most recent local finalized block number=3680 hash=f679af..641c8a age=38s
INFO [06-01|10:49:42.817] Initialized transaction indexer          range="last 2350000 blocks"
INFO [06-01|10:49:42.818] Initialized log indexer                  firstblock=0 lastblock=3703 firstmap=0 lastmap=0 headindexed=true
INFO [06-01|10:49:42.863] Enabled full-sync                        head=3703 hash=88c679..240afa
INFO [06-01|10:49:42.863] Unprotected transactions allowed
INFO [06-01|10:49:42.863] Gasprice oracle is ignoring threshold set threshold=2
INFO [06-01|10:49:42.864] Registered sync override service
WARN [06-01|10:49:42.864] You are running Geth in --dev mode. Please note the following:
WARN [06-01|10:49:42.864] 
WARN [06-01|10:49:42.864]   1. This mode is only intended for fast, iterative development without assumptions on
WARN [06-01|10:49:42.864]      security or persistence.
WARN [06-01|10:49:42.864]   2. The database is created in memory unless specified otherwise. Therefore, shutting down
WARN [06-01|10:49:42.864]      your computer or losing power will wipe your entire block data and chain state for
WARN [06-01|10:49:42.864]      your dev environment.
WARN [06-01|10:49:42.864]   3. A random, pre-allocated developer account will be available and unlocked as
WARN [06-01|10:49:42.864]      eth.coinbase, which can be used for testing. The random dev account is temporary,
WARN [06-01|10:49:42.864]      stored on a ramdisk, and will be lost if your machine is restarted.
WARN [06-01|10:49:42.864]   4. Mining is enabled by default. However, the client will only seal blocks if transactions
WARN [06-01|10:49:42.864]      are pending in the mempool. The miner's minimum accepted gas price is 1.
WARN [06-01|10:49:42.864]   5. Networking is disabled; there is no listen-address, the maximum number of peers is set
WARN [06-01|10:49:42.864]      to 0, and discovery is disabled.
WARN [06-01|10:49:42.864] 
INFO [06-01|10:49:42.864] Starting peer-to-peer node               instance=Geth/v1.17.3-unstable/linux-amd64/go1.24.9
WARN [06-01|10:49:42.864] P2P server will be useless, neither dialing nor listening
INFO [06-01|10:49:42.916] New local node record                    seq=1,780,289,664,584 id=c084d8867e8cc127 ip=127.0.0.1 udp=0 tcp=0
INFO [06-01|10:49:42.916] IPC endpoint opened                      url=/mnt/state_expiry_vol_data/ubt-vs-pbt-dbs/ubt/geth.ipc
INFO [06-01|10:49:42.916] Started P2P networking                   self=enode://ed0ccbffbfc0dc9f1b0f8e55d585ad3e61215b1974f32d9388e7ae53563e3ebe0172c21d754fa202c3a63f95bef3ff3ea24339ffdabd0115c47ec5b8d33136a9@127.0.0.1:0
ERROR[06-01|10:49:42.916] Unavailable modules in HTTP API list     unavailable=[personal] available="[admin debug web3 eth txpool miner net dev testing]"
INFO [06-01|10:49:42.917] HTTP server started                      endpoint=127.0.0.1:8545 auth=false prefix= cors= vhosts=localhost
INFO [06-01|10:49:42.917] WebSocket enabled                        url=ws://127.0.0.1:8546
INFO [06-01|10:49:43.231] Loaded local transaction journal         transactions=2673 dropped=0
INFO [06-01|10:49:44.272] Started log indexer
INFO [06-01|10:49:44.311] Starting work on payload                 id=0x039958f010a227e8
INFO [06-01|10:49:44.319] Updated payload                          id=0x039958f010a227e8 number=3704 hash=fb6326..a8d80a txs=0 withdrawals=0 gas=0 fees=0 root=ad0771..446c04 elapsed=7.646ms
INFO [06-01|10:49:44.320] Stopping work on payload                 id=0x039958f010a227e8 reason=delivery
WARN [06-01|10:49:44.324] {"level":"warn","msg":"Slow block","block":{"number":3704,"hash":"0xfb6326018b1d83119e6050f2e42762d49e9a32309bc358e5c19c6e479ca8d80a","gas_used":0,"tx_count":0},"timing":{"execution_ms":0.062052,"state_read_ms":3.842365,"state_hash_ms":0.001806,"commit_ms":0.138782,"total_ms":4.28551},"throughput":{"mgas_per_sec":0},"state_reads":{"accounts":4,"storage_slots":0,"code":0,"code_bytes":0},"state_writes":{"accounts":0,"accounts_deleted":0,"storage_slots":0,"storage_slots_deleted":0,"code":0,"code_bytes":0},"cache":{"account":{"hits":0,"misses":4,"hit_rate":0},"storage":{"hits":0,"misses":0,"hit_rate":0},"code":{"hits":0,"misses":0,"hit_rate":0,"hit_bytes":0,"miss_bytes":0}}}
INFO [06-01|10:49:44.324] Imported new potential chain segment     number=3704 hash=fb6326..a8d80a blocks=1 txs=0 mgas=0.000 elapsed=4.649ms mgasps=0.000 triediffs=1.36MiB triedirty=0.00B
INFO [06-01|10:49:44.324] Chain head was updated                   number=3704 hash=fb6326..a8d80a root=ad0771..446c04 elapsed="49.081µs"
INFO [06-01|10:49:45.328] Starting work on payload                 id=0x036b934a5bbc204c
INFO [06-01|10:49:45.337] Updated payload                          id=0x036b934a5bbc204c number=3705 hash=02e216..9eb5e6 txs=0 withdrawals=0 gas=0 fees=0 root=ad0771..446c04 elapsed=8.857ms
INFO [06-01|10:49:45.338] Stopping work on payload                 id=0x036b934a5bbc204c reason=delivery
WARN [06-01|10:49:45.341] {"level":"warn","msg":"Slow block","block":{"number":3705,"hash":"0x02e216cca863790c1c6fa210f30d56ee3ef71e80cda1787d0ee54570b99eb5e6","gas_used":0,"tx_count":0},"timing":{"execution_ms":0.033073,"state_read_ms":3.68518,"state_hash_ms":0.004378,"commit_ms":0.136825,"total_ms":4.022993},"throughput":{"mgas_per_sec":0},"state_reads":{"accounts":4,"storage_slots":0,"code":0,"code_bytes":0},"state_writes":{"accounts":0,"accounts_deleted":0,"storage_slots":0,"storage_slots_deleted":0,"code":0,"code_bytes":0},"cache":{"account":{"hits":0,"misses":4,"hit_rate":0},"storage":{"hits":0,"misses":0,"hit_rate":0},"code":{"hits":0,"misses":0,"hit_rate":0,"hit_bytes":0,"miss_bytes":0}}}
INFO [06-01|10:49:45.341] Imported new potential chain segment     number=3705 hash=02e216..9eb5e6 blocks=1 txs=0 mgas=0.000 elapsed=4.233ms    mgasps=0.000 triediffs=1.36MiB triedirty=0.00B
INFO [06-01|10:49:45.342] Chain head was updated                   number=3705 hash=02e216..9eb5e6 root=ad0771..446c04 elapsed="49.152µs"
INFO [06-01|10:49:46.351] Starting work on payload                 id=0x0354d01c37af7290
INFO [06-01|10:49:46.368] Updated payload                          id=0x0354d01c37af7290 number=3706 hash=1a783b..c8a0c4 txs=0 withdrawals=0 gas=0 fees=0 root=ad0771..446c04 elapsed=17.154ms
INFO [06-01|10:49:46.368] Stopping work on payload                 id=0x0354d01c37af7290 reason=delivery
WARN [06-01|10:49:46.372] {"level":"warn","msg":"Slow block","block":{"number":3706,"hash":"0x1a783badf6b654626f933cfd223e7def517a0d91a59afc079a4574751fc8a0c4","gas_used":0,"tx_count":0},"timing":{"execution_ms":0.051032,"state_read_ms":3.580282,"state_hash_ms":0.002791,"commit_ms":0.146894,"total_ms":3.972235},"throughput":{"mgas_per_sec":0},"state_reads":{"accounts":4,"storage_slots":0,"code":0,"code_bytes":0},"state_writes":{"accounts":0,"accounts_deleted":0,"storage_slots":0,"storage_slots_deleted":0,"code":0,"code_bytes":0},"cache":{"account":{"hits":0,"misses":4,"hit_rate":0},"storage":{"hits":0,"misses":0,"hit_rate":0},"code":{"hits":0,"misses":0,"hit_rate":0,"hit_bytes":0,"miss_bytes":0}}}
INFO [06-01|10:49:46.372] Imported new potential chain segment     number=3706 hash=1a783b..c8a0c4 blocks=1 txs=0 mgas=0.000 elapsed=4.188ms    mgasps=0.000 triediffs=1.36MiB triedirty=0.00B
INFO [06-01|10:49:46.372] Chain head was updated                   number=3706 hash=1a783b..c8a0c4 root=ad0771..446c04 elapsed="54.116µs"
INFO [06-01|10:49:46.436] Submitted contract creation              hash=0x3034a5bcb3288aedf235bbfc2fdd3857850489ce6dc7078f25ad088243e761cc from=0xf39Fd6e51aad88F6F4ce6aB8827279cffFb92266 nonce=1081 contract=0xc67f6C6bCc2E2810E4CED484B8Ea44C91a82b683 value=0
INFO [06-01|10:49:46.436] Submitted transaction                    hash=0xb577b4337b125126bfb17b5aa36e53da8a1baf1d184e71940ba9ee9443f632de from=0xf39Fd6e51aad88F6F4ce6aB8827279cffFb92266 nonce=1082 recipient=0x6f1bA90f44Dc2FB226863Ac99e305451647b28Bf value=78,000,000
INFO [06-01|10:49:47.380] Starting work on payload                 id=0x030e732053036796
INFO [06-01|10:49:47.416] Updated payload                          id=0x030e732053036796 number=3707 hash=55f3c3..3119a1 txs=2 withdrawals=0 gas=86852 fees=5.21112e-13 root=47918b..f43d5e elapsed=35.563ms
INFO [06-01|10:49:47.416] Stopping work on payload                 id=0x030e732053036796 reason=delivery
INFO [06-01|10:49:47.451] Paused snapshot generation
WARN [06-01|10:49:47.451] {"level":"warn","msg":"Slow block","block":{"number":3707,"hash":"0x55f3c366d84892c0122368b0389f5066c5f7dd2e1727b3c24da58cf1e93119a1","gas_used":86852,"tx_count":2},"timing":{"execution_ms":0.089732,"state_read_ms":14.046054,"state_hash_ms":15.46038,"commit_ms":4.894409,"total_ms":34.690181},"throughput":{"mgas_per_sec":2.503647934267048},"state_reads":{"accounts":11,"storage_slots":0,"code":0,"code_bytes":0},"state_writes":{"accounts":3,"accounts_deleted":0,"storage_slots":0,"storage_slots_deleted":0,"code":1,"code_bytes":157},"cache":{"account":{"hits":6,"misses":5,"hit_rate":54.54545454545454},"storage":{"hits":0,"misses":0,"hit_rate":0},"code":{"hits":0,"misses":0,"hit_rate":0,"hit_bytes":0,"miss_bytes":0}}}
INFO [06-01|10:49:47.451] Imported new potential chain segment     number=3707 hash=55f3c3..3119a1 blocks=1 txs=2 mgas=0.087 elapsed=34.902ms   mgasps=2.488 triediffs=1.36MiB triedirty=0.00B
INFO [06-01|10:49:47.452] Chain head was updated                   number=3707 hash=55f3c3..3119a1 root=47918b..f43d5e elapsed="213.722µs"
WARN [06-01|10:49:47.471] Snapshot generation is not permitted
INFO [06-01|10:49:48.451] Submitted transaction                    hash=0x3859bb6e3497de0d65777f7fb2c8a600078ceb6fdc2bd6eca1e36f27d1ec5612 from=0x6f1bA90f44Dc2FB226863Ac99e305451647b28Bf nonce=0    recipient=0xc67f6C6bCc2E2810E4CED484B8Ea44C91a82b683 value=0
INFO [06-01|10:49:48.470] Starting work on payload                 id=0x03c9ddaff4d2d053
INFO [06-01|10:49:48.635] Updated payload                          id=0x03c9ddaff4d2d053 number=3708 hash=96d63d..68235e txs=1 withdrawals=0 gas=5,900,240 fees=3.540144e-11 root=5150dd..0cea41 elapsed=165.050ms
INFO [06-01|10:49:48.637] Stopping work on payload                 id=0x03c9ddaff4d2d053 reason=delivery
INFO [06-01|10:49:48.767] Paused snapshot generation
WARN [06-01|10:49:48.767] {"level":"warn","msg":"Slow block","block":{"number":3708,"hash":"0x96d63da7ffb278d17c0118c1c8ad47d0964413b1d4056a334fec70a64368235e","gas_used":5900240,"tx_count":1},"timing":{"execution_ms":117.78896,"state_read_ms":9.0155,"state_hash_ms":3.649903,"commit_ms":0.729346,"total_ms":131.423862},"throughput":{"mgas_per_sec":44.894739130402364},"state_reads":{"accounts":107,"storage_slots":258,"code":101,"code_bytes":2957},"state_writes":{"accounts":2,"accounts_deleted":0,"storage_slots":0,"storage_slots_deleted":0,"code":0,"code_bytes":0},"cache":{"account":{"hits":35,"misses":72,"hit_rate":32.71028037383177},"storage":{"hits":109,"misses":149,"hit_rate":42.248062015503876},"code":{"hits":101,"misses":0,"hit_rate":100,"hit_bytes":2957,"miss_bytes":0}}}
INFO [06-01|10:49:48.767] Imported new potential chain segment     number=3708 hash=96d63d..68235e blocks=1 txs=1 mgas=5.900 elapsed=131.636ms   mgasps=44.822 triediffs=1.36MiB triedirty=0.00B
INFO [06-01|10:49:48.768] Chain head was updated                   number=3708 hash=96d63d..68235e root=5150dd..0cea41 elapsed="90.104µs"
WARN [06-01|10:49:48.787] Snapshot generation is not permitted
INFO [06-01|10:49:49.465] Submitted transaction                    hash=0xba3480b0e85ec527fdc12978de7a1aed2b0654cf224a89e327562bb92e2b6023 from=0x6f1bA90f44Dc2FB226863Ac99e305451647b28Bf nonce=1    recipient=0xf39Fd6e51aad88F6F4ce6aB8827279cffFb92266 value=1,044,880
INFO [06-01|10:49:49.782] Starting work on payload                 id=0x039825f04d85576b
INFO [06-01|10:49:49.805] Updated payload                          id=0x039825f04d85576b number=3709 hash=6fffc6..b4f1f4 txs=1 withdrawals=0 gas=21000     fees=2.1e-14      root=c4f95f..a1d22b elapsed=22.852ms
INFO [06-01|10:49:49.805] Stopping work on payload                 id=0x039825f04d85576b reason=delivery
INFO [06-01|10:49:49.813] Paused snapshot generation
WARN [06-01|10:49:49.813] {"level":"warn","msg":"Slow block","block":{"number":3709,"hash":"0x6fffc65a65a1125b6db002b29950332518247661d547efb1757ff4192eb4f1f4","gas_used":21000,"tx_count":1},"timing":{"execution_ms":0.065177,"state_read_ms":4.469762,"state_hash_ms":2.498427,"commit_ms":0.63401,"total_ms":7.87206},"throughput":{"mgas_per_sec":2.6676625940351064},"state_reads":{"accounts":6,"storage_slots":0,"code":0,"code_bytes":0},"state_writes":{"accounts":2,"accounts_deleted":0,"storage_slots":0,"storage_slots_deleted":0,"code":0,"code_bytes":0},"cache":{"account":{"hits":2,"misses":4,"hit_rate":33.33333333333333},"storage":{"hits":0,"misses":0,"hit_rate":0},"code":{"hits":0,"misses":0,"hit_rate":0,"hit_bytes":0,"miss_bytes":0}}}
INFO [06-01|10:49:49.813] Imported new potential chain segment     number=3709 hash=6fffc6..b4f1f4 blocks=1 txs=1 mgas=0.021 elapsed=8.042ms     mgasps=2.611  triediffs=1.36MiB triedirty=0.00B
INFO [06-01|10:49:49.813] Chain head was updated                   number=3709 hash=6fffc6..b4f1f4 root=c4f95f..a1d22b elapsed="67.112µs"
WARN [06-01|10:49:49.851] Snapshot generation is not permitted
INFO [06-01|10:49:50.830] Starting work on payload                 id=0x03a373aa98346553
INFO [06-01|10:49:50.834] Updated payload                          id=0x03a373aa98346553 number=3710 hash=419dc3..c804f8 txs=0 withdrawals=0 gas=0         fees=0            root=c4f95f..a1d22b elapsed=3.989ms
INFO [06-01|10:49:50.834] Stopping work on payload                 id=0x03a373aa98346553 reason=delivery
WARN [06-01|10:49:50.838] {"level":"warn","msg":"Slow block","block":{"number":3710,"hash":"0x419dc391c80435fcb8bbac0dce9b51e057182b4f9c4134f54db2baf227c804f8","gas_used":0,"tx_count":0},"timing":{"execution_ms":0.022445,"state_read_ms":3.285651,"state_hash_ms":0.001207,"commit_ms":0.09926,"total_ms":3.54434},"throughput":{"mgas_per_sec":0},"state_reads":{"accounts":4,"storage_slots":0,"code":0,"code_bytes":0},"state_writes":{"accounts":0,"accounts_deleted":0,"storage_slots":0,"storage_slots_deleted":0,"code":0,"code_bytes":0},"cache":{"account":{"hits":0,"misses":4,"hit_rate":0},"storage":{"hits":0,"misses":0,"hit_rate":0},"code":{"hits":0,"misses":0,"hit_rate":0,"hit_bytes":0,"miss_bytes":0}}}
INFO [06-01|10:49:50.838] Imported new potential chain segment     number=3710 hash=419dc3..c804f8 blocks=1 txs=0 mgas=0.000 elapsed=3.816ms     mgasps=0.000  triediffs=1.36MiB triedirty=0.00B
INFO [06-01|10:49:50.839] Chain head was updated                   number=3710 hash=419dc3..c804f8 root=c4f95f..a1d22b elapsed="65.738µs"
