WARN [06-01|10:42:31.443] Unknown config environment variable      envvar=GETH_PBT_BIN
WARN [06-01|10:42:31.443] Unknown config environment variable      envvar=GETH_UBT_BIN
INFO [06-01|10:42:31.457] Starting Geth on Ethereum mainnet...
INFO [06-01|10:42:31.458] Maximum peer count                       ETH=0 total=0
INFO [06-01|10:42:31.460] Smartcard socket not found, disabling    err="stat /run/pcscd/pcscd.comm: no such file or directory"
WARN [06-01|10:42:31.463] Option --miner.etherbase is deprecated as the etherbase is set by the consensus client post-merge
WARN [06-01|10:42:31.465] Snap sync requested, resetting --cache.snapshot
INFO [06-01|10:42:31.465] Set global gas cap                       cap=50,000,000
INFO [06-01|10:42:32.312] Using developer account                  address=0xf39Fd6e51aad88F6F4ce6aB8827279cffFb92266
INFO [06-01|10:42:32.361] Using pebble as the backing database
INFO [06-01|10:42:32.361] Allocated cache and file handles         database=/mnt/state_expiry_vol_data/ubt-vs-pbt-dbs/ubt/geth/chaindata cache=16.00MiB handles=262,144
INFO [06-01|10:42:32.595] Opened ancient database                  database=/mnt/state_expiry_vol_data/ubt-vs-pbt-dbs/ubt/geth/chaindata/ancient/chain readonly=true
INFO [06-01|10:42:32.595] Opened Era store                         datadir=/mnt/state_expiry_vol_data/ubt-vs-pbt-dbs/ubt/geth/chaindata/ancient/chain/era
INFO [06-01|10:42:32.602] Initializing the KZG library             backend=gokzg
INFO [06-01|10:42:32.604] Allocated trie memory caches             clean=0.00B dirty=0.00B
INFO [06-01|10:42:32.612] Using pebble as the backing database
INFO [06-01|10:42:32.612] Allocated cache and file handles         database=/mnt/state_expiry_vol_data/ubt-vs-pbt-dbs/ubt/geth/chaindata cache=16.00MiB handles=262,144
INFO [06-01|10:42:32.805] Opened ancient database                  database=/mnt/state_expiry_vol_data/ubt-vs-pbt-dbs/ubt/geth/chaindata/ancient/chain readonly=false
INFO [06-01|10:42:32.805] Opened Era store                         datadir=/mnt/state_expiry_vol_data/ubt-vs-pbt-dbs/ubt/geth/chaindata/ancient/chain/era
INFO [06-01|10:42:32.812] State scheme set to already existing     scheme=path
INFO [06-01|10:42:32.813] Initialising Ethereum protocol           network=1337 dbversion=9
INFO [06-01|10:42:32.813] Load database journal from file          path=/mnt/state_expiry_vol_data/ubt-vs-pbt-dbs/ubt/geth/triedb/verkle.journal
INFO [06-01|10:42:32.882] Opened ancient database                  database=/mnt/state_expiry_vol_data/ubt-vs-pbt-dbs/ubt/geth/chaindata/ancient/state_verkle readonly=false
INFO [06-01|10:42:32.884] State snapshot generator is not compatible
INFO [06-01|10:42:32.884] Initialized path database                triecache=0.00B statecache=0.00B buffer=0.00B state-history="last 90000 blocks" journal-dir=/mnt/state_expiry_vol_data/ubt-vs-pbt-dbs/ubt/geth/triedb verkle=true
INFO [06-01|10:42:32.884] 
INFO [06-01|10:42:32.884] ---------------------------------------------------------------------------------------------------------------------------------------------------------
INFO [06-01|10:42:32.884] Chain ID:  1337 (unknown)
INFO [06-01|10:42:32.884] Consensus: unknown
INFO [06-01|10:42:32.884] 
INFO [06-01|10:42:32.884] Pre-Merge hard forks (block based):
INFO [06-01|10:42:32.884]  - Homestead:                   #0       
INFO [06-01|10:42:32.884]  - Tangerine Whistle (EIP 150): #0       
INFO [06-01|10:42:32.884]  - Spurious Dragon/1 (EIP 155): #0       
INFO [06-01|10:42:32.884]  - Spurious Dragon/2 (EIP 158): #0       
INFO [06-01|10:42:32.884]  - Byzantium:                   #0       
INFO [06-01|10:42:32.884]  - Constantinople:              #0       
INFO [06-01|10:42:32.884]  - Petersburg:                  #0       
INFO [06-01|10:42:32.884]  - Istanbul:                    #0       
INFO [06-01|10:42:32.884]  - Berlin:                      #0       
INFO [06-01|10:42:32.884]  - London:                      #0       
INFO [06-01|10:42:32.884]  - Arrow Glacier:               #0       
INFO [06-01|10:42:32.884]  - Gray Glacier:                #0       
INFO [06-01|10:42:32.884] 
INFO [06-01|10:42:32.884] Merge configured:
INFO [06-01|10:42:32.884]  - Total terminal difficulty:  0
INFO [06-01|10:42:32.884]  - Merge netsplit block:       #0       
INFO [06-01|10:42:32.884] 
INFO [06-01|10:42:32.884] Post-Merge hard forks (timestamp based):
INFO [06-01|10:42:32.884]  - Shanghai:                    @0         
INFO [06-01|10:42:32.884]  - Cancun:                      @0          blob: (target: 3, max: 6, fraction: 3338477)
INFO [06-01|10:42:32.884]  - Prague:                      @0          blob: (target: 6, max: 9, fraction: 5007716)
INFO [06-01|10:42:32.884]  - Osaka:                       @0          blob: (target: 6, max: 9, fraction: 5007716)
INFO [06-01|10:42:32.884]  - UBT:                         @0          blob: (nil)
INFO [06-01|10:42:32.885] 
INFO [06-01|10:42:32.885] All fork specifications can be found at https://ethereum.github.io/execution-specs/src/ethereum/forks/
INFO [06-01|10:42:32.885] 
INFO [06-01|10:42:32.885] ---------------------------------------------------------------------------------------------------------------------------------------------------------
INFO [06-01|10:42:32.885] 
INFO [06-01|10:42:32.885] Loaded most recent local block           number=3430 hash=741536..ec97ff age=3s
INFO [06-01|10:42:32.885] Loaded most recent local finalized block number=3424 hash=60bc65..021d9b age=9s
INFO [06-01|10:42:32.886] Initialized transaction indexer          range="last 2350000 blocks"
INFO [06-01|10:42:32.886] Initialized log indexer                  firstblock=0 lastblock=3430 firstmap=0 lastmap=0 headindexed=true
INFO [06-01|10:42:32.934] Enabled full-sync                        head=3430 hash=741536..ec97ff
INFO [06-01|10:42:32.934] Unprotected transactions allowed
INFO [06-01|10:42:32.934] Gasprice oracle is ignoring threshold set threshold=2
INFO [06-01|10:42:32.935] Registered sync override service
WARN [06-01|10:42:32.935] You are running Geth in --dev mode. Please note the following:
WARN [06-01|10:42:32.935] 
WARN [06-01|10:42:32.935]   1. This mode is only intended for fast, iterative development without assumptions on
WARN [06-01|10:42:32.935]      security or persistence.
WARN [06-01|10:42:32.935]   2. The database is created in memory unless specified otherwise. Therefore, shutting down
WARN [06-01|10:42:32.935]      your computer or losing power will wipe your entire block data and chain state for
WARN [06-01|10:42:32.935]      your dev environment.
WARN [06-01|10:42:32.935]   3. A random, pre-allocated developer account will be available and unlocked as
WARN [06-01|10:42:32.935]      eth.coinbase, which can be used for testing. The random dev account is temporary,
WARN [06-01|10:42:32.935]      stored on a ramdisk, and will be lost if your machine is restarted.
WARN [06-01|10:42:32.935]   4. Mining is enabled by default. However, the client will only seal blocks if transactions
WARN [06-01|10:42:32.935]      are pending in the mempool. The miner's minimum accepted gas price is 1.
WARN [06-01|10:42:32.935]   5. Networking is disabled; there is no listen-address, the maximum number of peers is set
WARN [06-01|10:42:32.935]      to 0, and discovery is disabled.
WARN [06-01|10:42:32.935] 
INFO [06-01|10:42:32.935] Starting peer-to-peer node               instance=Geth/v1.17.3-unstable/linux-amd64/go1.24.9
WARN [06-01|10:42:32.935] P2P server will be useless, neither dialing nor listening
INFO [06-01|10:42:32.979] IPC endpoint opened                      url=/mnt/state_expiry_vol_data/ubt-vs-pbt-dbs/ubt/geth.ipc
ERROR[06-01|10:42:32.979] Unavailable modules in HTTP API list     unavailable=[personal] available="[admin debug web3 eth txpool miner net dev testing]"
INFO [06-01|10:42:32.980] New local node record                    seq=1,780,289,664,544 id=c084d8867e8cc127 ip=127.0.0.1 udp=0 tcp=0
INFO [06-01|10:42:32.980] Started P2P networking                   self=enode://ed0ccbffbfc0dc9f1b0f8e55d585ad3e61215b1974f32d9388e7ae53563e3ebe0172c21d754fa202c3a63f95bef3ff3ea24339ffdabd0115c47ec5b8d33136a9@127.0.0.1:0
INFO [06-01|10:42:32.980] HTTP server started                      endpoint=127.0.0.1:8545 auth=false prefix= cors= vhosts=localhost
INFO [06-01|10:42:32.980] WebSocket enabled                        url=ws://127.0.0.1:8546
INFO [06-01|10:42:33.266] Loaded local transaction journal         transactions=2513 dropped=0
INFO [06-01|10:42:34.302] Started log indexer
INFO [06-01|10:42:34.338] Starting work on payload                 id=0x03283057557cc60b
INFO [06-01|10:42:34.347] Updated payload                          id=0x03283057557cc60b number=3431 hash=c1ce61..6be91e txs=0 withdrawals=0 gas=0 fees=0 root=9faee2..71f2a2 elapsed=8.565ms
INFO [06-01|10:42:34.347] Stopping work on payload                 id=0x03283057557cc60b reason=delivery
WARN [06-01|10:42:34.352] {"level":"warn","msg":"Slow block","block":{"number":3431,"hash":"0xc1ce61554d0cb4979060e146a26ecd3f3d61ef207fddbb19112836451a6be91e","gas_used":0,"tx_count":0},"timing":{"execution_ms":0.072485,"state_read_ms":4.691357,"state_hash_ms":0.002292,"commit_ms":0.179142,"total_ms":5.283804},"throughput":{"mgas_per_sec":0},"state_reads":{"accounts":4,"storage_slots":0,"code":0,"code_bytes":0},"state_writes":{"accounts":0,"accounts_deleted":0,"storage_slots":0,"storage_slots_deleted":0,"code":0,"code_bytes":0},"cache":{"account":{"hits":0,"misses":4,"hit_rate":0},"storage":{"hits":0,"misses":0,"hit_rate":0},"code":{"hits":0,"misses":0,"hit_rate":0,"hit_bytes":0,"miss_bytes":0}}}
INFO [06-01|10:42:34.353] Imported new potential chain segment     number=3431 hash=c1ce61..6be91e blocks=1 txs=0 mgas=0.000 elapsed=5.642ms mgasps=0.000 triediffs=1.37MiB triedirty=0.00B
INFO [06-01|10:42:34.353] Chain head was updated                   number=3431 hash=c1ce61..6be91e root=9faee2..71f2a2 elapsed="98.93µs"
INFO [06-01|10:42:35.358] Starting work on payload                 id=0x03f964f28a955061
INFO [06-01|10:42:35.363] Updated payload                          id=0x03f964f28a955061 number=3432 hash=960b10..2dbc3b txs=0 withdrawals=0 gas=0 fees=0 root=9faee2..71f2a2 elapsed=4.232ms
INFO [06-01|10:42:35.365] Stopping work on payload                 id=0x03f964f28a955061 reason=delivery
WARN [06-01|10:42:35.371] {"level":"warn","msg":"Slow block","block":{"number":3432,"hash":"0x960b10c3d45c31bf9b4059ce5fa5b279fc582ed50faac4d650369a4e792dbc3b","gas_used":0,"tx_count":0},"timing":{"execution_ms":0.036306,"state_read_ms":6.961163,"state_hash_ms":0.001938,"commit_ms":0.166661,"total_ms":7.347122},"throughput":{"mgas_per_sec":0},"state_reads":{"accounts":4,"storage_slots":0,"code":0,"code_bytes":0},"state_writes":{"accounts":0,"accounts_deleted":0,"storage_slots":0,"storage_slots_deleted":0,"code":0,"code_bytes":0},"cache":{"account":{"hits":0,"misses":4,"hit_rate":0},"storage":{"hits":0,"misses":0,"hit_rate":0},"code":{"hits":0,"misses":0,"hit_rate":0,"hit_bytes":0,"miss_bytes":0}}}
INFO [06-01|10:42:35.371] Imported new potential chain segment     number=3432 hash=960b10..2dbc3b blocks=1 txs=0 mgas=0.000 elapsed=7.624ms   mgasps=0.000 triediffs=1.37MiB triedirty=0.00B
INFO [06-01|10:42:35.371] Chain head was updated                   number=3432 hash=960b10..2dbc3b root=9faee2..71f2a2 elapsed="65.365µs"
INFO [06-01|10:42:36.393] Starting work on payload                 id=0x031f10cda42b583c
INFO [06-01|10:42:36.396] Updated payload                          id=0x031f10cda42b583c number=3433 hash=69ff15..5e544b txs=0 withdrawals=0 gas=0 fees=0 root=9faee2..71f2a2 elapsed=3.062ms
INFO [06-01|10:42:36.396] Stopping work on payload                 id=0x031f10cda42b583c reason=delivery
WARN [06-01|10:42:36.402] {"level":"warn","msg":"Slow block","block":{"number":3433,"hash":"0x69ff15c5913d9fa4b1cd9175d6a835ca868147b13d1ac3d3250c3020a25e544b","gas_used":0,"tx_count":0},"timing":{"execution_ms":0.026756,"state_read_ms":4.919204,"state_hash_ms":0.001611,"commit_ms":0.09116,"total_ms":5.167653},"throughput":{"mgas_per_sec":0},"state_reads":{"accounts":4,"storage_slots":0,"code":0,"code_bytes":0},"state_writes":{"accounts":0,"accounts_deleted":0,"storage_slots":0,"storage_slots_deleted":0,"code":0,"code_bytes":0},"cache":{"account":{"hits":0,"misses":4,"hit_rate":0},"storage":{"hits":0,"misses":0,"hit_rate":0},"code":{"hits":0,"misses":0,"hit_rate":0,"hit_bytes":0,"miss_bytes":0}}}
INFO [06-01|10:42:36.402] Imported new potential chain segment     number=3433 hash=69ff15..5e544b blocks=1 txs=0 mgas=0.000 elapsed=5.392ms    mgasps=0.000 triediffs=1.37MiB triedirty=0.00B
INFO [06-01|10:42:36.402] Chain head was updated                   number=3433 hash=69ff15..5e544b root=9faee2..71f2a2 elapsed="51.784µs"
INFO [06-01|10:42:36.438] Submitted contract creation              hash=0xf7fe664bbaf470771c4c0c209e3cfea80276cd6b32af8db5b1ce0eafefcbf509 from=0xf39Fd6e51aad88F6F4ce6aB8827279cffFb92266 nonce=1001 contract=0xB719422a0A484025c1A22a8dEEaFC67E81F43CfD value=0
INFO [06-01|10:42:36.439] Submitted transaction                    hash=0xaa3a99ba5016fdd830357933100e29b94974ae1f0be65e3092eb72d34d531d0a from=0xf39Fd6e51aad88F6F4ce6aB8827279cffFb92266 nonce=1002 recipient=0x42A8c4821Ddc998Adc76935061189eeA56F74e43 value=78,000,000
INFO [06-01|10:42:37.414] Starting work on payload                 id=0x03b98db3f4fcf496
INFO [06-01|10:42:37.448] Updated payload                          id=0x03b98db3f4fcf496 number=3434 hash=718880..db7c31 txs=2 withdrawals=0 gas=86120 fees=5.1672e-13 root=1739dd..e6f546 elapsed=33.355ms
INFO [06-01|10:42:37.448] Stopping work on payload                 id=0x03b98db3f4fcf496 reason=delivery
INFO [06-01|10:42:37.470] Paused snapshot generation
WARN [06-01|10:42:37.471] {"level":"warn","msg":"Slow block","block":{"number":3434,"hash":"0x718880f44826198b91158e7bd273248e00da9509d5c78d313367a23b07db7c31","gas_used":86120,"tx_count":2},"timing":{"execution_ms":0.212819,"state_read_ms":14.119729,"state_hash_ms":2.921027,"commit_ms":4.839272,"total_ms":22.287886},"throughput":{"mgas_per_sec":3.863982434224583},"state_reads":{"accounts":11,"storage_slots":0,"code":0,"code_bytes":0},"state_writes":{"accounts":3,"accounts_deleted":0,"storage_slots":0,"storage_slots_deleted":0,"code":1,"code_bytes":155},"cache":{"account":{"hits":4,"misses":7,"hit_rate":36.36363636363637},"storage":{"hits":0,"misses":0,"hit_rate":0},"code":{"hits":0,"misses":0,"hit_rate":0,"hit_bytes":0,"miss_bytes":0}}}
INFO [06-01|10:42:37.471] Imported new potential chain segment     number=3434 hash=718880..db7c31 blocks=1 txs=2 mgas=0.086 elapsed=22.611ms   mgasps=3.809 triediffs=1.37MiB triedirty=0.00B
INFO [06-01|10:42:37.471] Chain head was updated                   number=3434 hash=718880..db7c31 root=1739dd..e6f546 elapsed="160.218µs"
WARN [06-01|10:42:37.496] Snapshot generation is not permitted
INFO [06-01|10:42:38.463] Submitted transaction                    hash=0x91b0aa9fb78cb2ea805c19452f7ea93bb849f2d99d6f0d3ebbc38952b3c5f8e2 from=0x42A8c4821Ddc998Adc76935061189eeA56F74e43 nonce=0    recipient=0xB719422a0A484025c1A22a8dEEaFC67E81F43CfD value=0
INFO [06-01|10:42:38.476] Starting work on payload                 id=0x030824a9e47d9a81
INFO [06-01|10:42:38.678] Updated payload                          id=0x030824a9e47d9a81 number=3435 hash=c516a7..c9ff8e txs=1 withdrawals=0 gas=5,900,418 fees=3.5402508e-11 root=daa60b..662dbf elapsed=202.597ms
INFO [06-01|10:42:38.679] Stopping work on payload                 id=0x030824a9e47d9a81 reason=delivery
INFO [06-01|10:42:38.876] Paused snapshot generation
WARN [06-01|10:42:38.876] {"level":"warn","msg":"Slow block","block":{"number":3435,"hash":"0xc516a71f0e80ee260b771cfc6b998e6835a5bf189201a7ad2e8152cd25c9ff8e","gas_used":5900418,"tx_count":1},"timing":{"execution_ms":176.805303,"state_read_ms":4.741332,"state_hash_ms":14.326494,"commit_ms":0.94952,"total_ms":197.535729},"throughput":{"mgas_per_sec":29.870130481559617},"state_reads":{"accounts":8,"storage_slots":258,"code":2,"code_bytes":183},"state_writes":{"accounts":2,"accounts_deleted":0,"storage_slots":0,"storage_slots_deleted":0,"code":0,"code_bytes":0},"cache":{"account":{"hits":4,"misses":4,"hit_rate":50},"storage":{"hits":32,"misses":226,"hit_rate":12.4031007751938},"code":{"hits":2,"misses":0,"hit_rate":100,"hit_bytes":183,"miss_bytes":0}}}
INFO [06-01|10:42:38.877] Imported new potential chain segment     number=3435 hash=c516a7..c9ff8e blocks=1 txs=1 mgas=5.900 elapsed=197.787ms   mgasps=29.832 triediffs=1.37MiB triedirty=0.00B
INFO [06-01|10:42:38.877] Chain head was updated                   number=3435 hash=c516a7..c9ff8e root=daa60b..662dbf elapsed="120.833µs"
WARN [06-01|10:42:38.906] Snapshot generation is not permitted
INFO [06-01|10:42:39.479] Submitted transaction                    hash=0x398b283ddc1813ec46ce0c0f90b1c3e24a8ddaaf9f9517db04803b33841da355 from=0x42A8c4821Ddc998Adc76935061189eeA56F74e43 nonce=1    recipient=0xf39Fd6e51aad88F6F4ce6aB8827279cffFb92266 value=1,042,566
INFO [06-01|10:42:39.882] Starting work on payload                 id=0x03f3eaed3a21233d
INFO [06-01|10:42:39.898] Updated payload                          id=0x03f3eaed3a21233d number=3436 hash=876458..8b2d86 txs=1 withdrawals=0 gas=21000     fees=2.1e-14       root=6413e6..1e0639 elapsed=16.344ms
INFO [06-01|10:42:39.898] Stopping work on payload                 id=0x03f3eaed3a21233d reason=delivery
INFO [06-01|10:42:39.907] Paused snapshot generation
WARN [06-01|10:42:39.907] {"level":"warn","msg":"Slow block","block":{"number":3436,"hash":"0x876458b8640e17cbc1babfd4947940064d15b10e991f9e1c4d995531328b2d86","gas_used":21000,"tx_count":1},"timing":{"execution_ms":0.166012,"state_read_ms":4.766209,"state_hash_ms":2.65808,"commit_ms":0.574767,"total_ms":8.308576},"throughput":{"mgas_per_sec":2.527508925717235},"state_reads":{"accounts":6,"storage_slots":0,"code":0,"code_bytes":0},"state_writes":{"accounts":2,"accounts_deleted":0,"storage_slots":0,"storage_slots_deleted":0,"code":0,"code_bytes":0},"cache":{"account":{"hits":2,"misses":4,"hit_rate":33.33333333333333},"storage":{"hits":0,"misses":0,"hit_rate":0},"code":{"hits":0,"misses":0,"hit_rate":0,"hit_bytes":0,"miss_bytes":0}}}
INFO [06-01|10:42:39.907] Imported new potential chain segment     number=3436 hash=876458..8b2d86 blocks=1 txs=1 mgas=0.021 elapsed=8.451ms     mgasps=2.485  triediffs=1.37MiB triedirty=0.00B
INFO [06-01|10:42:39.907] Chain head was updated                   number=3436 hash=876458..8b2d86 root=6413e6..1e0639 elapsed="70.533µs"
WARN [06-01|10:42:39.926] Snapshot generation is not permitted
