WARN [06-01|10:46:39.029] Unknown config environment variable      envvar=GETH_PBT_BIN
WARN [06-01|10:46:39.029] Unknown config environment variable      envvar=GETH_UBT_BIN
INFO [06-01|10:46:39.042] Starting Geth on Ethereum mainnet...
INFO [06-01|10:46:39.044] Maximum peer count                       ETH=0 total=0
INFO [06-01|10:46:39.045] Smartcard socket not found, disabling    err="stat /run/pcscd/pcscd.comm: no such file or directory"
WARN [06-01|10:46:39.048] Option --miner.etherbase is deprecated as the etherbase is set by the consensus client post-merge
WARN [06-01|10:46:39.049] Snap sync requested, resetting --cache.snapshot
INFO [06-01|10:46:39.050] Set global gas cap                       cap=50,000,000
INFO [06-01|10:46:39.857] Using developer account                  address=0xf39Fd6e51aad88F6F4ce6aB8827279cffFb92266
INFO [06-01|10:46:39.900] Using pebble as the backing database
INFO [06-01|10:46:39.900] Allocated cache and file handles         database=/mnt/state_expiry_vol_data/ubt-vs-pbt-dbs/ubt/geth/chaindata cache=16.00MiB handles=262,144
INFO [06-01|10:46:40.130] Opened ancient database                  database=/mnt/state_expiry_vol_data/ubt-vs-pbt-dbs/ubt/geth/chaindata/ancient/chain readonly=true
INFO [06-01|10:46:40.130] Opened Era store                         datadir=/mnt/state_expiry_vol_data/ubt-vs-pbt-dbs/ubt/geth/chaindata/ancient/chain/era
INFO [06-01|10:46:40.136] Initializing the KZG library             backend=gokzg
INFO [06-01|10:46:40.138] Allocated trie memory caches             clean=0.00B dirty=0.00B
INFO [06-01|10:46:40.148] Using pebble as the backing database
INFO [06-01|10:46:40.148] Allocated cache and file handles         database=/mnt/state_expiry_vol_data/ubt-vs-pbt-dbs/ubt/geth/chaindata cache=16.00MiB handles=262,144
INFO [06-01|10:46:40.340] Opened ancient database                  database=/mnt/state_expiry_vol_data/ubt-vs-pbt-dbs/ubt/geth/chaindata/ancient/chain readonly=false
INFO [06-01|10:46:40.340] Opened Era store                         datadir=/mnt/state_expiry_vol_data/ubt-vs-pbt-dbs/ubt/geth/chaindata/ancient/chain/era
INFO [06-01|10:46:40.346] State scheme set to already existing     scheme=path
INFO [06-01|10:46:40.349] Initialising Ethereum protocol           network=1337 dbversion=9
INFO [06-01|10:46:40.350] Load database journal from file          path=/mnt/state_expiry_vol_data/ubt-vs-pbt-dbs/ubt/geth/triedb/verkle.journal
INFO [06-01|10:46:40.430] Opened ancient database                  database=/mnt/state_expiry_vol_data/ubt-vs-pbt-dbs/ubt/geth/chaindata/ancient/state_verkle readonly=false
INFO [06-01|10:46:40.433] State snapshot generator is not compatible
INFO [06-01|10:46:40.433] Initialized path database                triecache=0.00B statecache=0.00B buffer=0.00B state-history="last 90000 blocks" journal-dir=/mnt/state_expiry_vol_data/ubt-vs-pbt-dbs/ubt/geth/triedb verkle=true
INFO [06-01|10:46:40.433] 
INFO [06-01|10:46:40.433] ---------------------------------------------------------------------------------------------------------------------------------------------------------
INFO [06-01|10:46:40.433] Chain ID:  1337 (unknown)
INFO [06-01|10:46:40.433] Consensus: unknown
INFO [06-01|10:46:40.433] 
INFO [06-01|10:46:40.433] Pre-Merge hard forks (block based):
INFO [06-01|10:46:40.433]  - Homestead:                   #0       
INFO [06-01|10:46:40.433]  - Tangerine Whistle (EIP 150): #0       
INFO [06-01|10:46:40.433]  - Spurious Dragon/1 (EIP 155): #0       
INFO [06-01|10:46:40.433]  - Spurious Dragon/2 (EIP 158): #0       
INFO [06-01|10:46:40.433]  - Byzantium:                   #0       
INFO [06-01|10:46:40.433]  - Constantinople:              #0       
INFO [06-01|10:46:40.433]  - Petersburg:                  #0       
INFO [06-01|10:46:40.433]  - Istanbul:                    #0       
INFO [06-01|10:46:40.433]  - Berlin:                      #0       
INFO [06-01|10:46:40.433]  - London:                      #0       
INFO [06-01|10:46:40.433]  - Arrow Glacier:               #0       
INFO [06-01|10:46:40.433]  - Gray Glacier:                #0       
INFO [06-01|10:46:40.433] 
INFO [06-01|10:46:40.433] Merge configured:
INFO [06-01|10:46:40.433]  - Total terminal difficulty:  0
INFO [06-01|10:46:40.433]  - Merge netsplit block:       #0       
INFO [06-01|10:46:40.433] 
INFO [06-01|10:46:40.433] Post-Merge hard forks (timestamp based):
INFO [06-01|10:46:40.433]  - Shanghai:                    @0         
INFO [06-01|10:46:40.433]  - Cancun:                      @0          blob: (target: 3, max: 6, fraction: 3338477)
INFO [06-01|10:46:40.433]  - Prague:                      @0          blob: (target: 6, max: 9, fraction: 5007716)
INFO [06-01|10:46:40.433]  - Osaka:                       @0          blob: (target: 6, max: 9, fraction: 5007716)
INFO [06-01|10:46:40.433]  - UBT:                         @0          blob: (nil)
INFO [06-01|10:46:40.433] 
INFO [06-01|10:46:40.433] All fork specifications can be found at https://ethereum.github.io/execution-specs/src/ethereum/forks/
INFO [06-01|10:46:40.433] 
INFO [06-01|10:46:40.433] ---------------------------------------------------------------------------------------------------------------------------------------------------------
INFO [06-01|10:46:40.433] 
INFO [06-01|10:46:40.434] Loaded most recent local block           number=3587 hash=f8b080..20444d age=4s
INFO [06-01|10:46:40.434] Loaded most recent local finalized block number=3584 hash=b24b85..ca4ff1 age=7s
INFO [06-01|10:46:40.435] Initialized transaction indexer          range="last 2350000 blocks"
INFO [06-01|10:46:40.435] Initialized log indexer                  firstblock=0 lastblock=3587 firstmap=0 lastmap=0 headindexed=true
INFO [06-01|10:46:40.482] Enabled full-sync                        head=3587 hash=f8b080..20444d
INFO [06-01|10:46:40.482] Unprotected transactions allowed
INFO [06-01|10:46:40.482] Gasprice oracle is ignoring threshold set threshold=2
INFO [06-01|10:46:40.482] Registered sync override service
WARN [06-01|10:46:40.483] You are running Geth in --dev mode. Please note the following:
WARN [06-01|10:46:40.483] 
WARN [06-01|10:46:40.483]   1. This mode is only intended for fast, iterative development without assumptions on
WARN [06-01|10:46:40.483]      security or persistence.
WARN [06-01|10:46:40.483]   2. The database is created in memory unless specified otherwise. Therefore, shutting down
WARN [06-01|10:46:40.483]      your computer or losing power will wipe your entire block data and chain state for
WARN [06-01|10:46:40.483]      your dev environment.
WARN [06-01|10:46:40.483]   3. A random, pre-allocated developer account will be available and unlocked as
WARN [06-01|10:46:40.483]      eth.coinbase, which can be used for testing. The random dev account is temporary,
WARN [06-01|10:46:40.483]      stored on a ramdisk, and will be lost if your machine is restarted.
WARN [06-01|10:46:40.483]   4. Mining is enabled by default. However, the client will only seal blocks if transactions
WARN [06-01|10:46:40.483]      are pending in the mempool. The miner's minimum accepted gas price is 1.
WARN [06-01|10:46:40.483]   5. Networking is disabled; there is no listen-address, the maximum number of peers is set
WARN [06-01|10:46:40.483]      to 0, and discovery is disabled.
WARN [06-01|10:46:40.483] 
INFO [06-01|10:46:40.483] Starting peer-to-peer node               instance=Geth/v1.17.3-unstable/linux-amd64/go1.24.9
WARN [06-01|10:46:40.483] P2P server will be useless, neither dialing nor listening
INFO [06-01|10:46:40.522] IPC endpoint opened                      url=/mnt/state_expiry_vol_data/ubt-vs-pbt-dbs/ubt/geth.ipc
ERROR[06-01|10:46:40.522] Unavailable modules in HTTP API list     unavailable=[personal] available="[admin debug web3 eth txpool miner net dev testing]"
INFO [06-01|10:46:40.523] New local node record                    seq=1,780,289,664,567 id=c084d8867e8cc127 ip=127.0.0.1 udp=0 tcp=0
INFO [06-01|10:46:40.523] Started P2P networking                   self=enode://ed0ccbffbfc0dc9f1b0f8e55d585ad3e61215b1974f32d9388e7ae53563e3ebe0172c21d754fa202c3a63f95bef3ff3ea24339ffdabd0115c47ec5b8d33136a9@127.0.0.1:0
INFO [06-01|10:46:40.523] HTTP server started                      endpoint=127.0.0.1:8545 auth=false prefix= cors= vhosts=localhost
INFO [06-01|10:46:40.523] WebSocket enabled                        url=ws://127.0.0.1:8546
INFO [06-01|10:46:40.818] Loaded local transaction journal         transactions=2605 dropped=0
INFO [06-01|10:46:41.945] Started log indexer
INFO [06-01|10:46:41.982] Starting work on payload                 id=0x032e4784e9bdd0d6
INFO [06-01|10:46:41.991] Updated payload                          id=0x032e4784e9bdd0d6 number=3588 hash=329c70..e0e9c9 txs=0 withdrawals=0 gas=0 fees=0 root=b2d6ad..6a0b55 elapsed=8.073ms
INFO [06-01|10:46:41.991] Stopping work on payload                 id=0x032e4784e9bdd0d6 reason=delivery
WARN [06-01|10:46:41.996] {"level":"warn","msg":"Slow block","block":{"number":3588,"hash":"0x329c702b261fbfd8e700c38a3dc4728b63202fd7cf07d9544943f3ef6be0e9c9","gas_used":0,"tx_count":0},"timing":{"execution_ms":0.061274,"state_read_ms":4.426021,"state_hash_ms":0.001685,"commit_ms":0.259288,"total_ms":4.946328},"throughput":{"mgas_per_sec":0},"state_reads":{"accounts":4,"storage_slots":0,"code":0,"code_bytes":0},"state_writes":{"accounts":0,"accounts_deleted":0,"storage_slots":0,"storage_slots_deleted":0,"code":0,"code_bytes":0},"cache":{"account":{"hits":0,"misses":4,"hit_rate":0},"storage":{"hits":0,"misses":0,"hit_rate":0},"code":{"hits":0,"misses":0,"hit_rate":0,"hit_bytes":0,"miss_bytes":0}}}
INFO [06-01|10:46:41.996] Imported new potential chain segment     number=3588 hash=329c70..e0e9c9 blocks=1 txs=0 mgas=0.000 elapsed=5.300ms mgasps=0.000 triediffs=1.36MiB triedirty=0.00B
INFO [06-01|10:46:41.996] Chain head was updated                   number=3588 hash=329c70..e0e9c9 root=b2d6ad..6a0b55 elapsed="52.048µs"
INFO [06-01|10:46:43.008] Starting work on payload                 id=0x03deebb89cdf33f0
INFO [06-01|10:46:43.012] Updated payload                          id=0x03deebb89cdf33f0 number=3589 hash=5b4b0c..60bc1c txs=0 withdrawals=0 gas=0 fees=0 root=b2d6ad..6a0b55 elapsed=3.535ms
INFO [06-01|10:46:43.012] Stopping work on payload                 id=0x03deebb89cdf33f0 reason=delivery
WARN [06-01|10:46:43.016] {"level":"warn","msg":"Slow block","block":{"number":3589,"hash":"0x5b4b0c908e6d296a5e9166ca9ded81d5da7ffafaf8d4ab497dae32130560bc1c","gas_used":0,"tx_count":0},"timing":{"execution_ms":0.033424,"state_read_ms":3.146726,"state_hash_ms":0.00155,"commit_ms":0.135166,"total_ms":3.499353},"throughput":{"mgas_per_sec":0},"state_reads":{"accounts":4,"storage_slots":0,"code":0,"code_bytes":0},"state_writes":{"accounts":0,"accounts_deleted":0,"storage_slots":0,"storage_slots_deleted":0,"code":0,"code_bytes":0},"cache":{"account":{"hits":0,"misses":4,"hit_rate":0},"storage":{"hits":0,"misses":0,"hit_rate":0},"code":{"hits":0,"misses":0,"hit_rate":0,"hit_bytes":0,"miss_bytes":0}}}
INFO [06-01|10:46:43.016] Imported new potential chain segment     number=3589 hash=5b4b0c..60bc1c blocks=1 txs=0 mgas=0.000 elapsed=3.682ms    mgasps=0.000 triediffs=1.36MiB triedirty=0.00B
INFO [06-01|10:46:43.016] Chain head was updated                   number=3589 hash=5b4b0c..60bc1c root=b2d6ad..6a0b55 elapsed="49.199µs"
INFO [06-01|10:46:44.021] Starting work on payload                 id=0x037bbc30f56118f9
INFO [06-01|10:46:44.040] Updated payload                          id=0x037bbc30f56118f9 number=3590 hash=237b4e..a2ad7a txs=0 withdrawals=0 gas=0 fees=0 root=b2d6ad..6a0b55 elapsed=18.255ms
INFO [06-01|10:46:44.040] Stopping work on payload                 id=0x037bbc30f56118f9 reason=delivery
INFO [06-01|10:46:44.042] Submitted contract creation              hash=0x87cb3940a4ba9fe3ec71e82ce838e0e9e253bc874cd62f533205335d76324dac from=0xf39Fd6e51aad88F6F4ce6aB8827279cffFb92266 nonce=1047 contract=0xA272fB0D17DC50652Fda5cF1651C6f8f21Fb02A8 value=0
INFO [06-01|10:46:44.042] Submitted transaction                    hash=0x74904f2c2d1e9cb942773a2208b56abaccb85246fc6fad10173dad664094d8c0 from=0xf39Fd6e51aad88F6F4ce6aB8827279cffFb92266 nonce=1048 recipient=0xbbebe1CF8DB39AEE75eB6009C9B09C40F04756E3 value=78,000,000
WARN [06-01|10:46:44.054] {"level":"warn","msg":"Slow block","block":{"number":3590,"hash":"0x237b4e7cec14d3fc23319617395881faad62ae1d9bf9a6f845544d616da2ad7a","gas_used":0,"tx_count":0},"timing":{"execution_ms":0.03605,"state_read_ms":14.181167,"state_hash_ms":0.002369,"commit_ms":0.150144,"total_ms":14.526281},"throughput":{"mgas_per_sec":0},"state_reads":{"accounts":4,"storage_slots":0,"code":0,"code_bytes":0},"state_writes":{"accounts":0,"accounts_deleted":0,"storage_slots":0,"storage_slots_deleted":0,"code":0,"code_bytes":0},"cache":{"account":{"hits":0,"misses":4,"hit_rate":0},"storage":{"hits":0,"misses":0,"hit_rate":0},"code":{"hits":0,"misses":0,"hit_rate":0,"hit_bytes":0,"miss_bytes":0}}}
INFO [06-01|10:46:44.055] Imported new potential chain segment     number=3590 hash=237b4e..a2ad7a blocks=1 txs=0 mgas=0.000 elapsed=14.702ms   mgasps=0.000 triediffs=1.36MiB triedirty=0.00B
INFO [06-01|10:46:44.055] Chain head was updated                   number=3590 hash=237b4e..a2ad7a root=b2d6ad..6a0b55 elapsed="42.832µs"
INFO [06-01|10:46:45.070] Starting work on payload                 id=0x03b5469d97bc79e8
INFO [06-01|10:46:45.103] Updated payload                          id=0x03b5469d97bc79e8 number=3591 hash=97277d..20cb61 txs=2 withdrawals=0 gas=86852 fees=5.21112e-13 root=c2f3c8..cdb53b elapsed=32.665ms
INFO [06-01|10:46:45.103] Stopping work on payload                 id=0x03b5469d97bc79e8 reason=delivery
INFO [06-01|10:46:45.116] Paused snapshot generation
WARN [06-01|10:46:45.117] {"level":"warn","msg":"Slow block","block":{"number":3591,"hash":"0x97277dd704a7c2457512014081fb7a516049ee96161f461f170228942c20cb61","gas_used":86852,"tx_count":2},"timing":{"execution_ms":0.113496,"state_read_ms":3.93835,"state_hash_ms":3.50024,"commit_ms":5.978225,"total_ms":13.697813},"throughput":{"mgas_per_sec":6.340574221592893},"state_reads":{"accounts":11,"storage_slots":0,"code":0,"code_bytes":0},"state_writes":{"accounts":3,"accounts_deleted":0,"storage_slots":0,"storage_slots_deleted":0,"code":1,"code_bytes":157},"cache":{"account":{"hits":5,"misses":6,"hit_rate":45.45454545454545},"storage":{"hits":0,"misses":0,"hit_rate":0},"code":{"hits":0,"misses":0,"hit_rate":0,"hit_bytes":0,"miss_bytes":0}}}
INFO [06-01|10:46:45.117] Imported new potential chain segment     number=3591 hash=97277d..20cb61 blocks=1 txs=2 mgas=0.087 elapsed=14.024ms   mgasps=6.193 triediffs=1.36MiB triedirty=0.00B
INFO [06-01|10:46:45.118] Chain head was updated                   number=3591 hash=97277d..20cb61 root=c2f3c8..cdb53b elapsed="439.033µs"
WARN [06-01|10:46:45.137] Snapshot generation is not permitted
INFO [06-01|10:46:46.057] Submitted transaction                    hash=0x48a4fc98685507ffde3703dbda74ed73216a9b14291b9a4ad42256c07f4f44f9 from=0xbbebe1CF8DB39AEE75eB6009C9B09C40F04756E3 nonce=0    recipient=0xA272fB0D17DC50652Fda5cF1651C6f8f21Fb02A8 value=0
INFO [06-01|10:46:46.123] Starting work on payload                 id=0x03af4733394efb0f
INFO [06-01|10:46:46.302] Updated payload                          id=0x03af4733394efb0f number=3592 hash=61dfd2..d34956 txs=1 withdrawals=0 gas=5,900,240 fees=3.540144e-11 root=6472eb..e71bf7 elapsed=179.768ms
INFO [06-01|10:46:46.303] Stopping work on payload                 id=0x03af4733394efb0f reason=delivery
INFO [06-01|10:46:46.433] Paused snapshot generation
WARN [06-01|10:46:46.433] {"level":"warn","msg":"Slow block","block":{"number":3592,"hash":"0x61dfd226dc32d3bda6600984876d401d3e6a224160cdbd0fed43c2efc5d34956","gas_used":5900240,"tx_count":1},"timing":{"execution_ms":120.888092,"state_read_ms":5.994149,"state_hash_ms":2.668235,"commit_ms":0.727997,"total_ms":130.465343},"throughput":{"mgas_per_sec":45.22457738067649},"state_reads":{"accounts":107,"storage_slots":258,"code":101,"code_bytes":2957},"state_writes":{"accounts":2,"accounts_deleted":0,"storage_slots":0,"storage_slots_deleted":0,"code":0,"code_bytes":0},"cache":{"account":{"hits":8,"misses":99,"hit_rate":7.476635514018691},"storage":{"hits":15,"misses":243,"hit_rate":5.813953488372093},"code":{"hits":101,"misses":0,"hit_rate":100,"hit_bytes":2957,"miss_bytes":0}}}
INFO [06-01|10:46:46.433] Imported new potential chain segment     number=3592 hash=61dfd2..d34956 blocks=1 txs=1 mgas=5.900 elapsed=130.670ms   mgasps=45.154 triediffs=1.36MiB triedirty=0.00B
INFO [06-01|10:46:46.434] Chain head was updated                   number=3592 hash=61dfd2..d34956 root=6472eb..e71bf7 elapsed="130.255µs"
WARN [06-01|10:46:46.462] Snapshot generation is not permitted
INFO [06-01|10:46:47.070] Submitted transaction                    hash=0xc2d4659798745894c169c992d7ac3dc269f8972fb4353cb8ea42393153f532ad from=0xbbebe1CF8DB39AEE75eB6009C9B09C40F04756E3 nonce=1    recipient=0xf39Fd6e51aad88F6F4ce6aB8827279cffFb92266 value=1,044,880
INFO [06-01|10:46:47.437] Starting work on payload                 id=0x03134481c1d1d3b3
INFO [06-01|10:46:47.464] Updated payload                          id=0x03134481c1d1d3b3 number=3593 hash=e3efaa..6d0f0c txs=1 withdrawals=0 gas=21000     fees=2.1e-14      root=fe5b99..733d27 elapsed=26.336ms
INFO [06-01|10:46:47.464] Stopping work on payload                 id=0x03134481c1d1d3b3 reason=delivery
INFO [06-01|10:46:47.473] Paused snapshot generation
WARN [06-01|10:46:47.473] {"level":"warn","msg":"Slow block","block":{"number":3593,"hash":"0xe3efaad860fa8247daf13f0ad587ff7bf559061af8eb11b58390518b126d0f0c","gas_used":21000,"tx_count":1},"timing":{"execution_ms":0.115625,"state_read_ms":4.969009,"state_hash_ms":2.71074,"commit_ms":0.746489,"total_ms":8.772351},"throughput":{"mgas_per_sec":2.393885060002729},"state_reads":{"accounts":6,"storage_slots":0,"code":0,"code_bytes":0},"state_writes":{"accounts":2,"accounts_deleted":0,"storage_slots":0,"storage_slots_deleted":0,"code":0,"code_bytes":0},"cache":{"account":{"hits":2,"misses":4,"hit_rate":33.33333333333333},"storage":{"hits":0,"misses":0,"hit_rate":0},"code":{"hits":0,"misses":0,"hit_rate":0,"hit_bytes":0,"miss_bytes":0}}}
INFO [06-01|10:46:47.473] Imported new potential chain segment     number=3593 hash=e3efaa..6d0f0c blocks=1 txs=1 mgas=0.021 elapsed=8.980ms     mgasps=2.338  triediffs=1.36MiB triedirty=0.00B
INFO [06-01|10:46:47.473] Chain head was updated                   number=3593 hash=e3efaa..6d0f0c root=fe5b99..733d27 elapsed="52.324µs"
WARN [06-01|10:46:47.492] Snapshot generation is not permitted
