WARN [06-01|11:14:54.498] Unknown config environment variable      envvar=GETH_PBT_BIN
WARN [06-01|11:14:54.498] Unknown config environment variable      envvar=GETH_UBT_BIN
INFO [06-01|11:14:54.508] Starting Geth on Ethereum mainnet...
INFO [06-01|11:14:54.510] Maximum peer count                       ETH=0 total=0
INFO [06-01|11:14:54.511] Smartcard socket not found, disabling    err="stat /run/pcscd/pcscd.comm: no such file or directory"
WARN [06-01|11:14:54.514] Option --miner.etherbase is deprecated as the etherbase is set by the consensus client post-merge
WARN [06-01|11:14:54.515] Snap sync requested, resetting --cache.snapshot
INFO [06-01|11:14:54.516] Set global gas cap                       cap=50,000,000
INFO [06-01|11:14:55.311] Using developer account                  address=0xf39Fd6e51aad88F6F4ce6aB8827279cffFb92266
INFO [06-01|11:14:55.351] Using pebble as the backing database
INFO [06-01|11:14:55.351] Allocated cache and file handles         database=/mnt/state_expiry_vol_data/ubt-vs-pbt-dbs/ubt/geth/chaindata cache=16.00MiB handles=262,144
INFO [06-01|11:14:55.578] Opened ancient database                  database=/mnt/state_expiry_vol_data/ubt-vs-pbt-dbs/ubt/geth/chaindata/ancient/chain readonly=true
INFO [06-01|11:14:55.578] Opened Era store                         datadir=/mnt/state_expiry_vol_data/ubt-vs-pbt-dbs/ubt/geth/chaindata/ancient/chain/era
INFO [06-01|11:14:55.585] Initializing the KZG library             backend=gokzg
INFO [06-01|11:14:55.586] Allocated trie memory caches             clean=0.00B dirty=0.00B
INFO [06-01|11:14:55.602] Using pebble as the backing database
INFO [06-01|11:14:55.602] Allocated cache and file handles         database=/mnt/state_expiry_vol_data/ubt-vs-pbt-dbs/ubt/geth/chaindata cache=16.00MiB handles=262,144
INFO [06-01|11:14:55.785] Opened ancient database                  database=/mnt/state_expiry_vol_data/ubt-vs-pbt-dbs/ubt/geth/chaindata/ancient/chain readonly=false
INFO [06-01|11:14:55.785] Opened Era store                         datadir=/mnt/state_expiry_vol_data/ubt-vs-pbt-dbs/ubt/geth/chaindata/ancient/chain/era
INFO [06-01|11:14:55.792] State scheme set to already existing     scheme=path
INFO [06-01|11:14:55.792] Initialising Ethereum protocol           network=1337 dbversion=9
INFO [06-01|11:14:55.792] Load database journal from file          path=/mnt/state_expiry_vol_data/ubt-vs-pbt-dbs/ubt/geth/triedb/verkle.journal
INFO [06-01|11:14:55.859] Opened ancient database                  database=/mnt/state_expiry_vol_data/ubt-vs-pbt-dbs/ubt/geth/chaindata/ancient/state_verkle readonly=false
INFO [06-01|11:14:55.861] State snapshot generator is not compatible
INFO [06-01|11:14:55.861] Initialized path database                triecache=0.00B statecache=0.00B buffer=0.00B state-history="last 90000 blocks" journal-dir=/mnt/state_expiry_vol_data/ubt-vs-pbt-dbs/ubt/geth/triedb verkle=true
INFO [06-01|11:14:55.861] 
INFO [06-01|11:14:55.861] ---------------------------------------------------------------------------------------------------------------------------------------------------------
INFO [06-01|11:14:55.861] Chain ID:  1337 (unknown)
INFO [06-01|11:14:55.861] Consensus: unknown
INFO [06-01|11:14:55.861] 
INFO [06-01|11:14:55.861] Pre-Merge hard forks (block based):
INFO [06-01|11:14:55.861]  - Homestead:                   #0       
INFO [06-01|11:14:55.861]  - Tangerine Whistle (EIP 150): #0       
INFO [06-01|11:14:55.861]  - Spurious Dragon/1 (EIP 155): #0       
INFO [06-01|11:14:55.861]  - Spurious Dragon/2 (EIP 158): #0       
INFO [06-01|11:14:55.861]  - Byzantium:                   #0       
INFO [06-01|11:14:55.861]  - Constantinople:              #0       
INFO [06-01|11:14:55.861]  - Petersburg:                  #0       
INFO [06-01|11:14:55.861]  - Istanbul:                    #0       
INFO [06-01|11:14:55.861]  - Berlin:                      #0       
INFO [06-01|11:14:55.861]  - London:                      #0       
INFO [06-01|11:14:55.861]  - Arrow Glacier:               #0       
INFO [06-01|11:14:55.861]  - Gray Glacier:                #0       
INFO [06-01|11:14:55.861] 
INFO [06-01|11:14:55.861] Merge configured:
INFO [06-01|11:14:55.861]  - Total terminal difficulty:  0
INFO [06-01|11:14:55.861]  - Merge netsplit block:       #0       
INFO [06-01|11:14:55.861] 
INFO [06-01|11:14:55.861] Post-Merge hard forks (timestamp based):
INFO [06-01|11:14:55.861]  - Shanghai:                    @0         
INFO [06-01|11:14:55.861]  - Cancun:                      @0          blob: (target: 3, max: 6, fraction: 3338477)
INFO [06-01|11:14:55.861]  - Prague:                      @0          blob: (target: 6, max: 9, fraction: 5007716)
INFO [06-01|11:14:55.861]  - Osaka:                       @0          blob: (target: 6, max: 9, fraction: 5007716)
INFO [06-01|11:14:55.861]  - UBT:                         @0          blob: (nil)
INFO [06-01|11:14:55.861] 
INFO [06-01|11:14:55.861] All fork specifications can be found at https://ethereum.github.io/execution-specs/src/ethereum/forks/
INFO [06-01|11:14:55.861] 
INFO [06-01|11:14:55.861] ---------------------------------------------------------------------------------------------------------------------------------------------------------
INFO [06-01|11:14:55.861] 
INFO [06-01|11:14:55.863] Loaded most recent local block           number=4620 hash=5552a2..43312c age=2s
INFO [06-01|11:14:55.863] Loaded most recent local finalized block number=4608 hash=a40be6..3e2d2a age=19s
INFO [06-01|11:14:55.864] Initialized transaction indexer          range="last 2350000 blocks"
INFO [06-01|11:14:55.864] Initialized log indexer                  firstblock=0 lastblock=4620 firstmap=0 lastmap=0 headindexed=true
INFO [06-01|11:14:55.912] Enabled full-sync                        head=4620 hash=5552a2..43312c
INFO [06-01|11:14:55.912] Unprotected transactions allowed
INFO [06-01|11:14:55.912] Gasprice oracle is ignoring threshold set threshold=2
INFO [06-01|11:14:55.913] Registered sync override service
WARN [06-01|11:14:55.913] You are running Geth in --dev mode. Please note the following:
WARN [06-01|11:14:55.913] 
WARN [06-01|11:14:55.913]   1. This mode is only intended for fast, iterative development without assumptions on
WARN [06-01|11:14:55.913]      security or persistence.
WARN [06-01|11:14:55.913]   2. The database is created in memory unless specified otherwise. Therefore, shutting down
WARN [06-01|11:14:55.913]      your computer or losing power will wipe your entire block data and chain state for
WARN [06-01|11:14:55.913]      your dev environment.
WARN [06-01|11:14:55.913]   3. A random, pre-allocated developer account will be available and unlocked as
WARN [06-01|11:14:55.913]      eth.coinbase, which can be used for testing. The random dev account is temporary,
WARN [06-01|11:14:55.913]      stored on a ramdisk, and will be lost if your machine is restarted.
WARN [06-01|11:14:55.913]   4. Mining is enabled by default. However, the client will only seal blocks if transactions
WARN [06-01|11:14:55.913]      are pending in the mempool. The miner's minimum accepted gas price is 1.
WARN [06-01|11:14:55.913]   5. Networking is disabled; there is no listen-address, the maximum number of peers is set
WARN [06-01|11:14:55.913]      to 0, and discovery is disabled.
WARN [06-01|11:14:55.913] 
INFO [06-01|11:14:55.913] Starting peer-to-peer node               instance=Geth/v1.17.3-unstable/linux-amd64/go1.24.9
WARN [06-01|11:14:55.913] P2P server will be useless, neither dialing nor listening
INFO [06-01|11:14:55.953] IPC endpoint opened                      url=/mnt/state_expiry_vol_data/ubt-vs-pbt-dbs/ubt/geth.ipc
ERROR[06-01|11:14:55.953] Unavailable modules in HTTP API list     unavailable=[personal] available="[admin debug web3 eth txpool miner net dev testing]"
INFO [06-01|11:14:55.953] New local node record                    seq=1,780,289,664,730 id=c084d8867e8cc127 ip=127.0.0.1 udp=0 tcp=0
INFO [06-01|11:14:55.953] Started P2P networking                   self=enode://ed0ccbffbfc0dc9f1b0f8e55d585ad3e61215b1974f32d9388e7ae53563e3ebe0172c21d754fa202c3a63f95bef3ff3ea24339ffdabd0115c47ec5b8d33136a9@127.0.0.1:0
INFO [06-01|11:14:55.954] HTTP server started                      endpoint=127.0.0.1:8545 auth=false prefix= cors= vhosts=localhost
INFO [06-01|11:14:55.954] WebSocket enabled                        url=ws://127.0.0.1:8546
INFO [06-01|11:14:56.306] Loaded local transaction journal         transactions=3257 dropped=0
INFO [06-01|11:14:57.251] Started log indexer
INFO [06-01|11:14:57.300] Starting work on payload                 id=0x0346521a0b11ab4d
INFO [06-01|11:14:57.303] Updated payload                          id=0x0346521a0b11ab4d number=4621 hash=c76303..0075d7 txs=0 withdrawals=0 gas=0 fees=0 root=cce57d..d665f4 elapsed=3.291ms
INFO [06-01|11:14:57.303] Stopping work on payload                 id=0x0346521a0b11ab4d reason=delivery
WARN [06-01|11:14:57.307] {"level":"warn","msg":"Slow block","block":{"number":4621,"hash":"0xc7630377aef6fd98702c7656e1f0f9426c1a673e97fd41e42b5e7d8f460075d7","gas_used":0,"tx_count":0},"timing":{"execution_ms":0.052686,"state_read_ms":3.114033,"state_hash_ms":0.001799,"commit_ms":0.181388,"total_ms":3.544593},"throughput":{"mgas_per_sec":0},"state_reads":{"accounts":4,"storage_slots":0,"code":0,"code_bytes":0},"state_writes":{"accounts":0,"accounts_deleted":0,"storage_slots":0,"storage_slots_deleted":0,"code":0,"code_bytes":0},"cache":{"account":{"hits":0,"misses":4,"hit_rate":0},"storage":{"hits":0,"misses":0,"hit_rate":0},"code":{"hits":0,"misses":0,"hit_rate":0,"hit_bytes":0,"miss_bytes":0}}}
INFO [06-01|11:14:57.307] Imported new potential chain segment     number=4621 hash=c76303..0075d7 blocks=1 txs=0 mgas=0.000 elapsed=3.864ms mgasps=0.000 triediffs=2.75MiB triedirty=0.00B
INFO [06-01|11:14:57.307] Chain head was updated                   number=4621 hash=c76303..0075d7 root=cce57d..d665f4 elapsed="69.804µs"
INFO [06-01|11:14:58.320] Starting work on payload                 id=0x033e761de869f521
INFO [06-01|11:14:58.324] Updated payload                          id=0x033e761de869f521 number=4622 hash=6801fe..e5707b txs=0 withdrawals=0 gas=0 fees=0 root=cce57d..d665f4 elapsed=3.526ms
INFO [06-01|11:14:58.324] Stopping work on payload                 id=0x033e761de869f521 reason=delivery
WARN [06-01|11:14:58.328] {"level":"warn","msg":"Slow block","block":{"number":4622,"hash":"0x6801fea674f76e58a9ade967ff372ac2b6a3470ab317b7f82330d1715de5707b","gas_used":0,"tx_count":0},"timing":{"execution_ms":0.030938,"state_read_ms":3.84659,"state_hash_ms":0.001798,"commit_ms":0.136556,"total_ms":4.221986},"throughput":{"mgas_per_sec":0},"state_reads":{"accounts":4,"storage_slots":0,"code":0,"code_bytes":0},"state_writes":{"accounts":0,"accounts_deleted":0,"storage_slots":0,"storage_slots_deleted":0,"code":0,"code_bytes":0},"cache":{"account":{"hits":0,"misses":4,"hit_rate":0},"storage":{"hits":0,"misses":0,"hit_rate":0},"code":{"hits":0,"misses":0,"hit_rate":0,"hit_bytes":0,"miss_bytes":0}}}
INFO [06-01|11:14:58.328] Imported new potential chain segment     number=4622 hash=6801fe..e5707b blocks=1 txs=0 mgas=0.000 elapsed=4.469ms    mgasps=0.000 triediffs=2.75MiB triedirty=0.00B
INFO [06-01|11:14:58.332] Chain head was updated                   number=4622 hash=6801fe..e5707b root=cce57d..d665f4 elapsed="48.872µs"
INFO [06-01|11:14:59.341] Starting work on payload                 id=0x033474e21660fce8
INFO [06-01|11:14:59.363] Updated payload                          id=0x033474e21660fce8 number=4623 hash=325650..3fac4e txs=0 withdrawals=0 gas=0 fees=0 root=cce57d..d665f4 elapsed=22.270ms
INFO [06-01|11:14:59.363] Stopping work on payload                 id=0x033474e21660fce8 reason=delivery
WARN [06-01|11:14:59.369] {"level":"warn","msg":"Slow block","block":{"number":4623,"hash":"0x3256504cce6ca2384a59b001d30db2977ddff295bc60fc057bfe4e8c873fac4e","gas_used":0,"tx_count":0},"timing":{"execution_ms":0.039956,"state_read_ms":5.17998,"state_hash_ms":0.002603,"commit_ms":0.158893,"total_ms":5.586128},"throughput":{"mgas_per_sec":0},"state_reads":{"accounts":4,"storage_slots":0,"code":0,"code_bytes":0},"state_writes":{"accounts":0,"accounts_deleted":0,"storage_slots":0,"storage_slots_deleted":0,"code":0,"code_bytes":0},"cache":{"account":{"hits":0,"misses":4,"hit_rate":0},"storage":{"hits":0,"misses":0,"hit_rate":0},"code":{"hits":0,"misses":0,"hit_rate":0,"hit_bytes":0,"miss_bytes":0}}}
INFO [06-01|11:14:59.369] Imported new potential chain segment     number=4623 hash=325650..3fac4e blocks=1 txs=0 mgas=0.000 elapsed=5.848ms    mgasps=0.000 triediffs=2.75MiB triedirty=0.00B
INFO [06-01|11:14:59.370] Chain head was updated                   number=4623 hash=325650..3fac4e root=cce57d..d665f4 elapsed="188.176µs"
INFO [06-01|11:14:59.510] Submitted contract creation              hash=0x37251c2dc8f5de4f02ea9b12a283fff34ac6ad6073e35745b5924e4a0e8493d4 from=0xf39Fd6e51aad88F6F4ce6aB8827279cffFb92266 nonce=1373 contract=0xb82A4926BCbE123Cf5b585Ac0844DC53703c62B9 value=0
INFO [06-01|11:14:59.510] Submitted transaction                    hash=0xeb4c5c569050fd2b8adb7407db2a43a92f72f309ba3e8263f3c7f7487b68fe8d from=0xf39Fd6e51aad88F6F4ce6aB8827279cffFb92266 nonce=1374 recipient=0xf95d752F89FF8820370d6cdBfEDF74578A21ceE9 value=78,000,000
INFO [06-01|11:15:00.391] Starting work on payload                 id=0x03842e1a86572567
INFO [06-01|11:15:00.446] Updated payload                          id=0x03842e1a86572567 number=4624 hash=c5b677..ed0ec0 txs=2 withdrawals=0 gas=91710 fees=5.5026e-13 root=499555..1d94f6 elapsed=54.930ms
INFO [06-01|11:15:00.446] Stopping work on payload                 id=0x03842e1a86572567 reason=delivery
INFO [06-01|11:15:00.481] Paused snapshot generation
WARN [06-01|11:15:00.482] {"level":"warn","msg":"Slow block","block":{"number":4624,"hash":"0xc5b67773b68609b09a83063c6bfa01c2ec676cd5c482c1e4add5f0f56ced0ec0","gas_used":91710,"tx_count":2},"timing":{"execution_ms":0.16094,"state_read_ms":15.969095,"state_hash_ms":13.972534,"commit_ms":5.115867,"total_ms":35.404408},"throughput":{"mgas_per_sec":2.590355415630732},"state_reads":{"accounts":11,"storage_slots":0,"code":0,"code_bytes":0},"state_writes":{"accounts":3,"accounts_deleted":0,"storage_slots":0,"storage_slots_deleted":0,"code":1,"code_bytes":305},"cache":{"account":{"hits":5,"misses":6,"hit_rate":45.45454545454545},"storage":{"hits":0,"misses":0,"hit_rate":0},"code":{"hits":0,"misses":0,"hit_rate":0,"hit_bytes":0,"miss_bytes":0}}}
INFO [06-01|11:15:00.482] Imported new potential chain segment     number=4624 hash=c5b677..ed0ec0 blocks=1 txs=2 mgas=0.092 elapsed=35.620ms    mgasps=2.575 triediffs=2.73MiB triedirty=0.00B
INFO [06-01|11:15:00.482] Chain head was updated                   number=4624 hash=c5b677..ed0ec0 root=499555..1d94f6 elapsed="160.987µs"
WARN [06-01|11:15:00.502] Snapshot generation is not permitted
INFO [06-01|11:15:00.523] Submitted transaction                    hash=0x5df4357cde7f2cc7aba1afac3f2ce890f196921d19a75789102bc641dacc3016 from=0xf95d752F89FF8820370d6cdBfEDF74578A21ceE9 nonce=0    recipient=0xb82A4926BCbE123Cf5b585Ac0844DC53703c62B9 value=0
INFO [06-01|11:15:01.509] Starting work on payload                 id=0x033111c0c89b6292
INFO [06-01|11:15:01.681] Updated payload                          id=0x033111c0c89b6292 number=4625 hash=e629ac..6bb431 txs=1 withdrawals=0 gas=5,920,754 fees=3.5524524e-11 root=40d753..d1932d elapsed=172.403ms
INFO [06-01|11:15:01.682] Stopping work on payload                 id=0x033111c0c89b6292 reason=delivery
INFO [06-01|11:15:01.748] Paused snapshot generation
WARN [06-01|11:15:01.749] {"level":"warn","msg":"Slow block","block":{"number":4625,"hash":"0xe629acc3e37ea0952a89ccc1b476f6955ddcc019c8372326ef3a91f6916bb431","gas_used":5920754,"tx_count":1},"timing":{"execution_ms":49.691002,"state_read_ms":8.951168,"state_hash_ms":6.083298,"commit_ms":1.723883,"total_ms":66.971781},"throughput":{"mgas_per_sec":88.40669774035126},"state_reads":{"accounts":107,"storage_slots":785,"code":101,"code_bytes":3105},"state_writes":{"accounts":11,"accounts_deleted":0,"storage_slots":77,"storage_slots_deleted":0,"code":0,"code_bytes":0},"cache":{"account":{"hits":81,"misses":26,"hit_rate":75.70093457943925},"storage":{"hits":207,"misses":578,"hit_rate":26.369426751592357},"code":{"hits":101,"misses":0,"hit_rate":100,"hit_bytes":3105,"miss_bytes":0}}}
INFO [06-01|11:15:01.749] Imported new potential chain segment     number=4625 hash=e629ac..6bb431 blocks=1 txs=1 mgas=5.921 elapsed=67.157ms    mgasps=88.162 triediffs=2.82MiB triedirty=0.00B
INFO [06-01|11:15:01.749] Chain head was updated                   number=4625 hash=e629ac..6bb431 root=40d753..d1932d elapsed="95.426µs"
WARN [06-01|11:15:01.780] Snapshot generation is not permitted
INFO [06-01|11:15:02.540] Submitted transaction                    hash=0xae30bbbdbd17786cab8fce269f827bc36fd600a1745f22673a73ee6ceddbb190 from=0xf95d752F89FF8820370d6cdBfEDF74578A21ceE9 nonce=1    recipient=0xf39Fd6e51aad88F6F4ce6aB8827279cffFb92266 value=778,198
INFO [06-01|11:15:02.764] Starting work on payload                 id=0x03bf8566de908535
INFO [06-01|11:15:02.770] Updated payload                          id=0x03bf8566de908535 number=4626 hash=fa7614..0d0af7 txs=1 withdrawals=0 gas=21000     fees=2.1e-14       root=ecf9be..fa597c elapsed=6.213ms
INFO [06-01|11:15:02.770] Stopping work on payload                 id=0x03bf8566de908535 reason=delivery
INFO [06-01|11:15:02.785] Paused snapshot generation
WARN [06-01|11:15:02.786] {"level":"warn","msg":"Slow block","block":{"number":4626,"hash":"0xfa761485da34cb75862b1c95182dfe1b8f652ecd92b324a5dcf13a61fd0d0af7","gas_used":21000,"tx_count":1},"timing":{"execution_ms":4.77786,"state_read_ms":7.511725,"state_hash_ms":2.426081,"commit_ms":0.612883,"total_ms":15.508731},"throughput":{"mgas_per_sec":1.354075971786473},"state_reads":{"accounts":6,"storage_slots":0,"code":0,"code_bytes":0},"state_writes":{"accounts":2,"accounts_deleted":0,"storage_slots":0,"storage_slots_deleted":0,"code":0,"code_bytes":0},"cache":{"account":{"hits":2,"misses":4,"hit_rate":33.33333333333333},"storage":{"hits":0,"misses":0,"hit_rate":0},"code":{"hits":0,"misses":0,"hit_rate":0,"hit_bytes":0,"miss_bytes":0}}}
INFO [06-01|11:15:02.786] Imported new potential chain segment     number=4626 hash=fa7614..0d0af7 blocks=1 txs=1 mgas=0.021 elapsed=15.662ms    mgasps=1.341  triediffs=2.82MiB triedirty=0.00B
INFO [06-01|11:15:02.786] Chain head was updated                   number=4626 hash=fa7614..0d0af7 root=ecf9be..fa597c elapsed="48.117µs"
WARN [06-01|11:15:02.807] Snapshot generation is not permitted
INFO [06-01|11:15:03.790] Starting work on payload                 id=0x03b2562c74846cb2
INFO [06-01|11:15:03.793] Updated payload                          id=0x03b2562c74846cb2 number=4627 hash=c195ad..8df92b txs=0 withdrawals=0 gas=0         fees=0             root=ecf9be..fa597c elapsed=3.092ms
INFO [06-01|11:15:03.793] Stopping work on payload                 id=0x03b2562c74846cb2 reason=delivery
WARN [06-01|11:15:03.796] {"level":"warn","msg":"Slow block","block":{"number":4627,"hash":"0xc195ad86f55ffcdbd6e2ab67f75be64b09d7170b11a573c44432eb3a5a8df92b","gas_used":0,"tx_count":0},"timing":{"execution_ms":0.025268,"state_read_ms":2.743146,"state_hash_ms":0.00135,"commit_ms":0.148898,"total_ms":3.149105},"throughput":{"mgas_per_sec":0},"state_reads":{"accounts":4,"storage_slots":0,"code":0,"code_bytes":0},"state_writes":{"accounts":0,"accounts_deleted":0,"storage_slots":0,"storage_slots_deleted":0,"code":0,"code_bytes":0},"cache":{"account":{"hits":0,"misses":4,"hit_rate":0},"storage":{"hits":0,"misses":0,"hit_rate":0},"code":{"hits":0,"misses":0,"hit_rate":0,"hit_bytes":0,"miss_bytes":0}}}
INFO [06-01|11:15:03.797] Imported new potential chain segment     number=4627 hash=c195ad..8df92b blocks=1 txs=0 mgas=0.000 elapsed=3.270ms     mgasps=0.000  triediffs=2.82MiB triedirty=0.00B
INFO [06-01|11:15:03.797] Chain head was updated                   number=4627 hash=c195ad..8df92b root=ecf9be..fa597c elapsed="52.165µs"
