WARN [06-01|10:47:33.152] Unknown config environment variable      envvar=GETH_PBT_BIN
WARN [06-01|10:47:33.152] Unknown config environment variable      envvar=GETH_UBT_BIN
INFO [06-01|10:47:33.166] Starting Geth on Ethereum mainnet...
INFO [06-01|10:47:33.167] Maximum peer count                       ETH=0 total=0
INFO [06-01|10:47:33.168] Smartcard socket not found, disabling    err="stat /run/pcscd/pcscd.comm: no such file or directory"
WARN [06-01|10:47:33.171] Option --miner.etherbase is deprecated as the etherbase is set by the consensus client post-merge
WARN [06-01|10:47:33.173] Snap sync requested, resetting --cache.snapshot
INFO [06-01|10:47:33.173] Set global gas cap                       cap=50,000,000
INFO [06-01|10:47:33.979] Using developer account                  address=0xf39Fd6e51aad88F6F4ce6aB8827279cffFb92266
INFO [06-01|10:47:34.026] Using pebble as the backing database
INFO [06-01|10:47:34.026] Allocated cache and file handles         database=/mnt/state_expiry_vol_data/ubt-vs-pbt-dbs/ubt/geth/chaindata cache=16.00MiB handles=262,144
INFO [06-01|10:47:34.255] Opened ancient database                  database=/mnt/state_expiry_vol_data/ubt-vs-pbt-dbs/ubt/geth/chaindata/ancient/chain readonly=true
INFO [06-01|10:47:34.255] Opened Era store                         datadir=/mnt/state_expiry_vol_data/ubt-vs-pbt-dbs/ubt/geth/chaindata/ancient/chain/era
INFO [06-01|10:47:34.263] Initializing the KZG library             backend=gokzg
INFO [06-01|10:47:34.265] Allocated trie memory caches             clean=0.00B dirty=0.00B
INFO [06-01|10:47:34.273] Using pebble as the backing database
INFO [06-01|10:47:34.273] Allocated cache and file handles         database=/mnt/state_expiry_vol_data/ubt-vs-pbt-dbs/ubt/geth/chaindata cache=16.00MiB handles=262,144
INFO [06-01|10:47:34.471] Opened ancient database                  database=/mnt/state_expiry_vol_data/ubt-vs-pbt-dbs/ubt/geth/chaindata/ancient/chain readonly=false
INFO [06-01|10:47:34.471] Opened Era store                         datadir=/mnt/state_expiry_vol_data/ubt-vs-pbt-dbs/ubt/geth/chaindata/ancient/chain/era
INFO [06-01|10:47:34.478] State scheme set to already existing     scheme=path
INFO [06-01|10:47:34.480] Initialising Ethereum protocol           network=1337 dbversion=9
INFO [06-01|10:47:34.481] Load database journal from file          path=/mnt/state_expiry_vol_data/ubt-vs-pbt-dbs/ubt/geth/triedb/verkle.journal
INFO [06-01|10:47:34.560] Opened ancient database                  database=/mnt/state_expiry_vol_data/ubt-vs-pbt-dbs/ubt/geth/chaindata/ancient/state_verkle readonly=false
INFO [06-01|10:47:34.563] State snapshot generator is not compatible
INFO [06-01|10:47:34.563] Initialized path database                triecache=0.00B statecache=0.00B buffer=0.00B state-history="last 90000 blocks" journal-dir=/mnt/state_expiry_vol_data/ubt-vs-pbt-dbs/ubt/geth/triedb verkle=true
INFO [06-01|10:47:34.563] 
INFO [06-01|10:47:34.563] ---------------------------------------------------------------------------------------------------------------------------------------------------------
INFO [06-01|10:47:34.563] Chain ID:  1337 (unknown)
INFO [06-01|10:47:34.563] Consensus: unknown
INFO [06-01|10:47:34.563] 
INFO [06-01|10:47:34.563] Pre-Merge hard forks (block based):
INFO [06-01|10:47:34.563]  - Homestead:                   #0       
INFO [06-01|10:47:34.563]  - Tangerine Whistle (EIP 150): #0       
INFO [06-01|10:47:34.563]  - Spurious Dragon/1 (EIP 155): #0       
INFO [06-01|10:47:34.563]  - Spurious Dragon/2 (EIP 158): #0       
INFO [06-01|10:47:34.563]  - Byzantium:                   #0       
INFO [06-01|10:47:34.563]  - Constantinople:              #0       
INFO [06-01|10:47:34.563]  - Petersburg:                  #0       
INFO [06-01|10:47:34.563]  - Istanbul:                    #0       
INFO [06-01|10:47:34.563]  - Berlin:                      #0       
INFO [06-01|10:47:34.563]  - London:                      #0       
INFO [06-01|10:47:34.563]  - Arrow Glacier:               #0       
INFO [06-01|10:47:34.563]  - Gray Glacier:                #0       
INFO [06-01|10:47:34.563] 
INFO [06-01|10:47:34.563] Merge configured:
INFO [06-01|10:47:34.563]  - Total terminal difficulty:  0
INFO [06-01|10:47:34.563]  - Merge netsplit block:       #0       
INFO [06-01|10:47:34.563] 
INFO [06-01|10:47:34.563] Post-Merge hard forks (timestamp based):
INFO [06-01|10:47:34.563]  - Shanghai:                    @0         
INFO [06-01|10:47:34.563]  - Cancun:                      @0          blob: (target: 3, max: 6, fraction: 3338477)
INFO [06-01|10:47:34.563]  - Prague:                      @0          blob: (target: 6, max: 9, fraction: 5007716)
INFO [06-01|10:47:34.563]  - Osaka:                       @0          blob: (target: 6, max: 9, fraction: 5007716)
INFO [06-01|10:47:34.563]  - UBT:                         @0          blob: (nil)
INFO [06-01|10:47:34.563] 
INFO [06-01|10:47:34.563] All fork specifications can be found at https://ethereum.github.io/execution-specs/src/ethereum/forks/
INFO [06-01|10:47:34.563] 
INFO [06-01|10:47:34.563] ---------------------------------------------------------------------------------------------------------------------------------------------------------
INFO [06-01|10:47:34.563] 
INFO [06-01|10:47:34.563] Loaded most recent local block           number=3621 hash=327f5e..eeb5bd age=3s
INFO [06-01|10:47:34.563] Loaded most recent local finalized block number=3616 hash=7f62bd..d336e3 age=8s
INFO [06-01|10:47:34.564] Initialized transaction indexer          range="last 2350000 blocks"
INFO [06-01|10:47:34.564] Initialized log indexer                  firstblock=0 lastblock=3621 firstmap=0 lastmap=0 headindexed=true
INFO [06-01|10:47:34.617] Enabled full-sync                        head=3621 hash=327f5e..eeb5bd
INFO [06-01|10:47:34.618] Unprotected transactions allowed
INFO [06-01|10:47:34.618] Gasprice oracle is ignoring threshold set threshold=2
INFO [06-01|10:47:34.618] Registered sync override service
WARN [06-01|10:47:34.618] You are running Geth in --dev mode. Please note the following:
WARN [06-01|10:47:34.618] 
WARN [06-01|10:47:34.618]   1. This mode is only intended for fast, iterative development without assumptions on
WARN [06-01|10:47:34.618]      security or persistence.
WARN [06-01|10:47:34.618]   2. The database is created in memory unless specified otherwise. Therefore, shutting down
WARN [06-01|10:47:34.618]      your computer or losing power will wipe your entire block data and chain state for
WARN [06-01|10:47:34.618]      your dev environment.
WARN [06-01|10:47:34.618]   3. A random, pre-allocated developer account will be available and unlocked as
WARN [06-01|10:47:34.618]      eth.coinbase, which can be used for testing. The random dev account is temporary,
WARN [06-01|10:47:34.618]      stored on a ramdisk, and will be lost if your machine is restarted.
WARN [06-01|10:47:34.618]   4. Mining is enabled by default. However, the client will only seal blocks if transactions
WARN [06-01|10:47:34.618]      are pending in the mempool. The miner's minimum accepted gas price is 1.
WARN [06-01|10:47:34.618]   5. Networking is disabled; there is no listen-address, the maximum number of peers is set
WARN [06-01|10:47:34.618]      to 0, and discovery is disabled.
WARN [06-01|10:47:34.618] 
INFO [06-01|10:47:34.618] Starting peer-to-peer node               instance=Geth/v1.17.3-unstable/linux-amd64/go1.24.9
WARN [06-01|10:47:34.618] P2P server will be useless, neither dialing nor listening
INFO [06-01|10:47:34.658] IPC endpoint opened                      url=/mnt/state_expiry_vol_data/ubt-vs-pbt-dbs/ubt/geth.ipc
ERROR[06-01|10:47:34.658] Unavailable modules in HTTP API list     unavailable=[personal] available="[admin debug web3 eth txpool miner net dev testing]"
INFO [06-01|10:47:34.658] New local node record                    seq=1,780,289,664,572 id=c084d8867e8cc127 ip=127.0.0.1 udp=0 tcp=0
INFO [06-01|10:47:34.658] Started P2P networking                   self=enode://ed0ccbffbfc0dc9f1b0f8e55d585ad3e61215b1974f32d9388e7ae53563e3ebe0172c21d754fa202c3a63f95bef3ff3ea24339ffdabd0115c47ec5b8d33136a9@127.0.0.1:0
INFO [06-01|10:47:34.659] HTTP server started                      endpoint=127.0.0.1:8545 auth=false prefix= cors= vhosts=localhost
INFO [06-01|10:47:34.659] WebSocket enabled                        url=ws://127.0.0.1:8546
INFO [06-01|10:47:34.934] Loaded local transaction journal         transactions=2625 dropped=0
INFO [06-01|10:47:36.001] Started log indexer
INFO [06-01|10:47:36.036] Starting work on payload                 id=0x0339ccd9723c9bc6
INFO [06-01|10:47:36.040] Updated payload                          id=0x0339ccd9723c9bc6 number=3622 hash=34350f..5f2726 txs=0 withdrawals=0 gas=0 fees=0 root=9bae38..41616c elapsed=4.021ms
INFO [06-01|10:47:36.042] Stopping work on payload                 id=0x0339ccd9723c9bc6 reason=delivery
WARN [06-01|10:47:36.047] {"level":"warn","msg":"Slow block","block":{"number":3622,"hash":"0x34350f53a2393d6a849ae0539f06dc35a2b9e694c1e171fe5bd27d33e05f2726","gas_used":0,"tx_count":0},"timing":{"execution_ms":0.066946,"state_read_ms":5.169122,"state_hash_ms":0.003197,"commit_ms":0.278731,"total_ms":5.780271},"throughput":{"mgas_per_sec":0},"state_reads":{"accounts":4,"storage_slots":0,"code":0,"code_bytes":0},"state_writes":{"accounts":0,"accounts_deleted":0,"storage_slots":0,"storage_slots_deleted":0,"code":0,"code_bytes":0},"cache":{"account":{"hits":0,"misses":4,"hit_rate":0},"storage":{"hits":0,"misses":0,"hit_rate":0},"code":{"hits":0,"misses":0,"hit_rate":0,"hit_bytes":0,"miss_bytes":0}}}
INFO [06-01|10:47:36.047] Imported new potential chain segment     number=3622 hash=34350f..5f2726 blocks=1 txs=0 mgas=0.000 elapsed=6.288ms mgasps=0.000 triediffs=1.36MiB triedirty=0.00B
INFO [06-01|10:47:36.047] Chain head was updated                   number=3622 hash=34350f..5f2726 root=9bae38..41616c elapsed="68.233µs"
INFO [06-01|10:47:37.057] Starting work on payload                 id=0x0370c17bcad31b42
INFO [06-01|10:47:37.062] Updated payload                          id=0x0370c17bcad31b42 number=3623 hash=8b5ec8..cf783c txs=0 withdrawals=0 gas=0 fees=0 root=9bae38..41616c elapsed=5.133ms
INFO [06-01|10:47:37.062] Stopping work on payload                 id=0x0370c17bcad31b42 reason=delivery
WARN [06-01|10:47:37.066] {"level":"warn","msg":"Slow block","block":{"number":3623,"hash":"0x8b5ec82f5a553b6c58fa014486ee5821513a0e92742c3e8eed904291f8cf783c","gas_used":0,"tx_count":0},"timing":{"execution_ms":0.065415,"state_read_ms":3.359611,"state_hash_ms":0.001631,"commit_ms":0.099753,"total_ms":3.776658},"throughput":{"mgas_per_sec":0},"state_reads":{"accounts":4,"storage_slots":0,"code":0,"code_bytes":0},"state_writes":{"accounts":0,"accounts_deleted":0,"storage_slots":0,"storage_slots_deleted":0,"code":0,"code_bytes":0},"cache":{"account":{"hits":0,"misses":4,"hit_rate":0},"storage":{"hits":0,"misses":0,"hit_rate":0},"code":{"hits":0,"misses":0,"hit_rate":0,"hit_bytes":0,"miss_bytes":0}}}
INFO [06-01|10:47:37.066] Imported new potential chain segment     number=3623 hash=8b5ec8..cf783c blocks=1 txs=0 mgas=0.000 elapsed=4.065ms    mgasps=0.000 triediffs=1.36MiB triedirty=0.00B
INFO [06-01|10:47:37.066] Chain head was updated                   number=3623 hash=8b5ec8..cf783c root=9bae38..41616c elapsed="31.048µs"
INFO [06-01|10:47:38.071] Starting work on payload                 id=0x031a3a5337d66f24
INFO [06-01|10:47:38.089] Updated payload                          id=0x031a3a5337d66f24 number=3624 hash=b4d672..7eec2b txs=0 withdrawals=0 gas=0 fees=0 root=9bae38..41616c elapsed=18.038ms
INFO [06-01|10:47:38.089] Stopping work on payload                 id=0x031a3a5337d66f24 reason=delivery
WARN [06-01|10:47:38.110] {"level":"warn","msg":"Slow block","block":{"number":3624,"hash":"0xb4d672d68cf33ea1fc2151bfa5500429dee74cbe64bf009b4153c5b3387eec2b","gas_used":0,"tx_count":0},"timing":{"execution_ms":0.058769,"state_read_ms":19.908964,"state_hash_ms":0.002004,"commit_ms":0.095885,"total_ms":20.577299},"throughput":{"mgas_per_sec":0},"state_reads":{"accounts":4,"storage_slots":0,"code":0,"code_bytes":0},"state_writes":{"accounts":0,"accounts_deleted":0,"storage_slots":0,"storage_slots_deleted":0,"code":0,"code_bytes":0},"cache":{"account":{"hits":0,"misses":4,"hit_rate":0},"storage":{"hits":0,"misses":0,"hit_rate":0},"code":{"hits":0,"misses":0,"hit_rate":0,"hit_bytes":0,"miss_bytes":0}}}
INFO [06-01|10:47:38.110] Imported new potential chain segment     number=3624 hash=b4d672..7eec2b blocks=1 txs=0 mgas=0.000 elapsed=20.757ms   mgasps=0.000 triediffs=1.36MiB triedirty=0.00B
INFO [06-01|10:47:38.110] Chain head was updated                   number=3624 hash=b4d672..7eec2b root=9bae38..41616c elapsed="51.268µs"
INFO [06-01|10:47:38.189] Submitted contract creation              hash=0xbe494139a1dab9c7b035f14089ff46c97f4ace127999ecd6e6681a5bcf067f30 from=0xf39Fd6e51aad88F6F4ce6aB8827279cffFb92266 nonce=1057 contract=0x76a5A3a1eC8AA32d7Fc7BD7D4Cd9c779a59Ef881 value=0
INFO [06-01|10:47:38.189] Submitted transaction                    hash=0x819f42977711d47c0a2a23ae041bd770a425a86fdf2d563ed35bd5fcb214c4c7 from=0xf39Fd6e51aad88F6F4ce6aB8827279cffFb92266 nonce=1058 recipient=0xfE8fb4F53736E7e29f6Fd52A0BCD0Ac02d7823B1 value=78,000,000
INFO [06-01|10:47:39.128] Starting work on payload                 id=0x03425d231284c5b3
INFO [06-01|10:47:39.172] Updated payload                          id=0x03425d231284c5b3 number=3625 hash=74b90a..d5919f txs=2 withdrawals=0 gas=86852 fees=5.21112e-13 root=681eb4..730ea8 elapsed=44.064ms
INFO [06-01|10:47:39.172] Stopping work on payload                 id=0x03425d231284c5b3 reason=delivery
INFO [06-01|10:47:39.207] Paused snapshot generation
WARN [06-01|10:47:39.207] {"level":"warn","msg":"Slow block","block":{"number":3625,"hash":"0x74b90ab83aee2ee47c4f077cea2071a0b25e16af0f3ccf531ac2b1b020d5919f","gas_used":86852,"tx_count":2},"timing":{"execution_ms":0.153237,"state_read_ms":16.134232,"state_hash_ms":13.893019,"commit_ms":4.573139,"total_ms":34.96391},"throughput":{"mgas_per_sec":2.4840471217320945},"state_reads":{"accounts":11,"storage_slots":0,"code":0,"code_bytes":0},"state_writes":{"accounts":3,"accounts_deleted":0,"storage_slots":0,"storage_slots_deleted":0,"code":1,"code_bytes":157},"cache":{"account":{"hits":5,"misses":6,"hit_rate":45.45454545454545},"storage":{"hits":0,"misses":0,"hit_rate":0},"code":{"hits":0,"misses":0,"hit_rate":0,"hit_bytes":0,"miss_bytes":0}}}
INFO [06-01|10:47:39.207] Imported new potential chain segment     number=3625 hash=74b90a..d5919f blocks=1 txs=2 mgas=0.087 elapsed=35.131ms   mgasps=2.472 triediffs=1.36MiB triedirty=0.00B
INFO [06-01|10:47:39.207] Chain head was updated                   number=3625 hash=74b90a..d5919f root=681eb4..730ea8 elapsed="188.745µs"
WARN [06-01|10:47:39.227] Snapshot generation is not permitted
INFO [06-01|10:47:40.204] Submitted transaction                    hash=0xe9313a044ec8edc9e3ac0722c146e1995218133a416fc11b309c39548904b3bd from=0xfE8fb4F53736E7e29f6Fd52A0BCD0Ac02d7823B1 nonce=0    recipient=0x76a5A3a1eC8AA32d7Fc7BD7D4Cd9c779a59Ef881 value=0
INFO [06-01|10:47:40.226] Starting work on payload                 id=0x0333bb45b9a290d8
INFO [06-01|10:47:40.409] Updated payload                          id=0x0333bb45b9a290d8 number=3626 hash=cd0987..d9860d txs=1 withdrawals=0 gas=5,900,240 fees=3.540144e-11 root=7e9ce0..1774dd elapsed=182.978ms
INFO [06-01|10:47:40.409] Stopping work on payload                 id=0x0333bb45b9a290d8 reason=delivery
INFO [06-01|10:47:40.520] Paused snapshot generation
WARN [06-01|10:47:40.521] {"level":"warn","msg":"Slow block","block":{"number":3626,"hash":"0xcd09879d17d02bc1ff97951f72ad5fde4b8cf67118c7edfbe66ae9fe5ed9860d","gas_used":5900240,"tx_count":1},"timing":{"execution_ms":100.298779,"state_read_ms":6.728526,"state_hash_ms":3.561526,"commit_ms":0.804465,"total_ms":111.639567},"throughput":{"mgas_per_sec":52.8507961697845},"state_reads":{"accounts":107,"storage_slots":258,"code":101,"code_bytes":2957},"state_writes":{"accounts":2,"accounts_deleted":0,"storage_slots":0,"storage_slots_deleted":0,"code":0,"code_bytes":0},"cache":{"account":{"hits":29,"misses":78,"hit_rate":27.102803738317753},"storage":{"hits":60,"misses":198,"hit_rate":23.25581395348837},"code":{"hits":101,"misses":0,"hit_rate":100,"hit_bytes":2957,"miss_bytes":0}}}
INFO [06-01|10:47:40.521] Imported new potential chain segment     number=3626 hash=cd0987..d9860d blocks=1 txs=1 mgas=5.900 elapsed=111.859ms   mgasps=52.747 triediffs=1.36MiB triedirty=0.00B
INFO [06-01|10:47:40.521] Chain head was updated                   number=3626 hash=cd0987..d9860d root=7e9ce0..1774dd elapsed="133.761µs"
WARN [06-01|10:47:40.560] Snapshot generation is not permitted
INFO [06-01|10:47:41.221] Submitted transaction                    hash=0x739c60f4158dba44b1ca842f24861615153bee55b7119667cc97112327050405 from=0xfE8fb4F53736E7e29f6Fd52A0BCD0Ac02d7823B1 nonce=1    recipient=0xf39Fd6e51aad88F6F4ce6aB8827279cffFb92266 value=1,044,880
INFO [06-01|10:47:41.529] Starting work on payload                 id=0x03e7b947686df1c3
INFO [06-01|10:47:41.545] Updated payload                          id=0x03e7b947686df1c3 number=3627 hash=8a6939..8aa3ff txs=1 withdrawals=0 gas=21000     fees=2.1e-14      root=ecc120..9dc68c elapsed=15.916ms
INFO [06-01|10:47:41.545] Stopping work on payload                 id=0x03e7b947686df1c3 reason=delivery
INFO [06-01|10:47:41.552] Paused snapshot generation
WARN [06-01|10:47:41.553] {"level":"warn","msg":"Slow block","block":{"number":3627,"hash":"0x8a693939d9288318f988967b754ee0ef963e9dc6f7ce44c6041f42bbe08aa3ff","gas_used":21000,"tx_count":1},"timing":{"execution_ms":0.071107,"state_read_ms":3.20797,"state_hash_ms":3.081778,"commit_ms":0.716097,"total_ms":7.230233},"throughput":{"mgas_per_sec":2.9044707134611016},"state_reads":{"accounts":6,"storage_slots":0,"code":0,"code_bytes":0},"state_writes":{"accounts":2,"accounts_deleted":0,"storage_slots":0,"storage_slots_deleted":0,"code":0,"code_bytes":0},"cache":{"account":{"hits":2,"misses":4,"hit_rate":33.33333333333333},"storage":{"hits":0,"misses":0,"hit_rate":0},"code":{"hits":0,"misses":0,"hit_rate":0,"hit_bytes":0,"miss_bytes":0}}}
INFO [06-01|10:47:41.553] Imported new potential chain segment     number=3627 hash=8a6939..8aa3ff blocks=1 txs=1 mgas=0.021 elapsed=7.463ms     mgasps=2.814  triediffs=1.36MiB triedirty=0.00B
INFO [06-01|10:47:41.553] Chain head was updated                   number=3627 hash=8a6939..8aa3ff root=ecc120..9dc68c elapsed="53.387µs"
WARN [06-01|10:47:41.576] Snapshot generation is not permitted
INFO [06-01|10:47:42.586] Starting work on payload                 id=0x031eb0adebe9de04
INFO [06-01|10:47:42.590] Updated payload                          id=0x031eb0adebe9de04 number=3628 hash=07bd92..5519b0 txs=0 withdrawals=0 gas=0         fees=0            root=ecc120..9dc68c elapsed=3.768ms
INFO [06-01|10:47:42.591] Stopping work on payload                 id=0x031eb0adebe9de04 reason=delivery
WARN [06-01|10:47:42.595] {"level":"warn","msg":"Slow block","block":{"number":3628,"hash":"0x07bd92e440c90161d63c934b2a8734fd607a2e122cf47fac8d3dbf90f35519b0","gas_used":0,"tx_count":0},"timing":{"execution_ms":0.041513,"state_read_ms":3.703314,"state_hash_ms":0.003083,"commit_ms":0.180051,"total_ms":4.176285},"throughput":{"mgas_per_sec":0},"state_reads":{"accounts":4,"storage_slots":0,"code":0,"code_bytes":0},"state_writes":{"accounts":0,"accounts_deleted":0,"storage_slots":0,"storage_slots_deleted":0,"code":0,"code_bytes":0},"cache":{"account":{"hits":0,"misses":4,"hit_rate":0},"storage":{"hits":0,"misses":0,"hit_rate":0},"code":{"hits":0,"misses":0,"hit_rate":0,"hit_bytes":0,"miss_bytes":0}}}
INFO [06-01|10:47:42.595] Imported new potential chain segment     number=3628 hash=07bd92..5519b0 blocks=1 txs=0 mgas=0.000 elapsed=4.356ms     mgasps=0.000  triediffs=1.36MiB triedirty=0.00B
INFO [06-01|10:47:42.596] Chain head was updated                   number=3628 hash=07bd92..5519b0 root=ecc120..9dc68c elapsed="55.318µs"
