WARN [06-01|10:49:30.544] Unknown config environment variable      envvar=GETH_PBT_BIN
WARN [06-01|10:49:30.544] Unknown config environment variable      envvar=GETH_UBT_BIN
INFO [06-01|10:49:30.554] Starting Geth on Ethereum mainnet...
INFO [06-01|10:49:30.556] Maximum peer count                       ETH=0 total=0
INFO [06-01|10:49:30.557] Smartcard socket not found, disabling    err="stat /run/pcscd/pcscd.comm: no such file or directory"
WARN [06-01|10:49:30.559] Option --miner.etherbase is deprecated as the etherbase is set by the consensus client post-merge
WARN [06-01|10:49:30.561] Snap sync requested, resetting --cache.snapshot
INFO [06-01|10:49:30.561] Set global gas cap                       cap=50,000,000
INFO [06-01|10:49:31.356] Using developer account                  address=0xf39Fd6e51aad88F6F4ce6aB8827279cffFb92266
INFO [06-01|10:49:31.399] Using pebble as the backing database
INFO [06-01|10:49:31.399] Allocated cache and file handles         database=/mnt/state_expiry_vol_data/ubt-vs-pbt-dbs/ubt/geth/chaindata cache=16.00MiB handles=262,144
INFO [06-01|10:49:31.637] Opened ancient database                  database=/mnt/state_expiry_vol_data/ubt-vs-pbt-dbs/ubt/geth/chaindata/ancient/chain readonly=true
INFO [06-01|10:49:31.637] Opened Era store                         datadir=/mnt/state_expiry_vol_data/ubt-vs-pbt-dbs/ubt/geth/chaindata/ancient/chain/era
INFO [06-01|10:49:31.644] Initializing the KZG library             backend=gokzg
INFO [06-01|10:49:31.646] Allocated trie memory caches             clean=0.00B dirty=0.00B
INFO [06-01|10:49:31.656] Using pebble as the backing database
INFO [06-01|10:49:31.656] Allocated cache and file handles         database=/mnt/state_expiry_vol_data/ubt-vs-pbt-dbs/ubt/geth/chaindata cache=16.00MiB handles=262,144
INFO [06-01|10:49:31.850] Opened ancient database                  database=/mnt/state_expiry_vol_data/ubt-vs-pbt-dbs/ubt/geth/chaindata/ancient/chain readonly=false
INFO [06-01|10:49:31.850] Opened Era store                         datadir=/mnt/state_expiry_vol_data/ubt-vs-pbt-dbs/ubt/geth/chaindata/ancient/chain/era
INFO [06-01|10:49:31.855] State scheme set to already existing     scheme=path
INFO [06-01|10:49:31.856] Initialising Ethereum protocol           network=1337 dbversion=9
INFO [06-01|10:49:31.856] Load database journal from file          path=/mnt/state_expiry_vol_data/ubt-vs-pbt-dbs/ubt/geth/triedb/verkle.journal
INFO [06-01|10:49:31.915] Opened ancient database                  database=/mnt/state_expiry_vol_data/ubt-vs-pbt-dbs/ubt/geth/chaindata/ancient/state_verkle readonly=false
INFO [06-01|10:49:31.917] State snapshot generator is not compatible
INFO [06-01|10:49:31.918] Initialized path database                triecache=0.00B statecache=0.00B buffer=0.00B state-history="last 90000 blocks" journal-dir=/mnt/state_expiry_vol_data/ubt-vs-pbt-dbs/ubt/geth/triedb verkle=true
INFO [06-01|10:49:31.918] 
INFO [06-01|10:49:31.918] ---------------------------------------------------------------------------------------------------------------------------------------------------------
INFO [06-01|10:49:31.918] Chain ID:  1337 (unknown)
INFO [06-01|10:49:31.918] Consensus: unknown
INFO [06-01|10:49:31.918] 
INFO [06-01|10:49:31.918] Pre-Merge hard forks (block based):
INFO [06-01|10:49:31.918]  - Homestead:                   #0       
INFO [06-01|10:49:31.918]  - Tangerine Whistle (EIP 150): #0       
INFO [06-01|10:49:31.918]  - Spurious Dragon/1 (EIP 155): #0       
INFO [06-01|10:49:31.918]  - Spurious Dragon/2 (EIP 158): #0       
INFO [06-01|10:49:31.918]  - Byzantium:                   #0       
INFO [06-01|10:49:31.918]  - Constantinople:              #0       
INFO [06-01|10:49:31.918]  - Petersburg:                  #0       
INFO [06-01|10:49:31.918]  - Istanbul:                    #0       
INFO [06-01|10:49:31.918]  - Berlin:                      #0       
INFO [06-01|10:49:31.918]  - London:                      #0       
INFO [06-01|10:49:31.918]  - Arrow Glacier:               #0       
INFO [06-01|10:49:31.918]  - Gray Glacier:                #0       
INFO [06-01|10:49:31.918] 
INFO [06-01|10:49:31.918] Merge configured:
INFO [06-01|10:49:31.918]  - Total terminal difficulty:  0
INFO [06-01|10:49:31.918]  - Merge netsplit block:       #0       
INFO [06-01|10:49:31.918] 
INFO [06-01|10:49:31.918] Post-Merge hard forks (timestamp based):
INFO [06-01|10:49:31.918]  - Shanghai:                    @0         
INFO [06-01|10:49:31.918]  - Cancun:                      @0          blob: (target: 3, max: 6, fraction: 3338477)
INFO [06-01|10:49:31.918]  - Prague:                      @0          blob: (target: 6, max: 9, fraction: 5007716)
INFO [06-01|10:49:31.918]  - Osaka:                       @0          blob: (target: 6, max: 9, fraction: 5007716)
INFO [06-01|10:49:31.918]  - UBT:                         @0          blob: (nil)
INFO [06-01|10:49:31.918] 
INFO [06-01|10:49:31.918] All fork specifications can be found at https://ethereum.github.io/execution-specs/src/ethereum/forks/
INFO [06-01|10:49:31.918] 
INFO [06-01|10:49:31.918] ---------------------------------------------------------------------------------------------------------------------------------------------------------
INFO [06-01|10:49:31.918] 
INFO [06-01|10:49:31.920] Loaded most recent local block           number=3696 hash=25b818..e9439f age=3s
INFO [06-01|10:49:31.920] Loaded most recent local finalized block number=3680 hash=f679af..641c8a age=27s
INFO [06-01|10:49:31.921] Initialized transaction indexer          range="last 2350000 blocks"
INFO [06-01|10:49:31.922] Initialized log indexer                  firstblock=0 lastblock=3696 firstmap=0 lastmap=0 headindexed=true
INFO [06-01|10:49:31.978] Enabled full-sync                        head=3696 hash=25b818..e9439f
INFO [06-01|10:49:31.978] Unprotected transactions allowed
INFO [06-01|10:49:31.978] Gasprice oracle is ignoring threshold set threshold=2
INFO [06-01|10:49:31.979] Registered sync override service
WARN [06-01|10:49:31.979] You are running Geth in --dev mode. Please note the following:
WARN [06-01|10:49:31.979] 
WARN [06-01|10:49:31.979]   1. This mode is only intended for fast, iterative development without assumptions on
WARN [06-01|10:49:31.979]      security or persistence.
WARN [06-01|10:49:31.979]   2. The database is created in memory unless specified otherwise. Therefore, shutting down
WARN [06-01|10:49:31.979]      your computer or losing power will wipe your entire block data and chain state for
WARN [06-01|10:49:31.979]      your dev environment.
WARN [06-01|10:49:31.979]   3. A random, pre-allocated developer account will be available and unlocked as
WARN [06-01|10:49:31.979]      eth.coinbase, which can be used for testing. The random dev account is temporary,
WARN [06-01|10:49:31.979]      stored on a ramdisk, and will be lost if your machine is restarted.
WARN [06-01|10:49:31.979]   4. Mining is enabled by default. However, the client will only seal blocks if transactions
WARN [06-01|10:49:31.979]      are pending in the mempool. The miner's minimum accepted gas price is 1.
WARN [06-01|10:49:31.979]   5. Networking is disabled; there is no listen-address, the maximum number of peers is set
WARN [06-01|10:49:31.979]      to 0, and discovery is disabled.
WARN [06-01|10:49:31.979] 
INFO [06-01|10:49:31.979] Starting peer-to-peer node               instance=Geth/v1.17.3-unstable/linux-amd64/go1.24.9
WARN [06-01|10:49:31.979] P2P server will be useless, neither dialing nor listening
INFO [06-01|10:49:32.017] IPC endpoint opened                      url=/mnt/state_expiry_vol_data/ubt-vs-pbt-dbs/ubt/geth.ipc
ERROR[06-01|10:49:32.017] Unavailable modules in HTTP API list     unavailable=[personal] available="[admin debug web3 eth txpool miner net dev testing]"
INFO [06-01|10:49:32.018] New local node record                    seq=1,780,289,664,583 id=c084d8867e8cc127 ip=127.0.0.1 udp=0 tcp=0
INFO [06-01|10:49:32.018] Started P2P networking                   self=enode://ed0ccbffbfc0dc9f1b0f8e55d585ad3e61215b1974f32d9388e7ae53563e3ebe0172c21d754fa202c3a63f95bef3ff3ea24339ffdabd0115c47ec5b8d33136a9@127.0.0.1:0
INFO [06-01|10:49:32.018] HTTP server started                      endpoint=127.0.0.1:8545 auth=false prefix= cors= vhosts=localhost
INFO [06-01|10:49:32.018] WebSocket enabled                        url=ws://127.0.0.1:8546
INFO [06-01|10:49:32.316] Loaded local transaction journal         transactions=2669 dropped=0
INFO [06-01|10:49:33.310] Started log indexer
INFO [06-01|10:49:33.353] Starting work on payload                 id=0x030b697b6cd77bde
INFO [06-01|10:49:33.360] Updated payload                          id=0x030b697b6cd77bde number=3697 hash=7a1c21..3cfe7d txs=0 withdrawals=0 gas=0 fees=0 root=23f9f4..e08bca elapsed=7.437ms
INFO [06-01|10:49:33.361] Stopping work on payload                 id=0x030b697b6cd77bde reason=delivery
WARN [06-01|10:49:33.365] {"level":"warn","msg":"Slow block","block":{"number":3697,"hash":"0x7a1c21f08ed5bb59ddc50d953fb0a0a7d2862a0ace3ce87503d3d923413cfe7d","gas_used":0,"tx_count":0},"timing":{"execution_ms":0.059208,"state_read_ms":3.244987,"state_hash_ms":0.002107,"commit_ms":0.182571,"total_ms":3.734147},"throughput":{"mgas_per_sec":0},"state_reads":{"accounts":4,"storage_slots":0,"code":0,"code_bytes":0},"state_writes":{"accounts":0,"accounts_deleted":0,"storage_slots":0,"storage_slots_deleted":0,"code":0,"code_bytes":0},"cache":{"account":{"hits":0,"misses":4,"hit_rate":0},"storage":{"hits":0,"misses":0,"hit_rate":0},"code":{"hits":0,"misses":0,"hit_rate":0,"hit_bytes":0,"miss_bytes":0}}}
INFO [06-01|10:49:33.365] Imported new potential chain segment     number=3697 hash=7a1c21..3cfe7d blocks=1 txs=0 mgas=0.000 elapsed=4.421ms mgasps=0.000 triediffs=1.36MiB triedirty=0.00B
INFO [06-01|10:49:33.365] Chain head was updated                   number=3697 hash=7a1c21..3cfe7d root=23f9f4..e08bca elapsed="118.279µs"
INFO [06-01|10:49:34.375] Starting work on payload                 id=0x030b4de5b393123e
INFO [06-01|10:49:34.379] Updated payload                          id=0x030b4de5b393123e number=3698 hash=1c5520..763b01 txs=0 withdrawals=0 gas=0 fees=0 root=23f9f4..e08bca elapsed=3.975ms
INFO [06-01|10:49:34.379] Stopping work on payload                 id=0x030b4de5b393123e reason=delivery
WARN [06-01|10:49:34.382] {"level":"warn","msg":"Slow block","block":{"number":3698,"hash":"0x1c5520031813aca287f4745bb2aa1110cec062d39d3a4d8a1965a7c269763b01","gas_used":0,"tx_count":0},"timing":{"execution_ms":0.026056,"state_read_ms":2.706581,"state_hash_ms":0.001353,"commit_ms":0.131214,"total_ms":2.997089},"throughput":{"mgas_per_sec":0},"state_reads":{"accounts":4,"storage_slots":0,"code":0,"code_bytes":0},"state_writes":{"accounts":0,"accounts_deleted":0,"storage_slots":0,"storage_slots_deleted":0,"code":0,"code_bytes":0},"cache":{"account":{"hits":0,"misses":4,"hit_rate":0},"storage":{"hits":0,"misses":0,"hit_rate":0},"code":{"hits":0,"misses":0,"hit_rate":0,"hit_bytes":0,"miss_bytes":0}}}
INFO [06-01|10:49:34.382] Imported new potential chain segment     number=3698 hash=1c5520..763b01 blocks=1 txs=0 mgas=0.000 elapsed=3.149ms     mgasps=0.000 triediffs=1.36MiB triedirty=0.00B
INFO [06-01|10:49:34.382] Chain head was updated                   number=3698 hash=1c5520..763b01 root=23f9f4..e08bca elapsed="26.615µs"
INFO [06-01|10:49:35.398] Starting work on payload                 id=0x034df565c1fc91be
INFO [06-01|10:49:35.413] Updated payload                          id=0x034df565c1fc91be number=3699 hash=e3cd91..1dce2a txs=0 withdrawals=0 gas=0 fees=0 root=23f9f4..e08bca elapsed=14.549ms
INFO [06-01|10:49:35.413] Stopping work on payload                 id=0x034df565c1fc91be reason=delivery
WARN [06-01|10:49:35.428] {"level":"warn","msg":"Slow block","block":{"number":3699,"hash":"0xe3cd918563b98fe6b52adcd62a67d96bd901f7ebf39b57801e1a1b80381dce2a","gas_used":0,"tx_count":0},"timing":{"execution_ms":0.027367,"state_read_ms":13.931902,"state_hash_ms":0.00237,"commit_ms":0.124373,"total_ms":14.257554},"throughput":{"mgas_per_sec":0},"state_reads":{"accounts":4,"storage_slots":0,"code":0,"code_bytes":0},"state_writes":{"accounts":0,"accounts_deleted":0,"storage_slots":0,"storage_slots_deleted":0,"code":0,"code_bytes":0},"cache":{"account":{"hits":0,"misses":4,"hit_rate":0},"storage":{"hits":0,"misses":0,"hit_rate":0},"code":{"hits":0,"misses":0,"hit_rate":0,"hit_bytes":0,"miss_bytes":0}}}
INFO [06-01|10:49:35.428] Imported new potential chain segment     number=3699 hash=e3cd91..1dce2a blocks=1 txs=0 mgas=0.000 elapsed=14.451ms    mgasps=0.000 triediffs=1.36MiB triedirty=0.00B
INFO [06-01|10:49:35.428] Chain head was updated                   number=3699 hash=e3cd91..1dce2a root=23f9f4..e08bca elapsed="56.402µs"
INFO [06-01|10:49:35.662] Submitted contract creation              hash=0x1274d00ae608bda4fe48ab456d985b273ede1086b3d92c36790952907cd37356 from=0xf39Fd6e51aad88F6F4ce6aB8827279cffFb92266 nonce=1079 contract=0x5daD389EaCF46151b56Ab285589d51DCA167217D value=0
INFO [06-01|10:49:35.662] Submitted transaction                    hash=0xec1dcfe2736c9e1e72293b2695a676ad00d58d1dcbcb0bf4d9d166fa01603c61 from=0xf39Fd6e51aad88F6F4ce6aB8827279cffFb92266 nonce=1080 recipient=0x30f8FbE9021fBD3d6E8fe4feA62C280059D8A4C7 value=78,000,000
INFO [06-01|10:49:36.434] Starting work on payload                 id=0x035d00d29d6e9e32
INFO [06-01|10:49:36.473] Updated payload                          id=0x035d00d29d6e9e32 number=3700 hash=033587..7cb37c txs=2 withdrawals=0 gas=86852 fees=5.21112e-13 root=1ae182..0c2d8f elapsed=38.726ms
INFO [06-01|10:49:36.473] Stopping work on payload                 id=0x035d00d29d6e9e32 reason=delivery
INFO [06-01|10:49:36.509] Paused snapshot generation
WARN [06-01|10:49:36.510] {"level":"warn","msg":"Slow block","block":{"number":3700,"hash":"0x033587d1e42f24a5f35aa51245160e801dcdd7ab97fc2865bffa3bafb67cb37c","gas_used":86852,"tx_count":2},"timing":{"execution_ms":0.085791,"state_read_ms":15.126535,"state_hash_ms":15.88189,"commit_ms":5.184657,"total_ms":36.502495},"throughput":{"mgas_per_sec":2.379344206471366},"state_reads":{"accounts":11,"storage_slots":0,"code":0,"code_bytes":0},"state_writes":{"accounts":3,"accounts_deleted":0,"storage_slots":0,"storage_slots_deleted":0,"code":1,"code_bytes":157},"cache":{"account":{"hits":6,"misses":5,"hit_rate":54.54545454545454},"storage":{"hits":0,"misses":0,"hit_rate":0},"code":{"hits":0,"misses":0,"hit_rate":0,"hit_bytes":0,"miss_bytes":0}}}
INFO [06-01|10:49:36.510] Imported new potential chain segment     number=3700 hash=033587..7cb37c blocks=1 txs=2 mgas=0.087 elapsed=36.693ms    mgasps=2.367 triediffs=1.36MiB triedirty=0.00B
INFO [06-01|10:49:36.510] Chain head was updated                   number=3700 hash=033587..7cb37c root=1ae182..0c2d8f elapsed="204.486µs"
WARN [06-01|10:49:36.529] Snapshot generation is not permitted
INFO [06-01|10:49:36.673] Submitted transaction                    hash=0xd927784283fa77898c1b21ca6cff5bf250824c0367cd528400fdd16d22dcdbcc from=0x30f8FbE9021fBD3d6E8fe4feA62C280059D8A4C7 nonce=0    recipient=0x5daD389EaCF46151b56Ab285589d51DCA167217D value=0
INFO [06-01|10:49:37.515] Starting work on payload                 id=0x0340e51453a9e163
INFO [06-01|10:49:37.707] Updated payload                          id=0x0340e51453a9e163 number=3701 hash=cb7d29..d222bc txs=1 withdrawals=0 gas=5,900,240 fees=3.540144e-11 root=1394d3..033815 elapsed=192.324ms
INFO [06-01|10:49:37.707] Stopping work on payload                 id=0x0340e51453a9e163 reason=delivery
INFO [06-01|10:49:37.819] Paused snapshot generation
WARN [06-01|10:49:37.819] {"level":"warn","msg":"Slow block","block":{"number":3701,"hash":"0xcb7d2977f938500ad67b569a4e6143fa2f31f6c8428877b90cc2126619d222bc","gas_used":5900240,"tx_count":1},"timing":{"execution_ms":103.543001,"state_read_ms":4.632122,"state_hash_ms":2.547127,"commit_ms":0.648303,"total_ms":111.573994},"throughput":{"mgas_per_sec":52.88185703919499},"state_reads":{"accounts":107,"storage_slots":258,"code":101,"code_bytes":2957},"state_writes":{"accounts":2,"accounts_deleted":0,"storage_slots":0,"storage_slots_deleted":0,"code":0,"code_bytes":0},"cache":{"account":{"hits":17,"misses":90,"hit_rate":15.887850467289718},"storage":{"hits":49,"misses":209,"hit_rate":18.992248062015506},"code":{"hits":101,"misses":0,"hit_rate":100,"hit_bytes":2957,"miss_bytes":0}}}
INFO [06-01|10:49:37.819] Imported new potential chain segment     number=3701 hash=cb7d29..d222bc blocks=1 txs=1 mgas=5.900 elapsed=111.815ms   mgasps=52.768 triediffs=1.36MiB triedirty=0.00B
INFO [06-01|10:49:37.820] Chain head was updated                   number=3701 hash=cb7d29..d222bc root=1394d3..033815 elapsed="98.895µs"
WARN [06-01|10:49:37.844] Snapshot generation is not permitted
INFO [06-01|10:49:38.691] Submitted transaction                    hash=0xd80f35412a34e6faccb83d07bbe4dae9acbab444fd8b81584cfe98ce4c335caf from=0x30f8FbE9021fBD3d6E8fe4feA62C280059D8A4C7 nonce=1    recipient=0xf39Fd6e51aad88F6F4ce6aB8827279cffFb92266 value=1,044,880
INFO [06-01|10:49:38.843] Starting work on payload                 id=0x03004b132cef031b
INFO [06-01|10:49:38.852] Updated payload                          id=0x03004b132cef031b number=3702 hash=772cd2..7469f6 txs=1 withdrawals=0 gas=21000     fees=2.1e-14      root=ad0771..446c04 elapsed=8.533ms
INFO [06-01|10:49:38.858] Stopping work on payload                 id=0x03004b132cef031b reason=delivery
INFO [06-01|10:49:38.870] Paused snapshot generation
WARN [06-01|10:49:38.870] {"level":"warn","msg":"Slow block","block":{"number":3702,"hash":"0x772cd229ab82d0a69ace28e24212059130a597ea7ceccd027c584271ae7469f6","gas_used":21000,"tx_count":1},"timing":{"execution_ms":0.224153,"state_read_ms":4.757938,"state_hash_ms":3.798409,"commit_ms":0.63122,"total_ms":18.00399},"throughput":{"mgas_per_sec":1.1664081128683141},"state_reads":{"accounts":6,"storage_slots":0,"code":0,"code_bytes":0},"state_writes":{"accounts":2,"accounts_deleted":0,"storage_slots":0,"storage_slots_deleted":0,"code":0,"code_bytes":0},"cache":{"account":{"hits":0,"misses":6,"hit_rate":0},"storage":{"hits":0,"misses":0,"hit_rate":0},"code":{"hits":0,"misses":0,"hit_rate":0,"hit_bytes":0,"miss_bytes":0}}}
INFO [06-01|10:49:38.870] Imported new potential chain segment     number=3702 hash=772cd2..7469f6 blocks=1 txs=1 mgas=0.021 elapsed=18.174ms    mgasps=1.155  triediffs=1.36MiB triedirty=0.00B
INFO [06-01|10:49:38.871] Chain head was updated                   number=3702 hash=772cd2..7469f6 root=ad0771..446c04 elapsed="52.008µs"
WARN [06-01|10:49:38.900] Snapshot generation is not permitted
INFO [06-01|10:49:39.878] Starting work on payload                 id=0x0352e634696ce50c
INFO [06-01|10:49:39.882] Updated payload                          id=0x0352e634696ce50c number=3703 hash=88c679..240afa txs=0 withdrawals=0 gas=0         fees=0            root=ad0771..446c04 elapsed=3.400ms
INFO [06-01|10:49:39.882] Stopping work on payload                 id=0x0352e634696ce50c reason=delivery
WARN [06-01|10:49:39.883] {"level":"warn","msg":"Slow block","block":{"number":3703,"hash":"0x88c6798016b5366c4c892684e85bc57ad369de4ce466320eec87345d05240afa","gas_used":0,"tx_count":0},"timing":{"execution_ms":0.040898,"state_read_ms":0.739462,"state_hash_ms":0.001818,"commit_ms":0.106575,"total_ms":1.079799},"throughput":{"mgas_per_sec":0},"state_reads":{"accounts":4,"storage_slots":0,"code":0,"code_bytes":0},"state_writes":{"accounts":0,"accounts_deleted":0,"storage_slots":0,"storage_slots_deleted":0,"code":0,"code_bytes":0},"cache":{"account":{"hits":0,"misses":4,"hit_rate":0},"storage":{"hits":0,"misses":0,"hit_rate":0},"code":{"hits":0,"misses":0,"hit_rate":0,"hit_bytes":0,"miss_bytes":0}}}
INFO [06-01|10:49:39.883] Imported new potential chain segment     number=3703 hash=88c679..240afa blocks=1 txs=0 mgas=0.000 elapsed=1.222ms     mgasps=0.000  triediffs=1.36MiB triedirty=0.00B
INFO [06-01|10:49:39.883] Chain head was updated                   number=3703 hash=88c679..240afa root=ad0771..446c04 elapsed="47.174µs"
