WARN [06-01|11:02:47.998] Unknown config environment variable      envvar=GETH_PBT_BIN
WARN [06-01|11:02:47.998] Unknown config environment variable      envvar=GETH_UBT_BIN
INFO [06-01|11:02:48.008] Starting Geth on Ethereum mainnet...
INFO [06-01|11:02:48.009] Maximum peer count                       ETH=0 total=0
INFO [06-01|11:02:48.010] Smartcard socket not found, disabling    err="stat /run/pcscd/pcscd.comm: no such file or directory"
WARN [06-01|11:02:48.013] Option --miner.etherbase is deprecated as the etherbase is set by the consensus client post-merge
WARN [06-01|11:02:48.015] Snap sync requested, resetting --cache.snapshot
INFO [06-01|11:02:48.015] Set global gas cap                       cap=50,000,000
INFO [06-01|11:02:48.841] Using developer account                  address=0xf39Fd6e51aad88F6F4ce6aB8827279cffFb92266
INFO [06-01|11:02:48.886] Using pebble as the backing database
INFO [06-01|11:02:48.887] Allocated cache and file handles         database=/mnt/state_expiry_vol_data/ubt-vs-pbt-dbs/ubt/geth/chaindata cache=16.00MiB handles=262,144
INFO [06-01|11:02:49.120] Opened ancient database                  database=/mnt/state_expiry_vol_data/ubt-vs-pbt-dbs/ubt/geth/chaindata/ancient/chain readonly=true
INFO [06-01|11:02:49.120] Opened Era store                         datadir=/mnt/state_expiry_vol_data/ubt-vs-pbt-dbs/ubt/geth/chaindata/ancient/chain/era
INFO [06-01|11:02:49.127] Initializing the KZG library             backend=gokzg
INFO [06-01|11:02:49.128] Allocated trie memory caches             clean=0.00B dirty=0.00B
INFO [06-01|11:02:49.138] Using pebble as the backing database
INFO [06-01|11:02:49.138] Allocated cache and file handles         database=/mnt/state_expiry_vol_data/ubt-vs-pbt-dbs/ubt/geth/chaindata cache=16.00MiB handles=262,144
INFO [06-01|11:02:49.325] Opened ancient database                  database=/mnt/state_expiry_vol_data/ubt-vs-pbt-dbs/ubt/geth/chaindata/ancient/chain readonly=false
INFO [06-01|11:02:49.325] Opened Era store                         datadir=/mnt/state_expiry_vol_data/ubt-vs-pbt-dbs/ubt/geth/chaindata/ancient/chain/era
INFO [06-01|11:02:49.331] State scheme set to already existing     scheme=path
INFO [06-01|11:02:49.331] Initialising Ethereum protocol           network=1337 dbversion=9
INFO [06-01|11:02:49.331] Load database journal from file          path=/mnt/state_expiry_vol_data/ubt-vs-pbt-dbs/ubt/geth/triedb/verkle.journal
INFO [06-01|11:02:49.532] Opened ancient database                  database=/mnt/state_expiry_vol_data/ubt-vs-pbt-dbs/ubt/geth/chaindata/ancient/state_verkle readonly=false
INFO [06-01|11:02:49.534] State snapshot generator is not compatible
INFO [06-01|11:02:49.534] Initialized path database                triecache=0.00B statecache=0.00B buffer=0.00B state-history="last 90000 blocks" journal-dir=/mnt/state_expiry_vol_data/ubt-vs-pbt-dbs/ubt/geth/triedb verkle=true
INFO [06-01|11:02:49.535] 
INFO [06-01|11:02:49.535] ---------------------------------------------------------------------------------------------------------------------------------------------------------
INFO [06-01|11:02:49.535] Chain ID:  1337 (unknown)
INFO [06-01|11:02:49.535] Consensus: unknown
INFO [06-01|11:02:49.535] 
INFO [06-01|11:02:49.535] Pre-Merge hard forks (block based):
INFO [06-01|11:02:49.535]  - Homestead:                   #0       
INFO [06-01|11:02:49.535]  - Tangerine Whistle (EIP 150): #0       
INFO [06-01|11:02:49.535]  - Spurious Dragon/1 (EIP 155): #0       
INFO [06-01|11:02:49.535]  - Spurious Dragon/2 (EIP 158): #0       
INFO [06-01|11:02:49.535]  - Byzantium:                   #0       
INFO [06-01|11:02:49.535]  - Constantinople:              #0       
INFO [06-01|11:02:49.535]  - Petersburg:                  #0       
INFO [06-01|11:02:49.535]  - Istanbul:                    #0       
INFO [06-01|11:02:49.535]  - Berlin:                      #0       
INFO [06-01|11:02:49.535]  - London:                      #0       
INFO [06-01|11:02:49.535]  - Arrow Glacier:               #0       
INFO [06-01|11:02:49.535]  - Gray Glacier:                #0       
INFO [06-01|11:02:49.535] 
INFO [06-01|11:02:49.535] Merge configured:
INFO [06-01|11:02:49.535]  - Total terminal difficulty:  0
INFO [06-01|11:02:49.535]  - Merge netsplit block:       #0       
INFO [06-01|11:02:49.535] 
INFO [06-01|11:02:49.535] Post-Merge hard forks (timestamp based):
INFO [06-01|11:02:49.535]  - Shanghai:                    @0         
INFO [06-01|11:02:49.535]  - Cancun:                      @0          blob: (target: 3, max: 6, fraction: 3338477)
INFO [06-01|11:02:49.535]  - Prague:                      @0          blob: (target: 6, max: 9, fraction: 5007716)
INFO [06-01|11:02:49.535]  - Osaka:                       @0          blob: (target: 6, max: 9, fraction: 5007716)
INFO [06-01|11:02:49.535]  - UBT:                         @0          blob: (nil)
INFO [06-01|11:02:49.535] 
INFO [06-01|11:02:49.535] All fork specifications can be found at https://ethereum.github.io/execution-specs/src/ethereum/forks/
INFO [06-01|11:02:49.535] 
INFO [06-01|11:02:49.535] ---------------------------------------------------------------------------------------------------------------------------------------------------------
INFO [06-01|11:02:49.535] 
INFO [06-01|11:02:49.537] Loaded most recent local block           number=4200 hash=02fd47..3df82a age=4s
INFO [06-01|11:02:49.537] Loaded most recent local finalized block number=4192 hash=960bf6..e1495d age=17s
INFO [06-01|11:02:49.538] Initialized transaction indexer          range="last 2350000 blocks"
INFO [06-01|11:02:49.538] Initialized log indexer                  firstblock=0 lastblock=4200 firstmap=0 lastmap=0 headindexed=true
INFO [06-01|11:02:49.565] Enabled full-sync                        head=4200 hash=02fd47..3df82a
INFO [06-01|11:02:49.565] Unprotected transactions allowed
INFO [06-01|11:02:49.565] Gasprice oracle is ignoring threshold set threshold=2
INFO [06-01|11:02:49.566] Registered sync override service
WARN [06-01|11:02:49.566] You are running Geth in --dev mode. Please note the following:
WARN [06-01|11:02:49.566] 
WARN [06-01|11:02:49.566]   1. This mode is only intended for fast, iterative development without assumptions on
WARN [06-01|11:02:49.566]      security or persistence.
WARN [06-01|11:02:49.566]   2. The database is created in memory unless specified otherwise. Therefore, shutting down
WARN [06-01|11:02:49.566]      your computer or losing power will wipe your entire block data and chain state for
WARN [06-01|11:02:49.566]      your dev environment.
WARN [06-01|11:02:49.566]   3. A random, pre-allocated developer account will be available and unlocked as
WARN [06-01|11:02:49.566]      eth.coinbase, which can be used for testing. The random dev account is temporary,
WARN [06-01|11:02:49.566]      stored on a ramdisk, and will be lost if your machine is restarted.
WARN [06-01|11:02:49.566]   4. Mining is enabled by default. However, the client will only seal blocks if transactions
WARN [06-01|11:02:49.566]      are pending in the mempool. The miner's minimum accepted gas price is 1.
WARN [06-01|11:02:49.566]   5. Networking is disabled; there is no listen-address, the maximum number of peers is set
WARN [06-01|11:02:49.566]      to 0, and discovery is disabled.
WARN [06-01|11:02:49.566] 
INFO [06-01|11:02:49.566] Starting peer-to-peer node               instance=Geth/v1.17.3-unstable/linux-amd64/go1.24.9
WARN [06-01|11:02:49.566] P2P server will be useless, neither dialing nor listening
INFO [06-01|11:02:49.618] IPC endpoint opened                      url=/mnt/state_expiry_vol_data/ubt-vs-pbt-dbs/ubt/geth.ipc
ERROR[06-01|11:02:49.618] Unavailable modules in HTTP API list     unavailable=[personal] available="[admin debug web3 eth txpool miner net dev testing]"
INFO [06-01|11:02:49.620] HTTP server started                      endpoint=127.0.0.1:8545 auth=false prefix= cors= vhosts=localhost
INFO [06-01|11:02:49.620] New local node record                    seq=1,780,289,664,658 id=c084d8867e8cc127 ip=127.0.0.1 udp=0 tcp=0
INFO [06-01|11:02:49.620] Started P2P networking                   self=enode://ed0ccbffbfc0dc9f1b0f8e55d585ad3e61215b1974f32d9388e7ae53563e3ebe0172c21d754fa202c3a63f95bef3ff3ea24339ffdabd0115c47ec5b8d33136a9@127.0.0.1:0
INFO [06-01|11:02:49.620] WebSocket enabled                        url=ws://127.0.0.1:8546
INFO [06-01|11:02:49.917] Loaded local transaction journal         transactions=2969 dropped=0
INFO [06-01|11:02:50.865] Started log indexer
INFO [06-01|11:02:50.905] Starting work on payload                 id=0x03d7e90073629cae
INFO [06-01|11:02:50.920] Updated payload                          id=0x03d7e90073629cae number=4201 hash=ad7c22..d58675 txs=0 withdrawals=0 gas=0 fees=0 root=996380..79f6eb elapsed=14.661ms
INFO [06-01|11:02:50.920] Stopping work on payload                 id=0x03d7e90073629cae reason=delivery
WARN [06-01|11:02:50.924] {"level":"warn","msg":"Slow block","block":{"number":4201,"hash":"0xad7c222d677e2fa45ec78aa0ccab5369b72ca2533b6282eb7b2c276294d58675","gas_used":0,"tx_count":0},"timing":{"execution_ms":0.058495,"state_read_ms":3.247024,"state_hash_ms":0.002389,"commit_ms":0.380021,"total_ms":4.006195},"throughput":{"mgas_per_sec":0},"state_reads":{"accounts":4,"storage_slots":0,"code":0,"code_bytes":0},"state_writes":{"accounts":0,"accounts_deleted":0,"storage_slots":0,"storage_slots_deleted":0,"code":0,"code_bytes":0},"cache":{"account":{"hits":0,"misses":4,"hit_rate":0},"storage":{"hits":0,"misses":0,"hit_rate":0},"code":{"hits":0,"misses":0,"hit_rate":0,"hit_bytes":0,"miss_bytes":0}}}
INFO [06-01|11:02:50.925] Imported new potential chain segment     number=4201 hash=ad7c22..d58675 blocks=1 txs=0 mgas=0.000 elapsed=4.477ms  mgasps=0.000 triediffs=12.56MiB triedirty=0.00B
INFO [06-01|11:02:50.925] Chain head was updated                   number=4201 hash=ad7c22..d58675 root=996380..79f6eb elapsed="103.207µs"
INFO [06-01|11:02:51.929] Starting work on payload                 id=0x03786f6ddde94d4b
INFO [06-01|11:02:51.943] Updated payload                          id=0x03786f6ddde94d4b number=4202 hash=caa9f2..3a5361 txs=0 withdrawals=0 gas=0 fees=0 root=996380..79f6eb elapsed=14.118ms
INFO [06-01|11:02:51.944] Stopping work on payload                 id=0x03786f6ddde94d4b reason=delivery
WARN [06-01|11:02:51.947] {"level":"warn","msg":"Slow block","block":{"number":4202,"hash":"0xcaa9f2c836b67de967b2053162701aff869d38a740110065861ebfd8323a5361","gas_used":0,"tx_count":0},"timing":{"execution_ms":0.023578,"state_read_ms":2.802405,"state_hash_ms":0.001759,"commit_ms":0.142632,"total_ms":3.138175},"throughput":{"mgas_per_sec":0},"state_reads":{"accounts":4,"storage_slots":0,"code":0,"code_bytes":0},"state_writes":{"accounts":0,"accounts_deleted":0,"storage_slots":0,"storage_slots_deleted":0,"code":0,"code_bytes":0},"cache":{"account":{"hits":0,"misses":4,"hit_rate":0},"storage":{"hits":0,"misses":0,"hit_rate":0},"code":{"hits":0,"misses":0,"hit_rate":0,"hit_bytes":0,"miss_bytes":0}}}
INFO [06-01|11:02:51.947] Imported new potential chain segment     number=4202 hash=caa9f2..3a5361 blocks=1 txs=0 mgas=0.000 elapsed=3.301ms     mgasps=0.000 triediffs=12.56MiB triedirty=0.00B
INFO [06-01|11:02:51.947] Chain head was updated                   number=4202 hash=caa9f2..3a5361 root=996380..79f6eb elapsed="33.335µs"
INFO [06-01|11:02:52.947] Submitted contract creation              hash=0x7a27ba26603a8ad565d33d4b300b83ca79f04bbba86b685fef30cecc42900089 from=0xf39Fd6e51aad88F6F4ce6aB8827279cffFb92266 nonce=1229 contract=0xDCc1fAB7b7B33dCe9b7748B7572F07fac59B0956 value=0
INFO [06-01|11:02:52.948] Submitted transaction                    hash=0xf4b3b9c022f0ffac0348bc500b35a069b7e905d37f770ddae2ad4d280aa14f71 from=0xf39Fd6e51aad88F6F4ce6aB8827279cffFb92266 nonce=1230 recipient=0x8a75d8240b6FF29ca1145a47B70Fad2F4e5110a9 value=78,000,000
INFO [06-01|11:02:52.959] Starting work on payload                 id=0x03a8bba22c23f35f
INFO [06-01|11:02:52.999] Updated payload                          id=0x03a8bba22c23f35f number=4203 hash=6a3820..41a272 txs=2 withdrawals=0 gas=86938 fees=5.21628e-13 root=6eb965..059a6d elapsed=39.785ms
INFO [06-01|11:02:52.999] Stopping work on payload                 id=0x03a8bba22c23f35f reason=delivery
INFO [06-01|11:02:53.040] Paused snapshot generation
WARN [06-01|11:02:53.040] {"level":"warn","msg":"Slow block","block":{"number":4203,"hash":"0x6a3820ccacc81de93f57b1aa802ee132341231be82b382f317fedf695941a272","gas_used":86938,"tx_count":2},"timing":{"execution_ms":0.120859,"state_read_ms":17.996803,"state_hash_ms":18.057459,"commit_ms":4.498402,"total_ms":40.882399},"throughput":{"mgas_per_sec":2.126538611396068},"state_reads":{"accounts":11,"storage_slots":0,"code":0,"code_bytes":0},"state_writes":{"accounts":3,"accounts_deleted":0,"storage_slots":0,"storage_slots_deleted":0,"code":1,"code_bytes":165},"cache":{"account":{"hits":5,"misses":6,"hit_rate":45.45454545454545},"storage":{"hits":0,"misses":0,"hit_rate":0},"code":{"hits":0,"misses":0,"hit_rate":0,"hit_bytes":0,"miss_bytes":0}}}
INFO [06-01|11:02:53.041] Imported new potential chain segment     number=4203 hash=6a3820..41a272 blocks=1 txs=2 mgas=0.087 elapsed=41.236ms    mgasps=2.108 triediffs=12.51MiB triedirty=0.00B
INFO [06-01|11:02:53.041] Chain head was updated                   number=4203 hash=6a3820..41a272 root=6eb965..059a6d elapsed="263.71µs"
WARN [06-01|11:02:53.062] Snapshot generation is not permitted
INFO [06-01|11:02:53.960] Submitted transaction                    hash=0xdaae78a5bba397b28b976b098081a815901a7b8700ac3dfd40141a3b64e56a65 from=0x8a75d8240b6FF29ca1145a47B70Fad2F4e5110a9 nonce=0    recipient=0xDCc1fAB7b7B33dCe9b7748B7572F07fac59B0956 value=0
INFO [06-01|11:02:54.047] Starting work on payload                 id=0x03f44f0de2efde55
INFO [06-01|11:02:54.567] Updated payload                          id=0x03f44f0de2efde55 number=4204 hash=1606cb..2b9ba1 txs=1 withdrawals=0 gas=5,910,176 fees=3.5461056e-11 root=cb93ab..fd6649 elapsed=520.485ms
INFO [06-01|11:02:54.567] Stopping work on payload                 id=0x03f44f0de2efde55 reason=delivery
INFO [06-01|11:02:54.620] Paused snapshot generation
WARN [06-01|11:02:54.625] {"level":"warn","msg":"Slow block","block":{"number":4204,"hash":"0x1606cb247c664498bdfe1487f15014024719226c12434a0fe0e00f56bb2b9ba1","gas_used":5910176,"tx_count":1},"timing":{"execution_ms":4.612993,"state_read_ms":18.68196,"state_hash_ms":23.739316,"commit_ms":10.041141,"total_ms":57.264856},"throughput":{"mgas_per_sec":103.20773355301897},"state_reads":{"accounts":100,"storage_slots":241,"code":94,"code_bytes":2769},"state_writes":{"accounts":94,"accounts_deleted":0,"storage_slots":238,"storage_slots_deleted":0,"code":0,"code_bytes":0},"cache":{"account":{"hits":51,"misses":49,"hit_rate":51},"storage":{"hits":93,"misses":148,"hit_rate":38.589211618257266},"code":{"hits":94,"misses":0,"hit_rate":100,"hit_bytes":2769,"miss_bytes":0}}}
INFO [06-01|11:02:54.625] Imported new potential chain segment     number=4204 hash=1606cb..2b9ba1 blocks=1 txs=1 mgas=5.910 elapsed=57.472ms    mgasps=102.835 triediffs=13.15MiB triedirty=0.00B
INFO [06-01|11:02:54.625] Chain head was updated                   number=4204 hash=1606cb..2b9ba1 root=cb93ab..fd6649 elapsed="137.119µs"
WARN [06-01|11:02:54.644] Snapshot generation is not permitted
INFO [06-01|11:02:54.975] Submitted transaction                    hash=0xc811649a7bcd638b90fc0b3a78e08dba8fd943be4fe5faf670c55f301065fd9d from=0x8a75d8240b6FF29ca1145a47B70Fad2F4e5110a9 nonce=1    recipient=0xf39Fd6e51aad88F6F4ce6aB8827279cffFb92266 value=915,712
INFO [06-01|11:02:55.634] Starting work on payload                 id=0x03fef0a28827be40
INFO [06-01|11:02:55.644] Updated payload                          id=0x03fef0a28827be40 number=4205 hash=8347d7..a80be5 txs=1 withdrawals=0 gas=21000     fees=2.1e-14       root=baa1fd..89a602 elapsed=9.854ms
INFO [06-01|11:02:55.644] Stopping work on payload                 id=0x03fef0a28827be40 reason=delivery
INFO [06-01|11:02:55.660] Paused snapshot generation
WARN [06-01|11:02:55.660] {"level":"warn","msg":"Slow block","block":{"number":4205,"hash":"0x8347d754173d095ad3e0eb2d632c35b0c50eccf86704f2d81a4c7dc779a80be5","gas_used":21000,"tx_count":1},"timing":{"execution_ms":0.083446,"state_read_ms":11.129441,"state_hash_ms":3.915245,"commit_ms":0.671374,"total_ms":15.992774},"throughput":{"mgas_per_sec":1.3130930256377036},"state_reads":{"accounts":6,"storage_slots":0,"code":0,"code_bytes":0},"state_writes":{"accounts":2,"accounts_deleted":0,"storage_slots":0,"storage_slots_deleted":0,"code":0,"code_bytes":0},"cache":{"account":{"hits":2,"misses":4,"hit_rate":33.33333333333333},"storage":{"hits":0,"misses":0,"hit_rate":0},"code":{"hits":0,"misses":0,"hit_rate":0,"hit_bytes":0,"miss_bytes":0}}}
INFO [06-01|11:02:55.660] Imported new potential chain segment     number=4205 hash=8347d7..a80be5 blocks=1 txs=1 mgas=0.021 elapsed=16.176ms    mgasps=1.298   triediffs=13.14MiB triedirty=0.00B
INFO [06-01|11:02:55.661] Chain head was updated                   number=4205 hash=8347d7..a80be5 root=baa1fd..89a602 elapsed="55.182µs"
WARN [06-01|11:02:55.691] Snapshot generation is not permitted
