WARN [06-01|11:06:40.895] Unknown config environment variable      envvar=GETH_PBT_BIN
WARN [06-01|11:06:40.895] Unknown config environment variable      envvar=GETH_UBT_BIN
INFO [06-01|11:06:40.906] Starting Geth on Ethereum mainnet...
INFO [06-01|11:06:40.908] Maximum peer count                       ETH=0 total=0
INFO [06-01|11:06:40.909] Smartcard socket not found, disabling    err="stat /run/pcscd/pcscd.comm: no such file or directory"
WARN [06-01|11:06:40.912] Option --miner.etherbase is deprecated as the etherbase is set by the consensus client post-merge
WARN [06-01|11:06:40.914] Snap sync requested, resetting --cache.snapshot
INFO [06-01|11:06:40.914] Set global gas cap                       cap=50,000,000
INFO [06-01|11:06:41.718] Using developer account                  address=0xf39Fd6e51aad88F6F4ce6aB8827279cffFb92266
INFO [06-01|11:06:41.760] Using pebble as the backing database
INFO [06-01|11:06:41.760] Allocated cache and file handles         database=/mnt/state_expiry_vol_data/ubt-vs-pbt-dbs/ubt/geth/chaindata cache=16.00MiB handles=262,144
INFO [06-01|11:06:41.984] Opened ancient database                  database=/mnt/state_expiry_vol_data/ubt-vs-pbt-dbs/ubt/geth/chaindata/ancient/chain readonly=true
INFO [06-01|11:06:41.984] Opened Era store                         datadir=/mnt/state_expiry_vol_data/ubt-vs-pbt-dbs/ubt/geth/chaindata/ancient/chain/era
INFO [06-01|11:06:41.991] Initializing the KZG library             backend=gokzg
INFO [06-01|11:06:41.993] Allocated trie memory caches             clean=0.00B dirty=0.00B
INFO [06-01|11:06:42.003] Using pebble as the backing database
INFO [06-01|11:06:42.003] Allocated cache and file handles         database=/mnt/state_expiry_vol_data/ubt-vs-pbt-dbs/ubt/geth/chaindata cache=16.00MiB handles=262,144
INFO [06-01|11:06:42.189] Opened ancient database                  database=/mnt/state_expiry_vol_data/ubt-vs-pbt-dbs/ubt/geth/chaindata/ancient/chain readonly=false
INFO [06-01|11:06:42.189] Opened Era store                         datadir=/mnt/state_expiry_vol_data/ubt-vs-pbt-dbs/ubt/geth/chaindata/ancient/chain/era
INFO [06-01|11:06:42.196] State scheme set to already existing     scheme=path
INFO [06-01|11:06:42.196] Initialising Ethereum protocol           network=1337 dbversion=9
INFO [06-01|11:06:42.196] Load database journal from file          path=/mnt/state_expiry_vol_data/ubt-vs-pbt-dbs/ubt/geth/triedb/verkle.journal
INFO [06-01|11:06:42.610] Opened ancient database                  database=/mnt/state_expiry_vol_data/ubt-vs-pbt-dbs/ubt/geth/chaindata/ancient/state_verkle readonly=false
INFO [06-01|11:06:42.612] State snapshot generator is not compatible
INFO [06-01|11:06:42.612] Initialized path database                triecache=0.00B statecache=0.00B buffer=0.00B state-history="last 90000 blocks" journal-dir=/mnt/state_expiry_vol_data/ubt-vs-pbt-dbs/ubt/geth/triedb verkle=true
INFO [06-01|11:06:42.612] 
INFO [06-01|11:06:42.612] ---------------------------------------------------------------------------------------------------------------------------------------------------------
INFO [06-01|11:06:42.612] Chain ID:  1337 (unknown)
INFO [06-01|11:06:42.612] Consensus: unknown
INFO [06-01|11:06:42.612] 
INFO [06-01|11:06:42.612] Pre-Merge hard forks (block based):
INFO [06-01|11:06:42.612]  - Homestead:                   #0       
INFO [06-01|11:06:42.612]  - Tangerine Whistle (EIP 150): #0       
INFO [06-01|11:06:42.612]  - Spurious Dragon/1 (EIP 155): #0       
INFO [06-01|11:06:42.612]  - Spurious Dragon/2 (EIP 158): #0       
INFO [06-01|11:06:42.612]  - Byzantium:                   #0       
INFO [06-01|11:06:42.612]  - Constantinople:              #0       
INFO [06-01|11:06:42.612]  - Petersburg:                  #0       
INFO [06-01|11:06:42.612]  - Istanbul:                    #0       
INFO [06-01|11:06:42.612]  - Berlin:                      #0       
INFO [06-01|11:06:42.612]  - London:                      #0       
INFO [06-01|11:06:42.612]  - Arrow Glacier:               #0       
INFO [06-01|11:06:42.612]  - Gray Glacier:                #0       
INFO [06-01|11:06:42.612] 
INFO [06-01|11:06:42.612] Merge configured:
INFO [06-01|11:06:42.612]  - Total terminal difficulty:  0
INFO [06-01|11:06:42.612]  - Merge netsplit block:       #0       
INFO [06-01|11:06:42.612] 
INFO [06-01|11:06:42.612] Post-Merge hard forks (timestamp based):
INFO [06-01|11:06:42.612]  - Shanghai:                    @0         
INFO [06-01|11:06:42.612]  - Cancun:                      @0          blob: (target: 3, max: 6, fraction: 3338477)
INFO [06-01|11:06:42.612]  - Prague:                      @0          blob: (target: 6, max: 9, fraction: 5007716)
INFO [06-01|11:06:42.612]  - Osaka:                       @0          blob: (target: 6, max: 9, fraction: 5007716)
INFO [06-01|11:06:42.612]  - UBT:                         @0          blob: (nil)
INFO [06-01|11:06:42.612] 
INFO [06-01|11:06:42.612] All fork specifications can be found at https://ethereum.github.io/execution-specs/src/ethereum/forks/
INFO [06-01|11:06:42.612] 
INFO [06-01|11:06:42.612] ---------------------------------------------------------------------------------------------------------------------------------------------------------
INFO [06-01|11:06:42.612] 
INFO [06-01|11:06:42.614] Loaded most recent local block           number=4326 hash=c88fb5..6865b5 age=3s
INFO [06-01|11:06:42.614] Loaded most recent local finalized block number=4320 hash=4ce73b..eb0225 age=15s
INFO [06-01|11:06:42.615] Initialized transaction indexer          range="last 2350000 blocks"
INFO [06-01|11:06:42.615] Initialized log indexer                  firstblock=0 lastblock=4326 firstmap=0 lastmap=0 headindexed=true
INFO [06-01|11:06:42.630] Enabled full-sync                        head=4326 hash=c88fb5..6865b5
INFO [06-01|11:06:42.630] Unprotected transactions allowed
INFO [06-01|11:06:42.630] Gasprice oracle is ignoring threshold set threshold=2
INFO [06-01|11:06:42.631] Registered sync override service
WARN [06-01|11:06:42.631] You are running Geth in --dev mode. Please note the following:
WARN [06-01|11:06:42.631] 
WARN [06-01|11:06:42.631]   1. This mode is only intended for fast, iterative development without assumptions on
WARN [06-01|11:06:42.631]      security or persistence.
WARN [06-01|11:06:42.631]   2. The database is created in memory unless specified otherwise. Therefore, shutting down
WARN [06-01|11:06:42.631]      your computer or losing power will wipe your entire block data and chain state for
WARN [06-01|11:06:42.631]      your dev environment.
WARN [06-01|11:06:42.631]   3. A random, pre-allocated developer account will be available and unlocked as
WARN [06-01|11:06:42.631]      eth.coinbase, which can be used for testing. The random dev account is temporary,
WARN [06-01|11:06:42.631]      stored on a ramdisk, and will be lost if your machine is restarted.
WARN [06-01|11:06:42.631]   4. Mining is enabled by default. However, the client will only seal blocks if transactions
WARN [06-01|11:06:42.631]      are pending in the mempool. The miner's minimum accepted gas price is 1.
WARN [06-01|11:06:42.631]   5. Networking is disabled; there is no listen-address, the maximum number of peers is set
WARN [06-01|11:06:42.631]      to 0, and discovery is disabled.
WARN [06-01|11:06:42.631] 
INFO [06-01|11:06:42.631] Starting peer-to-peer node               instance=Geth/v1.17.3-unstable/linux-amd64/go1.24.9
WARN [06-01|11:06:42.631] P2P server will be useless, neither dialing nor listening
INFO [06-01|11:06:42.645] IPC endpoint opened                      url=/mnt/state_expiry_vol_data/ubt-vs-pbt-dbs/ubt/geth.ipc
ERROR[06-01|11:06:42.645] Unavailable modules in HTTP API list     unavailable=[personal] available="[admin debug web3 eth txpool miner net dev testing]"
INFO [06-01|11:06:42.646] New local node record                    seq=1,780,289,664,681 id=c084d8867e8cc127 ip=127.0.0.1 udp=0 tcp=0
INFO [06-01|11:06:42.646] Started P2P networking                   self=enode://ed0ccbffbfc0dc9f1b0f8e55d585ad3e61215b1974f32d9388e7ae53563e3ebe0172c21d754fa202c3a63f95bef3ff3ea24339ffdabd0115c47ec5b8d33136a9@127.0.0.1:0
INFO [06-01|11:06:42.646] HTTP server started                      endpoint=127.0.0.1:8545 auth=false prefix= cors= vhosts=localhost
INFO [06-01|11:06:42.646] WebSocket enabled                        url=ws://127.0.0.1:8546
INFO [06-01|11:06:42.923] Loaded local transaction journal         transactions=3061 dropped=0
INFO [06-01|11:06:43.720] Started log indexer
INFO [06-01|11:06:43.755] Starting work on payload                 id=0x031195a99dfc6600
INFO [06-01|11:06:43.759] Updated payload                          id=0x031195a99dfc6600 number=4327 hash=0cc622..28b0c4 txs=0 withdrawals=0 gas=0 fees=0 root=2240a0..b57c8c elapsed=3.628ms
INFO [06-01|11:06:43.759] Stopping work on payload                 id=0x031195a99dfc6600 reason=delivery
WARN [06-01|11:06:43.764] {"level":"warn","msg":"Slow block","block":{"number":4327,"hash":"0x0cc622767709f9a1712b0489f9e86838c44a5dca734f62f2b22c4a305928b0c4","gas_used":0,"tx_count":0},"timing":{"execution_ms":0.045576,"state_read_ms":3.589972,"state_hash_ms":0.001987,"commit_ms":0.537006,"total_ms":4.382501},"throughput":{"mgas_per_sec":0},"state_reads":{"accounts":4,"storage_slots":0,"code":0,"code_bytes":0},"state_writes":{"accounts":0,"accounts_deleted":0,"storage_slots":0,"storage_slots_deleted":0,"code":0,"code_bytes":0},"cache":{"account":{"hits":0,"misses":4,"hit_rate":0},"storage":{"hits":0,"misses":0,"hit_rate":0},"code":{"hits":0,"misses":0,"hit_rate":0,"hit_bytes":0,"miss_bytes":0}}}
INFO [06-01|11:06:43.764] Imported new potential chain segment     number=4327 hash=0cc622..28b0c4 blocks=1 txs=0 mgas=0.000 elapsed=4.728ms mgasps=0.000 triediffs=36.11MiB triedirty=0.00B
INFO [06-01|11:06:43.764] Chain head was updated                   number=4327 hash=0cc622..28b0c4 root=2240a0..b57c8c elapsed="65.608µs"
INFO [06-01|11:06:44.769] Starting work on payload                 id=0x0344c16174189428
INFO [06-01|11:06:44.773] Updated payload                          id=0x0344c16174189428 number=4328 hash=890347..974176 txs=0 withdrawals=0 gas=0 fees=0 root=2240a0..b57c8c elapsed=3.880ms
INFO [06-01|11:06:44.773] Stopping work on payload                 id=0x0344c16174189428 reason=delivery
WARN [06-01|11:06:44.777] {"level":"warn","msg":"Slow block","block":{"number":4328,"hash":"0x890347e9c4ccc006c282a575b0a54b9f54576b44c016238471be726ce1974176","gas_used":0,"tx_count":0},"timing":{"execution_ms":0.04572,"state_read_ms":3.292969,"state_hash_ms":0.001468,"commit_ms":0.118522,"total_ms":3.629444},"throughput":{"mgas_per_sec":0},"state_reads":{"accounts":4,"storage_slots":0,"code":0,"code_bytes":0},"state_writes":{"accounts":0,"accounts_deleted":0,"storage_slots":0,"storage_slots_deleted":0,"code":0,"code_bytes":0},"cache":{"account":{"hits":0,"misses":4,"hit_rate":0},"storage":{"hits":0,"misses":0,"hit_rate":0},"code":{"hits":0,"misses":0,"hit_rate":0,"hit_bytes":0,"miss_bytes":0}}}
INFO [06-01|11:06:44.777] Imported new potential chain segment     number=4328 hash=890347..974176 blocks=1 txs=0 mgas=0.000 elapsed=3.829ms    mgasps=0.000 triediffs=36.11MiB triedirty=0.00B
INFO [06-01|11:06:44.777] Chain head was updated                   number=4328 hash=890347..974176 root=2240a0..b57c8c elapsed="57.27µs"
INFO [06-01|11:06:45.771] Submitted contract creation              hash=0xe9d2378ec12dafd452cdf846dbc0d5736dba24700e510c79e05709e60e0113f2 from=0xf39Fd6e51aad88F6F4ce6aB8827279cffFb92266 nonce=1275 contract=0x0877B2fDc29C11C5210B69dd60887d47DED819F7 value=0
INFO [06-01|11:06:45.771] Submitted transaction                    hash=0x724fb73f0fbc4e5459a5e4116d891b328fa195ab679df66356ae842eaa6b7b61 from=0xf39Fd6e51aad88F6F4ce6aB8827279cffFb92266 nonce=1276 recipient=0x3c9A35F9320a0B82660aF95EBb2aE37009d8B8cC value=78,000,000
INFO [06-01|11:06:45.781] Starting work on payload                 id=0x0333b29fef534085
INFO [06-01|11:06:45.808] Updated payload                          id=0x0333b29fef534085 number=4329 hash=e1e779..a9d3fe txs=2 withdrawals=0 gas=86926 fees=5.21556e-13 root=05dd11..df2140 elapsed=27.254ms
INFO [06-01|11:06:45.808] Stopping work on payload                 id=0x0333b29fef534085 reason=delivery
INFO [06-01|11:06:45.841] Paused snapshot generation
WARN [06-01|11:06:45.842] {"level":"warn","msg":"Slow block","block":{"number":4329,"hash":"0xe1e7792ca53a8034eddfa1047796a173eb1997f5bc8789628721b8cc58a9d3fe","gas_used":86926,"tx_count":2},"timing":{"execution_ms":0.105552,"state_read_ms":14.755893,"state_hash_ms":13.134954,"commit_ms":5.320751,"total_ms":33.475748},"throughput":{"mgas_per_sec":2.5966858156537684},"state_reads":{"accounts":11,"storage_slots":0,"code":0,"code_bytes":0},"state_writes":{"accounts":3,"accounts_deleted":0,"storage_slots":0,"storage_slots_deleted":0,"code":1,"code_bytes":165},"cache":{"account":{"hits":5,"misses":6,"hit_rate":45.45454545454545},"storage":{"hits":0,"misses":0,"hit_rate":0},"code":{"hits":0,"misses":0,"hit_rate":0,"hit_bytes":0,"miss_bytes":0}}}
INFO [06-01|11:06:45.842] Imported new potential chain segment     number=4329 hash=e1e779..a9d3fe blocks=1 txs=2 mgas=0.087 elapsed=33.648ms   mgasps=2.583 triediffs=35.99MiB triedirty=0.00B
INFO [06-01|11:06:45.842] Chain head was updated                   number=4329 hash=e1e779..a9d3fe root=05dd11..df2140 elapsed="162.6µs"
WARN [06-01|11:06:45.867] Snapshot generation is not permitted
INFO [06-01|11:06:46.789] Submitted transaction                    hash=0x12da9cbf8a78d6023e99785c14b6bb0858a979b28f5b71d9c27f98f469739a08 from=0x3c9A35F9320a0B82660aF95EBb2aE37009d8B8cC nonce=0    recipient=0x0877B2fDc29C11C5210B69dd60887d47DED819F7 value=0
INFO [06-01|11:06:46.848] Starting work on payload                 id=0x033bb736b003531e
INFO [06-01|11:06:47.591] Updated payload                          id=0x033bb736b003531e number=4330 hash=c6672e..407e75 txs=1 withdrawals=0 gas=5,903,542 fees=3.5421252e-11 root=5a14b8..b3fba8 elapsed=742.858ms
INFO [06-01|11:06:47.591] Stopping work on payload                 id=0x033bb736b003531e reason=delivery
INFO [06-01|11:06:47.687] Paused snapshot generation
WARN [06-01|11:06:47.693] {"level":"warn","msg":"Slow block","block":{"number":4330,"hash":"0xc6672e1b7da9f7f0d7d37306fe86d664c8bc5f12d6032b4301f64ec814407e75","gas_used":5903542,"tx_count":1},"timing":{"execution_ms":4.601854,"state_read_ms":26.70995,"state_hash_ms":52.195605,"commit_ms":17.419251,"total_ms":101.470789},"throughput":{"mgas_per_sec":58.17971909137319},"state_reads":{"accounts":219,"storage_slots":212,"code":213,"code_bytes":6101},"state_writes":{"accounts":213,"accounts_deleted":0,"storage_slots":211,"storage_slots_deleted":0,"code":0,"code_bytes":0},"cache":{"account":{"hits":109,"misses":110,"hit_rate":49.77168949771689},"storage":{"hits":82,"misses":130,"hit_rate":38.67924528301887},"code":{"hits":213,"misses":0,"hit_rate":100,"hit_bytes":6101,"miss_bytes":0}}}
INFO [06-01|11:06:47.693] Imported new potential chain segment     number=4330 hash=c6672e..407e75 blocks=1 txs=1 mgas=5.904 elapsed=101.781ms  mgasps=58.002 triediffs=37.31MiB triedirty=0.00B
INFO [06-01|11:06:47.694] Chain head was updated                   number=4330 hash=c6672e..407e75 root=5a14b8..b3fba8 elapsed="129.669µs"
WARN [06-01|11:06:47.711] Snapshot generation is not permitted
INFO [06-01|11:06:47.810] Submitted transaction                    hash=0xdd8660d9ef6601ba3cc294fe2f7d4787981066f98adbc1b9d50738abde4d2b34 from=0x3c9A35F9320a0B82660aF95EBb2aE37009d8B8cC nonce=1    recipient=0xf39Fd6e51aad88F6F4ce6aB8827279cffFb92266 value=1,001,954
INFO [06-01|11:06:48.724] Starting work on payload                 id=0x03dfaf5761d2c2fc
INFO [06-01|11:06:48.731] Updated payload                          id=0x03dfaf5761d2c2fc number=4331 hash=7eb59b..964271 txs=1 withdrawals=0 gas=21000     fees=2.1e-14       root=3da0fe..96e6ca elapsed=6.644ms
INFO [06-01|11:06:48.731] Stopping work on payload                 id=0x03dfaf5761d2c2fc reason=delivery
INFO [06-01|11:06:48.742] Paused snapshot generation
WARN [06-01|11:06:48.746] {"level":"warn","msg":"Slow block","block":{"number":4331,"hash":"0x7eb59bc7ac3f0239945475065935333fa7e42a0ed25b11f5d9fba0e669964271","gas_used":21000,"tx_count":1},"timing":{"execution_ms":0.063955,"state_read_ms":3.679547,"state_hash_ms":6.68633,"commit_ms":4.18257,"total_ms":14.77029},"throughput":{"mgas_per_sec":1.421773032215346},"state_reads":{"accounts":6,"storage_slots":0,"code":0,"code_bytes":0},"state_writes":{"accounts":2,"accounts_deleted":0,"storage_slots":0,"storage_slots_deleted":0,"code":0,"code_bytes":0},"cache":{"account":{"hits":2,"misses":4,"hit_rate":33.33333333333333},"storage":{"hits":0,"misses":0,"hit_rate":0},"code":{"hits":0,"misses":0,"hit_rate":0,"hit_bytes":0,"miss_bytes":0}}}
INFO [06-01|11:06:48.746] Imported new potential chain segment     number=4331 hash=7eb59b..964271 blocks=1 txs=1 mgas=0.021 elapsed=14.933ms    mgasps=1.406  triediffs=37.31MiB triedirty=0.00B
INFO [06-01|11:06:48.746] Chain head was updated                   number=4331 hash=7eb59b..964271 root=3da0fe..96e6ca elapsed="81.165µs"
WARN [06-01|11:06:48.777] Snapshot generation is not permitted
