WARN [06-01|11:11:08.659] Unknown config environment variable      envvar=GETH_PBT_BIN
WARN [06-01|11:11:08.659] Unknown config environment variable      envvar=GETH_UBT_BIN
INFO [06-01|11:11:08.669] Starting Geth on Ethereum mainnet...
INFO [06-01|11:11:08.671] Maximum peer count                       ETH=0 total=0
INFO [06-01|11:11:08.673] Smartcard socket not found, disabling    err="stat /run/pcscd/pcscd.comm: no such file or directory"
WARN [06-01|11:11:08.677] Option --miner.etherbase is deprecated as the etherbase is set by the consensus client post-merge
WARN [06-01|11:11:08.678] Snap sync requested, resetting --cache.snapshot
INFO [06-01|11:11:08.678] Set global gas cap                       cap=50,000,000
INFO [06-01|11:11:09.485] Using developer account                  address=0xf39Fd6e51aad88F6F4ce6aB8827279cffFb92266
INFO [06-01|11:11:09.524] Using pebble as the backing database
INFO [06-01|11:11:09.524] Allocated cache and file handles         database=/mnt/state_expiry_vol_data/ubt-vs-pbt-dbs/ubt/geth/chaindata cache=16.00MiB handles=262,144
INFO [06-01|11:11:09.746] Opened ancient database                  database=/mnt/state_expiry_vol_data/ubt-vs-pbt-dbs/ubt/geth/chaindata/ancient/chain readonly=true
INFO [06-01|11:11:09.746] Opened Era store                         datadir=/mnt/state_expiry_vol_data/ubt-vs-pbt-dbs/ubt/geth/chaindata/ancient/chain/era
INFO [06-01|11:11:09.753] Initializing the KZG library             backend=gokzg
INFO [06-01|11:11:09.755] Allocated trie memory caches             clean=0.00B dirty=0.00B
INFO [06-01|11:11:09.764] Using pebble as the backing database
INFO [06-01|11:11:09.764] Allocated cache and file handles         database=/mnt/state_expiry_vol_data/ubt-vs-pbt-dbs/ubt/geth/chaindata cache=16.00MiB handles=262,144
INFO [06-01|11:11:09.946] Opened ancient database                  database=/mnt/state_expiry_vol_data/ubt-vs-pbt-dbs/ubt/geth/chaindata/ancient/chain readonly=false
INFO [06-01|11:11:09.946] Opened Era store                         datadir=/mnt/state_expiry_vol_data/ubt-vs-pbt-dbs/ubt/geth/chaindata/ancient/chain/era
INFO [06-01|11:11:09.957] State scheme set to already existing     scheme=path
INFO [06-01|11:11:09.962] Initialising Ethereum protocol           network=1337 dbversion=9
INFO [06-01|11:11:09.962] Load database journal from file          path=/mnt/state_expiry_vol_data/ubt-vs-pbt-dbs/ubt/geth/triedb/verkle.journal
INFO [06-01|11:11:10.324] Opened ancient database                  database=/mnt/state_expiry_vol_data/ubt-vs-pbt-dbs/ubt/geth/chaindata/ancient/state_verkle readonly=false
INFO [06-01|11:11:10.326] State snapshot generator is not compatible
INFO [06-01|11:11:10.326] Initialized path database                triecache=0.00B statecache=0.00B buffer=0.00B state-history="last 90000 blocks" journal-dir=/mnt/state_expiry_vol_data/ubt-vs-pbt-dbs/ubt/geth/triedb verkle=true
INFO [06-01|11:11:10.327] 
INFO [06-01|11:11:10.327] ---------------------------------------------------------------------------------------------------------------------------------------------------------
INFO [06-01|11:11:10.327] Chain ID:  1337 (unknown)
INFO [06-01|11:11:10.327] Consensus: unknown
INFO [06-01|11:11:10.327] 
INFO [06-01|11:11:10.327] Pre-Merge hard forks (block based):
INFO [06-01|11:11:10.327]  - Homestead:                   #0       
INFO [06-01|11:11:10.327]  - Tangerine Whistle (EIP 150): #0       
INFO [06-01|11:11:10.327]  - Spurious Dragon/1 (EIP 155): #0       
INFO [06-01|11:11:10.327]  - Spurious Dragon/2 (EIP 158): #0       
INFO [06-01|11:11:10.327]  - Byzantium:                   #0       
INFO [06-01|11:11:10.327]  - Constantinople:              #0       
INFO [06-01|11:11:10.327]  - Petersburg:                  #0       
INFO [06-01|11:11:10.327]  - Istanbul:                    #0       
INFO [06-01|11:11:10.327]  - Berlin:                      #0       
INFO [06-01|11:11:10.327]  - London:                      #0       
INFO [06-01|11:11:10.327]  - Arrow Glacier:               #0       
INFO [06-01|11:11:10.327]  - Gray Glacier:                #0       
INFO [06-01|11:11:10.327] 
INFO [06-01|11:11:10.327] Merge configured:
INFO [06-01|11:11:10.327]  - Total terminal difficulty:  0
INFO [06-01|11:11:10.327]  - Merge netsplit block:       #0       
INFO [06-01|11:11:10.327] 
INFO [06-01|11:11:10.327] Post-Merge hard forks (timestamp based):
INFO [06-01|11:11:10.327]  - Shanghai:                    @0         
INFO [06-01|11:11:10.327]  - Cancun:                      @0          blob: (target: 3, max: 6, fraction: 3338477)
INFO [06-01|11:11:10.327]  - Prague:                      @0          blob: (target: 6, max: 9, fraction: 5007716)
INFO [06-01|11:11:10.327]  - Osaka:                       @0          blob: (target: 6, max: 9, fraction: 5007716)
INFO [06-01|11:11:10.327]  - UBT:                         @0          blob: (nil)
INFO [06-01|11:11:10.327] 
INFO [06-01|11:11:10.327] All fork specifications can be found at https://ethereum.github.io/execution-specs/src/ethereum/forks/
INFO [06-01|11:11:10.327] 
INFO [06-01|11:11:10.327] ---------------------------------------------------------------------------------------------------------------------------------------------------------
INFO [06-01|11:11:10.327] 
INFO [06-01|11:11:10.327] Loaded most recent local block           number=4480 hash=a1832b..b36a55 age=3s
INFO [06-01|11:11:10.327] Loaded most recent local finalized block number=4480 hash=a1832b..b36a55 age=3s
INFO [06-01|11:11:10.328] Initialized transaction indexer          range="last 2350000 blocks"
INFO [06-01|11:11:10.329] Initialized log indexer                  firstblock=0 lastblock=4480 firstmap=0 lastmap=0 headindexed=true
INFO [06-01|11:11:10.347] Enabled full-sync                        head=4480 hash=a1832b..b36a55
INFO [06-01|11:11:10.347] Unprotected transactions allowed
INFO [06-01|11:11:10.347] Gasprice oracle is ignoring threshold set threshold=2
INFO [06-01|11:11:10.348] Registered sync override service
WARN [06-01|11:11:10.348] You are running Geth in --dev mode. Please note the following:
WARN [06-01|11:11:10.348] 
WARN [06-01|11:11:10.348]   1. This mode is only intended for fast, iterative development without assumptions on
WARN [06-01|11:11:10.348]      security or persistence.
WARN [06-01|11:11:10.348]   2. The database is created in memory unless specified otherwise. Therefore, shutting down
WARN [06-01|11:11:10.348]      your computer or losing power will wipe your entire block data and chain state for
WARN [06-01|11:11:10.348]      your dev environment.
WARN [06-01|11:11:10.348]   3. A random, pre-allocated developer account will be available and unlocked as
WARN [06-01|11:11:10.348]      eth.coinbase, which can be used for testing. The random dev account is temporary,
WARN [06-01|11:11:10.348]      stored on a ramdisk, and will be lost if your machine is restarted.
WARN [06-01|11:11:10.348]   4. Mining is enabled by default. However, the client will only seal blocks if transactions
WARN [06-01|11:11:10.348]      are pending in the mempool. The miner's minimum accepted gas price is 1.
WARN [06-01|11:11:10.348]   5. Networking is disabled; there is no listen-address, the maximum number of peers is set
WARN [06-01|11:11:10.348]      to 0, and discovery is disabled.
WARN [06-01|11:11:10.348] 
INFO [06-01|11:11:10.348] Starting peer-to-peer node               instance=Geth/v1.17.3-unstable/linux-amd64/go1.24.9
WARN [06-01|11:11:10.348] P2P server will be useless, neither dialing nor listening
INFO [06-01|11:11:10.369] IPC endpoint opened                      url=/mnt/state_expiry_vol_data/ubt-vs-pbt-dbs/ubt/geth.ipc
ERROR[06-01|11:11:10.369] Unavailable modules in HTTP API list     unavailable=[personal] available="[admin debug web3 eth txpool miner net dev testing]"
INFO [06-01|11:11:10.369] New local node record                    seq=1,780,289,664,708 id=c084d8867e8cc127 ip=127.0.0.1 udp=0 tcp=0
INFO [06-01|11:11:10.370] Started P2P networking                   self=enode://ed0ccbffbfc0dc9f1b0f8e55d585ad3e61215b1974f32d9388e7ae53563e3ebe0172c21d754fa202c3a63f95bef3ff3ea24339ffdabd0115c47ec5b8d33136a9@127.0.0.1:0
INFO [06-01|11:11:10.370] HTTP server started                      endpoint=127.0.0.1:8545 auth=false prefix= cors= vhosts=localhost
INFO [06-01|11:11:10.370] WebSocket enabled                        url=ws://127.0.0.1:8546
INFO [06-01|11:11:10.678] Loaded local transaction journal         transactions=3169 dropped=0
INFO [06-01|11:11:11.610] Started log indexer
INFO [06-01|11:11:11.646] Starting work on payload                 id=0x03e6640b552e8b8e
INFO [06-01|11:11:11.650] Updated payload                          id=0x03e6640b552e8b8e number=4481 hash=91f4e0..f50c5c txs=0 withdrawals=0 gas=0 fees=0 root=5c1693..e79bca elapsed=3.480ms
INFO [06-01|11:11:11.650] Stopping work on payload                 id=0x03e6640b552e8b8e reason=delivery
WARN [06-01|11:11:11.661] {"level":"warn","msg":"Slow block","block":{"number":4481,"hash":"0x91f4e033e9809a8d90a9b110680ef97b2617de50f0711b014b3ea2e034f50c5c","gas_used":0,"tx_count":0},"timing":{"execution_ms":0.054547,"state_read_ms":9.765196,"state_hash_ms":0.002387,"commit_ms":0.283035,"total_ms":10.423005},"throughput":{"mgas_per_sec":0},"state_reads":{"accounts":4,"storage_slots":0,"code":0,"code_bytes":0},"state_writes":{"accounts":0,"accounts_deleted":0,"storage_slots":0,"storage_slots_deleted":0,"code":0,"code_bytes":0},"cache":{"account":{"hits":0,"misses":4,"hit_rate":0},"storage":{"hits":0,"misses":0,"hit_rate":0},"code":{"hits":0,"misses":0,"hit_rate":0,"hit_bytes":0,"miss_bytes":0}}}
INFO [06-01|11:11:11.661] Imported new potential chain segment     number=4481 hash=91f4e0..f50c5c blocks=1 txs=0 mgas=0.000 elapsed=10.745ms mgasps=0.000 triediffs=28.30MiB triedirty=0.00B
INFO [06-01|11:11:11.661] Chain head was updated                   number=4481 hash=91f4e0..f50c5c root=5c1693..e79bca elapsed="74.779µs"
INFO [06-01|11:11:12.666] Starting work on payload                 id=0x03d596af2b04dbc8
INFO [06-01|11:11:12.669] Updated payload                          id=0x03d596af2b04dbc8 number=4482 hash=9f0367..6eb1f5 txs=0 withdrawals=0 gas=0 fees=0 root=5c1693..e79bca elapsed=3.223ms
INFO [06-01|11:11:12.669] Stopping work on payload                 id=0x03d596af2b04dbc8 reason=delivery
WARN [06-01|11:11:12.677] {"level":"warn","msg":"Slow block","block":{"number":4482,"hash":"0x9f0367c62ee30f30d89d48a0c884c1ad0b1dfcb39a42b41f7c280dc4af6eb1f5","gas_used":0,"tx_count":0},"timing":{"execution_ms":0.025914,"state_read_ms":7.581279,"state_hash_ms":0.001322,"commit_ms":0.138785,"total_ms":7.924174},"throughput":{"mgas_per_sec":0},"state_reads":{"accounts":4,"storage_slots":0,"code":0,"code_bytes":0},"state_writes":{"accounts":0,"accounts_deleted":0,"storage_slots":0,"storage_slots_deleted":0,"code":0,"code_bytes":0},"cache":{"account":{"hits":0,"misses":4,"hit_rate":0},"storage":{"hits":0,"misses":0,"hit_rate":0},"code":{"hits":0,"misses":0,"hit_rate":0,"hit_bytes":0,"miss_bytes":0}}}
INFO [06-01|11:11:12.677] Imported new potential chain segment     number=4482 hash=9f0367..6eb1f5 blocks=1 txs=0 mgas=0.000 elapsed=8.094ms    mgasps=0.000 triediffs=28.30MiB triedirty=0.00B
INFO [06-01|11:11:12.679] Chain head was updated                   number=4482 hash=9f0367..6eb1f5 root=5c1693..e79bca elapsed=1.477281ms
INFO [06-01|11:11:13.683] Starting work on payload                 id=0x031e5e01db891b68
INFO [06-01|11:11:13.686] Updated payload                          id=0x031e5e01db891b68 number=4483 hash=bcd66e..6140c8 txs=0 withdrawals=0 gas=0 fees=0 root=5c1693..e79bca elapsed=3.194ms
INFO [06-01|11:11:13.687] Stopping work on payload                 id=0x031e5e01db891b68 reason=delivery
WARN [06-01|11:11:13.697] {"level":"warn","msg":"Slow block","block":{"number":4483,"hash":"0xbcd66ea41ade51ba36ca171ddad3516d9452ddb7fdd83a7f62b86d6e8a6140c8","gas_used":0,"tx_count":0},"timing":{"execution_ms":0.02143,"state_read_ms":9.970508,"state_hash_ms":0.00228,"commit_ms":0.608183,"total_ms":10.740738},"throughput":{"mgas_per_sec":0},"state_reads":{"accounts":4,"storage_slots":0,"code":0,"code_bytes":0},"state_writes":{"accounts":0,"accounts_deleted":0,"storage_slots":0,"storage_slots_deleted":0,"code":0,"code_bytes":0},"cache":{"account":{"hits":0,"misses":4,"hit_rate":0},"storage":{"hits":0,"misses":0,"hit_rate":0},"code":{"hits":0,"misses":0,"hit_rate":0,"hit_bytes":0,"miss_bytes":0}}}
INFO [06-01|11:11:13.697] Imported new potential chain segment     number=4483 hash=bcd66e..6140c8 blocks=1 txs=0 mgas=0.000 elapsed=10.949ms   mgasps=0.000 triediffs=28.30MiB triedirty=0.00B
INFO [06-01|11:11:13.698] Chain head was updated                   number=4483 hash=bcd66e..6140c8 root=5c1693..e79bca elapsed="68.649µs"
INFO [06-01|11:11:13.751] Submitted contract creation              hash=0xc17307d4ab05d9b7c7d30089a9170a081ca0aec3460d353f21c68119ae75ef4b from=0xf39Fd6e51aad88F6F4ce6aB8827279cffFb92266 nonce=1329 contract=0xC35EBbbFeB1c7C17295Ba6EB08F59cC1e54d2c7d value=0
INFO [06-01|11:11:13.751] Submitted transaction                    hash=0xb17e08c3adaf9d493ee05b52d6235a822eb7f70d30ac9c00543471e317a495ac from=0xf39Fd6e51aad88F6F4ce6aB8827279cffFb92266 nonce=1330 recipient=0xbDd03E57d078eE301C27FAdcC3034cB9a94e795D value=78,000,000
INFO [06-01|11:11:14.702] Starting work on payload                 id=0x03ceae67cca8b00d
INFO [06-01|11:11:14.763] Updated payload                          id=0x03ceae67cca8b00d number=4484 hash=25a573..ed5216 txs=2 withdrawals=0 gas=91710 fees=5.5026e-13 root=abe918..c15893 elapsed=60.048ms
INFO [06-01|11:11:14.763] Stopping work on payload                 id=0x03ceae67cca8b00d reason=delivery
INFO [06-01|11:11:14.786] Paused snapshot generation
WARN [06-01|11:11:14.787] {"level":"warn","msg":"Slow block","block":{"number":4484,"hash":"0x25a573603776a84e5520121f8170c4d0673bab294ca25b3935d1191faeed5216","gas_used":91710,"tx_count":2},"timing":{"execution_ms":0.134663,"state_read_ms":3.447674,"state_hash_ms":14.38119,"commit_ms":5.587257,"total_ms":23.723559},"throughput":{"mgas_per_sec":3.8657774746192173},"state_reads":{"accounts":11,"storage_slots":0,"code":0,"code_bytes":0},"state_writes":{"accounts":3,"accounts_deleted":0,"storage_slots":0,"storage_slots_deleted":0,"code":1,"code_bytes":305},"cache":{"account":{"hits":6,"misses":5,"hit_rate":54.54545454545454},"storage":{"hits":0,"misses":0,"hit_rate":0},"code":{"hits":0,"misses":0,"hit_rate":0,"hit_bytes":0,"miss_bytes":0}}}
INFO [06-01|11:11:14.787] Imported new potential chain segment     number=4484 hash=25a573..ed5216 blocks=1 txs=2 mgas=0.092 elapsed=23.918ms   mgasps=3.834 triediffs=26.98MiB triedirty=0.00B
INFO [06-01|11:11:14.787] Chain head was updated                   number=4484 hash=25a573..ed5216 root=abe918..c15893 elapsed="182.779µs"
WARN [06-01|11:11:14.830] Snapshot generation is not permitted
INFO [06-01|11:11:15.767] Submitted transaction                    hash=0x247029bbf755447693ea43296360383ed654bc8b4f2fe2154db11d45a03ba526 from=0xbDd03E57d078eE301C27FAdcC3034cB9a94e795D nonce=0    recipient=0xC35EBbbFeB1c7C17295Ba6EB08F59cC1e54d2c7d value=0
INFO [06-01|11:11:15.803] Starting work on payload                 id=0x03498c1f01fb49f1
INFO [06-01|11:11:15.988] Updated payload                          id=0x03498c1f01fb49f1 number=4485 hash=81445d..b73d57 txs=1 withdrawals=0 gas=5,908,267 fees=3.5449602e-11 root=3404ca..e7bbb0 elapsed=185.177ms
INFO [06-01|11:11:15.988] Stopping work on payload                 id=0x03498c1f01fb49f1 reason=delivery
INFO [06-01|11:11:16.070] Paused snapshot generation
WARN [06-01|11:11:16.071] {"level":"warn","msg":"Slow block","block":{"number":4485,"hash":"0x81445d17780f2e24129988f69e359dda7e049fbaba6b7b232200132ee3b73d57","gas_used":5908267,"tx_count":1},"timing":{"execution_ms":59.896074,"state_read_ms":9.458235,"state_hash_ms":11.079048,"commit_ms":1.88865,"total_ms":82.562871},"throughput":{"mgas_per_sec":71.56082302418965},"state_reads":{"accounts":17,"storage_slots":723,"code":11,"code_bytes":585},"state_writes":{"accounts":3,"accounts_deleted":0,"storage_slots":85,"storage_slots_deleted":0,"code":0,"code_bytes":0},"cache":{"account":{"hits":7,"misses":10,"hit_rate":41.17647058823529},"storage":{"hits":148,"misses":575,"hit_rate":20.470262793914245},"code":{"hits":11,"misses":0,"hit_rate":100,"hit_bytes":585,"miss_bytes":0}}}
INFO [06-01|11:11:16.071] Imported new potential chain segment     number=4485 hash=81445d..b73d57 blocks=1 txs=1 mgas=5.908 elapsed=83.023ms    mgasps=71.164 triediffs=27.01MiB triedirty=0.00B
INFO [06-01|11:11:16.071] Chain head was updated                   number=4485 hash=81445d..b73d57 root=3404ca..e7bbb0 elapsed="112.271µs"
WARN [06-01|11:11:16.107] Snapshot generation is not permitted
INFO [06-01|11:11:16.780] Submitted transaction                    hash=0x84f6687f86e662fda29ccf855617cd1980ace597801684698bd456b5c8cb88da from=0xbDd03E57d078eE301C27FAdcC3034cB9a94e795D nonce=1    recipient=0xf39Fd6e51aad88F6F4ce6aB8827279cffFb92266 value=940,529
INFO [06-01|11:11:17.076] Starting work on payload                 id=0x03757975266913e4
INFO [06-01|11:11:17.082] Updated payload                          id=0x03757975266913e4 number=4486 hash=4364cd..78e3c4 txs=1 withdrawals=0 gas=21000     fees=2.1e-14       root=35439d..0c713c elapsed=5.798ms
INFO [06-01|11:11:17.082] Stopping work on payload                 id=0x03757975266913e4 reason=delivery
INFO [06-01|11:11:17.097] Paused snapshot generation
WARN [06-01|11:11:17.098] {"level":"warn","msg":"Slow block","block":{"number":4486,"hash":"0x4364cd5ddc4cf402bffc177ebf480fe7b4645048cf141b5608bf98ef4d78e3c4","gas_used":21000,"tx_count":1},"timing":{"execution_ms":0.07389,"state_read_ms":1.047993,"state_hash_ms":13.269814,"commit_ms":1.094525,"total_ms":15.961708},"throughput":{"mgas_per_sec":1.315648676194302},"state_reads":{"accounts":6,"storage_slots":0,"code":0,"code_bytes":0},"state_writes":{"accounts":2,"accounts_deleted":0,"storage_slots":0,"storage_slots_deleted":0,"code":0,"code_bytes":0},"cache":{"account":{"hits":2,"misses":4,"hit_rate":33.33333333333333},"storage":{"hits":0,"misses":0,"hit_rate":0},"code":{"hits":0,"misses":0,"hit_rate":0,"hit_bytes":0,"miss_bytes":0}}}
INFO [06-01|11:11:17.098] Imported new potential chain segment     number=4486 hash=4364cd..78e3c4 blocks=1 txs=1 mgas=0.021 elapsed=16.146ms    mgasps=1.301  triediffs=27.00MiB triedirty=0.00B
INFO [06-01|11:11:17.098] Chain head was updated                   number=4486 hash=4364cd..78e3c4 root=35439d..0c713c elapsed="88.458µs"
WARN [06-01|11:11:17.120] Snapshot generation is not permitted
INFO [06-01|11:11:18.103] Starting work on payload                 id=0x034f5161c27deef3
INFO [06-01|11:11:18.106] Updated payload                          id=0x034f5161c27deef3 number=4487 hash=d8b18c..beb84f txs=0 withdrawals=0 gas=0         fees=0             root=35439d..0c713c elapsed=3.143ms
INFO [06-01|11:11:18.106] Stopping work on payload                 id=0x034f5161c27deef3 reason=delivery
WARN [06-01|11:11:18.110] {"level":"warn","msg":"Slow block","block":{"number":4487,"hash":"0xd8b18cd5fef6ac5813a9474cf2a893b3c5e909b0fbac73c90f24dff7ccbeb84f","gas_used":0,"tx_count":0},"timing":{"execution_ms":0.029225,"state_read_ms":2.739761,"state_hash_ms":0.001878,"commit_ms":0.296529,"total_ms":3.523603},"throughput":{"mgas_per_sec":0},"state_reads":{"accounts":4,"storage_slots":0,"code":0,"code_bytes":0},"state_writes":{"accounts":0,"accounts_deleted":0,"storage_slots":0,"storage_slots_deleted":0,"code":0,"code_bytes":0},"cache":{"account":{"hits":0,"misses":4,"hit_rate":0},"storage":{"hits":0,"misses":0,"hit_rate":0},"code":{"hits":0,"misses":0,"hit_rate":0,"hit_bytes":0,"miss_bytes":0}}}
INFO [06-01|11:11:18.110] Imported new potential chain segment     number=4487 hash=d8b18c..beb84f blocks=1 txs=0 mgas=0.000 elapsed=3.670ms     mgasps=0.000  triediffs=27.00MiB triedirty=0.00B
INFO [06-01|11:11:18.110] Chain head was updated                   number=4487 hash=d8b18c..beb84f root=35439d..0c713c elapsed="41.835µs"
