WARN [06-01|11:07:58.815] Unknown config environment variable      envvar=GETH_PBT_BIN
WARN [06-01|11:07:58.815] Unknown config environment variable      envvar=GETH_UBT_BIN
INFO [06-01|11:07:58.830] Starting Geth on Ethereum mainnet...
INFO [06-01|11:07:58.832] Maximum peer count                       ETH=0 total=0
INFO [06-01|11:07:58.834] Smartcard socket not found, disabling    err="stat /run/pcscd/pcscd.comm: no such file or directory"
WARN [06-01|11:07:58.836] Option --miner.etherbase is deprecated as the etherbase is set by the consensus client post-merge
WARN [06-01|11:07:58.838] Snap sync requested, resetting --cache.snapshot
INFO [06-01|11:07:58.838] Set global gas cap                       cap=50,000,000
INFO [06-01|11:07:59.669] Using developer account                  address=0xf39Fd6e51aad88F6F4ce6aB8827279cffFb92266
INFO [06-01|11:07:59.716] Using pebble as the backing database
INFO [06-01|11:07:59.716] Allocated cache and file handles         database=/mnt/state_expiry_vol_data/ubt-vs-pbt-dbs/ubt/geth/chaindata cache=16.00MiB handles=262,144
INFO [06-01|11:07:59.948] Opened ancient database                  database=/mnt/state_expiry_vol_data/ubt-vs-pbt-dbs/ubt/geth/chaindata/ancient/chain readonly=true
INFO [06-01|11:07:59.948] Opened Era store                         datadir=/mnt/state_expiry_vol_data/ubt-vs-pbt-dbs/ubt/geth/chaindata/ancient/chain/era
INFO [06-01|11:07:59.955] Initializing the KZG library             backend=gokzg
INFO [06-01|11:07:59.957] Allocated trie memory caches             clean=0.00B dirty=0.00B
INFO [06-01|11:07:59.966] Using pebble as the backing database
INFO [06-01|11:07:59.966] Allocated cache and file handles         database=/mnt/state_expiry_vol_data/ubt-vs-pbt-dbs/ubt/geth/chaindata cache=16.00MiB handles=262,144
INFO [06-01|11:08:00.162] Opened ancient database                  database=/mnt/state_expiry_vol_data/ubt-vs-pbt-dbs/ubt/geth/chaindata/ancient/chain readonly=false
INFO [06-01|11:08:00.162] Opened Era store                         datadir=/mnt/state_expiry_vol_data/ubt-vs-pbt-dbs/ubt/geth/chaindata/ancient/chain/era
INFO [06-01|11:08:00.169] State scheme set to already existing     scheme=path
INFO [06-01|11:08:00.169] Initialising Ethereum protocol           network=1337 dbversion=9
INFO [06-01|11:08:00.170] Load database journal from file          path=/mnt/state_expiry_vol_data/ubt-vs-pbt-dbs/ubt/geth/triedb/verkle.journal
INFO [06-01|11:08:00.617] Opened ancient database                  database=/mnt/state_expiry_vol_data/ubt-vs-pbt-dbs/ubt/geth/chaindata/ancient/state_verkle readonly=false
INFO [06-01|11:08:00.619] State snapshot generator is not compatible
INFO [06-01|11:08:00.619] Initialized path database                triecache=0.00B statecache=0.00B buffer=0.00B state-history="last 90000 blocks" journal-dir=/mnt/state_expiry_vol_data/ubt-vs-pbt-dbs/ubt/geth/triedb verkle=true
INFO [06-01|11:08:00.619] 
INFO [06-01|11:08:00.619] ---------------------------------------------------------------------------------------------------------------------------------------------------------
INFO [06-01|11:08:00.619] Chain ID:  1337 (unknown)
INFO [06-01|11:08:00.619] Consensus: unknown
INFO [06-01|11:08:00.619] 
INFO [06-01|11:08:00.619] Pre-Merge hard forks (block based):
INFO [06-01|11:08:00.619]  - Homestead:                   #0       
INFO [06-01|11:08:00.619]  - Tangerine Whistle (EIP 150): #0       
INFO [06-01|11:08:00.619]  - Spurious Dragon/1 (EIP 155): #0       
INFO [06-01|11:08:00.619]  - Spurious Dragon/2 (EIP 158): #0       
INFO [06-01|11:08:00.619]  - Byzantium:                   #0       
INFO [06-01|11:08:00.619]  - Constantinople:              #0       
INFO [06-01|11:08:00.619]  - Petersburg:                  #0       
INFO [06-01|11:08:00.619]  - Istanbul:                    #0       
INFO [06-01|11:08:00.619]  - Berlin:                      #0       
INFO [06-01|11:08:00.619]  - London:                      #0       
INFO [06-01|11:08:00.619]  - Arrow Glacier:               #0       
INFO [06-01|11:08:00.619]  - Gray Glacier:                #0       
INFO [06-01|11:08:00.619] 
INFO [06-01|11:08:00.619] Merge configured:
INFO [06-01|11:08:00.619]  - Total terminal difficulty:  0
INFO [06-01|11:08:00.619]  - Merge netsplit block:       #0       
INFO [06-01|11:08:00.619] 
INFO [06-01|11:08:00.619] Post-Merge hard forks (timestamp based):
INFO [06-01|11:08:00.619]  - Shanghai:                    @0         
INFO [06-01|11:08:00.619]  - Cancun:                      @0          blob: (target: 3, max: 6, fraction: 3338477)
INFO [06-01|11:08:00.619]  - Prague:                      @0          blob: (target: 6, max: 9, fraction: 5007716)
INFO [06-01|11:08:00.619]  - Osaka:                       @0          blob: (target: 6, max: 9, fraction: 5007716)
INFO [06-01|11:08:00.619]  - UBT:                         @0          blob: (nil)
INFO [06-01|11:08:00.619] 
INFO [06-01|11:08:00.619] All fork specifications can be found at https://ethereum.github.io/execution-specs/src/ethereum/forks/
INFO [06-01|11:08:00.619] 
INFO [06-01|11:08:00.619] ---------------------------------------------------------------------------------------------------------------------------------------------------------
INFO [06-01|11:08:00.619] 
INFO [06-01|11:08:00.621] Loaded most recent local block           number=4368 hash=847560..8c4ded age=4s
INFO [06-01|11:08:00.621] Loaded most recent local finalized block number=4352 hash=2811f9..6cd6eb age=33s
INFO [06-01|11:08:00.622] Initialized transaction indexer          range="last 2350000 blocks"
INFO [06-01|11:08:00.622] Initialized log indexer                  firstblock=0 lastblock=4368 firstmap=0 lastmap=0 headindexed=true
INFO [06-01|11:08:00.637] Enabled full-sync                        head=4368 hash=847560..8c4ded
INFO [06-01|11:08:00.637] Unprotected transactions allowed
INFO [06-01|11:08:00.637] Gasprice oracle is ignoring threshold set threshold=2
INFO [06-01|11:08:00.637] Registered sync override service
WARN [06-01|11:08:00.637] You are running Geth in --dev mode. Please note the following:
WARN [06-01|11:08:00.637] 
WARN [06-01|11:08:00.637]   1. This mode is only intended for fast, iterative development without assumptions on
WARN [06-01|11:08:00.637]      security or persistence.
WARN [06-01|11:08:00.637]   2. The database is created in memory unless specified otherwise. Therefore, shutting down
WARN [06-01|11:08:00.637]      your computer or losing power will wipe your entire block data and chain state for
WARN [06-01|11:08:00.637]      your dev environment.
WARN [06-01|11:08:00.637]   3. A random, pre-allocated developer account will be available and unlocked as
WARN [06-01|11:08:00.637]      eth.coinbase, which can be used for testing. The random dev account is temporary,
WARN [06-01|11:08:00.637]      stored on a ramdisk, and will be lost if your machine is restarted.
WARN [06-01|11:08:00.637]   4. Mining is enabled by default. However, the client will only seal blocks if transactions
WARN [06-01|11:08:00.637]      are pending in the mempool. The miner's minimum accepted gas price is 1.
WARN [06-01|11:08:00.637]   5. Networking is disabled; there is no listen-address, the maximum number of peers is set
WARN [06-01|11:08:00.637]      to 0, and discovery is disabled.
WARN [06-01|11:08:00.637] 
INFO [06-01|11:08:00.637] Starting peer-to-peer node               instance=Geth/v1.17.3-unstable/linux-amd64/go1.24.9
WARN [06-01|11:08:00.637] P2P server will be useless, neither dialing nor listening
INFO [06-01|11:08:00.656] IPC endpoint opened                      url=/mnt/state_expiry_vol_data/ubt-vs-pbt-dbs/ubt/geth.ipc
ERROR[06-01|11:08:00.656] Unavailable modules in HTTP API list     unavailable=[personal] available="[admin debug web3 eth txpool miner net dev testing]"
INFO [06-01|11:08:00.656] New local node record                    seq=1,780,289,664,689 id=c084d8867e8cc127 ip=127.0.0.1 udp=0 tcp=0
INFO [06-01|11:08:00.656] Started P2P networking                   self=enode://ed0ccbffbfc0dc9f1b0f8e55d585ad3e61215b1974f32d9388e7ae53563e3ebe0172c21d754fa202c3a63f95bef3ff3ea24339ffdabd0115c47ec5b8d33136a9@127.0.0.1:0
INFO [06-01|11:08:00.656] HTTP server started                      endpoint=127.0.0.1:8545 auth=false prefix= cors= vhosts=localhost
INFO [06-01|11:08:00.656] WebSocket enabled                        url=ws://127.0.0.1:8546
INFO [06-01|11:08:01.023] Loaded local transaction journal         transactions=3093 dropped=0
INFO [06-01|11:08:01.832] Started log indexer
INFO [06-01|11:08:01.866] Starting work on payload                 id=0x03da5ea33707d4af
INFO [06-01|11:08:01.870] Updated payload                          id=0x03da5ea33707d4af number=4369 hash=9a15ae..7e6112 txs=0 withdrawals=0 gas=0 fees=0 root=eb907c..e2c017 elapsed=3.351ms
INFO [06-01|11:08:01.870] Stopping work on payload                 id=0x03da5ea33707d4af reason=delivery
WARN [06-01|11:08:01.875] {"level":"warn","msg":"Slow block","block":{"number":4369,"hash":"0x9a15ae5cc6ea1189a35eda62802a723b2b2a50ce07718d02f3250635047e6112","gas_used":0,"tx_count":0},"timing":{"execution_ms":0.052428,"state_read_ms":3.731775,"state_hash_ms":0.001759,"commit_ms":0.232125,"total_ms":4.287558},"throughput":{"mgas_per_sec":0},"state_reads":{"accounts":4,"storage_slots":0,"code":0,"code_bytes":0},"state_writes":{"accounts":0,"accounts_deleted":0,"storage_slots":0,"storage_slots_deleted":0,"code":0,"code_bytes":0},"cache":{"account":{"hits":0,"misses":4,"hit_rate":0},"storage":{"hits":0,"misses":0,"hit_rate":0},"code":{"hits":0,"misses":0,"hit_rate":0,"hit_bytes":0,"miss_bytes":0}}}
INFO [06-01|11:08:01.875] Imported new potential chain segment     number=4369 hash=9a15ae..7e6112 blocks=1 txs=0 mgas=0.000 elapsed=4.687ms mgasps=0.000 triediffs=40.02MiB triedirty=0.00B
INFO [06-01|11:08:01.875] Chain head was updated                   number=4369 hash=9a15ae..7e6112 root=eb907c..e2c017 elapsed="91.294µs"
INFO [06-01|11:08:02.881] Starting work on payload                 id=0x03bcdd14c05dd4c2
INFO [06-01|11:08:02.884] Updated payload                          id=0x03bcdd14c05dd4c2 number=4370 hash=7ad8b2..5bef80 txs=0 withdrawals=0 gas=0 fees=0 root=eb907c..e2c017 elapsed=3.034ms
INFO [06-01|11:08:02.884] Stopping work on payload                 id=0x03bcdd14c05dd4c2 reason=delivery
WARN [06-01|11:08:02.887] {"level":"warn","msg":"Slow block","block":{"number":4370,"hash":"0x7ad8b257ae2085ac2493b7f5a83e65e9150d5de74be2a2aa240fb0ae9d5bef80","gas_used":0,"tx_count":0},"timing":{"execution_ms":0.022198,"state_read_ms":2.836212,"state_hash_ms":0.001533,"commit_ms":0.102003,"total_ms":3.130739},"throughput":{"mgas_per_sec":0},"state_reads":{"accounts":4,"storage_slots":0,"code":0,"code_bytes":0},"state_writes":{"accounts":0,"accounts_deleted":0,"storage_slots":0,"storage_slots_deleted":0,"code":0,"code_bytes":0},"cache":{"account":{"hits":0,"misses":4,"hit_rate":0},"storage":{"hits":0,"misses":0,"hit_rate":0},"code":{"hits":0,"misses":0,"hit_rate":0,"hit_bytes":0,"miss_bytes":0}}}
INFO [06-01|11:08:02.887] Imported new potential chain segment     number=4370 hash=7ad8b2..5bef80 blocks=1 txs=0 mgas=0.000 elapsed=3.296ms    mgasps=0.000 triediffs=40.02MiB triedirty=0.00B
INFO [06-01|11:08:02.888] Chain head was updated                   number=4370 hash=7ad8b2..5bef80 root=eb907c..e2c017 elapsed="29.58µs"
INFO [06-01|11:08:03.813] Submitted contract creation              hash=0xa5a0aceb6b8e346f6837af0dfb1009fa01cf4d56188359e3681f31e3d112730f from=0xf39Fd6e51aad88F6F4ce6aB8827279cffFb92266 nonce=1291 contract=0x62822bFD0B059A918f8eC5b8f0d4691E45347f1b value=0
INFO [06-01|11:08:03.814] Submitted transaction                    hash=0x97c39ca11b222128d59c25300a36a8959b80a48463f4f78d38f10d4008d7debc from=0xf39Fd6e51aad88F6F4ce6aB8827279cffFb92266 nonce=1292 recipient=0x6AD9Db659263A9DDc4985037c0fd2c4777c57055 value=78,000,000
INFO [06-01|11:08:03.893] Starting work on payload                 id=0x03ec572f40d52c5c
INFO [06-01|11:08:03.936] Updated payload                          id=0x03ec572f40d52c5c number=4371 hash=8df8a7..e9c173 txs=2 withdrawals=0 gas=91678 fees=5.50068e-13 root=175ebf..ffee78 elapsed=42.842ms
INFO [06-01|11:08:03.936] Stopping work on payload                 id=0x03ec572f40d52c5c reason=delivery
INFO [06-01|11:08:03.969] Paused snapshot generation
WARN [06-01|11:08:03.970] {"level":"warn","msg":"Slow block","block":{"number":4371,"hash":"0x8df8a7938c68fb0880fc1cf5a7fba629f43fd767749fde84a4e1637bf9e9c173","gas_used":91678,"tx_count":2},"timing":{"execution_ms":0.127752,"state_read_ms":14.469284,"state_hash_ms":13.619793,"commit_ms":5.12747,"total_ms":33.549849},"throughput":{"mgas_per_sec":2.7325905401243387},"state_reads":{"accounts":11,"storage_slots":0,"code":0,"code_bytes":0},"state_writes":{"accounts":3,"accounts_deleted":0,"storage_slots":0,"storage_slots_deleted":0,"code":1,"code_bytes":303},"cache":{"account":{"hits":5,"misses":6,"hit_rate":45.45454545454545},"storage":{"hits":0,"misses":0,"hit_rate":0},"code":{"hits":0,"misses":0,"hit_rate":0,"hit_bytes":0,"miss_bytes":0}}}
INFO [06-01|11:08:03.970] Imported new potential chain segment     number=4371 hash=8df8a7..e9c173 blocks=1 txs=2 mgas=0.092 elapsed=33.715ms   mgasps=2.719 triediffs=39.38MiB triedirty=0.00B
INFO [06-01|11:08:03.970] Chain head was updated                   number=4371 hash=8df8a7..e9c173 root=175ebf..ffee78 elapsed="181.16µs"
WARN [06-01|11:08:03.991] Snapshot generation is not permitted
INFO [06-01|11:08:04.827] Submitted transaction                    hash=0xb2173e382a3fe925edb207a0aced46970e30ded6fa797efb57f56663eeab3f3d from=0x6AD9Db659263A9DDc4985037c0fd2c4777c57055 nonce=0    recipient=0x62822bFD0B059A918f8eC5b8f0d4691E45347f1b value=0
INFO [06-01|11:08:04.995] Starting work on payload                 id=0x038e214fc55d5832
INFO [06-01|11:08:05.158] Updated payload                          id=0x038e214fc55d5832 number=4372 hash=a2c266..6807a4 txs=1 withdrawals=0 gas=5,911,513 fees=3.5469078e-11 root=3a2210..a4014f elapsed=163.130ms
INFO [06-01|11:08:05.158] Stopping work on payload                 id=0x038e214fc55d5832 reason=delivery
INFO [06-01|11:08:05.259] Paused snapshot generation
WARN [06-01|11:08:05.260] {"level":"warn","msg":"Slow block","block":{"number":4372,"hash":"0xa2c266f59c0d9d60dbfcdcf7e5ffe64ebee9abdc3eb4d080d2bef6d9196807a4","gas_used":5911513,"tx_count":1},"timing":{"execution_ms":90.678524,"state_read_ms":5.952933,"state_hash_ms":2.949548,"commit_ms":1.47433,"total_ms":101.398283},"throughput":{"mgas_per_sec":58.29993196235877},"state_reads":{"accounts":8,"storage_slots":638,"code":2,"code_bytes":331},"state_writes":{"accounts":3,"accounts_deleted":0,"storage_slots":96,"storage_slots_deleted":0,"code":0,"code_bytes":0},"cache":{"account":{"hits":4,"misses":4,"hit_rate":50},"storage":{"hits":449,"misses":189,"hit_rate":70.37617554858933},"code":{"hits":2,"misses":0,"hit_rate":100,"hit_bytes":331,"miss_bytes":0}}}
INFO [06-01|11:08:05.260] Imported new potential chain segment     number=4372 hash=a2c266..6807a4 blocks=1 txs=1 mgas=5.912 elapsed=101.567ms  mgasps=58.203 triediffs=39.40MiB triedirty=0.00B
INFO [06-01|11:08:05.260] Chain head was updated                   number=4372 hash=a2c266..6807a4 root=3a2210..a4014f elapsed="111.263µs"
WARN [06-01|11:08:05.279] Snapshot generation is not permitted
INFO [06-01|11:08:05.841] Submitted transaction                    hash=0x36f0fe683cd6e3fbc06e40902c13480c7d47143014d1823bfc8c4d0f73796422 from=0x6AD9Db659263A9DDc4985037c0fd2c4777c57055 nonce=1    recipient=0xf39Fd6e51aad88F6F4ce6aB8827279cffFb92266 value=898,331
INFO [06-01|11:08:06.266] Starting work on payload                 id=0x035b914c81778048
INFO [06-01|11:08:06.290] Updated payload                          id=0x035b914c81778048 number=4373 hash=3a7c34..517b02 txs=1 withdrawals=0 gas=21000     fees=2.1e-14       root=deaa55..f9ea62 elapsed=24.124ms
INFO [06-01|11:08:06.290] Stopping work on payload                 id=0x035b914c81778048 reason=delivery
INFO [06-01|11:08:06.297] Paused snapshot generation
WARN [06-01|11:08:06.297] {"level":"warn","msg":"Slow block","block":{"number":4373,"hash":"0x3a7c344cce7818d89bc6b62bff424714b043a4d169f98dd0af1ae996e3517b02","gas_used":21000,"tx_count":1},"timing":{"execution_ms":0.064635,"state_read_ms":3.095717,"state_hash_ms":2.528543,"commit_ms":0.641117,"total_ms":6.527735},"throughput":{"mgas_per_sec":3.217042358490349},"state_reads":{"accounts":6,"storage_slots":0,"code":0,"code_bytes":0},"state_writes":{"accounts":2,"accounts_deleted":0,"storage_slots":0,"storage_slots_deleted":0,"code":0,"code_bytes":0},"cache":{"account":{"hits":2,"misses":4,"hit_rate":33.33333333333333},"storage":{"hits":0,"misses":0,"hit_rate":0},"code":{"hits":0,"misses":0,"hit_rate":0,"hit_bytes":0,"miss_bytes":0}}}
INFO [06-01|11:08:06.297] Imported new potential chain segment     number=4373 hash=3a7c34..517b02 blocks=1 txs=1 mgas=0.021 elapsed=6.838ms     mgasps=3.071  triediffs=39.40MiB triedirty=0.00B
INFO [06-01|11:08:06.297] Chain head was updated                   number=4373 hash=3a7c34..517b02 root=deaa55..f9ea62 elapsed="50.751µs"
WARN [06-01|11:08:06.330] Snapshot generation is not permitted
