WARN [06-01|06:39:05.318] Unknown config environment variable      envvar=GETH_PBT_BIN
WARN [06-01|06:39:05.318] Unknown config environment variable      envvar=GETH_UBT_BIN
INFO [06-01|06:39:05.329] Starting Geth on Ethereum mainnet...
INFO [06-01|06:39:05.331] Maximum peer count                       ETH=0 total=0
INFO [06-01|06:39:05.332] Smartcard socket not found, disabling    err="stat /run/pcscd/pcscd.comm: no such file or directory"
WARN [06-01|06:39:05.337] Option --miner.etherbase is deprecated as the etherbase is set by the consensus client post-merge
WARN [06-01|06:39:05.338] Snap sync requested, resetting --cache.snapshot
INFO [06-01|06:39:05.339] Set global gas cap                       cap=50,000,000
INFO [06-01|06:39:06.123] Using developer account                  address=0xf39Fd6e51aad88F6F4ce6aB8827279cffFb92266
INFO [06-01|06:39:06.161] Using pebble as the backing database
INFO [06-01|06:39:06.161] Allocated cache and file handles         database=/mnt/state_expiry_vol_data/ubt-vs-pbt-dbs/pbt/geth/chaindata cache=16.00MiB handles=262,144
INFO [06-01|06:39:06.354] Opened ancient database                  database=/mnt/state_expiry_vol_data/ubt-vs-pbt-dbs/pbt/geth/chaindata/ancient/chain readonly=true
INFO [06-01|06:39:06.354] Opened Era store                         datadir=/mnt/state_expiry_vol_data/ubt-vs-pbt-dbs/pbt/geth/chaindata/ancient/chain/era
INFO [06-01|06:39:06.360] Initializing the KZG library             backend=gokzg
INFO [06-01|06:39:06.362] Allocated trie memory caches             clean=0.00B dirty=0.00B
INFO [06-01|06:39:06.371] Using pebble as the backing database
INFO [06-01|06:39:06.371] Allocated cache and file handles         database=/mnt/state_expiry_vol_data/ubt-vs-pbt-dbs/pbt/geth/chaindata cache=16.00MiB handles=262,144
INFO [06-01|06:39:06.533] Opened ancient database                  database=/mnt/state_expiry_vol_data/ubt-vs-pbt-dbs/pbt/geth/chaindata/ancient/chain readonly=false
INFO [06-01|06:39:06.533] Opened Era store                         datadir=/mnt/state_expiry_vol_data/ubt-vs-pbt-dbs/pbt/geth/chaindata/ancient/chain/era
INFO [06-01|06:39:06.538] State scheme set to already existing     scheme=path
INFO [06-01|06:39:06.538] Initialising Ethereum protocol           network=1337 dbversion=9
INFO [06-01|06:39:06.538] Load database journal from file          path=/mnt/state_expiry_vol_data/ubt-vs-pbt-dbs/pbt/geth/triedb/verkle.journal
INFO [06-01|06:39:06.577] Opened ancient database                  database=/mnt/state_expiry_vol_data/ubt-vs-pbt-dbs/pbt/geth/chaindata/ancient/state_verkle readonly=false
INFO [06-01|06:39:06.579] State snapshot generator is not compatible
INFO [06-01|06:39:06.579] Initialized path database                triecache=0.00B statecache=0.00B buffer=0.00B state-history="last 90000 blocks" journal-dir=/mnt/state_expiry_vol_data/ubt-vs-pbt-dbs/pbt/geth/triedb verkle=true
INFO [06-01|06:39:06.579] 
INFO [06-01|06:39:06.579] ---------------------------------------------------------------------------------------------------------------------------------------------------------
INFO [06-01|06:39:06.580] Chain ID:  1337 (unknown)
INFO [06-01|06:39:06.580] Consensus: unknown
INFO [06-01|06:39:06.580] 
INFO [06-01|06:39:06.580] Pre-Merge hard forks (block based):
INFO [06-01|06:39:06.580]  - Homestead:                   #0       
INFO [06-01|06:39:06.580]  - Tangerine Whistle (EIP 150): #0       
INFO [06-01|06:39:06.580]  - Spurious Dragon/1 (EIP 155): #0       
INFO [06-01|06:39:06.580]  - Spurious Dragon/2 (EIP 158): #0       
INFO [06-01|06:39:06.580]  - Byzantium:                   #0       
INFO [06-01|06:39:06.580]  - Constantinople:              #0       
INFO [06-01|06:39:06.580]  - Petersburg:                  #0       
INFO [06-01|06:39:06.580]  - Istanbul:                    #0       
INFO [06-01|06:39:06.580]  - Berlin:                      #0       
INFO [06-01|06:39:06.580]  - London:                      #0       
INFO [06-01|06:39:06.580]  - Arrow Glacier:               #0       
INFO [06-01|06:39:06.580]  - Gray Glacier:                #0       
INFO [06-01|06:39:06.580] 
INFO [06-01|06:39:06.580] Merge configured:
INFO [06-01|06:39:06.580]  - Total terminal difficulty:  0
INFO [06-01|06:39:06.580]  - Merge netsplit block:       #0       
INFO [06-01|06:39:06.580] 
INFO [06-01|06:39:06.580] Post-Merge hard forks (timestamp based):
INFO [06-01|06:39:06.580]  - Shanghai:                    @0         
INFO [06-01|06:39:06.580]  - Cancun:                      @0          blob: (target: 3, max: 6, fraction: 3338477)
INFO [06-01|06:39:06.580]  - Prague:                      @0          blob: (target: 6, max: 9, fraction: 5007716)
INFO [06-01|06:39:06.580]  - Osaka:                       @0          blob: (target: 6, max: 9, fraction: 5007716)
INFO [06-01|06:39:06.580]  - UBT:                         @0          blob: (nil)
INFO [06-01|06:39:06.580] 
INFO [06-01|06:39:06.580] All fork specifications can be found at https://ethereum.github.io/execution-specs/src/ethereum/forks/
INFO [06-01|06:39:06.580] 
INFO [06-01|06:39:06.580] ---------------------------------------------------------------------------------------------------------------------------------------------------------
INFO [06-01|06:39:06.580] 
INFO [06-01|06:39:06.581] Loaded most recent local block           number=524 hash=39b462..9d67af age=3s
INFO [06-01|06:39:06.582] Loaded most recent local finalized block number=512 hash=34bc5c..e4d30d age=19s
INFO [06-01|06:39:06.583] Initialized transaction indexer          range="last 2350000 blocks"
INFO [06-01|06:39:06.583] Initialized log indexer                  firstblock=0 lastblock=524 firstmap=0 lastmap=0 headindexed=true
INFO [06-01|06:39:06.603] Enabled full-sync                        head=524 hash=39b462..9d67af
INFO [06-01|06:39:06.603] Unprotected transactions allowed
INFO [06-01|06:39:06.603] Gasprice oracle is ignoring threshold set threshold=2
INFO [06-01|06:39:06.603] Registered sync override service
WARN [06-01|06:39:06.603] You are running Geth in --dev mode. Please note the following:
WARN [06-01|06:39:06.603] 
WARN [06-01|06:39:06.603]   1. This mode is only intended for fast, iterative development without assumptions on
WARN [06-01|06:39:06.603]      security or persistence.
WARN [06-01|06:39:06.603]   2. The database is created in memory unless specified otherwise. Therefore, shutting down
WARN [06-01|06:39:06.603]      your computer or losing power will wipe your entire block data and chain state for
WARN [06-01|06:39:06.603]      your dev environment.
WARN [06-01|06:39:06.603]   3. A random, pre-allocated developer account will be available and unlocked as
WARN [06-01|06:39:06.603]      eth.coinbase, which can be used for testing. The random dev account is temporary,
WARN [06-01|06:39:06.603]      stored on a ramdisk, and will be lost if your machine is restarted.
WARN [06-01|06:39:06.603]   4. Mining is enabled by default. However, the client will only seal blocks if transactions
WARN [06-01|06:39:06.603]      are pending in the mempool. The miner's minimum accepted gas price is 1.
WARN [06-01|06:39:06.603]   5. Networking is disabled; there is no listen-address, the maximum number of peers is set
WARN [06-01|06:39:06.603]      to 0, and discovery is disabled.
WARN [06-01|06:39:06.603] 
INFO [06-01|06:39:06.603] Starting peer-to-peer node               instance=Geth/v1.17.3-unstable/linux-amd64/go1.24.9
WARN [06-01|06:39:06.603] P2P server will be useless, neither dialing nor listening
INFO [06-01|06:39:06.632] IPC endpoint opened                      url=/mnt/state_expiry_vol_data/ubt-vs-pbt-dbs/pbt/geth.ipc
ERROR[06-01|06:39:06.632] Unavailable modules in HTTP API list     unavailable=[personal] available="[admin debug web3 eth txpool miner net dev testing]"
INFO [06-01|06:39:06.632] New local node record                    seq=1,780,292,694,244 id=972c5cc0b2a1895c ip=127.0.0.1 udp=0 tcp=0
INFO [06-01|06:39:06.632] Started P2P networking                   self=enode://16ec6c0bde109d66472afe00ec8fee3d30718d830d1acf0829842abca89b82afff8a454636cde3b26d700f98647938c6f23e7bee3027caca0d7f19e4b3725e13@127.0.0.1:0
INFO [06-01|06:39:06.633] HTTP server started                      endpoint=127.0.0.1:8545 auth=false prefix= cors= vhosts=localhost
INFO [06-01|06:39:06.633] WebSocket enabled                        url=ws://127.0.0.1:8546
INFO [06-01|06:39:06.705] Loaded local transaction journal         transactions=753 dropped=0
INFO [06-01|06:39:07.548] Started log indexer
INFO [06-01|06:39:07.584] Starting work on payload                 id=0x03f5083be39ca9ab
INFO [06-01|06:39:07.588] Updated payload                          id=0x03f5083be39ca9ab number=525 hash=e8c981..4711bc txs=0 withdrawals=0 gas=0 fees=0 root=d1056a..d4adee elapsed=4.376ms
INFO [06-01|06:39:07.588] Stopping work on payload                 id=0x03f5083be39ca9ab reason=delivery
WARN [06-01|06:39:07.592] {"level":"warn","msg":"Slow block","block":{"number":525,"hash":"0xe8c981954e0ce9ffd725d3d5e2553ff7a08f290eaf15bd14efc623557a4711bc","gas_used":0,"tx_count":0},"timing":{"execution_ms":0.032848,"state_read_ms":2.877239,"state_hash_ms":0.144084,"commit_ms":0.377132,"total_ms":3.580093},"throughput":{"mgas_per_sec":0},"state_reads":{"accounts":4,"storage_slots":0,"code":0,"code_bytes":0},"state_writes":{"accounts":0,"accounts_deleted":0,"storage_slots":0,"storage_slots_deleted":0,"code":0,"code_bytes":0},"cache":{"account":{"hits":0,"misses":4,"hit_rate":0},"storage":{"hits":0,"misses":0,"hit_rate":0},"code":{"hits":0,"misses":0,"hit_rate":0,"hit_bytes":0,"miss_bytes":0}}}
INFO [06-01|06:39:07.592] Imported new potential chain segment     number=525 hash=e8c981..4711bc blocks=1 txs=0 mgas=0.000 elapsed=3.856ms mgasps=0.000 triediffs=1.34MiB triedirty=0.00B
INFO [06-01|06:39:07.592] Chain head was updated                   number=525 hash=e8c981..4711bc root=d1056a..d4adee elapsed="45.48µs"
INFO [06-01|06:39:08.602] Starting work on payload                 id=0x03417b711f5b8966
INFO [06-01|06:39:08.606] Updated payload                          id=0x03417b711f5b8966 number=526 hash=4407e1..2fc91a txs=0 withdrawals=0 gas=0 fees=0 root=d1056a..d4adee elapsed=3.968ms
INFO [06-01|06:39:08.606] Stopping work on payload                 id=0x03417b711f5b8966 reason=delivery
WARN [06-01|06:39:08.610] {"level":"warn","msg":"Slow block","block":{"number":526,"hash":"0x4407e12d9aeed4e7cbd7c6237666933d4bcf0d4fcbb78f955d9bd1b6e32fc91a","gas_used":0,"tx_count":0},"timing":{"execution_ms":0.029658,"state_read_ms":3.10636,"state_hash_ms":0.145666,"commit_ms":0.296902,"total_ms":3.717171},"throughput":{"mgas_per_sec":0},"state_reads":{"accounts":4,"storage_slots":0,"code":0,"code_bytes":0},"state_writes":{"accounts":0,"accounts_deleted":0,"storage_slots":0,"storage_slots_deleted":0,"code":0,"code_bytes":0},"cache":{"account":{"hits":0,"misses":4,"hit_rate":0},"storage":{"hits":0,"misses":0,"hit_rate":0},"code":{"hits":0,"misses":0,"hit_rate":0,"hit_bytes":0,"miss_bytes":0}}}
INFO [06-01|06:39:08.610] Imported new potential chain segment     number=526 hash=4407e1..2fc91a blocks=1 txs=0 mgas=0.000 elapsed=3.878ms   mgasps=0.000 triediffs=1.34MiB triedirty=0.00B
INFO [06-01|06:39:08.610] Chain head was updated                   number=526 hash=4407e1..2fc91a root=d1056a..d4adee elapsed="30.506µs"
INFO [06-01|06:39:09.619] Starting work on payload                 id=0x03fc6bb2c07e8122
INFO [06-01|06:39:09.637] Updated payload                          id=0x03fc6bb2c07e8122 number=527 hash=8688bc..f21521 txs=0 withdrawals=0 gas=0 fees=0 root=d1056a..d4adee elapsed=17.490ms
INFO [06-01|06:39:09.637] Stopping work on payload                 id=0x03fc6bb2c07e8122 reason=delivery
WARN [06-01|06:39:09.656] {"level":"warn","msg":"Slow block","block":{"number":527,"hash":"0x8688bcdb0ddc0015a295148bf98a4117311167ab427f9aa7fccc083f7cf21521","gas_used":0,"tx_count":0},"timing":{"execution_ms":0.029043,"state_read_ms":16.58776,"state_hash_ms":0.508983,"commit_ms":0.921855,"total_ms":18.584851},"throughput":{"mgas_per_sec":0},"state_reads":{"accounts":4,"storage_slots":0,"code":0,"code_bytes":0},"state_writes":{"accounts":0,"accounts_deleted":0,"storage_slots":0,"storage_slots_deleted":0,"code":0,"code_bytes":0},"cache":{"account":{"hits":0,"misses":4,"hit_rate":0},"storage":{"hits":0,"misses":0,"hit_rate":0},"code":{"hits":0,"misses":0,"hit_rate":0,"hit_bytes":0,"miss_bytes":0}}}
INFO [06-01|06:39:09.656] Imported new potential chain segment     number=527 hash=8688bc..f21521 blocks=1 txs=0 mgas=0.000 elapsed=18.761ms   mgasps=0.000 triediffs=1.34MiB triedirty=0.00B
INFO [06-01|06:39:09.656] Chain head was updated                   number=527 hash=8688bc..f21521 root=d1056a..d4adee elapsed="67.729µs"
INFO [06-01|06:39:10.221] Submitted contract creation              hash=0x3fd196c3f548cbc40f9402172b6860b65ff47d4cf60d2fc479b552c591d7900b from=0xf39Fd6e51aad88F6F4ce6aB8827279cffFb92266 nonce=121 contract=0xab16A69A5a8c12C732e0DEFF4BE56A70bb64c926 value=0
INFO [06-01|06:39:10.222] Submitted transaction                    hash=0x561cd1b5566bdadf7ba05064d8e6da581d1a9908371464f105781ca821f1f0e4 from=0xf39Fd6e51aad88F6F4ce6aB8827279cffFb92266 nonce=122 recipient=0xB6b20bB3dF8b9B268D8A49f5F3cB07e0b3490ABd value=78,000,000
INFO [06-01|06:39:10.667] Starting work on payload                 id=0x0354e8ad28f32182
INFO [06-01|06:39:10.717] Updated payload                          id=0x0354e8ad28f32182 number=528 hash=25330c..4cb0f8 txs=2 withdrawals=0 gas=86852 fees=5.21112e-13 root=785c57..db09fd elapsed=49.869ms
INFO [06-01|06:39:10.717] Stopping work on payload                 id=0x0354e8ad28f32182 reason=delivery
INFO [06-01|06:39:10.761] Paused snapshot generation
WARN [06-01|06:39:10.762] {"level":"warn","msg":"Slow block","block":{"number":528,"hash":"0x25330c7f76213da55c8b7d0207aac3128706d5882ee47ed5cde4aaffd34cb0f8","gas_used":86852,"tx_count":2},"timing":{"execution_ms":0.119725,"state_read_ms":14.582355,"state_hash_ms":21.698915,"commit_ms":7.604231,"total_ms":44.174542},"throughput":{"mgas_per_sec":1.9661098014326894},"state_reads":{"accounts":11,"storage_slots":0,"code":0,"code_bytes":0},"state_writes":{"accounts":3,"accounts_deleted":0,"storage_slots":0,"storage_slots_deleted":0,"code":1,"code_bytes":157},"cache":{"account":{"hits":5,"misses":6,"hit_rate":45.45454545454545},"storage":{"hits":0,"misses":0,"hit_rate":0},"code":{"hits":0,"misses":0,"hit_rate":0,"hit_bytes":0,"miss_bytes":0}}}
INFO [06-01|06:39:10.762] Imported new potential chain segment     number=528 hash=25330c..4cb0f8 blocks=1 txs=2 mgas=0.087 elapsed=44.363ms   mgasps=1.958 triediffs=1.34MiB triedirty=0.00B
INFO [06-01|06:39:10.762] Chain head was updated                   number=528 hash=25330c..4cb0f8 root=785c57..db09fd elapsed="176.064µs"
WARN [06-01|06:39:10.782] Snapshot generation is not permitted
INFO [06-01|06:39:11.232] Submitted transaction                    hash=0x277076aae4d2b943f49c00c3e1caeccdd0d4a0c4e63186b50eca6743cf9f0117 from=0xB6b20bB3dF8b9B268D8A49f5F3cB07e0b3490ABd nonce=0   recipient=0xab16A69A5a8c12C732e0DEFF4BE56A70bb64c926 value=0
INFO [06-01|06:39:11.767] Starting work on payload                 id=0x03f41f8fdb172d97
INFO [06-01|06:39:11.958] Updated payload                          id=0x03f41f8fdb172d97 number=529 hash=d72cc1..6b006b txs=1 withdrawals=0 gas=5,900,228 fees=3.5401368e-11 root=b92d4b..63e52b elapsed=191.236ms
INFO [06-01|06:39:11.958] Stopping work on payload                 id=0x03f41f8fdb172d97 reason=delivery
INFO [06-01|06:39:12.078] Paused snapshot generation
WARN [06-01|06:39:12.084] {"level":"warn","msg":"Slow block","block":{"number":529,"hash":"0xd72cc14a776419b9b858ee6946558b5d1a8c50cfd712ab46c21b50813b6b006b","gas_used":5900228,"tx_count":1},"timing":{"execution_ms":107.414653,"state_read_ms":6.578103,"state_hash_ms":3.042721,"commit_ms":7.569251,"total_ms":124.946903},"throughput":{"mgas_per_sec":47.22188272245531},"state_reads":{"accounts":107,"storage_slots":258,"code":101,"code_bytes":2957},"state_writes":{"accounts":2,"accounts_deleted":0,"storage_slots":0,"storage_slots_deleted":0,"code":0,"code_bytes":0},"cache":{"account":{"hits":19,"misses":88,"hit_rate":17.75700934579439},"storage":{"hits":44,"misses":214,"hit_rate":17.05426356589147},"code":{"hits":101,"misses":0,"hit_rate":100,"hit_bytes":2957,"miss_bytes":0}}}
INFO [06-01|06:39:12.084] Imported new potential chain segment     number=529 hash=d72cc1..6b006b blocks=1 txs=1 mgas=5.900 elapsed=125.177ms   mgasps=47.135 triediffs=1.34MiB triedirty=0.00B
INFO [06-01|06:39:12.084] Chain head was updated                   number=529 hash=d72cc1..6b006b root=b92d4b..63e52b elapsed="199.105µs"
WARN [06-01|06:39:12.102] Snapshot generation is not permitted
INFO [06-01|06:39:12.246] Submitted transaction                    hash=0x7b84ce6043ff1ae9613fd0c5d10e4c5ae63de748c3a1c2b4511be7ef1d0ca207 from=0xB6b20bB3dF8b9B268D8A49f5F3cB07e0b3490ABd nonce=1   recipient=0xf39Fd6e51aad88F6F4ce6aB8827279cffFb92266 value=1,045,036
INFO [06-01|06:39:13.089] Starting work on payload                 id=0x03e20322a47ef74d
INFO [06-01|06:39:13.112] Updated payload                          id=0x03e20322a47ef74d number=530 hash=e26e2f..6122b6 txs=1 withdrawals=0 gas=21000     fees=2.1e-14       root=0d9f05..8a93a8 elapsed=23.632ms
INFO [06-01|06:39:13.112] Stopping work on payload                 id=0x03e20322a47ef74d reason=delivery
INFO [06-01|06:39:13.176] Paused snapshot generation
WARN [06-01|06:39:13.176] {"level":"warn","msg":"Slow block","block":{"number":530,"hash":"0xe26e2fc3337acbd179c3ff910bd4d14f13a29a048a6a1cb10981104da56122b6","gas_used":21000,"tx_count":1},"timing":{"execution_ms":0.057007,"state_read_ms":2.930151,"state_hash_ms":25.651314,"commit_ms":34.740725,"total_ms":63.530493},"throughput":{"mgas_per_sec":0.3305499297793896},"state_reads":{"accounts":6,"storage_slots":0,"code":0,"code_bytes":0},"state_writes":{"accounts":2,"accounts_deleted":0,"storage_slots":0,"storage_slots_deleted":0,"code":0,"code_bytes":0},"cache":{"account":{"hits":2,"misses":4,"hit_rate":33.33333333333333},"storage":{"hits":0,"misses":0,"hit_rate":0},"code":{"hits":0,"misses":0,"hit_rate":0,"hit_bytes":0,"miss_bytes":0}}}
INFO [06-01|06:39:13.176] Imported new potential chain segment     number=530 hash=e26e2f..6122b6 blocks=1 txs=1 mgas=0.021 elapsed=63.647ms    mgasps=0.330  triediffs=1.34MiB triedirty=0.00B
INFO [06-01|06:39:13.176] Chain head was updated                   number=530 hash=e26e2f..6122b6 root=0d9f05..8a93a8 elapsed="61.481µs"
WARN [06-01|06:39:13.198] Snapshot generation is not permitted
