WARN [06-01|07:08:26.275] Unknown config environment variable      envvar=GETH_PBT_BIN
WARN [06-01|07:08:26.275] Unknown config environment variable      envvar=GETH_UBT_BIN
INFO [06-01|07:08:26.286] Starting Geth on Ethereum mainnet...
INFO [06-01|07:08:26.288] Maximum peer count                       ETH=0 total=0
INFO [06-01|07:08:26.289] Smartcard socket not found, disabling    err="stat /run/pcscd/pcscd.comm: no such file or directory"
WARN [06-01|07:08:26.294] Option --miner.etherbase is deprecated as the etherbase is set by the consensus client post-merge
WARN [06-01|07:08:26.296] Snap sync requested, resetting --cache.snapshot
INFO [06-01|07:08:26.296] Set global gas cap                       cap=50,000,000
INFO [06-01|07:08:27.098] Using developer account                  address=0xf39Fd6e51aad88F6F4ce6aB8827279cffFb92266
INFO [06-01|07:08:27.137] Using pebble as the backing database
INFO [06-01|07:08:27.137] Allocated cache and file handles         database=/mnt/state_expiry_vol_data/ubt-vs-pbt-dbs/pbt/geth/chaindata cache=16.00MiB handles=262,144
INFO [06-01|07:08:27.336] Opened ancient database                  database=/mnt/state_expiry_vol_data/ubt-vs-pbt-dbs/pbt/geth/chaindata/ancient/chain readonly=true
INFO [06-01|07:08:27.336] Opened Era store                         datadir=/mnt/state_expiry_vol_data/ubt-vs-pbt-dbs/pbt/geth/chaindata/ancient/chain/era
INFO [06-01|07:08:27.341] Initializing the KZG library             backend=gokzg
INFO [06-01|07:08:27.342] Allocated trie memory caches             clean=0.00B dirty=0.00B
INFO [06-01|07:08:27.351] Using pebble as the backing database
INFO [06-01|07:08:27.351] Allocated cache and file handles         database=/mnt/state_expiry_vol_data/ubt-vs-pbt-dbs/pbt/geth/chaindata cache=16.00MiB handles=262,144
INFO [06-01|07:08:27.524] Opened ancient database                  database=/mnt/state_expiry_vol_data/ubt-vs-pbt-dbs/pbt/geth/chaindata/ancient/chain readonly=false
INFO [06-01|07:08:27.524] Opened Era store                         datadir=/mnt/state_expiry_vol_data/ubt-vs-pbt-dbs/pbt/geth/chaindata/ancient/chain/era
INFO [06-01|07:08:27.529] State scheme set to already existing     scheme=path
INFO [06-01|07:08:27.529] Initialising Ethereum protocol           network=1337 dbversion=9
INFO [06-01|07:08:27.529] Load database journal from file          path=/mnt/state_expiry_vol_data/ubt-vs-pbt-dbs/pbt/geth/triedb/verkle.journal
INFO [06-01|07:08:27.682] Opened ancient database                  database=/mnt/state_expiry_vol_data/ubt-vs-pbt-dbs/pbt/geth/chaindata/ancient/state_verkle readonly=false
INFO [06-01|07:08:27.684] State snapshot generator is not compatible
INFO [06-01|07:08:27.684] Initialized path database                triecache=0.00B statecache=0.00B buffer=0.00B state-history="last 90000 blocks" journal-dir=/mnt/state_expiry_vol_data/ubt-vs-pbt-dbs/pbt/geth/triedb verkle=true
INFO [06-01|07:08:27.684] 
INFO [06-01|07:08:27.684] ---------------------------------------------------------------------------------------------------------------------------------------------------------
INFO [06-01|07:08:27.684] Chain ID:  1337 (unknown)
INFO [06-01|07:08:27.684] Consensus: unknown
INFO [06-01|07:08:27.684] 
INFO [06-01|07:08:27.684] Pre-Merge hard forks (block based):
INFO [06-01|07:08:27.684]  - Homestead:                   #0       
INFO [06-01|07:08:27.684]  - Tangerine Whistle (EIP 150): #0       
INFO [06-01|07:08:27.684]  - Spurious Dragon/1 (EIP 155): #0       
INFO [06-01|07:08:27.684]  - Spurious Dragon/2 (EIP 158): #0       
INFO [06-01|07:08:27.684]  - Byzantium:                   #0       
INFO [06-01|07:08:27.684]  - Constantinople:              #0       
INFO [06-01|07:08:27.684]  - Petersburg:                  #0       
INFO [06-01|07:08:27.684]  - Istanbul:                    #0       
INFO [06-01|07:08:27.684]  - Berlin:                      #0       
INFO [06-01|07:08:27.684]  - London:                      #0       
INFO [06-01|07:08:27.684]  - Arrow Glacier:               #0       
INFO [06-01|07:08:27.684]  - Gray Glacier:                #0       
INFO [06-01|07:08:27.684] 
INFO [06-01|07:08:27.684] Merge configured:
INFO [06-01|07:08:27.684]  - Total terminal difficulty:  0
INFO [06-01|07:08:27.684]  - Merge netsplit block:       #0       
INFO [06-01|07:08:27.684] 
INFO [06-01|07:08:27.684] Post-Merge hard forks (timestamp based):
INFO [06-01|07:08:27.684]  - Shanghai:                    @0         
INFO [06-01|07:08:27.684]  - Cancun:                      @0          blob: (target: 3, max: 6, fraction: 3338477)
INFO [06-01|07:08:27.684]  - Prague:                      @0          blob: (target: 6, max: 9, fraction: 5007716)
INFO [06-01|07:08:27.684]  - Osaka:                       @0          blob: (target: 6, max: 9, fraction: 5007716)
INFO [06-01|07:08:27.684]  - UBT:                         @0          blob: (nil)
INFO [06-01|07:08:27.684] 
INFO [06-01|07:08:27.684] All fork specifications can be found at https://ethereum.github.io/execution-specs/src/ethereum/forks/
INFO [06-01|07:08:27.684] 
INFO [06-01|07:08:27.684] ---------------------------------------------------------------------------------------------------------------------------------------------------------
INFO [06-01|07:08:27.684] 
INFO [06-01|07:08:27.687] Loaded most recent local block           number=1670 hash=56c23b..80249f age=3s
INFO [06-01|07:08:27.687] Loaded most recent local finalized block number=1664 hash=785054..1b9a42 age=12s
INFO [06-01|07:08:27.688] Initialized transaction indexer          range="last 2350000 blocks"
INFO [06-01|07:08:27.688] Initialized log indexer                  firstblock=0 lastblock=1670 firstmap=0 lastmap=0 headindexed=true
INFO [06-01|07:08:27.704] Enabled full-sync                        head=1670 hash=56c23b..80249f
INFO [06-01|07:08:27.705] Unprotected transactions allowed
INFO [06-01|07:08:27.705] Gasprice oracle is ignoring threshold set threshold=2
INFO [06-01|07:08:27.705] Registered sync override service
WARN [06-01|07:08:27.705] You are running Geth in --dev mode. Please note the following:
WARN [06-01|07:08:27.705] 
WARN [06-01|07:08:27.705]   1. This mode is only intended for fast, iterative development without assumptions on
WARN [06-01|07:08:27.705]      security or persistence.
WARN [06-01|07:08:27.705]   2. The database is created in memory unless specified otherwise. Therefore, shutting down
WARN [06-01|07:08:27.705]      your computer or losing power will wipe your entire block data and chain state for
WARN [06-01|07:08:27.705]      your dev environment.
WARN [06-01|07:08:27.705]   3. A random, pre-allocated developer account will be available and unlocked as
WARN [06-01|07:08:27.705]      eth.coinbase, which can be used for testing. The random dev account is temporary,
WARN [06-01|07:08:27.705]      stored on a ramdisk, and will be lost if your machine is restarted.
WARN [06-01|07:08:27.705]   4. Mining is enabled by default. However, the client will only seal blocks if transactions
WARN [06-01|07:08:27.705]      are pending in the mempool. The miner's minimum accepted gas price is 1.
WARN [06-01|07:08:27.705]   5. Networking is disabled; there is no listen-address, the maximum number of peers is set
WARN [06-01|07:08:27.705]      to 0, and discovery is disabled.
WARN [06-01|07:08:27.705] 
INFO [06-01|07:08:27.705] Starting peer-to-peer node               instance=Geth/v1.17.3-unstable/linux-amd64/go1.24.9
WARN [06-01|07:08:27.705] P2P server will be useless, neither dialing nor listening
INFO [06-01|07:08:27.724] New local node record                    seq=1,780,292,694,421 id=972c5cc0b2a1895c ip=127.0.0.1 udp=0 tcp=0
INFO [06-01|07:08:27.724] IPC endpoint opened                      url=/mnt/state_expiry_vol_data/ubt-vs-pbt-dbs/pbt/geth.ipc
INFO [06-01|07:08:27.724] Started P2P networking                   self=enode://16ec6c0bde109d66472afe00ec8fee3d30718d830d1acf0829842abca89b82afff8a454636cde3b26d700f98647938c6f23e7bee3027caca0d7f19e4b3725e13@127.0.0.1:0
ERROR[06-01|07:08:27.724] Unavailable modules in HTTP API list     unavailable=[personal] available="[admin debug web3 eth txpool miner net dev testing]"
INFO [06-01|07:08:27.724] HTTP server started                      endpoint=127.0.0.1:8545 auth=false prefix= cors= vhosts=localhost
INFO [06-01|07:08:27.724] WebSocket enabled                        url=ws://127.0.0.1:8546
INFO [06-01|07:08:27.853] Loaded local transaction journal         transactions=1461 dropped=0
INFO [06-01|07:08:28.634] Started log indexer
INFO [06-01|07:08:28.673] Starting work on payload                 id=0x0335c9a2ded61161
INFO [06-01|07:08:28.682] Updated payload                          id=0x0335c9a2ded61161 number=1671 hash=decb21..986319 txs=0 withdrawals=0 gas=0 fees=0 root=b48f91..8ec559 elapsed=8.950ms
INFO [06-01|07:08:28.683] Stopping work on payload                 id=0x0335c9a2ded61161 reason=delivery
WARN [06-01|07:08:28.686] {"level":"warn","msg":"Slow block","block":{"number":1671,"hash":"0xdecb21a1ebdbfe145e863d680d4c82f6bc2e9ffcecd8bb1917a7a8c3af986319","gas_used":0,"tx_count":0},"timing":{"execution_ms":0.033801,"state_read_ms":3.159826,"state_hash_ms":0.079295,"commit_ms":0.275313,"total_ms":3.72164},"throughput":{"mgas_per_sec":0},"state_reads":{"accounts":4,"storage_slots":0,"code":0,"code_bytes":0},"state_writes":{"accounts":0,"accounts_deleted":0,"storage_slots":0,"storage_slots_deleted":0,"code":0,"code_bytes":0},"cache":{"account":{"hits":0,"misses":4,"hit_rate":0},"storage":{"hits":0,"misses":0,"hit_rate":0},"code":{"hits":0,"misses":0,"hit_rate":0,"hit_bytes":0,"miss_bytes":0}}}
INFO [06-01|07:08:28.687] Imported new potential chain segment     number=1671 hash=decb21..986319 blocks=1 txs=0 mgas=0.000 elapsed=3.961ms mgasps=0.000 triediffs=8.95MiB triedirty=0.00B
INFO [06-01|07:08:28.687] Chain head was updated                   number=1671 hash=decb21..986319 root=b48f91..8ec559 elapsed="42.578µs"
INFO [06-01|07:08:29.697] Starting work on payload                 id=0x034a0376bdbb2517
INFO [06-01|07:08:29.701] Updated payload                          id=0x034a0376bdbb2517 number=1672 hash=373df0..fb4a63 txs=0 withdrawals=0 gas=0 fees=0 root=b48f91..8ec559 elapsed=3.648ms
INFO [06-01|07:08:29.701] Stopping work on payload                 id=0x034a0376bdbb2517 reason=delivery
WARN [06-01|07:08:29.706] {"level":"warn","msg":"Slow block","block":{"number":1672,"hash":"0x373df06f3f25b0eadcf124a3deb090a3955c4b4c892cb098f27d435e8ffb4a63","gas_used":0,"tx_count":0},"timing":{"execution_ms":0.030798,"state_read_ms":3.536385,"state_hash_ms":0.122443,"commit_ms":0.336062,"total_ms":4.212105},"throughput":{"mgas_per_sec":0},"state_reads":{"accounts":4,"storage_slots":0,"code":0,"code_bytes":0},"state_writes":{"accounts":0,"accounts_deleted":0,"storage_slots":0,"storage_slots_deleted":0,"code":0,"code_bytes":0},"cache":{"account":{"hits":0,"misses":4,"hit_rate":0},"storage":{"hits":0,"misses":0,"hit_rate":0},"code":{"hits":0,"misses":0,"hit_rate":0,"hit_bytes":0,"miss_bytes":0}}}
INFO [06-01|07:08:29.706] Imported new potential chain segment     number=1672 hash=373df0..fb4a63 blocks=1 txs=0 mgas=0.000 elapsed=4.425ms    mgasps=0.000 triediffs=8.95MiB triedirty=0.00B
INFO [06-01|07:08:29.706] Chain head was updated                   number=1672 hash=373df0..fb4a63 root=b48f91..8ec559 elapsed="165.53µs"
INFO [06-01|07:08:30.717] Starting work on payload                 id=0x03e69ca24bcfb9a4
INFO [06-01|07:08:30.737] Updated payload                          id=0x03e69ca24bcfb9a4 number=1673 hash=70c447..3bf5b7 txs=0 withdrawals=0 gas=0 fees=0 root=b48f91..8ec559 elapsed=19.541ms
INFO [06-01|07:08:30.737] Stopping work on payload                 id=0x03e69ca24bcfb9a4 reason=delivery
WARN [06-01|07:08:30.751] {"level":"warn","msg":"Slow block","block":{"number":1673,"hash":"0x70c447a65f11044910edd856ca5e25656b7753b4ea71849072b7d217ba3bf5b7","gas_used":0,"tx_count":0},"timing":{"execution_ms":0.028505,"state_read_ms":13.360682,"state_hash_ms":0.097972,"commit_ms":0.234591,"total_ms":13.910348},"throughput":{"mgas_per_sec":0},"state_reads":{"accounts":4,"storage_slots":0,"code":0,"code_bytes":0},"state_writes":{"accounts":0,"accounts_deleted":0,"storage_slots":0,"storage_slots_deleted":0,"code":0,"code_bytes":0},"cache":{"account":{"hits":0,"misses":4,"hit_rate":0},"storage":{"hits":0,"misses":0,"hit_rate":0},"code":{"hits":0,"misses":0,"hit_rate":0,"hit_bytes":0,"miss_bytes":0}}}
INFO [06-01|07:08:30.751] Imported new potential chain segment     number=1673 hash=70c447..3bf5b7 blocks=1 txs=0 mgas=0.000 elapsed=14.089ms   mgasps=0.000 triediffs=8.95MiB triedirty=0.00B
INFO [06-01|07:08:30.751] Chain head was updated                   number=1673 hash=70c447..3bf5b7 root=b48f91..8ec559 elapsed="43.677µs"
INFO [06-01|07:08:31.073] Submitted contract creation              hash=0x3658f75b82f1d6398e6d8385a939f0f7a03ddd885583645fc91d8c60af23031a from=0xf39Fd6e51aad88F6F4ce6aB8827279cffFb92266 nonce=475 contract=0xAe2563b4315469bF6bdD41A6ea26157dE57Ed94e value=0
INFO [06-01|07:08:31.073] Submitted transaction                    hash=0xdb575818d5df0e55576b2d363a8f7be1b4c7e0bcf1eef4955792a95379fedaec from=0xf39Fd6e51aad88F6F4ce6aB8827279cffFb92266 nonce=476 recipient=0x741EC9cEC50134c7c14785E9AC50f1Ca4F6601e7 value=78,000,000
INFO [06-01|07:08:31.761] Starting work on payload                 id=0x038303f0f2174766
INFO [06-01|07:08:31.813] Updated payload                          id=0x038303f0f2174766 number=1674 hash=822b57..f4fce1 txs=2 withdrawals=0 gas=91698 fees=5.50188e-13 root=3dcc76..d515dd elapsed=51.260ms
INFO [06-01|07:08:31.813] Stopping work on payload                 id=0x038303f0f2174766 reason=delivery
INFO [06-01|07:08:31.866] Paused snapshot generation
WARN [06-01|07:08:31.866] {"level":"warn","msg":"Slow block","block":{"number":1674,"hash":"0x822b576378fbc4672a7cb442e541bda940e85e0abb1a609d86ed3e17caf4fce1","gas_used":91698,"tx_count":2},"timing":{"execution_ms":0.128484,"state_read_ms":15.508568,"state_hash_ms":29.914652,"commit_ms":7.635956,"total_ms":53.360215},"throughput":{"mgas_per_sec":1.7184713367440516},"state_reads":{"accounts":11,"storage_slots":0,"code":0,"code_bytes":0},"state_writes":{"accounts":3,"accounts_deleted":0,"storage_slots":0,"storage_slots_deleted":0,"code":1,"code_bytes":305},"cache":{"account":{"hits":5,"misses":6,"hit_rate":45.45454545454545},"storage":{"hits":0,"misses":0,"hit_rate":0},"code":{"hits":0,"misses":0,"hit_rate":0,"hit_bytes":0,"miss_bytes":0}}}
INFO [06-01|07:08:31.866] Imported new potential chain segment     number=1674 hash=822b57..f4fce1 blocks=1 txs=2 mgas=0.092 elapsed=53.537ms   mgasps=1.713 triediffs=8.92MiB triedirty=0.00B
INFO [06-01|07:08:31.867] Chain head was updated                   number=1674 hash=822b57..f4fce1 root=3dcc76..d515dd elapsed="214.269µs"
WARN [06-01|07:08:31.887] Snapshot generation is not permitted
INFO [06-01|07:08:32.086] Submitted transaction                    hash=0x49734f8c7cf2bc99d8b24878632b8e7f22f6209e661956aa5730e5dccecc9d20 from=0x741EC9cEC50134c7c14785E9AC50f1Ca4F6601e7 nonce=0   recipient=0xAe2563b4315469bF6bdD41A6ea26157dE57Ed94e value=0
INFO [06-01|07:08:32.871] Starting work on payload                 id=0x0311f6eb3d279e27
INFO [06-01|07:08:33.001] Updated payload                          id=0x0311f6eb3d279e27 number=1675 hash=7b8d65..69ebb9 txs=1 withdrawals=0 gas=5,919,240 fees=3.551544e-11 root=286174..7912f9 elapsed=129.763ms
INFO [06-01|07:08:33.001] Stopping work on payload                 id=0x0311f6eb3d279e27 reason=delivery
INFO [06-01|07:08:33.082] Paused snapshot generation
WARN [06-01|07:08:33.084] {"level":"warn","msg":"Slow block","block":{"number":1675,"hash":"0x7b8d6590ed40152b778d62205046ab71268459b512ad78499c3c440bcf69ebb9","gas_used":5919240,"tx_count":1},"timing":{"execution_ms":33.570285,"state_read_ms":13.125585,"state_hash_ms":25.588378,"commit_ms":10.035209,"total_ms":82.545051},"throughput":{"mgas_per_sec":71.70920519511218},"state_reads":{"accounts":263,"storage_slots":814,"code":257,"code_bytes":7473},"state_writes":{"accounts":47,"accounts_deleted":0,"storage_slots":72,"storage_slots_deleted":0,"code":0,"code_bytes":0},"cache":{"account":{"hits":62,"misses":201,"hit_rate":23.574144486692013},"storage":{"hits":167,"misses":647,"hit_rate":20.515970515970515},"code":{"hits":257,"misses":0,"hit_rate":100,"hit_bytes":7473,"miss_bytes":0}}}
INFO [06-01|07:08:33.084] Imported new potential chain segment     number=1675 hash=7b8d65..69ebb9 blocks=1 txs=1 mgas=5.919 elapsed=82.753ms    mgasps=71.528 triediffs=9.27MiB triedirty=0.00B
INFO [06-01|07:08:33.084] Chain head was updated                   number=1675 hash=7b8d65..69ebb9 root=286174..7912f9 elapsed="149.386µs"
INFO [06-01|07:08:33.100] Submitted transaction                    hash=0xb3346aa7c4b6e1ac263269ed96f8958f3459f7debfb88c978facbed26a1b6a56 from=0x741EC9cEC50134c7c14785E9AC50f1Ca4F6601e7 nonce=1   recipient=0xf39Fd6e51aad88F6F4ce6aB8827279cffFb92266 value=797,880
WARN [06-01|07:08:33.109] Snapshot generation is not permitted
INFO [06-01|07:08:34.090] Starting work on payload                 id=0x03eabeb8c35c415c
INFO [06-01|07:08:34.105] Updated payload                          id=0x03eabeb8c35c415c number=1676 hash=da3659..1d83ba txs=1 withdrawals=0 gas=21000     fees=2.1e-14      root=071444..28ee17 elapsed=15.476ms
INFO [06-01|07:08:34.105] Stopping work on payload                 id=0x03eabeb8c35c415c reason=delivery
INFO [06-01|07:08:34.121] Paused snapshot generation
WARN [06-01|07:08:34.122] {"level":"warn","msg":"Slow block","block":{"number":1676,"hash":"0xda36599781e227efc6bea1f7d82f2076018e31b2adacbd1c1940dc1b251d83ba","gas_used":21000,"tx_count":1},"timing":{"execution_ms":0.053506,"state_read_ms":2.989277,"state_hash_ms":5.339722,"commit_ms":7.993362,"total_ms":16.538117},"throughput":{"mgas_per_sec":1.2697938949156062},"state_reads":{"accounts":6,"storage_slots":0,"code":0,"code_bytes":0},"state_writes":{"accounts":2,"accounts_deleted":0,"storage_slots":0,"storage_slots_deleted":0,"code":0,"code_bytes":0},"cache":{"account":{"hits":2,"misses":4,"hit_rate":33.33333333333333},"storage":{"hits":0,"misses":0,"hit_rate":0},"code":{"hits":0,"misses":0,"hit_rate":0,"hit_bytes":0,"miss_bytes":0}}}
INFO [06-01|07:08:34.122] Imported new potential chain segment     number=1676 hash=da3659..1d83ba blocks=1 txs=1 mgas=0.021 elapsed=16.698ms    mgasps=1.258  triediffs=9.27MiB triedirty=0.00B
INFO [06-01|07:08:34.122] Chain head was updated                   number=1676 hash=da3659..1d83ba root=071444..28ee17 elapsed="188.165µs"
WARN [06-01|07:08:34.152] Snapshot generation is not permitted
INFO [06-01|07:08:35.128] Starting work on payload                 id=0x033ed4d7c2d5771f
INFO [06-01|07:08:35.137] Updated payload                          id=0x033ed4d7c2d5771f number=1677 hash=ed3a63..b53633 txs=0 withdrawals=0 gas=0         fees=0            root=071444..28ee17 elapsed=8.904ms
INFO [06-01|07:08:35.137] Stopping work on payload                 id=0x033ed4d7c2d5771f reason=delivery
WARN [06-01|07:08:35.141] {"level":"warn","msg":"Slow block","block":{"number":1677,"hash":"0xed3a63d9ed04df3257029f6d26b28c31eb3961ef06a398cf0939b9687db53633","gas_used":0,"tx_count":0},"timing":{"execution_ms":0.022285,"state_read_ms":2.663621,"state_hash_ms":0.077164,"commit_ms":0.198326,"total_ms":3.139741},"throughput":{"mgas_per_sec":0},"state_reads":{"accounts":4,"storage_slots":0,"code":0,"code_bytes":0},"state_writes":{"accounts":0,"accounts_deleted":0,"storage_slots":0,"storage_slots_deleted":0,"code":0,"code_bytes":0},"cache":{"account":{"hits":0,"misses":4,"hit_rate":0},"storage":{"hits":0,"misses":0,"hit_rate":0},"code":{"hits":0,"misses":0,"hit_rate":0,"hit_bytes":0,"miss_bytes":0}}}
INFO [06-01|07:08:35.141] Imported new potential chain segment     number=1677 hash=ed3a63..b53633 blocks=1 txs=0 mgas=0.000 elapsed=3.240ms     mgasps=0.000  triediffs=9.27MiB triedirty=0.00B
INFO [06-01|07:08:35.141] Chain head was updated                   number=1677 hash=ed3a63..b53633 root=071444..28ee17 elapsed="48.57µs"
