WARN [06-01|07:00:22.106] Unknown config environment variable      envvar=GETH_PBT_BIN
WARN [06-01|07:00:22.106] Unknown config environment variable      envvar=GETH_UBT_BIN
INFO [06-01|07:00:22.118] Starting Geth on Ethereum mainnet...
INFO [06-01|07:00:22.119] Maximum peer count                       ETH=0 total=0
INFO [06-01|07:00:22.120] Smartcard socket not found, disabling    err="stat /run/pcscd/pcscd.comm: no such file or directory"
WARN [06-01|07:00:22.125] Option --miner.etherbase is deprecated as the etherbase is set by the consensus client post-merge
WARN [06-01|07:00:22.127] Snap sync requested, resetting --cache.snapshot
INFO [06-01|07:00:22.127] Set global gas cap                       cap=50,000,000
INFO [06-01|07:00:22.940] Using developer account                  address=0xf39Fd6e51aad88F6F4ce6aB8827279cffFb92266
INFO [06-01|07:00:22.974] Using pebble as the backing database
INFO [06-01|07:00:22.974] Allocated cache and file handles         database=/mnt/state_expiry_vol_data/ubt-vs-pbt-dbs/pbt/geth/chaindata cache=16.00MiB handles=262,144
INFO [06-01|07:00:23.168] Opened ancient database                  database=/mnt/state_expiry_vol_data/ubt-vs-pbt-dbs/pbt/geth/chaindata/ancient/chain readonly=true
INFO [06-01|07:00:23.169] Opened Era store                         datadir=/mnt/state_expiry_vol_data/ubt-vs-pbt-dbs/pbt/geth/chaindata/ancient/chain/era
INFO [06-01|07:00:23.175] Initializing the KZG library             backend=gokzg
INFO [06-01|07:00:23.177] Allocated trie memory caches             clean=0.00B dirty=0.00B
INFO [06-01|07:00:23.184] Using pebble as the backing database
INFO [06-01|07:00:23.184] Allocated cache and file handles         database=/mnt/state_expiry_vol_data/ubt-vs-pbt-dbs/pbt/geth/chaindata cache=16.00MiB handles=262,144
INFO [06-01|07:00:23.352] Opened ancient database                  database=/mnt/state_expiry_vol_data/ubt-vs-pbt-dbs/pbt/geth/chaindata/ancient/chain readonly=false
INFO [06-01|07:00:23.352] Opened Era store                         datadir=/mnt/state_expiry_vol_data/ubt-vs-pbt-dbs/pbt/geth/chaindata/ancient/chain/era
INFO [06-01|07:00:23.357] State scheme set to already existing     scheme=path
INFO [06-01|07:00:23.357] Initialising Ethereum protocol           network=1337 dbversion=9
INFO [06-01|07:00:23.357] Load database journal from file          path=/mnt/state_expiry_vol_data/ubt-vs-pbt-dbs/pbt/geth/triedb/verkle.journal
INFO [06-01|07:00:23.659] Opened ancient database                  database=/mnt/state_expiry_vol_data/ubt-vs-pbt-dbs/pbt/geth/chaindata/ancient/state_verkle readonly=false
INFO [06-01|07:00:23.661] State snapshot generator is not compatible
INFO [06-01|07:00:23.661] Initialized path database                triecache=0.00B statecache=0.00B buffer=0.00B state-history="last 90000 blocks" journal-dir=/mnt/state_expiry_vol_data/ubt-vs-pbt-dbs/pbt/geth/triedb verkle=true
INFO [06-01|07:00:23.661] 
INFO [06-01|07:00:23.661] ---------------------------------------------------------------------------------------------------------------------------------------------------------
INFO [06-01|07:00:23.661] Chain ID:  1337 (unknown)
INFO [06-01|07:00:23.661] Consensus: unknown
INFO [06-01|07:00:23.661] 
INFO [06-01|07:00:23.661] Pre-Merge hard forks (block based):
INFO [06-01|07:00:23.661]  - Homestead:                   #0       
INFO [06-01|07:00:23.661]  - Tangerine Whistle (EIP 150): #0       
INFO [06-01|07:00:23.661]  - Spurious Dragon/1 (EIP 155): #0       
INFO [06-01|07:00:23.661]  - Spurious Dragon/2 (EIP 158): #0       
INFO [06-01|07:00:23.661]  - Byzantium:                   #0       
INFO [06-01|07:00:23.661]  - Constantinople:              #0       
INFO [06-01|07:00:23.661]  - Petersburg:                  #0       
INFO [06-01|07:00:23.661]  - Istanbul:                    #0       
INFO [06-01|07:00:23.661]  - Berlin:                      #0       
INFO [06-01|07:00:23.661]  - London:                      #0       
INFO [06-01|07:00:23.661]  - Arrow Glacier:               #0       
INFO [06-01|07:00:23.661]  - Gray Glacier:                #0       
INFO [06-01|07:00:23.661] 
INFO [06-01|07:00:23.661] Merge configured:
INFO [06-01|07:00:23.661]  - Total terminal difficulty:  0
INFO [06-01|07:00:23.661]  - Merge netsplit block:       #0       
INFO [06-01|07:00:23.661] 
INFO [06-01|07:00:23.661] Post-Merge hard forks (timestamp based):
INFO [06-01|07:00:23.661]  - Shanghai:                    @0         
INFO [06-01|07:00:23.661]  - Cancun:                      @0          blob: (target: 3, max: 6, fraction: 3338477)
INFO [06-01|07:00:23.661]  - Prague:                      @0          blob: (target: 6, max: 9, fraction: 5007716)
INFO [06-01|07:00:23.661]  - Osaka:                       @0          blob: (target: 6, max: 9, fraction: 5007716)
INFO [06-01|07:00:23.661]  - UBT:                         @0          blob: (nil)
INFO [06-01|07:00:23.661] 
INFO [06-01|07:00:23.661] All fork specifications can be found at https://ethereum.github.io/execution-specs/src/ethereum/forks/
INFO [06-01|07:00:23.661] 
INFO [06-01|07:00:23.661] ---------------------------------------------------------------------------------------------------------------------------------------------------------
INFO [06-01|07:00:23.661] 
INFO [06-01|07:00:23.663] Loaded most recent local block           number=1355 hash=f54147..3dc929 age=3s
INFO [06-01|07:00:23.663] Loaded most recent local finalized block number=1344 hash=19670c..c62fbb age=18s
INFO [06-01|07:00:23.664] Initialized transaction indexer          range="last 2350000 blocks"
INFO [06-01|07:00:23.664] Initialized log indexer                  firstblock=0 lastblock=1355 firstmap=0 lastmap=0 headindexed=true
INFO [06-01|07:00:23.684] Enabled full-sync                        head=1355 hash=f54147..3dc929
INFO [06-01|07:00:23.684] Unprotected transactions allowed
INFO [06-01|07:00:23.684] Gasprice oracle is ignoring threshold set threshold=2
INFO [06-01|07:00:23.685] Registered sync override service
WARN [06-01|07:00:23.685] You are running Geth in --dev mode. Please note the following:
WARN [06-01|07:00:23.685] 
WARN [06-01|07:00:23.685]   1. This mode is only intended for fast, iterative development without assumptions on
WARN [06-01|07:00:23.685]      security or persistence.
WARN [06-01|07:00:23.685]   2. The database is created in memory unless specified otherwise. Therefore, shutting down
WARN [06-01|07:00:23.685]      your computer or losing power will wipe your entire block data and chain state for
WARN [06-01|07:00:23.685]      your dev environment.
WARN [06-01|07:00:23.685]   3. A random, pre-allocated developer account will be available and unlocked as
WARN [06-01|07:00:23.685]      eth.coinbase, which can be used for testing. The random dev account is temporary,
WARN [06-01|07:00:23.685]      stored on a ramdisk, and will be lost if your machine is restarted.
WARN [06-01|07:00:23.685]   4. Mining is enabled by default. However, the client will only seal blocks if transactions
WARN [06-01|07:00:23.685]      are pending in the mempool. The miner's minimum accepted gas price is 1.
WARN [06-01|07:00:23.685]   5. Networking is disabled; there is no listen-address, the maximum number of peers is set
WARN [06-01|07:00:23.685]      to 0, and discovery is disabled.
WARN [06-01|07:00:23.685] 
INFO [06-01|07:00:23.685] Starting peer-to-peer node               instance=Geth/v1.17.3-unstable/linux-amd64/go1.24.9
WARN [06-01|07:00:23.685] P2P server will be useless, neither dialing nor listening
INFO [06-01|07:00:23.702] IPC endpoint opened                      url=/mnt/state_expiry_vol_data/ubt-vs-pbt-dbs/pbt/geth.ipc
ERROR[06-01|07:00:23.702] Unavailable modules in HTTP API list     unavailable=[personal] available="[admin debug web3 eth txpool miner net dev testing]"
INFO [06-01|07:00:23.703] New local node record                    seq=1,780,292,694,372 id=972c5cc0b2a1895c ip=127.0.0.1 udp=0 tcp=0
INFO [06-01|07:00:23.703] Started P2P networking                   self=enode://16ec6c0bde109d66472afe00ec8fee3d30718d830d1acf0829842abca89b82afff8a454636cde3b26d700f98647938c6f23e7bee3027caca0d7f19e4b3725e13@127.0.0.1:0
INFO [06-01|07:00:23.703] HTTP server started                      endpoint=127.0.0.1:8545 auth=false prefix= cors= vhosts=localhost
INFO [06-01|07:00:23.703] WebSocket enabled                        url=ws://127.0.0.1:8546
INFO [06-01|07:00:23.836] Loaded local transaction journal         transactions=1265 dropped=0
INFO [06-01|07:00:24.609] Started log indexer
INFO [06-01|07:00:24.647] Starting work on payload                 id=0x0372151cab967477
INFO [06-01|07:00:24.651] Updated payload                          id=0x0372151cab967477 number=1356 hash=e31f12..e70d60 txs=0 withdrawals=0 gas=0 fees=0 root=a91074..30a3ac elapsed=3.973ms
INFO [06-01|07:00:24.651] Stopping work on payload                 id=0x0372151cab967477 reason=delivery
WARN [06-01|07:00:24.660] {"level":"warn","msg":"Slow block","block":{"number":1356,"hash":"0xe31f120102f6b18a12e7dd56fe8bd5ca9478267683f33fa1a9342ede38e70d60","gas_used":0,"tx_count":0},"timing":{"execution_ms":0.042294,"state_read_ms":7.296269,"state_hash_ms":0.111716,"commit_ms":0.506666,"total_ms":8.252814},"throughput":{"mgas_per_sec":0},"state_reads":{"accounts":4,"storage_slots":0,"code":0,"code_bytes":0},"state_writes":{"accounts":0,"accounts_deleted":0,"storage_slots":0,"storage_slots_deleted":0,"code":0,"code_bytes":0},"cache":{"account":{"hits":0,"misses":4,"hit_rate":0},"storage":{"hits":0,"misses":0,"hit_rate":0},"code":{"hits":0,"misses":0,"hit_rate":0,"hit_bytes":0,"miss_bytes":0}}}
INFO [06-01|07:00:24.660] Imported new potential chain segment     number=1356 hash=e31f12..e70d60 blocks=1 txs=0 mgas=0.000 elapsed=8.684ms mgasps=0.000 triediffs=25.00MiB triedirty=0.00B
INFO [06-01|07:00:24.660] Chain head was updated                   number=1356 hash=e31f12..e70d60 root=a91074..30a3ac elapsed="102.442µs"
INFO [06-01|07:00:25.665] Starting work on payload                 id=0x03b8408c727a837f
INFO [06-01|07:00:25.669] Updated payload                          id=0x03b8408c727a837f number=1357 hash=ffd358..f82d04 txs=0 withdrawals=0 gas=0 fees=0 root=a91074..30a3ac elapsed=3.709ms
INFO [06-01|07:00:25.669] Stopping work on payload                 id=0x03b8408c727a837f reason=delivery
WARN [06-01|07:00:25.674] {"level":"warn","msg":"Slow block","block":{"number":1357,"hash":"0xffd35897e87cd625caadce5a1c83a9a45991114201e31035bf1f8db753f82d04","gas_used":0,"tx_count":0},"timing":{"execution_ms":0.033476,"state_read_ms":3.348975,"state_hash_ms":0.18991,"commit_ms":0.556829,"total_ms":4.335161},"throughput":{"mgas_per_sec":0},"state_reads":{"accounts":4,"storage_slots":0,"code":0,"code_bytes":0},"state_writes":{"accounts":0,"accounts_deleted":0,"storage_slots":0,"storage_slots_deleted":0,"code":0,"code_bytes":0},"cache":{"account":{"hits":0,"misses":4,"hit_rate":0},"storage":{"hits":0,"misses":0,"hit_rate":0},"code":{"hits":0,"misses":0,"hit_rate":0,"hit_bytes":0,"miss_bytes":0}}}
INFO [06-01|07:00:25.674] Imported new potential chain segment     number=1357 hash=ffd358..f82d04 blocks=1 txs=0 mgas=0.000 elapsed=4.557ms     mgasps=0.000 triediffs=25.00MiB triedirty=0.00B
INFO [06-01|07:00:25.674] Chain head was updated                   number=1357 hash=ffd358..f82d04 root=a91074..30a3ac elapsed="60.314µs"
INFO [06-01|07:00:26.679] Starting work on payload                 id=0x0363fbf00a923af0
INFO [06-01|07:00:26.687] Updated payload                          id=0x0363fbf00a923af0 number=1358 hash=e567ff..516854 txs=0 withdrawals=0 gas=0 fees=0 root=a91074..30a3ac elapsed=7.296ms
INFO [06-01|07:00:26.687] Stopping work on payload                 id=0x0363fbf00a923af0 reason=delivery
WARN [06-01|07:00:26.705] {"level":"warn","msg":"Slow block","block":{"number":1358,"hash":"0xe567ffe6c7cb98b10a7b0181665184f34862e0f89fca3667fc0659e752516854","gas_used":0,"tx_count":0},"timing":{"execution_ms":0.033103,"state_read_ms":17.73255,"state_hash_ms":0.090581,"commit_ms":0.264992,"total_ms":18.281585},"throughput":{"mgas_per_sec":0},"state_reads":{"accounts":4,"storage_slots":0,"code":0,"code_bytes":0},"state_writes":{"accounts":0,"accounts_deleted":0,"storage_slots":0,"storage_slots_deleted":0,"code":0,"code_bytes":0},"cache":{"account":{"hits":0,"misses":4,"hit_rate":0},"storage":{"hits":0,"misses":0,"hit_rate":0},"code":{"hits":0,"misses":0,"hit_rate":0,"hit_bytes":0,"miss_bytes":0}}}
INFO [06-01|07:00:26.705] Imported new potential chain segment     number=1358 hash=e567ff..516854 blocks=1 txs=0 mgas=0.000 elapsed=18.433ms    mgasps=0.000 triediffs=25.00MiB triedirty=0.00B
INFO [06-01|07:00:26.706] Chain head was updated                   number=1358 hash=e567ff..516854 root=a91074..30a3ac elapsed="47.704µs"
INFO [06-01|07:00:26.937] Submitted contract creation              hash=0x5230eced82227c5674f7c78d1437d5ea6987f18076987410b3216fa85015895c from=0xf39Fd6e51aad88F6F4ce6aB8827279cffFb92266 nonce=377 contract=0xe044814c9eD1e6442Af956a817c161192cBaE98F value=0
INFO [06-01|07:00:26.938] Submitted transaction                    hash=0x66613f92c3dc95861ef7b059bb74982b009ad81b164d8770c9b63c4548c6c081 from=0xf39Fd6e51aad88F6F4ce6aB8827279cffFb92266 nonce=378 recipient=0x97001b9e16bf01ACBD8fAa4d7D3fD170ed7Bf1c7 value=78,000,000
INFO [06-01|07:00:27.710] Starting work on payload                 id=0x036de2d159ea4de6
INFO [06-01|07:00:27.747] Updated payload                          id=0x036de2d159ea4de6 number=1359 hash=d11dab..33f68e txs=2 withdrawals=0 gas=91710 fees=5.5026e-13 root=2e2cf0..21a12b elapsed=36.771ms
INFO [06-01|07:00:27.747] Stopping work on payload                 id=0x036de2d159ea4de6 reason=delivery
INFO [06-01|07:00:27.789] Paused snapshot generation
WARN [06-01|07:00:27.789] {"level":"warn","msg":"Slow block","block":{"number":1359,"hash":"0xd11dab164d2c98fb5d202d3ad9fd53c7a85325888ea38dd38be950bea733f68e","gas_used":91710,"tx_count":2},"timing":{"execution_ms":0.120836,"state_read_ms":14.738133,"state_hash_ms":18.931923,"commit_ms":7.888457,"total_ms":41.852005},"throughput":{"mgas_per_sec":2.191292866375219},"state_reads":{"accounts":11,"storage_slots":0,"code":0,"code_bytes":0},"state_writes":{"accounts":3,"accounts_deleted":0,"storage_slots":0,"storage_slots_deleted":0,"code":1,"code_bytes":305},"cache":{"account":{"hits":5,"misses":6,"hit_rate":45.45454545454545},"storage":{"hits":0,"misses":0,"hit_rate":0},"code":{"hits":0,"misses":0,"hit_rate":0,"hit_bytes":0,"miss_bytes":0}}}
INFO [06-01|07:00:27.789] Imported new potential chain segment     number=1359 hash=d11dab..33f68e blocks=1 txs=2 mgas=0.092 elapsed=42.022ms    mgasps=2.182 triediffs=23.57MiB triedirty=0.00B
INFO [06-01|07:00:27.790] Chain head was updated                   number=1359 hash=d11dab..33f68e root=2e2cf0..21a12b elapsed="154.47µs"
WARN [06-01|07:00:27.826] Snapshot generation is not permitted
INFO [06-01|07:00:27.950] Submitted transaction                    hash=0x3659501abd1fb9d9c43b4bd54d62bf42c8451532f255351fee3ffc8f823e4262 from=0x97001b9e16bf01ACBD8fAa4d7D3fD170ed7Bf1c7 nonce=0   recipient=0xe044814c9eD1e6442Af956a817c161192cBaE98F value=0
INFO [06-01|07:00:28.795] Starting work on payload                 id=0x033268474b5c1cd9
INFO [06-01|07:00:28.905] Updated payload                          id=0x033268474b5c1cd9 number=1360 hash=a6ba51..6d0af2 txs=1 withdrawals=0 gas=5,908,255 fees=3.544953e-11 root=2d422b..2a2c88 elapsed=109.790ms
INFO [06-01|07:00:28.905] Stopping work on payload                 id=0x033268474b5c1cd9 reason=delivery
INFO [06-01|07:00:28.998] Paused snapshot generation
WARN [06-01|07:00:29.007] {"level":"warn","msg":"Slow block","block":{"number":1360,"hash":"0xa6ba512eb16e4204615ccf0fd0c6715d6563509624d6f4b7e153143edd6d0af2","gas_used":5908255,"tx_count":1},"timing":{"execution_ms":60.948392,"state_read_ms":10.937062,"state_hash_ms":18.460925,"commit_ms":11.004582,"total_ms":101.53813},"throughput":{"mgas_per_sec":58.18754983965137},"state_reads":{"accounts":17,"storage_slots":723,"code":11,"code_bytes":585},"state_writes":{"accounts":3,"accounts_deleted":0,"storage_slots":85,"storage_slots_deleted":0,"code":0,"code_bytes":0},"cache":{"account":{"hits":2,"misses":15,"hit_rate":11.76470588235294},"storage":{"hits":120,"misses":603,"hit_rate":16.59751037344398},"code":{"hits":11,"misses":0,"hit_rate":100,"hit_bytes":585,"miss_bytes":0}}}
INFO [06-01|07:00:29.007] Imported new potential chain segment     number=1360 hash=a6ba51..6d0af2 blocks=1 txs=1 mgas=5.908 elapsed=101.832ms   mgasps=58.019 triediffs=23.60MiB triedirty=0.00B
INFO [06-01|07:00:29.007] Chain head was updated                   number=1360 hash=a6ba51..6d0af2 root=2d422b..2a2c88 elapsed="129.603µs"
WARN [06-01|07:00:29.033] Snapshot generation is not permitted
INFO [06-01|07:00:29.966] Submitted transaction                    hash=0xa212cdfbcb271bb487cabe4c82895f370c8dc7f27d8f7a8a330c38ab062002f2 from=0x97001b9e16bf01ACBD8fAa4d7D3fD170ed7Bf1c7 nonce=1   recipient=0xf39Fd6e51aad88F6F4ce6aB8827279cffFb92266 value=940,685
INFO [06-01|07:00:30.014] Starting work on payload                 id=0x034a6a028e68807e
INFO [06-01|07:00:30.022] Updated payload                          id=0x034a6a028e68807e number=1361 hash=23e2e5..6db700 txs=1 withdrawals=0 gas=21000     fees=2.1e-14      root=e5ab15..c0a6c0 elapsed=8.048ms
INFO [06-01|07:00:30.022] Stopping work on payload                 id=0x034a6a028e68807e reason=delivery
INFO [06-01|07:00:30.045] Paused snapshot generation
WARN [06-01|07:00:30.046] {"level":"warn","msg":"Slow block","block":{"number":1361,"hash":"0x23e2e5ff8169501cc35777e53c3808557e74ea881279f9071bfa0e24fb6db700","gas_used":21000,"tx_count":1},"timing":{"execution_ms":0.056355,"state_read_ms":4.885751,"state_hash_ms":14.707897,"commit_ms":3.487453,"total_ms":23.472621},"throughput":{"mgas_per_sec":0.8946593565328729},"state_reads":{"accounts":6,"storage_slots":0,"code":0,"code_bytes":0},"state_writes":{"accounts":2,"accounts_deleted":0,"storage_slots":0,"storage_slots_deleted":0,"code":0,"code_bytes":0},"cache":{"account":{"hits":2,"misses":4,"hit_rate":33.33333333333333},"storage":{"hits":0,"misses":0,"hit_rate":0},"code":{"hits":0,"misses":0,"hit_rate":0,"hit_bytes":0,"miss_bytes":0}}}
INFO [06-01|07:00:30.046] Imported new potential chain segment     number=1361 hash=23e2e5..6db700 blocks=1 txs=1 mgas=0.021 elapsed=23.599ms    mgasps=0.890  triediffs=23.59MiB triedirty=0.00B
INFO [06-01|07:00:30.046] Chain head was updated                   number=1361 hash=23e2e5..6db700 root=e5ab15..c0a6c0 elapsed="43.798µs"
WARN [06-01|07:00:30.068] Snapshot generation is not permitted
INFO [06-01|07:00:31.051] Starting work on payload                 id=0x034f0f2c14b34653
INFO [06-01|07:00:31.055] Updated payload                          id=0x034f0f2c14b34653 number=1362 hash=98bc36..b7524c txs=0 withdrawals=0 gas=0         fees=0            root=e5ab15..c0a6c0 elapsed=3.577ms
INFO [06-01|07:00:31.055] Stopping work on payload                 id=0x034f0f2c14b34653 reason=delivery
WARN [06-01|07:00:31.073] {"level":"warn","msg":"Slow block","block":{"number":1362,"hash":"0x98bc36fe5fdf2c0066430c7bb6bf0face5d72d008259b081673e41d8e4b7524c","gas_used":0,"tx_count":0},"timing":{"execution_ms":0.036226,"state_read_ms":16.941036,"state_hash_ms":0.078414,"commit_ms":0.230749,"total_ms":17.577838},"throughput":{"mgas_per_sec":0},"state_reads":{"accounts":4,"storage_slots":0,"code":0,"code_bytes":0},"state_writes":{"accounts":0,"accounts_deleted":0,"storage_slots":0,"storage_slots_deleted":0,"code":0,"code_bytes":0},"cache":{"account":{"hits":0,"misses":4,"hit_rate":0},"storage":{"hits":0,"misses":0,"hit_rate":0},"code":{"hits":0,"misses":0,"hit_rate":0,"hit_bytes":0,"miss_bytes":0}}}
INFO [06-01|07:00:31.073] Imported new potential chain segment     number=1362 hash=98bc36..b7524c blocks=1 txs=0 mgas=0.000 elapsed=18.467ms    mgasps=0.000  triediffs=23.59MiB triedirty=0.00B
INFO [06-01|07:00:31.074] Chain head was updated                   number=1362 hash=98bc36..b7524c root=e5ab15..c0a6c0 elapsed="52.933µs"
