WARN [06-01|07:08:36.717] Unknown config environment variable      envvar=GETH_PBT_BIN
WARN [06-01|07:08:36.717] Unknown config environment variable      envvar=GETH_UBT_BIN
INFO [06-01|07:08:36.727] Starting Geth on Ethereum mainnet...
INFO [06-01|07:08:36.729] Maximum peer count                       ETH=0 total=0
INFO [06-01|07:08:36.730] Smartcard socket not found, disabling    err="stat /run/pcscd/pcscd.comm: no such file or directory"
WARN [06-01|07:08:36.735] Option --miner.etherbase is deprecated as the etherbase is set by the consensus client post-merge
WARN [06-01|07:08:36.737] Snap sync requested, resetting --cache.snapshot
INFO [06-01|07:08:36.737] Set global gas cap                       cap=50,000,000
INFO [06-01|07:08:37.552] Using developer account                  address=0xf39Fd6e51aad88F6F4ce6aB8827279cffFb92266
INFO [06-01|07:08:37.589] Using pebble as the backing database
INFO [06-01|07:08:37.589] Allocated cache and file handles         database=/mnt/state_expiry_vol_data/ubt-vs-pbt-dbs/pbt/geth/chaindata cache=16.00MiB handles=262,144
INFO [06-01|07:08:37.786] Opened ancient database                  database=/mnt/state_expiry_vol_data/ubt-vs-pbt-dbs/pbt/geth/chaindata/ancient/chain readonly=true
INFO [06-01|07:08:37.786] Opened Era store                         datadir=/mnt/state_expiry_vol_data/ubt-vs-pbt-dbs/pbt/geth/chaindata/ancient/chain/era
INFO [06-01|07:08:37.793] Initializing the KZG library             backend=gokzg
INFO [06-01|07:08:37.795] Allocated trie memory caches             clean=0.00B dirty=0.00B
INFO [06-01|07:08:37.803] Using pebble as the backing database
INFO [06-01|07:08:37.803] Allocated cache and file handles         database=/mnt/state_expiry_vol_data/ubt-vs-pbt-dbs/pbt/geth/chaindata cache=16.00MiB handles=262,144
INFO [06-01|07:08:37.976] Opened ancient database                  database=/mnt/state_expiry_vol_data/ubt-vs-pbt-dbs/pbt/geth/chaindata/ancient/chain readonly=false
INFO [06-01|07:08:37.976] Opened Era store                         datadir=/mnt/state_expiry_vol_data/ubt-vs-pbt-dbs/pbt/geth/chaindata/ancient/chain/era
INFO [06-01|07:08:37.980] State scheme set to already existing     scheme=path
INFO [06-01|07:08:37.981] Initialising Ethereum protocol           network=1337 dbversion=9
INFO [06-01|07:08:37.981] Load database journal from file          path=/mnt/state_expiry_vol_data/ubt-vs-pbt-dbs/pbt/geth/triedb/verkle.journal
INFO [06-01|07:08:38.108] Opened ancient database                  database=/mnt/state_expiry_vol_data/ubt-vs-pbt-dbs/pbt/geth/chaindata/ancient/state_verkle readonly=false
INFO [06-01|07:08:38.110] State snapshot generator is not compatible
INFO [06-01|07:08:38.110] Initialized path database                triecache=0.00B statecache=0.00B buffer=0.00B state-history="last 90000 blocks" journal-dir=/mnt/state_expiry_vol_data/ubt-vs-pbt-dbs/pbt/geth/triedb verkle=true
INFO [06-01|07:08:38.110] 
INFO [06-01|07:08:38.110] ---------------------------------------------------------------------------------------------------------------------------------------------------------
INFO [06-01|07:08:38.110] Chain ID:  1337 (unknown)
INFO [06-01|07:08:38.110] Consensus: unknown
INFO [06-01|07:08:38.110] 
INFO [06-01|07:08:38.110] Pre-Merge hard forks (block based):
INFO [06-01|07:08:38.110]  - Homestead:                   #0       
INFO [06-01|07:08:38.110]  - Tangerine Whistle (EIP 150): #0       
INFO [06-01|07:08:38.110]  - Spurious Dragon/1 (EIP 155): #0       
INFO [06-01|07:08:38.110]  - Spurious Dragon/2 (EIP 158): #0       
INFO [06-01|07:08:38.110]  - Byzantium:                   #0       
INFO [06-01|07:08:38.110]  - Constantinople:              #0       
INFO [06-01|07:08:38.110]  - Petersburg:                  #0       
INFO [06-01|07:08:38.110]  - Istanbul:                    #0       
INFO [06-01|07:08:38.110]  - Berlin:                      #0       
INFO [06-01|07:08:38.110]  - London:                      #0       
INFO [06-01|07:08:38.110]  - Arrow Glacier:               #0       
INFO [06-01|07:08:38.110]  - Gray Glacier:                #0       
INFO [06-01|07:08:38.110] 
INFO [06-01|07:08:38.110] Merge configured:
INFO [06-01|07:08:38.110]  - Total terminal difficulty:  0
INFO [06-01|07:08:38.110]  - Merge netsplit block:       #0       
INFO [06-01|07:08:38.110] 
INFO [06-01|07:08:38.110] Post-Merge hard forks (timestamp based):
INFO [06-01|07:08:38.110]  - Shanghai:                    @0         
INFO [06-01|07:08:38.110]  - Cancun:                      @0          blob: (target: 3, max: 6, fraction: 3338477)
INFO [06-01|07:08:38.110]  - Prague:                      @0          blob: (target: 6, max: 9, fraction: 5007716)
INFO [06-01|07:08:38.110]  - Osaka:                       @0          blob: (target: 6, max: 9, fraction: 5007716)
INFO [06-01|07:08:38.110]  - UBT:                         @0          blob: (nil)
INFO [06-01|07:08:38.110] 
INFO [06-01|07:08:38.110] All fork specifications can be found at https://ethereum.github.io/execution-specs/src/ethereum/forks/
INFO [06-01|07:08:38.110] 
INFO [06-01|07:08:38.110] ---------------------------------------------------------------------------------------------------------------------------------------------------------
INFO [06-01|07:08:38.110] 
INFO [06-01|07:08:38.113] Loaded most recent local block           number=1677 hash=ed3a63..b53633 age=3s
INFO [06-01|07:08:38.113] Loaded most recent local finalized block number=1664 hash=785054..1b9a42 age=23s
INFO [06-01|07:08:38.113] Initialized transaction indexer          range="last 2350000 blocks"
INFO [06-01|07:08:38.114] Initialized log indexer                  firstblock=0 lastblock=1677 firstmap=0 lastmap=0 headindexed=true
INFO [06-01|07:08:38.131] Enabled full-sync                        head=1677 hash=ed3a63..b53633
INFO [06-01|07:08:38.132] Unprotected transactions allowed
INFO [06-01|07:08:38.132] Gasprice oracle is ignoring threshold set threshold=2
INFO [06-01|07:08:38.132] Registered sync override service
WARN [06-01|07:08:38.132] You are running Geth in --dev mode. Please note the following:
WARN [06-01|07:08:38.132] 
WARN [06-01|07:08:38.132]   1. This mode is only intended for fast, iterative development without assumptions on
WARN [06-01|07:08:38.132]      security or persistence.
WARN [06-01|07:08:38.132]   2. The database is created in memory unless specified otherwise. Therefore, shutting down
WARN [06-01|07:08:38.132]      your computer or losing power will wipe your entire block data and chain state for
WARN [06-01|07:08:38.132]      your dev environment.
WARN [06-01|07:08:38.132]   3. A random, pre-allocated developer account will be available and unlocked as
WARN [06-01|07:08:38.132]      eth.coinbase, which can be used for testing. The random dev account is temporary,
WARN [06-01|07:08:38.132]      stored on a ramdisk, and will be lost if your machine is restarted.
WARN [06-01|07:08:38.132]   4. Mining is enabled by default. However, the client will only seal blocks if transactions
WARN [06-01|07:08:38.132]      are pending in the mempool. The miner's minimum accepted gas price is 1.
WARN [06-01|07:08:38.132]   5. Networking is disabled; there is no listen-address, the maximum number of peers is set
WARN [06-01|07:08:38.132]      to 0, and discovery is disabled.
WARN [06-01|07:08:38.132] 
INFO [06-01|07:08:38.132] Starting peer-to-peer node               instance=Geth/v1.17.3-unstable/linux-amd64/go1.24.9
WARN [06-01|07:08:38.132] P2P server will be useless, neither dialing nor listening
INFO [06-01|07:08:38.155] IPC endpoint opened                      url=/mnt/state_expiry_vol_data/ubt-vs-pbt-dbs/pbt/geth.ipc
ERROR[06-01|07:08:38.155] Unavailable modules in HTTP API list     unavailable=[personal] available="[admin debug web3 eth txpool miner net dev testing]"
INFO [06-01|07:08:38.156] New local node record                    seq=1,780,292,694,422 id=972c5cc0b2a1895c ip=127.0.0.1 udp=0 tcp=0
INFO [06-01|07:08:38.156] Started P2P networking                   self=enode://16ec6c0bde109d66472afe00ec8fee3d30718d830d1acf0829842abca89b82afff8a454636cde3b26d700f98647938c6f23e7bee3027caca0d7f19e4b3725e13@127.0.0.1:0
INFO [06-01|07:08:38.156] HTTP server started                      endpoint=127.0.0.1:8545 auth=false prefix= cors= vhosts=localhost
INFO [06-01|07:08:38.156] WebSocket enabled                        url=ws://127.0.0.1:8546
INFO [06-01|07:08:38.297] Loaded local transaction journal         transactions=1465 dropped=0
INFO [06-01|07:08:39.120] Started log indexer
INFO [06-01|07:08:39.161] Starting work on payload                 id=0x0345674c9e2d0bd5
INFO [06-01|07:08:39.170] Updated payload                          id=0x0345674c9e2d0bd5 number=1678 hash=5cedb2..9faf8f txs=0 withdrawals=0 gas=0 fees=0 root=071444..28ee17 elapsed=8.790ms
INFO [06-01|07:08:39.170] Stopping work on payload                 id=0x0345674c9e2d0bd5 reason=delivery
WARN [06-01|07:08:39.174] {"level":"warn","msg":"Slow block","block":{"number":1678,"hash":"0x5cedb2d341ac34d694f4ba687dba858c7d63ef02ac8ea5dc46f94cb5689faf8f","gas_used":0,"tx_count":0},"timing":{"execution_ms":0.045449,"state_read_ms":2.802496,"state_hash_ms":0.13391,"commit_ms":0.39223,"total_ms":3.570151},"throughput":{"mgas_per_sec":0},"state_reads":{"accounts":4,"storage_slots":0,"code":0,"code_bytes":0},"state_writes":{"accounts":0,"accounts_deleted":0,"storage_slots":0,"storage_slots_deleted":0,"code":0,"code_bytes":0},"cache":{"account":{"hits":0,"misses":4,"hit_rate":0},"storage":{"hits":0,"misses":0,"hit_rate":0},"code":{"hits":0,"misses":0,"hit_rate":0,"hit_bytes":0,"miss_bytes":0}}}
INFO [06-01|07:08:39.174] Imported new potential chain segment     number=1678 hash=5cedb2..9faf8f blocks=1 txs=0 mgas=0.000 elapsed=3.866ms mgasps=0.000 triediffs=9.27MiB triedirty=0.00B
INFO [06-01|07:08:39.174] Chain head was updated                   number=1678 hash=5cedb2..9faf8f root=071444..28ee17 elapsed="150.391µs"
INFO [06-01|07:08:40.182] Starting work on payload                 id=0x037cf55f889140c0
INFO [06-01|07:08:40.190] Updated payload                          id=0x037cf55f889140c0 number=1679 hash=125417..b7d117 txs=0 withdrawals=0 gas=0 fees=0 root=071444..28ee17 elapsed=7.221ms
INFO [06-01|07:08:40.190] Stopping work on payload                 id=0x037cf55f889140c0 reason=delivery
WARN [06-01|07:08:40.193] {"level":"warn","msg":"Slow block","block":{"number":1679,"hash":"0x125417236ba8bd56385576d7c40615a2afb4fdf4f0ddcf2cb336876dc1b7d117","gas_used":0,"tx_count":0},"timing":{"execution_ms":0.02418,"state_read_ms":3.110071,"state_hash_ms":0.097705,"commit_ms":0.248987,"total_ms":3.648925},"throughput":{"mgas_per_sec":0},"state_reads":{"accounts":4,"storage_slots":0,"code":0,"code_bytes":0},"state_writes":{"accounts":0,"accounts_deleted":0,"storage_slots":0,"storage_slots_deleted":0,"code":0,"code_bytes":0},"cache":{"account":{"hits":0,"misses":4,"hit_rate":0},"storage":{"hits":0,"misses":0,"hit_rate":0},"code":{"hits":0,"misses":0,"hit_rate":0,"hit_bytes":0,"miss_bytes":0}}}
INFO [06-01|07:08:40.194] Imported new potential chain segment     number=1679 hash=125417..b7d117 blocks=1 txs=0 mgas=0.000 elapsed=3.805ms     mgasps=0.000 triediffs=9.27MiB triedirty=0.00B
INFO [06-01|07:08:40.194] Chain head was updated                   number=1679 hash=125417..b7d117 root=071444..28ee17 elapsed="42.939µs"
INFO [06-01|07:08:41.199] Starting work on payload                 id=0x035465ca53c2c693
INFO [06-01|07:08:41.204] Updated payload                          id=0x035465ca53c2c693 number=1680 hash=dab085..d6bcb2 txs=0 withdrawals=0 gas=0 fees=0 root=071444..28ee17 elapsed=4.846ms
INFO [06-01|07:08:41.206] Stopping work on payload                 id=0x035465ca53c2c693 reason=delivery
WARN [06-01|07:08:41.229] {"level":"warn","msg":"Slow block","block":{"number":1680,"hash":"0xdab0855c4449c9085f1e1c757a558e2fa4a794f11d0d83dd8b65b0c231d6bcb2","gas_used":0,"tx_count":0},"timing":{"execution_ms":0.040073,"state_read_ms":23.320073,"state_hash_ms":0.148514,"commit_ms":0.280752,"total_ms":24.068768},"throughput":{"mgas_per_sec":0},"state_reads":{"accounts":4,"storage_slots":0,"code":0,"code_bytes":0},"state_writes":{"accounts":0,"accounts_deleted":0,"storage_slots":0,"storage_slots_deleted":0,"code":0,"code_bytes":0},"cache":{"account":{"hits":0,"misses":4,"hit_rate":0},"storage":{"hits":0,"misses":0,"hit_rate":0},"code":{"hits":0,"misses":0,"hit_rate":0,"hit_bytes":0,"miss_bytes":0}}}
INFO [06-01|07:08:41.229] Imported new potential chain segment     number=1680 hash=dab085..d6bcb2 blocks=1 txs=0 mgas=0.000 elapsed=24.253ms    mgasps=0.000 triediffs=9.27MiB triedirty=0.00B
INFO [06-01|07:08:41.229] Chain head was updated                   number=1680 hash=dab085..d6bcb2 root=071444..28ee17 elapsed="41.05µs"
INFO [06-01|07:08:41.577] Submitted contract creation              hash=0x0825c32e4bab12fb23b7505ef4a70e255b48fbe9ed62b7e5f383952afa7a64e9 from=0xf39Fd6e51aad88F6F4ce6aB8827279cffFb92266 nonce=477 contract=0x85495222Fd7069B987Ca38C2142732EbBFb7175D value=0
INFO [06-01|07:08:41.577] Submitted transaction                    hash=0x60d472b2afc24632d8ae9869d5df54e3e20090306673e56b73ceef530bbbc325 from=0xf39Fd6e51aad88F6F4ce6aB8827279cffFb92266 nonce=478 recipient=0x5f1464d43E80E10dead1b9beEAbF96A2baC04e44 value=78,000,000
INFO [06-01|07:08:42.234] Starting work on payload                 id=0x0301082a7e127328
INFO [06-01|07:08:42.264] Updated payload                          id=0x0301082a7e127328 number=1681 hash=e981fb..9e480b txs=2 withdrawals=0 gas=91698 fees=5.50188e-13 root=857a61..9260f7 elapsed=30.549ms
INFO [06-01|07:08:42.264] Stopping work on payload                 id=0x0301082a7e127328 reason=delivery
INFO [06-01|07:08:42.312] Paused snapshot generation
WARN [06-01|07:08:42.312] {"level":"warn","msg":"Slow block","block":{"number":1681,"hash":"0xe981fbe496a527cf25d54caa1d9940af266560d2ed587b8093c3979ed69e480b","gas_used":91698,"tx_count":2},"timing":{"execution_ms":0.49233,"state_read_ms":22.139716,"state_hash_ms":17.578641,"commit_ms":6.914119,"total_ms":47.427768},"throughput":{"mgas_per_sec":1.933424318007122},"state_reads":{"accounts":11,"storage_slots":0,"code":0,"code_bytes":0},"state_writes":{"accounts":3,"accounts_deleted":0,"storage_slots":0,"storage_slots_deleted":0,"code":1,"code_bytes":305},"cache":{"account":{"hits":5,"misses":6,"hit_rate":45.45454545454545},"storage":{"hits":0,"misses":0,"hit_rate":0},"code":{"hits":0,"misses":0,"hit_rate":0,"hit_bytes":0,"miss_bytes":0}}}
INFO [06-01|07:08:42.312] Imported new potential chain segment     number=1681 hash=e981fb..9e480b blocks=1 txs=2 mgas=0.092 elapsed=47.574ms    mgasps=1.927 triediffs=9.25MiB triedirty=0.00B
INFO [06-01|07:08:42.312] Chain head was updated                   number=1681 hash=e981fb..9e480b root=857a61..9260f7 elapsed="170.851µs"
WARN [06-01|07:08:42.332] Snapshot generation is not permitted
INFO [06-01|07:08:42.589] Submitted transaction                    hash=0xf19f953767be4f6b4e7b2e902b5be7595e2656f71c6093447ba9ca79778df7ef from=0x5f1464d43E80E10dead1b9beEAbF96A2baC04e44 nonce=0   recipient=0x85495222Fd7069B987Ca38C2142732EbBFb7175D value=0
INFO [06-01|07:08:43.317] Starting work on payload                 id=0x03ac4779320303a6
INFO [06-01|07:08:43.446] Updated payload                          id=0x03ac4779320303a6 number=1682 hash=ae34c7..94d1e6 txs=1 withdrawals=0 gas=5,919,240 fees=3.551544e-11 root=77d68d..961212 elapsed=128.181ms
INFO [06-01|07:08:43.446] Stopping work on payload                 id=0x03ac4779320303a6 reason=delivery
INFO [06-01|07:08:43.526] Paused snapshot generation
WARN [06-01|07:08:43.528] {"level":"warn","msg":"Slow block","block":{"number":1682,"hash":"0xae34c719af97cbb0cbbbaeb44561a3a8aa53e5a167a057be10e395e05d94d1e6","gas_used":5919240,"tx_count":1},"timing":{"execution_ms":34.123873,"state_read_ms":11.869941,"state_hash_ms":18.314043,"commit_ms":17.591282,"total_ms":82.045872},"throughput":{"mgas_per_sec":72.14549441317413},"state_reads":{"accounts":263,"storage_slots":814,"code":257,"code_bytes":7473},"state_writes":{"accounts":47,"accounts_deleted":0,"storage_slots":72,"storage_slots_deleted":0,"code":0,"code_bytes":0},"cache":{"account":{"hits":39,"misses":224,"hit_rate":14.82889733840304},"storage":{"hits":344,"misses":470,"hit_rate":42.26044226044226},"code":{"hits":257,"misses":0,"hit_rate":100,"hit_bytes":7473,"miss_bytes":0}}}
INFO [06-01|07:08:43.528] Imported new potential chain segment     number=1682 hash=ae34c7..94d1e6 blocks=1 txs=1 mgas=5.919 elapsed=82.280ms    mgasps=71.940 triediffs=9.60MiB triedirty=0.00B
INFO [06-01|07:08:43.528] Chain head was updated                   number=1682 hash=ae34c7..94d1e6 root=77d68d..961212 elapsed="105.542µs"
WARN [06-01|07:08:43.554] Snapshot generation is not permitted
INFO [06-01|07:08:43.603] Submitted transaction                    hash=0x9423fb90ba8e078eb81d332ff474dcfa08b34c86badad83bd7c42a46f3508336 from=0x5f1464d43E80E10dead1b9beEAbF96A2baC04e44 nonce=1   recipient=0xf39Fd6e51aad88F6F4ce6aB8827279cffFb92266 value=797,880
INFO [06-01|07:08:44.533] Starting work on payload                 id=0x034daccc3bc16b82
INFO [06-01|07:08:44.543] Updated payload                          id=0x034daccc3bc16b82 number=1683 hash=e101c6..6f3837 txs=1 withdrawals=0 gas=21000     fees=2.1e-14      root=08fdae..ca52ee elapsed=9.690ms
INFO [06-01|07:08:44.547] Stopping work on payload                 id=0x034daccc3bc16b82 reason=delivery
INFO [06-01|07:08:44.588] Paused snapshot generation
WARN [06-01|07:08:44.588] {"level":"warn","msg":"Slow block","block":{"number":1683,"hash":"0xe101c6ced2d6507ce24e9961d1c1ca4135fbed47e1c3cbd60cf986e42e6f3837","gas_used":21000,"tx_count":1},"timing":{"execution_ms":0.205992,"state_read_ms":3.48184,"state_hash_ms":20.261416,"commit_ms":20.786505,"total_ms":44.941422},"throughput":{"mgas_per_sec":0.467274934024117},"state_reads":{"accounts":6,"storage_slots":0,"code":0,"code_bytes":0},"state_writes":{"accounts":2,"accounts_deleted":0,"storage_slots":0,"storage_slots_deleted":0,"code":0,"code_bytes":0},"cache":{"account":{"hits":0,"misses":6,"hit_rate":0},"storage":{"hits":0,"misses":0,"hit_rate":0},"code":{"hits":0,"misses":0,"hit_rate":0,"hit_bytes":0,"miss_bytes":0}}}
INFO [06-01|07:08:44.588] Imported new potential chain segment     number=1683 hash=e101c6..6f3837 blocks=1 txs=1 mgas=0.021 elapsed=45.136ms    mgasps=0.465  triediffs=9.59MiB triedirty=0.00B
INFO [06-01|07:08:44.588] Chain head was updated                   number=1683 hash=e101c6..6f3837 root=08fdae..ca52ee elapsed="55.19µs"
WARN [06-01|07:08:44.613] Snapshot generation is not permitted
