WARN [06-01|06:53:03.064] Unknown config environment variable      envvar=GETH_PBT_BIN
WARN [06-01|06:53:03.064] Unknown config environment variable      envvar=GETH_UBT_BIN
INFO [06-01|06:53:03.075] Starting Geth on Ethereum mainnet...
INFO [06-01|06:53:03.077] Maximum peer count                       ETH=0 total=0
INFO [06-01|06:53:03.078] Smartcard socket not found, disabling    err="stat /run/pcscd/pcscd.comm: no such file or directory"
WARN [06-01|06:53:03.083] Option --miner.etherbase is deprecated as the etherbase is set by the consensus client post-merge
WARN [06-01|06:53:03.085] Snap sync requested, resetting --cache.snapshot
INFO [06-01|06:53:03.085] Set global gas cap                       cap=50,000,000
INFO [06-01|06:53:03.860] Using developer account                  address=0xf39Fd6e51aad88F6F4ce6aB8827279cffFb92266
INFO [06-01|06:53:03.897] Using pebble as the backing database
INFO [06-01|06:53:03.898] Allocated cache and file handles         database=/mnt/state_expiry_vol_data/ubt-vs-pbt-dbs/pbt/geth/chaindata cache=16.00MiB handles=262,144
INFO [06-01|06:53:04.094] Opened ancient database                  database=/mnt/state_expiry_vol_data/ubt-vs-pbt-dbs/pbt/geth/chaindata/ancient/chain readonly=true
INFO [06-01|06:53:04.094] Opened Era store                         datadir=/mnt/state_expiry_vol_data/ubt-vs-pbt-dbs/pbt/geth/chaindata/ancient/chain/era
INFO [06-01|06:53:04.101] Initializing the KZG library             backend=gokzg
INFO [06-01|06:53:04.102] Allocated trie memory caches             clean=0.00B dirty=0.00B
INFO [06-01|06:53:04.110] Using pebble as the backing database
INFO [06-01|06:53:04.110] Allocated cache and file handles         database=/mnt/state_expiry_vol_data/ubt-vs-pbt-dbs/pbt/geth/chaindata cache=16.00MiB handles=262,144
INFO [06-01|06:53:04.281] Opened ancient database                  database=/mnt/state_expiry_vol_data/ubt-vs-pbt-dbs/pbt/geth/chaindata/ancient/chain readonly=false
INFO [06-01|06:53:04.282] Opened Era store                         datadir=/mnt/state_expiry_vol_data/ubt-vs-pbt-dbs/pbt/geth/chaindata/ancient/chain/era
INFO [06-01|06:53:04.286] State scheme set to already existing     scheme=path
INFO [06-01|06:53:04.286] Initialising Ethereum protocol           network=1337 dbversion=9
INFO [06-01|06:53:04.286] Load database journal from file          path=/mnt/state_expiry_vol_data/ubt-vs-pbt-dbs/pbt/geth/triedb/verkle.journal
INFO [06-01|06:53:04.571] Opened ancient database                  database=/mnt/state_expiry_vol_data/ubt-vs-pbt-dbs/pbt/geth/chaindata/ancient/state_verkle readonly=false
INFO [06-01|06:53:04.573] State snapshot generator is not compatible
INFO [06-01|06:53:04.573] Initialized path database                triecache=0.00B statecache=0.00B buffer=0.00B state-history="last 90000 blocks" journal-dir=/mnt/state_expiry_vol_data/ubt-vs-pbt-dbs/pbt/geth/triedb verkle=true
INFO [06-01|06:53:04.573] 
INFO [06-01|06:53:04.573] ---------------------------------------------------------------------------------------------------------------------------------------------------------
INFO [06-01|06:53:04.573] Chain ID:  1337 (unknown)
INFO [06-01|06:53:04.573] Consensus: unknown
INFO [06-01|06:53:04.573] 
INFO [06-01|06:53:04.573] Pre-Merge hard forks (block based):
INFO [06-01|06:53:04.573]  - Homestead:                   #0       
INFO [06-01|06:53:04.573]  - Tangerine Whistle (EIP 150): #0       
INFO [06-01|06:53:04.573]  - Spurious Dragon/1 (EIP 155): #0       
INFO [06-01|06:53:04.573]  - Spurious Dragon/2 (EIP 158): #0       
INFO [06-01|06:53:04.573]  - Byzantium:                   #0       
INFO [06-01|06:53:04.573]  - Constantinople:              #0       
INFO [06-01|06:53:04.573]  - Petersburg:                  #0       
INFO [06-01|06:53:04.573]  - Istanbul:                    #0       
INFO [06-01|06:53:04.573]  - Berlin:                      #0       
INFO [06-01|06:53:04.573]  - London:                      #0       
INFO [06-01|06:53:04.573]  - Arrow Glacier:               #0       
INFO [06-01|06:53:04.573]  - Gray Glacier:                #0       
INFO [06-01|06:53:04.573] 
INFO [06-01|06:53:04.573] Merge configured:
INFO [06-01|06:53:04.573]  - Total terminal difficulty:  0
INFO [06-01|06:53:04.573]  - Merge netsplit block:       #0       
INFO [06-01|06:53:04.573] 
INFO [06-01|06:53:04.573] Post-Merge hard forks (timestamp based):
INFO [06-01|06:53:04.573]  - Shanghai:                    @0         
INFO [06-01|06:53:04.573]  - Cancun:                      @0          blob: (target: 3, max: 6, fraction: 3338477)
INFO [06-01|06:53:04.573]  - Prague:                      @0          blob: (target: 6, max: 9, fraction: 5007716)
INFO [06-01|06:53:04.573]  - Osaka:                       @0          blob: (target: 6, max: 9, fraction: 5007716)
INFO [06-01|06:53:04.573]  - UBT:                         @0          blob: (nil)
INFO [06-01|06:53:04.573] 
INFO [06-01|06:53:04.573] All fork specifications can be found at https://ethereum.github.io/execution-specs/src/ethereum/forks/
INFO [06-01|06:53:04.573] 
INFO [06-01|06:53:04.573] ---------------------------------------------------------------------------------------------------------------------------------------------------------
INFO [06-01|06:53:04.573] 
INFO [06-01|06:53:04.575] Loaded most recent local block           number=1065 hash=59bf25..a9d39c age=3s
INFO [06-01|06:53:04.575] Loaded most recent local finalized block number=1056 hash=884fa2..ae9003 age=16s
INFO [06-01|06:53:04.576] Initialized transaction indexer          range="last 2350000 blocks"
INFO [06-01|06:53:04.576] Initialized log indexer                  firstblock=0 lastblock=1065 firstmap=0 lastmap=0 headindexed=true
INFO [06-01|06:53:04.591] Enabled full-sync                        head=1065 hash=59bf25..a9d39c
INFO [06-01|06:53:04.591] Unprotected transactions allowed
INFO [06-01|06:53:04.591] Gasprice oracle is ignoring threshold set threshold=2
INFO [06-01|06:53:04.592] Registered sync override service
WARN [06-01|06:53:04.592] You are running Geth in --dev mode. Please note the following:
WARN [06-01|06:53:04.592] 
WARN [06-01|06:53:04.592]   1. This mode is only intended for fast, iterative development without assumptions on
WARN [06-01|06:53:04.592]      security or persistence.
WARN [06-01|06:53:04.592]   2. The database is created in memory unless specified otherwise. Therefore, shutting down
WARN [06-01|06:53:04.592]      your computer or losing power will wipe your entire block data and chain state for
WARN [06-01|06:53:04.592]      your dev environment.
WARN [06-01|06:53:04.592]   3. A random, pre-allocated developer account will be available and unlocked as
WARN [06-01|06:53:04.592]      eth.coinbase, which can be used for testing. The random dev account is temporary,
WARN [06-01|06:53:04.592]      stored on a ramdisk, and will be lost if your machine is restarted.
WARN [06-01|06:53:04.592]   4. Mining is enabled by default. However, the client will only seal blocks if transactions
WARN [06-01|06:53:04.592]      are pending in the mempool. The miner's minimum accepted gas price is 1.
WARN [06-01|06:53:04.592]   5. Networking is disabled; there is no listen-address, the maximum number of peers is set
WARN [06-01|06:53:04.592]      to 0, and discovery is disabled.
WARN [06-01|06:53:04.592] 
INFO [06-01|06:53:04.592] Starting peer-to-peer node               instance=Geth/v1.17.3-unstable/linux-amd64/go1.24.9
WARN [06-01|06:53:04.592] P2P server will be useless, neither dialing nor listening
INFO [06-01|06:53:04.609] IPC endpoint opened                      url=/mnt/state_expiry_vol_data/ubt-vs-pbt-dbs/pbt/geth.ipc
ERROR[06-01|06:53:04.609] Unavailable modules in HTTP API list     unavailable=[personal] available="[admin debug web3 eth txpool miner net dev testing]"
INFO [06-01|06:53:04.609] New local node record                    seq=1,780,292,694,330 id=972c5cc0b2a1895c ip=127.0.0.1 udp=0 tcp=0
INFO [06-01|06:53:04.609] Started P2P networking                   self=enode://16ec6c0bde109d66472afe00ec8fee3d30718d830d1acf0829842abca89b82afff8a454636cde3b26d700f98647938c6f23e7bee3027caca0d7f19e4b3725e13@127.0.0.1:0
INFO [06-01|06:53:04.610] HTTP server started                      endpoint=127.0.0.1:8545 auth=false prefix= cors= vhosts=localhost
INFO [06-01|06:53:04.610] WebSocket enabled                        url=ws://127.0.0.1:8546
INFO [06-01|06:53:04.740] Loaded local transaction journal         transactions=1097 dropped=0
INFO [06-01|06:53:05.456] Started log indexer
INFO [06-01|06:53:05.500] Starting work on payload                 id=0x03a6f46def0a19f5
INFO [06-01|06:53:05.503] Updated payload                          id=0x03a6f46def0a19f5 number=1066 hash=c979a0..0802f3 txs=0 withdrawals=0 gas=0 fees=0 root=9d120e..04042c elapsed=3.264ms
INFO [06-01|06:53:05.504] Stopping work on payload                 id=0x03a6f46def0a19f5 reason=delivery
WARN [06-01|06:53:05.513] {"level":"warn","msg":"Slow block","block":{"number":1066,"hash":"0xc979a07203abca363838c27129ea791ce24aa71045a88f661dbe7658db0802f3","gas_used":0,"tx_count":0},"timing":{"execution_ms":0.043696,"state_read_ms":8.267913,"state_hash_ms":0.103287,"commit_ms":0.512329,"total_ms":9.110235},"throughput":{"mgas_per_sec":0},"state_reads":{"accounts":4,"storage_slots":0,"code":0,"code_bytes":0},"state_writes":{"accounts":0,"accounts_deleted":0,"storage_slots":0,"storage_slots_deleted":0,"code":0,"code_bytes":0},"cache":{"account":{"hits":0,"misses":4,"hit_rate":0},"storage":{"hits":0,"misses":0,"hit_rate":0},"code":{"hits":0,"misses":0,"hit_rate":0,"hit_bytes":0,"miss_bytes":0}}}
INFO [06-01|06:53:05.513] Imported new potential chain segment     number=1066 hash=c979a0..0802f3 blocks=1 txs=0 mgas=0.000 elapsed=9.535ms mgasps=0.000 triediffs=24.43MiB triedirty=0.00B
INFO [06-01|06:53:05.513] Chain head was updated                   number=1066 hash=c979a0..0802f3 root=9d120e..04042c elapsed="59.08µs"
INFO [06-01|06:53:06.518] Starting work on payload                 id=0x03a3076d2d803b08
INFO [06-01|06:53:06.521] Updated payload                          id=0x03a3076d2d803b08 number=1067 hash=ce18e6..59d9ae txs=0 withdrawals=0 gas=0 fees=0 root=9d120e..04042c elapsed=3.159ms
INFO [06-01|06:53:06.521] Stopping work on payload                 id=0x03a3076d2d803b08 reason=delivery
WARN [06-01|06:53:06.532] {"level":"warn","msg":"Slow block","block":{"number":1067,"hash":"0xce18e6361b0047a3ce5a37c780dd45abc18df4b208b6eba9247ce2e40d59d9ae","gas_used":0,"tx_count":0},"timing":{"execution_ms":0.026649,"state_read_ms":9.313852,"state_hash_ms":0.197769,"commit_ms":0.328277,"total_ms":9.999683},"throughput":{"mgas_per_sec":0},"state_reads":{"accounts":4,"storage_slots":0,"code":0,"code_bytes":0},"state_writes":{"accounts":0,"accounts_deleted":0,"storage_slots":0,"storage_slots_deleted":0,"code":0,"code_bytes":0},"cache":{"account":{"hits":0,"misses":4,"hit_rate":0},"storage":{"hits":0,"misses":0,"hit_rate":0},"code":{"hits":0,"misses":0,"hit_rate":0,"hit_bytes":0,"miss_bytes":0}}}
INFO [06-01|06:53:06.532] Imported new potential chain segment     number=1067 hash=ce18e6..59d9ae blocks=1 txs=0 mgas=0.000 elapsed=10.184ms  mgasps=0.000 triediffs=24.43MiB triedirty=0.00B
INFO [06-01|06:53:06.532] Chain head was updated                   number=1067 hash=ce18e6..59d9ae root=9d120e..04042c elapsed="50.945µs"
INFO [06-01|06:53:07.539] Starting work on payload                 id=0x03e1ccf4ca60f4b1
INFO [06-01|06:53:07.543] Updated payload                          id=0x03e1ccf4ca60f4b1 number=1068 hash=38e394..ec3239 txs=0 withdrawals=0 gas=0 fees=0 root=9d120e..04042c elapsed=3.876ms
INFO [06-01|06:53:07.545] Stopping work on payload                 id=0x03e1ccf4ca60f4b1 reason=delivery
WARN [06-01|06:53:07.558] {"level":"warn","msg":"Slow block","block":{"number":1068,"hash":"0x38e3946d9fc05463941445f0cc715a3b7cb47489a9693e9d6cf662b95fec3239","gas_used":0,"tx_count":0},"timing":{"execution_ms":0.05153,"state_read_ms":14.541527,"state_hash_ms":0.114231,"commit_ms":0.262408,"total_ms":15.14096},"throughput":{"mgas_per_sec":0},"state_reads":{"accounts":4,"storage_slots":0,"code":0,"code_bytes":0},"state_writes":{"accounts":0,"accounts_deleted":0,"storage_slots":0,"storage_slots_deleted":0,"code":0,"code_bytes":0},"cache":{"account":{"hits":0,"misses":4,"hit_rate":0},"storage":{"hits":0,"misses":0,"hit_rate":0},"code":{"hits":0,"misses":0,"hit_rate":0,"hit_bytes":0,"miss_bytes":0}}}
INFO [06-01|06:53:07.559] Imported new potential chain segment     number=1068 hash=38e394..ec3239 blocks=1 txs=0 mgas=0.000 elapsed=15.367ms   mgasps=0.000 triediffs=24.43MiB triedirty=0.00B
INFO [06-01|06:53:07.559] Chain head was updated                   number=1068 hash=38e394..ec3239 root=9d120e..04042c elapsed="289.902µs"
INFO [06-01|06:53:07.862] Submitted contract creation              hash=0x3478e0d31b5d185d003a764e857dde805a471b850ccbb406a683dfc73395e633 from=0xf39Fd6e51aad88F6F4ce6aB8827279cffFb92266 nonce=293 contract=0xA9e6Bfa2BF53dE88FEb19761D9b2eE2e821bF1Bf value=0
INFO [06-01|06:53:07.862] Submitted transaction                    hash=0x39af62bf3ba60b7f1d52070b827d387489add746a2661b03f8d164ac1e7875cd from=0xf39Fd6e51aad88F6F4ce6aB8827279cffFb92266 nonce=294 recipient=0x80FC40b7b205ceFE011f8fCb7C48a9f01Df322a4 value=78,000,000
INFO [06-01|06:53:08.563] Starting work on payload                 id=0x03cca930304a529d
INFO [06-01|06:53:08.596] Updated payload                          id=0x03cca930304a529d number=1069 hash=6f7ae3..73901f txs=2 withdrawals=0 gas=86926 fees=5.21556e-13 root=14e774..81532c elapsed=32.326ms
INFO [06-01|06:53:08.596] Stopping work on payload                 id=0x03cca930304a529d reason=delivery
INFO [06-01|06:53:08.631] Paused snapshot generation
WARN [06-01|06:53:08.631] {"level":"warn","msg":"Slow block","block":{"number":1069,"hash":"0x6f7ae344f8535c13dea97751c72f1b2a15294d4059abfe7db89541cd3a73901f","gas_used":86926,"tx_count":2},"timing":{"execution_ms":0.126801,"state_read_ms":22.662728,"state_hash_ms":5.162946,"commit_ms":6.993491,"total_ms":35.181114},"throughput":{"mgas_per_sec":2.470814312474585},"state_reads":{"accounts":11,"storage_slots":0,"code":0,"code_bytes":0},"state_writes":{"accounts":3,"accounts_deleted":0,"storage_slots":0,"storage_slots_deleted":0,"code":1,"code_bytes":165},"cache":{"account":{"hits":5,"misses":6,"hit_rate":45.45454545454545},"storage":{"hits":0,"misses":0,"hit_rate":0},"code":{"hits":0,"misses":0,"hit_rate":0,"hit_bytes":0,"miss_bytes":0}}}
INFO [06-01|06:53:08.631] Imported new potential chain segment     number=1069 hash=6f7ae3..73901f blocks=1 txs=2 mgas=0.087 elapsed=35.352ms    mgasps=2.459 triediffs=24.31MiB triedirty=0.00B
INFO [06-01|06:53:08.632] Chain head was updated                   number=1069 hash=6f7ae3..73901f root=14e774..81532c elapsed="180.581µs"
WARN [06-01|06:53:08.654] Snapshot generation is not permitted
INFO [06-01|06:53:08.875] Submitted transaction                    hash=0x8d56356f2dbc148398c97f9f165e610cef7ccab3a56e40083d42bad89a535ce6 from=0x80FC40b7b205ceFE011f8fCb7C48a9f01Df322a4 nonce=0   recipient=0xA9e6Bfa2BF53dE88FEb19761D9b2eE2e821bF1Bf value=0
INFO [06-01|06:53:09.637] Starting work on payload                 id=0x033b4a0b96527afd
INFO [06-01|06:53:09.833] Updated payload                          id=0x033b4a0b96527afd number=1070 hash=3cd41a..04c141 txs=1 withdrawals=0 gas=5,903,530 fees=3.542118e-11 root=71ea67..dfaffd elapsed=196.181ms
INFO [06-01|06:53:09.833] Stopping work on payload                 id=0x033b4a0b96527afd reason=delivery
INFO [06-01|06:53:09.959] Paused snapshot generation
WARN [06-01|06:53:09.964] {"level":"warn","msg":"Slow block","block":{"number":1070,"hash":"0x3cd41a7c6f4b5c1ded25f152b8a4c642bd3fd24beb157a7a98f9d747e404c141","gas_used":5903530,"tx_count":1},"timing":{"execution_ms":4.15318,"state_read_ms":19.176118,"state_hash_ms":84.196589,"commit_ms":22.199352,"total_ms":129.865786},"throughput":{"mgas_per_sec":45.458701493555814},"state_reads":{"accounts":219,"storage_slots":212,"code":213,"code_bytes":6101},"state_writes":{"accounts":213,"accounts_deleted":0,"storage_slots":211,"storage_slots_deleted":0,"code":0,"code_bytes":0},"cache":{"account":{"hits":84,"misses":135,"hit_rate":38.35616438356164},"storage":{"hits":69,"misses":143,"hit_rate":32.54716981132076},"code":{"hits":213,"misses":0,"hit_rate":100,"hit_bytes":6101,"miss_bytes":0}}}
INFO [06-01|06:53:09.964] Imported new potential chain segment     number=1070 hash=3cd41a..04c141 blocks=1 txs=1 mgas=5.904 elapsed=130.068ms   mgasps=45.388 triediffs=25.75MiB triedirty=0.00B
INFO [06-01|06:53:09.964] Chain head was updated                   number=1070 hash=3cd41a..04c141 root=71ea67..dfaffd elapsed="132.579µs"
WARN [06-01|06:53:09.986] Snapshot generation is not permitted
INFO [06-01|06:53:10.893] Submitted transaction                    hash=0x78767f8b8c66911c4b19982c1243c149e02534beef628ee0875bbcdf564d24d7 from=0x80FC40b7b205ceFE011f8fCb7C48a9f01Df322a4 nonce=1   recipient=0xf39Fd6e51aad88F6F4ce6aB8827279cffFb92266 value=1,002,110
INFO [06-01|06:53:10.969] Starting work on payload                 id=0x0313644ef4f69fc2
INFO [06-01|06:53:10.997] Updated payload                          id=0x0313644ef4f69fc2 number=1071 hash=29feee..9f05b6 txs=1 withdrawals=0 gas=21000     fees=2.1e-14      root=a9801e..62c1c8 elapsed=27.896ms
INFO [06-01|06:53:10.997] Stopping work on payload                 id=0x0313644ef4f69fc2 reason=delivery
INFO [06-01|06:53:11.015] Paused snapshot generation
WARN [06-01|06:53:11.017] {"level":"warn","msg":"Slow block","block":{"number":1071,"hash":"0x29feee9ae5c92485a68e35eb42e02715b3f4d4cf50e2c568b8518404b09f05b6","gas_used":21000,"tx_count":1},"timing":{"execution_ms":0.072307,"state_read_ms":4.286702,"state_hash_ms":4.513754,"commit_ms":10.390358,"total_ms":19.429844},"throughput":{"mgas_per_sec":1.0808115597840107},"state_reads":{"accounts":6,"storage_slots":0,"code":0,"code_bytes":0},"state_writes":{"accounts":2,"accounts_deleted":0,"storage_slots":0,"storage_slots_deleted":0,"code":0,"code_bytes":0},"cache":{"account":{"hits":2,"misses":4,"hit_rate":33.33333333333333},"storage":{"hits":0,"misses":0,"hit_rate":0},"code":{"hits":0,"misses":0,"hit_rate":0,"hit_bytes":0,"miss_bytes":0}}}
INFO [06-01|06:53:11.017] Imported new potential chain segment     number=1071 hash=29feee..9f05b6 blocks=1 txs=1 mgas=0.021 elapsed=19.590ms    mgasps=1.072  triediffs=25.74MiB triedirty=0.00B
INFO [06-01|06:53:11.017] Chain head was updated                   number=1071 hash=29feee..9f05b6 root=a9801e..62c1c8 elapsed="110.439µs"
WARN [06-01|06:53:11.035] Snapshot generation is not permitted
INFO [06-01|06:53:12.021] Starting work on payload                 id=0x03ff09b9e2fd27eb
INFO [06-01|06:53:12.024] Updated payload                          id=0x03ff09b9e2fd27eb number=1072 hash=ba7abd..6bf0fe txs=0 withdrawals=0 gas=0         fees=0            root=a9801e..62c1c8 elapsed=3.054ms
INFO [06-01|06:53:12.024] Stopping work on payload                 id=0x03ff09b9e2fd27eb reason=delivery
WARN [06-01|06:53:12.028] {"level":"warn","msg":"Slow block","block":{"number":1072,"hash":"0xba7abd79116f82a359bfdf6446195ae1b38a453d198db76b0e035f23896bf0fe","gas_used":0,"tx_count":0},"timing":{"execution_ms":0.022092,"state_read_ms":2.6618,"state_hash_ms":0.122273,"commit_ms":0.222158,"total_ms":3.19797},"throughput":{"mgas_per_sec":0},"state_reads":{"accounts":4,"storage_slots":0,"code":0,"code_bytes":0},"state_writes":{"accounts":0,"accounts_deleted":0,"storage_slots":0,"storage_slots_deleted":0,"code":0,"code_bytes":0},"cache":{"account":{"hits":0,"misses":4,"hit_rate":0},"storage":{"hits":0,"misses":0,"hit_rate":0},"code":{"hits":0,"misses":0,"hit_rate":0,"hit_bytes":0,"miss_bytes":0}}}
INFO [06-01|06:53:12.028] Imported new potential chain segment     number=1072 hash=ba7abd..6bf0fe blocks=1 txs=0 mgas=0.000 elapsed=3.336ms     mgasps=0.000  triediffs=25.74MiB triedirty=0.00B
INFO [06-01|06:53:12.028] Chain head was updated                   number=1072 hash=ba7abd..6bf0fe root=a9801e..62c1c8 elapsed="32.007µs"
