WARN [06-01|07:01:50.456] Unknown config environment variable      envvar=GETH_PBT_BIN
WARN [06-01|07:01:50.456] Unknown config environment variable      envvar=GETH_UBT_BIN
INFO [06-01|07:01:50.468] Starting Geth on Ethereum mainnet...
INFO [06-01|07:01:50.469] Maximum peer count                       ETH=0 total=0
INFO [06-01|07:01:50.471] Smartcard socket not found, disabling    err="stat /run/pcscd/pcscd.comm: no such file or directory"
WARN [06-01|07:01:50.475] Option --miner.etherbase is deprecated as the etherbase is set by the consensus client post-merge
WARN [06-01|07:01:50.477] Snap sync requested, resetting --cache.snapshot
INFO [06-01|07:01:50.477] Set global gas cap                       cap=50,000,000
INFO [06-01|07:01:51.266] Using developer account                  address=0xf39Fd6e51aad88F6F4ce6aB8827279cffFb92266
INFO [06-01|07:01:51.305] Using pebble as the backing database
INFO [06-01|07:01:51.305] Allocated cache and file handles         database=/mnt/state_expiry_vol_data/ubt-vs-pbt-dbs/pbt/geth/chaindata cache=16.00MiB handles=262,144
INFO [06-01|07:01:51.495] Opened ancient database                  database=/mnt/state_expiry_vol_data/ubt-vs-pbt-dbs/pbt/geth/chaindata/ancient/chain readonly=true
INFO [06-01|07:01:51.495] Opened Era store                         datadir=/mnt/state_expiry_vol_data/ubt-vs-pbt-dbs/pbt/geth/chaindata/ancient/chain/era
INFO [06-01|07:01:51.503] Initializing the KZG library             backend=gokzg
INFO [06-01|07:01:51.504] Allocated trie memory caches             clean=0.00B dirty=0.00B
INFO [06-01|07:01:51.520] Using pebble as the backing database
INFO [06-01|07:01:51.520] Allocated cache and file handles         database=/mnt/state_expiry_vol_data/ubt-vs-pbt-dbs/pbt/geth/chaindata cache=16.00MiB handles=262,144
INFO [06-01|07:01:51.686] Opened ancient database                  database=/mnt/state_expiry_vol_data/ubt-vs-pbt-dbs/pbt/geth/chaindata/ancient/chain readonly=false
INFO [06-01|07:01:51.686] Opened Era store                         datadir=/mnt/state_expiry_vol_data/ubt-vs-pbt-dbs/pbt/geth/chaindata/ancient/chain/era
INFO [06-01|07:01:51.691] State scheme set to already existing     scheme=path
INFO [06-01|07:01:51.694] Initialising Ethereum protocol           network=1337 dbversion=9
INFO [06-01|07:01:51.694] Load database journal from file          path=/mnt/state_expiry_vol_data/ubt-vs-pbt-dbs/pbt/geth/triedb/verkle.journal
INFO [06-01|07:01:51.865] Opened ancient database                  database=/mnt/state_expiry_vol_data/ubt-vs-pbt-dbs/pbt/geth/chaindata/ancient/state_verkle readonly=false
INFO [06-01|07:01:51.868] State snapshot generator is not compatible
INFO [06-01|07:01:51.868] Initialized path database                triecache=0.00B statecache=0.00B buffer=0.00B state-history="last 90000 blocks" journal-dir=/mnt/state_expiry_vol_data/ubt-vs-pbt-dbs/pbt/geth/triedb verkle=true
INFO [06-01|07:01:51.868] 
INFO [06-01|07:01:51.868] ---------------------------------------------------------------------------------------------------------------------------------------------------------
INFO [06-01|07:01:51.868] Chain ID:  1337 (unknown)
INFO [06-01|07:01:51.868] Consensus: unknown
INFO [06-01|07:01:51.868] 
INFO [06-01|07:01:51.868] Pre-Merge hard forks (block based):
INFO [06-01|07:01:51.868]  - Homestead:                   #0       
INFO [06-01|07:01:51.868]  - Tangerine Whistle (EIP 150): #0       
INFO [06-01|07:01:51.868]  - Spurious Dragon/1 (EIP 155): #0       
INFO [06-01|07:01:51.868]  - Spurious Dragon/2 (EIP 158): #0       
INFO [06-01|07:01:51.868]  - Byzantium:                   #0       
INFO [06-01|07:01:51.868]  - Constantinople:              #0       
INFO [06-01|07:01:51.868]  - Petersburg:                  #0       
INFO [06-01|07:01:51.868]  - Istanbul:                    #0       
INFO [06-01|07:01:51.868]  - Berlin:                      #0       
INFO [06-01|07:01:51.868]  - London:                      #0       
INFO [06-01|07:01:51.868]  - Arrow Glacier:               #0       
INFO [06-01|07:01:51.868]  - Gray Glacier:                #0       
INFO [06-01|07:01:51.868] 
INFO [06-01|07:01:51.868] Merge configured:
INFO [06-01|07:01:51.868]  - Total terminal difficulty:  0
INFO [06-01|07:01:51.868]  - Merge netsplit block:       #0       
INFO [06-01|07:01:51.868] 
INFO [06-01|07:01:51.868] Post-Merge hard forks (timestamp based):
INFO [06-01|07:01:51.868]  - Shanghai:                    @0         
INFO [06-01|07:01:51.868]  - Cancun:                      @0          blob: (target: 3, max: 6, fraction: 3338477)
INFO [06-01|07:01:51.868]  - Prague:                      @0          blob: (target: 6, max: 9, fraction: 5007716)
INFO [06-01|07:01:51.868]  - Osaka:                       @0          blob: (target: 6, max: 9, fraction: 5007716)
INFO [06-01|07:01:51.868]  - UBT:                         @0          blob: (nil)
INFO [06-01|07:01:51.868] 
INFO [06-01|07:01:51.868] All fork specifications can be found at https://ethereum.github.io/execution-specs/src/ethereum/forks/
INFO [06-01|07:01:51.868] 
INFO [06-01|07:01:51.868] ---------------------------------------------------------------------------------------------------------------------------------------------------------
INFO [06-01|07:01:51.868] 
INFO [06-01|07:01:51.869] Loaded most recent local block           number=1412 hash=cc634c..2b8f7f age=3s
INFO [06-01|07:01:51.869] Loaded most recent local finalized block number=1408 hash=cf3d3b..fe5fe2 age=7s
INFO [06-01|07:01:51.870] Initialized transaction indexer          range="last 2350000 blocks"
INFO [06-01|07:01:51.870] Initialized log indexer                  firstblock=0 lastblock=1412 firstmap=0 lastmap=0 headindexed=true
INFO [06-01|07:01:51.904] Enabled full-sync                        head=1412 hash=cc634c..2b8f7f
INFO [06-01|07:01:51.904] Unprotected transactions allowed
INFO [06-01|07:01:51.904] Gasprice oracle is ignoring threshold set threshold=2
INFO [06-01|07:01:51.905] Registered sync override service
WARN [06-01|07:01:51.905] You are running Geth in --dev mode. Please note the following:
WARN [06-01|07:01:51.905] 
WARN [06-01|07:01:51.905]   1. This mode is only intended for fast, iterative development without assumptions on
WARN [06-01|07:01:51.905]      security or persistence.
WARN [06-01|07:01:51.905]   2. The database is created in memory unless specified otherwise. Therefore, shutting down
WARN [06-01|07:01:51.905]      your computer or losing power will wipe your entire block data and chain state for
WARN [06-01|07:01:51.905]      your dev environment.
WARN [06-01|07:01:51.905]   3. A random, pre-allocated developer account will be available and unlocked as
WARN [06-01|07:01:51.905]      eth.coinbase, which can be used for testing. The random dev account is temporary,
WARN [06-01|07:01:51.905]      stored on a ramdisk, and will be lost if your machine is restarted.
WARN [06-01|07:01:51.905]   4. Mining is enabled by default. However, the client will only seal blocks if transactions
WARN [06-01|07:01:51.905]      are pending in the mempool. The miner's minimum accepted gas price is 1.
WARN [06-01|07:01:51.905]   5. Networking is disabled; there is no listen-address, the maximum number of peers is set
WARN [06-01|07:01:51.905]      to 0, and discovery is disabled.
WARN [06-01|07:01:51.905] 
INFO [06-01|07:01:51.905] Starting peer-to-peer node               instance=Geth/v1.17.3-unstable/linux-amd64/go1.24.9
WARN [06-01|07:01:51.905] P2P server will be useless, neither dialing nor listening
INFO [06-01|07:01:51.921] IPC endpoint opened                      url=/mnt/state_expiry_vol_data/ubt-vs-pbt-dbs/pbt/geth.ipc
ERROR[06-01|07:01:51.921] Unavailable modules in HTTP API list     unavailable=[personal] available="[admin debug web3 eth txpool miner net dev testing]"
INFO [06-01|07:01:51.922] New local node record                    seq=1,780,292,694,381 id=972c5cc0b2a1895c ip=127.0.0.1 udp=0 tcp=0
INFO [06-01|07:01:51.922] Started P2P networking                   self=enode://16ec6c0bde109d66472afe00ec8fee3d30718d830d1acf0829842abca89b82afff8a454636cde3b26d700f98647938c6f23e7bee3027caca0d7f19e4b3725e13@127.0.0.1:0
INFO [06-01|07:01:51.922] HTTP server started                      endpoint=127.0.0.1:8545 auth=false prefix= cors= vhosts=localhost
INFO [06-01|07:01:51.922] WebSocket enabled                        url=ws://127.0.0.1:8546
INFO [06-01|07:01:52.056] Loaded local transaction journal         transactions=1301 dropped=0
INFO [06-01|07:01:52.847] Started log indexer
INFO [06-01|07:01:52.883] Starting work on payload                 id=0x03421602774fca59
INFO [06-01|07:01:52.888] Updated payload                          id=0x03421602774fca59 number=1413 hash=8eb508..f4d33f txs=0 withdrawals=0 gas=0 fees=0 root=2ad404..1e71ae elapsed=4.390ms
INFO [06-01|07:01:52.889] Stopping work on payload                 id=0x03421602774fca59 reason=delivery
WARN [06-01|07:01:52.896] {"level":"warn","msg":"Slow block","block":{"number":1413,"hash":"0x8eb5081043f61ad594233fda59fd4f418dfe1c9775e51c0a74039523e5f4d33f","gas_used":0,"tx_count":0},"timing":{"execution_ms":0.05651,"state_read_ms":6.919679,"state_hash_ms":0.248167,"commit_ms":0.607748,"total_ms":8.105288},"throughput":{"mgas_per_sec":0},"state_reads":{"accounts":4,"storage_slots":0,"code":0,"code_bytes":0},"state_writes":{"accounts":0,"accounts_deleted":0,"storage_slots":0,"storage_slots_deleted":0,"code":0,"code_bytes":0},"cache":{"account":{"hits":0,"misses":4,"hit_rate":0},"storage":{"hits":0,"misses":0,"hit_rate":0},"code":{"hits":0,"misses":0,"hit_rate":0,"hit_bytes":0,"miss_bytes":0}}}
INFO [06-01|07:01:52.897] Imported new potential chain segment     number=1413 hash=8eb508..f4d33f blocks=1 txs=0 mgas=0.000 elapsed=8.600ms mgasps=0.000 triediffs=12.32MiB triedirty=0.00B
INFO [06-01|07:01:52.897] Chain head was updated                   number=1413 hash=8eb508..f4d33f root=2ad404..1e71ae elapsed="124.849µs"
INFO [06-01|07:01:53.901] Starting work on payload                 id=0x03e58dcee9f94c79
INFO [06-01|07:01:53.914] Updated payload                          id=0x03e58dcee9f94c79 number=1414 hash=3eb195..e0a481 txs=0 withdrawals=0 gas=0 fees=0 root=2ad404..1e71ae elapsed=12.611ms
INFO [06-01|07:01:53.917] Stopping work on payload                 id=0x03e58dcee9f94c79 reason=delivery
WARN [06-01|07:01:53.918] {"level":"warn","msg":"Slow block","block":{"number":1414,"hash":"0x3eb195978f790f6e9c35b0c8b7d969924565123ad574dcccfa1fed1319e0a481","gas_used":0,"tx_count":0},"timing":{"execution_ms":0.030083,"state_read_ms":3.230415,"state_hash_ms":0.10096,"commit_ms":0.364652,"total_ms":3.859431},"throughput":{"mgas_per_sec":0},"state_reads":{"accounts":4,"storage_slots":0,"code":0,"code_bytes":0},"state_writes":{"accounts":0,"accounts_deleted":0,"storage_slots":0,"storage_slots_deleted":0,"code":0,"code_bytes":0},"cache":{"account":{"hits":0,"misses":4,"hit_rate":0},"storage":{"hits":0,"misses":0,"hit_rate":0},"code":{"hits":0,"misses":0,"hit_rate":0,"hit_bytes":0,"miss_bytes":0}}}
INFO [06-01|07:01:53.918] Imported new potential chain segment     number=1414 hash=3eb195..e0a481 blocks=1 txs=0 mgas=0.000 elapsed=4.010ms     mgasps=0.000 triediffs=12.32MiB triedirty=0.00B
INFO [06-01|07:01:53.918] Chain head was updated                   number=1414 hash=3eb195..e0a481 root=2ad404..1e71ae elapsed="67.106µs"
INFO [06-01|07:01:54.924] Starting work on payload                 id=0x032eb1f64f8ffd72
INFO [06-01|07:01:54.945] Updated payload                          id=0x032eb1f64f8ffd72 number=1415 hash=c165a3..efcaa6 txs=0 withdrawals=0 gas=0 fees=0 root=2ad404..1e71ae elapsed=21.098ms
INFO [06-01|07:01:54.945] Stopping work on payload                 id=0x032eb1f64f8ffd72 reason=delivery
WARN [06-01|07:01:54.950] {"level":"warn","msg":"Slow block","block":{"number":1415,"hash":"0xc165a3c2b231f0e4e186836a6668d23b273e279598d46317c62a2d4effefcaa6","gas_used":0,"tx_count":0},"timing":{"execution_ms":0.0278,"state_read_ms":3.442935,"state_hash_ms":0.118524,"commit_ms":0.341257,"total_ms":4.258637},"throughput":{"mgas_per_sec":0},"state_reads":{"accounts":4,"storage_slots":0,"code":0,"code_bytes":0},"state_writes":{"accounts":0,"accounts_deleted":0,"storage_slots":0,"storage_slots_deleted":0,"code":0,"code_bytes":0},"cache":{"account":{"hits":0,"misses":4,"hit_rate":0},"storage":{"hits":0,"misses":0,"hit_rate":0},"code":{"hits":0,"misses":0,"hit_rate":0,"hit_bytes":0,"miss_bytes":0}}}
INFO [06-01|07:01:54.950] Imported new potential chain segment     number=1415 hash=c165a3..efcaa6 blocks=1 txs=0 mgas=0.000 elapsed=4.423ms     mgasps=0.000 triediffs=12.32MiB triedirty=0.00B
INFO [06-01|07:01:54.950] Chain head was updated                   number=1415 hash=c165a3..efcaa6 root=2ad404..1e71ae elapsed="35.941µs"
INFO [06-01|07:01:55.293] Submitted contract creation              hash=0xde50bd0e99f446be7905b869a380a95630711f8237650b84eedde015b8a129ec from=0xf39Fd6e51aad88F6F4ce6aB8827279cffFb92266 nonce=395 contract=0x15Ff10fCc8A1a50bFbE07847A22664801eA79E0f value=0
INFO [06-01|07:01:55.293] Submitted transaction                    hash=0x69fffa965b9c4f439046e4e570c6585bf08b4c50fd53f84e54725ed63c9687db from=0xf39Fd6e51aad88F6F4ce6aB8827279cffFb92266 nonce=396 recipient=0xc0dED2EE1E2B790701411F900b2bDCCb5Bb068B2 value=78,000,000
INFO [06-01|07:01:55.955] Starting work on payload                 id=0x03bdf00d2543b33d
INFO [06-01|07:01:56.006] Updated payload                          id=0x03bdf00d2543b33d number=1416 hash=9c093e..72d14d txs=2 withdrawals=0 gas=91710 fees=5.5026e-13 root=a4c8a6..6a998d elapsed=51.871ms
INFO [06-01|07:01:56.007] Stopping work on payload                 id=0x03bdf00d2543b33d reason=delivery
INFO [06-01|07:01:56.042] Paused snapshot generation
WARN [06-01|07:01:56.043] {"level":"warn","msg":"Slow block","block":{"number":1416,"hash":"0x9c093e684e83531351381f1bf11f9159ba032cdaeb115b3fbeda33d5e172d14d","gas_used":91710,"tx_count":2},"timing":{"execution_ms":0.126329,"state_read_ms":20.953138,"state_hash_ms":5.408388,"commit_ms":9.197725,"total_ms":35.872905},"throughput":{"mgas_per_sec":2.5565256005890795},"state_reads":{"accounts":11,"storage_slots":0,"code":0,"code_bytes":0},"state_writes":{"accounts":3,"accounts_deleted":0,"storage_slots":0,"storage_slots_deleted":0,"code":1,"code_bytes":305},"cache":{"account":{"hits":5,"misses":6,"hit_rate":45.45454545454545},"storage":{"hits":0,"misses":0,"hit_rate":0},"code":{"hits":0,"misses":0,"hit_rate":0,"hit_bytes":0,"miss_bytes":0}}}
INFO [06-01|07:01:56.043] Imported new potential chain segment     number=1416 hash=9c093e..72d14d blocks=1 txs=2 mgas=0.092 elapsed=36.067ms    mgasps=2.543 triediffs=10.88MiB triedirty=0.00B
INFO [06-01|07:01:56.043] Chain head was updated                   number=1416 hash=9c093e..72d14d root=a4c8a6..6a998d elapsed="232.855µs"
WARN [06-01|07:01:56.095] Snapshot generation is not permitted
INFO [06-01|07:01:56.306] Submitted transaction                    hash=0x9298af22b025293e06a55c0217c95645c4ae5feea86acae690ef5635b4569b29 from=0xc0dED2EE1E2B790701411F900b2bDCCb5Bb068B2 nonce=0   recipient=0x15Ff10fCc8A1a50bFbE07847A22664801eA79E0f value=0
INFO [06-01|07:01:57.050] Starting work on payload                 id=0x03df9d6dcbe0c0b5
INFO [06-01|07:01:57.168] Updated payload                          id=0x03df9d6dcbe0c0b5 number=1417 hash=d05c0a..7b9a4a txs=1 withdrawals=0 gas=5,908,255 fees=3.544953e-11 root=2da4f0..f018cd elapsed=117.841ms
INFO [06-01|07:01:57.168] Stopping work on payload                 id=0x03df9d6dcbe0c0b5 reason=delivery
INFO [06-01|07:01:57.253] Paused snapshot generation
WARN [06-01|07:01:57.253] {"level":"warn","msg":"Slow block","block":{"number":1417,"hash":"0xd05c0aa4944d8c31f4cc139432884843b0f69c72db9306917bcfc071dd7b9a4a","gas_used":5908255,"tx_count":1},"timing":{"execution_ms":56.281638,"state_read_ms":11.072491,"state_hash_ms":15.778481,"commit_ms":1.584671,"total_ms":84.947883},"throughput":{"mgas_per_sec":69.5515272581896},"state_reads":{"accounts":17,"storage_slots":723,"code":11,"code_bytes":585},"state_writes":{"accounts":3,"accounts_deleted":0,"storage_slots":85,"storage_slots_deleted":0,"code":0,"code_bytes":0},"cache":{"account":{"hits":4,"misses":13,"hit_rate":23.52941176470588},"storage":{"hits":276,"misses":447,"hit_rate":38.17427385892116},"code":{"hits":11,"misses":0,"hit_rate":100,"hit_bytes":585,"miss_bytes":0}}}
INFO [06-01|07:01:57.253] Imported new potential chain segment     number=1417 hash=d05c0a..7b9a4a blocks=1 txs=1 mgas=5.908 elapsed=85.151ms    mgasps=69.385 triediffs=10.91MiB triedirty=0.00B
INFO [06-01|07:01:57.254] Chain head was updated                   number=1417 hash=d05c0a..7b9a4a root=2da4f0..f018cd elapsed="96.071µs"
WARN [06-01|07:01:57.282] Snapshot generation is not permitted
INFO [06-01|07:01:57.329] Submitted transaction                    hash=0x96545f879a9b0d9f30e0b9860e4869c2226d7e7219cf335fe7dd9ecd5aea6901 from=0xc0dED2EE1E2B790701411F900b2bDCCb5Bb068B2 nonce=1   recipient=0xf39Fd6e51aad88F6F4ce6aB8827279cffFb92266 value=940,685
INFO [06-01|07:01:58.266] Starting work on payload                 id=0x032cd25216140669
INFO [06-01|07:01:58.276] Updated payload                          id=0x032cd25216140669 number=1418 hash=d4f9dc..dcc5e8 txs=1 withdrawals=0 gas=21000     fees=2.1e-14      root=4de9a5..149f39 elapsed=9.341ms
INFO [06-01|07:01:58.276] Stopping work on payload                 id=0x032cd25216140669 reason=delivery
INFO [06-01|07:01:58.298] Paused snapshot generation
WARN [06-01|07:01:58.298] {"level":"warn","msg":"Slow block","block":{"number":1418,"hash":"0xd4f9dc2a3d7d6eea83a5c4387103cc2d08c5512fb45dd4e137fbc4013ddcc5e8","gas_used":21000,"tx_count":1},"timing":{"execution_ms":0.07716,"state_read_ms":14.548116,"state_hash_ms":4.44084,"commit_ms":2.847842,"total_ms":22.082475},"throughput":{"mgas_per_sec":0.9509803588592312},"state_reads":{"accounts":6,"storage_slots":0,"code":0,"code_bytes":0},"state_writes":{"accounts":2,"accounts_deleted":0,"storage_slots":0,"storage_slots_deleted":0,"code":0,"code_bytes":0},"cache":{"account":{"hits":2,"misses":4,"hit_rate":33.33333333333333},"storage":{"hits":0,"misses":0,"hit_rate":0},"code":{"hits":0,"misses":0,"hit_rate":0,"hit_bytes":0,"miss_bytes":0}}}
INFO [06-01|07:01:58.298] Imported new potential chain segment     number=1418 hash=d4f9dc..dcc5e8 blocks=1 txs=1 mgas=0.021 elapsed=22.196ms    mgasps=0.946  triediffs=10.90MiB triedirty=0.00B
INFO [06-01|07:01:58.298] Chain head was updated                   number=1418 hash=d4f9dc..dcc5e8 root=4de9a5..149f39 elapsed="61.548µs"
WARN [06-01|07:01:58.320] Snapshot generation is not permitted
