WARN [06-01|06:36:29.622] Unknown config environment variable      envvar=GETH_PBT_BIN
WARN [06-01|06:36:29.622] Unknown config environment variable      envvar=GETH_UBT_BIN
INFO [06-01|06:36:29.634] Starting Geth on Ethereum mainnet...
INFO [06-01|06:36:29.636] Maximum peer count                       ETH=0 total=0
INFO [06-01|06:36:29.637] Smartcard socket not found, disabling    err="stat /run/pcscd/pcscd.comm: no such file or directory"
WARN [06-01|06:36:29.641] Option --miner.etherbase is deprecated as the etherbase is set by the consensus client post-merge
WARN [06-01|06:36:29.643] Snap sync requested, resetting --cache.snapshot
INFO [06-01|06:36:29.643] Set global gas cap                       cap=50,000,000
INFO [06-01|06:36:30.453] Using developer account                  address=0xf39Fd6e51aad88F6F4ce6aB8827279cffFb92266
INFO [06-01|06:36:30.490] Using pebble as the backing database
INFO [06-01|06:36:30.490] Allocated cache and file handles         database=/mnt/state_expiry_vol_data/ubt-vs-pbt-dbs/pbt/geth/chaindata cache=16.00MiB handles=262,144
INFO [06-01|06:36:30.679] Opened ancient database                  database=/mnt/state_expiry_vol_data/ubt-vs-pbt-dbs/pbt/geth/chaindata/ancient/chain readonly=true
INFO [06-01|06:36:30.679] Opened Era store                         datadir=/mnt/state_expiry_vol_data/ubt-vs-pbt-dbs/pbt/geth/chaindata/ancient/chain/era
INFO [06-01|06:36:30.686] Initializing the KZG library             backend=gokzg
INFO [06-01|06:36:30.689] Allocated trie memory caches             clean=0.00B dirty=0.00B
INFO [06-01|06:36:30.700] Using pebble as the backing database
INFO [06-01|06:36:30.700] Allocated cache and file handles         database=/mnt/state_expiry_vol_data/ubt-vs-pbt-dbs/pbt/geth/chaindata cache=16.00MiB handles=262,144
INFO [06-01|06:36:30.864] Opened ancient database                  database=/mnt/state_expiry_vol_data/ubt-vs-pbt-dbs/pbt/geth/chaindata/ancient/chain readonly=false
INFO [06-01|06:36:30.864] Opened Era store                         datadir=/mnt/state_expiry_vol_data/ubt-vs-pbt-dbs/pbt/geth/chaindata/ancient/chain/era
INFO [06-01|06:36:30.869] State scheme set to already existing     scheme=path
INFO [06-01|06:36:30.871] Initialising Ethereum protocol           network=1337 dbversion=9
INFO [06-01|06:36:30.872] Load database journal from file          path=/mnt/state_expiry_vol_data/ubt-vs-pbt-dbs/pbt/geth/triedb/verkle.journal
INFO [06-01|06:36:30.910] Opened ancient database                  database=/mnt/state_expiry_vol_data/ubt-vs-pbt-dbs/pbt/geth/chaindata/ancient/state_verkle readonly=false
INFO [06-01|06:36:30.912] State snapshot generator is not compatible
INFO [06-01|06:36:30.912] Initialized path database                triecache=0.00B statecache=0.00B buffer=0.00B state-history="last 90000 blocks" journal-dir=/mnt/state_expiry_vol_data/ubt-vs-pbt-dbs/pbt/geth/triedb verkle=true
INFO [06-01|06:36:30.912] 
INFO [06-01|06:36:30.912] ---------------------------------------------------------------------------------------------------------------------------------------------------------
INFO [06-01|06:36:30.912] Chain ID:  1337 (unknown)
INFO [06-01|06:36:30.912] Consensus: unknown
INFO [06-01|06:36:30.912] 
INFO [06-01|06:36:30.912] Pre-Merge hard forks (block based):
INFO [06-01|06:36:30.912]  - Homestead:                   #0       
INFO [06-01|06:36:30.912]  - Tangerine Whistle (EIP 150): #0       
INFO [06-01|06:36:30.912]  - Spurious Dragon/1 (EIP 155): #0       
INFO [06-01|06:36:30.912]  - Spurious Dragon/2 (EIP 158): #0       
INFO [06-01|06:36:30.912]  - Byzantium:                   #0       
INFO [06-01|06:36:30.912]  - Constantinople:              #0       
INFO [06-01|06:36:30.912]  - Petersburg:                  #0       
INFO [06-01|06:36:30.912]  - Istanbul:                    #0       
INFO [06-01|06:36:30.912]  - Berlin:                      #0       
INFO [06-01|06:36:30.912]  - London:                      #0       
INFO [06-01|06:36:30.912]  - Arrow Glacier:               #0       
INFO [06-01|06:36:30.912]  - Gray Glacier:                #0       
INFO [06-01|06:36:30.912] 
INFO [06-01|06:36:30.912] Merge configured:
INFO [06-01|06:36:30.912]  - Total terminal difficulty:  0
INFO [06-01|06:36:30.912]  - Merge netsplit block:       #0       
INFO [06-01|06:36:30.912] 
INFO [06-01|06:36:30.912] Post-Merge hard forks (timestamp based):
INFO [06-01|06:36:30.912]  - Shanghai:                    @0         
INFO [06-01|06:36:30.912]  - Cancun:                      @0          blob: (target: 3, max: 6, fraction: 3338477)
INFO [06-01|06:36:30.912]  - Prague:                      @0          blob: (target: 6, max: 9, fraction: 5007716)
INFO [06-01|06:36:30.912]  - Osaka:                       @0          blob: (target: 6, max: 9, fraction: 5007716)
INFO [06-01|06:36:30.912]  - UBT:                         @0          blob: (nil)
INFO [06-01|06:36:30.912] 
INFO [06-01|06:36:30.912] All fork specifications can be found at https://ethereum.github.io/execution-specs/src/ethereum/forks/
INFO [06-01|06:36:30.912] 
INFO [06-01|06:36:30.912] ---------------------------------------------------------------------------------------------------------------------------------------------------------
INFO [06-01|06:36:30.912] 
INFO [06-01|06:36:30.913] Loaded most recent local block           number=420 hash=e5543f..02d8b4 age=2s
INFO [06-01|06:36:30.913] Loaded most recent local finalized block number=416 hash=cd8b81..478fcf age=7s
INFO [06-01|06:36:30.914] Initialized transaction indexer          range="last 2350000 blocks"
INFO [06-01|06:36:30.914] Initialized log indexer                  firstblock=0 lastblock=420 firstmap=0 lastmap=0 headindexed=true
INFO [06-01|06:36:30.949] Enabled full-sync                        head=420 hash=e5543f..02d8b4
INFO [06-01|06:36:30.949] Unprotected transactions allowed
INFO [06-01|06:36:30.949] Gasprice oracle is ignoring threshold set threshold=2
INFO [06-01|06:36:30.950] Registered sync override service
WARN [06-01|06:36:30.950] You are running Geth in --dev mode. Please note the following:
WARN [06-01|06:36:30.950] 
WARN [06-01|06:36:30.950]   1. This mode is only intended for fast, iterative development without assumptions on
WARN [06-01|06:36:30.950]      security or persistence.
WARN [06-01|06:36:30.950]   2. The database is created in memory unless specified otherwise. Therefore, shutting down
WARN [06-01|06:36:30.950]      your computer or losing power will wipe your entire block data and chain state for
WARN [06-01|06:36:30.950]      your dev environment.
WARN [06-01|06:36:30.950]   3. A random, pre-allocated developer account will be available and unlocked as
WARN [06-01|06:36:30.950]      eth.coinbase, which can be used for testing. The random dev account is temporary,
WARN [06-01|06:36:30.950]      stored on a ramdisk, and will be lost if your machine is restarted.
WARN [06-01|06:36:30.950]   4. Mining is enabled by default. However, the client will only seal blocks if transactions
WARN [06-01|06:36:30.950]      are pending in the mempool. The miner's minimum accepted gas price is 1.
WARN [06-01|06:36:30.950]   5. Networking is disabled; there is no listen-address, the maximum number of peers is set
WARN [06-01|06:36:30.950]      to 0, and discovery is disabled.
WARN [06-01|06:36:30.950] 
INFO [06-01|06:36:30.950] Starting peer-to-peer node               instance=Geth/v1.17.3-unstable/linux-amd64/go1.24.9
WARN [06-01|06:36:30.950] P2P server will be useless, neither dialing nor listening
INFO [06-01|06:36:30.978] IPC endpoint opened                      url=/mnt/state_expiry_vol_data/ubt-vs-pbt-dbs/pbt/geth.ipc
ERROR[06-01|06:36:30.978] Unavailable modules in HTTP API list     unavailable=[personal] available="[admin debug web3 eth txpool miner net dev testing]"
INFO [06-01|06:36:30.978] New local node record                    seq=1,780,292,694,229 id=972c5cc0b2a1895c ip=127.0.0.1 udp=0 tcp=0
INFO [06-01|06:36:30.978] Started P2P networking                   self=enode://16ec6c0bde109d66472afe00ec8fee3d30718d830d1acf0829842abca89b82afff8a454636cde3b26d700f98647938c6f23e7bee3027caca0d7f19e4b3725e13@127.0.0.1:0
INFO [06-01|06:36:30.979] HTTP server started                      endpoint=127.0.0.1:8545 auth=false prefix= cors= vhosts=localhost
INFO [06-01|06:36:30.979] WebSocket enabled                        url=ws://127.0.0.1:8546
INFO [06-01|06:36:31.033] Loaded local transaction journal         transactions=693 dropped=0
INFO [06-01|06:36:31.909] Started log indexer
INFO [06-01|06:36:31.948] Starting work on payload                 id=0x03b742b6f8bc8a71
INFO [06-01|06:36:31.951] Updated payload                          id=0x03b742b6f8bc8a71 number=421 hash=b05f3e..51f679 txs=0 withdrawals=0 gas=0 fees=0 root=bddbbd..138677 elapsed=3.101ms
INFO [06-01|06:36:31.951] Stopping work on payload                 id=0x03b742b6f8bc8a71 reason=delivery
WARN [06-01|06:36:31.956] {"level":"warn","msg":"Slow block","block":{"number":421,"hash":"0xb05f3e98dbdc7d9536d1f0012df666102345c6366c83a074765c87255d51f679","gas_used":0,"tx_count":0},"timing":{"execution_ms":0.044809,"state_read_ms":3.234074,"state_hash_ms":0.118201,"commit_ms":0.307696,"total_ms":3.873251},"throughput":{"mgas_per_sec":0},"state_reads":{"accounts":4,"storage_slots":0,"code":0,"code_bytes":0},"state_writes":{"accounts":0,"accounts_deleted":0,"storage_slots":0,"storage_slots_deleted":0,"code":0,"code_bytes":0},"cache":{"account":{"hits":0,"misses":4,"hit_rate":0},"storage":{"hits":0,"misses":0,"hit_rate":0},"code":{"hits":0,"misses":0,"hit_rate":0,"hit_bytes":0,"miss_bytes":0}}}
INFO [06-01|06:36:31.956] Imported new potential chain segment     number=421 hash=b05f3e..51f679 blocks=1 txs=0 mgas=0.000 elapsed=4.184ms mgasps=0.000 triediffs=1.34MiB triedirty=0.00B
INFO [06-01|06:36:31.956] Chain head was updated                   number=421 hash=b05f3e..51f679 root=bddbbd..138677 elapsed="66.691µs"
INFO [06-01|06:36:32.966] Starting work on payload                 id=0x03fb47d399769701
INFO [06-01|06:36:32.970] Updated payload                          id=0x03fb47d399769701 number=422 hash=7834a1..3cd3e5 txs=0 withdrawals=0 gas=0 fees=0 root=bddbbd..138677 elapsed=3.499ms
INFO [06-01|06:36:32.970] Stopping work on payload                 id=0x03fb47d399769701 reason=delivery
WARN [06-01|06:36:32.974] {"level":"warn","msg":"Slow block","block":{"number":422,"hash":"0x7834a1065a7d8264ad328a67305a2a2bb3b28c58ac7983c329a78d34ce3cd3e5","gas_used":0,"tx_count":0},"timing":{"execution_ms":0.029553,"state_read_ms":2.787601,"state_hash_ms":0.122846,"commit_ms":0.293936,"total_ms":3.377403},"throughput":{"mgas_per_sec":0},"state_reads":{"accounts":4,"storage_slots":0,"code":0,"code_bytes":0},"state_writes":{"accounts":0,"accounts_deleted":0,"storage_slots":0,"storage_slots_deleted":0,"code":0,"code_bytes":0},"cache":{"account":{"hits":0,"misses":4,"hit_rate":0},"storage":{"hits":0,"misses":0,"hit_rate":0},"code":{"hits":0,"misses":0,"hit_rate":0,"hit_bytes":0,"miss_bytes":0}}}
INFO [06-01|06:36:32.974] Imported new potential chain segment     number=422 hash=7834a1..3cd3e5 blocks=1 txs=0 mgas=0.000 elapsed=3.576ms    mgasps=0.000 triediffs=1.34MiB triedirty=0.00B
INFO [06-01|06:36:32.974] Chain head was updated                   number=422 hash=7834a1..3cd3e5 root=bddbbd..138677 elapsed="53.346µs"
INFO [06-01|06:36:33.978] Starting work on payload                 id=0x03572c40b32ee067
INFO [06-01|06:36:33.992] Updated payload                          id=0x03572c40b32ee067 number=423 hash=d60574..5ebda1 txs=0 withdrawals=0 gas=0 fees=0 root=bddbbd..138677 elapsed=13.382ms
INFO [06-01|06:36:33.992] Stopping work on payload                 id=0x03572c40b32ee067 reason=delivery
WARN [06-01|06:36:33.995] {"level":"warn","msg":"Slow block","block":{"number":423,"hash":"0xd6057412749af17793980fcc4b06b754d5c68d7e47d4613a4a88be40215ebda1","gas_used":0,"tx_count":0},"timing":{"execution_ms":0.022047,"state_read_ms":2.743592,"state_hash_ms":0.09666,"commit_ms":0.2053,"total_ms":3.183227},"throughput":{"mgas_per_sec":0},"state_reads":{"accounts":4,"storage_slots":0,"code":0,"code_bytes":0},"state_writes":{"accounts":0,"accounts_deleted":0,"storage_slots":0,"storage_slots_deleted":0,"code":0,"code_bytes":0},"cache":{"account":{"hits":0,"misses":4,"hit_rate":0},"storage":{"hits":0,"misses":0,"hit_rate":0},"code":{"hits":0,"misses":0,"hit_rate":0,"hit_bytes":0,"miss_bytes":0}}}
INFO [06-01|06:36:33.995] Imported new potential chain segment     number=423 hash=d60574..5ebda1 blocks=1 txs=0 mgas=0.000 elapsed=3.329ms    mgasps=0.000 triediffs=1.34MiB triedirty=0.00B
INFO [06-01|06:36:33.995] Chain head was updated                   number=423 hash=d60574..5ebda1 root=bddbbd..138677 elapsed="31.385µs"
INFO [06-01|06:36:34.485] Submitted contract creation              hash=0x0ad0f86a03f94678ae0e64c2ef78f7e850c545007cb96907b8b5d28ebc65897c from=0xf39Fd6e51aad88F6F4ce6aB8827279cffFb92266 nonce=91 contract=0x7A9Ec1d04904907De0ED7b6839CcdD59c3716AC9 value=0
INFO [06-01|06:36:34.485] Submitted transaction                    hash=0x692ac91c01d83cd3bee98b9d33a2c946a3356103989080ecd938731979e81808 from=0xf39Fd6e51aad88F6F4ce6aB8827279cffFb92266 nonce=92 recipient=0x534b5039123A70e6c426eE903c7299400c93E945 value=78,000,000
INFO [06-01|06:36:35.001] Starting work on payload                 id=0x03b03cd72587e2a7
INFO [06-01|06:36:35.053] Updated payload                          id=0x03b03cd72587e2a7 number=424 hash=984ca2..d5a2d1 txs=2 withdrawals=0 gas=86852 fees=5.21112e-13 root=45f7fc..8410c6 elapsed=52.054ms
INFO [06-01|06:36:35.054] Stopping work on payload                 id=0x03b03cd72587e2a7 reason=delivery
INFO [06-01|06:36:35.104] Paused snapshot generation
WARN [06-01|06:36:35.104] {"level":"warn","msg":"Slow block","block":{"number":424,"hash":"0x984ca2af40800ac844318ffcefcc6b59ef45302bea74d023f0ec7b68d3d5a2d1","gas_used":86852,"tx_count":2},"timing":{"execution_ms":0.163053,"state_read_ms":17.40717,"state_hash_ms":27.913921,"commit_ms":4.001746,"total_ms":49.730998},"throughput":{"mgas_per_sec":1.7464358949723873},"state_reads":{"accounts":11,"storage_slots":0,"code":0,"code_bytes":0},"state_writes":{"accounts":3,"accounts_deleted":0,"storage_slots":0,"storage_slots_deleted":0,"code":1,"code_bytes":157},"cache":{"account":{"hits":6,"misses":5,"hit_rate":54.54545454545454},"storage":{"hits":0,"misses":0,"hit_rate":0},"code":{"hits":0,"misses":0,"hit_rate":0,"hit_bytes":0,"miss_bytes":0}}}
INFO [06-01|06:36:35.104] Imported new potential chain segment     number=424 hash=984ca2..d5a2d1 blocks=1 txs=2 mgas=0.087 elapsed=50.137ms   mgasps=1.732 triediffs=1.34MiB triedirty=0.00B
INFO [06-01|06:36:35.104] Chain head was updated                   number=424 hash=984ca2..d5a2d1 root=45f7fc..8410c6 elapsed="172.21µs"
WARN [06-01|06:36:35.124] Snapshot generation is not permitted
INFO [06-01|06:36:35.497] Submitted transaction                    hash=0x101ac9bef128cb7065becdfa355d113ae43a9da505402e93ed18f949c89323dd from=0x534b5039123A70e6c426eE903c7299400c93E945 nonce=0  recipient=0x7A9Ec1d04904907De0ED7b6839CcdD59c3716AC9 value=0
INFO [06-01|06:36:36.108] Starting work on payload                 id=0x0353c0a80bc860f5
INFO [06-01|06:36:36.276] Updated payload                          id=0x0353c0a80bc860f5 number=425 hash=cc408d..8f6f17 txs=1 withdrawals=0 gas=5,900,228 fees=3.5401368e-11 root=9ad613..f39362 elapsed=167.965ms
INFO [06-01|06:36:36.277] Stopping work on payload                 id=0x0353c0a80bc860f5 reason=delivery
INFO [06-01|06:36:36.402] Paused snapshot generation
WARN [06-01|06:36:36.402] {"level":"warn","msg":"Slow block","block":{"number":425,"hash":"0xcc408d665583a318d124a37b98225146f013550c0f547c7eab8821d2148f6f17","gas_used":5900228,"tx_count":1},"timing":{"execution_ms":106.534101,"state_read_ms":8.836722,"state_hash_ms":4.920418,"commit_ms":4.916631,"total_ms":125.460771},"throughput":{"mgas_per_sec":47.02846916188647},"state_reads":{"accounts":107,"storage_slots":258,"code":101,"code_bytes":2957},"state_writes":{"accounts":2,"accounts_deleted":0,"storage_slots":0,"storage_slots_deleted":0,"code":0,"code_bytes":0},"cache":{"account":{"hits":14,"misses":93,"hit_rate":13.084112149532709},"storage":{"hits":26,"misses":232,"hit_rate":10.077519379844961},"code":{"hits":101,"misses":0,"hit_rate":100,"hit_bytes":2957,"miss_bytes":0}}}
INFO [06-01|06:36:36.402] Imported new potential chain segment     number=425 hash=cc408d..8f6f17 blocks=1 txs=1 mgas=5.900 elapsed=125.707ms  mgasps=46.936 triediffs=1.34MiB triedirty=0.00B
INFO [06-01|06:36:36.403] Chain head was updated                   number=425 hash=cc408d..8f6f17 root=9ad613..f39362 elapsed="96.569µs"
WARN [06-01|06:36:36.431] Snapshot generation is not permitted
INFO [06-01|06:36:36.511] Submitted transaction                    hash=0x928a0808d92010bd47cae53a0b8a3252a177a9dc00eca50cdad2629d8ead915c from=0x534b5039123A70e6c426eE903c7299400c93E945 nonce=1  recipient=0xf39Fd6e51aad88F6F4ce6aB8827279cffFb92266 value=1,045,036
INFO [06-01|06:36:37.406] Starting work on payload                 id=0x0349cf3a3094fcd4
INFO [06-01|06:36:37.432] Updated payload                          id=0x0349cf3a3094fcd4 number=426 hash=84920f..261208 txs=1 withdrawals=0 gas=21000     fees=2.1e-14       root=2823e7..e88a6c elapsed=26.073ms
INFO [06-01|06:36:37.433] Stopping work on payload                 id=0x0349cf3a3094fcd4 reason=delivery
INFO [06-01|06:36:37.460] Paused snapshot generation
WARN [06-01|06:36:37.460] {"level":"warn","msg":"Slow block","block":{"number":426,"hash":"0x84920f72e988d64cd156d989280d962a98a599e5f71bfec218df9d80f2261208","gas_used":21000,"tx_count":1},"timing":{"execution_ms":0.057236,"state_read_ms":2.70816,"state_hash_ms":4.483002,"commit_ms":20.175618,"total_ms":27.581607},"throughput":{"mgas_per_sec":0.7613769567523748},"state_reads":{"accounts":6,"storage_slots":0,"code":0,"code_bytes":0},"state_writes":{"accounts":2,"accounts_deleted":0,"storage_slots":0,"storage_slots_deleted":0,"code":0,"code_bytes":0},"cache":{"account":{"hits":2,"misses":4,"hit_rate":33.33333333333333},"storage":{"hits":0,"misses":0,"hit_rate":0},"code":{"hits":0,"misses":0,"hit_rate":0,"hit_bytes":0,"miss_bytes":0}}}
INFO [06-01|06:36:37.460] Imported new potential chain segment     number=426 hash=84920f..261208 blocks=1 txs=1 mgas=0.021 elapsed=27.715ms   mgasps=0.758  triediffs=1.34MiB triedirty=0.00B
INFO [06-01|06:36:37.461] Chain head was updated                   number=426 hash=84920f..261208 root=2823e7..e88a6c elapsed="58.232µs"
WARN [06-01|06:36:37.481] Snapshot generation is not permitted
