WARN [06-01|11:58:42.032] Unknown config environment variable      envvar=GETH_PBT_BIN
WARN [06-01|11:58:42.033] Unknown config environment variable      envvar=GETH_UBT_BIN
INFO [06-01|11:58:42.043] Starting Geth on Ethereum mainnet...
INFO [06-01|11:58:42.045] Maximum peer count                       ETH=0 total=0
INFO [06-01|11:58:42.050] Smartcard socket not found, disabling    err="stat /run/pcscd/pcscd.comm: no such file or directory"
WARN [06-01|11:58:42.055] Option --miner.etherbase is deprecated as the etherbase is set by the consensus client post-merge
WARN [06-01|11:58:42.056] Snap sync requested, resetting --cache.snapshot
INFO [06-01|11:58:42.057] Set global gas cap                       cap=50,000,000
INFO [06-01|11:58:42.846] Using developer account                  address=0xf39Fd6e51aad88F6F4ce6aB8827279cffFb92266
INFO [06-01|11:58:42.880] Using pebble as the backing database
INFO [06-01|11:58:42.880] Allocated cache and file handles         database=/mnt/state_expiry_vol_data/ubt-vs-pbt-dbs/pbt/geth/chaindata cache=16.00MiB handles=262,144
INFO [06-01|11:58:43.075] Opened ancient database                  database=/mnt/state_expiry_vol_data/ubt-vs-pbt-dbs/pbt/geth/chaindata/ancient/chain readonly=true
INFO [06-01|11:58:43.075] Opened Era store                         datadir=/mnt/state_expiry_vol_data/ubt-vs-pbt-dbs/pbt/geth/chaindata/ancient/chain/era
INFO [06-01|11:58:43.082] Initializing the KZG library             backend=gokzg
INFO [06-01|11:58:43.083] Allocated trie memory caches             clean=0.00B dirty=0.00B
INFO [06-01|11:58:43.091] Using pebble as the backing database
INFO [06-01|11:58:43.091] Allocated cache and file handles         database=/mnt/state_expiry_vol_data/ubt-vs-pbt-dbs/pbt/geth/chaindata cache=16.00MiB handles=262,144
INFO [06-01|11:58:43.266] Opened ancient database                  database=/mnt/state_expiry_vol_data/ubt-vs-pbt-dbs/pbt/geth/chaindata/ancient/chain readonly=false
INFO [06-01|11:58:43.266] Opened Era store                         datadir=/mnt/state_expiry_vol_data/ubt-vs-pbt-dbs/pbt/geth/chaindata/ancient/chain/era
INFO [06-01|11:58:43.273] State scheme set to already existing     scheme=path
INFO [06-01|11:58:43.280] Initialising Ethereum protocol           network=1337 dbversion=9
INFO [06-01|11:58:43.282] Load database journal from file          path=/mnt/state_expiry_vol_data/ubt-vs-pbt-dbs/pbt/geth/triedb/verkle.journal
INFO [06-01|11:58:43.383] Opened ancient database                  database=/mnt/state_expiry_vol_data/ubt-vs-pbt-dbs/pbt/geth/chaindata/ancient/state_verkle readonly=false
INFO [06-01|11:58:43.385] State snapshot generator is not compatible
INFO [06-01|11:58:43.385] Initialized path database                triecache=0.00B statecache=0.00B buffer=0.00B state-history="last 90000 blocks" journal-dir=/mnt/state_expiry_vol_data/ubt-vs-pbt-dbs/pbt/geth/triedb verkle=true
INFO [06-01|11:58:43.386] 
INFO [06-01|11:58:43.386] ---------------------------------------------------------------------------------------------------------------------------------------------------------
INFO [06-01|11:58:43.386] Chain ID:  1337 (unknown)
INFO [06-01|11:58:43.386] Consensus: unknown
INFO [06-01|11:58:43.386] 
INFO [06-01|11:58:43.386] Pre-Merge hard forks (block based):
INFO [06-01|11:58:43.386]  - Homestead:                   #0       
INFO [06-01|11:58:43.386]  - Tangerine Whistle (EIP 150): #0       
INFO [06-01|11:58:43.386]  - Spurious Dragon/1 (EIP 155): #0       
INFO [06-01|11:58:43.386]  - Spurious Dragon/2 (EIP 158): #0       
INFO [06-01|11:58:43.386]  - Byzantium:                   #0       
INFO [06-01|11:58:43.386]  - Constantinople:              #0       
INFO [06-01|11:58:43.386]  - Petersburg:                  #0       
INFO [06-01|11:58:43.386]  - Istanbul:                    #0       
INFO [06-01|11:58:43.386]  - Berlin:                      #0       
INFO [06-01|11:58:43.386]  - London:                      #0       
INFO [06-01|11:58:43.386]  - Arrow Glacier:               #0       
INFO [06-01|11:58:43.386]  - Gray Glacier:                #0       
INFO [06-01|11:58:43.386] 
INFO [06-01|11:58:43.386] Merge configured:
INFO [06-01|11:58:43.386]  - Total terminal difficulty:  0
INFO [06-01|11:58:43.386]  - Merge netsplit block:       #0       
INFO [06-01|11:58:43.386] 
INFO [06-01|11:58:43.386] Post-Merge hard forks (timestamp based):
INFO [06-01|11:58:43.386]  - Shanghai:                    @0         
INFO [06-01|11:58:43.386]  - Cancun:                      @0          blob: (target: 3, max: 6, fraction: 3338477)
INFO [06-01|11:58:43.386]  - Prague:                      @0          blob: (target: 6, max: 9, fraction: 5007716)
INFO [06-01|11:58:43.386]  - Osaka:                       @0          blob: (target: 6, max: 9, fraction: 5007716)
INFO [06-01|11:58:43.386]  - UBT:                         @0          blob: (nil)
INFO [06-01|11:58:43.386] 
INFO [06-01|11:58:43.386] All fork specifications can be found at https://ethereum.github.io/execution-specs/src/ethereum/forks/
INFO [06-01|11:58:43.386] 
INFO [06-01|11:58:43.386] ---------------------------------------------------------------------------------------------------------------------------------------------------------
INFO [06-01|11:58:43.386] 
INFO [06-01|11:58:43.386] Loaded most recent local block           number=4932 hash=d6cef6..9a63cc age=3s
INFO [06-01|11:58:43.386] Loaded most recent local finalized block number=4928 hash=746130..7cf618 age=8s
INFO [06-01|11:58:43.387] Initialized transaction indexer          range="last 2350000 blocks"
INFO [06-01|11:58:43.388] Initialized log indexer                  firstblock=0 lastblock=4932 firstmap=0 lastmap=0 headindexed=true
INFO [06-01|11:58:43.404] Enabled full-sync                        head=4932 hash=d6cef6..9a63cc
INFO [06-01|11:58:43.404] Unprotected transactions allowed
INFO [06-01|11:58:43.404] Gasprice oracle is ignoring threshold set threshold=2
INFO [06-01|11:58:43.404] Registered sync override service
WARN [06-01|11:58:43.405] You are running Geth in --dev mode. Please note the following:
WARN [06-01|11:58:43.405] 
WARN [06-01|11:58:43.405]   1. This mode is only intended for fast, iterative development without assumptions on
WARN [06-01|11:58:43.405]      security or persistence.
WARN [06-01|11:58:43.405]   2. The database is created in memory unless specified otherwise. Therefore, shutting down
WARN [06-01|11:58:43.405]      your computer or losing power will wipe your entire block data and chain state for
WARN [06-01|11:58:43.405]      your dev environment.
WARN [06-01|11:58:43.405]   3. A random, pre-allocated developer account will be available and unlocked as
WARN [06-01|11:58:43.405]      eth.coinbase, which can be used for testing. The random dev account is temporary,
WARN [06-01|11:58:43.405]      stored on a ramdisk, and will be lost if your machine is restarted.
WARN [06-01|11:58:43.405]   4. Mining is enabled by default. However, the client will only seal blocks if transactions
WARN [06-01|11:58:43.405]      are pending in the mempool. The miner's minimum accepted gas price is 1.
WARN [06-01|11:58:43.405]   5. Networking is disabled; there is no listen-address, the maximum number of peers is set
WARN [06-01|11:58:43.405]      to 0, and discovery is disabled.
WARN [06-01|11:58:43.405] 
INFO [06-01|11:58:43.405] Starting peer-to-peer node               instance=Geth/v1.17.3-unstable/linux-amd64/go1.24.9
WARN [06-01|11:58:43.405] P2P server will be useless, neither dialing nor listening
INFO [06-01|11:58:43.423] New local node record                    seq=1,780,292,694,926 id=972c5cc0b2a1895c ip=127.0.0.1 udp=0 tcp=0
INFO [06-01|11:58:43.423] Started P2P networking                   self=enode://16ec6c0bde109d66472afe00ec8fee3d30718d830d1acf0829842abca89b82afff8a454636cde3b26d700f98647938c6f23e7bee3027caca0d7f19e4b3725e13@127.0.0.1:0
INFO [06-01|11:58:43.423] IPC endpoint opened                      url=/mnt/state_expiry_vol_data/ubt-vs-pbt-dbs/pbt/geth.ipc
ERROR[06-01|11:58:43.423] Unavailable modules in HTTP API list     unavailable=[personal] available="[admin debug web3 eth txpool miner net dev testing]"
INFO [06-01|11:58:43.424] HTTP server started                      endpoint=127.0.0.1:8545 auth=false prefix= cors= vhosts=localhost
INFO [06-01|11:58:43.424] WebSocket enabled                        url=ws://127.0.0.1:8546
INFO [06-01|11:58:43.795] Loaded local transaction journal         transactions=3481 dropped=0
INFO [06-01|11:58:44.589] Started log indexer
INFO [06-01|11:58:44.628] Starting work on payload                 id=0x032efe3d7c52b3e0
INFO [06-01|11:58:44.639] Updated payload                          id=0x032efe3d7c52b3e0 number=4933 hash=898d9e..58d363 txs=0 withdrawals=0 gas=0 fees=0 root=94fc3f..efc26b elapsed=11.661ms
INFO [06-01|11:58:44.641] Stopping work on payload                 id=0x032efe3d7c52b3e0 reason=delivery
WARN [06-01|11:58:44.644] {"level":"warn","msg":"Slow block","block":{"number":4933,"hash":"0x898d9ee0e1c64f126dce4c887ad9b354ec9f669d9e8728fd5cceb5477258d363","gas_used":0,"tx_count":0},"timing":{"execution_ms":0.072444,"state_read_ms":3.604722,"state_hash_ms":0.0023,"commit_ms":0.263294,"total_ms":4.177297},"throughput":{"mgas_per_sec":0},"state_reads":{"accounts":4,"storage_slots":0,"code":0,"code_bytes":0},"state_writes":{"accounts":0,"accounts_deleted":0,"storage_slots":0,"storage_slots_deleted":0,"code":0,"code_bytes":0},"cache":{"account":{"hits":0,"misses":4,"hit_rate":0},"storage":{"hits":0,"misses":0,"hit_rate":0},"code":{"hits":0,"misses":0,"hit_rate":0,"hit_bytes":0,"miss_bytes":0}}}
INFO [06-01|11:58:44.644] Imported new potential chain segment     number=4933 hash=898d9e..58d363 blocks=1 txs=0 mgas=0.000 elapsed=4.676ms  mgasps=0.000 triediffs=4.17MiB triedirty=0.00B
INFO [06-01|11:58:44.645] Chain head was updated                   number=4933 hash=898d9e..58d363 root=94fc3f..efc26b elapsed="79.061µs"
INFO [06-01|11:58:45.650] Starting work on payload                 id=0x035da755ab4d6e37
INFO [06-01|11:58:45.662] Updated payload                          id=0x035da755ab4d6e37 number=4934 hash=f2c3aa..154481 txs=0 withdrawals=0 gas=0 fees=0 root=94fc3f..efc26b elapsed=11.826ms
INFO [06-01|11:58:45.662] Stopping work on payload                 id=0x035da755ab4d6e37 reason=delivery
WARN [06-01|11:58:45.665] {"level":"warn","msg":"Slow block","block":{"number":4934,"hash":"0xf2c3aa6fd592a889fdc9bcc38d2435f7253dbae172d1aff926e50392a7154481","gas_used":0,"tx_count":0},"timing":{"execution_ms":0.028387,"state_read_ms":3.006064,"state_hash_ms":0.002119,"commit_ms":0.137429,"total_ms":3.357979},"throughput":{"mgas_per_sec":0},"state_reads":{"accounts":4,"storage_slots":0,"code":0,"code_bytes":0},"state_writes":{"accounts":0,"accounts_deleted":0,"storage_slots":0,"storage_slots_deleted":0,"code":0,"code_bytes":0},"cache":{"account":{"hits":0,"misses":4,"hit_rate":0},"storage":{"hits":0,"misses":0,"hit_rate":0},"code":{"hits":0,"misses":0,"hit_rate":0,"hit_bytes":0,"miss_bytes":0}}}
INFO [06-01|11:58:45.665] Imported new potential chain segment     number=4934 hash=f2c3aa..154481 blocks=1 txs=0 mgas=0.000 elapsed=3.627ms    mgasps=0.000 triediffs=4.17MiB triedirty=0.00B
INFO [06-01|11:58:45.666] Chain head was updated                   number=4934 hash=f2c3aa..154481 root=94fc3f..efc26b elapsed="42.908µs"
INFO [06-01|11:58:46.671] Starting work on payload                 id=0x03e3c5838534331d
INFO [06-01|11:58:46.682] Updated payload                          id=0x03e3c5838534331d number=4935 hash=dcbcbf..c0d283 txs=0 withdrawals=0 gas=0 fees=0 root=94fc3f..efc26b elapsed=10.923ms
INFO [06-01|11:58:46.683] Stopping work on payload                 id=0x03e3c5838534331d reason=delivery
WARN [06-01|11:58:46.697] {"level":"warn","msg":"Slow block","block":{"number":4935,"hash":"0xdcbcbf21c804463708ba15381447f2109ebdc3b71d8fb8e61010a83f5fc0d283","gas_used":0,"tx_count":0},"timing":{"execution_ms":0.042215,"state_read_ms":14.062276,"state_hash_ms":0.00169,"commit_ms":0.105216,"total_ms":14.387877},"throughput":{"mgas_per_sec":0},"state_reads":{"accounts":4,"storage_slots":0,"code":0,"code_bytes":0},"state_writes":{"accounts":0,"accounts_deleted":0,"storage_slots":0,"storage_slots_deleted":0,"code":0,"code_bytes":0},"cache":{"account":{"hits":0,"misses":4,"hit_rate":0},"storage":{"hits":0,"misses":0,"hit_rate":0},"code":{"hits":0,"misses":0,"hit_rate":0,"hit_bytes":0,"miss_bytes":0}}}
INFO [06-01|11:58:46.697] Imported new potential chain segment     number=4935 hash=dcbcbf..c0d283 blocks=1 txs=0 mgas=0.000 elapsed=14.582ms   mgasps=0.000 triediffs=4.17MiB triedirty=0.00B
INFO [06-01|11:58:46.697] Chain head was updated                   number=4935 hash=dcbcbf..c0d283 root=94fc3f..efc26b elapsed="65.535µs"
INFO [06-01|11:58:46.988] Submitted contract creation              hash=0x2cd67aff39b5d62a221c06923ecd2d83e2491e4f9a54dec76a5d99fbf9d79b25 from=0xf39Fd6e51aad88F6F4ce6aB8827279cffFb92266 nonce=1485 contract=0x66dc1b08F8e19F81430b034218fce3dD7CF7F8E1 value=0
INFO [06-01|11:58:46.989] Submitted transaction                    hash=0xaf58cf542dad632d4148a4f46eb4a90d740d0a986b2a669d36783623ac0e6cda from=0xf39Fd6e51aad88F6F4ce6aB8827279cffFb92266 nonce=1486 recipient=0x2E9eb339470A49902dB0D8af0b3B7080Ba9BcECE value=78,000,000
INFO [06-01|11:58:47.704] Starting work on payload                 id=0x036e6c793efc2432
INFO [06-01|11:58:47.738] Updated payload                          id=0x036e6c793efc2432 number=4936 hash=eef1c4..6eb259 txs=2 withdrawals=0 gas=91698 fees=5.50188e-13 root=a8f33e..de965c elapsed=34.233ms
INFO [06-01|11:58:47.738] Stopping work on payload                 id=0x036e6c793efc2432 reason=delivery
INFO [06-01|11:58:47.770] Paused snapshot generation
WARN [06-01|11:58:47.770] {"level":"warn","msg":"Slow block","block":{"number":4936,"hash":"0xeef1c44c6a8ea30c1ebab0fa432e767e1c3173a413bd13875a80d43d3f6eb259","gas_used":91698,"tx_count":2},"timing":{"execution_ms":0.138995,"state_read_ms":22.364246,"state_hash_ms":2.700686,"commit_ms":6.340654,"total_ms":31.745651},"throughput":{"mgas_per_sec":2.888521643484331},"state_reads":{"accounts":11,"storage_slots":0,"code":0,"code_bytes":0},"state_writes":{"accounts":3,"accounts_deleted":0,"storage_slots":0,"storage_slots_deleted":0,"code":1,"code_bytes":305},"cache":{"account":{"hits":5,"misses":6,"hit_rate":45.45454545454545},"storage":{"hits":0,"misses":0,"hit_rate":0},"code":{"hits":0,"misses":0,"hit_rate":0,"hit_bytes":0,"miss_bytes":0}}}
INFO [06-01|11:58:47.770] Imported new potential chain segment     number=4936 hash=eef1c4..6eb259 blocks=1 txs=2 mgas=0.092 elapsed=31.952ms   mgasps=2.870 triediffs=4.15MiB triedirty=0.00B
INFO [06-01|11:58:47.771] Chain head was updated                   number=4936 hash=eef1c4..6eb259 root=a8f33e..de965c elapsed="179.54µs"
WARN [06-01|11:58:47.796] Snapshot generation is not permitted
INFO [06-01|11:58:48.003] Submitted transaction                    hash=0x9cc7a53ba2b01b586587ca3b4350f3d70daae54567b45fb08f78365c4af370d2 from=0x2E9eb339470A49902dB0D8af0b3B7080Ba9BcECE nonce=0    recipient=0x66dc1b08F8e19F81430b034218fce3dD7CF7F8E1 value=0
INFO [06-01|11:58:48.775] Starting work on payload                 id=0x0358957db255cbd2
INFO [06-01|11:58:48.904] Updated payload                          id=0x0358957db255cbd2 number=4937 hash=78d96f..d6eec9 txs=1 withdrawals=0 gas=5,919,252 fees=3.5515512e-11 root=9ec27b..2666f9 elapsed=128.382ms
INFO [06-01|11:58:48.904] Stopping work on payload                 id=0x0358957db255cbd2 reason=delivery
INFO [06-01|11:58:48.995] Paused snapshot generation
WARN [06-01|11:58:48.997] {"level":"warn","msg":"Slow block","block":{"number":4937,"hash":"0x78d96fc65354e9059cf1faac2c3a2d4c6b1d54e93ff23179b556d7c026d6eec9","gas_used":5919252,"tx_count":1},"timing":{"execution_ms":44.054449,"state_read_ms":29.891256,"state_hash_ms":14.309114,"commit_ms":3.997181,"total_ms":92.475853},"throughput":{"mgas_per_sec":64.00862287801768},"state_reads":{"accounts":263,"storage_slots":814,"code":257,"code_bytes":7473},"state_writes":{"accounts":47,"accounts_deleted":0,"storage_slots":72,"storage_slots_deleted":0,"code":0,"code_bytes":0},"cache":{"account":{"hits":73,"misses":190,"hit_rate":27.756653992395435},"storage":{"hits":181,"misses":633,"hit_rate":22.235872235872236},"code":{"hits":257,"misses":0,"hit_rate":100,"hit_bytes":7473,"miss_bytes":0}}}
INFO [06-01|11:58:48.997] Imported new potential chain segment     number=4937 hash=78d96f..d6eec9 blocks=1 txs=1 mgas=5.919 elapsed=92.744ms   mgasps=63.824 triediffs=4.50MiB triedirty=0.00B
INFO [06-01|11:58:48.997] Chain head was updated                   number=4937 hash=78d96f..d6eec9 root=9ec27b..2666f9 elapsed="102.733µs"
INFO [06-01|11:58:49.018] Submitted transaction                    hash=0xe12eff50cc8e11b1c1d12dcbb8c71a3f1ad6f5edfe876fd6df029292a0cb7716 from=0x2E9eb339470A49902dB0D8af0b3B7080Ba9BcECE nonce=1    recipient=0xf39Fd6e51aad88F6F4ce6aB8827279cffFb92266 value=797,724
WARN [06-01|11:58:49.027] Snapshot generation is not permitted
INFO [06-01|11:58:50.001] Starting work on payload                 id=0x03a03f77d64ae0b1
INFO [06-01|11:58:50.014] Updated payload                          id=0x03a03f77d64ae0b1 number=4938 hash=915d8d..a10fd0 txs=1 withdrawals=0 gas=21000     fees=2.1e-14       root=a1e247..3bdd93 elapsed=13.332ms
INFO [06-01|11:58:50.014] Stopping work on payload                 id=0x03a03f77d64ae0b1 reason=delivery
INFO [06-01|11:58:50.043] Paused snapshot generation
WARN [06-01|11:58:50.043] {"level":"warn","msg":"Slow block","block":{"number":4938,"hash":"0x915d8d1e44bf2237f7e3062579333785d337db2859bbd6311993db7d9ca10fd0","gas_used":21000,"tx_count":1},"timing":{"execution_ms":0.059052,"state_read_ms":13.328947,"state_hash_ms":14.736728,"commit_ms":0.596331,"total_ms":28.852144},"throughput":{"mgas_per_sec":0.7278488558770537},"state_reads":{"accounts":6,"storage_slots":0,"code":0,"code_bytes":0},"state_writes":{"accounts":2,"accounts_deleted":0,"storage_slots":0,"storage_slots_deleted":0,"code":0,"code_bytes":0},"cache":{"account":{"hits":2,"misses":4,"hit_rate":33.33333333333333},"storage":{"hits":0,"misses":0,"hit_rate":0},"code":{"hits":0,"misses":0,"hit_rate":0,"hit_bytes":0,"miss_bytes":0}}}
INFO [06-01|11:58:50.043] Imported new potential chain segment     number=4938 hash=915d8d..a10fd0 blocks=1 txs=1 mgas=0.021 elapsed=28.966ms    mgasps=0.725  triediffs=4.50MiB triedirty=0.00B
INFO [06-01|11:58:50.044] Chain head was updated                   number=4938 hash=915d8d..a10fd0 root=a1e247..3bdd93 elapsed="49.123µs"
WARN [06-01|11:58:50.062] Snapshot generation is not permitted
INFO [06-01|11:58:51.047] Starting work on payload                 id=0x037b5ee548af7b45
INFO [06-01|11:58:51.050] Updated payload                          id=0x037b5ee548af7b45 number=4939 hash=a4be95..e38a01 txs=0 withdrawals=0 gas=0         fees=0             root=a1e247..3bdd93 elapsed=2.957ms
INFO [06-01|11:58:51.051] Stopping work on payload                 id=0x037b5ee548af7b45 reason=delivery
WARN [06-01|11:58:51.065] {"level":"warn","msg":"Slow block","block":{"number":4939,"hash":"0xa4be95f5d74bdb4313b380c9633d39e7400e833935dea77e03dd14ec21e38a01","gas_used":0,"tx_count":0},"timing":{"execution_ms":0.028728,"state_read_ms":13.713362,"state_hash_ms":0.001863,"commit_ms":0.122938,"total_ms":14.044792},"throughput":{"mgas_per_sec":0},"state_reads":{"accounts":4,"storage_slots":0,"code":0,"code_bytes":0},"state_writes":{"accounts":0,"accounts_deleted":0,"storage_slots":0,"storage_slots_deleted":0,"code":0,"code_bytes":0},"cache":{"account":{"hits":0,"misses":4,"hit_rate":0},"storage":{"hits":0,"misses":0,"hit_rate":0},"code":{"hits":0,"misses":0,"hit_rate":0,"hit_bytes":0,"miss_bytes":0}}}
INFO [06-01|11:58:51.065] Imported new potential chain segment     number=4939 hash=a4be95..e38a01 blocks=1 txs=0 mgas=0.000 elapsed=14.213ms    mgasps=0.000  triediffs=4.50MiB triedirty=0.00B
INFO [06-01|11:58:51.065] Chain head was updated                   number=4939 hash=a4be95..e38a01 root=a1e247..3bdd93 elapsed="41.687µs"
