WARN [06-01|11:29:05.510] Unknown config environment variable      envvar=GETH_PBT_BIN
WARN [06-01|11:29:05.510] Unknown config environment variable      envvar=GETH_UBT_BIN
INFO [06-01|11:29:05.521] Starting Geth on Ethereum mainnet...
INFO [06-01|11:29:05.523] Maximum peer count                       ETH=0 total=0
INFO [06-01|11:29:05.524] Smartcard socket not found, disabling    err="stat /run/pcscd/pcscd.comm: no such file or directory"
WARN [06-01|11:29:05.529] Option --miner.etherbase is deprecated as the etherbase is set by the consensus client post-merge
WARN [06-01|11:29:05.531] Snap sync requested, resetting --cache.snapshot
INFO [06-01|11:29:05.531] Set global gas cap                       cap=50,000,000
INFO [06-01|11:29:06.335] Using developer account                  address=0xf39Fd6e51aad88F6F4ce6aB8827279cffFb92266
INFO [06-01|11:29:06.372] Using pebble as the backing database
INFO [06-01|11:29:06.372] Allocated cache and file handles         database=/mnt/state_expiry_vol_data/ubt-vs-pbt-dbs/pbt/geth/chaindata cache=16.00MiB handles=262,144
INFO [06-01|11:29:06.581] Opened ancient database                  database=/mnt/state_expiry_vol_data/ubt-vs-pbt-dbs/pbt/geth/chaindata/ancient/chain readonly=true
INFO [06-01|11:29:06.581] Opened Era store                         datadir=/mnt/state_expiry_vol_data/ubt-vs-pbt-dbs/pbt/geth/chaindata/ancient/chain/era
INFO [06-01|11:29:06.589] Initializing the KZG library             backend=gokzg
INFO [06-01|11:29:06.591] Allocated trie memory caches             clean=0.00B dirty=0.00B
INFO [06-01|11:29:06.599] Using pebble as the backing database
INFO [06-01|11:29:06.599] Allocated cache and file handles         database=/mnt/state_expiry_vol_data/ubt-vs-pbt-dbs/pbt/geth/chaindata cache=16.00MiB handles=262,144
INFO [06-01|11:29:06.789] Opened ancient database                  database=/mnt/state_expiry_vol_data/ubt-vs-pbt-dbs/pbt/geth/chaindata/ancient/chain readonly=false
INFO [06-01|11:29:06.789] Opened Era store                         datadir=/mnt/state_expiry_vol_data/ubt-vs-pbt-dbs/pbt/geth/chaindata/ancient/chain/era
INFO [06-01|11:29:06.795] State scheme set to already existing     scheme=path
INFO [06-01|11:29:06.795] Initialising Ethereum protocol           network=1337 dbversion=9
INFO [06-01|11:29:06.795] Load database journal from file          path=/mnt/state_expiry_vol_data/ubt-vs-pbt-dbs/pbt/geth/triedb/verkle.journal
INFO [06-01|11:29:06.849] Opened ancient database                  database=/mnt/state_expiry_vol_data/ubt-vs-pbt-dbs/pbt/geth/chaindata/ancient/state_verkle readonly=false
INFO [06-01|11:29:06.851] State snapshot generator is not compatible
INFO [06-01|11:29:06.851] Initialized path database                triecache=0.00B statecache=0.00B buffer=0.00B state-history="last 90000 blocks" journal-dir=/mnt/state_expiry_vol_data/ubt-vs-pbt-dbs/pbt/geth/triedb verkle=true
INFO [06-01|11:29:06.851] 
INFO [06-01|11:29:06.851] ---------------------------------------------------------------------------------------------------------------------------------------------------------
INFO [06-01|11:29:06.851] Chain ID:  1337 (unknown)
INFO [06-01|11:29:06.851] Consensus: unknown
INFO [06-01|11:29:06.851] 
INFO [06-01|11:29:06.851] Pre-Merge hard forks (block based):
INFO [06-01|11:29:06.851]  - Homestead:                   #0       
INFO [06-01|11:29:06.851]  - Tangerine Whistle (EIP 150): #0       
INFO [06-01|11:29:06.851]  - Spurious Dragon/1 (EIP 155): #0       
INFO [06-01|11:29:06.851]  - Spurious Dragon/2 (EIP 158): #0       
INFO [06-01|11:29:06.851]  - Byzantium:                   #0       
INFO [06-01|11:29:06.851]  - Constantinople:              #0       
INFO [06-01|11:29:06.851]  - Petersburg:                  #0       
INFO [06-01|11:29:06.851]  - Istanbul:                    #0       
INFO [06-01|11:29:06.851]  - Berlin:                      #0       
INFO [06-01|11:29:06.851]  - London:                      #0       
INFO [06-01|11:29:06.851]  - Arrow Glacier:               #0       
INFO [06-01|11:29:06.851]  - Gray Glacier:                #0       
INFO [06-01|11:29:06.851] 
INFO [06-01|11:29:06.851] Merge configured:
INFO [06-01|11:29:06.851]  - Total terminal difficulty:  0
INFO [06-01|11:29:06.851]  - Merge netsplit block:       #0       
INFO [06-01|11:29:06.851] 
INFO [06-01|11:29:06.851] Post-Merge hard forks (timestamp based):
INFO [06-01|11:29:06.851]  - Shanghai:                    @0         
INFO [06-01|11:29:06.851]  - Cancun:                      @0          blob: (target: 3, max: 6, fraction: 3338477)
INFO [06-01|11:29:06.851]  - Prague:                      @0          blob: (target: 6, max: 9, fraction: 5007716)
INFO [06-01|11:29:06.851]  - Osaka:                       @0          blob: (target: 6, max: 9, fraction: 5007716)
INFO [06-01|11:29:06.851]  - UBT:                         @0          blob: (nil)
INFO [06-01|11:29:06.851] 
INFO [06-01|11:29:06.851] All fork specifications can be found at https://ethereum.github.io/execution-specs/src/ethereum/forks/
INFO [06-01|11:29:06.851] 
INFO [06-01|11:29:06.851] ---------------------------------------------------------------------------------------------------------------------------------------------------------
INFO [06-01|11:29:06.851] 
INFO [06-01|11:29:06.853] Loaded most recent local block           number=3791 hash=7e7ba1..97a2c3 age=3s
INFO [06-01|11:29:06.853] Loaded most recent local finalized block number=3776 hash=dac0c6..a5b0e8 age=25s
INFO [06-01|11:29:06.854] Initialized transaction indexer          range="last 2350000 blocks"
INFO [06-01|11:29:06.854] Initialized log indexer                  firstblock=0 lastblock=3791 firstmap=0 lastmap=0 headindexed=true
INFO [06-01|11:29:06.903] Enabled full-sync                        head=3791 hash=7e7ba1..97a2c3
INFO [06-01|11:29:06.903] Unprotected transactions allowed
INFO [06-01|11:29:06.903] Gasprice oracle is ignoring threshold set threshold=2
INFO [06-01|11:29:06.903] Registered sync override service
WARN [06-01|11:29:06.903] You are running Geth in --dev mode. Please note the following:
WARN [06-01|11:29:06.903] 
WARN [06-01|11:29:06.903]   1. This mode is only intended for fast, iterative development without assumptions on
WARN [06-01|11:29:06.903]      security or persistence.
WARN [06-01|11:29:06.903]   2. The database is created in memory unless specified otherwise. Therefore, shutting down
WARN [06-01|11:29:06.903]      your computer or losing power will wipe your entire block data and chain state for
WARN [06-01|11:29:06.903]      your dev environment.
WARN [06-01|11:29:06.903]   3. A random, pre-allocated developer account will be available and unlocked as
WARN [06-01|11:29:06.903]      eth.coinbase, which can be used for testing. The random dev account is temporary,
WARN [06-01|11:29:06.903]      stored on a ramdisk, and will be lost if your machine is restarted.
WARN [06-01|11:29:06.903]   4. Mining is enabled by default. However, the client will only seal blocks if transactions
WARN [06-01|11:29:06.903]      are pending in the mempool. The miner's minimum accepted gas price is 1.
WARN [06-01|11:29:06.903]   5. Networking is disabled; there is no listen-address, the maximum number of peers is set
WARN [06-01|11:29:06.903]      to 0, and discovery is disabled.
WARN [06-01|11:29:06.903] 
INFO [06-01|11:29:06.903] Starting peer-to-peer node               instance=Geth/v1.17.3-unstable/linux-amd64/go1.24.9
WARN [06-01|11:29:06.903] P2P server will be useless, neither dialing nor listening
INFO [06-01|11:29:06.930] IPC endpoint opened                      url=/mnt/state_expiry_vol_data/ubt-vs-pbt-dbs/pbt/geth.ipc
ERROR[06-01|11:29:06.930] Unavailable modules in HTTP API list     unavailable=[personal] available="[admin debug web3 eth txpool miner net dev testing]"
INFO [06-01|11:29:06.930] New local node record                    seq=1,780,292,694,751 id=972c5cc0b2a1895c ip=127.0.0.1 udp=0 tcp=0
INFO [06-01|11:29:06.930] Started P2P networking                   self=enode://16ec6c0bde109d66472afe00ec8fee3d30718d830d1acf0829842abca89b82afff8a454636cde3b26d700f98647938c6f23e7bee3027caca0d7f19e4b3725e13@127.0.0.1:0
INFO [06-01|11:29:06.931] HTTP server started                      endpoint=127.0.0.1:8545 auth=false prefix= cors= vhosts=localhost
INFO [06-01|11:29:06.931] WebSocket enabled                        url=ws://127.0.0.1:8546
INFO [06-01|11:29:07.249] Loaded local transaction journal         transactions=2781 dropped=0
INFO [06-01|11:29:08.017] Started log indexer
INFO [06-01|11:29:08.060] Starting work on payload                 id=0x03271693a1fb434d
INFO [06-01|11:29:08.064] Updated payload                          id=0x03271693a1fb434d number=3792 hash=165054..c4c06f txs=0 withdrawals=0 gas=0 fees=0 root=337377..282d4e elapsed=3.730ms
INFO [06-01|11:29:08.064] Stopping work on payload                 id=0x03271693a1fb434d reason=delivery
WARN [06-01|11:29:08.067] {"level":"warn","msg":"Slow block","block":{"number":3792,"hash":"0x1650545a4e82e1856d48d6dececfeb927cc817a635eb65283e029cf239c4c06f","gas_used":0,"tx_count":0},"timing":{"execution_ms":0.038056,"state_read_ms":2.917083,"state_hash_ms":0.001498,"commit_ms":0.167323,"total_ms":3.316646},"throughput":{"mgas_per_sec":0},"state_reads":{"accounts":4,"storage_slots":0,"code":0,"code_bytes":0},"state_writes":{"accounts":0,"accounts_deleted":0,"storage_slots":0,"storage_slots_deleted":0,"code":0,"code_bytes":0},"cache":{"account":{"hits":0,"misses":4,"hit_rate":0},"storage":{"hits":0,"misses":0,"hit_rate":0},"code":{"hits":0,"misses":0,"hit_rate":0,"hit_bytes":0,"miss_bytes":0}}}
INFO [06-01|11:29:08.068] Imported new potential chain segment     number=3792 hash=165054..c4c06f blocks=1 txs=0 mgas=0.000 elapsed=3.571ms mgasps=0.000 triediffs=1.32MiB triedirty=0.00B
INFO [06-01|11:29:08.068] Chain head was updated                   number=3792 hash=165054..c4c06f root=337377..282d4e elapsed="64.823µs"
INFO [06-01|11:29:09.073] Starting work on payload                 id=0x035a217f25088bda
INFO [06-01|11:29:09.083] Updated payload                          id=0x035a217f25088bda number=3793 hash=e4084f..71bf21 txs=0 withdrawals=0 gas=0 fees=0 root=337377..282d4e elapsed=9.618ms
INFO [06-01|11:29:09.083] Stopping work on payload                 id=0x035a217f25088bda reason=delivery
WARN [06-01|11:29:09.087] {"level":"warn","msg":"Slow block","block":{"number":3793,"hash":"0xe4084f8676a75fcc4d8606e1ee9397e46410fddf8333f096f73088aca571bf21","gas_used":0,"tx_count":0},"timing":{"execution_ms":0.043967,"state_read_ms":3.059026,"state_hash_ms":0.002038,"commit_ms":0.140861,"total_ms":3.416097},"throughput":{"mgas_per_sec":0},"state_reads":{"accounts":4,"storage_slots":0,"code":0,"code_bytes":0},"state_writes":{"accounts":0,"accounts_deleted":0,"storage_slots":0,"storage_slots_deleted":0,"code":0,"code_bytes":0},"cache":{"account":{"hits":0,"misses":4,"hit_rate":0},"storage":{"hits":0,"misses":0,"hit_rate":0},"code":{"hits":0,"misses":0,"hit_rate":0,"hit_bytes":0,"miss_bytes":0}}}
INFO [06-01|11:29:09.087] Imported new potential chain segment     number=3793 hash=e4084f..71bf21 blocks=1 txs=0 mgas=0.000 elapsed=3.717ms    mgasps=0.000 triediffs=1.32MiB triedirty=0.00B
INFO [06-01|11:29:09.087] Chain head was updated                   number=3793 hash=e4084f..71bf21 root=337377..282d4e elapsed="46.611µs"
INFO [06-01|11:29:10.093] Starting work on payload                 id=0x037955c9e309655f
INFO [06-01|11:29:10.102] Updated payload                          id=0x037955c9e309655f number=3794 hash=6862fb..167c3c txs=0 withdrawals=0 gas=0 fees=0 root=337377..282d4e elapsed=8.829ms
INFO [06-01|11:29:10.104] Stopping work on payload                 id=0x037955c9e309655f reason=delivery
WARN [06-01|11:29:10.118] {"level":"warn","msg":"Slow block","block":{"number":3794,"hash":"0x6862fb36cceea5e9f2dac833eb02b1f380aef11234ad7548870f6cc467167c3c","gas_used":0,"tx_count":0},"timing":{"execution_ms":0.037143,"state_read_ms":15.045497,"state_hash_ms":0.002169,"commit_ms":0.177094,"total_ms":15.539249},"throughput":{"mgas_per_sec":0},"state_reads":{"accounts":4,"storage_slots":0,"code":0,"code_bytes":0},"state_writes":{"accounts":0,"accounts_deleted":0,"storage_slots":0,"storage_slots_deleted":0,"code":0,"code_bytes":0},"cache":{"account":{"hits":0,"misses":4,"hit_rate":0},"storage":{"hits":0,"misses":0,"hit_rate":0},"code":{"hits":0,"misses":0,"hit_rate":0,"hit_bytes":0,"miss_bytes":0}}}
INFO [06-01|11:29:10.118] Imported new potential chain segment     number=3794 hash=6862fb..167c3c blocks=1 txs=0 mgas=0.000 elapsed=15.854ms   mgasps=0.000 triediffs=1.32MiB triedirty=0.00B
INFO [06-01|11:29:10.118] Chain head was updated                   number=3794 hash=6862fb..167c3c root=337377..282d4e elapsed="43.305µs"
INFO [06-01|11:29:10.484] Submitted contract creation              hash=0xa24c8dff286430c9d8e4834de39054af78ff62dbf9e53cad969d9be1c01d0915 from=0xf39Fd6e51aad88F6F4ce6aB8827279cffFb92266 nonce=1135 contract=0xA4a75B3f3e957222E0d67Ea8b643F137BDFCe03B value=0
INFO [06-01|11:29:10.484] Submitted transaction                    hash=0xade1ee78c92af2d332bfa067ff90cb1b629d6b7c5eecc53406d0349326819164 from=0xf39Fd6e51aad88F6F4ce6aB8827279cffFb92266 nonce=1136 recipient=0x6540D616E67C3590e67E534Dc3E7560f6b6D0619 value=78,000,000
INFO [06-01|11:29:11.123] Starting work on payload                 id=0x0331500fb56065c3
INFO [06-01|11:29:11.173] Updated payload                          id=0x0331500fb56065c3 number=3795 hash=e06c34..819e90 txs=2 withdrawals=0 gas=86852 fees=5.21112e-13 root=d5d8b3..500c9d elapsed=49.863ms
INFO [06-01|11:29:11.173] Stopping work on payload                 id=0x0331500fb56065c3 reason=delivery
INFO [06-01|11:29:11.205] Paused snapshot generation
WARN [06-01|11:29:11.205] {"level":"warn","msg":"Slow block","block":{"number":3795,"hash":"0xe06c347a53c186ecdd73634332bf71b0dd235caef98ae554a2c13ecd67819e90","gas_used":86852,"tx_count":2},"timing":{"execution_ms":0.103427,"state_read_ms":13.775759,"state_hash_ms":13.245848,"commit_ms":4.373645,"total_ms":31.725122},"throughput":{"mgas_per_sec":2.737641166517815},"state_reads":{"accounts":11,"storage_slots":0,"code":0,"code_bytes":0},"state_writes":{"accounts":3,"accounts_deleted":0,"storage_slots":0,"storage_slots_deleted":0,"code":1,"code_bytes":157},"cache":{"account":{"hits":5,"misses":6,"hit_rate":45.45454545454545},"storage":{"hits":0,"misses":0,"hit_rate":0},"code":{"hits":0,"misses":0,"hit_rate":0,"hit_bytes":0,"miss_bytes":0}}}
INFO [06-01|11:29:11.205] Imported new potential chain segment     number=3795 hash=e06c34..819e90 blocks=1 txs=2 mgas=0.087 elapsed=31.936ms   mgasps=2.719 triediffs=1.32MiB triedirty=0.00B
INFO [06-01|11:29:11.206] Chain head was updated                   number=3795 hash=e06c34..819e90 root=d5d8b3..500c9d elapsed="138.477µs"
WARN [06-01|11:29:11.225] Snapshot generation is not permitted
INFO [06-01|11:29:11.496] Submitted transaction                    hash=0xdc2c7eb5aea131100dd235e348398a438347b272113b305d9f5381c416fa7091 from=0x6540D616E67C3590e67E534Dc3E7560f6b6D0619 nonce=0    recipient=0xA4a75B3f3e957222E0d67Ea8b643F137BDFCe03B value=0
INFO [06-01|11:29:12.232] Starting work on payload                 id=0x03bbfda4cf7e2b1c
INFO [06-01|11:29:12.401] Updated payload                          id=0x03bbfda4cf7e2b1c number=3796 hash=9e36cf..752a22 txs=1 withdrawals=0 gas=5,900,240 fees=3.540144e-11 root=10cba6..1f0863 elapsed=169.725ms
INFO [06-01|11:29:12.405] Stopping work on payload                 id=0x03bbfda4cf7e2b1c reason=delivery
INFO [06-01|11:29:12.523] Paused snapshot generation
WARN [06-01|11:29:12.525] {"level":"warn","msg":"Slow block","block":{"number":3796,"hash":"0x9e36cf5f324e70f6282a071f074d109feea1a88602aada2e894dd72296752a22","gas_used":5900240,"tx_count":1},"timing":{"execution_ms":107.437691,"state_read_ms":10.541961,"state_hash_ms":2.507481,"commit_ms":1.56404,"total_ms":122.490756},"throughput":{"mgas_per_sec":48.168859370906326},"state_reads":{"accounts":107,"storage_slots":258,"code":101,"code_bytes":2957},"state_writes":{"accounts":2,"accounts_deleted":0,"storage_slots":0,"storage_slots_deleted":0,"code":0,"code_bytes":0},"cache":{"account":{"hits":40,"misses":67,"hit_rate":37.38317757009346},"storage":{"hits":112,"misses":146,"hit_rate":43.41085271317829},"code":{"hits":101,"misses":0,"hit_rate":100,"hit_bytes":2957,"miss_bytes":0}}}
INFO [06-01|11:29:12.525] Imported new potential chain segment     number=3796 hash=9e36cf..752a22 blocks=1 txs=1 mgas=5.900 elapsed=122.878ms   mgasps=48.017 triediffs=1.32MiB triedirty=0.00B
INFO [06-01|11:29:12.525] Chain head was updated                   number=3796 hash=9e36cf..752a22 root=10cba6..1f0863 elapsed="142.013µs"
WARN [06-01|11:29:12.549] Snapshot generation is not permitted
INFO [06-01|11:29:13.513] Submitted transaction                    hash=0x40ade07dd53a6927ec266488754725397ee78fab692d2dd45fe9765035959e8a from=0x6540D616E67C3590e67E534Dc3E7560f6b6D0619 nonce=1    recipient=0xf39Fd6e51aad88F6F4ce6aB8827279cffFb92266 value=1,044,880
INFO [06-01|11:29:13.533] Starting work on payload                 id=0x032071ef6ba9762b
INFO [06-01|11:29:13.559] Updated payload                          id=0x032071ef6ba9762b number=3797 hash=d2f084..872ea9 txs=1 withdrawals=0 gas=21000     fees=2.1e-14      root=447699..baeb32 elapsed=26.348ms
INFO [06-01|11:29:13.559] Stopping work on payload                 id=0x032071ef6ba9762b reason=delivery
INFO [06-01|11:29:13.572] Paused snapshot generation
WARN [06-01|11:29:13.574] {"level":"warn","msg":"Slow block","block":{"number":3797,"hash":"0xd2f0841a5b921e5538e7b93816c0aead27fc1516d1238c3d2e6e01b2e3872ea9","gas_used":21000,"tx_count":1},"timing":{"execution_ms":0.070212,"state_read_ms":3.199121,"state_hash_ms":5.275448,"commit_ms":5.285807,"total_ms":14.022046},"throughput":{"mgas_per_sec":1.4976416423109724},"state_reads":{"accounts":6,"storage_slots":0,"code":0,"code_bytes":0},"state_writes":{"accounts":2,"accounts_deleted":0,"storage_slots":0,"storage_slots_deleted":0,"code":0,"code_bytes":0},"cache":{"account":{"hits":2,"misses":4,"hit_rate":33.33333333333333},"storage":{"hits":0,"misses":0,"hit_rate":0},"code":{"hits":0,"misses":0,"hit_rate":0,"hit_bytes":0,"miss_bytes":0}}}
INFO [06-01|11:29:13.574] Imported new potential chain segment     number=3797 hash=d2f084..872ea9 blocks=1 txs=1 mgas=0.021 elapsed=14.169ms    mgasps=1.482  triediffs=1.32MiB triedirty=0.00B
INFO [06-01|11:29:13.574] Chain head was updated                   number=3797 hash=d2f084..872ea9 root=447699..baeb32 elapsed="51.565µs"
WARN [06-01|11:29:13.597] Snapshot generation is not permitted
INFO [06-01|11:29:14.577] Starting work on payload                 id=0x032dca465b80bdd0
INFO [06-01|11:29:14.580] Updated payload                          id=0x032dca465b80bdd0 number=3798 hash=c4f0bb..857067 txs=0 withdrawals=0 gas=0         fees=0            root=447699..baeb32 elapsed=2.844ms
INFO [06-01|11:29:14.581] Stopping work on payload                 id=0x032dca465b80bdd0 reason=delivery
WARN [06-01|11:29:14.584] {"level":"warn","msg":"Slow block","block":{"number":3798,"hash":"0xc4f0bbff50da912f44dc20196c46ba203474fded721cd336c7450d7399857067","gas_used":0,"tx_count":0},"timing":{"execution_ms":0.024397,"state_read_ms":2.669957,"state_hash_ms":0.001247,"commit_ms":0.087118,"total_ms":2.966233},"throughput":{"mgas_per_sec":0},"state_reads":{"accounts":4,"storage_slots":0,"code":0,"code_bytes":0},"state_writes":{"accounts":0,"accounts_deleted":0,"storage_slots":0,"storage_slots_deleted":0,"code":0,"code_bytes":0},"cache":{"account":{"hits":0,"misses":4,"hit_rate":0},"storage":{"hits":0,"misses":0,"hit_rate":0},"code":{"hits":0,"misses":0,"hit_rate":0,"hit_bytes":0,"miss_bytes":0}}}
INFO [06-01|11:29:14.584] Imported new potential chain segment     number=3798 hash=c4f0bb..857067 blocks=1 txs=0 mgas=0.000 elapsed=3.086ms     mgasps=0.000  triediffs=1.32MiB triedirty=0.00B
INFO [06-01|11:29:14.584] Chain head was updated                   number=3798 hash=c4f0bb..857067 root=447699..baeb32 elapsed="32.319µs"
