WARN [06-01|11:57:49.890] Unknown config environment variable      envvar=GETH_PBT_BIN
WARN [06-01|11:57:49.890] Unknown config environment variable      envvar=GETH_UBT_BIN
INFO [06-01|11:57:49.901] Starting Geth on Ethereum mainnet...
INFO [06-01|11:57:49.903] Maximum peer count                       ETH=0 total=0
INFO [06-01|11:57:49.904] Smartcard socket not found, disabling    err="stat /run/pcscd/pcscd.comm: no such file or directory"
WARN [06-01|11:57:49.909] Option --miner.etherbase is deprecated as the etherbase is set by the consensus client post-merge
WARN [06-01|11:57:49.911] Snap sync requested, resetting --cache.snapshot
INFO [06-01|11:57:49.911] Set global gas cap                       cap=50,000,000
INFO [06-01|11:57:50.729] Using developer account                  address=0xf39Fd6e51aad88F6F4ce6aB8827279cffFb92266
INFO [06-01|11:57:50.769] Using pebble as the backing database
INFO [06-01|11:57:50.769] Allocated cache and file handles         database=/mnt/state_expiry_vol_data/ubt-vs-pbt-dbs/pbt/geth/chaindata cache=16.00MiB handles=262,144
INFO [06-01|11:57:50.980] Opened ancient database                  database=/mnt/state_expiry_vol_data/ubt-vs-pbt-dbs/pbt/geth/chaindata/ancient/chain readonly=true
INFO [06-01|11:57:50.980] Opened Era store                         datadir=/mnt/state_expiry_vol_data/ubt-vs-pbt-dbs/pbt/geth/chaindata/ancient/chain/era
INFO [06-01|11:57:50.987] Initializing the KZG library             backend=gokzg
INFO [06-01|11:57:50.989] Allocated trie memory caches             clean=0.00B dirty=0.00B
INFO [06-01|11:57:50.997] Using pebble as the backing database
INFO [06-01|11:57:50.997] Allocated cache and file handles         database=/mnt/state_expiry_vol_data/ubt-vs-pbt-dbs/pbt/geth/chaindata cache=16.00MiB handles=262,144
INFO [06-01|11:57:51.245] Opened ancient database                  database=/mnt/state_expiry_vol_data/ubt-vs-pbt-dbs/pbt/geth/chaindata/ancient/chain readonly=false
INFO [06-01|11:57:51.245] Opened Era store                         datadir=/mnt/state_expiry_vol_data/ubt-vs-pbt-dbs/pbt/geth/chaindata/ancient/chain/era
INFO [06-01|11:57:51.250] State scheme set to already existing     scheme=path
INFO [06-01|11:57:51.255] Initialising Ethereum protocol           network=1337 dbversion=9
INFO [06-01|11:57:51.255] Load database journal from file          path=/mnt/state_expiry_vol_data/ubt-vs-pbt-dbs/pbt/geth/triedb/verkle.journal
INFO [06-01|11:57:51.330] Opened ancient database                  database=/mnt/state_expiry_vol_data/ubt-vs-pbt-dbs/pbt/geth/chaindata/ancient/state_verkle readonly=false
INFO [06-01|11:57:51.362] State snapshot generator is not compatible
INFO [06-01|11:57:51.362] Initialized path database                triecache=0.00B statecache=0.00B buffer=0.00B state-history="last 90000 blocks" journal-dir=/mnt/state_expiry_vol_data/ubt-vs-pbt-dbs/pbt/geth/triedb verkle=true
INFO [06-01|11:57:51.362] 
INFO [06-01|11:57:51.362] ---------------------------------------------------------------------------------------------------------------------------------------------------------
INFO [06-01|11:57:51.362] Chain ID:  1337 (unknown)
INFO [06-01|11:57:51.362] Consensus: unknown
INFO [06-01|11:57:51.362] 
INFO [06-01|11:57:51.362] Pre-Merge hard forks (block based):
INFO [06-01|11:57:51.362]  - Homestead:                   #0       
INFO [06-01|11:57:51.362]  - Tangerine Whistle (EIP 150): #0       
INFO [06-01|11:57:51.362]  - Spurious Dragon/1 (EIP 155): #0       
INFO [06-01|11:57:51.362]  - Spurious Dragon/2 (EIP 158): #0       
INFO [06-01|11:57:51.362]  - Byzantium:                   #0       
INFO [06-01|11:57:51.362]  - Constantinople:              #0       
INFO [06-01|11:57:51.362]  - Petersburg:                  #0       
INFO [06-01|11:57:51.362]  - Istanbul:                    #0       
INFO [06-01|11:57:51.362]  - Berlin:                      #0       
INFO [06-01|11:57:51.362]  - London:                      #0       
INFO [06-01|11:57:51.362]  - Arrow Glacier:               #0       
INFO [06-01|11:57:51.362]  - Gray Glacier:                #0       
INFO [06-01|11:57:51.362] 
INFO [06-01|11:57:51.362] Merge configured:
INFO [06-01|11:57:51.362]  - Total terminal difficulty:  0
INFO [06-01|11:57:51.362]  - Merge netsplit block:       #0       
INFO [06-01|11:57:51.362] 
INFO [06-01|11:57:51.362] Post-Merge hard forks (timestamp based):
INFO [06-01|11:57:51.362]  - Shanghai:                    @0         
INFO [06-01|11:57:51.362]  - Cancun:                      @0          blob: (target: 3, max: 6, fraction: 3338477)
INFO [06-01|11:57:51.362]  - Prague:                      @0          blob: (target: 6, max: 9, fraction: 5007716)
INFO [06-01|11:57:51.362]  - Osaka:                       @0          blob: (target: 6, max: 9, fraction: 5007716)
INFO [06-01|11:57:51.362]  - UBT:                         @0          blob: (nil)
INFO [06-01|11:57:51.362] 
INFO [06-01|11:57:51.362] All fork specifications can be found at https://ethereum.github.io/execution-specs/src/ethereum/forks/
INFO [06-01|11:57:51.362] 
INFO [06-01|11:57:51.362] ---------------------------------------------------------------------------------------------------------------------------------------------------------
INFO [06-01|11:57:51.362] 
INFO [06-01|11:57:51.362] Loaded most recent local block           number=4898 hash=326c07..26dba1 age=3s
INFO [06-01|11:57:51.362] Loaded most recent local finalized block number=4896 hash=7157bc..6a035a age=6s
INFO [06-01|11:57:51.363] Initialized transaction indexer          range="last 2350000 blocks"
INFO [06-01|11:57:51.363] Initialized log indexer                  firstblock=0 lastblock=4898 firstmap=0 lastmap=0 headindexed=true
INFO [06-01|11:57:51.384] Enabled full-sync                        head=4898 hash=326c07..26dba1
INFO [06-01|11:57:51.385] Unprotected transactions allowed
INFO [06-01|11:57:51.385] Gasprice oracle is ignoring threshold set threshold=2
INFO [06-01|11:57:51.385] Registered sync override service
WARN [06-01|11:57:51.385] You are running Geth in --dev mode. Please note the following:
WARN [06-01|11:57:51.385] 
WARN [06-01|11:57:51.385]   1. This mode is only intended for fast, iterative development without assumptions on
WARN [06-01|11:57:51.385]      security or persistence.
WARN [06-01|11:57:51.385]   2. The database is created in memory unless specified otherwise. Therefore, shutting down
WARN [06-01|11:57:51.385]      your computer or losing power will wipe your entire block data and chain state for
WARN [06-01|11:57:51.385]      your dev environment.
WARN [06-01|11:57:51.385]   3. A random, pre-allocated developer account will be available and unlocked as
WARN [06-01|11:57:51.385]      eth.coinbase, which can be used for testing. The random dev account is temporary,
WARN [06-01|11:57:51.385]      stored on a ramdisk, and will be lost if your machine is restarted.
WARN [06-01|11:57:51.385]   4. Mining is enabled by default. However, the client will only seal blocks if transactions
WARN [06-01|11:57:51.385]      are pending in the mempool. The miner's minimum accepted gas price is 1.
WARN [06-01|11:57:51.385]   5. Networking is disabled; there is no listen-address, the maximum number of peers is set
WARN [06-01|11:57:51.385]      to 0, and discovery is disabled.
WARN [06-01|11:57:51.385] 
INFO [06-01|11:57:51.385] Starting peer-to-peer node               instance=Geth/v1.17.3-unstable/linux-amd64/go1.24.9
WARN [06-01|11:57:51.385] P2P server will be useless, neither dialing nor listening
INFO [06-01|11:57:51.424] New local node record                    seq=1,780,292,694,921 id=972c5cc0b2a1895c ip=127.0.0.1 udp=0 tcp=0
INFO [06-01|11:57:51.424] Started P2P networking                   self=enode://16ec6c0bde109d66472afe00ec8fee3d30718d830d1acf0829842abca89b82afff8a454636cde3b26d700f98647938c6f23e7bee3027caca0d7f19e4b3725e13@127.0.0.1:0
INFO [06-01|11:57:51.424] IPC endpoint opened                      url=/mnt/state_expiry_vol_data/ubt-vs-pbt-dbs/pbt/geth.ipc
ERROR[06-01|11:57:51.424] Unavailable modules in HTTP API list     unavailable=[personal] available="[admin debug web3 eth txpool miner net dev testing]"
INFO [06-01|11:57:51.425] HTTP server started                      endpoint=127.0.0.1:8545 auth=false prefix= cors= vhosts=localhost
INFO [06-01|11:57:51.425] WebSocket enabled                        url=ws://127.0.0.1:8546
INFO [06-01|11:57:51.778] Loaded local transaction journal         transactions=3461 dropped=0
INFO [06-01|11:57:52.502] Started log indexer
INFO [06-01|11:57:52.538] Starting work on payload                 id=0x03b5908a3e28a63f
INFO [06-01|11:57:52.543] Updated payload                          id=0x03b5908a3e28a63f number=4899 hash=b0fcb5..0fd723 txs=0 withdrawals=0 gas=0 fees=0 root=b79d3b..083fe5 elapsed=5.200ms
INFO [06-01|11:57:52.543] Stopping work on payload                 id=0x03b5908a3e28a63f reason=delivery
WARN [06-01|11:57:52.547] {"level":"warn","msg":"Slow block","block":{"number":4899,"hash":"0xb0fcb5b47667140796a9162522e906895bc79cc764e940b372b374bf290fd723","gas_used":0,"tx_count":0},"timing":{"execution_ms":0.033469,"state_read_ms":2.717876,"state_hash_ms":0.001833,"commit_ms":0.189865,"total_ms":3.196335},"throughput":{"mgas_per_sec":0},"state_reads":{"accounts":4,"storage_slots":0,"code":0,"code_bytes":0},"state_writes":{"accounts":0,"accounts_deleted":0,"storage_slots":0,"storage_slots_deleted":0,"code":0,"code_bytes":0},"cache":{"account":{"hits":0,"misses":4,"hit_rate":0},"storage":{"hits":0,"misses":0,"hit_rate":0},"code":{"hits":0,"misses":0,"hit_rate":0,"hit_bytes":0,"miss_bytes":0}}}
INFO [06-01|11:57:52.547] Imported new potential chain segment     number=4899 hash=b0fcb5..0fd723 blocks=1 txs=0 mgas=0.000 elapsed=3.485ms mgasps=0.000 triediffs=3.55MiB triedirty=0.00B
INFO [06-01|11:57:52.547] Chain head was updated                   number=4899 hash=b0fcb5..0fd723 root=b79d3b..083fe5 elapsed="49.931µs"
INFO [06-01|11:57:53.564] Starting work on payload                 id=0x0382708898591cdd
INFO [06-01|11:57:53.567] Updated payload                          id=0x0382708898591cdd number=4900 hash=90ba82..a7cbce txs=0 withdrawals=0 gas=0 fees=0 root=b79d3b..083fe5 elapsed=3.135ms
INFO [06-01|11:57:53.567] Stopping work on payload                 id=0x0382708898591cdd reason=delivery
WARN [06-01|11:57:53.577] {"level":"warn","msg":"Slow block","block":{"number":4900,"hash":"0x90ba82f263b03ab979e05ea45f7d2479bd9c0d73faba672f1a5f104da7a7cbce","gas_used":0,"tx_count":0},"timing":{"execution_ms":0.033756,"state_read_ms":9.978007,"state_hash_ms":0.003372,"commit_ms":0.113694,"total_ms":10.300929},"throughput":{"mgas_per_sec":0},"state_reads":{"accounts":4,"storage_slots":0,"code":0,"code_bytes":0},"state_writes":{"accounts":0,"accounts_deleted":0,"storage_slots":0,"storage_slots_deleted":0,"code":0,"code_bytes":0},"cache":{"account":{"hits":0,"misses":4,"hit_rate":0},"storage":{"hits":0,"misses":0,"hit_rate":0},"code":{"hits":0,"misses":0,"hit_rate":0,"hit_bytes":0,"miss_bytes":0}}}
INFO [06-01|11:57:53.577] Imported new potential chain segment     number=4900 hash=90ba82..a7cbce blocks=1 txs=0 mgas=0.000 elapsed=10.526ms   mgasps=0.000 triediffs=3.55MiB triedirty=0.00B
INFO [06-01|11:57:53.578] Chain head was updated                   number=4900 hash=90ba82..a7cbce root=b79d3b..083fe5 elapsed="51.468µs"
INFO [06-01|11:57:54.584] Starting work on payload                 id=0x0320855da45aa58d
INFO [06-01|11:57:54.601] Updated payload                          id=0x0320855da45aa58d number=4901 hash=d68e67..3f9c26 txs=0 withdrawals=0 gas=0 fees=0 root=b79d3b..083fe5 elapsed=17.169ms
INFO [06-01|11:57:54.603] Stopping work on payload                 id=0x0320855da45aa58d reason=delivery
WARN [06-01|11:57:54.618] {"level":"warn","msg":"Slow block","block":{"number":4901,"hash":"0xd68e676ebd21e47c802f3ecf2dcf7acee03b79da6df98037bc770a9a473f9c26","gas_used":0,"tx_count":0},"timing":{"execution_ms":0.038153,"state_read_ms":14.037582,"state_hash_ms":0.002882,"commit_ms":0.105001,"total_ms":14.324061},"throughput":{"mgas_per_sec":0},"state_reads":{"accounts":4,"storage_slots":0,"code":0,"code_bytes":0},"state_writes":{"accounts":0,"accounts_deleted":0,"storage_slots":0,"storage_slots_deleted":0,"code":0,"code_bytes":0},"cache":{"account":{"hits":0,"misses":4,"hit_rate":0},"storage":{"hits":0,"misses":0,"hit_rate":0},"code":{"hits":0,"misses":0,"hit_rate":0,"hit_bytes":0,"miss_bytes":0}}}
INFO [06-01|11:57:54.618] Imported new potential chain segment     number=4901 hash=d68e67..3f9c26 blocks=1 txs=0 mgas=0.000 elapsed=14.508ms   mgasps=0.000 triediffs=3.55MiB triedirty=0.00B
INFO [06-01|11:57:54.618] Chain head was updated                   number=4901 hash=d68e67..3f9c26 root=b79d3b..083fe5 elapsed="33.622µs"
INFO [06-01|11:57:54.825] Submitted contract creation              hash=0xb2abdd12cc5134d619d080c72916692c63606880958597ed90a6ba118271d6d1 from=0xf39Fd6e51aad88F6F4ce6aB8827279cffFb92266 nonce=1475 contract=0xE594C57812a2f9fF9C2581E0Ca8fcBAEf0451793 value=0
INFO [06-01|11:57:54.825] Submitted transaction                    hash=0xd4ecc262c2be134d519441523884a3461ccd64cc054f8dd14950f715c4c16885 from=0xf39Fd6e51aad88F6F4ce6aB8827279cffFb92266 nonce=1476 recipient=0x776Af4A1B9b25E89420fDB726DDAEf002f86bCC4 value=78,000,000
INFO [06-01|11:57:55.622] Starting work on payload                 id=0x033272b57d7340e2
INFO [06-01|11:57:55.674] Updated payload                          id=0x033272b57d7340e2 number=4902 hash=d4e1c1..558e98 txs=2 withdrawals=0 gas=91710 fees=5.5026e-13 root=3f3ce3..9b2ed0 elapsed=51.281ms
INFO [06-01|11:57:55.674] Stopping work on payload                 id=0x033272b57d7340e2 reason=delivery
INFO [06-01|11:57:55.698] Paused snapshot generation
WARN [06-01|11:57:55.698] {"level":"warn","msg":"Slow block","block":{"number":4902,"hash":"0xd4e1c1acced90d89df5ce5c4ab5ff1be7df025c729386b174f005dbf7d558e98","gas_used":91710,"tx_count":2},"timing":{"execution_ms":0.13068,"state_read_ms":3.44393,"state_hash_ms":15.602795,"commit_ms":4.736279,"total_ms":24.062086},"throughput":{"mgas_per_sec":3.811390251036423},"state_reads":{"accounts":11,"storage_slots":0,"code":0,"code_bytes":0},"state_writes":{"accounts":3,"accounts_deleted":0,"storage_slots":0,"storage_slots_deleted":0,"code":1,"code_bytes":305},"cache":{"account":{"hits":5,"misses":6,"hit_rate":45.45454545454545},"storage":{"hits":0,"misses":0,"hit_rate":0},"code":{"hits":0,"misses":0,"hit_rate":0,"hit_bytes":0,"miss_bytes":0}}}
INFO [06-01|11:57:55.698] Imported new potential chain segment     number=4902 hash=d4e1c1..558e98 blocks=1 txs=2 mgas=0.092 elapsed=24.238ms   mgasps=3.784 triediffs=3.53MiB triedirty=0.00B
INFO [06-01|11:57:55.699] Chain head was updated                   number=4902 hash=d4e1c1..558e98 root=3f3ce3..9b2ed0 elapsed="162.017µs"
WARN [06-01|11:57:55.718] Snapshot generation is not permitted
INFO [06-01|11:57:55.836] Submitted transaction                    hash=0xd8a44d12edb5d38d685214c26a49b0157a819e122b6f8ca62e023f9a6a58516d from=0x776Af4A1B9b25E89420fDB726DDAEf002f86bCC4 nonce=0    recipient=0xE594C57812a2f9fF9C2581E0Ca8fcBAEf0451793 value=0
INFO [06-01|11:57:56.719] Starting work on payload                 id=0x034d3f896f3847cc
INFO [06-01|11:57:56.844] Updated payload                          id=0x034d3f896f3847cc number=4903 hash=cad8cf..0a82cd txs=1 withdrawals=0 gas=5,920,754 fees=3.5524524e-11 root=a70ecf..e6a350 elapsed=124.892ms
INFO [06-01|11:57:56.845] Stopping work on payload                 id=0x034d3f896f3847cc reason=delivery
INFO [06-01|11:57:56.924] Paused snapshot generation
WARN [06-01|11:57:56.925] {"level":"warn","msg":"Slow block","block":{"number":4903,"hash":"0xcad8cf3c971c4b01da1547872211b393b6515f0c5968dd2a40f63b5c970a82cd","gas_used":5920754,"tx_count":1},"timing":{"execution_ms":61.163731,"state_read_ms":11.478039,"state_hash_ms":5.998293,"commit_ms":1.999537,"total_ms":81.026494},"throughput":{"mgas_per_sec":73.07182759258966},"state_reads":{"accounts":107,"storage_slots":785,"code":101,"code_bytes":3105},"state_writes":{"accounts":11,"accounts_deleted":0,"storage_slots":77,"storage_slots_deleted":0,"code":0,"code_bytes":0},"cache":{"account":{"hits":55,"misses":52,"hit_rate":51.4018691588785},"storage":{"hits":299,"misses":486,"hit_rate":38.089171974522294},"code":{"hits":101,"misses":0,"hit_rate":100,"hit_bytes":3105,"miss_bytes":0}}}
INFO [06-01|11:57:56.925] Imported new potential chain segment     number=4903 hash=cad8cf..0a82cd blocks=1 txs=1 mgas=5.921 elapsed=81.258ms    mgasps=72.863 triediffs=3.64MiB triedirty=0.00B
INFO [06-01|11:57:56.926] Chain head was updated                   number=4903 hash=cad8cf..0a82cd root=a70ecf..e6a350 elapsed="112.236µs"
WARN [06-01|11:57:56.950] Snapshot generation is not permitted
INFO [06-01|11:57:57.861] Submitted transaction                    hash=0x66972e29420a996150bfc674da635431f6b617102735e6f2bf9bf5ccca8ac40a from=0x776Af4A1B9b25E89420fDB726DDAEf002f86bCC4 nonce=1    recipient=0xf39Fd6e51aad88F6F4ce6aB8827279cffFb92266 value=778,198
INFO [06-01|11:57:57.941] Starting work on payload                 id=0x03b5a4972c3f3852
INFO [06-01|11:57:57.947] Updated payload                          id=0x03b5a4972c3f3852 number=4904 hash=0750aa..ad0fb1 txs=1 withdrawals=0 gas=21000     fees=2.1e-14       root=31172c..05d728 elapsed=6.117ms
INFO [06-01|11:57:57.947] Stopping work on payload                 id=0x03b5a4972c3f3852 reason=delivery
INFO [06-01|11:57:57.962] Paused snapshot generation
WARN [06-01|11:57:57.962] {"level":"warn","msg":"Slow block","block":{"number":4904,"hash":"0x0750aab1fb316d3531c882b7f136fb7bbc5febbca78d07e1ab910eb497ad0fb1","gas_used":21000,"tx_count":1},"timing":{"execution_ms":0.080039,"state_read_ms":11.414813,"state_hash_ms":2.635585,"commit_ms":0.642485,"total_ms":14.959204},"throughput":{"mgas_per_sec":1.4038180106374645},"state_reads":{"accounts":6,"storage_slots":0,"code":0,"code_bytes":0},"state_writes":{"accounts":2,"accounts_deleted":0,"storage_slots":0,"storage_slots_deleted":0,"code":0,"code_bytes":0},"cache":{"account":{"hits":2,"misses":4,"hit_rate":33.33333333333333},"storage":{"hits":0,"misses":0,"hit_rate":0},"code":{"hits":0,"misses":0,"hit_rate":0,"hit_bytes":0,"miss_bytes":0}}}
INFO [06-01|11:57:57.962] Imported new potential chain segment     number=4904 hash=0750aa..ad0fb1 blocks=1 txs=1 mgas=0.021 elapsed=15.117ms    mgasps=1.389  triediffs=3.63MiB triedirty=0.00B
INFO [06-01|11:57:57.962] Chain head was updated                   number=4904 hash=0750aa..ad0fb1 root=31172c..05d728 elapsed="68.874µs"
WARN [06-01|11:57:57.981] Snapshot generation is not permitted
INFO [06-01|11:57:58.967] Starting work on payload                 id=0x0349ef8ffc701625
INFO [06-01|11:57:58.970] Updated payload                          id=0x0349ef8ffc701625 number=4905 hash=c93722..2f2ee3 txs=0 withdrawals=0 gas=0         fees=0             root=31172c..05d728 elapsed=3.037ms
INFO [06-01|11:57:58.970] Stopping work on payload                 id=0x0349ef8ffc701625 reason=delivery
WARN [06-01|11:57:58.973] {"level":"warn","msg":"Slow block","block":{"number":4905,"hash":"0xc93722f7d7538f28762cb408681f80da7eb088f1d9d8a379390ef490662f2ee3","gas_used":0,"tx_count":0},"timing":{"execution_ms":0.026719,"state_read_ms":2.658233,"state_hash_ms":0.001417,"commit_ms":0.118775,"total_ms":2.96151},"throughput":{"mgas_per_sec":0},"state_reads":{"accounts":4,"storage_slots":0,"code":0,"code_bytes":0},"state_writes":{"accounts":0,"accounts_deleted":0,"storage_slots":0,"storage_slots_deleted":0,"code":0,"code_bytes":0},"cache":{"account":{"hits":0,"misses":4,"hit_rate":0},"storage":{"hits":0,"misses":0,"hit_rate":0},"code":{"hits":0,"misses":0,"hit_rate":0,"hit_bytes":0,"miss_bytes":0}}}
INFO [06-01|11:57:58.973] Imported new potential chain segment     number=4905 hash=c93722..2f2ee3 blocks=1 txs=0 mgas=0.000 elapsed=3.075ms     mgasps=0.000  triediffs=3.63MiB triedirty=0.00B
INFO [06-01|11:57:58.973] Chain head was updated                   number=4905 hash=c93722..2f2ee3 root=31172c..05d728 elapsed="58.66µs"
