WARN [06-01|11:52:24.883] Unknown config environment variable      envvar=GETH_PBT_BIN
WARN [06-01|11:52:24.883] Unknown config environment variable      envvar=GETH_UBT_BIN
INFO [06-01|11:52:24.896] Starting Geth on Ethereum mainnet...
INFO [06-01|11:52:24.899] Maximum peer count                       ETH=0 total=0
INFO [06-01|11:52:24.901] Smartcard socket not found, disabling    err="stat /run/pcscd/pcscd.comm: no such file or directory"
WARN [06-01|11:52:24.907] Option --miner.etherbase is deprecated as the etherbase is set by the consensus client post-merge
WARN [06-01|11:52:24.910] Snap sync requested, resetting --cache.snapshot
INFO [06-01|11:52:24.910] Set global gas cap                       cap=50,000,000
INFO [06-01|11:52:25.735] Using developer account                  address=0xf39Fd6e51aad88F6F4ce6aB8827279cffFb92266
INFO [06-01|11:52:25.772] Using pebble as the backing database
INFO [06-01|11:52:25.772] Allocated cache and file handles         database=/mnt/state_expiry_vol_data/ubt-vs-pbt-dbs/pbt/geth/chaindata cache=16.00MiB handles=262,144
INFO [06-01|11:52:25.977] Opened ancient database                  database=/mnt/state_expiry_vol_data/ubt-vs-pbt-dbs/pbt/geth/chaindata/ancient/chain readonly=true
INFO [06-01|11:52:25.977] Opened Era store                         datadir=/mnt/state_expiry_vol_data/ubt-vs-pbt-dbs/pbt/geth/chaindata/ancient/chain/era
INFO [06-01|11:52:25.985] Initializing the KZG library             backend=gokzg
INFO [06-01|11:52:25.987] Allocated trie memory caches             clean=0.00B dirty=0.00B
INFO [06-01|11:52:25.996] Using pebble as the backing database
INFO [06-01|11:52:25.996] Allocated cache and file handles         database=/mnt/state_expiry_vol_data/ubt-vs-pbt-dbs/pbt/geth/chaindata cache=16.00MiB handles=262,144
INFO [06-01|11:52:26.174] Opened ancient database                  database=/mnt/state_expiry_vol_data/ubt-vs-pbt-dbs/pbt/geth/chaindata/ancient/chain readonly=false
INFO [06-01|11:52:26.174] Opened Era store                         datadir=/mnt/state_expiry_vol_data/ubt-vs-pbt-dbs/pbt/geth/chaindata/ancient/chain/era
INFO [06-01|11:52:26.179] State scheme set to already existing     scheme=path
INFO [06-01|11:52:26.179] Initialising Ethereum protocol           network=1337 dbversion=9
INFO [06-01|11:52:26.179] Load database journal from file          path=/mnt/state_expiry_vol_data/ubt-vs-pbt-dbs/pbt/geth/triedb/verkle.journal
INFO [06-01|11:52:26.518] Opened ancient database                  database=/mnt/state_expiry_vol_data/ubt-vs-pbt-dbs/pbt/geth/chaindata/ancient/state_verkle readonly=false
INFO [06-01|11:52:26.520] State snapshot generator is not compatible
INFO [06-01|11:52:26.520] Initialized path database                triecache=0.00B statecache=0.00B buffer=0.00B state-history="last 90000 blocks" journal-dir=/mnt/state_expiry_vol_data/ubt-vs-pbt-dbs/pbt/geth/triedb verkle=true
INFO [06-01|11:52:26.520] 
INFO [06-01|11:52:26.520] ---------------------------------------------------------------------------------------------------------------------------------------------------------
INFO [06-01|11:52:26.520] Chain ID:  1337 (unknown)
INFO [06-01|11:52:26.520] Consensus: unknown
INFO [06-01|11:52:26.520] 
INFO [06-01|11:52:26.520] Pre-Merge hard forks (block based):
INFO [06-01|11:52:26.520]  - Homestead:                   #0       
INFO [06-01|11:52:26.520]  - Tangerine Whistle (EIP 150): #0       
INFO [06-01|11:52:26.520]  - Spurious Dragon/1 (EIP 155): #0       
INFO [06-01|11:52:26.520]  - Spurious Dragon/2 (EIP 158): #0       
INFO [06-01|11:52:26.520]  - Byzantium:                   #0       
INFO [06-01|11:52:26.520]  - Constantinople:              #0       
INFO [06-01|11:52:26.520]  - Petersburg:                  #0       
INFO [06-01|11:52:26.520]  - Istanbul:                    #0       
INFO [06-01|11:52:26.520]  - Berlin:                      #0       
INFO [06-01|11:52:26.520]  - London:                      #0       
INFO [06-01|11:52:26.520]  - Arrow Glacier:               #0       
INFO [06-01|11:52:26.520]  - Gray Glacier:                #0       
INFO [06-01|11:52:26.520] 
INFO [06-01|11:52:26.520] Merge configured:
INFO [06-01|11:52:26.520]  - Total terminal difficulty:  0
INFO [06-01|11:52:26.520]  - Merge netsplit block:       #0       
INFO [06-01|11:52:26.520] 
INFO [06-01|11:52:26.520] Post-Merge hard forks (timestamp based):
INFO [06-01|11:52:26.520]  - Shanghai:                    @0         
INFO [06-01|11:52:26.520]  - Cancun:                      @0          blob: (target: 3, max: 6, fraction: 3338477)
INFO [06-01|11:52:26.520]  - Prague:                      @0          blob: (target: 6, max: 9, fraction: 5007716)
INFO [06-01|11:52:26.520]  - Osaka:                       @0          blob: (target: 6, max: 9, fraction: 5007716)
INFO [06-01|11:52:26.520]  - UBT:                         @0          blob: (nil)
INFO [06-01|11:52:26.520] 
INFO [06-01|11:52:26.520] All fork specifications can be found at https://ethereum.github.io/execution-specs/src/ethereum/forks/
INFO [06-01|11:52:26.520] 
INFO [06-01|11:52:26.520] ---------------------------------------------------------------------------------------------------------------------------------------------------------
INFO [06-01|11:52:26.520] 
INFO [06-01|11:52:26.521] Loaded most recent local block           number=4692 hash=e4336c..41c7c1 age=3s
INFO [06-01|11:52:26.521] Loaded most recent local finalized block number=4672 hash=0f9ff7..d7000e age=31s
INFO [06-01|11:52:26.522] Initialized transaction indexer          range="last 2350000 blocks"
INFO [06-01|11:52:26.522] Initialized log indexer                  firstblock=0 lastblock=4692 firstmap=0 lastmap=0 headindexed=true
INFO [06-01|11:52:26.538] Enabled full-sync                        head=4692 hash=e4336c..41c7c1
INFO [06-01|11:52:26.538] Unprotected transactions allowed
INFO [06-01|11:52:26.538] Gasprice oracle is ignoring threshold set threshold=2
INFO [06-01|11:52:26.538] Registered sync override service
WARN [06-01|11:52:26.538] You are running Geth in --dev mode. Please note the following:
WARN [06-01|11:52:26.538] 
WARN [06-01|11:52:26.538]   1. This mode is only intended for fast, iterative development without assumptions on
WARN [06-01|11:52:26.538]      security or persistence.
WARN [06-01|11:52:26.538]   2. The database is created in memory unless specified otherwise. Therefore, shutting down
WARN [06-01|11:52:26.538]      your computer or losing power will wipe your entire block data and chain state for
WARN [06-01|11:52:26.538]      your dev environment.
WARN [06-01|11:52:26.538]   3. A random, pre-allocated developer account will be available and unlocked as
WARN [06-01|11:52:26.538]      eth.coinbase, which can be used for testing. The random dev account is temporary,
WARN [06-01|11:52:26.538]      stored on a ramdisk, and will be lost if your machine is restarted.
WARN [06-01|11:52:26.538]   4. Mining is enabled by default. However, the client will only seal blocks if transactions
WARN [06-01|11:52:26.538]      are pending in the mempool. The miner's minimum accepted gas price is 1.
WARN [06-01|11:52:26.538]   5. Networking is disabled; there is no listen-address, the maximum number of peers is set
WARN [06-01|11:52:26.538]      to 0, and discovery is disabled.
WARN [06-01|11:52:26.538] 
INFO [06-01|11:52:26.538] Starting peer-to-peer node               instance=Geth/v1.17.3-unstable/linux-amd64/go1.24.9
WARN [06-01|11:52:26.538] P2P server will be useless, neither dialing nor listening
INFO [06-01|11:52:26.554] IPC endpoint opened                      url=/mnt/state_expiry_vol_data/ubt-vs-pbt-dbs/pbt/geth.ipc
ERROR[06-01|11:52:26.554] Unavailable modules in HTTP API list     unavailable=[personal] available="[admin debug web3 eth txpool miner net dev testing]"
INFO [06-01|11:52:26.554] New local node record                    seq=1,780,292,694,889 id=972c5cc0b2a1895c ip=127.0.0.1 udp=0 tcp=0
INFO [06-01|11:52:26.554] Started P2P networking                   self=enode://16ec6c0bde109d66472afe00ec8fee3d30718d830d1acf0829842abca89b82afff8a454636cde3b26d700f98647938c6f23e7bee3027caca0d7f19e4b3725e13@127.0.0.1:0
INFO [06-01|11:52:26.554] HTTP server started                      endpoint=127.0.0.1:8545 auth=false prefix= cors= vhosts=localhost
INFO [06-01|11:52:26.554] WebSocket enabled                        url=ws://127.0.0.1:8546
INFO [06-01|11:52:26.904] Loaded local transaction journal         transactions=3333 dropped=0
INFO [06-01|11:52:27.494] Started log indexer
INFO [06-01|11:52:27.530] Starting work on payload                 id=0x03caf7c7fe2368e0
INFO [06-01|11:52:27.533] Updated payload                          id=0x03caf7c7fe2368e0 number=4693 hash=714b72..6cb24f txs=0 withdrawals=0 gas=0 fees=0 root=9f6f55..d0b97c elapsed=3.226ms
INFO [06-01|11:52:27.534] Stopping work on payload                 id=0x03caf7c7fe2368e0 reason=delivery
WARN [06-01|11:52:27.537] {"level":"warn","msg":"Slow block","block":{"number":4693,"hash":"0x714b72ec346e78a5252af98299df1bbc5cafa54d2d60945f2269935c6a6cb24f","gas_used":0,"tx_count":0},"timing":{"execution_ms":0.04162,"state_read_ms":3.035084,"state_hash_ms":0.001792,"commit_ms":0.199765,"total_ms":3.482449},"throughput":{"mgas_per_sec":0},"state_reads":{"accounts":4,"storage_slots":0,"code":0,"code_bytes":0},"state_writes":{"accounts":0,"accounts_deleted":0,"storage_slots":0,"storage_slots_deleted":0,"code":0,"code_bytes":0},"cache":{"account":{"hits":0,"misses":4,"hit_rate":0},"storage":{"hits":0,"misses":0,"hit_rate":0},"code":{"hits":0,"misses":0,"hit_rate":0,"hit_bytes":0,"miss_bytes":0}}}
INFO [06-01|11:52:27.537] Imported new potential chain segment     number=4693 hash=714b72..6cb24f blocks=1 txs=0 mgas=0.000 elapsed=3.753ms mgasps=0.000 triediffs=29.33MiB triedirty=0.00B
INFO [06-01|11:52:27.538] Chain head was updated                   number=4693 hash=714b72..6cb24f root=9f6f55..d0b97c elapsed="69.449µs"
INFO [06-01|11:52:28.542] Starting work on payload                 id=0x03f9e49a6543d9f7
INFO [06-01|11:52:28.546] Updated payload                          id=0x03f9e49a6543d9f7 number=4694 hash=822eae..5458b3 txs=0 withdrawals=0 gas=0 fees=0 root=9f6f55..d0b97c elapsed=3.644ms
INFO [06-01|11:52:28.546] Stopping work on payload                 id=0x03f9e49a6543d9f7 reason=delivery
WARN [06-01|11:52:28.555] {"level":"warn","msg":"Slow block","block":{"number":4694,"hash":"0x822eae2def443bf0ecfac7c554e5ebdd6ca23f8a6fbe7b463b753c17ad5458b3","gas_used":0,"tx_count":0},"timing":{"execution_ms":0.050824,"state_read_ms":5.826878,"state_hash_ms":0.003061,"commit_ms":1.149654,"total_ms":8.609893},"throughput":{"mgas_per_sec":0},"state_reads":{"accounts":4,"storage_slots":0,"code":0,"code_bytes":0},"state_writes":{"accounts":0,"accounts_deleted":0,"storage_slots":0,"storage_slots_deleted":0,"code":0,"code_bytes":0},"cache":{"account":{"hits":0,"misses":4,"hit_rate":0},"storage":{"hits":0,"misses":0,"hit_rate":0},"code":{"hits":0,"misses":0,"hit_rate":0,"hit_bytes":0,"miss_bytes":0}}}
INFO [06-01|11:52:28.555] Imported new potential chain segment     number=4694 hash=822eae..5458b3 blocks=1 txs=0 mgas=0.000 elapsed=8.868ms    mgasps=0.000 triediffs=29.33MiB triedirty=0.00B
INFO [06-01|11:52:28.555] Chain head was updated                   number=4694 hash=822eae..5458b3 root=9f6f55..d0b97c elapsed="67.656µs"
INFO [06-01|11:52:29.560] Starting work on payload                 id=0x03c9b54dee897dd3
INFO [06-01|11:52:29.568] Updated payload                          id=0x03c9b54dee897dd3 number=4695 hash=72d173..8ba360 txs=0 withdrawals=0 gas=0 fees=0 root=9f6f55..d0b97c elapsed=8.380ms
INFO [06-01|11:52:29.568] Stopping work on payload                 id=0x03c9b54dee897dd3 reason=delivery
WARN [06-01|11:52:29.585] {"level":"warn","msg":"Slow block","block":{"number":4695,"hash":"0x72d173e5e88782c2cf70befadf9a9e43f847842c7654663c5a6d56dd128ba360","gas_used":0,"tx_count":0},"timing":{"execution_ms":0.034223,"state_read_ms":15.957858,"state_hash_ms":0.002811,"commit_ms":0.139553,"total_ms":16.312777},"throughput":{"mgas_per_sec":0},"state_reads":{"accounts":4,"storage_slots":0,"code":0,"code_bytes":0},"state_writes":{"accounts":0,"accounts_deleted":0,"storage_slots":0,"storage_slots_deleted":0,"code":0,"code_bytes":0},"cache":{"account":{"hits":0,"misses":4,"hit_rate":0},"storage":{"hits":0,"misses":0,"hit_rate":0},"code":{"hits":0,"misses":0,"hit_rate":0,"hit_bytes":0,"miss_bytes":0}}}
INFO [06-01|11:52:29.585] Imported new potential chain segment     number=4695 hash=72d173..8ba360 blocks=1 txs=0 mgas=0.000 elapsed=16.489ms   mgasps=0.000 triediffs=29.33MiB triedirty=0.00B
INFO [06-01|11:52:29.585] Chain head was updated                   number=4695 hash=72d173..8ba360 root=9f6f55..d0b97c elapsed="48.247µs"
INFO [06-01|11:52:29.957] Submitted contract creation              hash=0x9e24e05874ecb3737f71417baedc4f6a5913cad9513f2fed48dff99a519dd2fd from=0xf39Fd6e51aad88F6F4ce6aB8827279cffFb92266 nonce=1411 contract=0x171B627111dd81C46F6ae3F1455232bF1cbC311F value=0
INFO [06-01|11:52:29.957] Submitted transaction                    hash=0xc7330fdc66d929642ba9d5cb6c9d8bac1871d54375c9a02e9b7f62ca3617ac22 from=0xf39Fd6e51aad88F6F4ce6aB8827279cffFb92266 nonce=1412 recipient=0x8d0D95d0aDD6c122b3A80F9051bcFFb64AEC6435 value=78,000,000
INFO [06-01|11:52:30.590] Starting work on payload                 id=0x0385c768b46349bd
INFO [06-01|11:52:30.637] Updated payload                          id=0x0385c768b46349bd number=4696 hash=103d8f..40973b txs=2 withdrawals=0 gas=91710 fees=5.5026e-13 root=862755..6032d5 elapsed=47.241ms
INFO [06-01|11:52:30.637] Stopping work on payload                 id=0x0385c768b46349bd reason=delivery
INFO [06-01|11:52:30.660] Paused snapshot generation
WARN [06-01|11:52:30.660] {"level":"warn","msg":"Slow block","block":{"number":4696,"hash":"0x103d8f3591ae310ff4c62bd2a3477211fe968e770ee760c3342f2f57fa40973b","gas_used":91710,"tx_count":2},"timing":{"execution_ms":0.132212,"state_read_ms":3.256347,"state_hash_ms":13.344901,"commit_ms":5.947343,"total_ms":22.823153},"throughput":{"mgas_per_sec":4.0182879201659825},"state_reads":{"accounts":11,"storage_slots":0,"code":0,"code_bytes":0},"state_writes":{"accounts":3,"accounts_deleted":0,"storage_slots":0,"storage_slots_deleted":0,"code":1,"code_bytes":305},"cache":{"account":{"hits":6,"misses":5,"hit_rate":54.54545454545454},"storage":{"hits":0,"misses":0,"hit_rate":0},"code":{"hits":0,"misses":0,"hit_rate":0,"hit_bytes":0,"miss_bytes":0}}}
INFO [06-01|11:52:30.660] Imported new potential chain segment     number=4696 hash=103d8f..40973b blocks=1 txs=2 mgas=0.092 elapsed=23.052ms   mgasps=3.978 triediffs=27.90MiB triedirty=0.00B
INFO [06-01|11:52:30.661] Chain head was updated                   number=4696 hash=103d8f..40973b root=862755..6032d5 elapsed="169.225µs"
WARN [06-01|11:52:30.705] Snapshot generation is not permitted
INFO [06-01|11:52:30.969] Submitted transaction                    hash=0x86ae6b91c38516b1680a95de389e0da17d167914d8036119b31054481d409231 from=0x8d0D95d0aDD6c122b3A80F9051bcFFb64AEC6435 nonce=0    recipient=0x171B627111dd81C46F6ae3F1455232bF1cbC311F value=0
INFO [06-01|11:52:31.676] Starting work on payload                 id=0x0385bfe589aff6c7
INFO [06-01|11:52:31.766] Updated payload                          id=0x0385bfe589aff6c7 number=4697 hash=b32846..444067 txs=1 withdrawals=0 gas=5,908,267 fees=3.5449602e-11 root=2533d3..6c4afc elapsed=89.568ms
INFO [06-01|11:52:31.766] Stopping work on payload                 id=0x0385bfe589aff6c7 reason=delivery
INFO [06-01|11:52:31.862] Paused snapshot generation
WARN [06-01|11:52:31.862] {"level":"warn","msg":"Slow block","block":{"number":4697,"hash":"0xb32846ac760aa1833fd0b2eecdb9cf9ad9ffed8bdbca8a293f863dc891444067","gas_used":5908267,"tx_count":1},"timing":{"execution_ms":68.950403,"state_read_ms":11.468049,"state_hash_ms":13.877387,"commit_ms":1.389357,"total_ms":96.13249},"throughput":{"mgas_per_sec":61.45962722904608},"state_reads":{"accounts":17,"storage_slots":723,"code":11,"code_bytes":585},"state_writes":{"accounts":3,"accounts_deleted":0,"storage_slots":85,"storage_slots_deleted":0,"code":0,"code_bytes":0},"cache":{"account":{"hits":5,"misses":12,"hit_rate":29.411764705882355},"storage":{"hits":497,"misses":226,"hit_rate":68.74135546334716},"code":{"hits":11,"misses":0,"hit_rate":100,"hit_bytes":585,"miss_bytes":0}}}
INFO [06-01|11:52:31.862] Imported new potential chain segment     number=4697 hash=b32846..444067 blocks=1 txs=1 mgas=5.908 elapsed=96.303ms    mgasps=61.350 triediffs=27.92MiB triedirty=0.00B
INFO [06-01|11:52:31.862] Chain head was updated                   number=4697 hash=b32846..444067 root=2533d3..6c4afc elapsed="80.933µs"
WARN [06-01|11:52:31.889] Snapshot generation is not permitted
INFO [06-01|11:52:31.982] Submitted transaction                    hash=0x2f702cd5d3f76258ada035d34a3822b02529dd5a8e571443d53d0b9d0d6c17de from=0x8d0D95d0aDD6c122b3A80F9051bcFFb64AEC6435 nonce=1    recipient=0xf39Fd6e51aad88F6F4ce6aB8827279cffFb92266 value=940,529
INFO [06-01|11:52:32.867] Starting work on payload                 id=0x03ec59255dcc6b4b
INFO [06-01|11:52:32.876] Updated payload                          id=0x03ec59255dcc6b4b number=4698 hash=784a15..b98e20 txs=1 withdrawals=0 gas=21000     fees=2.1e-14       root=7c59ce..785b8c elapsed=8.298ms
INFO [06-01|11:52:32.876] Stopping work on payload                 id=0x03ec59255dcc6b4b reason=delivery
INFO [06-01|11:52:32.920] Paused snapshot generation
WARN [06-01|11:52:32.921] {"level":"warn","msg":"Slow block","block":{"number":4698,"hash":"0x784a157bbff0a5bec210543fc1c5fa85bcdb8f1c94b4e2178bb69d8ddfb98e20","gas_used":21000,"tx_count":1},"timing":{"execution_ms":0.070091,"state_read_ms":1.481472,"state_hash_ms":15.520246,"commit_ms":0.716355,"total_ms":44.824645},"throughput":{"mgas_per_sec":0.4684922769605872},"state_reads":{"accounts":6,"storage_slots":0,"code":0,"code_bytes":0},"state_writes":{"accounts":2,"accounts_deleted":0,"storage_slots":0,"storage_slots_deleted":0,"code":0,"code_bytes":0},"cache":{"account":{"hits":2,"misses":4,"hit_rate":33.33333333333333},"storage":{"hits":0,"misses":0,"hit_rate":0},"code":{"hits":0,"misses":0,"hit_rate":0,"hit_bytes":0,"miss_bytes":0}}}
INFO [06-01|11:52:32.921] Imported new potential chain segment     number=4698 hash=784a15..b98e20 blocks=1 txs=1 mgas=0.021 elapsed=44.985ms    mgasps=0.467  triediffs=27.91MiB triedirty=0.00B
INFO [06-01|11:52:32.921] Chain head was updated                   number=4698 hash=784a15..b98e20 root=7c59ce..785b8c elapsed="69.278µs"
WARN [06-01|11:52:32.941] Snapshot generation is not permitted
