WARN [06-01|11:45:08.194] Unknown config environment variable      envvar=GETH_PBT_BIN
WARN [06-01|11:45:08.194] Unknown config environment variable      envvar=GETH_UBT_BIN
INFO [06-01|11:45:08.204] Starting Geth on Ethereum mainnet...
INFO [06-01|11:45:08.205] Maximum peer count                       ETH=0 total=0
INFO [06-01|11:45:08.207] Smartcard socket not found, disabling    err="stat /run/pcscd/pcscd.comm: no such file or directory"
WARN [06-01|11:45:08.213] Option --miner.etherbase is deprecated as the etherbase is set by the consensus client post-merge
WARN [06-01|11:45:08.216] Snap sync requested, resetting --cache.snapshot
INFO [06-01|11:45:08.216] Set global gas cap                       cap=50,000,000
INFO [06-01|11:45:09.022] Using developer account                  address=0xf39Fd6e51aad88F6F4ce6aB8827279cffFb92266
INFO [06-01|11:45:09.063] Using pebble as the backing database
INFO [06-01|11:45:09.063] Allocated cache and file handles         database=/mnt/state_expiry_vol_data/ubt-vs-pbt-dbs/pbt/geth/chaindata cache=16.00MiB handles=262,144
INFO [06-01|11:45:09.278] Opened ancient database                  database=/mnt/state_expiry_vol_data/ubt-vs-pbt-dbs/pbt/geth/chaindata/ancient/chain readonly=true
INFO [06-01|11:45:09.278] Opened Era store                         datadir=/mnt/state_expiry_vol_data/ubt-vs-pbt-dbs/pbt/geth/chaindata/ancient/chain/era
INFO [06-01|11:45:09.286] Initializing the KZG library             backend=gokzg
INFO [06-01|11:45:09.287] Allocated trie memory caches             clean=0.00B dirty=0.00B
INFO [06-01|11:45:09.296] Using pebble as the backing database
INFO [06-01|11:45:09.296] Allocated cache and file handles         database=/mnt/state_expiry_vol_data/ubt-vs-pbt-dbs/pbt/geth/chaindata cache=16.00MiB handles=262,144
INFO [06-01|11:45:09.482] Opened ancient database                  database=/mnt/state_expiry_vol_data/ubt-vs-pbt-dbs/pbt/geth/chaindata/ancient/chain readonly=false
INFO [06-01|11:45:09.482] Opened Era store                         datadir=/mnt/state_expiry_vol_data/ubt-vs-pbt-dbs/pbt/geth/chaindata/ancient/chain/era
INFO [06-01|11:45:09.487] State scheme set to already existing     scheme=path
INFO [06-01|11:45:09.488] Initialising Ethereum protocol           network=1337 dbversion=9
INFO [06-01|11:45:09.488] Load database journal from file          path=/mnt/state_expiry_vol_data/ubt-vs-pbt-dbs/pbt/geth/triedb/verkle.journal
INFO [06-01|11:45:09.755] Opened ancient database                  database=/mnt/state_expiry_vol_data/ubt-vs-pbt-dbs/pbt/geth/chaindata/ancient/state_verkle readonly=false
INFO [06-01|11:45:09.757] State snapshot generator is not compatible
INFO [06-01|11:45:09.757] Initialized path database                triecache=0.00B statecache=0.00B buffer=0.00B state-history="last 90000 blocks" journal-dir=/mnt/state_expiry_vol_data/ubt-vs-pbt-dbs/pbt/geth/triedb verkle=true
INFO [06-01|11:45:09.758] 
INFO [06-01|11:45:09.758] ---------------------------------------------------------------------------------------------------------------------------------------------------------
INFO [06-01|11:45:09.758] Chain ID:  1337 (unknown)
INFO [06-01|11:45:09.758] Consensus: unknown
INFO [06-01|11:45:09.758] 
INFO [06-01|11:45:09.758] Pre-Merge hard forks (block based):
INFO [06-01|11:45:09.758]  - Homestead:                   #0       
INFO [06-01|11:45:09.758]  - Tangerine Whistle (EIP 150): #0       
INFO [06-01|11:45:09.758]  - Spurious Dragon/1 (EIP 155): #0       
INFO [06-01|11:45:09.758]  - Spurious Dragon/2 (EIP 158): #0       
INFO [06-01|11:45:09.758]  - Byzantium:                   #0       
INFO [06-01|11:45:09.758]  - Constantinople:              #0       
INFO [06-01|11:45:09.758]  - Petersburg:                  #0       
INFO [06-01|11:45:09.758]  - Istanbul:                    #0       
INFO [06-01|11:45:09.758]  - Berlin:                      #0       
INFO [06-01|11:45:09.758]  - London:                      #0       
INFO [06-01|11:45:09.758]  - Arrow Glacier:               #0       
INFO [06-01|11:45:09.758]  - Gray Glacier:                #0       
INFO [06-01|11:45:09.758] 
INFO [06-01|11:45:09.758] Merge configured:
INFO [06-01|11:45:09.758]  - Total terminal difficulty:  0
INFO [06-01|11:45:09.758]  - Merge netsplit block:       #0       
INFO [06-01|11:45:09.758] 
INFO [06-01|11:45:09.758] Post-Merge hard forks (timestamp based):
INFO [06-01|11:45:09.758]  - Shanghai:                    @0         
INFO [06-01|11:45:09.758]  - Cancun:                      @0          blob: (target: 3, max: 6, fraction: 3338477)
INFO [06-01|11:45:09.758]  - Prague:                      @0          blob: (target: 6, max: 9, fraction: 5007716)
INFO [06-01|11:45:09.758]  - Osaka:                       @0          blob: (target: 6, max: 9, fraction: 5007716)
INFO [06-01|11:45:09.758]  - UBT:                         @0          blob: (nil)
INFO [06-01|11:45:09.758] 
INFO [06-01|11:45:09.758] All fork specifications can be found at https://ethereum.github.io/execution-specs/src/ethereum/forks/
INFO [06-01|11:45:09.758] 
INFO [06-01|11:45:09.758] ---------------------------------------------------------------------------------------------------------------------------------------------------------
INFO [06-01|11:45:09.758] 
INFO [06-01|11:45:09.759] Loaded most recent local block           number=4405 hash=2b0d94..88f8a0 age=3s
INFO [06-01|11:45:09.760] Loaded most recent local finalized block number=4384 hash=7c3653..6e3d3d age=35s
INFO [06-01|11:45:09.760] Initialized transaction indexer          range="last 2350000 blocks"
INFO [06-01|11:45:09.760] Initialized log indexer                  firstblock=0 lastblock=4405 firstmap=0 lastmap=0 headindexed=true
INFO [06-01|11:45:09.776] Enabled full-sync                        head=4405 hash=2b0d94..88f8a0
INFO [06-01|11:45:09.776] Unprotected transactions allowed
INFO [06-01|11:45:09.777] Gasprice oracle is ignoring threshold set threshold=2
INFO [06-01|11:45:09.777] Registered sync override service
WARN [06-01|11:45:09.777] You are running Geth in --dev mode. Please note the following:
WARN [06-01|11:45:09.777] 
WARN [06-01|11:45:09.777]   1. This mode is only intended for fast, iterative development without assumptions on
WARN [06-01|11:45:09.777]      security or persistence.
WARN [06-01|11:45:09.777]   2. The database is created in memory unless specified otherwise. Therefore, shutting down
WARN [06-01|11:45:09.777]      your computer or losing power will wipe your entire block data and chain state for
WARN [06-01|11:45:09.777]      your dev environment.
WARN [06-01|11:45:09.777]   3. A random, pre-allocated developer account will be available and unlocked as
WARN [06-01|11:45:09.777]      eth.coinbase, which can be used for testing. The random dev account is temporary,
WARN [06-01|11:45:09.777]      stored on a ramdisk, and will be lost if your machine is restarted.
WARN [06-01|11:45:09.777]   4. Mining is enabled by default. However, the client will only seal blocks if transactions
WARN [06-01|11:45:09.777]      are pending in the mempool. The miner's minimum accepted gas price is 1.
WARN [06-01|11:45:09.777]   5. Networking is disabled; there is no listen-address, the maximum number of peers is set
WARN [06-01|11:45:09.777]      to 0, and discovery is disabled.
WARN [06-01|11:45:09.777] 
INFO [06-01|11:45:09.777] Starting peer-to-peer node               instance=Geth/v1.17.3-unstable/linux-amd64/go1.24.9
WARN [06-01|11:45:09.777] P2P server will be useless, neither dialing nor listening
INFO [06-01|11:45:09.795] IPC endpoint opened                      url=/mnt/state_expiry_vol_data/ubt-vs-pbt-dbs/pbt/geth.ipc
ERROR[06-01|11:45:09.795] Unavailable modules in HTTP API list     unavailable=[personal] available="[admin debug web3 eth txpool miner net dev testing]"
INFO [06-01|11:45:09.795] New local node record                    seq=1,780,292,694,848 id=972c5cc0b2a1895c ip=127.0.0.1 udp=0 tcp=0
INFO [06-01|11:45:09.795] Started P2P networking                   self=enode://16ec6c0bde109d66472afe00ec8fee3d30718d830d1acf0829842abca89b82afff8a454636cde3b26d700f98647938c6f23e7bee3027caca0d7f19e4b3725e13@127.0.0.1:0
INFO [06-01|11:45:09.796] HTTP server started                      endpoint=127.0.0.1:8545 auth=false prefix= cors= vhosts=localhost
INFO [06-01|11:45:09.796] WebSocket enabled                        url=ws://127.0.0.1:8546
INFO [06-01|11:45:10.132] Loaded local transaction journal         transactions=3169 dropped=0
INFO [06-01|11:45:10.747] Started log indexer
INFO [06-01|11:45:10.789] Starting work on payload                 id=0x03126efc2f2537fd
INFO [06-01|11:45:10.793] Updated payload                          id=0x03126efc2f2537fd number=4406 hash=428760..7d56a4 txs=0 withdrawals=0 gas=0 fees=0 root=a4d29f..520d7a elapsed=3.891ms
INFO [06-01|11:45:10.794] Stopping work on payload                 id=0x03126efc2f2537fd reason=delivery
WARN [06-01|11:45:10.811] {"level":"warn","msg":"Slow block","block":{"number":4406,"hash":"0x4287606f63563b6e73a877ac8153b9961bb9328148b1cec010c0c6204d7d56a4","gas_used":0,"tx_count":0},"timing":{"execution_ms":0.044766,"state_read_ms":11.199691,"state_hash_ms":0.002615,"commit_ms":0.259218,"total_ms":11.749175},"throughput":{"mgas_per_sec":0},"state_reads":{"accounts":4,"storage_slots":0,"code":0,"code_bytes":0},"state_writes":{"accounts":0,"accounts_deleted":0,"storage_slots":0,"storage_slots_deleted":0,"code":0,"code_bytes":0},"cache":{"account":{"hits":0,"misses":4,"hit_rate":0},"storage":{"hits":0,"misses":0,"hit_rate":0},"code":{"hits":0,"misses":0,"hit_rate":0,"hit_bytes":0,"miss_bytes":0}}}
INFO [06-01|11:45:10.811] Imported new potential chain segment     number=4406 hash=428760..7d56a4 blocks=1 txs=0 mgas=0.000 elapsed=17.246ms mgasps=0.000 triediffs=21.88MiB triedirty=0.00B
INFO [06-01|11:45:10.812] Chain head was updated                   number=4406 hash=428760..7d56a4 root=a4d29f..520d7a elapsed="104.753µs"
INFO [06-01|11:45:11.816] Starting work on payload                 id=0x031356702a8fd4d2
INFO [06-01|11:45:11.820] Updated payload                          id=0x031356702a8fd4d2 number=4407 hash=60131d..b45ca6 txs=0 withdrawals=0 gas=0 fees=0 root=a4d29f..520d7a elapsed=3.252ms
INFO [06-01|11:45:11.820] Stopping work on payload                 id=0x031356702a8fd4d2 reason=delivery
WARN [06-01|11:45:11.827] {"level":"warn","msg":"Slow block","block":{"number":4407,"hash":"0x60131ddbd5c73d5a80472ec177087742c6a2294e201030ab585a82b259b45ca6","gas_used":0,"tx_count":0},"timing":{"execution_ms":0.078431,"state_read_ms":6.183636,"state_hash_ms":0.001992,"commit_ms":0.12897,"total_ms":6.522957},"throughput":{"mgas_per_sec":0},"state_reads":{"accounts":4,"storage_slots":0,"code":0,"code_bytes":0},"state_writes":{"accounts":0,"accounts_deleted":0,"storage_slots":0,"storage_slots_deleted":0,"code":0,"code_bytes":0},"cache":{"account":{"hits":0,"misses":4,"hit_rate":0},"storage":{"hits":0,"misses":0,"hit_rate":0},"code":{"hits":0,"misses":0,"hit_rate":0,"hit_bytes":0,"miss_bytes":0}}}
INFO [06-01|11:45:11.827] Imported new potential chain segment     number=4407 hash=60131d..b45ca6 blocks=1 txs=0 mgas=0.000 elapsed=6.759ms     mgasps=0.000 triediffs=21.88MiB triedirty=0.00B
INFO [06-01|11:45:11.827] Chain head was updated                   number=4407 hash=60131d..b45ca6 root=a4d29f..520d7a elapsed="51.418µs"
INFO [06-01|11:45:12.833] Starting work on payload                 id=0x032be1d24f651495
INFO [06-01|11:45:12.843] Updated payload                          id=0x032be1d24f651495 number=4408 hash=33fe96..18136a txs=0 withdrawals=0 gas=0 fees=0 root=a4d29f..520d7a elapsed=9.806ms
INFO [06-01|11:45:12.843] Stopping work on payload                 id=0x032be1d24f651495 reason=delivery
WARN [06-01|11:45:12.855] {"level":"warn","msg":"Slow block","block":{"number":4408,"hash":"0x33fe9659b63d2e5d5a05dd8902ab80f7927eff5dbcdb225608f480565a18136a","gas_used":0,"tx_count":0},"timing":{"execution_ms":0.026541,"state_read_ms":11.726163,"state_hash_ms":0.001906,"commit_ms":0.126082,"total_ms":12.043397},"throughput":{"mgas_per_sec":0},"state_reads":{"accounts":4,"storage_slots":0,"code":0,"code_bytes":0},"state_writes":{"accounts":0,"accounts_deleted":0,"storage_slots":0,"storage_slots_deleted":0,"code":0,"code_bytes":0},"cache":{"account":{"hits":0,"misses":4,"hit_rate":0},"storage":{"hits":0,"misses":0,"hit_rate":0},"code":{"hits":0,"misses":0,"hit_rate":0,"hit_bytes":0,"miss_bytes":0}}}
INFO [06-01|11:45:12.855] Imported new potential chain segment     number=4408 hash=33fe96..18136a blocks=1 txs=0 mgas=0.000 elapsed=12.211ms    mgasps=0.000 triediffs=21.88MiB triedirty=0.00B
INFO [06-01|11:45:12.855] Chain head was updated                   number=4408 hash=33fe96..18136a root=a4d29f..520d7a elapsed="41.56µs"
INFO [06-01|11:45:13.114] Submitted contract creation              hash=0xb9429bca910f4ea4042af31327e3c5df21d357788176d4ac8cfa61e82d96c371 from=0xf39Fd6e51aad88F6F4ce6aB8827279cffFb92266 nonce=1329 contract=0xC35EBbbFeB1c7C17295Ba6EB08F59cC1e54d2c7d value=0
INFO [06-01|11:45:13.115] Submitted transaction                    hash=0xfe882cd2240d7991ab20ecefb5f96c654e0c59c0683448f645c8aeef1813efb0 from=0xf39Fd6e51aad88F6F4ce6aB8827279cffFb92266 nonce=1330 recipient=0x12886Ba02e503e4402ED62d85B6A68143D3BC902 value=78,000,000
INFO [06-01|11:45:13.860] Starting work on payload                 id=0x03191d2063e78420
INFO [06-01|11:45:13.893] Updated payload                          id=0x03191d2063e78420 number=4409 hash=6a1b11..e3d6b1 txs=2 withdrawals=0 gas=86926 fees=5.21556e-13 root=9fc9fb..1a80f1 elapsed=33.095ms
INFO [06-01|11:45:13.894] Stopping work on payload                 id=0x03191d2063e78420 reason=delivery
INFO [06-01|11:45:13.930] Paused snapshot generation
WARN [06-01|11:45:13.930] {"level":"warn","msg":"Slow block","block":{"number":4409,"hash":"0x6a1b116e25316bf270bcc099eeabe714b64506972ef1d8afe5b0988748e3d6b1","gas_used":86926,"tx_count":2},"timing":{"execution_ms":0.168429,"state_read_ms":16.670098,"state_hash_ms":14.339509,"commit_ms":4.852814,"total_ms":36.235125},"throughput":{"mgas_per_sec":2.3989430145473487},"state_reads":{"accounts":11,"storage_slots":0,"code":0,"code_bytes":0},"state_writes":{"accounts":3,"accounts_deleted":0,"storage_slots":0,"storage_slots_deleted":0,"code":1,"code_bytes":165},"cache":{"account":{"hits":5,"misses":6,"hit_rate":45.45454545454545},"storage":{"hits":0,"misses":0,"hit_rate":0},"code":{"hits":0,"misses":0,"hit_rate":0,"hit_bytes":0,"miss_bytes":0}}}
INFO [06-01|11:45:13.930] Imported new potential chain segment     number=4409 hash=6a1b11..e3d6b1 blocks=1 txs=2 mgas=0.087 elapsed=36.432ms    mgasps=2.386 triediffs=21.76MiB triedirty=0.00B
INFO [06-01|11:45:13.930] Chain head was updated                   number=4409 hash=6a1b11..e3d6b1 root=9fc9fb..1a80f1 elapsed="155.858µs"
WARN [06-01|11:45:13.952] Snapshot generation is not permitted
INFO [06-01|11:45:14.127] Submitted transaction                    hash=0xb3537cf5378344e45523a0db097b596ec1a70eba84e3a925f5569da9aae5453d from=0x12886Ba02e503e4402ED62d85B6A68143D3BC902 nonce=0    recipient=0xC35EBbbFeB1c7C17295Ba6EB08F59cC1e54d2c7d value=0
INFO [06-01|11:45:14.937] Starting work on payload                 id=0x03b5233db4b7ca2f
INFO [06-01|11:45:15.150] Updated payload                          id=0x03b5233db4b7ca2f number=4410 hash=1b676f..07ec27 txs=1 withdrawals=0 gas=5,903,542 fees=3.5421252e-11 root=ff1695..834985 elapsed=212.849ms
INFO [06-01|11:45:15.150] Stopping work on payload                 id=0x03b5233db4b7ca2f reason=delivery
INFO [06-01|11:45:15.242] Paused snapshot generation
WARN [06-01|11:45:15.247] {"level":"warn","msg":"Slow block","block":{"number":4410,"hash":"0x1b676f5e42e2ef6ca7a4b9cbca84623130b113977d0bafc8e968006bd407ec27","gas_used":5903542,"tx_count":1},"timing":{"execution_ms":3.927166,"state_read_ms":20.343944,"state_hash_ms":54.972378,"commit_ms":17.740481,"total_ms":97.435464},"throughput":{"mgas_per_sec":60.589253210720074},"state_reads":{"accounts":219,"storage_slots":212,"code":213,"code_bytes":6101},"state_writes":{"accounts":213,"accounts_deleted":0,"storage_slots":211,"storage_slots_deleted":0,"code":0,"code_bytes":0},"cache":{"account":{"hits":45,"misses":174,"hit_rate":20.54794520547945},"storage":{"hits":26,"misses":186,"hit_rate":12.264150943396226},"code":{"hits":213,"misses":0,"hit_rate":100,"hit_bytes":6101,"miss_bytes":0}}}
INFO [06-01|11:45:15.248] Imported new potential chain segment     number=4410 hash=1b676f..07ec27 blocks=1 txs=1 mgas=5.904 elapsed=97.677ms    mgasps=60.439 triediffs=23.20MiB triedirty=0.00B
INFO [06-01|11:45:15.248] Chain head was updated                   number=4410 hash=1b676f..07ec27 root=ff1695..834985 elapsed="185.993µs"
WARN [06-01|11:45:15.267] Snapshot generation is not permitted
INFO [06-01|11:45:16.155] Submitted transaction                    hash=0xff822f02d582aa753bbe4cea91d59911d4f8055d7c61f98cf32644142046dca7 from=0x12886Ba02e503e4402ED62d85B6A68143D3BC902 nonce=1    recipient=0xf39Fd6e51aad88F6F4ce6aB8827279cffFb92266 value=1,001,954
INFO [06-01|11:45:16.252] Starting work on payload                 id=0x0380703c5c86b6ce
INFO [06-01|11:45:16.258] Updated payload                          id=0x0380703c5c86b6ce number=4411 hash=62bbb6..78646e txs=1 withdrawals=0 gas=21000     fees=2.1e-14       root=952989..3b7c31 elapsed=6.182ms
INFO [06-01|11:45:16.266] Stopping work on payload                 id=0x0380703c5c86b6ce reason=delivery
INFO [06-01|11:45:16.275] Paused snapshot generation
WARN [06-01|11:45:16.276] {"level":"warn","msg":"Slow block","block":{"number":4411,"hash":"0x62bbb67a57067fb012525e88ff9c69a7fa010340fe9f8fd5d0509d3ed078646e","gas_used":21000,"tx_count":1},"timing":{"execution_ms":0.204693,"state_read_ms":13.649924,"state_hash_ms":2.352681,"commit_ms":0.563135,"total_ms":16.959669},"throughput":{"mgas_per_sec":1.2382317131307221},"state_reads":{"accounts":6,"storage_slots":0,"code":0,"code_bytes":0},"state_writes":{"accounts":2,"accounts_deleted":0,"storage_slots":0,"storage_slots_deleted":0,"code":0,"code_bytes":0},"cache":{"account":{"hits":0,"misses":6,"hit_rate":0},"storage":{"hits":0,"misses":0,"hit_rate":0},"code":{"hits":0,"misses":0,"hit_rate":0,"hit_bytes":0,"miss_bytes":0}}}
INFO [06-01|11:45:16.276] Imported new potential chain segment     number=4411 hash=62bbb6..78646e blocks=1 txs=1 mgas=0.021 elapsed=17.189ms    mgasps=1.222  triediffs=23.20MiB triedirty=0.00B
INFO [06-01|11:45:16.276] Chain head was updated                   number=4411 hash=62bbb6..78646e root=952989..3b7c31 elapsed="55.008µs"
WARN [06-01|11:45:16.299] Snapshot generation is not permitted
INFO [06-01|11:45:17.292] Starting work on payload                 id=0x0327cd16c066b8b1
INFO [06-01|11:45:17.307] Updated payload                          id=0x0327cd16c066b8b1 number=4412 hash=452d2b..80daea txs=0 withdrawals=0 gas=0         fees=0             root=952989..3b7c31 elapsed=15.495ms
INFO [06-01|11:45:17.308] Stopping work on payload                 id=0x0327cd16c066b8b1 reason=delivery
WARN [06-01|11:45:17.322] {"level":"warn","msg":"Slow block","block":{"number":4412,"hash":"0x452d2b7312e788f6ca2d0d7664b1cfab75d2f79d21ddc45607bcd19e6180daea","gas_used":0,"tx_count":0},"timing":{"execution_ms":0.047244,"state_read_ms":14.230423,"state_hash_ms":0.002193,"commit_ms":0.126062,"total_ms":14.652066},"throughput":{"mgas_per_sec":0},"state_reads":{"accounts":4,"storage_slots":0,"code":0,"code_bytes":0},"state_writes":{"accounts":0,"accounts_deleted":0,"storage_slots":0,"storage_slots_deleted":0,"code":0,"code_bytes":0},"cache":{"account":{"hits":0,"misses":4,"hit_rate":0},"storage":{"hits":0,"misses":0,"hit_rate":0},"code":{"hits":0,"misses":0,"hit_rate":0,"hit_bytes":0,"miss_bytes":0}}}
INFO [06-01|11:45:17.322] Imported new potential chain segment     number=4412 hash=452d2b..80daea blocks=1 txs=0 mgas=0.000 elapsed=14.803ms    mgasps=0.000  triediffs=23.20MiB triedirty=0.00B
INFO [06-01|11:45:17.323] Chain head was updated                   number=4412 hash=452d2b..80daea root=952989..3b7c31 elapsed="43.211µs"
