WARN [06-01|11:58:10.121] Unknown config environment variable      envvar=GETH_PBT_BIN
WARN [06-01|11:58:10.121] Unknown config environment variable      envvar=GETH_UBT_BIN
INFO [06-01|11:58:10.131] Starting Geth on Ethereum mainnet...
INFO [06-01|11:58:10.133] Maximum peer count                       ETH=0 total=0
INFO [06-01|11:58:10.134] Smartcard socket not found, disabling    err="stat /run/pcscd/pcscd.comm: no such file or directory"
WARN [06-01|11:58:10.139] Option --miner.etherbase is deprecated as the etherbase is set by the consensus client post-merge
WARN [06-01|11:58:10.141] Snap sync requested, resetting --cache.snapshot
INFO [06-01|11:58:10.141] Set global gas cap                       cap=50,000,000
INFO [06-01|11:58:10.973] Using developer account                  address=0xf39Fd6e51aad88F6F4ce6aB8827279cffFb92266
INFO [06-01|11:58:11.014] Using pebble as the backing database
INFO [06-01|11:58:11.014] Allocated cache and file handles         database=/mnt/state_expiry_vol_data/ubt-vs-pbt-dbs/pbt/geth/chaindata cache=16.00MiB handles=262,144
INFO [06-01|11:58:11.219] Opened ancient database                  database=/mnt/state_expiry_vol_data/ubt-vs-pbt-dbs/pbt/geth/chaindata/ancient/chain readonly=true
INFO [06-01|11:58:11.219] Opened Era store                         datadir=/mnt/state_expiry_vol_data/ubt-vs-pbt-dbs/pbt/geth/chaindata/ancient/chain/era
INFO [06-01|11:58:11.227] Initializing the KZG library             backend=gokzg
INFO [06-01|11:58:11.229] Allocated trie memory caches             clean=0.00B dirty=0.00B
INFO [06-01|11:58:11.237] Using pebble as the backing database
INFO [06-01|11:58:11.237] Allocated cache and file handles         database=/mnt/state_expiry_vol_data/ubt-vs-pbt-dbs/pbt/geth/chaindata cache=16.00MiB handles=262,144
INFO [06-01|11:58:11.420] Opened ancient database                  database=/mnt/state_expiry_vol_data/ubt-vs-pbt-dbs/pbt/geth/chaindata/ancient/chain readonly=false
INFO [06-01|11:58:11.420] Opened Era store                         datadir=/mnt/state_expiry_vol_data/ubt-vs-pbt-dbs/pbt/geth/chaindata/ancient/chain/era
INFO [06-01|11:58:11.426] State scheme set to already existing     scheme=path
INFO [06-01|11:58:11.426] Initialising Ethereum protocol           network=1337 dbversion=9
INFO [06-01|11:58:11.426] Load database journal from file          path=/mnt/state_expiry_vol_data/ubt-vs-pbt-dbs/pbt/geth/triedb/verkle.journal
INFO [06-01|11:58:11.532] Opened ancient database                  database=/mnt/state_expiry_vol_data/ubt-vs-pbt-dbs/pbt/geth/chaindata/ancient/state_verkle readonly=false
INFO [06-01|11:58:11.534] State snapshot generator is not compatible
INFO [06-01|11:58:11.534] Initialized path database                triecache=0.00B statecache=0.00B buffer=0.00B state-history="last 90000 blocks" journal-dir=/mnt/state_expiry_vol_data/ubt-vs-pbt-dbs/pbt/geth/triedb verkle=true
INFO [06-01|11:58:11.534] 
INFO [06-01|11:58:11.535] ---------------------------------------------------------------------------------------------------------------------------------------------------------
INFO [06-01|11:58:11.535] Chain ID:  1337 (unknown)
INFO [06-01|11:58:11.535] Consensus: unknown
INFO [06-01|11:58:11.535] 
INFO [06-01|11:58:11.535] Pre-Merge hard forks (block based):
INFO [06-01|11:58:11.535]  - Homestead:                   #0       
INFO [06-01|11:58:11.535]  - Tangerine Whistle (EIP 150): #0       
INFO [06-01|11:58:11.535]  - Spurious Dragon/1 (EIP 155): #0       
INFO [06-01|11:58:11.535]  - Spurious Dragon/2 (EIP 158): #0       
INFO [06-01|11:58:11.535]  - Byzantium:                   #0       
INFO [06-01|11:58:11.535]  - Constantinople:              #0       
INFO [06-01|11:58:11.535]  - Petersburg:                  #0       
INFO [06-01|11:58:11.535]  - Istanbul:                    #0       
INFO [06-01|11:58:11.535]  - Berlin:                      #0       
INFO [06-01|11:58:11.535]  - London:                      #0       
INFO [06-01|11:58:11.535]  - Arrow Glacier:               #0       
INFO [06-01|11:58:11.535]  - Gray Glacier:                #0       
INFO [06-01|11:58:11.535] 
INFO [06-01|11:58:11.535] Merge configured:
INFO [06-01|11:58:11.535]  - Total terminal difficulty:  0
INFO [06-01|11:58:11.535]  - Merge netsplit block:       #0       
INFO [06-01|11:58:11.535] 
INFO [06-01|11:58:11.535] Post-Merge hard forks (timestamp based):
INFO [06-01|11:58:11.535]  - Shanghai:                    @0         
INFO [06-01|11:58:11.535]  - Cancun:                      @0          blob: (target: 3, max: 6, fraction: 3338477)
INFO [06-01|11:58:11.535]  - Prague:                      @0          blob: (target: 6, max: 9, fraction: 5007716)
INFO [06-01|11:58:11.535]  - Osaka:                       @0          blob: (target: 6, max: 9, fraction: 5007716)
INFO [06-01|11:58:11.535]  - UBT:                         @0          blob: (nil)
INFO [06-01|11:58:11.535] 
INFO [06-01|11:58:11.535] All fork specifications can be found at https://ethereum.github.io/execution-specs/src/ethereum/forks/
INFO [06-01|11:58:11.535] 
INFO [06-01|11:58:11.535] ---------------------------------------------------------------------------------------------------------------------------------------------------------
INFO [06-01|11:58:11.535] 
INFO [06-01|11:58:11.536] Loaded most recent local block           number=4911 hash=a75897..81a735 age=3s
INFO [06-01|11:58:11.536] Loaded most recent local finalized block number=4896 hash=7157bc..6a035a age=26s
INFO [06-01|11:58:11.537] Initialized transaction indexer          range="last 2350000 blocks"
INFO [06-01|11:58:11.537] Initialized log indexer                  firstblock=0 lastblock=4911 firstmap=0 lastmap=0 headindexed=true
INFO [06-01|11:58:11.562] Enabled full-sync                        head=4911 hash=a75897..81a735
INFO [06-01|11:58:11.562] Unprotected transactions allowed
INFO [06-01|11:58:11.562] Gasprice oracle is ignoring threshold set threshold=2
INFO [06-01|11:58:11.563] Registered sync override service
WARN [06-01|11:58:11.563] You are running Geth in --dev mode. Please note the following:
WARN [06-01|11:58:11.563] 
WARN [06-01|11:58:11.563]   1. This mode is only intended for fast, iterative development without assumptions on
WARN [06-01|11:58:11.563]      security or persistence.
WARN [06-01|11:58:11.563]   2. The database is created in memory unless specified otherwise. Therefore, shutting down
WARN [06-01|11:58:11.563]      your computer or losing power will wipe your entire block data and chain state for
WARN [06-01|11:58:11.563]      your dev environment.
WARN [06-01|11:58:11.563]   3. A random, pre-allocated developer account will be available and unlocked as
WARN [06-01|11:58:11.563]      eth.coinbase, which can be used for testing. The random dev account is temporary,
WARN [06-01|11:58:11.563]      stored on a ramdisk, and will be lost if your machine is restarted.
WARN [06-01|11:58:11.563]   4. Mining is enabled by default. However, the client will only seal blocks if transactions
WARN [06-01|11:58:11.563]      are pending in the mempool. The miner's minimum accepted gas price is 1.
WARN [06-01|11:58:11.563]   5. Networking is disabled; there is no listen-address, the maximum number of peers is set
WARN [06-01|11:58:11.563]      to 0, and discovery is disabled.
WARN [06-01|11:58:11.563] 
INFO [06-01|11:58:11.563] Starting peer-to-peer node               instance=Geth/v1.17.3-unstable/linux-amd64/go1.24.9
WARN [06-01|11:58:11.563] P2P server will be useless, neither dialing nor listening
INFO [06-01|11:58:11.582] IPC endpoint opened                      url=/mnt/state_expiry_vol_data/ubt-vs-pbt-dbs/pbt/geth.ipc
ERROR[06-01|11:58:11.582] Unavailable modules in HTTP API list     unavailable=[personal] available="[admin debug web3 eth txpool miner net dev testing]"
INFO [06-01|11:58:11.582] New local node record                    seq=1,780,292,694,923 id=972c5cc0b2a1895c ip=127.0.0.1 udp=0 tcp=0
INFO [06-01|11:58:11.582] Started P2P networking                   self=enode://16ec6c0bde109d66472afe00ec8fee3d30718d830d1acf0829842abca89b82afff8a454636cde3b26d700f98647938c6f23e7bee3027caca0d7f19e4b3725e13@127.0.0.1:0
INFO [06-01|11:58:11.582] HTTP server started                      endpoint=127.0.0.1:8545 auth=false prefix= cors= vhosts=localhost
INFO [06-01|11:58:11.583] WebSocket enabled                        url=ws://127.0.0.1:8546
INFO [06-01|11:58:11.906] Loaded local transaction journal         transactions=3469 dropped=0
INFO [06-01|11:58:12.603] Started log indexer
INFO [06-01|11:58:12.677] Starting work on payload                 id=0x03f9b0f2b526fd14
INFO [06-01|11:58:12.683] Updated payload                          id=0x03f9b0f2b526fd14 number=4912 hash=76d8b7..ece643 txs=0 withdrawals=0 gas=0 fees=0 root=5311de..41e2d1 elapsed=6.260ms
INFO [06-01|11:58:12.684] Stopping work on payload                 id=0x03f9b0f2b526fd14 reason=delivery
WARN [06-01|11:58:12.692] {"level":"warn","msg":"Slow block","block":{"number":4912,"hash":"0x76d8b748711eb75b0d147c772e00e7b589dc4be7e580724cb3140cb572ece643","gas_used":0,"tx_count":0},"timing":{"execution_ms":0.059111,"state_read_ms":8.055357,"state_hash_ms":0.002036,"commit_ms":0.285837,"total_ms":8.667273},"throughput":{"mgas_per_sec":0},"state_reads":{"accounts":4,"storage_slots":0,"code":0,"code_bytes":0},"state_writes":{"accounts":0,"accounts_deleted":0,"storage_slots":0,"storage_slots_deleted":0,"code":0,"code_bytes":0},"cache":{"account":{"hits":0,"misses":4,"hit_rate":0},"storage":{"hits":0,"misses":0,"hit_rate":0},"code":{"hits":0,"misses":0,"hit_rate":0,"hit_bytes":0,"miss_bytes":0}}}
INFO [06-01|11:58:12.692] Imported new potential chain segment     number=4912 hash=76d8b7..ece643 blocks=1 txs=0 mgas=0.000 elapsed=9.037ms mgasps=0.000 triediffs=3.71MiB triedirty=0.00B
INFO [06-01|11:58:12.693] Chain head was updated                   number=4912 hash=76d8b7..ece643 root=5311de..41e2d1 elapsed="61.331µs"
INFO [06-01|11:58:13.698] Starting work on payload                 id=0x03864d70295f61bb
INFO [06-01|11:58:13.712] Updated payload                          id=0x03864d70295f61bb number=4913 hash=77ea2a..cab84a txs=0 withdrawals=0 gas=0 fees=0 root=5311de..41e2d1 elapsed=14.003ms
INFO [06-01|11:58:13.712] Stopping work on payload                 id=0x03864d70295f61bb reason=delivery
WARN [06-01|11:58:13.716] {"level":"warn","msg":"Slow block","block":{"number":4913,"hash":"0x77ea2a3ded8be40cfb155739d28576a08da8ba5c82c8a9c05ae7a46644cab84a","gas_used":0,"tx_count":0},"timing":{"execution_ms":0.043928,"state_read_ms":3.214578,"state_hash_ms":0.00175,"commit_ms":0.184668,"total_ms":3.634691},"throughput":{"mgas_per_sec":0},"state_reads":{"accounts":4,"storage_slots":0,"code":0,"code_bytes":0},"state_writes":{"accounts":0,"accounts_deleted":0,"storage_slots":0,"storage_slots_deleted":0,"code":0,"code_bytes":0},"cache":{"account":{"hits":0,"misses":4,"hit_rate":0},"storage":{"hits":0,"misses":0,"hit_rate":0},"code":{"hits":0,"misses":0,"hit_rate":0,"hit_bytes":0,"miss_bytes":0}}}
INFO [06-01|11:58:13.716] Imported new potential chain segment     number=4913 hash=77ea2a..cab84a blocks=1 txs=0 mgas=0.000 elapsed=3.861ms    mgasps=0.000 triediffs=3.71MiB triedirty=0.00B
INFO [06-01|11:58:13.716] Chain head was updated                   number=4913 hash=77ea2a..cab84a root=5311de..41e2d1 elapsed="57.147µs"
INFO [06-01|11:58:14.722] Starting work on payload                 id=0x033ba248f94a8402
INFO [06-01|11:58:14.739] Updated payload                          id=0x033ba248f94a8402 number=4914 hash=e90710..69a67e txs=0 withdrawals=0 gas=0 fees=0 root=5311de..41e2d1 elapsed=16.925ms
INFO [06-01|11:58:14.739] Stopping work on payload                 id=0x033ba248f94a8402 reason=delivery
WARN [06-01|11:58:14.759] {"level":"warn","msg":"Slow block","block":{"number":4914,"hash":"0xe90710b8ce967b59ab52ee1850d8ce40b185afceba95fcd560568f97e369a67e","gas_used":0,"tx_count":0},"timing":{"execution_ms":0.051689,"state_read_ms":19.432171,"state_hash_ms":0.001842,"commit_ms":0.134747,"total_ms":19.78611},"throughput":{"mgas_per_sec":0},"state_reads":{"accounts":4,"storage_slots":0,"code":0,"code_bytes":0},"state_writes":{"accounts":0,"accounts_deleted":0,"storage_slots":0,"storage_slots_deleted":0,"code":0,"code_bytes":0},"cache":{"account":{"hits":0,"misses":4,"hit_rate":0},"storage":{"hits":0,"misses":0,"hit_rate":0},"code":{"hits":0,"misses":0,"hit_rate":0,"hit_bytes":0,"miss_bytes":0}}}
INFO [06-01|11:58:14.759] Imported new potential chain segment     number=4914 hash=e90710..69a67e blocks=1 txs=0 mgas=0.000 elapsed=20.004ms   mgasps=0.000 triediffs=3.71MiB triedirty=0.00B
INFO [06-01|11:58:14.759] Chain head was updated                   number=4914 hash=e90710..69a67e root=5311de..41e2d1 elapsed="53.757µs"
INFO [06-01|11:58:15.050] Submitted contract creation              hash=0xa4886f2455f1a44bcb05c43807d0a9e672833c0a73141fbe77a018c758fc1938 from=0xf39Fd6e51aad88F6F4ce6aB8827279cffFb92266 nonce=1479 contract=0x6C3CcB6B61E078BCc2cB03eC5F6dd6E706366232 value=0
INFO [06-01|11:58:15.051] Submitted transaction                    hash=0x49407317ee0756a327c0b8ab2d3d407fed20b9aea27af3d04434f66bf14bfc5f from=0xf39Fd6e51aad88F6F4ce6aB8827279cffFb92266 nonce=1480 recipient=0x1d84fE874E729CaaB090d326588C7d913e598e4a value=78,000,000
INFO [06-01|11:58:15.764] Starting work on payload                 id=0x03cc2da564927902
INFO [06-01|11:58:15.794] Updated payload                          id=0x03cc2da564927902 number=4915 hash=eb9b51..7750b3 txs=2 withdrawals=0 gas=91710 fees=5.5026e-13 root=c499f0..3eb344 elapsed=29.395ms
INFO [06-01|11:58:15.794] Stopping work on payload                 id=0x03cc2da564927902 reason=delivery
INFO [06-01|11:58:15.825] Paused snapshot generation
WARN [06-01|11:58:15.825] {"level":"warn","msg":"Slow block","block":{"number":4915,"hash":"0xeb9b51091603b91f365033f0938d0d42ca4095f7ce579bc00abd14d89a7750b3","gas_used":91710,"tx_count":2},"timing":{"execution_ms":0.143754,"state_read_ms":23.130396,"state_hash_ms":2.595488,"commit_ms":4.600457,"total_ms":30.658161},"throughput":{"mgas_per_sec":2.991373161619185},"state_reads":{"accounts":11,"storage_slots":0,"code":0,"code_bytes":0},"state_writes":{"accounts":3,"accounts_deleted":0,"storage_slots":0,"storage_slots_deleted":0,"code":1,"code_bytes":305},"cache":{"account":{"hits":5,"misses":6,"hit_rate":45.45454545454545},"storage":{"hits":0,"misses":0,"hit_rate":0},"code":{"hits":0,"misses":0,"hit_rate":0,"hit_bytes":0,"miss_bytes":0}}}
INFO [06-01|11:58:15.825] Imported new potential chain segment     number=4915 hash=eb9b51..7750b3 blocks=1 txs=2 mgas=0.092 elapsed=30.808ms   mgasps=2.977 triediffs=3.69MiB triedirty=0.00B
INFO [06-01|11:58:15.825] Chain head was updated                   number=4915 hash=eb9b51..7750b3 root=c499f0..3eb344 elapsed="143.908µs"
WARN [06-01|11:58:15.846] Snapshot generation is not permitted
INFO [06-01|11:58:16.063] Submitted transaction                    hash=0x0f1197580862ef4e3cc688b9a4760db344f4c9551427b129a31bc47890aa55ff from=0x1d84fE874E729CaaB090d326588C7d913e598e4a nonce=0    recipient=0x6C3CcB6B61E078BCc2cB03eC5F6dd6E706366232 value=0
INFO [06-01|11:58:16.830] Starting work on payload                 id=0x03ed0e1cb3d18ab3
INFO [06-01|11:58:16.972] Updated payload                          id=0x03ed0e1cb3d18ab3 number=4916 hash=fc2d89..5a1e06 txs=1 withdrawals=0 gas=5,920,754 fees=3.5524524e-11 root=4613aa..95c45b elapsed=141.505ms
INFO [06-01|11:58:16.972] Stopping work on payload                 id=0x03ed0e1cb3d18ab3 reason=delivery
INFO [06-01|11:58:17.042] Paused snapshot generation
WARN [06-01|11:58:17.042] {"level":"warn","msg":"Slow block","block":{"number":4916,"hash":"0xfc2d89396c5acb4264f5471262a4e3c9828ad762e6cb5d13c63973e5095a1e06","gas_used":5920754,"tx_count":1},"timing":{"execution_ms":52.241765,"state_read_ms":10.672532,"state_hash_ms":5.495753,"commit_ms":1.69496,"total_ms":70.345549},"throughput":{"mgas_per_sec":84.16671820984722},"state_reads":{"accounts":107,"storage_slots":785,"code":101,"code_bytes":3105},"state_writes":{"accounts":11,"accounts_deleted":0,"storage_slots":77,"storage_slots_deleted":0,"code":0,"code_bytes":0},"cache":{"account":{"hits":22,"misses":85,"hit_rate":20.5607476635514},"storage":{"hits":64,"misses":721,"hit_rate":8.152866242038217},"code":{"hits":101,"misses":0,"hit_rate":100,"hit_bytes":3105,"miss_bytes":0}}}
INFO [06-01|11:58:17.042] Imported new potential chain segment     number=4916 hash=fc2d89..5a1e06 blocks=1 txs=1 mgas=5.921 elapsed=70.514ms    mgasps=83.965 triediffs=3.78MiB triedirty=0.00B
INFO [06-01|11:58:17.043] Chain head was updated                   number=4916 hash=fc2d89..5a1e06 root=4613aa..95c45b elapsed="85.847µs"
WARN [06-01|11:58:17.066] Snapshot generation is not permitted
INFO [06-01|11:58:17.078] Submitted transaction                    hash=0xa67ba73abcfe0040334eb8d4b10d63563b6f1fc52c9e9a623b77337ae9a20db3 from=0x1d84fE874E729CaaB090d326588C7d913e598e4a nonce=1    recipient=0xf39Fd6e51aad88F6F4ce6aB8827279cffFb92266 value=778,198
INFO [06-01|11:58:18.048] Starting work on payload                 id=0x03e6a930e3f7eb82
INFO [06-01|11:58:18.081] Updated payload                          id=0x03e6a930e3f7eb82 number=4917 hash=6e7025..02661f txs=1 withdrawals=0 gas=21000     fees=2.1e-14       root=0e6b2a..794de5 elapsed=32.883ms
INFO [06-01|11:58:18.081] Stopping work on payload                 id=0x03e6a930e3f7eb82 reason=delivery
INFO [06-01|11:58:18.116] Paused snapshot generation
WARN [06-01|11:58:18.116] {"level":"warn","msg":"Slow block","block":{"number":4917,"hash":"0x6e7025b18a30c6d4f41f8d18cfcb11a641c16f5a396a6af66d56085d7902661f","gas_used":21000,"tx_count":1},"timing":{"execution_ms":0.086976,"state_read_ms":17.833964,"state_hash_ms":16.003601,"commit_ms":0.662026,"total_ms":34.817134},"throughput":{"mgas_per_sec":0.6031513105013181},"state_reads":{"accounts":6,"storage_slots":0,"code":0,"code_bytes":0},"state_writes":{"accounts":2,"accounts_deleted":0,"storage_slots":0,"storage_slots_deleted":0,"code":0,"code_bytes":0},"cache":{"account":{"hits":2,"misses":4,"hit_rate":33.33333333333333},"storage":{"hits":0,"misses":0,"hit_rate":0},"code":{"hits":0,"misses":0,"hit_rate":0,"hit_bytes":0,"miss_bytes":0}}}
INFO [06-01|11:58:18.116] Imported new potential chain segment     number=4917 hash=6e7025..02661f blocks=1 txs=1 mgas=0.021 elapsed=34.953ms    mgasps=0.601  triediffs=3.78MiB triedirty=0.00B
INFO [06-01|11:58:18.116] Chain head was updated                   number=4917 hash=6e7025..02661f root=0e6b2a..794de5 elapsed="66.747µs"
WARN [06-01|11:58:18.138] Snapshot generation is not permitted
INFO [06-01|11:58:19.142] Starting work on payload                 id=0x039249f5f56f7c2d
INFO [06-01|11:58:19.146] Updated payload                          id=0x039249f5f56f7c2d number=4918 hash=cdc30d..cd3d10 txs=0 withdrawals=0 gas=0         fees=0             root=0e6b2a..794de5 elapsed=3.215ms
INFO [06-01|11:58:19.146] Stopping work on payload                 id=0x039249f5f56f7c2d reason=delivery
WARN [06-01|11:58:19.150] {"level":"warn","msg":"Slow block","block":{"number":4918,"hash":"0xcdc30de142477e6ccdb98d7f916536d06c6d08b245843852ac1852c2f8cd3d10","gas_used":0,"tx_count":0},"timing":{"execution_ms":0.024246,"state_read_ms":4.397819,"state_hash_ms":0.00141,"commit_ms":0.110405,"total_ms":4.708123},"throughput":{"mgas_per_sec":0},"state_reads":{"accounts":4,"storage_slots":0,"code":0,"code_bytes":0},"state_writes":{"accounts":0,"accounts_deleted":0,"storage_slots":0,"storage_slots_deleted":0,"code":0,"code_bytes":0},"cache":{"account":{"hits":0,"misses":4,"hit_rate":0},"storage":{"hits":0,"misses":0,"hit_rate":0},"code":{"hits":0,"misses":0,"hit_rate":0,"hit_bytes":0,"miss_bytes":0}}}
INFO [06-01|11:58:19.150] Imported new potential chain segment     number=4918 hash=cdc30d..cd3d10 blocks=1 txs=0 mgas=0.000 elapsed=4.816ms     mgasps=0.000  triediffs=3.78MiB triedirty=0.00B
INFO [06-01|11:58:19.151] Chain head was updated                   number=4918 hash=cdc30d..cd3d10 root=0e6b2a..794de5 elapsed="36.834µs"
