WARN [06-01|11:25:57.051] Unknown config environment variable      envvar=GETH_PBT_BIN
WARN [06-01|11:25:57.051] Unknown config environment variable      envvar=GETH_UBT_BIN
INFO [06-01|11:25:57.061] Starting Geth on Ethereum mainnet...
INFO [06-01|11:25:57.063] Maximum peer count                       ETH=0 total=0
INFO [06-01|11:25:57.065] Smartcard socket not found, disabling    err="stat /run/pcscd/pcscd.comm: no such file or directory"
WARN [06-01|11:25:57.070] Option --miner.etherbase is deprecated as the etherbase is set by the consensus client post-merge
WARN [06-01|11:25:57.071] Snap sync requested, resetting --cache.snapshot
INFO [06-01|11:25:57.071] Set global gas cap                       cap=50,000,000
INFO [06-01|11:25:57.901] Using developer account                  address=0xf39Fd6e51aad88F6F4ce6aB8827279cffFb92266
INFO [06-01|11:25:57.942] Using pebble as the backing database
INFO [06-01|11:25:57.942] Allocated cache and file handles         database=/mnt/state_expiry_vol_data/ubt-vs-pbt-dbs/pbt/geth/chaindata cache=16.00MiB handles=262,144
INFO [06-01|11:25:58.144] Opened ancient database                  database=/mnt/state_expiry_vol_data/ubt-vs-pbt-dbs/pbt/geth/chaindata/ancient/chain readonly=true
INFO [06-01|11:25:58.145] Opened Era store                         datadir=/mnt/state_expiry_vol_data/ubt-vs-pbt-dbs/pbt/geth/chaindata/ancient/chain/era
INFO [06-01|11:25:58.152] Initializing the KZG library             backend=gokzg
INFO [06-01|11:25:58.155] Allocated trie memory caches             clean=0.00B dirty=0.00B
INFO [06-01|11:25:58.166] Using pebble as the backing database
INFO [06-01|11:25:58.166] Allocated cache and file handles         database=/mnt/state_expiry_vol_data/ubt-vs-pbt-dbs/pbt/geth/chaindata cache=16.00MiB handles=262,144
INFO [06-01|11:25:58.346] Opened ancient database                  database=/mnt/state_expiry_vol_data/ubt-vs-pbt-dbs/pbt/geth/chaindata/ancient/chain readonly=false
INFO [06-01|11:25:58.346] Opened Era store                         datadir=/mnt/state_expiry_vol_data/ubt-vs-pbt-dbs/pbt/geth/chaindata/ancient/chain/era
INFO [06-01|11:25:58.351] State scheme set to already existing     scheme=path
INFO [06-01|11:25:58.351] Initialising Ethereum protocol           network=1337 dbversion=9
INFO [06-01|11:25:58.351] Load database journal from file          path=/mnt/state_expiry_vol_data/ubt-vs-pbt-dbs/pbt/geth/triedb/verkle.journal
INFO [06-01|11:25:58.412] Opened ancient database                  database=/mnt/state_expiry_vol_data/ubt-vs-pbt-dbs/pbt/geth/chaindata/ancient/state_verkle readonly=false
INFO [06-01|11:25:58.414] State snapshot generator is not compatible
INFO [06-01|11:25:58.414] Initialized path database                triecache=0.00B statecache=0.00B buffer=0.00B state-history="last 90000 blocks" journal-dir=/mnt/state_expiry_vol_data/ubt-vs-pbt-dbs/pbt/geth/triedb verkle=true
INFO [06-01|11:25:58.414] 
INFO [06-01|11:25:58.414] ---------------------------------------------------------------------------------------------------------------------------------------------------------
INFO [06-01|11:25:58.414] Chain ID:  1337 (unknown)
INFO [06-01|11:25:58.414] Consensus: unknown
INFO [06-01|11:25:58.414] 
INFO [06-01|11:25:58.414] Pre-Merge hard forks (block based):
INFO [06-01|11:25:58.414]  - Homestead:                   #0       
INFO [06-01|11:25:58.414]  - Tangerine Whistle (EIP 150): #0       
INFO [06-01|11:25:58.414]  - Spurious Dragon/1 (EIP 155): #0       
INFO [06-01|11:25:58.414]  - Spurious Dragon/2 (EIP 158): #0       
INFO [06-01|11:25:58.414]  - Byzantium:                   #0       
INFO [06-01|11:25:58.414]  - Constantinople:              #0       
INFO [06-01|11:25:58.414]  - Petersburg:                  #0       
INFO [06-01|11:25:58.414]  - Istanbul:                    #0       
INFO [06-01|11:25:58.414]  - Berlin:                      #0       
INFO [06-01|11:25:58.414]  - London:                      #0       
INFO [06-01|11:25:58.414]  - Arrow Glacier:               #0       
INFO [06-01|11:25:58.414]  - Gray Glacier:                #0       
INFO [06-01|11:25:58.414] 
INFO [06-01|11:25:58.414] Merge configured:
INFO [06-01|11:25:58.414]  - Total terminal difficulty:  0
INFO [06-01|11:25:58.414]  - Merge netsplit block:       #0       
INFO [06-01|11:25:58.414] 
INFO [06-01|11:25:58.414] Post-Merge hard forks (timestamp based):
INFO [06-01|11:25:58.414]  - Shanghai:                    @0         
INFO [06-01|11:25:58.414]  - Cancun:                      @0          blob: (target: 3, max: 6, fraction: 3338477)
INFO [06-01|11:25:58.414]  - Prague:                      @0          blob: (target: 6, max: 9, fraction: 5007716)
INFO [06-01|11:25:58.414]  - Osaka:                       @0          blob: (target: 6, max: 9, fraction: 5007716)
INFO [06-01|11:25:58.414]  - UBT:                         @0          blob: (nil)
INFO [06-01|11:25:58.414] 
INFO [06-01|11:25:58.414] All fork specifications can be found at https://ethereum.github.io/execution-specs/src/ethereum/forks/
INFO [06-01|11:25:58.414] 
INFO [06-01|11:25:58.414] ---------------------------------------------------------------------------------------------------------------------------------------------------------
INFO [06-01|11:25:58.414] 
INFO [06-01|11:25:58.416] Loaded most recent local block           number=3667 hash=b0434b..40239d age=3s
INFO [06-01|11:25:58.416] Loaded most recent local finalized block number=3648 hash=89178c..1e3a41 age=30s
INFO [06-01|11:25:58.417] Initialized transaction indexer          range="last 2350000 blocks"
INFO [06-01|11:25:58.418] Initialized log indexer                  firstblock=0 lastblock=3667 firstmap=0 lastmap=0 headindexed=true
INFO [06-01|11:25:58.482] Enabled full-sync                        head=3667 hash=b0434b..40239d
INFO [06-01|11:25:58.482] Unprotected transactions allowed
INFO [06-01|11:25:58.482] Gasprice oracle is ignoring threshold set threshold=2
INFO [06-01|11:25:58.482] Registered sync override service
WARN [06-01|11:25:58.482] You are running Geth in --dev mode. Please note the following:
WARN [06-01|11:25:58.482] 
WARN [06-01|11:25:58.482]   1. This mode is only intended for fast, iterative development without assumptions on
WARN [06-01|11:25:58.482]      security or persistence.
WARN [06-01|11:25:58.482]   2. The database is created in memory unless specified otherwise. Therefore, shutting down
WARN [06-01|11:25:58.482]      your computer or losing power will wipe your entire block data and chain state for
WARN [06-01|11:25:58.482]      your dev environment.
WARN [06-01|11:25:58.483]   3. A random, pre-allocated developer account will be available and unlocked as
WARN [06-01|11:25:58.483]      eth.coinbase, which can be used for testing. The random dev account is temporary,
WARN [06-01|11:25:58.483]      stored on a ramdisk, and will be lost if your machine is restarted.
WARN [06-01|11:25:58.483]   4. Mining is enabled by default. However, the client will only seal blocks if transactions
WARN [06-01|11:25:58.483]      are pending in the mempool. The miner's minimum accepted gas price is 1.
WARN [06-01|11:25:58.483]   5. Networking is disabled; there is no listen-address, the maximum number of peers is set
WARN [06-01|11:25:58.483]      to 0, and discovery is disabled.
WARN [06-01|11:25:58.483] 
INFO [06-01|11:25:58.483] Starting peer-to-peer node               instance=Geth/v1.17.3-unstable/linux-amd64/go1.24.9
WARN [06-01|11:25:58.483] P2P server will be useless, neither dialing nor listening
INFO [06-01|11:25:58.507] IPC endpoint opened                      url=/mnt/state_expiry_vol_data/ubt-vs-pbt-dbs/pbt/geth.ipc
ERROR[06-01|11:25:58.507] Unavailable modules in HTTP API list     unavailable=[personal] available="[admin debug web3 eth txpool miner net dev testing]"
INFO [06-01|11:25:58.507] New local node record                    seq=1,780,292,694,733 id=972c5cc0b2a1895c ip=127.0.0.1 udp=0 tcp=0
INFO [06-01|11:25:58.507] Started P2P networking                   self=enode://16ec6c0bde109d66472afe00ec8fee3d30718d830d1acf0829842abca89b82afff8a454636cde3b26d700f98647938c6f23e7bee3027caca0d7f19e4b3725e13@127.0.0.1:0
INFO [06-01|11:25:58.508] HTTP server started                      endpoint=127.0.0.1:8545 auth=false prefix= cors= vhosts=localhost
INFO [06-01|11:25:58.508] WebSocket enabled                        url=ws://127.0.0.1:8546
INFO [06-01|11:25:58.769] Loaded local transaction journal         transactions=2709 dropped=0
INFO [06-01|11:25:59.572] Started log indexer
INFO [06-01|11:25:59.612] Starting work on payload                 id=0x03285fee479894f5
INFO [06-01|11:25:59.616] Updated payload                          id=0x03285fee479894f5 number=3668 hash=056ea9..b0386f txs=0 withdrawals=0 gas=0 fees=0 root=d133a7..ab3b72 elapsed=3.313ms
INFO [06-01|11:25:59.616] Stopping work on payload                 id=0x03285fee479894f5 reason=delivery
WARN [06-01|11:25:59.619] {"level":"warn","msg":"Slow block","block":{"number":3668,"hash":"0x056ea9669018b9934889f98aa2e70cfb6f11bc2055662d2cfbf4a6ac4cb0386f","gas_used":0,"tx_count":0},"timing":{"execution_ms":0.036722,"state_read_ms":2.82092,"state_hash_ms":0.001436,"commit_ms":0.141599,"total_ms":3.207928},"throughput":{"mgas_per_sec":0},"state_reads":{"accounts":4,"storage_slots":0,"code":0,"code_bytes":0},"state_writes":{"accounts":0,"accounts_deleted":0,"storage_slots":0,"storage_slots_deleted":0,"code":0,"code_bytes":0},"cache":{"account":{"hits":0,"misses":4,"hit_rate":0},"storage":{"hits":0,"misses":0,"hit_rate":0},"code":{"hits":0,"misses":0,"hit_rate":0,"hit_bytes":0,"miss_bytes":0}}}
INFO [06-01|11:25:59.619] Imported new potential chain segment     number=3668 hash=056ea9..b0386f blocks=1 txs=0 mgas=0.000 elapsed=3.481ms mgasps=0.000 triediffs=1.33MiB triedirty=0.00B
INFO [06-01|11:25:59.620] Chain head was updated                   number=3668 hash=056ea9..b0386f root=d133a7..ab3b72 elapsed="50.233µs"
INFO [06-01|11:26:00.625] Starting work on payload                 id=0x03a3031fff0fc51a
INFO [06-01|11:26:00.629] Updated payload                          id=0x03a3031fff0fc51a number=3669 hash=db4472..2da930 txs=0 withdrawals=0 gas=0 fees=0 root=d133a7..ab3b72 elapsed=4.148ms
INFO [06-01|11:26:00.633] Stopping work on payload                 id=0x03a3031fff0fc51a reason=delivery
WARN [06-01|11:26:00.638] {"level":"warn","msg":"Slow block","block":{"number":3669,"hash":"0xdb4472451e07d35f01a7bba09bab7ac53973e45f22eb4d277a25c8c8cf2da930","gas_used":0,"tx_count":0},"timing":{"execution_ms":0.042133,"state_read_ms":7.981383,"state_hash_ms":0.002166,"commit_ms":0.115468,"total_ms":8.502641},"throughput":{"mgas_per_sec":0},"state_reads":{"accounts":4,"storage_slots":0,"code":0,"code_bytes":0},"state_writes":{"accounts":0,"accounts_deleted":0,"storage_slots":0,"storage_slots_deleted":0,"code":0,"code_bytes":0},"cache":{"account":{"hits":0,"misses":4,"hit_rate":0},"storage":{"hits":0,"misses":0,"hit_rate":0},"code":{"hits":0,"misses":0,"hit_rate":0,"hit_bytes":0,"miss_bytes":0}}}
INFO [06-01|11:26:00.638] Imported new potential chain segment     number=3669 hash=db4472..2da930 blocks=1 txs=0 mgas=0.000 elapsed=8.747ms    mgasps=0.000 triediffs=1.33MiB triedirty=0.00B
INFO [06-01|11:26:00.638] Chain head was updated                   number=3669 hash=db4472..2da930 root=d133a7..ab3b72 elapsed="36.772µs"
INFO [06-01|11:26:01.658] Starting work on payload                 id=0x03014a00003e75a2
INFO [06-01|11:26:01.661] Updated payload                          id=0x03014a00003e75a2 number=3670 hash=00264f..4900a1 txs=0 withdrawals=0 gas=0 fees=0 root=d133a7..ab3b72 elapsed=3.162ms
INFO [06-01|11:26:01.661] Stopping work on payload                 id=0x03014a00003e75a2 reason=delivery
WARN [06-01|11:26:01.672] {"level":"warn","msg":"Slow block","block":{"number":3670,"hash":"0x00264ff200f092b1efaf03e03af880dda7add76b263b298a8055a3a64b4900a1","gas_used":0,"tx_count":0},"timing":{"execution_ms":0.026417,"state_read_ms":10.384094,"state_hash_ms":0.001811,"commit_ms":0.127353,"total_ms":10.684054},"throughput":{"mgas_per_sec":0},"state_reads":{"accounts":4,"storage_slots":0,"code":0,"code_bytes":0},"state_writes":{"accounts":0,"accounts_deleted":0,"storage_slots":0,"storage_slots_deleted":0,"code":0,"code_bytes":0},"cache":{"account":{"hits":0,"misses":4,"hit_rate":0},"storage":{"hits":0,"misses":0,"hit_rate":0},"code":{"hits":0,"misses":0,"hit_rate":0,"hit_bytes":0,"miss_bytes":0}}}
INFO [06-01|11:26:01.672] Imported new potential chain segment     number=3670 hash=00264f..4900a1 blocks=1 txs=0 mgas=0.000 elapsed=10.826ms   mgasps=0.000 triediffs=1.33MiB triedirty=0.00B
INFO [06-01|11:26:01.672] Chain head was updated                   number=3670 hash=00264f..4900a1 root=d133a7..ab3b72 elapsed="37.316µs"
INFO [06-01|11:26:01.917] Submitted contract creation              hash=0x8356fca02f07019e3c969657e8f9456d8c6ddb5561c427a727ac4583241262e1 from=0xf39Fd6e51aad88F6F4ce6aB8827279cffFb92266 nonce=1099 contract=0xA93cA2b7Ce13960Ec0806f19fB1133C933Ce23B3 value=0
INFO [06-01|11:26:01.917] Submitted transaction                    hash=0xf6a784337b5d410a58d17222d2879d934aaf8e0a5dcba48e1ad6d6407ae0af8e from=0xf39Fd6e51aad88F6F4ce6aB8827279cffFb92266 nonce=1100 recipient=0x768a7428a1208111b9A1D623e478AF671C9da91b value=78,000,000
INFO [06-01|11:26:02.676] Starting work on payload                 id=0x033415d67f8ba541
INFO [06-01|11:26:02.712] Updated payload                          id=0x033415d67f8ba541 number=3671 hash=e2a662..09da45 txs=2 withdrawals=0 gas=86852 fees=5.21112e-13 root=f3196b..67eaea elapsed=35.797ms
INFO [06-01|11:26:02.712] Stopping work on payload                 id=0x033415d67f8ba541 reason=delivery
INFO [06-01|11:26:02.749] Paused snapshot generation
WARN [06-01|11:26:02.750] {"level":"warn","msg":"Slow block","block":{"number":3671,"hash":"0xe2a662b8ad625dfecf222fe1beb338ce338c02ea6039883c86300bdd0e09da45","gas_used":86852,"tx_count":2},"timing":{"execution_ms":0.085203,"state_read_ms":15.356713,"state_hash_ms":17.301127,"commit_ms":4.515181,"total_ms":37.444981},"throughput":{"mgas_per_sec":2.319456377878787},"state_reads":{"accounts":11,"storage_slots":0,"code":0,"code_bytes":0},"state_writes":{"accounts":3,"accounts_deleted":0,"storage_slots":0,"storage_slots_deleted":0,"code":1,"code_bytes":157},"cache":{"account":{"hits":6,"misses":5,"hit_rate":54.54545454545454},"storage":{"hits":0,"misses":0,"hit_rate":0},"code":{"hits":0,"misses":0,"hit_rate":0,"hit_bytes":0,"miss_bytes":0}}}
INFO [06-01|11:26:02.750] Imported new potential chain segment     number=3671 hash=e2a662..09da45 blocks=1 txs=2 mgas=0.087 elapsed=37.628ms   mgasps=2.308 triediffs=1.33MiB triedirty=0.00B
INFO [06-01|11:26:02.750] Chain head was updated                   number=3671 hash=e2a662..09da45 root=f3196b..67eaea elapsed="159.164µs"
WARN [06-01|11:26:02.772] Snapshot generation is not permitted
INFO [06-01|11:26:02.930] Submitted transaction                    hash=0x22230f12e6965325c5beab6e3f2a4f9cceaeae140f2405e1fd0fef1f337b598b from=0x768a7428a1208111b9A1D623e478AF671C9da91b nonce=0    recipient=0xA93cA2b7Ce13960Ec0806f19fB1133C933Ce23B3 value=0
INFO [06-01|11:26:03.755] Starting work on payload                 id=0x033e3a969aac11fa
INFO [06-01|11:26:03.908] Updated payload                          id=0x033e3a969aac11fa number=3672 hash=6e90b6..3b5811 txs=1 withdrawals=0 gas=5,900,140 fees=3.540084e-11 root=e87758..781fb6 elapsed=152.923ms
INFO [06-01|11:26:03.908] Stopping work on payload                 id=0x033e3a969aac11fa reason=delivery
INFO [06-01|11:26:04.027] Paused snapshot generation
WARN [06-01|11:26:04.028] {"level":"warn","msg":"Slow block","block":{"number":3672,"hash":"0x6e90b6e6fc981baa8cac39634dfb65a89bcf54fee7050b584320cc0bae3b5811","gas_used":5900140,"tx_count":1},"timing":{"execution_ms":110.263495,"state_read_ms":5.452876,"state_hash_ms":2.534736,"commit_ms":0.754579,"total_ms":119.241465},"throughput":{"mgas_per_sec":49.48060643166368},"state_reads":{"accounts":17,"storage_slots":258,"code":11,"code_bytes":437},"state_writes":{"accounts":2,"accounts_deleted":0,"storage_slots":0,"storage_slots_deleted":0,"code":0,"code_bytes":0},"cache":{"account":{"hits":9,"misses":8,"hit_rate":52.94117647058824},"storage":{"hits":118,"misses":140,"hit_rate":45.73643410852713},"code":{"hits":11,"misses":0,"hit_rate":100,"hit_bytes":437,"miss_bytes":0}}}
INFO [06-01|11:26:04.028] Imported new potential chain segment     number=3672 hash=6e90b6..3b5811 blocks=1 txs=1 mgas=5.900 elapsed=119.486ms   mgasps=49.379 triediffs=1.33MiB triedirty=0.00B
INFO [06-01|11:26:04.028] Chain head was updated                   number=3672 hash=6e90b6..3b5811 root=e87758..781fb6 elapsed="118.378µs"
WARN [06-01|11:26:04.056] Snapshot generation is not permitted
INFO [06-01|11:26:04.948] Submitted transaction                    hash=0x99a2bae4d4409cb1b9acd4081db08a37974de47ac763b14389843af7db55d015 from=0x768a7428a1208111b9A1D623e478AF671C9da91b nonce=1    recipient=0xf39Fd6e51aad88F6F4ce6aB8827279cffFb92266 value=1,046,180
INFO [06-01|11:26:05.033] Starting work on payload                 id=0x03ef809e3d316f2c
INFO [06-01|11:26:05.047] Updated payload                          id=0x03ef809e3d316f2c number=3673 hash=ea56fc..ff8f43 txs=1 withdrawals=0 gas=21000     fees=2.1e-14      root=00237d..6693c4 elapsed=14.742ms
INFO [06-01|11:26:05.048] Stopping work on payload                 id=0x03ef809e3d316f2c reason=delivery
INFO [06-01|11:26:05.067] Paused snapshot generation
WARN [06-01|11:26:05.069] {"level":"warn","msg":"Slow block","block":{"number":3673,"hash":"0xea56fcb726b9732a635ffa81749e0e3364cc517a1ded03e3f7ffaa36e9ff8f43","gas_used":21000,"tx_count":1},"timing":{"execution_ms":0.06144,"state_read_ms":13.038645,"state_hash_ms":5.538924,"commit_ms":2.289976,"total_ms":21.116768},"throughput":{"mgas_per_sec":0.9944703659196331},"state_reads":{"accounts":6,"storage_slots":0,"code":0,"code_bytes":0},"state_writes":{"accounts":2,"accounts_deleted":0,"storage_slots":0,"storage_slots_deleted":0,"code":0,"code_bytes":0},"cache":{"account":{"hits":2,"misses":4,"hit_rate":33.33333333333333},"storage":{"hits":0,"misses":0,"hit_rate":0},"code":{"hits":0,"misses":0,"hit_rate":0,"hit_bytes":0,"miss_bytes":0}}}
INFO [06-01|11:26:05.069] Imported new potential chain segment     number=3673 hash=ea56fc..ff8f43 blocks=1 txs=1 mgas=0.021 elapsed=21.277ms    mgasps=0.987  triediffs=1.33MiB triedirty=0.00B
INFO [06-01|11:26:05.069] Chain head was updated                   number=3673 hash=ea56fc..ff8f43 root=00237d..6693c4 elapsed="67.959µs"
WARN [06-01|11:26:05.090] Snapshot generation is not permitted
INFO [06-01|11:26:06.074] Starting work on payload                 id=0x0310c421b9d38695
INFO [06-01|11:26:06.077] Updated payload                          id=0x0310c421b9d38695 number=3674 hash=e57bc1..ad8b8b txs=0 withdrawals=0 gas=0         fees=0            root=00237d..6693c4 elapsed=3.652ms
INFO [06-01|11:26:06.078] Stopping work on payload                 id=0x0310c421b9d38695 reason=delivery
WARN [06-01|11:26:06.082] {"level":"warn","msg":"Slow block","block":{"number":3674,"hash":"0xe57bc18538d1c722617aae4eeb0a01af1f44fdea71defbc9b57d98db53ad8b8b","gas_used":0,"tx_count":0},"timing":{"execution_ms":0.076519,"state_read_ms":3.726659,"state_hash_ms":0.00211,"commit_ms":0.1216,"total_ms":4.099703},"throughput":{"mgas_per_sec":0},"state_reads":{"accounts":4,"storage_slots":0,"code":0,"code_bytes":0},"state_writes":{"accounts":0,"accounts_deleted":0,"storage_slots":0,"storage_slots_deleted":0,"code":0,"code_bytes":0},"cache":{"account":{"hits":0,"misses":4,"hit_rate":0},"storage":{"hits":0,"misses":0,"hit_rate":0},"code":{"hits":0,"misses":0,"hit_rate":0,"hit_bytes":0,"miss_bytes":0}}}
INFO [06-01|11:26:06.082] Imported new potential chain segment     number=3674 hash=e57bc1..ad8b8b blocks=1 txs=0 mgas=0.000 elapsed=4.265ms     mgasps=0.000  triediffs=1.33MiB triedirty=0.00B
INFO [06-01|11:26:06.082] Chain head was updated                   number=3674 hash=e57bc1..ad8b8b root=00237d..6693c4 elapsed="57.957µs"
