WARN [06-01|11:29:16.211] Unknown config environment variable      envvar=GETH_PBT_BIN
WARN [06-01|11:29:16.211] Unknown config environment variable      envvar=GETH_UBT_BIN
INFO [06-01|11:29:16.221] Starting Geth on Ethereum mainnet...
INFO [06-01|11:29:16.222] Maximum peer count                       ETH=0 total=0
INFO [06-01|11:29:16.223] Smartcard socket not found, disabling    err="stat /run/pcscd/pcscd.comm: no such file or directory"
WARN [06-01|11:29:16.229] Option --miner.etherbase is deprecated as the etherbase is set by the consensus client post-merge
WARN [06-01|11:29:16.230] Snap sync requested, resetting --cache.snapshot
INFO [06-01|11:29:16.230] Set global gas cap                       cap=50,000,000
INFO [06-01|11:29:17.066] Using developer account                  address=0xf39Fd6e51aad88F6F4ce6aB8827279cffFb92266
INFO [06-01|11:29:17.103] Using pebble as the backing database
INFO [06-01|11:29:17.103] Allocated cache and file handles         database=/mnt/state_expiry_vol_data/ubt-vs-pbt-dbs/pbt/geth/chaindata cache=16.00MiB handles=262,144
INFO [06-01|11:29:17.307] Opened ancient database                  database=/mnt/state_expiry_vol_data/ubt-vs-pbt-dbs/pbt/geth/chaindata/ancient/chain readonly=true
INFO [06-01|11:29:17.307] Opened Era store                         datadir=/mnt/state_expiry_vol_data/ubt-vs-pbt-dbs/pbt/geth/chaindata/ancient/chain/era
INFO [06-01|11:29:17.315] Initializing the KZG library             backend=gokzg
INFO [06-01|11:29:17.318] Allocated trie memory caches             clean=0.00B dirty=0.00B
INFO [06-01|11:29:17.329] Using pebble as the backing database
INFO [06-01|11:29:17.329] Allocated cache and file handles         database=/mnt/state_expiry_vol_data/ubt-vs-pbt-dbs/pbt/geth/chaindata cache=16.00MiB handles=262,144
INFO [06-01|11:29:17.508] Opened ancient database                  database=/mnt/state_expiry_vol_data/ubt-vs-pbt-dbs/pbt/geth/chaindata/ancient/chain readonly=false
INFO [06-01|11:29:17.508] Opened Era store                         datadir=/mnt/state_expiry_vol_data/ubt-vs-pbt-dbs/pbt/geth/chaindata/ancient/chain/era
INFO [06-01|11:29:17.514] State scheme set to already existing     scheme=path
INFO [06-01|11:29:17.514] Initialising Ethereum protocol           network=1337 dbversion=9
INFO [06-01|11:29:17.514] Load database journal from file          path=/mnt/state_expiry_vol_data/ubt-vs-pbt-dbs/pbt/geth/triedb/verkle.journal
INFO [06-01|11:29:17.575] Opened ancient database                  database=/mnt/state_expiry_vol_data/ubt-vs-pbt-dbs/pbt/geth/chaindata/ancient/state_verkle readonly=false
INFO [06-01|11:29:17.577] State snapshot generator is not compatible
INFO [06-01|11:29:17.577] Initialized path database                triecache=0.00B statecache=0.00B buffer=0.00B state-history="last 90000 blocks" journal-dir=/mnt/state_expiry_vol_data/ubt-vs-pbt-dbs/pbt/geth/triedb verkle=true
INFO [06-01|11:29:17.577] 
INFO [06-01|11:29:17.577] ---------------------------------------------------------------------------------------------------------------------------------------------------------
INFO [06-01|11:29:17.578] Chain ID:  1337 (unknown)
INFO [06-01|11:29:17.578] Consensus: unknown
INFO [06-01|11:29:17.578] 
INFO [06-01|11:29:17.578] Pre-Merge hard forks (block based):
INFO [06-01|11:29:17.578]  - Homestead:                   #0       
INFO [06-01|11:29:17.578]  - Tangerine Whistle (EIP 150): #0       
INFO [06-01|11:29:17.578]  - Spurious Dragon/1 (EIP 155): #0       
INFO [06-01|11:29:17.578]  - Spurious Dragon/2 (EIP 158): #0       
INFO [06-01|11:29:17.578]  - Byzantium:                   #0       
INFO [06-01|11:29:17.578]  - Constantinople:              #0       
INFO [06-01|11:29:17.578]  - Petersburg:                  #0       
INFO [06-01|11:29:17.578]  - Istanbul:                    #0       
INFO [06-01|11:29:17.578]  - Berlin:                      #0       
INFO [06-01|11:29:17.578]  - London:                      #0       
INFO [06-01|11:29:17.578]  - Arrow Glacier:               #0       
INFO [06-01|11:29:17.578]  - Gray Glacier:                #0       
INFO [06-01|11:29:17.578] 
INFO [06-01|11:29:17.578] Merge configured:
INFO [06-01|11:29:17.578]  - Total terminal difficulty:  0
INFO [06-01|11:29:17.578]  - Merge netsplit block:       #0       
INFO [06-01|11:29:17.578] 
INFO [06-01|11:29:17.578] Post-Merge hard forks (timestamp based):
INFO [06-01|11:29:17.578]  - Shanghai:                    @0         
INFO [06-01|11:29:17.578]  - Cancun:                      @0          blob: (target: 3, max: 6, fraction: 3338477)
INFO [06-01|11:29:17.578]  - Prague:                      @0          blob: (target: 6, max: 9, fraction: 5007716)
INFO [06-01|11:29:17.578]  - Osaka:                       @0          blob: (target: 6, max: 9, fraction: 5007716)
INFO [06-01|11:29:17.578]  - UBT:                         @0          blob: (nil)
INFO [06-01|11:29:17.578] 
INFO [06-01|11:29:17.578] All fork specifications can be found at https://ethereum.github.io/execution-specs/src/ethereum/forks/
INFO [06-01|11:29:17.578] 
INFO [06-01|11:29:17.578] ---------------------------------------------------------------------------------------------------------------------------------------------------------
INFO [06-01|11:29:17.578] 
INFO [06-01|11:29:17.579] Loaded most recent local block           number=3798 hash=c4f0bb..857067 age=3s
INFO [06-01|11:29:17.579] Loaded most recent local finalized block number=3776 hash=dac0c6..a5b0e8 age=36s
INFO [06-01|11:29:17.580] Initialized transaction indexer          range="last 2350000 blocks"
INFO [06-01|11:29:17.580] Initialized log indexer                  firstblock=0 lastblock=3798 firstmap=0 lastmap=0 headindexed=true
INFO [06-01|11:29:17.626] Enabled full-sync                        head=3798 hash=c4f0bb..857067
INFO [06-01|11:29:17.626] Unprotected transactions allowed
INFO [06-01|11:29:17.626] Gasprice oracle is ignoring threshold set threshold=2
INFO [06-01|11:29:17.627] Registered sync override service
WARN [06-01|11:29:17.627] You are running Geth in --dev mode. Please note the following:
WARN [06-01|11:29:17.627] 
WARN [06-01|11:29:17.627]   1. This mode is only intended for fast, iterative development without assumptions on
WARN [06-01|11:29:17.627]      security or persistence.
WARN [06-01|11:29:17.627]   2. The database is created in memory unless specified otherwise. Therefore, shutting down
WARN [06-01|11:29:17.627]      your computer or losing power will wipe your entire block data and chain state for
WARN [06-01|11:29:17.627]      your dev environment.
WARN [06-01|11:29:17.627]   3. A random, pre-allocated developer account will be available and unlocked as
WARN [06-01|11:29:17.627]      eth.coinbase, which can be used for testing. The random dev account is temporary,
WARN [06-01|11:29:17.627]      stored on a ramdisk, and will be lost if your machine is restarted.
WARN [06-01|11:29:17.627]   4. Mining is enabled by default. However, the client will only seal blocks if transactions
WARN [06-01|11:29:17.627]      are pending in the mempool. The miner's minimum accepted gas price is 1.
WARN [06-01|11:29:17.627]   5. Networking is disabled; there is no listen-address, the maximum number of peers is set
WARN [06-01|11:29:17.627]      to 0, and discovery is disabled.
WARN [06-01|11:29:17.627] 
INFO [06-01|11:29:17.627] Starting peer-to-peer node               instance=Geth/v1.17.3-unstable/linux-amd64/go1.24.9
WARN [06-01|11:29:17.627] P2P server will be useless, neither dialing nor listening
INFO [06-01|11:29:17.646] IPC endpoint opened                      url=/mnt/state_expiry_vol_data/ubt-vs-pbt-dbs/pbt/geth.ipc
ERROR[06-01|11:29:17.646] Unavailable modules in HTTP API list     unavailable=[personal] available="[admin debug web3 eth txpool miner net dev testing]"
INFO [06-01|11:29:17.646] New local node record                    seq=1,780,292,694,752 id=972c5cc0b2a1895c ip=127.0.0.1 udp=0 tcp=0
INFO [06-01|11:29:17.646] Started P2P networking                   self=enode://16ec6c0bde109d66472afe00ec8fee3d30718d830d1acf0829842abca89b82afff8a454636cde3b26d700f98647938c6f23e7bee3027caca0d7f19e4b3725e13@127.0.0.1:0
INFO [06-01|11:29:17.646] HTTP server started                      endpoint=127.0.0.1:8545 auth=false prefix= cors= vhosts=localhost
INFO [06-01|11:29:17.646] WebSocket enabled                        url=ws://127.0.0.1:8546
INFO [06-01|11:29:17.944] Loaded local transaction journal         transactions=2785 dropped=0
INFO [06-01|11:29:18.722] Started log indexer
INFO [06-01|11:29:18.766] Starting work on payload                 id=0x03eb092e66e6708b
INFO [06-01|11:29:18.770] Updated payload                          id=0x03eb092e66e6708b number=3799 hash=4778f4..b0192b txs=0 withdrawals=0 gas=0 fees=0 root=447699..baeb32 elapsed=4.155ms
INFO [06-01|11:29:18.771] Stopping work on payload                 id=0x03eb092e66e6708b reason=delivery
WARN [06-01|11:29:18.774] {"level":"warn","msg":"Slow block","block":{"number":3799,"hash":"0x4778f4a22e2f05da0faad70a3a246e026e0bca67b79a22b01e34c74aafb0192b","gas_used":0,"tx_count":0},"timing":{"execution_ms":0.036925,"state_read_ms":2.770564,"state_hash_ms":0.001524,"commit_ms":0.248791,"total_ms":3.289248},"throughput":{"mgas_per_sec":0},"state_reads":{"accounts":4,"storage_slots":0,"code":0,"code_bytes":0},"state_writes":{"accounts":0,"accounts_deleted":0,"storage_slots":0,"storage_slots_deleted":0,"code":0,"code_bytes":0},"cache":{"account":{"hits":0,"misses":4,"hit_rate":0},"storage":{"hits":0,"misses":0,"hit_rate":0},"code":{"hits":0,"misses":0,"hit_rate":0,"hit_bytes":0,"miss_bytes":0}}}
INFO [06-01|11:29:18.774] Imported new potential chain segment     number=3799 hash=4778f4..b0192b blocks=1 txs=0 mgas=0.000 elapsed=3.565ms mgasps=0.000 triediffs=1.32MiB triedirty=0.00B
INFO [06-01|11:29:18.774] Chain head was updated                   number=3799 hash=4778f4..b0192b root=447699..baeb32 elapsed="76.347µs"
INFO [06-01|11:29:19.782] Starting work on payload                 id=0x03ecb42b8b73ec75
INFO [06-01|11:29:19.787] Updated payload                          id=0x03ecb42b8b73ec75 number=3800 hash=8eb89f..885f15 txs=0 withdrawals=0 gas=0 fees=0 root=447699..baeb32 elapsed=4.853ms
INFO [06-01|11:29:19.787] Stopping work on payload                 id=0x03ecb42b8b73ec75 reason=delivery
WARN [06-01|11:29:19.791] {"level":"warn","msg":"Slow block","block":{"number":3800,"hash":"0x8eb89fd59d4c3e14ba67ddb367240934bd8c3f6b660619ce36e7784f6d885f15","gas_used":0,"tx_count":0},"timing":{"execution_ms":0.063161,"state_read_ms":3.761078,"state_hash_ms":0.001667,"commit_ms":0.142327,"total_ms":4.313562},"throughput":{"mgas_per_sec":0},"state_reads":{"accounts":4,"storage_slots":0,"code":0,"code_bytes":0},"state_writes":{"accounts":0,"accounts_deleted":0,"storage_slots":0,"storage_slots_deleted":0,"code":0,"code_bytes":0},"cache":{"account":{"hits":0,"misses":4,"hit_rate":0},"storage":{"hits":0,"misses":0,"hit_rate":0},"code":{"hits":0,"misses":0,"hit_rate":0,"hit_bytes":0,"miss_bytes":0}}}
INFO [06-01|11:29:19.791] Imported new potential chain segment     number=3800 hash=8eb89f..885f15 blocks=1 txs=0 mgas=0.000 elapsed=4.556ms    mgasps=0.000 triediffs=1.32MiB triedirty=0.00B
INFO [06-01|11:29:19.792] Chain head was updated                   number=3800 hash=8eb89f..885f15 root=447699..baeb32 elapsed="41.73µs"
INFO [06-01|11:29:20.805] Starting work on payload                 id=0x03751bb5b958d09f
INFO [06-01|11:29:20.823] Updated payload                          id=0x03751bb5b958d09f number=3801 hash=55c212..df5176 txs=0 withdrawals=0 gas=0 fees=0 root=447699..baeb32 elapsed=17.990ms
INFO [06-01|11:29:20.823] Stopping work on payload                 id=0x03751bb5b958d09f reason=delivery
WARN [06-01|11:29:20.826] {"level":"warn","msg":"Slow block","block":{"number":3801,"hash":"0x55c2125032bfc4df283c6154f2d4c11b04ad6a92cda56c52e1d44f6f2edf5176","gas_used":0,"tx_count":0},"timing":{"execution_ms":0.031635,"state_read_ms":2.98631,"state_hash_ms":0.002038,"commit_ms":0.142922,"total_ms":3.390355},"throughput":{"mgas_per_sec":0},"state_reads":{"accounts":4,"storage_slots":0,"code":0,"code_bytes":0},"state_writes":{"accounts":0,"accounts_deleted":0,"storage_slots":0,"storage_slots_deleted":0,"code":0,"code_bytes":0},"cache":{"account":{"hits":0,"misses":4,"hit_rate":0},"storage":{"hits":0,"misses":0,"hit_rate":0},"code":{"hits":0,"misses":0,"hit_rate":0,"hit_bytes":0,"miss_bytes":0}}}
INFO [06-01|11:29:20.826] Imported new potential chain segment     number=3801 hash=55c212..df5176 blocks=1 txs=0 mgas=0.000 elapsed=3.592ms    mgasps=0.000 triediffs=1.32MiB triedirty=0.00B
INFO [06-01|11:29:20.827] Chain head was updated                   number=3801 hash=55c212..df5176 root=447699..baeb32 elapsed="52.916µs"
INFO [06-01|11:29:21.151] Submitted contract creation              hash=0x3bcb20a40dcbd47ae464d47781e809a343fabec54ba5aee759f3adc61cd746ad from=0xf39Fd6e51aad88F6F4ce6aB8827279cffFb92266 nonce=1137 contract=0xD9d572665156732D1B61f3Bc3cfb08A5c20b2b2E value=0
INFO [06-01|11:29:21.151] Submitted transaction                    hash=0x25d806bbef00157a94cbb3d61d48e22f64c0d19baaa8f36c04ec0b6ef9e39c56 from=0xf39Fd6e51aad88F6F4ce6aB8827279cffFb92266 nonce=1138 recipient=0x630467cB2ef7738f097BC9D678150b2924Df88f9 value=78,000,000
INFO [06-01|11:29:21.835] Starting work on payload                 id=0x0326f4828b514378
INFO [06-01|11:29:21.886] Updated payload                          id=0x0326f4828b514378 number=3802 hash=7c4302..4a4786 txs=2 withdrawals=0 gas=86852 fees=5.21112e-13 root=a3fb05..b3a2e8 elapsed=50.848ms
INFO [06-01|11:29:21.886] Stopping work on payload                 id=0x0326f4828b514378 reason=delivery
INFO [06-01|11:29:21.908] Paused snapshot generation
WARN [06-01|11:29:21.909] {"level":"warn","msg":"Slow block","block":{"number":3802,"hash":"0x7c430236b8b804ac0d36281aa0644ce4ede4a93b6dd920faa9722cb2974a4786","gas_used":86852,"tx_count":2},"timing":{"execution_ms":0.086853,"state_read_ms":3.071001,"state_hash_ms":14.537487,"commit_ms":4.805439,"total_ms":22.643981},"throughput":{"mgas_per_sec":3.8355446420839163},"state_reads":{"accounts":11,"storage_slots":0,"code":0,"code_bytes":0},"state_writes":{"accounts":3,"accounts_deleted":0,"storage_slots":0,"storage_slots_deleted":0,"code":1,"code_bytes":157},"cache":{"account":{"hits":6,"misses":5,"hit_rate":54.54545454545454},"storage":{"hits":0,"misses":0,"hit_rate":0},"code":{"hits":0,"misses":0,"hit_rate":0,"hit_bytes":0,"miss_bytes":0}}}
INFO [06-01|11:29:21.909] Imported new potential chain segment     number=3802 hash=7c4302..4a4786 blocks=1 txs=2 mgas=0.087 elapsed=22.917ms   mgasps=3.790 triediffs=1.33MiB triedirty=0.00B
INFO [06-01|11:29:21.909] Chain head was updated                   number=3802 hash=7c4302..4a4786 root=a3fb05..b3a2e8 elapsed="270.481µs"
WARN [06-01|11:29:21.929] Snapshot generation is not permitted
INFO [06-01|11:29:22.162] Submitted transaction                    hash=0xcbabc9da7bcc822b56b0bf6b9e933869663bc9141b8b97ad9f80e50d73ddd0a1 from=0x630467cB2ef7738f097BC9D678150b2924Df88f9 nonce=0    recipient=0xD9d572665156732D1B61f3Bc3cfb08A5c20b2b2E value=0
INFO [06-01|11:29:22.928] Starting work on payload                 id=0x03df6a6b87fb2dea
INFO [06-01|11:29:23.110] Updated payload                          id=0x03df6a6b87fb2dea number=3803 hash=1fdeb8..06a38d txs=1 withdrawals=0 gas=5,900,240 fees=3.540144e-11 root=b7b0a2..70f846 elapsed=181.486ms
INFO [06-01|11:29:23.110] Stopping work on payload                 id=0x03df6a6b87fb2dea reason=delivery
INFO [06-01|11:29:23.226] Paused snapshot generation
WARN [06-01|11:29:23.226] {"level":"warn","msg":"Slow block","block":{"number":3803,"hash":"0x1fdeb827c4813126b72ab24e22cad24f05ceb8ae71232d60d8660b038e06a38d","gas_used":5900240,"tx_count":1},"timing":{"execution_ms":104.751167,"state_read_ms":6.765219,"state_hash_ms":2.608185,"commit_ms":0.880409,"total_ms":115.397607},"throughput":{"mgas_per_sec":51.12965644079604},"state_reads":{"accounts":107,"storage_slots":258,"code":101,"code_bytes":2957},"state_writes":{"accounts":2,"accounts_deleted":0,"storage_slots":0,"storage_slots_deleted":0,"code":0,"code_bytes":0},"cache":{"account":{"hits":38,"misses":69,"hit_rate":35.51401869158878},"storage":{"hits":96,"misses":162,"hit_rate":37.2093023255814},"code":{"hits":101,"misses":0,"hit_rate":100,"hit_bytes":2957,"miss_bytes":0}}}
INFO [06-01|11:29:23.226] Imported new potential chain segment     number=3803 hash=1fdeb8..06a38d blocks=1 txs=1 mgas=5.900 elapsed=115.795ms   mgasps=50.954 triediffs=1.33MiB triedirty=0.00B
INFO [06-01|11:29:23.226] Chain head was updated                   number=3803 hash=1fdeb8..06a38d root=b7b0a2..70f846 elapsed="91.736µs"
WARN [06-01|11:29:23.251] Snapshot generation is not permitted
INFO [06-01|11:29:24.185] Submitted transaction                    hash=0x01c740cd4b019146b0a1f5274a62c0c38a8c13b953e7d8c1271edb9ca0c5c482 from=0x630467cB2ef7738f097BC9D678150b2924Df88f9 nonce=1    recipient=0xf39Fd6e51aad88F6F4ce6aB8827279cffFb92266 value=1,044,880
INFO [06-01|11:29:24.231] Starting work on payload                 id=0x03530732139b4564
INFO [06-01|11:29:24.247] Updated payload                          id=0x03530732139b4564 number=3804 hash=60f3c7..d96909 txs=1 withdrawals=0 gas=21000     fees=2.1e-14      root=75e1fb..c9e039 elapsed=15.181ms
INFO [06-01|11:29:24.247] Stopping work on payload                 id=0x03530732139b4564 reason=delivery
INFO [06-01|11:29:24.254] Paused snapshot generation
WARN [06-01|11:29:24.254] {"level":"warn","msg":"Slow block","block":{"number":3804,"hash":"0x60f3c76f61d659470f5994093bbab1f1183769b09b2c37662fdf4f26a3d96909","gas_used":21000,"tx_count":1},"timing":{"execution_ms":0.066008,"state_read_ms":2.834282,"state_hash_ms":3.48546,"commit_ms":0.580039,"total_ms":7.16655},"throughput":{"mgas_per_sec":2.930280260376332},"state_reads":{"accounts":6,"storage_slots":0,"code":0,"code_bytes":0},"state_writes":{"accounts":2,"accounts_deleted":0,"storage_slots":0,"storage_slots_deleted":0,"code":0,"code_bytes":0},"cache":{"account":{"hits":2,"misses":4,"hit_rate":33.33333333333333},"storage":{"hits":0,"misses":0,"hit_rate":0},"code":{"hits":0,"misses":0,"hit_rate":0,"hit_bytes":0,"miss_bytes":0}}}
INFO [06-01|11:29:24.254] Imported new potential chain segment     number=3804 hash=60f3c7..d96909 blocks=1 txs=1 mgas=0.021 elapsed=7.327ms     mgasps=2.866  triediffs=1.32MiB triedirty=0.00B
INFO [06-01|11:29:24.254] Chain head was updated                   number=3804 hash=60f3c7..d96909 root=75e1fb..c9e039 elapsed="48.62µs"
WARN [06-01|11:29:24.273] Snapshot generation is not permitted
INFO [06-01|11:29:25.277] Starting work on payload                 id=0x03d445a39f88236f
INFO [06-01|11:29:25.282] Updated payload                          id=0x03d445a39f88236f number=3805 hash=12e1fb..bad4b2 txs=0 withdrawals=0 gas=0         fees=0            root=75e1fb..c9e039 elapsed=4.396ms
INFO [06-01|11:29:25.282] Stopping work on payload                 id=0x03d445a39f88236f reason=delivery
WARN [06-01|11:29:25.286] {"level":"warn","msg":"Slow block","block":{"number":3805,"hash":"0x12e1fbce22ece651af290507bd4479c72f5836cfc5514f7857ecaa616bbad4b2","gas_used":0,"tx_count":0},"timing":{"execution_ms":0.023436,"state_read_ms":3.885383,"state_hash_ms":0.001611,"commit_ms":0.133216,"total_ms":4.199476},"throughput":{"mgas_per_sec":0},"state_reads":{"accounts":4,"storage_slots":0,"code":0,"code_bytes":0},"state_writes":{"accounts":0,"accounts_deleted":0,"storage_slots":0,"storage_slots_deleted":0,"code":0,"code_bytes":0},"cache":{"account":{"hits":0,"misses":4,"hit_rate":0},"storage":{"hits":0,"misses":0,"hit_rate":0},"code":{"hits":0,"misses":0,"hit_rate":0,"hit_bytes":0,"miss_bytes":0}}}
INFO [06-01|11:29:25.286] Imported new potential chain segment     number=3805 hash=12e1fb..bad4b2 blocks=1 txs=0 mgas=0.000 elapsed=4.303ms     mgasps=0.000  triediffs=1.32MiB triedirty=0.00B
INFO [06-01|11:29:25.286] Chain head was updated                   number=3805 hash=12e1fb..bad4b2 root=75e1fb..c9e039 elapsed="39.152µs"
