WARN [06-01|12:00:52.275] Unknown config environment variable      envvar=GETH_PBT_BIN
WARN [06-01|12:00:52.276] Unknown config environment variable      envvar=GETH_UBT_BIN
INFO [06-01|12:00:52.287] Starting Geth on Ethereum mainnet...
INFO [06-01|12:00:52.289] Maximum peer count                       ETH=0 total=0
INFO [06-01|12:00:52.290] Smartcard socket not found, disabling    err="stat /run/pcscd/pcscd.comm: no such file or directory"
WARN [06-01|12:00:52.296] Option --miner.etherbase is deprecated as the etherbase is set by the consensus client post-merge
WARN [06-01|12:00:52.298] Snap sync requested, resetting --cache.snapshot
INFO [06-01|12:00:52.298] Set global gas cap                       cap=50,000,000
INFO [06-01|12:00:53.136] Using developer account                  address=0xf39Fd6e51aad88F6F4ce6aB8827279cffFb92266
INFO [06-01|12:00:53.173] Using pebble as the backing database
INFO [06-01|12:00:53.173] Allocated cache and file handles         database=/mnt/state_expiry_vol_data/ubt-vs-pbt-dbs/pbt/geth/chaindata cache=16.00MiB handles=262,144
INFO [06-01|12:00:53.380] Opened ancient database                  database=/mnt/state_expiry_vol_data/ubt-vs-pbt-dbs/pbt/geth/chaindata/ancient/chain readonly=true
INFO [06-01|12:00:53.380] Opened Era store                         datadir=/mnt/state_expiry_vol_data/ubt-vs-pbt-dbs/pbt/geth/chaindata/ancient/chain/era
INFO [06-01|12:00:53.387] Initializing the KZG library             backend=gokzg
INFO [06-01|12:00:53.389] Allocated trie memory caches             clean=0.00B dirty=0.00B
INFO [06-01|12:00:53.397] Using pebble as the backing database
INFO [06-01|12:00:53.397] Allocated cache and file handles         database=/mnt/state_expiry_vol_data/ubt-vs-pbt-dbs/pbt/geth/chaindata cache=16.00MiB handles=262,144
INFO [06-01|12:00:53.568] Opened ancient database                  database=/mnt/state_expiry_vol_data/ubt-vs-pbt-dbs/pbt/geth/chaindata/ancient/chain readonly=false
INFO [06-01|12:00:53.568] Opened Era store                         datadir=/mnt/state_expiry_vol_data/ubt-vs-pbt-dbs/pbt/geth/chaindata/ancient/chain/era
INFO [06-01|12:00:53.573] State scheme set to already existing     scheme=path
INFO [06-01|12:00:53.573] Initialising Ethereum protocol           network=1337 dbversion=9
INFO [06-01|12:00:53.573] Load database journal from file          path=/mnt/state_expiry_vol_data/ubt-vs-pbt-dbs/pbt/geth/triedb/verkle.journal
INFO [06-01|12:00:53.708] Opened ancient database                  database=/mnt/state_expiry_vol_data/ubt-vs-pbt-dbs/pbt/geth/chaindata/ancient/state_verkle readonly=false
INFO [06-01|12:00:53.711] State snapshot generator is not compatible
INFO [06-01|12:00:53.711] Initialized path database                triecache=0.00B statecache=0.00B buffer=0.00B state-history="last 90000 blocks" journal-dir=/mnt/state_expiry_vol_data/ubt-vs-pbt-dbs/pbt/geth/triedb verkle=true
INFO [06-01|12:00:53.711] 
INFO [06-01|12:00:53.711] ---------------------------------------------------------------------------------------------------------------------------------------------------------
INFO [06-01|12:00:53.711] Chain ID:  1337 (unknown)
INFO [06-01|12:00:53.711] Consensus: unknown
INFO [06-01|12:00:53.711] 
INFO [06-01|12:00:53.711] Pre-Merge hard forks (block based):
INFO [06-01|12:00:53.711]  - Homestead:                   #0       
INFO [06-01|12:00:53.711]  - Tangerine Whistle (EIP 150): #0       
INFO [06-01|12:00:53.711]  - Spurious Dragon/1 (EIP 155): #0       
INFO [06-01|12:00:53.711]  - Spurious Dragon/2 (EIP 158): #0       
INFO [06-01|12:00:53.711]  - Byzantium:                   #0       
INFO [06-01|12:00:53.711]  - Constantinople:              #0       
INFO [06-01|12:00:53.711]  - Petersburg:                  #0       
INFO [06-01|12:00:53.711]  - Istanbul:                    #0       
INFO [06-01|12:00:53.711]  - Berlin:                      #0       
INFO [06-01|12:00:53.711]  - London:                      #0       
INFO [06-01|12:00:53.711]  - Arrow Glacier:               #0       
INFO [06-01|12:00:53.711]  - Gray Glacier:                #0       
INFO [06-01|12:00:53.711] 
INFO [06-01|12:00:53.711] Merge configured:
INFO [06-01|12:00:53.711]  - Total terminal difficulty:  0
INFO [06-01|12:00:53.711]  - Merge netsplit block:       #0       
INFO [06-01|12:00:53.711] 
INFO [06-01|12:00:53.711] Post-Merge hard forks (timestamp based):
INFO [06-01|12:00:53.711]  - Shanghai:                    @0         
INFO [06-01|12:00:53.711]  - Cancun:                      @0          blob: (target: 3, max: 6, fraction: 3338477)
INFO [06-01|12:00:53.711]  - Prague:                      @0          blob: (target: 6, max: 9, fraction: 5007716)
INFO [06-01|12:00:53.711]  - Osaka:                       @0          blob: (target: 6, max: 9, fraction: 5007716)
INFO [06-01|12:00:53.711]  - UBT:                         @0          blob: (nil)
INFO [06-01|12:00:53.711] 
INFO [06-01|12:00:53.711] All fork specifications can be found at https://ethereum.github.io/execution-specs/src/ethereum/forks/
INFO [06-01|12:00:53.711] 
INFO [06-01|12:00:53.711] ---------------------------------------------------------------------------------------------------------------------------------------------------------
INFO [06-01|12:00:53.711] 
INFO [06-01|12:00:53.714] Loaded most recent local block           number=5015 hash=d43040..8f5b86 age=3s
INFO [06-01|12:00:53.714] Loaded most recent local finalized block number=4992 hash=657926..5c6a4a age=37s
INFO [06-01|12:00:53.716] Initialized transaction indexer          range="last 2350000 blocks"
INFO [06-01|12:00:53.716] Initialized log indexer                  firstblock=0 lastblock=5015 firstmap=0 lastmap=0 headindexed=true
INFO [06-01|12:00:53.739] Enabled full-sync                        head=5015 hash=d43040..8f5b86
INFO [06-01|12:00:53.740] Unprotected transactions allowed
INFO [06-01|12:00:53.740] Gasprice oracle is ignoring threshold set threshold=2
INFO [06-01|12:00:53.740] Registered sync override service
WARN [06-01|12:00:53.740] You are running Geth in --dev mode. Please note the following:
WARN [06-01|12:00:53.740] 
WARN [06-01|12:00:53.740]   1. This mode is only intended for fast, iterative development without assumptions on
WARN [06-01|12:00:53.740]      security or persistence.
WARN [06-01|12:00:53.740]   2. The database is created in memory unless specified otherwise. Therefore, shutting down
WARN [06-01|12:00:53.740]      your computer or losing power will wipe your entire block data and chain state for
WARN [06-01|12:00:53.740]      your dev environment.
WARN [06-01|12:00:53.740]   3. A random, pre-allocated developer account will be available and unlocked as
WARN [06-01|12:00:53.740]      eth.coinbase, which can be used for testing. The random dev account is temporary,
WARN [06-01|12:00:53.740]      stored on a ramdisk, and will be lost if your machine is restarted.
WARN [06-01|12:00:53.740]   4. Mining is enabled by default. However, the client will only seal blocks if transactions
WARN [06-01|12:00:53.740]      are pending in the mempool. The miner's minimum accepted gas price is 1.
WARN [06-01|12:00:53.740]   5. Networking is disabled; there is no listen-address, the maximum number of peers is set
WARN [06-01|12:00:53.740]      to 0, and discovery is disabled.
WARN [06-01|12:00:53.740] 
INFO [06-01|12:00:53.740] Starting peer-to-peer node               instance=Geth/v1.17.3-unstable/linux-amd64/go1.24.9
WARN [06-01|12:00:53.740] P2P server will be useless, neither dialing nor listening
INFO [06-01|12:00:53.775] IPC endpoint opened                      url=/mnt/state_expiry_vol_data/ubt-vs-pbt-dbs/pbt/geth.ipc
ERROR[06-01|12:00:53.775] Unavailable modules in HTTP API list     unavailable=[personal] available="[admin debug web3 eth txpool miner net dev testing]"
INFO [06-01|12:00:53.775] New local node record                    seq=1,780,292,694,939 id=972c5cc0b2a1895c ip=127.0.0.1 udp=0 tcp=0
INFO [06-01|12:00:53.775] Started P2P networking                   self=enode://16ec6c0bde109d66472afe00ec8fee3d30718d830d1acf0829842abca89b82afff8a454636cde3b26d700f98647938c6f23e7bee3027caca0d7f19e4b3725e13@127.0.0.1:0
INFO [06-01|12:00:53.775] HTTP server started                      endpoint=127.0.0.1:8545 auth=false prefix= cors= vhosts=localhost
INFO [06-01|12:00:53.776] WebSocket enabled                        url=ws://127.0.0.1:8546
INFO [06-01|12:00:54.166] Loaded local transaction journal         transactions=3533 dropped=0
INFO [06-01|12:00:54.808] Started log indexer
INFO [06-01|12:00:54.845] Starting work on payload                 id=0x03c8db636c76c9c3
INFO [06-01|12:00:54.851] Updated payload                          id=0x03c8db636c76c9c3 number=5016 hash=86492e..4e8892 txs=0 withdrawals=0 gas=0 fees=0 root=bcd200..9f71ba elapsed=5.809ms
INFO [06-01|12:00:54.853] Stopping work on payload                 id=0x03c8db636c76c9c3 reason=delivery
WARN [06-01|12:00:54.868] {"level":"warn","msg":"Slow block","block":{"number":5016,"hash":"0x86492eca855e9107badba00bbbb730e72de96073a8560f36f595ccee754e8892","gas_used":0,"tx_count":0},"timing":{"execution_ms":0.070752,"state_read_ms":15.643128,"state_hash_ms":0.002944,"commit_ms":0.245193,"total_ms":16.177313},"throughput":{"mgas_per_sec":0},"state_reads":{"accounts":4,"storage_slots":0,"code":0,"code_bytes":0},"state_writes":{"accounts":0,"accounts_deleted":0,"storage_slots":0,"storage_slots_deleted":0,"code":0,"code_bytes":0},"cache":{"account":{"hits":0,"misses":4,"hit_rate":0},"storage":{"hits":0,"misses":0,"hit_rate":0},"code":{"hits":0,"misses":0,"hit_rate":0,"hit_bytes":0,"miss_bytes":0}}}
INFO [06-01|12:00:54.868] Imported new potential chain segment     number=5016 hash=86492e..4e8892 blocks=1 txs=0 mgas=0.000 elapsed=16.639ms mgasps=0.000 triediffs=8.38MiB triedirty=0.00B
INFO [06-01|12:00:54.868] Chain head was updated                   number=5016 hash=86492e..4e8892 root=bcd200..9f71ba elapsed="63.255µs"
INFO [06-01|12:00:55.873] Starting work on payload                 id=0x035aebbdada6cbac
INFO [06-01|12:00:55.890] Updated payload                          id=0x035aebbdada6cbac number=5017 hash=6491fa..7aff14 txs=0 withdrawals=0 gas=0 fees=0 root=bcd200..9f71ba elapsed=16.526ms
INFO [06-01|12:00:55.890] Stopping work on payload                 id=0x035aebbdada6cbac reason=delivery
WARN [06-01|12:00:55.895] {"level":"warn","msg":"Slow block","block":{"number":5017,"hash":"0x6491fa072784facfaabf37ebeb11f2d1b99ee7d15a1bb0353e8467b6847aff14","gas_used":0,"tx_count":0},"timing":{"execution_ms":0.030968,"state_read_ms":3.964235,"state_hash_ms":0.001763,"commit_ms":0.125903,"total_ms":4.394777},"throughput":{"mgas_per_sec":0},"state_reads":{"accounts":4,"storage_slots":0,"code":0,"code_bytes":0},"state_writes":{"accounts":0,"accounts_deleted":0,"storage_slots":0,"storage_slots_deleted":0,"code":0,"code_bytes":0},"cache":{"account":{"hits":0,"misses":4,"hit_rate":0},"storage":{"hits":0,"misses":0,"hit_rate":0},"code":{"hits":0,"misses":0,"hit_rate":0,"hit_bytes":0,"miss_bytes":0}}}
INFO [06-01|12:00:55.895] Imported new potential chain segment     number=5017 hash=6491fa..7aff14 blocks=1 txs=0 mgas=0.000 elapsed=4.597ms    mgasps=0.000 triediffs=8.38MiB triedirty=0.00B
INFO [06-01|12:00:55.895] Chain head was updated                   number=5017 hash=6491fa..7aff14 root=bcd200..9f71ba elapsed="53.979µs"
INFO [06-01|12:00:56.915] Starting work on payload                 id=0x0390db268f8682b2
INFO [06-01|12:00:56.918] Updated payload                          id=0x0390db268f8682b2 number=5018 hash=c53ae0..75fc7b txs=0 withdrawals=0 gas=0 fees=0 root=bcd200..9f71ba elapsed=3.496ms
INFO [06-01|12:00:56.918] Stopping work on payload                 id=0x0390db268f8682b2 reason=delivery
WARN [06-01|12:00:56.932] {"level":"warn","msg":"Slow block","block":{"number":5018,"hash":"0xc53ae0fda15c4a0e3212ef6c3d4d982a663c3dd9bdcd248a28eba493e675fc7b","gas_used":0,"tx_count":0},"timing":{"execution_ms":0.031034,"state_read_ms":13.521651,"state_hash_ms":0.001666,"commit_ms":0.116473,"total_ms":13.801991},"throughput":{"mgas_per_sec":0},"state_reads":{"accounts":4,"storage_slots":0,"code":0,"code_bytes":0},"state_writes":{"accounts":0,"accounts_deleted":0,"storage_slots":0,"storage_slots_deleted":0,"code":0,"code_bytes":0},"cache":{"account":{"hits":0,"misses":4,"hit_rate":0},"storage":{"hits":0,"misses":0,"hit_rate":0},"code":{"hits":0,"misses":0,"hit_rate":0,"hit_bytes":0,"miss_bytes":0}}}
INFO [06-01|12:00:56.932] Imported new potential chain segment     number=5018 hash=c53ae0..75fc7b blocks=1 txs=0 mgas=0.000 elapsed=13.960ms   mgasps=0.000 triediffs=8.38MiB triedirty=0.00B
INFO [06-01|12:00:56.933] Chain head was updated                   number=5018 hash=c53ae0..75fc7b root=bcd200..9f71ba elapsed="35.087µs"
INFO [06-01|12:00:57.208] Submitted contract creation              hash=0x0a8944a5035b96bd467a24df8b42517dd9ed0a6fe6d647969cd9d7bf90f59c45 from=0xf39Fd6e51aad88F6F4ce6aB8827279cffFb92266 nonce=1511 contract=0x554D0292CD1E740123b360DD6D10037De00a0Bd7 value=0
INFO [06-01|12:00:57.209] Submitted transaction                    hash=0x425a376df5e0bf40734049ade9cb574574723c44b87a08f1d0bd8d91ede95c96 from=0xf39Fd6e51aad88F6F4ce6aB8827279cffFb92266 nonce=1512 recipient=0xFCfA8Dd7C9da4eA362284a6Ffc58779c9b815815 value=78,000,000
INFO [06-01|12:00:57.936] Starting work on payload                 id=0x03b266e4d14b6137
INFO [06-01|12:00:57.961] Updated payload                          id=0x03b266e4d14b6137 number=5019 hash=623668..e75bb4 txs=2 withdrawals=0 gas=91698 fees=5.50188e-13 root=e2caaa..8eb391 elapsed=24.899ms
INFO [06-01|12:00:57.962] Stopping work on payload                 id=0x03b266e4d14b6137 reason=delivery
INFO [06-01|12:00:57.986] Paused snapshot generation
WARN [06-01|12:00:57.987] {"level":"warn","msg":"Slow block","block":{"number":5019,"hash":"0x623668d324cda185c4e039239607cbb22d7e969589a9447b2e5134517fe75bb4","gas_used":91698,"tx_count":2},"timing":{"execution_ms":0.134709,"state_read_ms":17.247727,"state_hash_ms":2.799528,"commit_ms":4.585469,"total_ms":24.921016},"throughput":{"mgas_per_sec":3.6795450073143083},"state_reads":{"accounts":11,"storage_slots":0,"code":0,"code_bytes":0},"state_writes":{"accounts":3,"accounts_deleted":0,"storage_slots":0,"storage_slots_deleted":0,"code":1,"code_bytes":305},"cache":{"account":{"hits":5,"misses":6,"hit_rate":45.45454545454545},"storage":{"hits":0,"misses":0,"hit_rate":0},"code":{"hits":0,"misses":0,"hit_rate":0,"hit_bytes":0,"miss_bytes":0}}}
INFO [06-01|12:00:57.987] Imported new potential chain segment     number=5019 hash=623668..e75bb4 blocks=1 txs=2 mgas=0.092 elapsed=25.075ms   mgasps=3.657 triediffs=8.36MiB triedirty=0.00B
INFO [06-01|12:00:57.987] Chain head was updated                   number=5019 hash=623668..e75bb4 root=e2caaa..8eb391 elapsed="169.691µs"
WARN [06-01|12:00:58.014] Snapshot generation is not permitted
INFO [06-01|12:00:58.223] Submitted transaction                    hash=0x069290709446a67aa778d3afdfafce91591630db53c766ba0ca601f490361979 from=0xFCfA8Dd7C9da4eA362284a6Ffc58779c9b815815 nonce=0    recipient=0x554D0292CD1E740123b360DD6D10037De00a0Bd7 value=0
INFO [06-01|12:00:58.992] Starting work on payload                 id=0x03600f9d346f6d96
INFO [06-01|12:00:59.113] Updated payload                          id=0x03600f9d346f6d96 number=5020 hash=5953b9..1afaa5 txs=1 withdrawals=0 gas=5,919,252 fees=3.5515512e-11 root=5b8049..d24b12 elapsed=121.504ms
INFO [06-01|12:00:59.113] Stopping work on payload                 id=0x03600f9d346f6d96 reason=delivery
INFO [06-01|12:00:59.184] Paused snapshot generation
WARN [06-01|12:00:59.186] {"level":"warn","msg":"Slow block","block":{"number":5020,"hash":"0x5953b9ffcc2461adcf9de162bc38d01e57d21f31f19cdb649f33463d551afaa5","gas_used":5919252,"tx_count":1},"timing":{"execution_ms":38.494942,"state_read_ms":15.106416,"state_hash_ms":14.551741,"commit_ms":3.746699,"total_ms":72.073995},"throughput":{"mgas_per_sec":82.12743028883025},"state_reads":{"accounts":263,"storage_slots":814,"code":257,"code_bytes":7473},"state_writes":{"accounts":47,"accounts_deleted":0,"storage_slots":72,"storage_slots_deleted":0,"code":0,"code_bytes":0},"cache":{"account":{"hits":5,"misses":258,"hit_rate":1.9011406844106464},"storage":{"hits":116,"misses":698,"hit_rate":14.250614250614252},"code":{"hits":257,"misses":0,"hit_rate":100,"hit_bytes":7473,"miss_bytes":0}}}
INFO [06-01|12:00:59.186] Imported new potential chain segment     number=5020 hash=5953b9..1afaa5 blocks=1 txs=1 mgas=5.919 elapsed=72.263ms    mgasps=81.912 triediffs=8.71MiB triedirty=0.00B
INFO [06-01|12:00:59.186] Chain head was updated                   number=5020 hash=5953b9..1afaa5 root=5b8049..d24b12 elapsed="102.022µs"
WARN [06-01|12:00:59.212] Snapshot generation is not permitted
INFO [06-01|12:00:59.237] Submitted transaction                    hash=0x601ee3de8325a9476429c9a75da2d4ca479b6c9f64da9665aca4b6bbc65a133f from=0xFCfA8Dd7C9da4eA362284a6Ffc58779c9b815815 nonce=1    recipient=0xf39Fd6e51aad88F6F4ce6aB8827279cffFb92266 value=797,724
INFO [06-01|12:01:00.198] Starting work on payload                 id=0x039c8c0e3821e5a9
INFO [06-01|12:01:00.211] Updated payload                          id=0x039c8c0e3821e5a9 number=5021 hash=2b7aff..4cd3b7 txs=1 withdrawals=0 gas=21000     fees=2.1e-14       root=315dcf..e44233 elapsed=13.204ms
INFO [06-01|12:01:00.211] Stopping work on payload                 id=0x039c8c0e3821e5a9 reason=delivery
INFO [06-01|12:01:00.245] Paused snapshot generation
WARN [06-01|12:01:00.245] {"level":"warn","msg":"Slow block","block":{"number":5021,"hash":"0x2b7aff85e4087b40b56f72e470930d210a72c35daa28d6ec430c9c9d094cd3b7","gas_used":21000,"tx_count":1},"timing":{"execution_ms":0.067425,"state_read_ms":14.241191,"state_hash_ms":18.211429,"commit_ms":0.616892,"total_ms":33.303329},"throughput":{"mgas_per_sec":0.6305675928073137},"state_reads":{"accounts":6,"storage_slots":0,"code":0,"code_bytes":0},"state_writes":{"accounts":2,"accounts_deleted":0,"storage_slots":0,"storage_slots_deleted":0,"code":0,"code_bytes":0},"cache":{"account":{"hits":2,"misses":4,"hit_rate":33.33333333333333},"storage":{"hits":0,"misses":0,"hit_rate":0},"code":{"hits":0,"misses":0,"hit_rate":0,"hit_bytes":0,"miss_bytes":0}}}
INFO [06-01|12:01:00.245] Imported new potential chain segment     number=5021 hash=2b7aff..4cd3b7 blocks=1 txs=1 mgas=0.021 elapsed=33.519ms    mgasps=0.627  triediffs=8.71MiB triedirty=0.00B
INFO [06-01|12:01:00.245] Chain head was updated                   number=5021 hash=2b7aff..4cd3b7 root=315dcf..e44233 elapsed="42.901µs"
WARN [06-01|12:01:00.264] Snapshot generation is not permitted
INFO [06-01|12:01:01.249] Starting work on payload                 id=0x03dc27c58f276def
INFO [06-01|12:01:01.252] Updated payload                          id=0x03dc27c58f276def number=5022 hash=4572b7..501d2b txs=0 withdrawals=0 gas=0         fees=0             root=315dcf..e44233 elapsed=3.054ms
INFO [06-01|12:01:01.252] Stopping work on payload                 id=0x03dc27c58f276def reason=delivery
WARN [06-01|12:01:01.255] {"level":"warn","msg":"Slow block","block":{"number":5022,"hash":"0x4572b7c829a3017c5577b806b3fede9af8b0b4fc4d4272b8075e85a5f8501d2b","gas_used":0,"tx_count":0},"timing":{"execution_ms":0.02085,"state_read_ms":2.758604,"state_hash_ms":0.001303,"commit_ms":0.10047,"total_ms":3.015464},"throughput":{"mgas_per_sec":0},"state_reads":{"accounts":4,"storage_slots":0,"code":0,"code_bytes":0},"state_writes":{"accounts":0,"accounts_deleted":0,"storage_slots":0,"storage_slots_deleted":0,"code":0,"code_bytes":0},"cache":{"account":{"hits":0,"misses":4,"hit_rate":0},"storage":{"hits":0,"misses":0,"hit_rate":0},"code":{"hits":0,"misses":0,"hit_rate":0,"hit_bytes":0,"miss_bytes":0}}}
INFO [06-01|12:01:01.256] Imported new potential chain segment     number=5022 hash=4572b7..501d2b blocks=1 txs=0 mgas=0.000 elapsed=3.114ms     mgasps=0.000  triediffs=8.71MiB triedirty=0.00B
INFO [06-01|12:01:01.256] Chain head was updated                   number=5022 hash=4572b7..501d2b root=315dcf..e44233 elapsed="32.177µs"
