WARN [06-01|11:59:51.416] Unknown config environment variable      envvar=GETH_PBT_BIN
WARN [06-01|11:59:51.416] Unknown config environment variable      envvar=GETH_UBT_BIN
INFO [06-01|11:59:51.427] Starting Geth on Ethereum mainnet...
INFO [06-01|11:59:51.429] Maximum peer count                       ETH=0 total=0
INFO [06-01|11:59:51.430] Smartcard socket not found, disabling    err="stat /run/pcscd/pcscd.comm: no such file or directory"
WARN [06-01|11:59:51.435] Option --miner.etherbase is deprecated as the etherbase is set by the consensus client post-merge
WARN [06-01|11:59:51.439] Snap sync requested, resetting --cache.snapshot
INFO [06-01|11:59:51.439] Set global gas cap                       cap=50,000,000
INFO [06-01|11:59:52.248] Using developer account                  address=0xf39Fd6e51aad88F6F4ce6aB8827279cffFb92266
INFO [06-01|11:59:52.286] Using pebble as the backing database
INFO [06-01|11:59:52.286] Allocated cache and file handles         database=/mnt/state_expiry_vol_data/ubt-vs-pbt-dbs/pbt/geth/chaindata cache=16.00MiB handles=262,144
INFO [06-01|11:59:52.491] Opened ancient database                  database=/mnt/state_expiry_vol_data/ubt-vs-pbt-dbs/pbt/geth/chaindata/ancient/chain readonly=true
INFO [06-01|11:59:52.491] Opened Era store                         datadir=/mnt/state_expiry_vol_data/ubt-vs-pbt-dbs/pbt/geth/chaindata/ancient/chain/era
INFO [06-01|11:59:52.499] Initializing the KZG library             backend=gokzg
INFO [06-01|11:59:52.500] Allocated trie memory caches             clean=0.00B dirty=0.00B
INFO [06-01|11:59:52.508] Using pebble as the backing database
INFO [06-01|11:59:52.508] Allocated cache and file handles         database=/mnt/state_expiry_vol_data/ubt-vs-pbt-dbs/pbt/geth/chaindata cache=16.00MiB handles=262,144
INFO [06-01|11:59:52.692] Opened ancient database                  database=/mnt/state_expiry_vol_data/ubt-vs-pbt-dbs/pbt/geth/chaindata/ancient/chain readonly=false
INFO [06-01|11:59:52.692] Opened Era store                         datadir=/mnt/state_expiry_vol_data/ubt-vs-pbt-dbs/pbt/geth/chaindata/ancient/chain/era
INFO [06-01|11:59:52.700] State scheme set to already existing     scheme=path
INFO [06-01|11:59:52.700] Initialising Ethereum protocol           network=1337 dbversion=9
INFO [06-01|11:59:52.700] Load database journal from file          path=/mnt/state_expiry_vol_data/ubt-vs-pbt-dbs/pbt/geth/triedb/verkle.journal
INFO [06-01|11:59:52.813] Opened ancient database                  database=/mnt/state_expiry_vol_data/ubt-vs-pbt-dbs/pbt/geth/chaindata/ancient/state_verkle readonly=false
INFO [06-01|11:59:52.815] State snapshot generator is not compatible
INFO [06-01|11:59:52.815] Initialized path database                triecache=0.00B statecache=0.00B buffer=0.00B state-history="last 90000 blocks" journal-dir=/mnt/state_expiry_vol_data/ubt-vs-pbt-dbs/pbt/geth/triedb verkle=true
INFO [06-01|11:59:52.815] 
INFO [06-01|11:59:52.815] ---------------------------------------------------------------------------------------------------------------------------------------------------------
INFO [06-01|11:59:52.815] Chain ID:  1337 (unknown)
INFO [06-01|11:59:52.815] Consensus: unknown
INFO [06-01|11:59:52.815] 
INFO [06-01|11:59:52.815] Pre-Merge hard forks (block based):
INFO [06-01|11:59:52.815]  - Homestead:                   #0       
INFO [06-01|11:59:52.815]  - Tangerine Whistle (EIP 150): #0       
INFO [06-01|11:59:52.815]  - Spurious Dragon/1 (EIP 155): #0       
INFO [06-01|11:59:52.815]  - Spurious Dragon/2 (EIP 158): #0       
INFO [06-01|11:59:52.815]  - Byzantium:                   #0       
INFO [06-01|11:59:52.815]  - Constantinople:              #0       
INFO [06-01|11:59:52.815]  - Petersburg:                  #0       
INFO [06-01|11:59:52.815]  - Istanbul:                    #0       
INFO [06-01|11:59:52.815]  - Berlin:                      #0       
INFO [06-01|11:59:52.815]  - London:                      #0       
INFO [06-01|11:59:52.815]  - Arrow Glacier:               #0       
INFO [06-01|11:59:52.815]  - Gray Glacier:                #0       
INFO [06-01|11:59:52.815] 
INFO [06-01|11:59:52.815] Merge configured:
INFO [06-01|11:59:52.815]  - Total terminal difficulty:  0
INFO [06-01|11:59:52.815]  - Merge netsplit block:       #0       
INFO [06-01|11:59:52.815] 
INFO [06-01|11:59:52.815] Post-Merge hard forks (timestamp based):
INFO [06-01|11:59:52.815]  - Shanghai:                    @0         
INFO [06-01|11:59:52.815]  - Cancun:                      @0          blob: (target: 3, max: 6, fraction: 3338477)
INFO [06-01|11:59:52.815]  - Prague:                      @0          blob: (target: 6, max: 9, fraction: 5007716)
INFO [06-01|11:59:52.815]  - Osaka:                       @0          blob: (target: 6, max: 9, fraction: 5007716)
INFO [06-01|11:59:52.815]  - UBT:                         @0          blob: (nil)
INFO [06-01|11:59:52.815] 
INFO [06-01|11:59:52.815] All fork specifications can be found at https://ethereum.github.io/execution-specs/src/ethereum/forks/
INFO [06-01|11:59:52.815] 
INFO [06-01|11:59:52.815] ---------------------------------------------------------------------------------------------------------------------------------------------------------
INFO [06-01|11:59:52.815] 
INFO [06-01|11:59:52.817] Loaded most recent local block           number=4976 hash=4fb29b..d5337b age=3s
INFO [06-01|11:59:52.817] Loaded most recent local finalized block number=4960 hash=317b56..a88429 age=26s
INFO [06-01|11:59:52.818] Initialized transaction indexer          range="last 2350000 blocks"
INFO [06-01|11:59:52.818] Initialized log indexer                  firstblock=0 lastblock=4976 firstmap=0 lastmap=0 headindexed=true
INFO [06-01|11:59:52.837] Enabled full-sync                        head=4976 hash=4fb29b..d5337b
INFO [06-01|11:59:52.838] Unprotected transactions allowed
INFO [06-01|11:59:52.838] Gasprice oracle is ignoring threshold set threshold=2
INFO [06-01|11:59:52.838] Registered sync override service
WARN [06-01|11:59:52.838] You are running Geth in --dev mode. Please note the following:
WARN [06-01|11:59:52.838] 
WARN [06-01|11:59:52.838]   1. This mode is only intended for fast, iterative development without assumptions on
WARN [06-01|11:59:52.838]      security or persistence.
WARN [06-01|11:59:52.838]   2. The database is created in memory unless specified otherwise. Therefore, shutting down
WARN [06-01|11:59:52.838]      your computer or losing power will wipe your entire block data and chain state for
WARN [06-01|11:59:52.838]      your dev environment.
WARN [06-01|11:59:52.838]   3. A random, pre-allocated developer account will be available and unlocked as
WARN [06-01|11:59:52.838]      eth.coinbase, which can be used for testing. The random dev account is temporary,
WARN [06-01|11:59:52.838]      stored on a ramdisk, and will be lost if your machine is restarted.
WARN [06-01|11:59:52.838]   4. Mining is enabled by default. However, the client will only seal blocks if transactions
WARN [06-01|11:59:52.838]      are pending in the mempool. The miner's minimum accepted gas price is 1.
WARN [06-01|11:59:52.838]   5. Networking is disabled; there is no listen-address, the maximum number of peers is set
WARN [06-01|11:59:52.838]      to 0, and discovery is disabled.
WARN [06-01|11:59:52.838] 
INFO [06-01|11:59:52.838] Starting peer-to-peer node               instance=Geth/v1.17.3-unstable/linux-amd64/go1.24.9
WARN [06-01|11:59:52.838] P2P server will be useless, neither dialing nor listening
INFO [06-01|11:59:52.858] IPC endpoint opened                      url=/mnt/state_expiry_vol_data/ubt-vs-pbt-dbs/pbt/geth.ipc
ERROR[06-01|11:59:52.858] Unavailable modules in HTTP API list     unavailable=[personal] available="[admin debug web3 eth txpool miner net dev testing]"
INFO [06-01|11:59:52.858] New local node record                    seq=1,780,292,694,933 id=972c5cc0b2a1895c ip=127.0.0.1 udp=0 tcp=0
INFO [06-01|11:59:52.858] Started P2P networking                   self=enode://16ec6c0bde109d66472afe00ec8fee3d30718d830d1acf0829842abca89b82afff8a454636cde3b26d700f98647938c6f23e7bee3027caca0d7f19e4b3725e13@127.0.0.1:0
INFO [06-01|11:59:52.859] HTTP server started                      endpoint=127.0.0.1:8545 auth=false prefix= cors= vhosts=localhost
INFO [06-01|11:59:52.859] WebSocket enabled                        url=ws://127.0.0.1:8546
INFO [06-01|11:59:53.219] Loaded local transaction journal         transactions=3509 dropped=0
INFO [06-01|11:59:53.916] Started log indexer
INFO [06-01|11:59:53.954] Starting work on payload                 id=0x032faa48993f22c3
INFO [06-01|11:59:53.967] Updated payload                          id=0x032faa48993f22c3 number=4977 hash=ae85f3..e556d7 txs=0 withdrawals=0 gas=0 fees=0 root=a1d9f4..2f3d98 elapsed=12.633ms
INFO [06-01|11:59:53.967] Stopping work on payload                 id=0x032faa48993f22c3 reason=delivery
WARN [06-01|11:59:53.974] {"level":"warn","msg":"Slow block","block":{"number":4977,"hash":"0xae85f325cc32dc468d52a1f9337fd4cb0c6c357157d5a52bcb860820d3e556d7","gas_used":0,"tx_count":0},"timing":{"execution_ms":0.052322,"state_read_ms":4.735573,"state_hash_ms":0.002591,"commit_ms":0.160898,"total_ms":5.552512},"throughput":{"mgas_per_sec":0},"state_reads":{"accounts":4,"storage_slots":0,"code":0,"code_bytes":0},"state_writes":{"accounts":0,"accounts_deleted":0,"storage_slots":0,"storage_slots_deleted":0,"code":0,"code_bytes":0},"cache":{"account":{"hits":0,"misses":4,"hit_rate":0},"storage":{"hits":0,"misses":0,"hit_rate":0},"code":{"hits":0,"misses":0,"hit_rate":0,"hit_bytes":0,"miss_bytes":0}}}
INFO [06-01|11:59:53.974] Imported new potential chain segment     number=4977 hash=ae85f3..e556d7 blocks=1 txs=0 mgas=0.000 elapsed=6.055ms  mgasps=0.000 triediffs=6.44MiB triedirty=0.00B
INFO [06-01|11:59:53.974] Chain head was updated                   number=4977 hash=ae85f3..e556d7 root=a1d9f4..2f3d98 elapsed="81.501µs"
INFO [06-01|11:59:54.979] Starting work on payload                 id=0x03404ed6d899fdfd
INFO [06-01|11:59:55.004] Updated payload                          id=0x03404ed6d899fdfd number=4978 hash=08a9fc..396049 txs=0 withdrawals=0 gas=0 fees=0 root=a1d9f4..2f3d98 elapsed=24.608ms
INFO [06-01|11:59:55.004] Stopping work on payload                 id=0x03404ed6d899fdfd reason=delivery
WARN [06-01|11:59:55.008] {"level":"warn","msg":"Slow block","block":{"number":4978,"hash":"0x08a9fca7fa5f654e385711d5059bc29527444c7492321c27a643304a11396049","gas_used":0,"tx_count":0},"timing":{"execution_ms":0.037678,"state_read_ms":3.459601,"state_hash_ms":0.002698,"commit_ms":0.237367,"total_ms":3.992199},"throughput":{"mgas_per_sec":0},"state_reads":{"accounts":4,"storage_slots":0,"code":0,"code_bytes":0},"state_writes":{"accounts":0,"accounts_deleted":0,"storage_slots":0,"storage_slots_deleted":0,"code":0,"code_bytes":0},"cache":{"account":{"hits":0,"misses":4,"hit_rate":0},"storage":{"hits":0,"misses":0,"hit_rate":0},"code":{"hits":0,"misses":0,"hit_rate":0,"hit_bytes":0,"miss_bytes":0}}}
INFO [06-01|11:59:55.008] Imported new potential chain segment     number=4978 hash=08a9fc..396049 blocks=1 txs=0 mgas=0.000 elapsed=4.170ms    mgasps=0.000 triediffs=6.44MiB triedirty=0.00B
INFO [06-01|11:59:55.008] Chain head was updated                   number=4978 hash=08a9fc..396049 root=a1d9f4..2f3d98 elapsed="47.531µs"
INFO [06-01|11:59:56.014] Starting work on payload                 id=0x038d0a10e91ca49e
INFO [06-01|11:59:56.025] Updated payload                          id=0x038d0a10e91ca49e number=4979 hash=29dbc2..ab8197 txs=0 withdrawals=0 gas=0 fees=0 root=a1d9f4..2f3d98 elapsed=11.748ms
INFO [06-01|11:59:56.026] Stopping work on payload                 id=0x038d0a10e91ca49e reason=delivery
WARN [06-01|11:59:56.048] {"level":"warn","msg":"Slow block","block":{"number":4979,"hash":"0x29dbc23add6fd4a356e651da39b79d7f1203dcbcb471116143d6cb8017ab8197","gas_used":0,"tx_count":0},"timing":{"execution_ms":0.040775,"state_read_ms":21.695444,"state_hash_ms":0.00205,"commit_ms":0.106826,"total_ms":21.991393},"throughput":{"mgas_per_sec":0},"state_reads":{"accounts":4,"storage_slots":0,"code":0,"code_bytes":0},"state_writes":{"accounts":0,"accounts_deleted":0,"storage_slots":0,"storage_slots_deleted":0,"code":0,"code_bytes":0},"cache":{"account":{"hits":0,"misses":4,"hit_rate":0},"storage":{"hits":0,"misses":0,"hit_rate":0},"code":{"hits":0,"misses":0,"hit_rate":0,"hit_bytes":0,"miss_bytes":0}}}
INFO [06-01|11:59:56.048] Imported new potential chain segment     number=4979 hash=29dbc2..ab8197 blocks=1 txs=0 mgas=0.000 elapsed=22.245ms   mgasps=0.000 triediffs=6.44MiB triedirty=0.00B
INFO [06-01|11:59:56.048] Chain head was updated                   number=4979 hash=29dbc2..ab8197 root=a1d9f4..2f3d98 elapsed="183.883µs"
INFO [06-01|11:59:56.345] Submitted contract creation              hash=0xb0f12d4bc53158b0684901e01a7aa1ca4a305a6a7a25b4cefe7bf0e579f1277e from=0xf39Fd6e51aad88F6F4ce6aB8827279cffFb92266 nonce=1499 contract=0x40C33C25C90FE65BEf7a378feBA0588c88A29Bee value=0
INFO [06-01|11:59:56.345] Submitted transaction                    hash=0x03e7f36d2185c27ea87433f70bb58527f091c0b651bbc37110f1e16ad7d4f08d from=0xf39Fd6e51aad88F6F4ce6aB8827279cffFb92266 nonce=1500 recipient=0xA37C2Db4aE52D03d76486002d9268cBB30162E30 value=78,000,000
INFO [06-01|11:59:57.054] Starting work on payload                 id=0x03ab08028f932de0
INFO [06-01|11:59:57.095] Updated payload                          id=0x03ab08028f932de0 number=4980 hash=29d4ac..ba159d txs=2 withdrawals=0 gas=91698 fees=5.50188e-13 root=1b1284..190b4a elapsed=40.305ms
INFO [06-01|11:59:57.095] Stopping work on payload                 id=0x03ab08028f932de0 reason=delivery
INFO [06-01|11:59:57.123] Paused snapshot generation
WARN [06-01|11:59:57.123] {"level":"warn","msg":"Slow block","block":{"number":4980,"hash":"0x29d4ac2bdbf5ebeecd2fe0305d4a4e9e3d0db630d96006f4d2c1356b70ba159d","gas_used":91698,"tx_count":2},"timing":{"execution_ms":0.096432,"state_read_ms":3.700672,"state_hash_ms":19.685719,"commit_ms":4.440551,"total_ms":28.173589},"throughput":{"mgas_per_sec":3.2547503976152985},"state_reads":{"accounts":11,"storage_slots":0,"code":0,"code_bytes":0},"state_writes":{"accounts":3,"accounts_deleted":0,"storage_slots":0,"storage_slots_deleted":0,"code":1,"code_bytes":305},"cache":{"account":{"hits":6,"misses":5,"hit_rate":54.54545454545454},"storage":{"hits":0,"misses":0,"hit_rate":0},"code":{"hits":0,"misses":0,"hit_rate":0,"hit_bytes":0,"miss_bytes":0}}}
INFO [06-01|11:59:57.123] Imported new potential chain segment     number=4980 hash=29d4ac..ba159d blocks=1 txs=2 mgas=0.092 elapsed=28.374ms    mgasps=3.232 triediffs=6.42MiB triedirty=0.00B
INFO [06-01|11:59:57.124] Chain head was updated                   number=4980 hash=29d4ac..ba159d root=1b1284..190b4a elapsed="165.06µs"
WARN [06-01|11:59:57.143] Snapshot generation is not permitted
INFO [06-01|11:59:57.357] Submitted transaction                    hash=0x4e27e07c98eaccf1579b8282ce11b337c889e25a9408c5264f77759854e363c9 from=0xA37C2Db4aE52D03d76486002d9268cBB30162E30 nonce=0    recipient=0x40C33C25C90FE65BEf7a378feBA0588c88A29Bee value=0
INFO [06-01|11:59:58.128] Starting work on payload                 id=0x03e1563d1062395a
INFO [06-01|11:59:58.252] Updated payload                          id=0x03e1563d1062395a number=4981 hash=a788ff..89ac51 txs=1 withdrawals=0 gas=5,919,252 fees=3.5515512e-11 root=b17d7a..db9bbc elapsed=124.225ms
INFO [06-01|11:59:58.253] Stopping work on payload                 id=0x03e1563d1062395a reason=delivery
INFO [06-01|11:59:58.319] Paused snapshot generation
WARN [06-01|11:59:58.321] {"level":"warn","msg":"Slow block","block":{"number":4981,"hash":"0xa788ff39ee4a686727d2513b3e5d64fb490c2970b1260b060af3c369df89ac51","gas_used":5919252,"tx_count":1},"timing":{"execution_ms":40.174316,"state_read_ms":9.876885,"state_hash_ms":13.828022,"commit_ms":3.631762,"total_ms":67.714882},"throughput":{"mgas_per_sec":87.41434416145036},"state_reads":{"accounts":263,"storage_slots":814,"code":257,"code_bytes":7473},"state_writes":{"accounts":47,"accounts_deleted":0,"storage_slots":72,"storage_slots_deleted":0,"code":0,"code_bytes":0},"cache":{"account":{"hits":87,"misses":176,"hit_rate":33.07984790874524},"storage":{"hits":429,"misses":385,"hit_rate":52.702702702702695},"code":{"hits":257,"misses":0,"hit_rate":100,"hit_bytes":7473,"miss_bytes":0}}}
INFO [06-01|11:59:58.321] Imported new potential chain segment     number=4981 hash=a788ff..89ac51 blocks=1 txs=1 mgas=5.919 elapsed=67.923ms    mgasps=87.145 triediffs=6.77MiB triedirty=0.00B
INFO [06-01|11:59:58.321] Chain head was updated                   number=4981 hash=a788ff..89ac51 root=b17d7a..db9bbc elapsed="129.3µs"
WARN [06-01|11:59:58.342] Snapshot generation is not permitted
INFO [06-01|11:59:58.372] Submitted transaction                    hash=0xb1f8525a98745a1915afb867b0fcd9598a663524c886bca09ab02e97e6986a36 from=0xA37C2Db4aE52D03d76486002d9268cBB30162E30 nonce=1    recipient=0xf39Fd6e51aad88F6F4ce6aB8827279cffFb92266 value=797,724
INFO [06-01|11:59:59.345] Starting work on payload                 id=0x037e1baa70fe290c
INFO [06-01|11:59:59.351] Updated payload                          id=0x037e1baa70fe290c number=4982 hash=9d236d..29b87a txs=1 withdrawals=0 gas=21000     fees=2.1e-14       root=cd0d16..dc8ebd elapsed=5.500ms
INFO [06-01|11:59:59.351] Stopping work on payload                 id=0x037e1baa70fe290c reason=delivery
INFO [06-01|11:59:59.368] Paused snapshot generation
WARN [06-01|11:59:59.368] {"level":"warn","msg":"Slow block","block":{"number":4982,"hash":"0x9d236d1fc8b4836361ebd9278a2137df508cb0b9148ee9e28b9dfeb03429b87a","gas_used":21000,"tx_count":1},"timing":{"execution_ms":0.108992,"state_read_ms":11.48398,"state_hash_ms":2.378155,"commit_ms":0.573845,"total_ms":16.62031},"throughput":{"mgas_per_sec":1.263514338781888},"state_reads":{"accounts":6,"storage_slots":0,"code":0,"code_bytes":0},"state_writes":{"accounts":2,"accounts_deleted":0,"storage_slots":0,"storage_slots_deleted":0,"code":0,"code_bytes":0},"cache":{"account":{"hits":2,"misses":4,"hit_rate":33.33333333333333},"storage":{"hits":0,"misses":0,"hit_rate":0},"code":{"hits":0,"misses":0,"hit_rate":0,"hit_bytes":0,"miss_bytes":0}}}
INFO [06-01|11:59:59.368] Imported new potential chain segment     number=4982 hash=9d236d..29b87a blocks=1 txs=1 mgas=0.021 elapsed=16.736ms    mgasps=1.255  triediffs=6.77MiB triedirty=0.00B
INFO [06-01|11:59:59.368] Chain head was updated                   number=4982 hash=9d236d..29b87a root=cd0d16..dc8ebd elapsed="52.432µs"
WARN [06-01|11:59:59.394] Snapshot generation is not permitted
