WARN [06-02|06:02:23.985] Unknown config environment variable      envvar=GETH_PBT_BIN
WARN [06-02|06:02:23.985] Unknown config environment variable      envvar=GETH_UBT_BIN
INFO [06-02|06:02:23.996] Starting Geth on Ethereum mainnet...
INFO [06-02|06:02:23.998] Maximum peer count                       ETH=0 total=0
INFO [06-02|06:02:23.999] Smartcard socket not found, disabling    err="stat /run/pcscd/pcscd.comm: no such file or directory"
WARN [06-02|06:02:24.004] Option --miner.etherbase is deprecated as the etherbase is set by the consensus client post-merge
INFO [06-02|06:02:24.007] Set global gas cap                       cap=50,000,000
INFO [06-02|06:02:24.833] Using developer account                  address=0xf39Fd6e51aad88F6F4ce6aB8827279cffFb92266
INFO [06-02|06:02:24.870] Using pebble as the backing database
INFO [06-02|06:02:24.870] Allocated cache and file handles         database=/mnt/state_expiry_vol_data/ubt-vs-pbt-dbs/pbt/geth/chaindata cache=2.00GiB handles=262,144
INFO [06-02|06:02:25.095] Opened ancient database                  database=/mnt/state_expiry_vol_data/ubt-vs-pbt-dbs/pbt/geth/chaindata/ancient/chain readonly=true
INFO [06-02|06:02:25.095] Opened Era store                         datadir=/mnt/state_expiry_vol_data/ubt-vs-pbt-dbs/pbt/geth/chaindata/ancient/chain/era
INFO [06-02|06:02:25.104] Initializing the KZG library             backend=gokzg
INFO [06-02|06:02:25.105] Allocated trie memory caches             clean=614.00MiB dirty=1.00GiB
INFO [06-02|06:02:25.116] Using pebble as the backing database
INFO [06-02|06:02:25.116] Allocated cache and file handles         database=/mnt/state_expiry_vol_data/ubt-vs-pbt-dbs/pbt/geth/chaindata cache=2.00GiB handles=262,144
INFO [06-02|06:02:25.327] Opened ancient database                  database=/mnt/state_expiry_vol_data/ubt-vs-pbt-dbs/pbt/geth/chaindata/ancient/chain readonly=false
INFO [06-02|06:02:25.327] Opened Era store                         datadir=/mnt/state_expiry_vol_data/ubt-vs-pbt-dbs/pbt/geth/chaindata/ancient/chain/era
INFO [06-02|06:02:25.338] State scheme set to already existing     scheme=path
INFO [06-02|06:02:25.338] Initialising Ethereum protocol           network=1337 dbversion=9
WARN [06-02|06:02:25.338] Sanitizing invalid node buffer size      provided=1.00GiB updated=256.00MiB
INFO [06-02|06:02:25.340] Load database journal from file          path=/mnt/state_expiry_vol_data/ubt-vs-pbt-dbs/pbt/geth/triedb/verkle.journal
INFO [06-02|06:02:27.467] Opened ancient database                  database=/mnt/state_expiry_vol_data/ubt-vs-pbt-dbs/pbt/geth/chaindata/ancient/state_verkle readonly=false
INFO [06-02|06:02:27.468] State snapshot generator is not compatible
INFO [06-02|06:02:27.469] Initialized path database                triecache=614.00MiB statecache=409.00MiB buffer=256.00MiB state-history="last 90000 blocks" journal-dir=/mnt/state_expiry_vol_data/ubt-vs-pbt-dbs/pbt/geth/triedb verkle=true
INFO [06-02|06:02:27.469] 
INFO [06-02|06:02:27.469] ---------------------------------------------------------------------------------------------------------------------------------------------------------
INFO [06-02|06:02:27.469] Chain ID:  1337 (unknown)
INFO [06-02|06:02:27.469] Consensus: unknown
INFO [06-02|06:02:27.469] 
INFO [06-02|06:02:27.469] Pre-Merge hard forks (block based):
INFO [06-02|06:02:27.469]  - Homestead:                   #0       
INFO [06-02|06:02:27.469]  - Tangerine Whistle (EIP 150): #0       
INFO [06-02|06:02:27.469]  - Spurious Dragon/1 (EIP 155): #0       
INFO [06-02|06:02:27.469]  - Spurious Dragon/2 (EIP 158): #0       
INFO [06-02|06:02:27.469]  - Byzantium:                   #0       
INFO [06-02|06:02:27.469]  - Constantinople:              #0       
INFO [06-02|06:02:27.469]  - Petersburg:                  #0       
INFO [06-02|06:02:27.469]  - Istanbul:                    #0       
INFO [06-02|06:02:27.469]  - Berlin:                      #0       
INFO [06-02|06:02:27.469]  - London:                      #0       
INFO [06-02|06:02:27.469]  - Arrow Glacier:               #0       
INFO [06-02|06:02:27.469]  - Gray Glacier:                #0       
INFO [06-02|06:02:27.469] 
INFO [06-02|06:02:27.469] Merge configured:
INFO [06-02|06:02:27.469]  - Total terminal difficulty:  0
INFO [06-02|06:02:27.469]  - Merge netsplit block:       #0       
INFO [06-02|06:02:27.469] 
INFO [06-02|06:02:27.469] Post-Merge hard forks (timestamp based):
INFO [06-02|06:02:27.469]  - Shanghai:                    @0         
INFO [06-02|06:02:27.469]  - Cancun:                      @0          blob: (target: 3, max: 6, fraction: 3338477)
INFO [06-02|06:02:27.469]  - Prague:                      @0          blob: (target: 6, max: 9, fraction: 5007716)
INFO [06-02|06:02:27.469]  - Osaka:                       @0          blob: (target: 6, max: 9, fraction: 5007716)
INFO [06-02|06:02:27.469]  - UBT:                         @0          blob: (nil)
INFO [06-02|06:02:27.469] 
INFO [06-02|06:02:27.469] All fork specifications can be found at https://ethereum.github.io/execution-specs/src/ethereum/forks/
INFO [06-02|06:02:27.469] 
INFO [06-02|06:02:27.469] ---------------------------------------------------------------------------------------------------------------------------------------------------------
INFO [06-02|06:02:27.469] 
INFO [06-02|06:02:27.470] Loaded most recent local block           number=11127 hash=70ff18..ce9fb5 age=7s
INFO [06-02|06:02:27.471] Loaded most recent local finalized block number=11104 hash=4600f3..e1d810 age=48s
INFO [06-02|06:02:27.471] Initialized transaction indexer          range="last 2350000 blocks"
INFO [06-02|06:02:27.472] Initialized log indexer                  firstblock=0 lastblock=11127 firstmap=0 lastmap=0 headindexed=true
INFO [06-02|06:02:27.503] Enabled full-sync                        head=11127 hash=70ff18..ce9fb5
INFO [06-02|06:02:27.504] Unprotected transactions allowed
INFO [06-02|06:02:27.504] Gasprice oracle is ignoring threshold set threshold=2
WARN [06-02|06:02:27.504] Unclean shutdown detected                booted=2026-06-02T02:34:44+0000 age=3h27m43s
INFO [06-02|06:02:27.504] Registered sync override service
WARN [06-02|06:02:27.504] You are running Geth in --dev mode. Please note the following:
WARN [06-02|06:02:27.504] 
WARN [06-02|06:02:27.504]   1. This mode is only intended for fast, iterative development without assumptions on
WARN [06-02|06:02:27.504]      security or persistence.
WARN [06-02|06:02:27.504]   2. The database is created in memory unless specified otherwise. Therefore, shutting down
WARN [06-02|06:02:27.504]      your computer or losing power will wipe your entire block data and chain state for
WARN [06-02|06:02:27.504]      your dev environment.
WARN [06-02|06:02:27.504]   3. A random, pre-allocated developer account will be available and unlocked as
WARN [06-02|06:02:27.504]      eth.coinbase, which can be used for testing. The random dev account is temporary,
WARN [06-02|06:02:27.504]      stored on a ramdisk, and will be lost if your machine is restarted.
WARN [06-02|06:02:27.504]   4. Mining is enabled by default. However, the client will only seal blocks if transactions
WARN [06-02|06:02:27.504]      are pending in the mempool. The miner's minimum accepted gas price is 1.
WARN [06-02|06:02:27.504]   5. Networking is disabled; there is no listen-address, the maximum number of peers is set
WARN [06-02|06:02:27.504]      to 0, and discovery is disabled.
WARN [06-02|06:02:27.504] 
INFO [06-02|06:02:27.504] Starting peer-to-peer node               instance=Geth/v1.17.3-unstable/linux-amd64/go1.24.9
WARN [06-02|06:02:27.504] P2P server will be useless, neither dialing nor listening
INFO [06-02|06:02:27.551] IPC endpoint opened                      url=/mnt/state_expiry_vol_data/ubt-vs-pbt-dbs/pbt/geth.ipc
ERROR[06-02|06:02:27.551] Unavailable modules in HTTP API list     unavailable=[personal] available="[admin debug web3 eth txpool miner net dev testing]"
INFO [06-02|06:02:27.551] New local node record                    seq=1,780,292,695,703 id=972c5cc0b2a1895c ip=127.0.0.1 udp=0 tcp=0
INFO [06-02|06:02:27.551] Started P2P networking                   self=enode://16ec6c0bde109d66472afe00ec8fee3d30718d830d1acf0829842abca89b82afff8a454636cde3b26d700f98647938c6f23e7bee3027caca0d7f19e4b3725e13@127.0.0.1:0
INFO [06-02|06:02:27.551] HTTP server started                      endpoint=127.0.0.1:8545 auth=false prefix= cors= vhosts=localhost
INFO [06-02|06:02:27.551] WebSocket enabled                        url=ws://127.0.0.1:8546
INFO [06-02|06:02:28.519] Loaded local transaction journal         transactions=8412 dropped=0
INFO [06-02|06:02:28.597] Started log indexer
INFO [06-02|06:02:28.628] Starting work on payload                 id=0x036d25bc14b57c03
INFO [06-02|06:02:28.683] Updated payload                          id=0x036d25bc14b57c03 number=11128 hash=199d68..1e4a9c txs=0 withdrawals=0 gas=0 fees=0 root=9afe2b..9eafde elapsed=55.024ms
INFO [06-02|06:02:28.684] Stopping work on payload                 id=0x036d25bc14b57c03 reason=delivery
WARN [06-02|06:02:28.689] {"level":"warn","msg":"Slow block","block":{"number":11128,"hash":"0x199d68902c7219f8eef397a05fbf3f756357d02821bf9e8114f6e0d81d1e4a9c","gas_used":0,"tx_count":0},"timing":{"execution_ms":0.041468,"state_read_ms":4.517836,"state_hash_ms":0.002726,"commit_ms":0.162493,"total_ms":5.213178},"throughput":{"mgas_per_sec":0},"state_reads":{"accounts":4,"storage_slots":0,"code":0,"code_bytes":0},"state_writes":{"accounts":0,"accounts_deleted":0,"storage_slots":0,"storage_slots_deleted":0,"code":0,"code_bytes":0},"cache":{"account":{"hits":0,"misses":4,"hit_rate":0},"storage":{"hits":0,"misses":0,"hit_rate":0},"code":{"hits":0,"misses":0,"hit_rate":0,"hit_bytes":0,"miss_bytes":0}}}
INFO [06-02|06:02:28.689] Imported new potential chain segment     number=11128 hash=199d68..1e4a9c blocks=1 txs=0 mgas=0.000 elapsed=5.467ms  mgasps=0.000 triediffs=11.70MiB triedirty=131.07MiB
INFO [06-02|06:02:28.689] Chain head was updated                   number=11128 hash=199d68..1e4a9c root=9afe2b..9eafde elapsed="58.937µs"
INFO [06-02|06:02:29.717] Starting work on payload                 id=0x03e3caabe117c63e
INFO [06-02|06:02:29.731] Updated payload                          id=0x03e3caabe117c63e number=11129 hash=ab2ea1..f82993 txs=0 withdrawals=0 gas=0 fees=0 root=9afe2b..9eafde elapsed=13.817ms
INFO [06-02|06:02:29.731] Stopping work on payload                 id=0x03e3caabe117c63e reason=delivery
WARN [06-02|06:02:29.749] {"level":"warn","msg":"Slow block","block":{"number":11129,"hash":"0xab2ea154232e9a19278927b331e85fc55a057d82cb9e922139af8e1de4f82993","gas_used":0,"tx_count":0},"timing":{"execution_ms":0.039786,"state_read_ms":16.470353,"state_hash_ms":0.002877,"commit_ms":0.150931,"total_ms":16.844587},"throughput":{"mgas_per_sec":0},"state_reads":{"accounts":4,"storage_slots":0,"code":0,"code_bytes":0},"state_writes":{"accounts":0,"accounts_deleted":0,"storage_slots":0,"storage_slots_deleted":0,"code":0,"code_bytes":0},"cache":{"account":{"hits":0,"misses":4,"hit_rate":0},"storage":{"hits":0,"misses":0,"hit_rate":0},"code":{"hits":0,"misses":0,"hit_rate":0,"hit_bytes":0,"miss_bytes":0}}}
INFO [06-02|06:02:29.749] Imported new potential chain segment     number=11129 hash=ab2ea1..f82993 blocks=1 txs=0 mgas=0.000 elapsed=17.048ms   mgasps=0.000 triediffs=11.70MiB triedirty=131.07MiB
INFO [06-02|06:02:29.749] Chain head was updated                   number=11129 hash=ab2ea1..f82993 root=9afe2b..9eafde elapsed="63.316µs"
INFO [06-02|06:02:30.811] Starting work on payload                 id=0x033a4ed39e935b38
INFO [06-02|06:02:30.823] Updated payload                          id=0x033a4ed39e935b38 number=11130 hash=6255ee..cedf40 txs=0 withdrawals=0 gas=0 fees=0 root=9afe2b..9eafde elapsed=12.315ms
INFO [06-02|06:02:30.823] Stopping work on payload                 id=0x033a4ed39e935b38 reason=delivery
WARN [06-02|06:02:30.829] {"level":"warn","msg":"Slow block","block":{"number":11130,"hash":"0x6255eec63d6d06430922c24a03a8472a875d89aaff817d8b30083f8182cedf40","gas_used":0,"tx_count":0},"timing":{"execution_ms":0.038993,"state_read_ms":5.438154,"state_hash_ms":0.002617,"commit_ms":0.213773,"total_ms":5.853956},"throughput":{"mgas_per_sec":0},"state_reads":{"accounts":4,"storage_slots":0,"code":0,"code_bytes":0},"state_writes":{"accounts":0,"accounts_deleted":0,"storage_slots":0,"storage_slots_deleted":0,"code":0,"code_bytes":0},"cache":{"account":{"hits":0,"misses":4,"hit_rate":0},"storage":{"hits":0,"misses":0,"hit_rate":0},"code":{"hits":0,"misses":0,"hit_rate":0,"hit_bytes":0,"miss_bytes":0}}}
INFO [06-02|06:02:30.829] Imported new potential chain segment     number=11130 hash=6255ee..cedf40 blocks=1 txs=0 mgas=0.000 elapsed=6.059ms    mgasps=0.000 triediffs=11.70MiB triedirty=131.07MiB
INFO [06-02|06:02:30.830] Chain head was updated                   number=11130 hash=6255ee..cedf40 root=9afe2b..9eafde elapsed="67.222µs"
INFO [06-02|06:02:31.834] Starting work on payload                 id=0x035f2013653cb2e8
INFO [06-02|06:02:31.843] Updated payload                          id=0x035f2013653cb2e8 number=11131 hash=2cc371..724072 txs=0 withdrawals=0 gas=0 fees=0 root=9afe2b..9eafde elapsed=8.612ms
INFO [06-02|06:02:31.844] Stopping work on payload                 id=0x035f2013653cb2e8 reason=delivery
WARN [06-02|06:02:31.904] {"level":"warn","msg":"Slow block","block":{"number":11131,"hash":"0x2cc3711156a916e9951a2afba432ab1d0b52462284d4c495c5fe993449724072","gas_used":0,"tx_count":0},"timing":{"execution_ms":0.039014,"state_read_ms":19.848005,"state_hash_ms":0.003236,"commit_ms":0.209953,"total_ms":60.197394},"throughput":{"mgas_per_sec":0},"state_reads":{"accounts":4,"storage_slots":0,"code":0,"code_bytes":0},"state_writes":{"accounts":0,"accounts_deleted":0,"storage_slots":0,"storage_slots_deleted":0,"code":0,"code_bytes":0},"cache":{"account":{"hits":0,"misses":4,"hit_rate":0},"storage":{"hits":0,"misses":0,"hit_rate":0},"code":{"hits":0,"misses":0,"hit_rate":0,"hit_bytes":0,"miss_bytes":0}}}
INFO [06-02|06:02:31.904] Imported new potential chain segment     number=11131 hash=2cc371..724072 blocks=1 txs=0 mgas=0.000 elapsed=60.382ms   mgasps=0.000 triediffs=11.70MiB triedirty=131.07MiB
INFO [06-02|06:02:31.904] Chain head was updated                   number=11131 hash=2cc371..724072 root=9afe2b..9eafde elapsed="46µs"
INFO [06-02|06:02:32.523] Submitted contract creation              hash=0xa7c4c88185fa085d9809add90be41828fba9f58f03ffd3654fecdd61dcedf476 from=0xf39Fd6e51aad88F6F4ce6aB8827279cffFb92266 nonce=3035 contract=0x87850524D6390e713E556b9Dae4C0eAb3E93F89b value=0
INFO [06-02|06:02:32.524] Submitted transaction                    hash=0x538d920497657af41ecc61d7c07e5d7308baee0c8be22a47395a5a624d9a2052 from=0xf39Fd6e51aad88F6F4ce6aB8827279cffFb92266 nonce=3036 recipient=0x71c54508Ad674a5FB6D14e4E6a63E9d020962650 value=208,000,000
INFO [06-02|06:02:32.908] Starting work on payload                 id=0x032b2ad435dce75e
INFO [06-02|06:02:32.968] Updated payload                          id=0x032b2ad435dce75e number=11132 hash=0a0beb..65fa2c txs=2 withdrawals=0 gas=91710 fees=5.5026e-13 root=f5b531..526ebd elapsed=59.543ms
INFO [06-02|06:02:32.968] Stopping work on payload                 id=0x032b2ad435dce75e reason=delivery
WARN [06-02|06:02:32.977] {"level":"warn","msg":"Slow block","block":{"number":11132,"hash":"0x0a0bebd22a56e5f68e65f46528ce72ab6565e4b5e4706dafb95372c77765fa2c","gas_used":91710,"tx_count":2},"timing":{"execution_ms":0.216263,"state_read_ms":1.280769,"state_hash_ms":0.862102,"commit_ms":5.515178,"total_ms":8.130706},"throughput":{"mgas_per_sec":11.279463308598293},"state_reads":{"accounts":11,"storage_slots":0,"code":0,"code_bytes":0},"state_writes":{"accounts":3,"accounts_deleted":0,"storage_slots":0,"storage_slots_deleted":0,"code":1,"code_bytes":305},"cache":{"account":{"hits":4,"misses":7,"hit_rate":36.36363636363637},"storage":{"hits":0,"misses":0,"hit_rate":0},"code":{"hits":0,"misses":0,"hit_rate":0,"hit_bytes":0,"miss_bytes":0}}}
INFO [06-02|06:02:32.977] Imported new potential chain segment     number=11132 hash=0a0beb..65fa2c blocks=1 txs=2 mgas=0.092 elapsed=8.409ms    mgasps=10.905 triediffs=11.66MiB triedirty=131.10MiB
INFO [06-02|06:02:32.977] Chain head was updated                   number=11132 hash=0a0beb..65fa2c root=f5b531..526ebd elapsed="195.841µs"
INFO [06-02|06:02:33.536] Submitted transaction                    hash=0x584ba80dc58923e4b0c29cd69e9a1e145510156814e74a470cf2143bf2538923 from=0x71c54508Ad674a5FB6D14e4E6a63E9d020962650 nonce=0    recipient=0x87850524D6390e713E556b9Dae4C0eAb3E93F89b value=0
INFO [06-02|06:02:33.981] Starting work on payload                 id=0x03f54f99a6e099a6
INFO [06-02|06:02:34.323] Updated payload                          id=0x03f54f99a6e099a6 number=11133 hash=a8c96a..606587 txs=1 withdrawals=0 gas=15,912,936 fees=9.5477616e-11 root=3a6741..30ebb3 elapsed=342.065ms
INFO [06-02|06:02:34.323] Stopping work on payload                 id=0x03f54f99a6e099a6 reason=delivery
WARN [06-02|06:02:34.542] {"level":"warn","msg":"Slow block","block":{"number":11133,"hash":"0xa8c96a840750c609e39d1207c634201a2fda03d0716e05d87017de990c606587","gas_used":15912936,"tx_count":1},"timing":{"execution_ms":114.575113,"state_read_ms":32.615425,"state_hash_ms":63.99931,"commit_ms":5.551412,"total_ms":217.651057},"throughput":{"mgas_per_sec":73.1121466595956},"state_reads":{"accounts":407,"storage_slots":2282,"code":401,"code_bytes":11505},"state_writes":{"accounts":73,"accounts_deleted":0,"storage_slots":191,"storage_slots_deleted":0,"code":0,"code_bytes":0},"cache":{"account":{"hits":22,"misses":385,"hit_rate":5.405405405405405},"storage":{"hits":214,"misses":2068,"hit_rate":9.377738825591585},"code":{"hits":401,"misses":0,"hit_rate":100,"hit_bytes":11505,"miss_bytes":0}}}
INFO [06-02|06:02:34.542] Imported new potential chain segment     number=11133 hash=a8c96a..606587 blocks=1 txs=1 mgas=15.913 elapsed=218.106ms   mgasps=72.960 triediffs=12.23MiB triedirty=131.10MiB
INFO [06-02|06:02:34.542] Chain head was updated                   number=11133 hash=a8c96a..606587 root=3a6741..30ebb3 elapsed="167.509µs"
INFO [06-02|06:02:34.554] Submitted transaction                    hash=0x399423eb85722ab75289dfe6accddedd9be33e696d4b289fc3d9f9d45b14f2f6 from=0x71c54508Ad674a5FB6D14e4E6a63E9d020962650 nonce=1    recipient=0xf39Fd6e51aad88F6F4ce6aB8827279cffFb92266 value=879,832
INFO [06-02|06:02:35.546] Starting work on payload                 id=0x031b51819c5db003
INFO [06-02|06:02:35.610] Updated payload                          id=0x031b51819c5db003 number=11134 hash=f8c8a6..2f5bc7 txs=1 withdrawals=0 gas=21000      fees=2.1e-14       root=c6cf5e..6dc8ef elapsed=63.296ms
INFO [06-02|06:02:35.610] Stopping work on payload                 id=0x031b51819c5db003 reason=delivery
WARN [06-02|06:02:35.621] {"level":"warn","msg":"Slow block","block":{"number":11134,"hash":"0xf8c8a6475992f84d9bbf13b46bfa982fa825af57ab1172a4524874b3032f5bc7","gas_used":21000,"tx_count":1},"timing":{"execution_ms":0.087758,"state_read_ms":2.793827,"state_hash_ms":2.285092,"commit_ms":0.580819,"total_ms":10.337843},"throughput":{"mgas_per_sec":2.031371534661534},"state_reads":{"accounts":6,"storage_slots":0,"code":0,"code_bytes":0},"state_writes":{"accounts":2,"accounts_deleted":0,"storage_slots":0,"storage_slots_deleted":0,"code":0,"code_bytes":0},"cache":{"account":{"hits":2,"misses":4,"hit_rate":33.33333333333333},"storage":{"hits":0,"misses":0,"hit_rate":0},"code":{"hits":0,"misses":0,"hit_rate":0,"hit_bytes":0,"miss_bytes":0}}}
INFO [06-02|06:02:35.621] Imported new potential chain segment     number=11134 hash=f8c8a6..2f5bc7 blocks=1 txs=1 mgas=0.021  elapsed=10.489ms    mgasps=2.002  triediffs=12.23MiB triedirty=131.10MiB
INFO [06-02|06:02:35.621] Chain head was updated                   number=11134 hash=f8c8a6..2f5bc7 root=c6cf5e..6dc8ef elapsed="48.676µs"
INFO [06-02|06:02:36.627] Starting work on payload                 id=0x03c682035253fda3
INFO [06-02|06:02:36.630] Updated payload                          id=0x03c682035253fda3 number=11135 hash=0d9005..a8f068 txs=0 withdrawals=0 gas=0          fees=0             root=c6cf5e..6dc8ef elapsed=2.999ms
INFO [06-02|06:02:36.630] Stopping work on payload                 id=0x03c682035253fda3 reason=delivery
WARN [06-02|06:02:36.640] {"level":"warn","msg":"Slow block","block":{"number":11135,"hash":"0x0d9005be8d85fbd9894ebfa1a7f20b6e1718811c9eadbbb242209a35bea8f068","gas_used":0,"tx_count":0},"timing":{"execution_ms":0.036882,"state_read_ms":9.31931,"state_hash_ms":0.003088,"commit_ms":0.401029,"total_ms":10.258211},"throughput":{"mgas_per_sec":0},"state_reads":{"accounts":4,"storage_slots":0,"code":0,"code_bytes":0},"state_writes":{"accounts":0,"accounts_deleted":0,"storage_slots":0,"storage_slots_deleted":0,"code":0,"code_bytes":0},"cache":{"account":{"hits":0,"misses":4,"hit_rate":0},"storage":{"hits":0,"misses":0,"hit_rate":0},"code":{"hits":0,"misses":0,"hit_rate":0,"hit_bytes":0,"miss_bytes":0}}}
INFO [06-02|06:02:36.640] Imported new potential chain segment     number=11135 hash=0d9005..a8f068 blocks=1 txs=0 mgas=0.000  elapsed=10.438ms    mgasps=0.000  triediffs=12.23MiB triedirty=131.10MiB
INFO [06-02|06:02:36.641] Chain head was updated                   number=11135 hash=0d9005..a8f068 root=c6cf5e..6dc8ef elapsed="66.377µs"
