WARN [06-02|05:07:08.923] Unknown config environment variable      envvar=GETH_PBT_BIN
WARN [06-02|05:07:08.923] Unknown config environment variable      envvar=GETH_UBT_BIN
INFO [06-02|05:07:08.934] Starting Geth on Ethereum mainnet...
INFO [06-02|05:07:08.936] Maximum peer count                       ETH=0 total=0
INFO [06-02|05:07:08.937] Smartcard socket not found, disabling    err="stat /run/pcscd/pcscd.comm: no such file or directory"
WARN [06-02|05:07:08.941] Option --miner.etherbase is deprecated as the etherbase is set by the consensus client post-merge
INFO [06-02|05:07:08.944] Set global gas cap                       cap=50,000,000
INFO [06-02|05:07:09.741] Using developer account                  address=0xf39Fd6e51aad88F6F4ce6aB8827279cffFb92266
INFO [06-02|05:07:09.780] Using pebble as the backing database
INFO [06-02|05:07:09.780] Allocated cache and file handles         database=/mnt/state_expiry_vol_data/ubt-vs-pbt-dbs/pbt/geth/chaindata cache=2.00GiB handles=262,144
INFO [06-02|05:07:10.009] Opened ancient database                  database=/mnt/state_expiry_vol_data/ubt-vs-pbt-dbs/pbt/geth/chaindata/ancient/chain readonly=true
INFO [06-02|05:07:10.009] Opened Era store                         datadir=/mnt/state_expiry_vol_data/ubt-vs-pbt-dbs/pbt/geth/chaindata/ancient/chain/era
INFO [06-02|05:07:10.017] Initializing the KZG library             backend=gokzg
INFO [06-02|05:07:10.020] Allocated trie memory caches             clean=614.00MiB dirty=1.00GiB
INFO [06-02|05:07:10.032] Using pebble as the backing database
INFO [06-02|05:07:10.032] Allocated cache and file handles         database=/mnt/state_expiry_vol_data/ubt-vs-pbt-dbs/pbt/geth/chaindata cache=2.00GiB handles=262,144
INFO [06-02|05:07:10.245] Opened ancient database                  database=/mnt/state_expiry_vol_data/ubt-vs-pbt-dbs/pbt/geth/chaindata/ancient/chain readonly=false
INFO [06-02|05:07:10.245] Opened Era store                         datadir=/mnt/state_expiry_vol_data/ubt-vs-pbt-dbs/pbt/geth/chaindata/ancient/chain/era
INFO [06-02|05:07:10.253] State scheme set to already existing     scheme=path
INFO [06-02|05:07:10.253] Initialising Ethereum protocol           network=1337 dbversion=9
WARN [06-02|05:07:10.253] Sanitizing invalid node buffer size      provided=1.00GiB updated=256.00MiB
INFO [06-02|05:07:10.255] Load database journal from file          path=/mnt/state_expiry_vol_data/ubt-vs-pbt-dbs/pbt/geth/triedb/verkle.journal
INFO [06-02|05:07:12.244] Opened ancient database                  database=/mnt/state_expiry_vol_data/ubt-vs-pbt-dbs/pbt/geth/chaindata/ancient/state_verkle readonly=false
INFO [06-02|05:07:12.246] State snapshot generator is not compatible
INFO [06-02|05:07:12.246] Initialized path database                triecache=614.00MiB statecache=409.00MiB buffer=256.00MiB state-history="last 90000 blocks" journal-dir=/mnt/state_expiry_vol_data/ubt-vs-pbt-dbs/pbt/geth/triedb verkle=true
INFO [06-02|05:07:12.246] 
INFO [06-02|05:07:12.246] ---------------------------------------------------------------------------------------------------------------------------------------------------------
INFO [06-02|05:07:12.246] Chain ID:  1337 (unknown)
INFO [06-02|05:07:12.246] Consensus: unknown
INFO [06-02|05:07:12.246] 
INFO [06-02|05:07:12.246] Pre-Merge hard forks (block based):
INFO [06-02|05:07:12.246]  - Homestead:                   #0       
INFO [06-02|05:07:12.246]  - Tangerine Whistle (EIP 150): #0       
INFO [06-02|05:07:12.246]  - Spurious Dragon/1 (EIP 155): #0       
INFO [06-02|05:07:12.246]  - Spurious Dragon/2 (EIP 158): #0       
INFO [06-02|05:07:12.246]  - Byzantium:                   #0       
INFO [06-02|05:07:12.246]  - Constantinople:              #0       
INFO [06-02|05:07:12.246]  - Petersburg:                  #0       
INFO [06-02|05:07:12.246]  - Istanbul:                    #0       
INFO [06-02|05:07:12.246]  - Berlin:                      #0       
INFO [06-02|05:07:12.246]  - London:                      #0       
INFO [06-02|05:07:12.246]  - Arrow Glacier:               #0       
INFO [06-02|05:07:12.246]  - Gray Glacier:                #0       
INFO [06-02|05:07:12.246] 
INFO [06-02|05:07:12.246] Merge configured:
INFO [06-02|05:07:12.246]  - Total terminal difficulty:  0
INFO [06-02|05:07:12.246]  - Merge netsplit block:       #0       
INFO [06-02|05:07:12.246] 
INFO [06-02|05:07:12.246] Post-Merge hard forks (timestamp based):
INFO [06-02|05:07:12.246]  - Shanghai:                    @0         
INFO [06-02|05:07:12.246]  - Cancun:                      @0          blob: (target: 3, max: 6, fraction: 3338477)
INFO [06-02|05:07:12.246]  - Prague:                      @0          blob: (target: 6, max: 9, fraction: 5007716)
INFO [06-02|05:07:12.246]  - Osaka:                       @0          blob: (target: 6, max: 9, fraction: 5007716)
INFO [06-02|05:07:12.246]  - UBT:                         @0          blob: (nil)
INFO [06-02|05:07:12.246] 
INFO [06-02|05:07:12.246] All fork specifications can be found at https://ethereum.github.io/execution-specs/src/ethereum/forks/
INFO [06-02|05:07:12.246] 
INFO [06-02|05:07:12.246] ---------------------------------------------------------------------------------------------------------------------------------------------------------
INFO [06-02|05:07:12.246] 
INFO [06-02|05:07:12.248] Loaded most recent local block           number=9624 hash=e28da4..f58003 age=7s
INFO [06-02|05:07:12.248] Loaded most recent local finalized block number=9600 hash=14b8eb..d23d46 age=57s
INFO [06-02|05:07:12.249] Initialized transaction indexer          range="last 2350000 blocks"
INFO [06-02|05:07:12.249] Initialized log indexer                  firstblock=0 lastblock=9624 firstmap=0 lastmap=0 headindexed=true
INFO [06-02|05:07:12.270] Enabled full-sync                        head=9624 hash=e28da4..f58003
INFO [06-02|05:07:12.270] Unprotected transactions allowed
INFO [06-02|05:07:12.270] Gasprice oracle is ignoring threshold set threshold=2
WARN [06-02|05:07:12.270] Unclean shutdown detected                booted=2026-06-02T02:34:44+0000 age=2h32m28s
INFO [06-02|05:07:12.271] Registered sync override service
WARN [06-02|05:07:12.271] You are running Geth in --dev mode. Please note the following:
WARN [06-02|05:07:12.271] 
WARN [06-02|05:07:12.271]   1. This mode is only intended for fast, iterative development without assumptions on
WARN [06-02|05:07:12.271]      security or persistence.
WARN [06-02|05:07:12.271]   2. The database is created in memory unless specified otherwise. Therefore, shutting down
WARN [06-02|05:07:12.271]      your computer or losing power will wipe your entire block data and chain state for
WARN [06-02|05:07:12.271]      your dev environment.
WARN [06-02|05:07:12.271]   3. A random, pre-allocated developer account will be available and unlocked as
WARN [06-02|05:07:12.271]      eth.coinbase, which can be used for testing. The random dev account is temporary,
WARN [06-02|05:07:12.271]      stored on a ramdisk, and will be lost if your machine is restarted.
WARN [06-02|05:07:12.271]   4. Mining is enabled by default. However, the client will only seal blocks if transactions
WARN [06-02|05:07:12.271]      are pending in the mempool. The miner's minimum accepted gas price is 1.
WARN [06-02|05:07:12.271]   5. Networking is disabled; there is no listen-address, the maximum number of peers is set
WARN [06-02|05:07:12.271]      to 0, and discovery is disabled.
WARN [06-02|05:07:12.271] 
INFO [06-02|05:07:12.271] Starting peer-to-peer node               instance=Geth/v1.17.3-unstable/linux-amd64/go1.24.9
WARN [06-02|05:07:12.271] P2P server will be useless, neither dialing nor listening
INFO [06-02|05:07:12.288] IPC endpoint opened                      url=/mnt/state_expiry_vol_data/ubt-vs-pbt-dbs/pbt/geth.ipc
ERROR[06-02|05:07:12.288] Unavailable modules in HTTP API list     unavailable=[personal] available="[admin debug web3 eth txpool miner net dev testing]"
INFO [06-02|05:07:12.288] New local node record                    seq=1,780,292,695,497 id=972c5cc0b2a1895c ip=127.0.0.1 udp=0 tcp=0
INFO [06-02|05:07:12.288] Started P2P networking                   self=enode://16ec6c0bde109d66472afe00ec8fee3d30718d830d1acf0829842abca89b82afff8a454636cde3b26d700f98647938c6f23e7bee3027caca0d7f19e4b3725e13@127.0.0.1:0
INFO [06-02|05:07:12.288] HTTP server started                      endpoint=127.0.0.1:8545 auth=false prefix= cors= vhosts=localhost
INFO [06-02|05:07:12.288] WebSocket enabled                        url=ws://127.0.0.1:8546
INFO [06-02|05:07:13.145] Loaded local transaction journal         transactions=7588 dropped=0
INFO [06-02|05:07:13.449] Started log indexer
INFO [06-02|05:07:13.476] Starting work on payload                 id=0x03abb16b9337301c
INFO [06-02|05:07:13.478] Updated payload                          id=0x03abb16b9337301c number=9625 hash=8aa03d..51b9c7 txs=0 withdrawals=0 gas=0 fees=0 root=87bdb2..c47ea9 elapsed=1.679ms
INFO [06-02|05:07:13.480] Stopping work on payload                 id=0x03abb16b9337301c reason=delivery
WARN [06-02|05:07:13.497] {"level":"warn","msg":"Slow block","block":{"number":9625,"hash":"0x8aa03dd6bbf3ad518e3af5d512c24a224d2a21e6357d79dc6c47f864c151b9c7","gas_used":0,"tx_count":0},"timing":{"execution_ms":0.073132,"state_read_ms":16.920499,"state_hash_ms":0.002762,"commit_ms":0.321146,"total_ms":17.834305},"throughput":{"mgas_per_sec":0},"state_reads":{"accounts":4,"storage_slots":0,"code":0,"code_bytes":0},"state_writes":{"accounts":0,"accounts_deleted":0,"storage_slots":0,"storage_slots_deleted":0,"code":0,"code_bytes":0},"cache":{"account":{"hits":0,"misses":4,"hit_rate":0},"storage":{"hits":0,"misses":0,"hit_rate":0},"code":{"hits":0,"misses":0,"hit_rate":0,"hit_bytes":0,"miss_bytes":0}}}
INFO [06-02|05:07:13.497] Imported new potential chain segment     number=9625 hash=8aa03d..51b9c7 blocks=1 txs=0 mgas=0.000 elapsed=18.399ms mgasps=0.000 triediffs=1.32MiB triedirty=120.99MiB
INFO [06-02|05:07:13.497] Chain head was updated                   number=9625 hash=8aa03d..51b9c7 root=87bdb2..c47ea9 elapsed="118.521µs"
INFO [06-02|05:07:14.512] Starting work on payload                 id=0x0391e13bef2fb439
INFO [06-02|05:07:14.514] Updated payload                          id=0x0391e13bef2fb439 number=9626 hash=da541a..96427a txs=0 withdrawals=0 gas=0 fees=0 root=87bdb2..c47ea9 elapsed=1.593ms
INFO [06-02|05:07:14.515] Stopping work on payload                 id=0x0391e13bef2fb439 reason=delivery
WARN [06-02|05:07:14.554] {"level":"warn","msg":"Slow block","block":{"number":9626,"hash":"0xda541a2a18081b405c5a43e36b2f40268328dc81a2b2cddaa3d0b428a796427a","gas_used":0,"tx_count":0},"timing":{"execution_ms":0.044788,"state_read_ms":38.082133,"state_hash_ms":0.0062,"commit_ms":0.168477,"total_ms":39.561221},"throughput":{"mgas_per_sec":0},"state_reads":{"accounts":4,"storage_slots":0,"code":0,"code_bytes":0},"state_writes":{"accounts":0,"accounts_deleted":0,"storage_slots":0,"storage_slots_deleted":0,"code":0,"code_bytes":0},"cache":{"account":{"hits":0,"misses":4,"hit_rate":0},"storage":{"hits":0,"misses":0,"hit_rate":0},"code":{"hits":0,"misses":0,"hit_rate":0,"hit_bytes":0,"miss_bytes":0}}}
INFO [06-02|05:07:14.554] Imported new potential chain segment     number=9626 hash=da541a..96427a blocks=1 txs=0 mgas=0.000 elapsed=39.853ms    mgasps=0.000 triediffs=1.32MiB triedirty=120.99MiB
INFO [06-02|05:07:14.554] Chain head was updated                   number=9626 hash=da541a..96427a root=87bdb2..c47ea9 elapsed="70.182µs"
INFO [06-02|05:07:15.616] Starting work on payload                 id=0x03f3b725ad47dfc0
INFO [06-02|05:07:15.676] Updated payload                          id=0x03f3b725ad47dfc0 number=9627 hash=2645e8..32599a txs=0 withdrawals=0 gas=0 fees=0 root=87bdb2..c47ea9 elapsed=59.995ms
INFO [06-02|05:07:15.677] Stopping work on payload                 id=0x03f3b725ad47dfc0 reason=delivery
WARN [06-02|05:07:15.705] {"level":"warn","msg":"Slow block","block":{"number":9627,"hash":"0x2645e804deecabc72be1cd3714e232ae43d5f2862cb3d82d39cce17eb432599a","gas_used":0,"tx_count":0},"timing":{"execution_ms":0.052741,"state_read_ms":25.663405,"state_hash_ms":0.003025,"commit_ms":0.112123,"total_ms":28.723467},"throughput":{"mgas_per_sec":0},"state_reads":{"accounts":4,"storage_slots":0,"code":0,"code_bytes":0},"state_writes":{"accounts":0,"accounts_deleted":0,"storage_slots":0,"storage_slots_deleted":0,"code":0,"code_bytes":0},"cache":{"account":{"hits":0,"misses":4,"hit_rate":0},"storage":{"hits":0,"misses":0,"hit_rate":0},"code":{"hits":0,"misses":0,"hit_rate":0,"hit_bytes":0,"miss_bytes":0}}}
INFO [06-02|05:07:15.705] Imported new potential chain segment     number=9627 hash=2645e8..32599a blocks=1 txs=0 mgas=0.000 elapsed=28.963ms    mgasps=0.000 triediffs=1.32MiB triedirty=120.99MiB
INFO [06-02|05:07:15.705] Chain head was updated                   number=9627 hash=2645e8..32599a root=87bdb2..c47ea9 elapsed="52.808µs"
INFO [06-02|05:07:16.725] Starting work on payload                 id=0x032b2f205dac108a
INFO [06-02|05:07:16.777] Updated payload                          id=0x032b2f205dac108a number=9628 hash=585ca8..2cdb59 txs=0 withdrawals=0 gas=0 fees=0 root=87bdb2..c47ea9 elapsed=52.126ms
INFO [06-02|05:07:16.778] Stopping work on payload                 id=0x032b2f205dac108a reason=delivery
WARN [06-02|05:07:16.782] {"level":"warn","msg":"Slow block","block":{"number":9628,"hash":"0x585ca87a343289f58dc92c79f2f234c67e279c90814e22e8022d6e73e62cdb59","gas_used":0,"tx_count":0},"timing":{"execution_ms":0.032663,"state_read_ms":4.036102,"state_hash_ms":0.001475,"commit_ms":0.125154,"total_ms":4.375806},"throughput":{"mgas_per_sec":0},"state_reads":{"accounts":4,"storage_slots":0,"code":0,"code_bytes":0},"state_writes":{"accounts":0,"accounts_deleted":0,"storage_slots":0,"storage_slots_deleted":0,"code":0,"code_bytes":0},"cache":{"account":{"hits":0,"misses":4,"hit_rate":0},"storage":{"hits":0,"misses":0,"hit_rate":0},"code":{"hits":0,"misses":0,"hit_rate":0,"hit_bytes":0,"miss_bytes":0}}}
INFO [06-02|05:07:16.782] Imported new potential chain segment     number=9628 hash=585ca8..2cdb59 blocks=1 txs=0 mgas=0.000 elapsed=4.609ms     mgasps=0.000 triediffs=1.32MiB triedirty=120.99MiB
INFO [06-02|05:07:16.782] Chain head was updated                   number=9628 hash=585ca8..2cdb59 root=87bdb2..c47ea9 elapsed="42.445µs"
INFO [06-02|05:07:17.427] Submitted contract creation              hash=0x256aaed4f4e40025721999691f00caa446696c4c2a7f551c3e1d93dc1f994702 from=0xf39Fd6e51aad88F6F4ce6aB8827279cffFb92266 nonce=2623 contract=0xEeED66583c579F3eEDF7270AE204419fE3fF09f5 value=0
INFO [06-02|05:07:17.428] Submitted transaction                    hash=0x49783597e3fbf1b9272a7a2715ca318bcce5c7d7768d2cdbe868fa10dd740382 from=0xf39Fd6e51aad88F6F4ce6aB8827279cffFb92266 nonce=2624 recipient=0x4C713e2Aa1035693f3B46bbeD8E3893F087fa1EA value=208,000,000
INFO [06-02|05:07:17.786] Starting work on payload                 id=0x03bd7a2aa1af8f1d
INFO [06-02|05:07:17.849] Updated payload                          id=0x03bd7a2aa1af8f1d number=9629 hash=246196..fe7568 txs=2 withdrawals=0 gas=86852 fees=5.21112e-13 root=33a7c3..f231e8 elapsed=62.957ms
INFO [06-02|05:07:17.849] Stopping work on payload                 id=0x03bd7a2aa1af8f1d reason=delivery
WARN [06-02|05:07:17.931] {"level":"warn","msg":"Slow block","block":{"number":9629,"hash":"0x246196a8e0aa00a7ca01956145e389c0f48a1e642ba33fc3790b293833fe7568","gas_used":86852,"tx_count":2},"timing":{"execution_ms":0.138724,"state_read_ms":13.076296,"state_hash_ms":62.108158,"commit_ms":4.874868,"total_ms":81.71363},"throughput":{"mgas_per_sec":1.062882654949976},"state_reads":{"accounts":11,"storage_slots":0,"code":0,"code_bytes":0},"state_writes":{"accounts":3,"accounts_deleted":0,"storage_slots":0,"storage_slots_deleted":0,"code":1,"code_bytes":157},"cache":{"account":{"hits":6,"misses":5,"hit_rate":54.54545454545454},"storage":{"hits":0,"misses":0,"hit_rate":0},"code":{"hits":0,"misses":0,"hit_rate":0,"hit_bytes":0,"miss_bytes":0}}}
INFO [06-02|05:07:17.931] Imported new potential chain segment     number=9629 hash=246196..fe7568 blocks=1 txs=2 mgas=0.087 elapsed=81.890ms    mgasps=1.061 triediffs=1.33MiB triedirty=120.99MiB
INFO [06-02|05:07:17.932] Chain head was updated                   number=9629 hash=246196..fe7568 root=33a7c3..f231e8 elapsed="160.059µs"
INFO [06-02|05:07:18.441] Submitted transaction                    hash=0xa40c70b5aaa4a8a7fad14205526a6e05f8b7be049679f3a85772e0ce87b58d83 from=0x4C713e2Aa1035693f3B46bbeD8E3893F087fa1EA nonce=0    recipient=0xEeED66583c579F3eEDF7270AE204419fE3fF09f5 value=0
INFO [06-02|05:07:18.936] Starting work on payload                 id=0x035b3c0cce6e314f
INFO [06-02|05:07:19.225] Updated payload                          id=0x035b3c0cce6e314f number=9630 hash=d25dd6..30d2e3 txs=1 withdrawals=0 gas=15,900,303 fees=9.5401818e-11 root=f5a750..c380c7 elapsed=288.478ms
INFO [06-02|05:07:19.226] Stopping work on payload                 id=0x035b3c0cce6e314f reason=delivery
WARN [06-02|05:07:19.512] {"level":"warn","msg":"Slow block","block":{"number":9630,"hash":"0xd25dd6da95aa6014cb7a0ed2724c57f7de0d6db5f06379636e1cb0400730d2e3","gas_used":15900303,"tx_count":1},"timing":{"execution_ms":247.065184,"state_read_ms":33.328003,"state_hash_ms":2.75028,"commit_ms":1.181733,"total_ms":285.560209},"throughput":{"mgas_per_sec":55.681087556565},"state_reads":{"accounts":407,"storage_slots":702,"code":401,"code_bytes":11357},"state_writes":{"accounts":2,"accounts_deleted":0,"storage_slots":0,"storage_slots_deleted":0,"code":0,"code_bytes":0},"cache":{"account":{"hits":6,"misses":401,"hit_rate":1.4742014742014742},"storage":{"hits":5,"misses":697,"hit_rate":0.7122507122507122},"code":{"hits":401,"misses":0,"hit_rate":100,"hit_bytes":11357,"miss_bytes":0}}}
INFO [06-02|05:07:19.512] Imported new potential chain segment     number=9630 hash=d25dd6..30d2e3 blocks=1 txs=1 mgas=15.900 elapsed=286.007ms   mgasps=55.594 triediffs=1.33MiB triedirty=120.99MiB
INFO [06-02|05:07:19.512] Chain head was updated                   number=9630 hash=d25dd6..30d2e3 root=f5a750..c380c7 elapsed="250.346µs"
INFO [06-02|05:07:20.462] Submitted transaction                    hash=0x39e8ce6117258c03b74cefd7432044b66d60eb45a3b3e00faac8c93babc65ff1 from=0x4C713e2Aa1035693f3B46bbeD8E3893F087fa1EA nonce=1    recipient=0xf39Fd6e51aad88F6F4ce6aB8827279cffFb92266 value=1,044,061
INFO [06-02|05:07:20.517] Starting work on payload                 id=0x0337aa301d052b28
INFO [06-02|05:07:20.572] Updated payload                          id=0x0337aa301d052b28 number=9631 hash=9e1a38..24d851 txs=1 withdrawals=0 gas=21000      fees=2.1e-14       root=25f9f7..6af4dd elapsed=55.453ms
INFO [06-02|05:07:20.572] Stopping work on payload                 id=0x0337aa301d052b28 reason=delivery
WARN [06-02|05:07:20.631] {"level":"warn","msg":"Slow block","block":{"number":9631,"hash":"0x9e1a38959d25f232d589803d149170989279fe576c8d99b262168408cc24d851","gas_used":21000,"tx_count":1},"timing":{"execution_ms":0.081546,"state_read_ms":5.487561,"state_hash_ms":51.565515,"commit_ms":0.618436,"total_ms":57.949336},"throughput":{"mgas_per_sec":0.3623855155130682},"state_reads":{"accounts":6,"storage_slots":0,"code":0,"code_bytes":0},"state_writes":{"accounts":2,"accounts_deleted":0,"storage_slots":0,"storage_slots_deleted":0,"code":0,"code_bytes":0},"cache":{"account":{"hits":2,"misses":4,"hit_rate":33.33333333333333},"storage":{"hits":0,"misses":0,"hit_rate":0},"code":{"hits":0,"misses":0,"hit_rate":0,"hit_bytes":0,"miss_bytes":0}}}
INFO [06-02|05:07:20.631] Imported new potential chain segment     number=9631 hash=9e1a38..24d851 blocks=1 txs=1 mgas=0.021  elapsed=58.091ms    mgasps=0.362  triediffs=1.33MiB triedirty=120.99MiB
INFO [06-02|05:07:20.631] Chain head was updated                   number=9631 hash=9e1a38..24d851 root=25f9f7..6af4dd elapsed="96.949µs"
INFO [06-02|05:07:21.638] Starting work on payload                 id=0x030750fe55eb06c6
INFO [06-02|05:07:21.645] Updated payload                          id=0x030750fe55eb06c6 number=9632 hash=6717be..f28c91 txs=0 withdrawals=0 gas=0          fees=0             root=25f9f7..6af4dd elapsed=6.905ms
INFO [06-02|05:07:21.649] Stopping work on payload                 id=0x030750fe55eb06c6 reason=delivery
WARN [06-02|05:07:21.700] {"level":"warn","msg":"Slow block","block":{"number":9632,"hash":"0x6717be45675f655ba43fa4f7a2f7dd2b86f91786ec6b184eeda38f2051f28c91","gas_used":0,"tx_count":0},"timing":{"execution_ms":0.050724,"state_read_ms":53.983594,"state_hash_ms":0.002916,"commit_ms":0.26124,"total_ms":54.511422},"throughput":{"mgas_per_sec":0},"state_reads":{"accounts":4,"storage_slots":0,"code":0,"code_bytes":0},"state_writes":{"accounts":0,"accounts_deleted":0,"storage_slots":0,"storage_slots_deleted":0,"code":0,"code_bytes":0},"cache":{"account":{"hits":0,"misses":4,"hit_rate":0},"storage":{"hits":0,"misses":0,"hit_rate":0},"code":{"hits":0,"misses":0,"hit_rate":0,"hit_bytes":0,"miss_bytes":0}}}
INFO [06-02|05:07:21.700] Imported new potential chain segment     number=9632 hash=6717be..f28c91 blocks=1 txs=0 mgas=0.000  elapsed=54.750ms    mgasps=0.000  triediffs=1.33MiB triedirty=120.99MiB
INFO [06-02|05:07:21.700] Chain head was updated                   number=9632 hash=6717be..f28c91 root=25f9f7..6af4dd elapsed="52.938µs"
