WARN [06-01|13:17:33.879] Unknown config environment variable      envvar=GETH_PBT_BIN
WARN [06-01|13:17:33.879] Unknown config environment variable      envvar=GETH_UBT_BIN
INFO [06-01|13:17:33.889] Starting Geth on Ethereum mainnet...
INFO [06-01|13:17:33.890] Maximum peer count                       ETH=0 total=0
INFO [06-01|13:17:33.892] Smartcard socket not found, disabling    err="stat /run/pcscd/pcscd.comm: no such file or directory"
WARN [06-01|13:17:33.897] Option --miner.etherbase is deprecated as the etherbase is set by the consensus client post-merge
INFO [06-01|13:17:33.901] Set global gas cap                       cap=50,000,000
INFO [06-01|13:17:34.690] Using developer account                  address=0xf39Fd6e51aad88F6F4ce6aB8827279cffFb92266
INFO [06-01|13:17:34.729] Using pebble as the backing database
INFO [06-01|13:17:34.729] Allocated cache and file handles         database=/mnt/state_expiry_vol_data/ubt-vs-pbt-dbs/pbt/geth/chaindata cache=2.00GiB handles=262,144
INFO [06-01|13:17:34.939] Opened ancient database                  database=/mnt/state_expiry_vol_data/ubt-vs-pbt-dbs/pbt/geth/chaindata/ancient/chain readonly=true
INFO [06-01|13:17:34.939] Opened Era store                         datadir=/mnt/state_expiry_vol_data/ubt-vs-pbt-dbs/pbt/geth/chaindata/ancient/chain/era
INFO [06-01|13:17:34.946] Initializing the KZG library             backend=gokzg
INFO [06-01|13:17:34.949] Allocated trie memory caches             clean=614.00MiB dirty=1.00GiB
INFO [06-01|13:17:34.960] Using pebble as the backing database
INFO [06-01|13:17:34.960] Allocated cache and file handles         database=/mnt/state_expiry_vol_data/ubt-vs-pbt-dbs/pbt/geth/chaindata cache=2.00GiB handles=262,144
INFO [06-01|13:17:35.147] Opened ancient database                  database=/mnt/state_expiry_vol_data/ubt-vs-pbt-dbs/pbt/geth/chaindata/ancient/chain readonly=false
INFO [06-01|13:17:35.147] Opened Era store                         datadir=/mnt/state_expiry_vol_data/ubt-vs-pbt-dbs/pbt/geth/chaindata/ancient/chain/era
INFO [06-01|13:17:35.153] State scheme set to already existing     scheme=path
INFO [06-01|13:17:35.153] Initialising Ethereum protocol           network=1337 dbversion=9
WARN [06-01|13:17:35.153] Sanitizing invalid node buffer size      provided=1.00GiB updated=256.00MiB
INFO [06-01|13:17:35.155] Load database journal from file          path=/mnt/state_expiry_vol_data/ubt-vs-pbt-dbs/pbt/geth/triedb/verkle.journal
INFO [06-01|13:17:35.234] Opened ancient database                  database=/mnt/state_expiry_vol_data/ubt-vs-pbt-dbs/pbt/geth/chaindata/ancient/state_verkle readonly=false
INFO [06-01|13:17:35.258] State snapshot generator is not compatible
INFO [06-01|13:17:35.258] Initialized path database                triecache=614.00MiB statecache=409.00MiB buffer=256.00MiB state-history="last 90000 blocks" journal-dir=/mnt/state_expiry_vol_data/ubt-vs-pbt-dbs/pbt/geth/triedb verkle=true
INFO [06-01|13:17:35.258] 
INFO [06-01|13:17:35.258] ---------------------------------------------------------------------------------------------------------------------------------------------------------
INFO [06-01|13:17:35.258] Chain ID:  1337 (unknown)
INFO [06-01|13:17:35.258] Consensus: unknown
INFO [06-01|13:17:35.258] 
INFO [06-01|13:17:35.258] Pre-Merge hard forks (block based):
INFO [06-01|13:17:35.258]  - Homestead:                   #0       
INFO [06-01|13:17:35.258]  - Tangerine Whistle (EIP 150): #0       
INFO [06-01|13:17:35.258]  - Spurious Dragon/1 (EIP 155): #0       
INFO [06-01|13:17:35.258]  - Spurious Dragon/2 (EIP 158): #0       
INFO [06-01|13:17:35.258]  - Byzantium:                   #0       
INFO [06-01|13:17:35.258]  - Constantinople:              #0       
INFO [06-01|13:17:35.258]  - Petersburg:                  #0       
INFO [06-01|13:17:35.258]  - Istanbul:                    #0       
INFO [06-01|13:17:35.258]  - Berlin:                      #0       
INFO [06-01|13:17:35.258]  - London:                      #0       
INFO [06-01|13:17:35.258]  - Arrow Glacier:               #0       
INFO [06-01|13:17:35.258]  - Gray Glacier:                #0       
INFO [06-01|13:17:35.258] 
INFO [06-01|13:17:35.258] Merge configured:
INFO [06-01|13:17:35.258]  - Total terminal difficulty:  0
INFO [06-01|13:17:35.258]  - Merge netsplit block:       #0       
INFO [06-01|13:17:35.258] 
INFO [06-01|13:17:35.258] Post-Merge hard forks (timestamp based):
INFO [06-01|13:17:35.258]  - Shanghai:                    @0         
INFO [06-01|13:17:35.259]  - Cancun:                      @0          blob: (target: 3, max: 6, fraction: 3338477)
INFO [06-01|13:17:35.259]  - Prague:                      @0          blob: (target: 6, max: 9, fraction: 5007716)
INFO [06-01|13:17:35.259]  - Osaka:                       @0          blob: (target: 6, max: 9, fraction: 5007716)
INFO [06-01|13:17:35.259]  - UBT:                         @0          blob: (nil)
INFO [06-01|13:17:35.259] 
INFO [06-01|13:17:35.259] All fork specifications can be found at https://ethereum.github.io/execution-specs/src/ethereum/forks/
INFO [06-01|13:17:35.259] 
INFO [06-01|13:17:35.259] ---------------------------------------------------------------------------------------------------------------------------------------------------------
INFO [06-01|13:17:35.259] 
INFO [06-01|13:17:35.260] Loaded most recent local block           number=5448 hash=3cb186..592cd1 age=3s
INFO [06-01|13:17:35.260] Loaded most recent local finalized block number=5440 hash=d06dae..44c7f1 age=15s
INFO [06-01|13:17:35.261] Initialized transaction indexer          range="last 2350000 blocks"
INFO [06-01|13:17:35.261] Initialized log indexer                  firstblock=0 lastblock=5448 firstmap=0 lastmap=0 headindexed=true
INFO [06-01|13:17:35.291] Enabled full-sync                        head=5448 hash=3cb186..592cd1
INFO [06-01|13:17:35.292] Unprotected transactions allowed
INFO [06-01|13:17:35.292] Gasprice oracle is ignoring threshold set threshold=2
INFO [06-01|13:17:35.292] Registered sync override service
WARN [06-01|13:17:35.292] You are running Geth in --dev mode. Please note the following:
WARN [06-01|13:17:35.292] 
WARN [06-01|13:17:35.292]   1. This mode is only intended for fast, iterative development without assumptions on
WARN [06-01|13:17:35.292]      security or persistence.
WARN [06-01|13:17:35.292]   2. The database is created in memory unless specified otherwise. Therefore, shutting down
WARN [06-01|13:17:35.292]      your computer or losing power will wipe your entire block data and chain state for
WARN [06-01|13:17:35.292]      your dev environment.
WARN [06-01|13:17:35.292]   3. A random, pre-allocated developer account will be available and unlocked as
WARN [06-01|13:17:35.292]      eth.coinbase, which can be used for testing. The random dev account is temporary,
WARN [06-01|13:17:35.292]      stored on a ramdisk, and will be lost if your machine is restarted.
WARN [06-01|13:17:35.292]   4. Mining is enabled by default. However, the client will only seal blocks if transactions
WARN [06-01|13:17:35.292]      are pending in the mempool. The miner's minimum accepted gas price is 1.
WARN [06-01|13:17:35.292]   5. Networking is disabled; there is no listen-address, the maximum number of peers is set
WARN [06-01|13:17:35.292]      to 0, and discovery is disabled.
WARN [06-01|13:17:35.292] 
INFO [06-01|13:17:35.292] Starting peer-to-peer node               instance=Geth/v1.17.3-unstable/linux-amd64/go1.24.9
WARN [06-01|13:17:35.292] P2P server will be useless, neither dialing nor listening
INFO [06-01|13:17:35.314] New local node record                    seq=1,780,292,695,002 id=972c5cc0b2a1895c ip=127.0.0.1 udp=0 tcp=0
INFO [06-01|13:17:35.314] Started P2P networking                   self=enode://16ec6c0bde109d66472afe00ec8fee3d30718d830d1acf0829842abca89b82afff8a454636cde3b26d700f98647938c6f23e7bee3027caca0d7f19e4b3725e13@127.0.0.1:0
INFO [06-01|13:17:35.316] IPC endpoint opened                      url=/mnt/state_expiry_vol_data/ubt-vs-pbt-dbs/pbt/geth.ipc
ERROR[06-01|13:17:35.316] Unavailable modules in HTTP API list     unavailable=[personal] available="[admin debug web3 eth txpool miner net dev testing]"
INFO [06-01|13:17:35.318] HTTP server started                      endpoint=127.0.0.1:8545 auth=false prefix= cors= vhosts=localhost
INFO [06-01|13:17:35.318] WebSocket enabled                        url=ws://127.0.0.1:8546
INFO [06-01|13:17:35.691] Loaded local transaction journal         transactions=3785 dropped=0
INFO [06-01|13:17:36.302] Started log indexer
INFO [06-01|13:17:36.351] Starting work on payload                 id=0x03b2cce536753a61
INFO [06-01|13:17:36.368] Updated payload                          id=0x03b2cce536753a61 number=5449 hash=a65c6e..e28edf txs=0 withdrawals=0 gas=0 fees=0 root=938f95..7acfd8 elapsed=16.733ms
INFO [06-01|13:17:36.369] Stopping work on payload                 id=0x03b2cce536753a61 reason=delivery
WARN [06-01|13:17:36.374] {"level":"warn","msg":"Slow block","block":{"number":5449,"hash":"0xa65c6eced1aae17adef273d42d67d85fd8d61a31f795e2671eabd42be1e28edf","gas_used":0,"tx_count":0},"timing":{"execution_ms":0.044395,"state_read_ms":3.746544,"state_hash_ms":0.001664,"commit_ms":1.052366,"total_ms":5.005447},"throughput":{"mgas_per_sec":0},"state_reads":{"accounts":4,"storage_slots":0,"code":0,"code_bytes":0},"state_writes":{"accounts":0,"accounts_deleted":0,"storage_slots":0,"storage_slots_deleted":0,"code":0,"code_bytes":0},"cache":{"account":{"hits":0,"misses":4,"hit_rate":0},"storage":{"hits":0,"misses":0,"hit_rate":0},"code":{"hits":0,"misses":0,"hit_rate":0,"hit_bytes":0,"miss_bytes":0}}}
INFO [06-01|13:17:36.374] Imported new potential chain segment     number=5449 hash=a65c6e..e28edf blocks=1 txs=0 mgas=0.000 elapsed=5.404ms  mgasps=0.000 triediffs=1.33MiB triedirty=1.61MiB
INFO [06-01|13:17:36.374] Chain head was updated                   number=5449 hash=a65c6e..e28edf root=938f95..7acfd8 elapsed="111.632µs"
INFO [06-01|13:17:37.386] Starting work on payload                 id=0x03f62d114aaeabe0
INFO [06-01|13:17:37.404] Updated payload                          id=0x03f62d114aaeabe0 number=5450 hash=b9d266..6504c7 txs=0 withdrawals=0 gas=0 fees=0 root=938f95..7acfd8 elapsed=17.455ms
INFO [06-01|13:17:37.404] Stopping work on payload                 id=0x03f62d114aaeabe0 reason=delivery
WARN [06-01|13:17:37.411] {"level":"warn","msg":"Slow block","block":{"number":5450,"hash":"0xb9d266856e76e3c37f2c8545212b2e5fe6a420ffba399bfb41406581646504c7","gas_used":0,"tx_count":0},"timing":{"execution_ms":0.032677,"state_read_ms":6.964466,"state_hash_ms":0.002494,"commit_ms":0.328098,"total_ms":7.513431},"throughput":{"mgas_per_sec":0},"state_reads":{"accounts":4,"storage_slots":0,"code":0,"code_bytes":0},"state_writes":{"accounts":0,"accounts_deleted":0,"storage_slots":0,"storage_slots_deleted":0,"code":0,"code_bytes":0},"cache":{"account":{"hits":0,"misses":4,"hit_rate":0},"storage":{"hits":0,"misses":0,"hit_rate":0},"code":{"hits":0,"misses":0,"hit_rate":0,"hit_bytes":0,"miss_bytes":0}}}
INFO [06-01|13:17:37.412] Imported new potential chain segment     number=5450 hash=b9d266..6504c7 blocks=1 txs=0 mgas=0.000 elapsed=7.714ms     mgasps=0.000 triediffs=1.33MiB triedirty=1.61MiB
INFO [06-01|13:17:37.412] Chain head was updated                   number=5450 hash=b9d266..6504c7 root=938f95..7acfd8 elapsed="94.47µs"
INFO [06-01|13:17:38.432] Starting work on payload                 id=0x03610badbf6b3917
INFO [06-01|13:17:38.451] Updated payload                          id=0x03610badbf6b3917 number=5451 hash=0645d9..0d02d1 txs=0 withdrawals=0 gas=0 fees=0 root=938f95..7acfd8 elapsed=18.773ms
INFO [06-01|13:17:38.451] Stopping work on payload                 id=0x03610badbf6b3917 reason=delivery
WARN [06-01|13:17:38.460] {"level":"warn","msg":"Slow block","block":{"number":5451,"hash":"0x0645d952b1f7b38686ed9b79d46202902c9641d85e3b4c587905d606b60d02d1","gas_used":0,"tx_count":0},"timing":{"execution_ms":0.037295,"state_read_ms":3.413989,"state_hash_ms":0.002436,"commit_ms":0.220611,"total_ms":8.724786},"throughput":{"mgas_per_sec":0},"state_reads":{"accounts":4,"storage_slots":0,"code":0,"code_bytes":0},"state_writes":{"accounts":0,"accounts_deleted":0,"storage_slots":0,"storage_slots_deleted":0,"code":0,"code_bytes":0},"cache":{"account":{"hits":0,"misses":4,"hit_rate":0},"storage":{"hits":0,"misses":0,"hit_rate":0},"code":{"hits":0,"misses":0,"hit_rate":0,"hit_bytes":0,"miss_bytes":0}}}
INFO [06-01|13:17:38.460] Imported new potential chain segment     number=5451 hash=0645d9..0d02d1 blocks=1 txs=0 mgas=0.000 elapsed=9.012ms     mgasps=0.000 triediffs=1.33MiB triedirty=1.61MiB
INFO [06-01|13:17:38.461] Chain head was updated                   number=5451 hash=0645d9..0d02d1 root=938f95..7acfd8 elapsed="190.267µs"
INFO [06-01|13:17:39.052] Submitted contract creation              hash=0x08ad692e459af09a0bc3fe8904904a308215ffa22c9f0f13cbd02fe4dc6eff03 from=0xf39Fd6e51aad88F6F4ce6aB8827279cffFb92266 nonce=1637 contract=0x4A425525a8823301C5d8b660517e9402e32BA44F value=0
INFO [06-01|13:17:39.052] Submitted transaction                    hash=0x85d20eeae1bec98dcd8d4c60ef6ad718ab16ffe3e6c401a4cce20e77ab7ca5ed from=0xf39Fd6e51aad88F6F4ce6aB8827279cffFb92266 nonce=1638 recipient=0xfac4B32Cb4d99BecFe48A13C77EBF9665aF92fa0 value=78,000,000
INFO [06-01|13:17:39.479] Starting work on payload                 id=0x03bb510eefe6314f
INFO [06-01|13:17:39.533] Updated payload                          id=0x03bb510eefe6314f number=5452 hash=a724ae..721ace txs=2 withdrawals=0 gas=86852 fees=5.21112e-13 root=cb2b02..73c46c elapsed=54.459ms
INFO [06-01|13:17:39.534] Stopping work on payload                 id=0x03bb510eefe6314f reason=delivery
WARN [06-01|13:17:39.566] {"level":"warn","msg":"Slow block","block":{"number":5452,"hash":"0xa724aee17f103f3b98069e86fbca4be0e6e8375e6699b8b03e449a8b8f721ace","gas_used":86852,"tx_count":2},"timing":{"execution_ms":0.265644,"state_read_ms":24.425555,"state_hash_ms":3.008446,"commit_ms":4.57209,"total_ms":32.444575},"throughput":{"mgas_per_sec":2.6769344335686323},"state_reads":{"accounts":11,"storage_slots":0,"code":0,"code_bytes":0},"state_writes":{"accounts":3,"accounts_deleted":0,"storage_slots":0,"storage_slots_deleted":0,"code":1,"code_bytes":157},"cache":{"account":{"hits":4,"misses":7,"hit_rate":36.36363636363637},"storage":{"hits":0,"misses":0,"hit_rate":0},"code":{"hits":0,"misses":0,"hit_rate":0,"hit_bytes":0,"miss_bytes":0}}}
INFO [06-01|13:17:39.566] Imported new potential chain segment     number=5452 hash=a724ae..721ace blocks=1 txs=2 mgas=0.087 elapsed=32.606ms    mgasps=2.664 triediffs=1.33MiB triedirty=1.61MiB
INFO [06-01|13:17:39.566] Chain head was updated                   number=5452 hash=a724ae..721ace root=cb2b02..73c46c elapsed="161.036µs"
INFO [06-01|13:17:40.063] Submitted transaction                    hash=0x164221af29d7c81f0e56e8330d8a34b2300ef7ff76d0a69fd61788f7645eb452 from=0xfac4B32Cb4d99BecFe48A13C77EBF9665aF92fa0 nonce=0    recipient=0x4A425525a8823301C5d8b660517e9402e32BA44F value=0
INFO [06-01|13:17:40.575] Starting work on payload                 id=0x034d92976443f8c8
INFO [06-01|13:17:40.767] Updated payload                          id=0x034d92976443f8c8 number=5453 hash=25d4c2..50ea1b txs=1 withdrawals=0 gas=5,900,240 fees=3.540144e-11 root=b57049..6d9ec4 elapsed=191.843ms
INFO [06-01|13:17:40.769] Stopping work on payload                 id=0x034d92976443f8c8 reason=delivery
WARN [06-01|13:17:40.910] {"level":"warn","msg":"Slow block","block":{"number":5453,"hash":"0x25d4c2eee48cd5f568a6cb231d9d809809a431c03cd1e0155bf7738ca150ea1b","gas_used":5900240,"tx_count":1},"timing":{"execution_ms":103.882558,"state_read_ms":30.241839,"state_hash_ms":7.028936,"commit_ms":0.609736,"total_ms":142.173987},"throughput":{"mgas_per_sec":41.50013743372056},"state_reads":{"accounts":107,"storage_slots":258,"code":101,"code_bytes":2957},"state_writes":{"accounts":2,"accounts_deleted":0,"storage_slots":0,"storage_slots_deleted":0,"code":0,"code_bytes":0},"cache":{"account":{"hits":27,"misses":80,"hit_rate":25.233644859813083},"storage":{"hits":66,"misses":192,"hit_rate":25.581395348837212},"code":{"hits":101,"misses":0,"hit_rate":100,"hit_bytes":2957,"miss_bytes":0}}}
INFO [06-01|13:17:40.910] Imported new potential chain segment     number=5453 hash=25d4c2..50ea1b blocks=1 txs=1 mgas=5.900 elapsed=142.456ms   mgasps=41.418 triediffs=1.33MiB triedirty=1.61MiB
INFO [06-01|13:17:40.910] Chain head was updated                   number=5453 hash=25d4c2..50ea1b root=b57049..6d9ec4 elapsed="86.174µs"
INFO [06-01|13:17:41.079] Submitted transaction                    hash=0x0e3e0ca783b837b9059d2e4190174f7ba6a1a9714f980bc94e26a41acc268622 from=0xfac4B32Cb4d99BecFe48A13C77EBF9665aF92fa0 nonce=1    recipient=0xf39Fd6e51aad88F6F4ce6aB8827279cffFb92266 value=1,044,880
INFO [06-01|13:17:41.929] Starting work on payload                 id=0x0347127b7a8ff7e5
INFO [06-01|13:17:41.961] Updated payload                          id=0x0347127b7a8ff7e5 number=5454 hash=758b70..a24c4b txs=1 withdrawals=0 gas=21000     fees=2.1e-14      root=6466eb..af8b6f elapsed=31.313ms
INFO [06-01|13:17:41.961] Stopping work on payload                 id=0x0347127b7a8ff7e5 reason=delivery
WARN [06-01|13:17:41.987] {"level":"warn","msg":"Slow block","block":{"number":5454,"hash":"0x758b70d00b76086d5eb34a61d808719f16765ac3b29426a1a83b432807a24c4b","gas_used":21000,"tx_count":1},"timing":{"execution_ms":0.074475,"state_read_ms":20.66139,"state_hash_ms":4.316933,"commit_ms":0.684163,"total_ms":25.946492},"throughput":{"mgas_per_sec":0.8093579663871324},"state_reads":{"accounts":6,"storage_slots":0,"code":0,"code_bytes":0},"state_writes":{"accounts":2,"accounts_deleted":0,"storage_slots":0,"storage_slots_deleted":0,"code":0,"code_bytes":0},"cache":{"account":{"hits":2,"misses":4,"hit_rate":33.33333333333333},"storage":{"hits":0,"misses":0,"hit_rate":0},"code":{"hits":0,"misses":0,"hit_rate":0,"hit_bytes":0,"miss_bytes":0}}}
INFO [06-01|13:17:41.987] Imported new potential chain segment     number=5454 hash=758b70..a24c4b blocks=1 txs=1 mgas=0.021 elapsed=26.103ms    mgasps=0.804  triediffs=1.33MiB triedirty=1.61MiB
INFO [06-01|13:17:41.987] Chain head was updated                   number=5454 hash=758b70..a24c4b root=6466eb..af8b6f elapsed="75.735µs"
