WARN [06-02|05:30:41.314] Unknown config environment variable      envvar=GETH_PBT_BIN
WARN [06-02|05:30:41.314] Unknown config environment variable      envvar=GETH_UBT_BIN
INFO [06-02|05:30:41.326] Starting Geth on Ethereum mainnet...
INFO [06-02|05:30:41.328] Maximum peer count                       ETH=0 total=0
INFO [06-02|05:30:41.329] Smartcard socket not found, disabling    err="stat /run/pcscd/pcscd.comm: no such file or directory"
WARN [06-02|05:30:41.334] Option --miner.etherbase is deprecated as the etherbase is set by the consensus client post-merge
INFO [06-02|05:30:41.337] Set global gas cap                       cap=50,000,000
INFO [06-02|05:30:42.135] Using developer account                  address=0xf39Fd6e51aad88F6F4ce6aB8827279cffFb92266
INFO [06-02|05:30:42.170] Using pebble as the backing database
INFO [06-02|05:30:42.170] Allocated cache and file handles         database=/mnt/state_expiry_vol_data/ubt-vs-pbt-dbs/pbt/geth/chaindata cache=2.00GiB handles=262,144
INFO [06-02|05:30:42.394] Opened ancient database                  database=/mnt/state_expiry_vol_data/ubt-vs-pbt-dbs/pbt/geth/chaindata/ancient/chain readonly=true
INFO [06-02|05:30:42.394] Opened Era store                         datadir=/mnt/state_expiry_vol_data/ubt-vs-pbt-dbs/pbt/geth/chaindata/ancient/chain/era
INFO [06-02|05:30:42.405] Initializing the KZG library             backend=gokzg
INFO [06-02|05:30:42.406] Allocated trie memory caches             clean=614.00MiB dirty=1.00GiB
INFO [06-02|05:30:42.414] Using pebble as the backing database
INFO [06-02|05:30:42.414] Allocated cache and file handles         database=/mnt/state_expiry_vol_data/ubt-vs-pbt-dbs/pbt/geth/chaindata cache=2.00GiB handles=262,144
INFO [06-02|05:30:42.643] Opened ancient database                  database=/mnt/state_expiry_vol_data/ubt-vs-pbt-dbs/pbt/geth/chaindata/ancient/chain readonly=false
INFO [06-02|05:30:42.643] Opened Era store                         datadir=/mnt/state_expiry_vol_data/ubt-vs-pbt-dbs/pbt/geth/chaindata/ancient/chain/era
INFO [06-02|05:30:42.652] State scheme set to already existing     scheme=path
INFO [06-02|05:30:42.662] Initialising Ethereum protocol           network=1337 dbversion=9
WARN [06-02|05:30:42.662] Sanitizing invalid node buffer size      provided=1.00GiB updated=256.00MiB
INFO [06-02|05:30:42.663] Load database journal from file          path=/mnt/state_expiry_vol_data/ubt-vs-pbt-dbs/pbt/geth/triedb/verkle.journal
INFO [06-02|05:30:44.807] Opened ancient database                  database=/mnt/state_expiry_vol_data/ubt-vs-pbt-dbs/pbt/geth/chaindata/ancient/state_verkle readonly=false
INFO [06-02|05:30:44.809] State snapshot generator is not compatible
INFO [06-02|05:30:44.809] Initialized path database                triecache=614.00MiB statecache=409.00MiB buffer=256.00MiB state-history="last 90000 blocks" journal-dir=/mnt/state_expiry_vol_data/ubt-vs-pbt-dbs/pbt/geth/triedb verkle=true
INFO [06-02|05:30:44.809] 
INFO [06-02|05:30:44.809] ---------------------------------------------------------------------------------------------------------------------------------------------------------
INFO [06-02|05:30:44.809] Chain ID:  1337 (unknown)
INFO [06-02|05:30:44.809] Consensus: unknown
INFO [06-02|05:30:44.809] 
INFO [06-02|05:30:44.809] Pre-Merge hard forks (block based):
INFO [06-02|05:30:44.809]  - Homestead:                   #0       
INFO [06-02|05:30:44.809]  - Tangerine Whistle (EIP 150): #0       
INFO [06-02|05:30:44.809]  - Spurious Dragon/1 (EIP 155): #0       
INFO [06-02|05:30:44.809]  - Spurious Dragon/2 (EIP 158): #0       
INFO [06-02|05:30:44.809]  - Byzantium:                   #0       
INFO [06-02|05:30:44.809]  - Constantinople:              #0       
INFO [06-02|05:30:44.809]  - Petersburg:                  #0       
INFO [06-02|05:30:44.809]  - Istanbul:                    #0       
INFO [06-02|05:30:44.809]  - Berlin:                      #0       
INFO [06-02|05:30:44.809]  - London:                      #0       
INFO [06-02|05:30:44.809]  - Arrow Glacier:               #0       
INFO [06-02|05:30:44.809]  - Gray Glacier:                #0       
INFO [06-02|05:30:44.809] 
INFO [06-02|05:30:44.809] Merge configured:
INFO [06-02|05:30:44.810]  - Total terminal difficulty:  0
INFO [06-02|05:30:44.810]  - Merge netsplit block:       #0       
INFO [06-02|05:30:44.810] 
INFO [06-02|05:30:44.810] Post-Merge hard forks (timestamp based):
INFO [06-02|05:30:44.810]  - Shanghai:                    @0         
INFO [06-02|05:30:44.810]  - Cancun:                      @0          blob: (target: 3, max: 6, fraction: 3338477)
INFO [06-02|05:30:44.810]  - Prague:                      @0          blob: (target: 6, max: 9, fraction: 5007716)
INFO [06-02|05:30:44.810]  - Osaka:                       @0          blob: (target: 6, max: 9, fraction: 5007716)
INFO [06-02|05:30:44.810]  - UBT:                         @0          blob: (nil)
INFO [06-02|05:30:44.810] 
INFO [06-02|05:30:44.810] All fork specifications can be found at https://ethereum.github.io/execution-specs/src/ethereum/forks/
INFO [06-02|05:30:44.810] 
INFO [06-02|05:30:44.810] ---------------------------------------------------------------------------------------------------------------------------------------------------------
INFO [06-02|05:30:44.810] 
INFO [06-02|05:30:44.810] Loaded most recent local block           number=10277 hash=312662..068754 age=7s
INFO [06-02|05:30:44.810] Loaded most recent local finalized block number=10272 hash=678cf6..1cac9d age=13s
INFO [06-02|05:30:44.811] Initialized transaction indexer          range="last 2350000 blocks"
INFO [06-02|05:30:44.811] Initialized log indexer                  firstblock=0 lastblock=10277 firstmap=0 lastmap=0 headindexed=true
INFO [06-02|05:30:44.827] Enabled full-sync                        head=10277 hash=312662..068754
INFO [06-02|05:30:44.828] Unprotected transactions allowed
INFO [06-02|05:30:44.828] Gasprice oracle is ignoring threshold set threshold=2
WARN [06-02|05:30:44.828] Unclean shutdown detected                booted=2026-06-02T02:34:44+0000 age=2h56m
INFO [06-02|05:30:44.828] Registered sync override service
WARN [06-02|05:30:44.828] You are running Geth in --dev mode. Please note the following:
WARN [06-02|05:30:44.828] 
WARN [06-02|05:30:44.828]   1. This mode is only intended for fast, iterative development without assumptions on
WARN [06-02|05:30:44.828]      security or persistence.
WARN [06-02|05:30:44.828]   2. The database is created in memory unless specified otherwise. Therefore, shutting down
WARN [06-02|05:30:44.828]      your computer or losing power will wipe your entire block data and chain state for
WARN [06-02|05:30:44.828]      your dev environment.
WARN [06-02|05:30:44.828]   3. A random, pre-allocated developer account will be available and unlocked as
WARN [06-02|05:30:44.828]      eth.coinbase, which can be used for testing. The random dev account is temporary,
WARN [06-02|05:30:44.828]      stored on a ramdisk, and will be lost if your machine is restarted.
WARN [06-02|05:30:44.828]   4. Mining is enabled by default. However, the client will only seal blocks if transactions
WARN [06-02|05:30:44.828]      are pending in the mempool. The miner's minimum accepted gas price is 1.
WARN [06-02|05:30:44.828]   5. Networking is disabled; there is no listen-address, the maximum number of peers is set
WARN [06-02|05:30:44.828]      to 0, and discovery is disabled.
WARN [06-02|05:30:44.828] 
INFO [06-02|05:30:44.828] Starting peer-to-peer node               instance=Geth/v1.17.3-unstable/linux-amd64/go1.24.9
WARN [06-02|05:30:44.828] P2P server will be useless, neither dialing nor listening
INFO [06-02|05:30:44.842] IPC endpoint opened                      url=/mnt/state_expiry_vol_data/ubt-vs-pbt-dbs/pbt/geth.ipc
ERROR[06-02|05:30:44.842] Unavailable modules in HTTP API list     unavailable=[personal] available="[admin debug web3 eth txpool miner net dev testing]"
INFO [06-02|05:30:44.842] New local node record                    seq=1,780,292,695,589 id=972c5cc0b2a1895c ip=127.0.0.1 udp=0 tcp=0
INFO [06-02|05:30:44.842] Started P2P networking                   self=enode://16ec6c0bde109d66472afe00ec8fee3d30718d830d1acf0829842abca89b82afff8a454636cde3b26d700f98647938c6f23e7bee3027caca0d7f19e4b3725e13@127.0.0.1:0
INFO [06-02|05:30:44.843] HTTP server started                      endpoint=127.0.0.1:8545 auth=false prefix= cors= vhosts=localhost
INFO [06-02|05:30:44.843] WebSocket enabled                        url=ws://127.0.0.1:8546
INFO [06-02|05:30:45.747] Loaded local transaction journal         transactions=7956 dropped=0
INFO [06-02|05:30:45.920] Started log indexer
INFO [06-02|05:30:45.944] Starting work on payload                 id=0x03a045096764dd67
INFO [06-02|05:30:45.947] Updated payload                          id=0x03a045096764dd67 number=10278 hash=fdbacc..ce18a9 txs=0 withdrawals=0 gas=0 fees=0 root=d2da70..7b80a8 elapsed=2.701ms
INFO [06-02|05:30:45.953] Stopping work on payload                 id=0x03a045096764dd67 reason=delivery
WARN [06-02|05:30:45.982] {"level":"warn","msg":"Slow block","block":{"number":10278,"hash":"0xfdbacc3ad86e0a1f6744985321f830d3f19033232540c95bd5709ca302ce18a9","gas_used":0,"tx_count":0},"timing":{"execution_ms":1.279281,"state_read_ms":29.748836,"state_hash_ms":0.003121,"commit_ms":3.041446,"total_ms":34.324015},"throughput":{"mgas_per_sec":0},"state_reads":{"accounts":4,"storage_slots":0,"code":0,"code_bytes":0},"state_writes":{"accounts":0,"accounts_deleted":0,"storage_slots":0,"storage_slots_deleted":0,"code":0,"code_bytes":0},"cache":{"account":{"hits":0,"misses":4,"hit_rate":0},"storage":{"hits":0,"misses":0,"hit_rate":0},"code":{"hits":0,"misses":0,"hit_rate":0,"hit_bytes":0,"miss_bytes":0}}}
INFO [06-02|05:30:45.982] Imported new potential chain segment     number=10278 hash=fdbacc..ce18a9 blocks=1 txs=0 mgas=0.000 elapsed=34.916ms mgasps=0.000 triediffs=25.03MiB triedirty=122.62MiB
INFO [06-02|05:30:45.982] Chain head was updated                   number=10278 hash=fdbacc..ce18a9 root=d2da70..7b80a8 elapsed="92.789µs"
INFO [06-02|05:30:46.997] Starting work on payload                 id=0x03a292f2620ed6b0
INFO [06-02|05:30:46.998] Updated payload                          id=0x03a292f2620ed6b0 number=10279 hash=81a281..1fe4cb txs=0 withdrawals=0 gas=0 fees=0 root=d2da70..7b80a8 elapsed="778.115µs"
INFO [06-02|05:30:46.998] Stopping work on payload                 id=0x03a292f2620ed6b0 reason=delivery
WARN [06-02|05:30:47.003] {"level":"warn","msg":"Slow block","block":{"number":10279,"hash":"0x81a2818947cc38c706218eeee11dcac8262f34585c5db72efb5b7c7bb81fe4cb","gas_used":0,"tx_count":0},"timing":{"execution_ms":0.029931,"state_read_ms":1.091328,"state_hash_ms":0.001979,"commit_ms":0.187981,"total_ms":4.52492},"throughput":{"mgas_per_sec":0},"state_reads":{"accounts":4,"storage_slots":0,"code":0,"code_bytes":0},"state_writes":{"accounts":0,"accounts_deleted":0,"storage_slots":0,"storage_slots_deleted":0,"code":0,"code_bytes":0},"cache":{"account":{"hits":0,"misses":4,"hit_rate":0},"storage":{"hits":0,"misses":0,"hit_rate":0},"code":{"hits":0,"misses":0,"hit_rate":0,"hit_bytes":0,"miss_bytes":0}}}
INFO [06-02|05:30:47.003] Imported new potential chain segment     number=10279 hash=81a281..1fe4cb blocks=1 txs=0 mgas=0.000 elapsed=4.724ms     mgasps=0.000 triediffs=25.03MiB triedirty=122.62MiB
INFO [06-02|05:30:47.003] Chain head was updated                   number=10279 hash=81a281..1fe4cb root=d2da70..7b80a8 elapsed="63.091µs"
INFO [06-02|05:30:48.011] Starting work on payload                 id=0x03f2c594aaf298be
INFO [06-02|05:30:48.019] Updated payload                          id=0x03f2c594aaf298be number=10280 hash=572e11..f7e1ee txs=0 withdrawals=0 gas=0 fees=0 root=d2da70..7b80a8 elapsed=7.713ms
INFO [06-02|05:30:48.020] Stopping work on payload                 id=0x03f2c594aaf298be reason=delivery
WARN [06-02|05:30:48.171] {"level":"warn","msg":"Slow block","block":{"number":10280,"hash":"0x572e11a2dd4e995a37ee3df49c9a6146dd9f7166dadf5cc0b806c3ae3ff7e1ee","gas_used":0,"tx_count":0},"timing":{"execution_ms":0.043288,"state_read_ms":150.75317,"state_hash_ms":0.003632,"commit_ms":0.189771,"total_ms":151.207021},"throughput":{"mgas_per_sec":0},"state_reads":{"accounts":4,"storage_slots":0,"code":0,"code_bytes":0},"state_writes":{"accounts":0,"accounts_deleted":0,"storage_slots":0,"storage_slots_deleted":0,"code":0,"code_bytes":0},"cache":{"account":{"hits":0,"misses":4,"hit_rate":0},"storage":{"hits":0,"misses":0,"hit_rate":0},"code":{"hits":0,"misses":0,"hit_rate":0,"hit_bytes":0,"miss_bytes":0}}}
INFO [06-02|05:30:48.171] Imported new potential chain segment     number=10280 hash=572e11..f7e1ee blocks=1 txs=0 mgas=0.000 elapsed=151.502ms   mgasps=0.000 triediffs=25.03MiB triedirty=122.62MiB
INFO [06-02|05:30:48.171] Chain head was updated                   number=10280 hash=572e11..f7e1ee root=d2da70..7b80a8 elapsed="53.562µs"
INFO [06-02|05:30:49.187] Starting work on payload                 id=0x035e2dedf4473399
INFO [06-02|05:30:49.229] Updated payload                          id=0x035e2dedf4473399 number=10281 hash=39d51e..9a17ce txs=0 withdrawals=0 gas=0 fees=0 root=d2da70..7b80a8 elapsed=41.971ms
INFO [06-02|05:30:49.231] Stopping work on payload                 id=0x035e2dedf4473399 reason=delivery
WARN [06-02|05:30:49.244] {"level":"warn","msg":"Slow block","block":{"number":10281,"hash":"0x39d51efdf7ebc4f7bc2a49618977976f8342b578dcfd59e4b1f534f4d09a17ce","gas_used":0,"tx_count":0},"timing":{"execution_ms":0.030566,"state_read_ms":13.992491,"state_hash_ms":0.002538,"commit_ms":0.125817,"total_ms":14.317763},"throughput":{"mgas_per_sec":0},"state_reads":{"accounts":4,"storage_slots":0,"code":0,"code_bytes":0},"state_writes":{"accounts":0,"accounts_deleted":0,"storage_slots":0,"storage_slots_deleted":0,"code":0,"code_bytes":0},"cache":{"account":{"hits":0,"misses":4,"hit_rate":0},"storage":{"hits":0,"misses":0,"hit_rate":0},"code":{"hits":0,"misses":0,"hit_rate":0,"hit_bytes":0,"miss_bytes":0}}}
INFO [06-02|05:30:49.244] Imported new potential chain segment     number=10281 hash=39d51e..9a17ce blocks=1 txs=0 mgas=0.000 elapsed=14.494ms    mgasps=0.000 triediffs=25.03MiB triedirty=122.62MiB
INFO [06-02|05:30:49.244] Chain head was updated                   number=10281 hash=39d51e..9a17ce root=d2da70..7b80a8 elapsed="44.46µs"
INFO [06-02|05:30:49.852] Submitted contract creation              hash=0x642d61847302f09dc73bf8df0a730e8b49e9dd06920f1afcc76f330399c2c64e from=0xf39Fd6e51aad88F6F4ce6aB8827279cffFb92266 nonce=2807 contract=0xAF194984fa4570B8fE909c102844Bd2584E6E90b value=0
INFO [06-02|05:30:49.852] Submitted transaction                    hash=0xc09755f5c561b3a47b08533aca3e44db78c33433964cb6457c2673ed0ce8335f from=0xf39Fd6e51aad88F6F4ce6aB8827279cffFb92266 nonce=2808 recipient=0x9D6af0a722f267A14f4b6d3807C9d6aFB3D5D480 value=208,000,000
INFO [06-02|05:30:50.253] Starting work on payload                 id=0x033835f78d256355
INFO [06-02|05:30:50.315] Updated payload                          id=0x033835f78d256355 number=10282 hash=9085ba..23fd08 txs=2 withdrawals=0 gas=86938 fees=5.21628e-13 root=f3e666..87ba6d elapsed=61.979ms
INFO [06-02|05:30:50.321] Stopping work on payload                 id=0x033835f78d256355 reason=delivery
WARN [06-02|05:30:50.387] {"level":"warn","msg":"Slow block","block":{"number":10282,"hash":"0x9085babb342e57f1a35d48e6be1e4d100ab8b253be334a7aee0b5ba56823fd08","gas_used":86938,"tx_count":2},"timing":{"execution_ms":4.429629,"state_read_ms":32.629167,"state_hash_ms":28.522097,"commit_ms":5.400685,"total_ms":71.256342},"throughput":{"mgas_per_sec":1.2200738567242198},"state_reads":{"accounts":11,"storage_slots":0,"code":0,"code_bytes":0},"state_writes":{"accounts":3,"accounts_deleted":0,"storage_slots":0,"storage_slots_deleted":0,"code":1,"code_bytes":165},"cache":{"account":{"hits":4,"misses":7,"hit_rate":36.36363636363637},"storage":{"hits":0,"misses":0,"hit_rate":0},"code":{"hits":0,"misses":0,"hit_rate":0,"hit_bytes":0,"miss_bytes":0}}}
INFO [06-02|05:30:50.387] Imported new potential chain segment     number=10282 hash=9085ba..23fd08 blocks=1 txs=2 mgas=0.087 elapsed=71.509ms    mgasps=1.216 triediffs=24.91MiB triedirty=122.69MiB
INFO [06-02|05:30:50.387] Chain head was updated                   number=10282 hash=9085ba..23fd08 root=f3e666..87ba6d elapsed="144.473µs"
INFO [06-02|05:30:50.866] Submitted transaction                    hash=0x8311aa682d173b7577fd53acf66733d30cd67adda3d4ed1d6477d02cb7b8086d from=0x9D6af0a722f267A14f4b6d3807C9d6aFB3D5D480 nonce=0    recipient=0xAF194984fa4570B8fE909c102844Bd2584E6E90b value=0
INFO [06-02|05:30:51.390] Starting work on payload                 id=0x03f80443c924274f
INFO [06-02|05:30:51.801] Updated payload                          id=0x03f80443c924274f number=10283 hash=7d6775..c3d58e txs=1 withdrawals=0 gas=15,913,190 fees=9.547914e-11 root=512d3f..46139d elapsed=409.912ms
INFO [06-02|05:30:51.817] Stopping work on payload                 id=0x03f80443c924274f reason=delivery
WARN [06-02|05:30:51.981] {"level":"warn","msg":"Slow block","block":{"number":10283,"hash":"0x7d6775511102522a12b9178738bcc48e10a6c23114dc0a7fed01a9dcf9c3d58e","gas_used":15913190,"tx_count":1},"timing":{"execution_ms":12.935981,"state_read_ms":44.639672,"state_hash_ms":84.893527,"commit_ms":35.688459,"total_ms":178.561638},"throughput":{"mgas_per_sec":89.11875013153721},"state_reads":{"accounts":337,"storage_slots":630,"code":331,"code_bytes":9405},"state_writes":{"accounts":331,"accounts_deleted":0,"storage_slots":628,"storage_slots_deleted":0,"code":0,"code_bytes":0},"cache":{"account":{"hits":115,"misses":222,"hit_rate":34.124629080118694},"storage":{"hits":155,"misses":475,"hit_rate":24.6031746031746},"code":{"hits":331,"misses":0,"hit_rate":100,"hit_bytes":9405,"miss_bytes":0}}}
INFO [06-02|05:30:51.981] Imported new potential chain segment     number=10283 hash=7d6775..c3d58e blocks=1 txs=1 mgas=15.913 elapsed=179.104ms   mgasps=88.849 triediffs=27.25MiB triedirty=122.69MiB
INFO [06-02|05:30:51.982] Chain head was updated                   number=10283 hash=7d6775..c3d58e root=512d3f..46139d elapsed="246.226µs"
INFO [06-02|05:30:52.889] Submitted transaction                    hash=0x7a2791cbf056258c4567421d535e519f3c62188f29d4fdad00a8328ff746a44f from=0x9D6af0a722f267A14f4b6d3807C9d6aFB3D5D480 nonce=1    recipient=0xf39Fd6e51aad88F6F4ce6aB8827279cffFb92266 value=876,530
INFO [06-02|05:30:52.985] Starting work on payload                 id=0x03e3da7a23de101b
INFO [06-02|05:30:53.053] Updated payload                          id=0x03e3da7a23de101b number=10284 hash=0f167b..c1c9b7 txs=1 withdrawals=0 gas=21000      fees=2.1e-14      root=54a70a..d3ea34 elapsed=67.971ms
INFO [06-02|05:30:53.054] Stopping work on payload                 id=0x03e3da7a23de101b reason=delivery
WARN [06-02|05:30:53.060] {"level":"warn","msg":"Slow block","block":{"number":10284,"hash":"0x0f167b47f462c74014f53097843c06c41fc662b2bd66c6b11ac3b125a6c1c9b7","gas_used":21000,"tx_count":1},"timing":{"execution_ms":0.062144,"state_read_ms":2.70697,"state_hash_ms":2.507289,"commit_ms":0.562907,"total_ms":5.996605},"throughput":{"mgas_per_sec":3.5019815378868544},"state_reads":{"accounts":6,"storage_slots":0,"code":0,"code_bytes":0},"state_writes":{"accounts":2,"accounts_deleted":0,"storage_slots":0,"storage_slots_deleted":0,"code":0,"code_bytes":0},"cache":{"account":{"hits":2,"misses":4,"hit_rate":33.33333333333333},"storage":{"hits":0,"misses":0,"hit_rate":0},"code":{"hits":0,"misses":0,"hit_rate":0,"hit_bytes":0,"miss_bytes":0}}}
INFO [06-02|05:30:53.060] Imported new potential chain segment     number=10284 hash=0f167b..c1c9b7 blocks=1 txs=1 mgas=0.021  elapsed=6.137ms     mgasps=3.422  triediffs=27.25MiB triedirty=122.69MiB
INFO [06-02|05:30:53.060] Chain head was updated                   number=10284 hash=0f167b..c1c9b7 root=54a70a..d3ea34 elapsed="53.771µs"
INFO [06-02|05:30:54.067] Starting work on payload                 id=0x03a081c78452a42c
INFO [06-02|05:30:54.071] Updated payload                          id=0x03a081c78452a42c number=10285 hash=2cda76..6c8560 txs=0 withdrawals=0 gas=0          fees=0            root=54a70a..d3ea34 elapsed=3.729ms
INFO [06-02|05:30:54.071] Stopping work on payload                 id=0x03a081c78452a42c reason=delivery
WARN [06-02|05:30:54.081] {"level":"warn","msg":"Slow block","block":{"number":10285,"hash":"0x2cda7651b0710cb7446c2ffdb3452cf28fc3071ca5b4ee4fc79f88d92e6c8560","gas_used":0,"tx_count":0},"timing":{"execution_ms":0.031248,"state_read_ms":4.580093,"state_hash_ms":0.002475,"commit_ms":4.417409,"total_ms":9.50371},"throughput":{"mgas_per_sec":0},"state_reads":{"accounts":4,"storage_slots":0,"code":0,"code_bytes":0},"state_writes":{"accounts":0,"accounts_deleted":0,"storage_slots":0,"storage_slots_deleted":0,"code":0,"code_bytes":0},"cache":{"account":{"hits":0,"misses":4,"hit_rate":0},"storage":{"hits":0,"misses":0,"hit_rate":0},"code":{"hits":0,"misses":0,"hit_rate":0,"hit_bytes":0,"miss_bytes":0}}}
INFO [06-02|05:30:54.081] Imported new potential chain segment     number=10285 hash=2cda76..6c8560 blocks=1 txs=0 mgas=0.000  elapsed=9.714ms     mgasps=0.000  triediffs=27.25MiB triedirty=122.69MiB
INFO [06-02|05:30:54.082] Chain head was updated                   number=10285 hash=2cda76..6c8560 root=54a70a..d3ea34 elapsed="86.429µs"
