WARN [06-01|13:21:56.850] Unknown config environment variable      envvar=GETH_PBT_BIN
WARN [06-01|13:21:56.850] Unknown config environment variable      envvar=GETH_UBT_BIN
INFO [06-01|13:21:56.860] Starting Geth on Ethereum mainnet...
INFO [06-01|13:21:56.862] Maximum peer count                       ETH=0 total=0
INFO [06-01|13:21:56.863] Smartcard socket not found, disabling    err="stat /run/pcscd/pcscd.comm: no such file or directory"
WARN [06-01|13:21:56.869] Option --miner.etherbase is deprecated as the etherbase is set by the consensus client post-merge
INFO [06-01|13:21:56.872] Set global gas cap                       cap=50,000,000
INFO [06-01|13:21:57.685] Using developer account                  address=0xf39Fd6e51aad88F6F4ce6aB8827279cffFb92266
INFO [06-01|13:21:57.726] Using pebble as the backing database
INFO [06-01|13:21:57.726] Allocated cache and file handles         database=/mnt/state_expiry_vol_data/ubt-vs-pbt-dbs/pbt/geth/chaindata cache=2.00GiB handles=262,144
INFO [06-01|13:21:57.950] Opened ancient database                  database=/mnt/state_expiry_vol_data/ubt-vs-pbt-dbs/pbt/geth/chaindata/ancient/chain readonly=true
INFO [06-01|13:21:57.950] Opened Era store                         datadir=/mnt/state_expiry_vol_data/ubt-vs-pbt-dbs/pbt/geth/chaindata/ancient/chain/era
INFO [06-01|13:21:57.958] Initializing the KZG library             backend=gokzg
INFO [06-01|13:21:57.959] Allocated trie memory caches             clean=614.00MiB dirty=1.00GiB
INFO [06-01|13:21:57.967] Using pebble as the backing database
INFO [06-01|13:21:57.967] Allocated cache and file handles         database=/mnt/state_expiry_vol_data/ubt-vs-pbt-dbs/pbt/geth/chaindata cache=2.00GiB handles=262,144
INFO [06-01|13:21:58.163] Opened ancient database                  database=/mnt/state_expiry_vol_data/ubt-vs-pbt-dbs/pbt/geth/chaindata/ancient/chain readonly=false
INFO [06-01|13:21:58.163] Opened Era store                         datadir=/mnt/state_expiry_vol_data/ubt-vs-pbt-dbs/pbt/geth/chaindata/ancient/chain/era
INFO [06-01|13:21:58.168] State scheme set to already existing     scheme=path
INFO [06-01|13:21:58.168] Initialising Ethereum protocol           network=1337 dbversion=9
WARN [06-01|13:21:58.168] Sanitizing invalid node buffer size      provided=1.00GiB updated=256.00MiB
INFO [06-01|13:21:58.171] Load database journal from file          path=/mnt/state_expiry_vol_data/ubt-vs-pbt-dbs/pbt/geth/triedb/verkle.journal
INFO [06-01|13:21:58.287] Opened ancient database                  database=/mnt/state_expiry_vol_data/ubt-vs-pbt-dbs/pbt/geth/chaindata/ancient/state_verkle readonly=false
INFO [06-01|13:21:58.289] State snapshot generator is not compatible
INFO [06-01|13:21:58.289] Initialized path database                triecache=614.00MiB statecache=409.00MiB buffer=256.00MiB state-history="last 90000 blocks" journal-dir=/mnt/state_expiry_vol_data/ubt-vs-pbt-dbs/pbt/geth/triedb verkle=true
INFO [06-01|13:21:58.289] 
INFO [06-01|13:21:58.289] ---------------------------------------------------------------------------------------------------------------------------------------------------------
INFO [06-01|13:21:58.289] Chain ID:  1337 (unknown)
INFO [06-01|13:21:58.289] Consensus: unknown
INFO [06-01|13:21:58.289] 
INFO [06-01|13:21:58.289] Pre-Merge hard forks (block based):
INFO [06-01|13:21:58.289]  - Homestead:                   #0       
INFO [06-01|13:21:58.289]  - Tangerine Whistle (EIP 150): #0       
INFO [06-01|13:21:58.289]  - Spurious Dragon/1 (EIP 155): #0       
INFO [06-01|13:21:58.289]  - Spurious Dragon/2 (EIP 158): #0       
INFO [06-01|13:21:58.289]  - Byzantium:                   #0       
INFO [06-01|13:21:58.289]  - Constantinople:              #0       
INFO [06-01|13:21:58.289]  - Petersburg:                  #0       
INFO [06-01|13:21:58.289]  - Istanbul:                    #0       
INFO [06-01|13:21:58.289]  - Berlin:                      #0       
INFO [06-01|13:21:58.289]  - London:                      #0       
INFO [06-01|13:21:58.289]  - Arrow Glacier:               #0       
INFO [06-01|13:21:58.289]  - Gray Glacier:                #0       
INFO [06-01|13:21:58.289] 
INFO [06-01|13:21:58.289] Merge configured:
INFO [06-01|13:21:58.289]  - Total terminal difficulty:  0
INFO [06-01|13:21:58.289]  - Merge netsplit block:       #0       
INFO [06-01|13:21:58.289] 
INFO [06-01|13:21:58.289] Post-Merge hard forks (timestamp based):
INFO [06-01|13:21:58.289]  - Shanghai:                    @0         
INFO [06-01|13:21:58.289]  - Cancun:                      @0          blob: (target: 3, max: 6, fraction: 3338477)
INFO [06-01|13:21:58.289]  - Prague:                      @0          blob: (target: 6, max: 9, fraction: 5007716)
INFO [06-01|13:21:58.289]  - Osaka:                       @0          blob: (target: 6, max: 9, fraction: 5007716)
INFO [06-01|13:21:58.289]  - UBT:                         @0          blob: (nil)
INFO [06-01|13:21:58.289] 
INFO [06-01|13:21:58.289] All fork specifications can be found at https://ethereum.github.io/execution-specs/src/ethereum/forks/
INFO [06-01|13:21:58.289] 
INFO [06-01|13:21:58.289] ---------------------------------------------------------------------------------------------------------------------------------------------------------
INFO [06-01|13:21:58.289] 
INFO [06-01|13:21:58.291] Loaded most recent local block           number=5613 hash=777a88..7fa572 age=3s
INFO [06-01|13:21:58.291] Loaded most recent local finalized block number=5600 hash=7b0f39..5d674e age=24s
INFO [06-01|13:21:58.293] Initialized transaction indexer          range="last 2350000 blocks"
INFO [06-01|13:21:58.293] Initialized log indexer                  firstblock=0 lastblock=5613 firstmap=0 lastmap=0 headindexed=true
INFO [06-01|13:21:58.332] Enabled full-sync                        head=5613 hash=777a88..7fa572
INFO [06-01|13:21:58.332] Unprotected transactions allowed
INFO [06-01|13:21:58.332] Gasprice oracle is ignoring threshold set threshold=2
INFO [06-01|13:21:58.333] Registered sync override service
WARN [06-01|13:21:58.333] You are running Geth in --dev mode. Please note the following:
WARN [06-01|13:21:58.333] 
WARN [06-01|13:21:58.333]   1. This mode is only intended for fast, iterative development without assumptions on
WARN [06-01|13:21:58.333]      security or persistence.
WARN [06-01|13:21:58.333]   2. The database is created in memory unless specified otherwise. Therefore, shutting down
WARN [06-01|13:21:58.333]      your computer or losing power will wipe your entire block data and chain state for
WARN [06-01|13:21:58.333]      your dev environment.
WARN [06-01|13:21:58.333]   3. A random, pre-allocated developer account will be available and unlocked as
WARN [06-01|13:21:58.333]      eth.coinbase, which can be used for testing. The random dev account is temporary,
WARN [06-01|13:21:58.333]      stored on a ramdisk, and will be lost if your machine is restarted.
WARN [06-01|13:21:58.333]   4. Mining is enabled by default. However, the client will only seal blocks if transactions
WARN [06-01|13:21:58.333]      are pending in the mempool. The miner's minimum accepted gas price is 1.
WARN [06-01|13:21:58.333]   5. Networking is disabled; there is no listen-address, the maximum number of peers is set
WARN [06-01|13:21:58.333]      to 0, and discovery is disabled.
WARN [06-01|13:21:58.333] 
INFO [06-01|13:21:58.333] Starting peer-to-peer node               instance=Geth/v1.17.3-unstable/linux-amd64/go1.24.9
WARN [06-01|13:21:58.333] P2P server will be useless, neither dialing nor listening
INFO [06-01|13:21:58.370] IPC endpoint opened                      url=/mnt/state_expiry_vol_data/ubt-vs-pbt-dbs/pbt/geth.ipc
ERROR[06-01|13:21:58.370] Unavailable modules in HTTP API list     unavailable=[personal] available="[admin debug web3 eth txpool miner net dev testing]"
INFO [06-01|13:21:58.371] HTTP server started                      endpoint=127.0.0.1:8545 auth=false prefix= cors= vhosts=localhost
INFO [06-01|13:21:58.371] WebSocket enabled                        url=ws://127.0.0.1:8546
INFO [06-01|13:21:58.372] New local node record                    seq=1,780,292,695,028 id=972c5cc0b2a1895c ip=127.0.0.1 udp=0 tcp=0
INFO [06-01|13:21:58.372] Started P2P networking                   self=enode://16ec6c0bde109d66472afe00ec8fee3d30718d830d1acf0829842abca89b82afff8a454636cde3b26d700f98647938c6f23e7bee3027caca0d7f19e4b3725e13@127.0.0.1:0
INFO [06-01|13:21:58.768] Loaded local transaction journal         transactions=3889 dropped=0
INFO [06-01|13:21:59.292] Started log indexer
INFO [06-01|13:21:59.344] Starting work on payload                 id=0x03b2d2a3b2ffc267
INFO [06-01|13:21:59.361] Updated payload                          id=0x03b2d2a3b2ffc267 number=5614 hash=6b31c8..8b0667 txs=0 withdrawals=0 gas=0 fees=0 root=ef65a3..e2a4f3 elapsed=17.548ms
INFO [06-01|13:21:59.362] Stopping work on payload                 id=0x03b2d2a3b2ffc267 reason=delivery
WARN [06-01|13:21:59.371] {"level":"warn","msg":"Slow block","block":{"number":5614,"hash":"0x6b31c8f903801be25fe8d0197f025b7ab199a6fcd05e6f96503db2e0be8b0667","gas_used":0,"tx_count":0},"timing":{"execution_ms":0.061275,"state_read_ms":7.978095,"state_hash_ms":0.002385,"commit_ms":0.277942,"total_ms":8.573212},"throughput":{"mgas_per_sec":0},"state_reads":{"accounts":4,"storage_slots":0,"code":0,"code_bytes":0},"state_writes":{"accounts":0,"accounts_deleted":0,"storage_slots":0,"storage_slots_deleted":0,"code":0,"code_bytes":0},"cache":{"account":{"hits":0,"misses":4,"hit_rate":0},"storage":{"hits":0,"misses":0,"hit_rate":0},"code":{"hits":0,"misses":0,"hit_rate":0,"hit_bytes":0,"miss_bytes":0}}}
INFO [06-01|13:21:59.371] Imported new potential chain segment     number=5614 hash=6b31c8..8b0667 blocks=1 txs=0 mgas=0.000 elapsed=9.044ms  mgasps=0.000 triediffs=1.49MiB triedirty=1.76MiB
INFO [06-01|13:21:59.371] Chain head was updated                   number=5614 hash=6b31c8..8b0667 root=ef65a3..e2a4f3 elapsed="83.471µs"
INFO [06-01|13:22:00.380] Starting work on payload                 id=0x03a96a4757c09120
INFO [06-01|13:22:00.398] Updated payload                          id=0x03a96a4757c09120 number=5615 hash=5ede58..997691 txs=0 withdrawals=0 gas=0 fees=0 root=ef65a3..e2a4f3 elapsed=17.814ms
INFO [06-01|13:22:00.398] Stopping work on payload                 id=0x03a96a4757c09120 reason=delivery
WARN [06-01|13:22:00.418] {"level":"warn","msg":"Slow block","block":{"number":5615,"hash":"0x5ede5818c3256b02178a035347281b7c5bff8c9bd50430f62e34ae8edb997691","gas_used":0,"tx_count":0},"timing":{"execution_ms":0.03563,"state_read_ms":19.581859,"state_hash_ms":0.00267,"commit_ms":0.109567,"total_ms":19.889261},"throughput":{"mgas_per_sec":0},"state_reads":{"accounts":4,"storage_slots":0,"code":0,"code_bytes":0},"state_writes":{"accounts":0,"accounts_deleted":0,"storage_slots":0,"storage_slots_deleted":0,"code":0,"code_bytes":0},"cache":{"account":{"hits":0,"misses":4,"hit_rate":0},"storage":{"hits":0,"misses":0,"hit_rate":0},"code":{"hits":0,"misses":0,"hit_rate":0,"hit_bytes":0,"miss_bytes":0}}}
INFO [06-01|13:22:00.418] Imported new potential chain segment     number=5615 hash=5ede58..997691 blocks=1 txs=0 mgas=0.000 elapsed=20.086ms   mgasps=0.000 triediffs=1.49MiB triedirty=1.76MiB
INFO [06-01|13:22:00.419] Chain head was updated                   number=5615 hash=5ede58..997691 root=ef65a3..e2a4f3 elapsed="37.508µs"
INFO [06-01|13:22:01.445] Starting work on payload                 id=0x03b0855c26c242dd
INFO [06-01|13:22:01.466] Updated payload                          id=0x03b0855c26c242dd number=5616 hash=2ddd48..3485ba txs=0 withdrawals=0 gas=0 fees=0 root=ef65a3..e2a4f3 elapsed=21.082ms
INFO [06-01|13:22:01.466] Stopping work on payload                 id=0x03b0855c26c242dd reason=delivery
WARN [06-01|13:22:01.475] {"level":"warn","msg":"Slow block","block":{"number":5616,"hash":"0x2ddd48cfdf4ee2f8f92905a3a39560966e4e7295285feb9ccd6cade52c3485ba","gas_used":0,"tx_count":0},"timing":{"execution_ms":0.032863,"state_read_ms":3.521527,"state_hash_ms":0.002969,"commit_ms":0.127201,"total_ms":8.57364},"throughput":{"mgas_per_sec":0},"state_reads":{"accounts":4,"storage_slots":0,"code":0,"code_bytes":0},"state_writes":{"accounts":0,"accounts_deleted":0,"storage_slots":0,"storage_slots_deleted":0,"code":0,"code_bytes":0},"cache":{"account":{"hits":0,"misses":4,"hit_rate":0},"storage":{"hits":0,"misses":0,"hit_rate":0},"code":{"hits":0,"misses":0,"hit_rate":0,"hit_bytes":0,"miss_bytes":0}}}
INFO [06-01|13:22:01.475] Imported new potential chain segment     number=5616 hash=2ddd48..3485ba blocks=1 txs=0 mgas=0.000 elapsed=8.750ms    mgasps=0.000 triediffs=1.49MiB triedirty=1.76MiB
INFO [06-01|13:22:01.475] Chain head was updated                   number=5616 hash=2ddd48..3485ba root=ef65a3..e2a4f3 elapsed="48.102µs"
INFO [06-01|13:22:01.945] Submitted contract creation              hash=0x6eb887663ba645aae3a26e05c7334edc8095effbb137eebfaa5f49b1d2d0c3e7 from=0xf39Fd6e51aad88F6F4ce6aB8827279cffFb92266 nonce=1689 contract=0xD3735cbb1D8D3c8E67e3d85CF3d5689455176ff3 value=0
INFO [06-01|13:22:01.945] Submitted transaction                    hash=0xc28a1ce87715cc0b7ee01b256bbc04adb872e273c8ae4c1b8ce255628b67c2c3 from=0xf39Fd6e51aad88F6F4ce6aB8827279cffFb92266 nonce=1690 recipient=0x4402cb838b967aD34d179E5E6BFd3d6b9a79D424 value=78,000,000
INFO [06-01|13:22:02.498] Starting work on payload                 id=0x036154488e582364
INFO [06-01|13:22:02.542] Updated payload                          id=0x036154488e582364 number=5617 hash=d4cca0..cfc72f txs=2 withdrawals=0 gas=86906 fees=5.21436e-13 root=7f259e..f62307 elapsed=43.742ms
INFO [06-01|13:22:02.542] Stopping work on payload                 id=0x036154488e582364 reason=delivery
WARN [06-01|13:22:02.573] {"level":"warn","msg":"Slow block","block":{"number":5617,"hash":"0xd4cca0b239f00cfd451bdf28f6121c90fa45bb77e56f0902d79bcfdc0dcfc72f","gas_used":86906,"tx_count":2},"timing":{"execution_ms":0.137865,"state_read_ms":21.088884,"state_hash_ms":4.088078,"commit_ms":5.556575,"total_ms":31.375957},"throughput":{"mgas_per_sec":2.769827865330132},"state_reads":{"accounts":11,"storage_slots":0,"code":0,"code_bytes":0},"state_writes":{"accounts":3,"accounts_deleted":0,"storage_slots":0,"storage_slots_deleted":0,"code":1,"code_bytes":163},"cache":{"account":{"hits":5,"misses":6,"hit_rate":45.45454545454545},"storage":{"hits":0,"misses":0,"hit_rate":0},"code":{"hits":0,"misses":0,"hit_rate":0,"hit_bytes":0,"miss_bytes":0}}}
INFO [06-01|13:22:02.574] Imported new potential chain segment     number=5617 hash=d4cca0..cfc72f blocks=1 txs=2 mgas=0.087 elapsed=31.628ms   mgasps=2.748 triediffs=1.49MiB triedirty=1.76MiB
INFO [06-01|13:22:02.574] Chain head was updated                   number=5617 hash=d4cca0..cfc72f root=7f259e..f62307 elapsed="213.205µs"
INFO [06-01|13:22:02.957] Submitted transaction                    hash=0x974168dc446b512ac457aa837a27a94886a7ed2eae0e9e8e8fc6b114290ad450 from=0x4402cb838b967aD34d179E5E6BFd3d6b9a79D424 nonce=0    recipient=0xD3735cbb1D8D3c8E67e3d85CF3d5689455176ff3 value=0
INFO [06-01|13:22:03.585] Starting work on payload                 id=0x0313151cff72b2a0
INFO [06-01|13:22:03.620] Updated payload                          id=0x0313151cff72b2a0 number=5618 hash=8206da..761074 txs=1 withdrawals=0 gas=5,911,443 fees=3.5468658e-11 root=4074a6..5dd2aa elapsed=35.316ms
INFO [06-01|13:22:03.621] Stopping work on payload                 id=0x0313151cff72b2a0 reason=delivery
WARN [06-01|13:22:03.647] {"level":"warn","msg":"Slow block","block":{"number":5618,"hash":"0x8206da834d8ac55d75bfde196ad4a13aa1e70cb0967e54683367aa1f3f761074","gas_used":5911443,"tx_count":1},"timing":{"execution_ms":3.105636,"state_read_ms":6.709797,"state_hash_ms":11.617485,"commit_ms":4.773276,"total_ms":26.382972},"throughput":{"mgas_per_sec":224.06281597084666},"state_reads":{"accounts":8,"storage_slots":259,"code":2,"code_bytes":191},"state_writes":{"accounts":3,"accounts_deleted":0,"storage_slots":259,"storage_slots_deleted":0,"code":0,"code_bytes":0},"cache":{"account":{"hits":3,"misses":5,"hit_rate":37.5},"storage":{"hits":30,"misses":229,"hit_rate":11.583011583011583},"code":{"hits":2,"misses":0,"hit_rate":100,"hit_bytes":191,"miss_bytes":0}}}
INFO [06-01|13:22:03.647] Imported new potential chain segment     number=5618 hash=8206da..761074 blocks=1 txs=1 mgas=5.911 elapsed=26.594ms    mgasps=222.285 triediffs=1.55MiB triedirty=1.76MiB
INFO [06-01|13:22:03.648] Chain head was updated                   number=5618 hash=8206da..761074 root=4074a6..5dd2aa elapsed="125.602µs"
INFO [06-01|13:22:03.972] Submitted transaction                    hash=0x1aba50687ce07936e3885ec17d23bbfa3ac8c3b65bdd9e6bf7adfa6a8ac8a97d from=0x4402cb838b967aD34d179E5E6BFd3d6b9a79D424 nonce=1    recipient=0xf39Fd6e51aad88F6F4ce6aB8827279cffFb92266 value=899,241
INFO [06-01|13:22:04.657] Starting work on payload                 id=0x0310268ab0d9b125
INFO [06-01|13:22:04.677] Updated payload                          id=0x0310268ab0d9b125 number=5619 hash=f882c8..f548c7 txs=1 withdrawals=0 gas=21000     fees=2.1e-14       root=23d99f..8b8ccc elapsed=19.832ms
INFO [06-01|13:22:04.677] Stopping work on payload                 id=0x0310268ab0d9b125 reason=delivery
WARN [06-01|13:22:04.696] {"level":"warn","msg":"Slow block","block":{"number":5619,"hash":"0xf882c8ee4cf4963f2f6448bb57f9d3fa38220f2816efccb203abdf48d1f548c7","gas_used":21000,"tx_count":1},"timing":{"execution_ms":0.486249,"state_read_ms":11.474175,"state_hash_ms":4.951424,"commit_ms":0.77512,"total_ms":17.890891},"throughput":{"mgas_per_sec":1.1737816747080958},"state_reads":{"accounts":6,"storage_slots":0,"code":0,"code_bytes":0},"state_writes":{"accounts":2,"accounts_deleted":0,"storage_slots":0,"storage_slots_deleted":0,"code":0,"code_bytes":0},"cache":{"account":{"hits":2,"misses":4,"hit_rate":33.33333333333333},"storage":{"hits":0,"misses":0,"hit_rate":0},"code":{"hits":0,"misses":0,"hit_rate":0,"hit_bytes":0,"miss_bytes":0}}}
INFO [06-01|13:22:04.696] Imported new potential chain segment     number=5619 hash=f882c8..f548c7 blocks=1 txs=1 mgas=0.021 elapsed=18.050ms    mgasps=1.163   triediffs=1.54MiB triedirty=1.77MiB
INFO [06-01|13:22:04.696] Chain head was updated                   number=5619 hash=f882c8..f548c7 root=23d99f..8b8ccc elapsed="78.393µs"
