WARN [06-01|07:06:56.194] Unknown config environment variable      envvar=GETH_PBT_BIN
WARN [06-01|07:06:56.194] Unknown config environment variable      envvar=GETH_UBT_BIN
INFO [06-01|07:06:56.204] Starting Geth on Ethereum mainnet...
INFO [06-01|07:06:56.206] Maximum peer count                       ETH=0 total=0
INFO [06-01|07:06:56.207] Smartcard socket not found, disabling    err="stat /run/pcscd/pcscd.comm: no such file or directory"
WARN [06-01|07:06:56.212] Option --miner.etherbase is deprecated as the etherbase is set by the consensus client post-merge
WARN [06-01|07:06:56.214] Snap sync requested, resetting --cache.snapshot
INFO [06-01|07:06:56.214] Set global gas cap                       cap=50,000,000
INFO [06-01|07:06:57.001] Using developer account                  address=0xf39Fd6e51aad88F6F4ce6aB8827279cffFb92266
INFO [06-01|07:06:57.042] Using pebble as the backing database
INFO [06-01|07:06:57.042] Allocated cache and file handles         database=/mnt/state_expiry_vol_data/ubt-vs-pbt-dbs/pbt/geth/chaindata cache=16.00MiB handles=262,144
INFO [06-01|07:06:57.246] Opened ancient database                  database=/mnt/state_expiry_vol_data/ubt-vs-pbt-dbs/pbt/geth/chaindata/ancient/chain readonly=true
INFO [06-01|07:06:57.246] Opened Era store                         datadir=/mnt/state_expiry_vol_data/ubt-vs-pbt-dbs/pbt/geth/chaindata/ancient/chain/era
INFO [06-01|07:06:57.253] Initializing the KZG library             backend=gokzg
INFO [06-01|07:06:57.254] Allocated trie memory caches             clean=0.00B dirty=0.00B
INFO [06-01|07:06:57.263] Using pebble as the backing database
INFO [06-01|07:06:57.263] Allocated cache and file handles         database=/mnt/state_expiry_vol_data/ubt-vs-pbt-dbs/pbt/geth/chaindata cache=16.00MiB handles=262,144
INFO [06-01|07:06:57.433] Opened ancient database                  database=/mnt/state_expiry_vol_data/ubt-vs-pbt-dbs/pbt/geth/chaindata/ancient/chain readonly=false
INFO [06-01|07:06:57.433] Opened Era store                         datadir=/mnt/state_expiry_vol_data/ubt-vs-pbt-dbs/pbt/geth/chaindata/ancient/chain/era
INFO [06-01|07:06:57.438] State scheme set to already existing     scheme=path
INFO [06-01|07:06:57.438] Initialising Ethereum protocol           network=1337 dbversion=9
INFO [06-01|07:06:57.438] Load database journal from file          path=/mnt/state_expiry_vol_data/ubt-vs-pbt-dbs/pbt/geth/triedb/verkle.journal
INFO [06-01|07:06:57.560] Opened ancient database                  database=/mnt/state_expiry_vol_data/ubt-vs-pbt-dbs/pbt/geth/chaindata/ancient/state_verkle readonly=false
INFO [06-01|07:06:57.562] State snapshot generator is not compatible
INFO [06-01|07:06:57.562] Initialized path database                triecache=0.00B statecache=0.00B buffer=0.00B state-history="last 90000 blocks" journal-dir=/mnt/state_expiry_vol_data/ubt-vs-pbt-dbs/pbt/geth/triedb verkle=true
INFO [06-01|07:06:57.562] 
INFO [06-01|07:06:57.562] ---------------------------------------------------------------------------------------------------------------------------------------------------------
INFO [06-01|07:06:57.562] Chain ID:  1337 (unknown)
INFO [06-01|07:06:57.562] Consensus: unknown
INFO [06-01|07:06:57.562] 
INFO [06-01|07:06:57.562] Pre-Merge hard forks (block based):
INFO [06-01|07:06:57.562]  - Homestead:                   #0       
INFO [06-01|07:06:57.562]  - Tangerine Whistle (EIP 150): #0       
INFO [06-01|07:06:57.562]  - Spurious Dragon/1 (EIP 155): #0       
INFO [06-01|07:06:57.562]  - Spurious Dragon/2 (EIP 158): #0       
INFO [06-01|07:06:57.562]  - Byzantium:                   #0       
INFO [06-01|07:06:57.562]  - Constantinople:              #0       
INFO [06-01|07:06:57.562]  - Petersburg:                  #0       
INFO [06-01|07:06:57.562]  - Istanbul:                    #0       
INFO [06-01|07:06:57.562]  - Berlin:                      #0       
INFO [06-01|07:06:57.562]  - London:                      #0       
INFO [06-01|07:06:57.562]  - Arrow Glacier:               #0       
INFO [06-01|07:06:57.562]  - Gray Glacier:                #0       
INFO [06-01|07:06:57.562] 
INFO [06-01|07:06:57.562] Merge configured:
INFO [06-01|07:06:57.562]  - Total terminal difficulty:  0
INFO [06-01|07:06:57.562]  - Merge netsplit block:       #0       
INFO [06-01|07:06:57.562] 
INFO [06-01|07:06:57.562] Post-Merge hard forks (timestamp based):
INFO [06-01|07:06:57.562]  - Shanghai:                    @0         
INFO [06-01|07:06:57.562]  - Cancun:                      @0          blob: (target: 3, max: 6, fraction: 3338477)
INFO [06-01|07:06:57.562]  - Prague:                      @0          blob: (target: 6, max: 9, fraction: 5007716)
INFO [06-01|07:06:57.562]  - Osaka:                       @0          blob: (target: 6, max: 9, fraction: 5007716)
INFO [06-01|07:06:57.562]  - UBT:                         @0          blob: (nil)
INFO [06-01|07:06:57.562] 
INFO [06-01|07:06:57.562] All fork specifications can be found at https://ethereum.github.io/execution-specs/src/ethereum/forks/
INFO [06-01|07:06:57.562] 
INFO [06-01|07:06:57.562] ---------------------------------------------------------------------------------------------------------------------------------------------------------
INFO [06-01|07:06:57.562] 
INFO [06-01|07:06:57.564] Loaded most recent local block           number=1611 hash=9c4ea7..4b2e13 age=3s
INFO [06-01|07:06:57.564] Loaded most recent local finalized block number=1600 hash=03c4ef..8fea6e age=18s
INFO [06-01|07:06:57.566] Initialized transaction indexer          range="last 2350000 blocks"
INFO [06-01|07:06:57.566] Initialized log indexer                  firstblock=0 lastblock=1611 firstmap=0 lastmap=0 headindexed=true
INFO [06-01|07:06:57.587] Enabled full-sync                        head=1611 hash=9c4ea7..4b2e13
INFO [06-01|07:06:57.587] Unprotected transactions allowed
INFO [06-01|07:06:57.587] Gasprice oracle is ignoring threshold set threshold=2
INFO [06-01|07:06:57.588] Registered sync override service
WARN [06-01|07:06:57.588] You are running Geth in --dev mode. Please note the following:
WARN [06-01|07:06:57.588] 
WARN [06-01|07:06:57.588]   1. This mode is only intended for fast, iterative development without assumptions on
WARN [06-01|07:06:57.588]      security or persistence.
WARN [06-01|07:06:57.588]   2. The database is created in memory unless specified otherwise. Therefore, shutting down
WARN [06-01|07:06:57.588]      your computer or losing power will wipe your entire block data and chain state for
WARN [06-01|07:06:57.588]      your dev environment.
WARN [06-01|07:06:57.588]   3. A random, pre-allocated developer account will be available and unlocked as
WARN [06-01|07:06:57.588]      eth.coinbase, which can be used for testing. The random dev account is temporary,
WARN [06-01|07:06:57.588]      stored on a ramdisk, and will be lost if your machine is restarted.
WARN [06-01|07:06:57.588]   4. Mining is enabled by default. However, the client will only seal blocks if transactions
WARN [06-01|07:06:57.588]      are pending in the mempool. The miner's minimum accepted gas price is 1.
WARN [06-01|07:06:57.588]   5. Networking is disabled; there is no listen-address, the maximum number of peers is set
WARN [06-01|07:06:57.588]      to 0, and discovery is disabled.
WARN [06-01|07:06:57.588] 
INFO [06-01|07:06:57.588] Starting peer-to-peer node               instance=Geth/v1.17.3-unstable/linux-amd64/go1.24.9
WARN [06-01|07:06:57.588] P2P server will be useless, neither dialing nor listening
INFO [06-01|07:06:57.613] New local node record                    seq=1,780,292,694,412 id=972c5cc0b2a1895c ip=127.0.0.1 udp=0 tcp=0
INFO [06-01|07:06:57.613] Started P2P networking                   self=enode://16ec6c0bde109d66472afe00ec8fee3d30718d830d1acf0829842abca89b82afff8a454636cde3b26d700f98647938c6f23e7bee3027caca0d7f19e4b3725e13@127.0.0.1:0
INFO [06-01|07:06:57.613] IPC endpoint opened                      url=/mnt/state_expiry_vol_data/ubt-vs-pbt-dbs/pbt/geth.ipc
ERROR[06-01|07:06:57.614] Unavailable modules in HTTP API list     unavailable=[personal] available="[admin debug web3 eth txpool miner net dev testing]"
INFO [06-01|07:06:57.614] HTTP server started                      endpoint=127.0.0.1:8545 auth=false prefix= cors= vhosts=localhost
INFO [06-01|07:06:57.615] WebSocket enabled                        url=ws://127.0.0.1:8546
INFO [06-01|07:06:57.747] Loaded local transaction journal         transactions=1425 dropped=0
INFO [06-01|07:06:58.593] Started log indexer
INFO [06-01|07:06:58.633] Starting work on payload                 id=0x032497f9f42d6b1c
INFO [06-01|07:06:58.641] Updated payload                          id=0x032497f9f42d6b1c number=1612 hash=d02608..a340fb txs=0 withdrawals=0 gas=0 fees=0 root=a027d3..44a481 elapsed=7.816ms
INFO [06-01|07:06:58.642] Stopping work on payload                 id=0x032497f9f42d6b1c reason=delivery
WARN [06-01|07:06:58.646] {"level":"warn","msg":"Slow block","block":{"number":1612,"hash":"0xd026085a8e79bd65e78a776937e1b444391690b72abadda61c874b993aa340fb","gas_used":0,"tx_count":0},"timing":{"execution_ms":0.041019,"state_read_ms":2.978854,"state_hash_ms":0.127864,"commit_ms":0.292662,"total_ms":3.615754},"throughput":{"mgas_per_sec":0},"state_reads":{"accounts":4,"storage_slots":0,"code":0,"code_bytes":0},"state_writes":{"accounts":0,"accounts_deleted":0,"storage_slots":0,"storage_slots_deleted":0,"code":0,"code_bytes":0},"cache":{"account":{"hits":0,"misses":4,"hit_rate":0},"storage":{"hits":0,"misses":0,"hit_rate":0},"code":{"hits":0,"misses":0,"hit_rate":0,"hit_bytes":0,"miss_bytes":0}}}
INFO [06-01|07:06:58.646] Imported new potential chain segment     number=1612 hash=d02608..a340fb blocks=1 txs=0 mgas=0.000 elapsed=3.915ms mgasps=0.000 triediffs=6.05MiB triedirty=0.00B
INFO [06-01|07:06:58.646] Chain head was updated                   number=1612 hash=d02608..a340fb root=a027d3..44a481 elapsed="76.156µs"
INFO [06-01|07:06:59.655] Starting work on payload                 id=0x0314e6e9eec2c5ce
INFO [06-01|07:06:59.659] Updated payload                          id=0x0314e6e9eec2c5ce number=1613 hash=769e49..15550c txs=0 withdrawals=0 gas=0 fees=0 root=a027d3..44a481 elapsed=3.773ms
INFO [06-01|07:06:59.659] Stopping work on payload                 id=0x0314e6e9eec2c5ce reason=delivery
WARN [06-01|07:06:59.663] {"level":"warn","msg":"Slow block","block":{"number":1613,"hash":"0x769e4919a7a7ef8ce145bad1fab30d6fd228b4801ac298fa9bacb26a9915550c","gas_used":0,"tx_count":0},"timing":{"execution_ms":0.022072,"state_read_ms":2.904121,"state_hash_ms":0.143447,"commit_ms":0.317159,"total_ms":3.532352},"throughput":{"mgas_per_sec":0},"state_reads":{"accounts":4,"storage_slots":0,"code":0,"code_bytes":0},"state_writes":{"accounts":0,"accounts_deleted":0,"storage_slots":0,"storage_slots_deleted":0,"code":0,"code_bytes":0},"cache":{"account":{"hits":0,"misses":4,"hit_rate":0},"storage":{"hits":0,"misses":0,"hit_rate":0},"code":{"hits":0,"misses":0,"hit_rate":0,"hit_bytes":0,"miss_bytes":0}}}
INFO [06-01|07:06:59.663] Imported new potential chain segment     number=1613 hash=769e49..15550c blocks=1 txs=0 mgas=0.000 elapsed=3.739ms    mgasps=0.000 triediffs=6.05MiB triedirty=0.00B
INFO [06-01|07:06:59.663] Chain head was updated                   number=1613 hash=769e49..15550c root=a027d3..44a481 elapsed="39.765µs"
INFO [06-01|07:07:00.669] Starting work on payload                 id=0x03d9eb185f4c4090
INFO [06-01|07:07:00.691] Updated payload                          id=0x03d9eb185f4c4090 number=1614 hash=1a0e14..8114bf txs=0 withdrawals=0 gas=0 fees=0 root=a027d3..44a481 elapsed=21.835ms
INFO [06-01|07:07:00.691] Stopping work on payload                 id=0x03d9eb185f4c4090 reason=delivery
WARN [06-01|07:07:00.695] {"level":"warn","msg":"Slow block","block":{"number":1614,"hash":"0x1a0e14f0448938388945f22ddb16acdbab459022fe03bb656b7fc5e5378114bf","gas_used":0,"tx_count":0},"timing":{"execution_ms":0.024855,"state_read_ms":2.75897,"state_hash_ms":0.078884,"commit_ms":0.199473,"total_ms":3.196706},"throughput":{"mgas_per_sec":0},"state_reads":{"accounts":4,"storage_slots":0,"code":0,"code_bytes":0},"state_writes":{"accounts":0,"accounts_deleted":0,"storage_slots":0,"storage_slots_deleted":0,"code":0,"code_bytes":0},"cache":{"account":{"hits":0,"misses":4,"hit_rate":0},"storage":{"hits":0,"misses":0,"hit_rate":0},"code":{"hits":0,"misses":0,"hit_rate":0,"hit_bytes":0,"miss_bytes":0}}}
INFO [06-01|07:07:00.695] Imported new potential chain segment     number=1614 hash=1a0e14..8114bf blocks=1 txs=0 mgas=0.000 elapsed=3.354ms    mgasps=0.000 triediffs=6.05MiB triedirty=0.00B
INFO [06-01|07:07:00.695] Chain head was updated                   number=1614 hash=1a0e14..8114bf root=a027d3..44a481 elapsed="33.16µs"
INFO [06-01|07:07:01.057] Submitted contract creation              hash=0xb2ffc8d1030074d39ecdde88bab56550a9fdb4d58a19160a17cb8be1b167decf from=0xf39Fd6e51aad88F6F4ce6aB8827279cffFb92266 nonce=457 contract=0x1c39BA375faB6a9f6E0c01B9F49d488e101C2011 value=0
INFO [06-01|07:07:01.057] Submitted transaction                    hash=0x765862b02ce8acd55ae1eeeedcaadabe6bc0279d692c8eef75baa836f453cf61 from=0xf39Fd6e51aad88F6F4ce6aB8827279cffFb92266 nonce=458 recipient=0x60731Ca7e3baFedcbD1fbEB0dE5fAB4Ff97a0007 value=78,000,000
INFO [06-01|07:07:01.703] Starting work on payload                 id=0x031b36d2ec43436a
INFO [06-01|07:07:01.755] Updated payload                          id=0x031b36d2ec43436a number=1615 hash=428e30..b7e511 txs=2 withdrawals=0 gas=91698 fees=5.50188e-13 root=7b2cf1..223294 elapsed=51.750ms
INFO [06-01|07:07:01.755] Stopping work on payload                 id=0x031b36d2ec43436a reason=delivery
INFO [06-01|07:07:01.811] Paused snapshot generation
WARN [06-01|07:07:01.812] {"level":"warn","msg":"Slow block","block":{"number":1615,"hash":"0x428e30f907726736725e54cb551986040a337d55dd556e62f74e5bf149b7e511","gas_used":91698,"tx_count":2},"timing":{"execution_ms":0.140678,"state_read_ms":14.732239,"state_hash_ms":34.919324,"commit_ms":6.587194,"total_ms":56.552547},"throughput":{"mgas_per_sec":1.6214654310795233},"state_reads":{"accounts":11,"storage_slots":0,"code":0,"code_bytes":0},"state_writes":{"accounts":3,"accounts_deleted":0,"storage_slots":0,"storage_slots_deleted":0,"code":1,"code_bytes":305},"cache":{"account":{"hits":5,"misses":6,"hit_rate":45.45454545454545},"storage":{"hits":0,"misses":0,"hit_rate":0},"code":{"hits":0,"misses":0,"hit_rate":0,"hit_bytes":0,"miss_bytes":0}}}
INFO [06-01|07:07:01.812] Imported new potential chain segment     number=1615 hash=428e30..b7e511 blocks=1 txs=2 mgas=0.092 elapsed=56.747ms   mgasps=1.616 triediffs=6.03MiB triedirty=0.00B
INFO [06-01|07:07:01.812] Chain head was updated                   number=1615 hash=428e30..b7e511 root=7b2cf1..223294 elapsed="160.316µs"
WARN [06-01|07:07:01.831] Snapshot generation is not permitted
INFO [06-01|07:07:02.070] Submitted transaction                    hash=0x15af66705b89b443d770bd61d2d1bac9262dc9c217bcad5feaec777bc0fe1ca4 from=0x60731Ca7e3baFedcbD1fbEB0dE5fAB4Ff97a0007 nonce=0   recipient=0x1c39BA375faB6a9f6E0c01B9F49d488e101C2011 value=0
INFO [06-01|07:07:02.817] Starting work on payload                 id=0x03f7ef3c4959ec2b
INFO [06-01|07:07:02.942] Updated payload                          id=0x03f7ef3c4959ec2b number=1616 hash=0a40d6..94ad93 txs=1 withdrawals=0 gas=5,919,240 fees=3.551544e-11 root=558af5..2ee68b elapsed=125.631ms
INFO [06-01|07:07:02.943] Stopping work on payload                 id=0x03f7ef3c4959ec2b reason=delivery
INFO [06-01|07:07:03.029] Paused snapshot generation
WARN [06-01|07:07:03.031] {"level":"warn","msg":"Slow block","block":{"number":1616,"hash":"0x0a40d6a06bbe7ac04a4210f602017d25cdea33361365af39381d45481694ad93","gas_used":5919240,"tx_count":1},"timing":{"execution_ms":38.421459,"state_read_ms":13.53712,"state_hash_ms":23.148618,"commit_ms":9.628571,"total_ms":87.640639},"throughput":{"mgas_per_sec":67.53990006850589},"state_reads":{"accounts":263,"storage_slots":814,"code":257,"code_bytes":7473},"state_writes":{"accounts":47,"accounts_deleted":0,"storage_slots":72,"storage_slots_deleted":0,"code":0,"code_bytes":0},"cache":{"account":{"hits":56,"misses":207,"hit_rate":21.292775665399237},"storage":{"hits":159,"misses":655,"hit_rate":19.533169533169534},"code":{"hits":257,"misses":0,"hit_rate":100,"hit_bytes":7473,"miss_bytes":0}}}
INFO [06-01|07:07:03.031] Imported new potential chain segment     number=1616 hash=0a40d6..94ad93 blocks=1 txs=1 mgas=5.919 elapsed=87.848ms    mgasps=67.380 triediffs=6.38MiB triedirty=0.00B
INFO [06-01|07:07:03.031] Chain head was updated                   number=1616 hash=0a40d6..94ad93 root=558af5..2ee68b elapsed="112.548µs"
WARN [06-01|07:07:03.052] Snapshot generation is not permitted
INFO [06-01|07:07:03.084] Submitted transaction                    hash=0xc36c8977f0f1b7fe8a973a0c38254cf143d67d716e637ed65f6f932d221b805a from=0x60731Ca7e3baFedcbD1fbEB0dE5fAB4Ff97a0007 nonce=1   recipient=0xf39Fd6e51aad88F6F4ce6aB8827279cffFb92266 value=797,880
INFO [06-01|07:07:04.037] Starting work on payload                 id=0x0355f423303fced5
INFO [06-01|07:07:04.060] Updated payload                          id=0x0355f423303fced5 number=1617 hash=879208..c427db txs=1 withdrawals=0 gas=21000     fees=2.1e-14      root=1bdbb1..9e632f elapsed=22.977ms
INFO [06-01|07:07:04.060] Stopping work on payload                 id=0x0355f423303fced5 reason=delivery
INFO [06-01|07:07:04.078] Paused snapshot generation
WARN [06-01|07:07:04.079] {"level":"warn","msg":"Slow block","block":{"number":1617,"hash":"0x879208422aac493fb919612a1c8d8b0a193726a0c5743481c373ae0cdac427db","gas_used":21000,"tx_count":1},"timing":{"execution_ms":0.06477,"state_read_ms":4.247535,"state_hash_ms":11.119179,"commit_ms":2.839275,"total_ms":18.413899},"throughput":{"mgas_per_sec":1.1404428795878592},"state_reads":{"accounts":6,"storage_slots":0,"code":0,"code_bytes":0},"state_writes":{"accounts":2,"accounts_deleted":0,"storage_slots":0,"storage_slots_deleted":0,"code":0,"code_bytes":0},"cache":{"account":{"hits":2,"misses":4,"hit_rate":33.33333333333333},"storage":{"hits":0,"misses":0,"hit_rate":0},"code":{"hits":0,"misses":0,"hit_rate":0,"hit_bytes":0,"miss_bytes":0}}}
INFO [06-01|07:07:04.079] Imported new potential chain segment     number=1617 hash=879208..c427db blocks=1 txs=1 mgas=0.021 elapsed=18.545ms    mgasps=1.132  triediffs=6.37MiB triedirty=0.00B
INFO [06-01|07:07:04.079] Chain head was updated                   number=1617 hash=879208..c427db root=1bdbb1..9e632f elapsed="53.775µs"
WARN [06-01|07:07:04.098] Snapshot generation is not permitted
