WARN [06-02|05:16:22.662] Unknown config environment variable      envvar=GETH_PBT_BIN
WARN [06-02|05:16:22.662] Unknown config environment variable      envvar=GETH_UBT_BIN
INFO [06-02|05:16:22.675] Starting Geth on Ethereum mainnet...
INFO [06-02|05:16:22.676] Maximum peer count                       ETH=0 total=0
INFO [06-02|05:16:22.677] Smartcard socket not found, disabling    err="stat /run/pcscd/pcscd.comm: no such file or directory"
WARN [06-02|05:16:22.682] Option --miner.etherbase is deprecated as the etherbase is set by the consensus client post-merge
INFO [06-02|05:16:22.685] Set global gas cap                       cap=50,000,000
INFO [06-02|05:16:23.541] Using developer account                  address=0xf39Fd6e51aad88F6F4ce6aB8827279cffFb92266
INFO [06-02|05:16:23.580] Using pebble as the backing database
INFO [06-02|05:16:23.580] Allocated cache and file handles         database=/mnt/state_expiry_vol_data/ubt-vs-pbt-dbs/pbt/geth/chaindata cache=2.00GiB handles=262,144
INFO [06-02|05:16:23.811] Opened ancient database                  database=/mnt/state_expiry_vol_data/ubt-vs-pbt-dbs/pbt/geth/chaindata/ancient/chain readonly=true
INFO [06-02|05:16:23.811] Opened Era store                         datadir=/mnt/state_expiry_vol_data/ubt-vs-pbt-dbs/pbt/geth/chaindata/ancient/chain/era
INFO [06-02|05:16:23.820] Initializing the KZG library             backend=gokzg
INFO [06-02|05:16:23.821] Allocated trie memory caches             clean=614.00MiB dirty=1.00GiB
INFO [06-02|05:16:23.828] Using pebble as the backing database
INFO [06-02|05:16:23.828] Allocated cache and file handles         database=/mnt/state_expiry_vol_data/ubt-vs-pbt-dbs/pbt/geth/chaindata cache=2.00GiB handles=262,144
INFO [06-02|05:16:24.036] Opened ancient database                  database=/mnt/state_expiry_vol_data/ubt-vs-pbt-dbs/pbt/geth/chaindata/ancient/chain readonly=false
INFO [06-02|05:16:24.036] Opened Era store                         datadir=/mnt/state_expiry_vol_data/ubt-vs-pbt-dbs/pbt/geth/chaindata/ancient/chain/era
INFO [06-02|05:16:24.043] State scheme set to already existing     scheme=path
INFO [06-02|05:16:24.044] Initialising Ethereum protocol           network=1337 dbversion=9
WARN [06-02|05:16:24.044] Sanitizing invalid node buffer size      provided=1.00GiB updated=256.00MiB
INFO [06-02|05:16:24.045] Load database journal from file          path=/mnt/state_expiry_vol_data/ubt-vs-pbt-dbs/pbt/geth/triedb/verkle.journal
INFO [06-02|05:16:25.948] Opened ancient database                  database=/mnt/state_expiry_vol_data/ubt-vs-pbt-dbs/pbt/geth/chaindata/ancient/state_verkle readonly=false
INFO [06-02|05:16:25.950] State snapshot generator is not compatible
INFO [06-02|05:16:25.950] Initialized path database                triecache=614.00MiB statecache=409.00MiB buffer=256.00MiB state-history="last 90000 blocks" journal-dir=/mnt/state_expiry_vol_data/ubt-vs-pbt-dbs/pbt/geth/triedb verkle=true
INFO [06-02|05:16:25.951] 
INFO [06-02|05:16:25.951] ---------------------------------------------------------------------------------------------------------------------------------------------------------
INFO [06-02|05:16:25.951] Chain ID:  1337 (unknown)
INFO [06-02|05:16:25.951] Consensus: unknown
INFO [06-02|05:16:25.951] 
INFO [06-02|05:16:25.951] Pre-Merge hard forks (block based):
INFO [06-02|05:16:25.951]  - Homestead:                   #0       
INFO [06-02|05:16:25.951]  - Tangerine Whistle (EIP 150): #0       
INFO [06-02|05:16:25.951]  - Spurious Dragon/1 (EIP 155): #0       
INFO [06-02|05:16:25.951]  - Spurious Dragon/2 (EIP 158): #0       
INFO [06-02|05:16:25.951]  - Byzantium:                   #0       
INFO [06-02|05:16:25.951]  - Constantinople:              #0       
INFO [06-02|05:16:25.951]  - Petersburg:                  #0       
INFO [06-02|05:16:25.951]  - Istanbul:                    #0       
INFO [06-02|05:16:25.951]  - Berlin:                      #0       
INFO [06-02|05:16:25.951]  - London:                      #0       
INFO [06-02|05:16:25.951]  - Arrow Glacier:               #0       
INFO [06-02|05:16:25.951]  - Gray Glacier:                #0       
INFO [06-02|05:16:25.951] 
INFO [06-02|05:16:25.951] Merge configured:
INFO [06-02|05:16:25.951]  - Total terminal difficulty:  0
INFO [06-02|05:16:25.951]  - Merge netsplit block:       #0       
INFO [06-02|05:16:25.951] 
INFO [06-02|05:16:25.951] Post-Merge hard forks (timestamp based):
INFO [06-02|05:16:25.951]  - Shanghai:                    @0         
INFO [06-02|05:16:25.951]  - Cancun:                      @0          blob: (target: 3, max: 6, fraction: 3338477)
INFO [06-02|05:16:25.951]  - Prague:                      @0          blob: (target: 6, max: 9, fraction: 5007716)
INFO [06-02|05:16:25.951]  - Osaka:                       @0          blob: (target: 6, max: 9, fraction: 5007716)
INFO [06-02|05:16:25.951]  - UBT:                         @0          blob: (nil)
INFO [06-02|05:16:25.951] 
INFO [06-02|05:16:25.951] All fork specifications can be found at https://ethereum.github.io/execution-specs/src/ethereum/forks/
INFO [06-02|05:16:25.951] 
INFO [06-02|05:16:25.951] ---------------------------------------------------------------------------------------------------------------------------------------------------------
INFO [06-02|05:16:25.951] 
INFO [06-02|05:16:25.953] Loaded most recent local block           number=9879 hash=24be5a..0906fa age=7s
INFO [06-02|05:16:25.953] Loaded most recent local finalized block number=9856 hash=da982f..cf08ca age=55s
INFO [06-02|05:16:25.954] Initialized transaction indexer          range="last 2350000 blocks"
INFO [06-02|05:16:25.954] Initialized log indexer                  firstblock=0 lastblock=9879 firstmap=0 lastmap=0 headindexed=true
INFO [06-02|05:16:25.974] Enabled full-sync                        head=9879 hash=24be5a..0906fa
INFO [06-02|05:16:25.974] Unprotected transactions allowed
INFO [06-02|05:16:25.974] Gasprice oracle is ignoring threshold set threshold=2
WARN [06-02|05:16:25.974] Unclean shutdown detected                booted=2026-06-02T02:34:44+0000 age=2h41m41s
INFO [06-02|05:16:25.975] Registered sync override service
WARN [06-02|05:16:25.975] You are running Geth in --dev mode. Please note the following:
WARN [06-02|05:16:25.975] 
WARN [06-02|05:16:25.975]   1. This mode is only intended for fast, iterative development without assumptions on
WARN [06-02|05:16:25.975]      security or persistence.
WARN [06-02|05:16:25.975]   2. The database is created in memory unless specified otherwise. Therefore, shutting down
WARN [06-02|05:16:25.975]      your computer or losing power will wipe your entire block data and chain state for
WARN [06-02|05:16:25.975]      your dev environment.
WARN [06-02|05:16:25.975]   3. A random, pre-allocated developer account will be available and unlocked as
WARN [06-02|05:16:25.975]      eth.coinbase, which can be used for testing. The random dev account is temporary,
WARN [06-02|05:16:25.975]      stored on a ramdisk, and will be lost if your machine is restarted.
WARN [06-02|05:16:25.975]   4. Mining is enabled by default. However, the client will only seal blocks if transactions
WARN [06-02|05:16:25.975]      are pending in the mempool. The miner's minimum accepted gas price is 1.
WARN [06-02|05:16:25.975]   5. Networking is disabled; there is no listen-address, the maximum number of peers is set
WARN [06-02|05:16:25.975]      to 0, and discovery is disabled.
WARN [06-02|05:16:25.975] 
INFO [06-02|05:16:25.975] Starting peer-to-peer node               instance=Geth/v1.17.3-unstable/linux-amd64/go1.24.9
WARN [06-02|05:16:25.975] P2P server will be useless, neither dialing nor listening
INFO [06-02|05:16:26.008] IPC endpoint opened                      url=/mnt/state_expiry_vol_data/ubt-vs-pbt-dbs/pbt/geth.ipc
ERROR[06-02|05:16:26.008] Unavailable modules in HTTP API list     unavailable=[personal] available="[admin debug web3 eth txpool miner net dev testing]"
INFO [06-02|05:16:26.008] New local node record                    seq=1,780,292,695,533 id=972c5cc0b2a1895c ip=127.0.0.1 udp=0 tcp=0
INFO [06-02|05:16:26.008] Started P2P networking                   self=enode://16ec6c0bde109d66472afe00ec8fee3d30718d830d1acf0829842abca89b82afff8a454636cde3b26d700f98647938c6f23e7bee3027caca0d7f19e4b3725e13@127.0.0.1:0
INFO [06-02|05:16:26.009] HTTP server started                      endpoint=127.0.0.1:8545 auth=false prefix= cors= vhosts=localhost
INFO [06-02|05:16:26.009] WebSocket enabled                        url=ws://127.0.0.1:8546
INFO [06-02|05:16:26.908] Loaded local transaction journal         transactions=7732 dropped=0
INFO [06-02|05:16:27.154] Started log indexer
INFO [06-02|05:16:27.181] Starting work on payload                 id=0x039e0e19904569b0
INFO [06-02|05:16:27.184] Updated payload                          id=0x039e0e19904569b0 number=9880 hash=2e1b45..789dae txs=0 withdrawals=0 gas=0 fees=0 root=f5bb1e..3fa647 elapsed=3.769ms
INFO [06-02|05:16:27.185] Stopping work on payload                 id=0x039e0e19904569b0 reason=delivery
WARN [06-02|05:16:27.234] {"level":"warn","msg":"Slow block","block":{"number":9880,"hash":"0x2e1b450f348e4ea665381803c34dd4fd5bc733213f8ca3028e9528b0fd789dae","gas_used":0,"tx_count":0},"timing":{"execution_ms":0.091934,"state_read_ms":47.731114,"state_hash_ms":0.00397,"commit_ms":0.44736,"total_ms":48.580095},"throughput":{"mgas_per_sec":0},"state_reads":{"accounts":4,"storage_slots":0,"code":0,"code_bytes":0},"state_writes":{"accounts":0,"accounts_deleted":0,"storage_slots":0,"storage_slots_deleted":0,"code":0,"code_bytes":0},"cache":{"account":{"hits":0,"misses":4,"hit_rate":0},"storage":{"hits":0,"misses":0,"hit_rate":0},"code":{"hits":0,"misses":0,"hit_rate":0,"hit_bytes":0,"miss_bytes":0}}}
INFO [06-02|05:16:27.234] Imported new potential chain segment     number=9880 hash=2e1b45..789dae blocks=1 txs=0 mgas=0.000 elapsed=49.207ms mgasps=0.000 triediffs=1.92MiB triedirty=121.15MiB
INFO [06-02|05:16:27.235] Chain head was updated                   number=9880 hash=2e1b45..789dae root=f5bb1e..3fa647 elapsed="94.932µs"
INFO [06-02|05:16:28.250] Starting work on payload                 id=0x03efce24960ec302
INFO [06-02|05:16:28.252] Updated payload                          id=0x03efce24960ec302 number=9881 hash=34f05c..8c9238 txs=0 withdrawals=0 gas=0 fees=0 root=f5bb1e..3fa647 elapsed=2.010ms
INFO [06-02|05:16:28.256] Stopping work on payload                 id=0x03efce24960ec302 reason=delivery
WARN [06-02|05:16:28.278] {"level":"warn","msg":"Slow block","block":{"number":9881,"hash":"0x34f05cba45ccadb143fddc9dd601bdc76d044a8ba40618016f7546b96b8c9238","gas_used":0,"tx_count":0},"timing":{"execution_ms":0.056679,"state_read_ms":24.722082,"state_hash_ms":0.002418,"commit_ms":0.163187,"total_ms":25.133398},"throughput":{"mgas_per_sec":0},"state_reads":{"accounts":4,"storage_slots":0,"code":0,"code_bytes":0},"state_writes":{"accounts":0,"accounts_deleted":0,"storage_slots":0,"storage_slots_deleted":0,"code":0,"code_bytes":0},"cache":{"account":{"hits":0,"misses":4,"hit_rate":0},"storage":{"hits":0,"misses":0,"hit_rate":0},"code":{"hits":0,"misses":0,"hit_rate":0,"hit_bytes":0,"miss_bytes":0}}}
INFO [06-02|05:16:28.278] Imported new potential chain segment     number=9881 hash=34f05c..8c9238 blocks=1 txs=0 mgas=0.000 elapsed=25.390ms   mgasps=0.000 triediffs=1.92MiB triedirty=121.15MiB
INFO [06-02|05:16:28.278] Chain head was updated                   number=9881 hash=34f05c..8c9238 root=f5bb1e..3fa647 elapsed="66.107µs"
INFO [06-02|05:16:29.325] Starting work on payload                 id=0x03bd61051a7c6738
INFO [06-02|05:16:29.404] Updated payload                          id=0x03bd61051a7c6738 number=9882 hash=813c83..0a84b6 txs=0 withdrawals=0 gas=0 fees=0 root=f5bb1e..3fa647 elapsed=79.491ms
INFO [06-02|05:16:29.404] Stopping work on payload                 id=0x03bd61051a7c6738 reason=delivery
WARN [06-02|05:16:29.409] {"level":"warn","msg":"Slow block","block":{"number":9882,"hash":"0x813c83b9ea70c6c6bfecef47fc38e1edd20353cfb1dc81bb7903bdb4940a84b6","gas_used":0,"tx_count":0},"timing":{"execution_ms":0.059352,"state_read_ms":3.424275,"state_hash_ms":0.00222,"commit_ms":0.202608,"total_ms":3.89543},"throughput":{"mgas_per_sec":0},"state_reads":{"accounts":4,"storage_slots":0,"code":0,"code_bytes":0},"state_writes":{"accounts":0,"accounts_deleted":0,"storage_slots":0,"storage_slots_deleted":0,"code":0,"code_bytes":0},"cache":{"account":{"hits":0,"misses":4,"hit_rate":0},"storage":{"hits":0,"misses":0,"hit_rate":0},"code":{"hits":0,"misses":0,"hit_rate":0,"hit_bytes":0,"miss_bytes":0}}}
INFO [06-02|05:16:29.409] Imported new potential chain segment     number=9882 hash=813c83..0a84b6 blocks=1 txs=0 mgas=0.000 elapsed=4.162ms    mgasps=0.000 triediffs=1.92MiB triedirty=121.15MiB
INFO [06-02|05:16:29.409] Chain head was updated                   number=9882 hash=813c83..0a84b6 root=f5bb1e..3fa647 elapsed="61.835µs"
INFO [06-02|05:16:30.413] Starting work on payload                 id=0x03138fb46e367f39
INFO [06-02|05:16:30.420] Updated payload                          id=0x03138fb46e367f39 number=9883 hash=f63d32..8b9fa0 txs=0 withdrawals=0 gas=0 fees=0 root=f5bb1e..3fa647 elapsed=6.854ms
INFO [06-02|05:16:30.427] Stopping work on payload                 id=0x03138fb46e367f39 reason=delivery
WARN [06-02|05:16:30.468] {"level":"warn","msg":"Slow block","block":{"number":9883,"hash":"0xf63d3267393d61d3aebb6e5bf728d7388a1e621090c8f898114db50fe78b9fa0","gas_used":0,"tx_count":0},"timing":{"execution_ms":0.047581,"state_read_ms":47.910904,"state_hash_ms":0.003007,"commit_ms":0.190684,"total_ms":48.37014},"throughput":{"mgas_per_sec":0},"state_reads":{"accounts":4,"storage_slots":0,"code":0,"code_bytes":0},"state_writes":{"accounts":0,"accounts_deleted":0,"storage_slots":0,"storage_slots_deleted":0,"code":0,"code_bytes":0},"cache":{"account":{"hits":0,"misses":4,"hit_rate":0},"storage":{"hits":0,"misses":0,"hit_rate":0},"code":{"hits":0,"misses":0,"hit_rate":0,"hit_bytes":0,"miss_bytes":0}}}
INFO [06-02|05:16:30.468] Imported new potential chain segment     number=9883 hash=f63d32..8b9fa0 blocks=1 txs=0 mgas=0.000 elapsed=48.576ms   mgasps=0.000 triediffs=1.92MiB triedirty=121.15MiB
INFO [06-02|05:16:30.469] Chain head was updated                   number=9883 hash=f63d32..8b9fa0 root=f5bb1e..3fa647 elapsed="68.822µs"
INFO [06-02|05:16:31.221] Submitted contract creation              hash=0xcd9912e127784df03511b7d0767079c69b8e1643194b1affc21d4e62be9ad065 from=0xf39Fd6e51aad88F6F4ce6aB8827279cffFb92266 nonce=2695 contract=0x3C7a681e0090E67910035186e85Cde7B71dC3d28 value=0
INFO [06-02|05:16:31.221] Submitted transaction                    hash=0x58902fb1c89d57dfce41622fb0d49db4bda2c4324ec9e8d40af0f610f5e57781 from=0xf39Fd6e51aad88F6F4ce6aB8827279cffFb92266 nonce=2696 recipient=0xc858e7AA097104615D4fD2f557155C6a22A4e990 value=208,000,000
INFO [06-02|05:16:31.473] Starting work on payload                 id=0x03b2e6a3b8a57bfc
INFO [06-02|05:16:31.540] Updated payload                          id=0x03b2e6a3b8a57bfc number=9884 hash=7f75df..d844bf txs=2 withdrawals=0 gas=86918 fees=5.21508e-13 root=c782fb..77085c elapsed=66.818ms
INFO [06-02|05:16:31.547] Stopping work on payload                 id=0x03b2e6a3b8a57bfc reason=delivery
WARN [06-02|05:16:31.590] {"level":"warn","msg":"Slow block","block":{"number":9884,"hash":"0x7f75dfc9926a1776d03b70b6e4ca1832d0990f11bed0e605e0dbb039a1d844bf","gas_used":86918,"tx_count":2},"timing":{"execution_ms":0.35396,"state_read_ms":35.331928,"state_hash_ms":0.829968,"commit_ms":5.095511,"total_ms":49.473304},"throughput":{"mgas_per_sec":1.7568666931967996},"state_reads":{"accounts":11,"storage_slots":0,"code":0,"code_bytes":0},"state_writes":{"accounts":3,"accounts_deleted":0,"storage_slots":0,"storage_slots_deleted":0,"code":1,"code_bytes":163},"cache":{"account":{"hits":4,"misses":7,"hit_rate":36.36363636363637},"storage":{"hits":0,"misses":0,"hit_rate":0},"code":{"hits":0,"misses":0,"hit_rate":0,"hit_bytes":0,"miss_bytes":0}}}
INFO [06-02|05:16:31.590] Imported new potential chain segment     number=9884 hash=7f75df..d844bf blocks=1 txs=2 mgas=0.087 elapsed=49.706ms   mgasps=1.749 triediffs=1.93MiB triedirty=121.15MiB
INFO [06-02|05:16:31.590] Chain head was updated                   number=9884 hash=7f75df..d844bf root=c782fb..77085c elapsed="141.012µs"
INFO [06-02|05:16:32.235] Submitted transaction                    hash=0x683444e217533b842684fa68e42a1fce8ad04a13792ff259161b333c6ad5f01b from=0xc858e7AA097104615D4fD2f557155C6a22A4e990 nonce=0    recipient=0x3C7a681e0090E67910035186e85Cde7B71dC3d28 value=0
INFO [06-02|05:16:32.604] Starting work on payload                 id=0x031c10b357e0d571
INFO [06-02|05:16:32.675] Updated payload                          id=0x031c10b357e0d571 number=9885 hash=32d649..e32342 txs=1 withdrawals=0 gas=15,904,325 fees=9.542595e-11 root=b0a151..6f1a15 elapsed=70.713ms
INFO [06-02|05:16:32.675] Stopping work on payload                 id=0x031c10b357e0d571 reason=delivery
WARN [06-02|05:16:32.717] {"level":"warn","msg":"Slow block","block":{"number":9885,"hash":"0x32d64947c5b29c0174115616cfb5e583a0bf46761186eca0f3d59bba92e32342","gas_used":15904325,"tx_count":1},"timing":{"execution_ms":8.68532,"state_read_ms":9.662113,"state_hash_ms":16.565458,"commit_ms":6.251767,"total_ms":41.34702},"throughput":{"mgas_per_sec":384.6546861176452},"state_reads":{"accounts":8,"storage_slots":702,"code":2,"code_bytes":191},"state_writes":{"accounts":3,"accounts_deleted":0,"storage_slots":702,"storage_slots_deleted":0,"code":0,"code_bytes":0},"cache":{"account":{"hits":3,"misses":5,"hit_rate":37.5},"storage":{"hits":90,"misses":612,"hit_rate":12.82051282051282},"code":{"hits":2,"misses":0,"hit_rate":100,"hit_bytes":191,"miss_bytes":0}}}
INFO [06-02|05:16:32.717] Imported new potential chain segment     number=9885 hash=32d649..e32342 blocks=1 txs=1 mgas=15.904 elapsed=41.623ms    mgasps=382.100 triediffs=2.05MiB triedirty=121.15MiB
INFO [06-02|05:16:32.717] Chain head was updated                   number=9885 hash=32d649..e32342 root=b0a151..6f1a15 elapsed="184.769µs"
INFO [06-02|05:16:33.249] Submitted transaction                    hash=0xf1a2e05ec1fc41401a5840214b7a59b706dd09a28ccd30995195cfea93500ad1 from=0xc858e7AA097104615D4fD2f557155C6a22A4e990 nonce=1    recipient=0xf39Fd6e51aad88F6F4ce6aB8827279cffFb92266 value=991,775
INFO [06-02|05:16:33.731] Starting work on payload                 id=0x032d1152af0bb013
INFO [06-02|05:16:33.818] Updated payload                          id=0x032d1152af0bb013 number=9886 hash=178d93..6a1723 txs=1 withdrawals=0 gas=21000      fees=2.1e-14      root=8967fa..2ee454 elapsed=87.686ms
INFO [06-02|05:16:33.819] Stopping work on payload                 id=0x032d1152af0bb013 reason=delivery
WARN [06-02|05:16:33.837] {"level":"warn","msg":"Slow block","block":{"number":9886,"hash":"0x178d932c008694be80b66d211000de44d18289b039ce432c3d24790b046a1723","gas_used":21000,"tx_count":1},"timing":{"execution_ms":0.057352,"state_read_ms":3.026565,"state_hash_ms":14.529954,"commit_ms":0.829324,"total_ms":18.643163},"throughput":{"mgas_per_sec":1.1264183014438054},"state_reads":{"accounts":6,"storage_slots":0,"code":0,"code_bytes":0},"state_writes":{"accounts":2,"accounts_deleted":0,"storage_slots":0,"storage_slots_deleted":0,"code":0,"code_bytes":0},"cache":{"account":{"hits":2,"misses":4,"hit_rate":33.33333333333333},"storage":{"hits":0,"misses":0,"hit_rate":0},"code":{"hits":0,"misses":0,"hit_rate":0,"hit_bytes":0,"miss_bytes":0}}}
INFO [06-02|05:16:33.838] Imported new potential chain segment     number=9886 hash=178d93..6a1723 blocks=1 txs=1 mgas=0.021  elapsed=18.814ms    mgasps=1.116   triediffs=2.05MiB triedirty=121.15MiB
INFO [06-02|05:16:33.838] Chain head was updated                   number=9886 hash=178d93..6a1723 root=8967fa..2ee454 elapsed="101.384µs"
