WARN [06-01|13:38:30.865] Unknown config environment variable      envvar=GETH_PBT_BIN
WARN [06-01|13:38:30.865] Unknown config environment variable      envvar=GETH_UBT_BIN
INFO [06-01|13:38:30.875] Starting Geth on Ethereum mainnet...
INFO [06-01|13:38:30.877] Maximum peer count                       ETH=0 total=0
INFO [06-01|13:38:30.879] Smartcard socket not found, disabling    err="stat /run/pcscd/pcscd.comm: no such file or directory"
WARN [06-01|13:38:30.885] Option --miner.etherbase is deprecated as the etherbase is set by the consensus client post-merge
INFO [06-01|13:38:30.888] Set global gas cap                       cap=50,000,000
INFO [06-01|13:38:31.683] Using developer account                  address=0xf39Fd6e51aad88F6F4ce6aB8827279cffFb92266
INFO [06-01|13:38:31.721] Using pebble as the backing database
INFO [06-01|13:38:31.721] Allocated cache and file handles         database=/mnt/state_expiry_vol_data/ubt-vs-pbt-dbs/pbt/geth/chaindata cache=2.00GiB handles=262,144
INFO [06-01|13:38:31.939] Opened ancient database                  database=/mnt/state_expiry_vol_data/ubt-vs-pbt-dbs/pbt/geth/chaindata/ancient/chain readonly=true
INFO [06-01|13:38:31.939] Opened Era store                         datadir=/mnt/state_expiry_vol_data/ubt-vs-pbt-dbs/pbt/geth/chaindata/ancient/chain/era
INFO [06-01|13:38:31.948] Initializing the KZG library             backend=gokzg
INFO [06-01|13:38:31.952] Allocated trie memory caches             clean=614.00MiB dirty=1.00GiB
INFO [06-01|13:38:31.963] Using pebble as the backing database
INFO [06-01|13:38:31.963] Allocated cache and file handles         database=/mnt/state_expiry_vol_data/ubt-vs-pbt-dbs/pbt/geth/chaindata cache=2.00GiB handles=262,144
INFO [06-01|13:38:32.170] Opened ancient database                  database=/mnt/state_expiry_vol_data/ubt-vs-pbt-dbs/pbt/geth/chaindata/ancient/chain readonly=false
INFO [06-01|13:38:32.170] Opened Era store                         datadir=/mnt/state_expiry_vol_data/ubt-vs-pbt-dbs/pbt/geth/chaindata/ancient/chain/era
INFO [06-01|13:38:32.176] State scheme set to already existing     scheme=path
INFO [06-01|13:38:32.177] Initialising Ethereum protocol           network=1337 dbversion=9
WARN [06-01|13:38:32.177] Sanitizing invalid node buffer size      provided=1.00GiB updated=256.00MiB
INFO [06-01|13:38:32.178] Load database journal from file          path=/mnt/state_expiry_vol_data/ubt-vs-pbt-dbs/pbt/geth/triedb/verkle.journal
INFO [06-01|13:38:32.671] Opened ancient database                  database=/mnt/state_expiry_vol_data/ubt-vs-pbt-dbs/pbt/geth/chaindata/ancient/state_verkle readonly=false
INFO [06-01|13:38:32.672] State snapshot generator is not compatible
INFO [06-01|13:38:32.672] Initialized path database                triecache=614.00MiB statecache=409.00MiB buffer=256.00MiB state-history="last 90000 blocks" journal-dir=/mnt/state_expiry_vol_data/ubt-vs-pbt-dbs/pbt/geth/triedb verkle=true
INFO [06-01|13:38:32.673] 
INFO [06-01|13:38:32.673] ---------------------------------------------------------------------------------------------------------------------------------------------------------
INFO [06-01|13:38:32.673] Chain ID:  1337 (unknown)
INFO [06-01|13:38:32.673] Consensus: unknown
INFO [06-01|13:38:32.673] 
INFO [06-01|13:38:32.673] Pre-Merge hard forks (block based):
INFO [06-01|13:38:32.673]  - Homestead:                   #0       
INFO [06-01|13:38:32.673]  - Tangerine Whistle (EIP 150): #0       
INFO [06-01|13:38:32.673]  - Spurious Dragon/1 (EIP 155): #0       
INFO [06-01|13:38:32.673]  - Spurious Dragon/2 (EIP 158): #0       
INFO [06-01|13:38:32.673]  - Byzantium:                   #0       
INFO [06-01|13:38:32.673]  - Constantinople:              #0       
INFO [06-01|13:38:32.673]  - Petersburg:                  #0       
INFO [06-01|13:38:32.673]  - Istanbul:                    #0       
INFO [06-01|13:38:32.673]  - Berlin:                      #0       
INFO [06-01|13:38:32.673]  - London:                      #0       
INFO [06-01|13:38:32.673]  - Arrow Glacier:               #0       
INFO [06-01|13:38:32.673]  - Gray Glacier:                #0       
INFO [06-01|13:38:32.673] 
INFO [06-01|13:38:32.673] Merge configured:
INFO [06-01|13:38:32.673]  - Total terminal difficulty:  0
INFO [06-01|13:38:32.673]  - Merge netsplit block:       #0       
INFO [06-01|13:38:32.673] 
INFO [06-01|13:38:32.673] Post-Merge hard forks (timestamp based):
INFO [06-01|13:38:32.673]  - Shanghai:                    @0         
INFO [06-01|13:38:32.673]  - Cancun:                      @0          blob: (target: 3, max: 6, fraction: 3338477)
INFO [06-01|13:38:32.673]  - Prague:                      @0          blob: (target: 6, max: 9, fraction: 5007716)
INFO [06-01|13:38:32.673]  - Osaka:                       @0          blob: (target: 6, max: 9, fraction: 5007716)
INFO [06-01|13:38:32.673]  - UBT:                         @0          blob: (nil)
INFO [06-01|13:38:32.673] 
INFO [06-01|13:38:32.673] All fork specifications can be found at https://ethereum.github.io/execution-specs/src/ethereum/forks/
INFO [06-01|13:38:32.673] 
INFO [06-01|13:38:32.673] ---------------------------------------------------------------------------------------------------------------------------------------------------------
INFO [06-01|13:38:32.673] 
INFO [06-01|13:38:32.674] Loaded most recent local block           number=6231 hash=66d399..9f67a2 age=3s
INFO [06-01|13:38:32.674] Loaded most recent local finalized block number=6208 hash=d3de9d..195a06 age=40s
INFO [06-01|13:38:32.675] Initialized transaction indexer          range="last 2350000 blocks"
INFO [06-01|13:38:32.675] Initialized log indexer                  firstblock=0 lastblock=6231 firstmap=0 lastmap=0 headindexed=true
INFO [06-01|13:38:32.699] Enabled full-sync                        head=6231 hash=66d399..9f67a2
INFO [06-01|13:38:32.700] Unprotected transactions allowed
INFO [06-01|13:38:32.700] Gasprice oracle is ignoring threshold set threshold=2
INFO [06-01|13:38:32.700] Registered sync override service
WARN [06-01|13:38:32.701] You are running Geth in --dev mode. Please note the following:
WARN [06-01|13:38:32.701] 
WARN [06-01|13:38:32.701]   1. This mode is only intended for fast, iterative development without assumptions on
WARN [06-01|13:38:32.701]      security or persistence.
WARN [06-01|13:38:32.701]   2. The database is created in memory unless specified otherwise. Therefore, shutting down
WARN [06-01|13:38:32.701]      your computer or losing power will wipe your entire block data and chain state for
WARN [06-01|13:38:32.701]      your dev environment.
WARN [06-01|13:38:32.701]   3. A random, pre-allocated developer account will be available and unlocked as
WARN [06-01|13:38:32.701]      eth.coinbase, which can be used for testing. The random dev account is temporary,
WARN [06-01|13:38:32.701]      stored on a ramdisk, and will be lost if your machine is restarted.
WARN [06-01|13:38:32.701]   4. Mining is enabled by default. However, the client will only seal blocks if transactions
WARN [06-01|13:38:32.701]      are pending in the mempool. The miner's minimum accepted gas price is 1.
WARN [06-01|13:38:32.701]   5. Networking is disabled; there is no listen-address, the maximum number of peers is set
WARN [06-01|13:38:32.701]      to 0, and discovery is disabled.
WARN [06-01|13:38:32.701] 
INFO [06-01|13:38:32.701] Starting peer-to-peer node               instance=Geth/v1.17.3-unstable/linux-amd64/go1.24.9
WARN [06-01|13:38:32.701] P2P server will be useless, neither dialing nor listening
INFO [06-01|13:38:32.724] IPC endpoint opened                      url=/mnt/state_expiry_vol_data/ubt-vs-pbt-dbs/pbt/geth.ipc
ERROR[06-01|13:38:32.724] Unavailable modules in HTTP API list     unavailable=[personal] available="[admin debug web3 eth txpool miner net dev testing]"
INFO [06-01|13:38:32.725] HTTP server started                      endpoint=127.0.0.1:8545 auth=false prefix= cors= vhosts=localhost
INFO [06-01|13:38:32.725] WebSocket enabled                        url=ws://127.0.0.1:8546
INFO [06-01|13:38:32.729] New local node record                    seq=1,780,292,695,125 id=972c5cc0b2a1895c ip=127.0.0.1 udp=0 tcp=0
INFO [06-01|13:38:32.729] Started P2P networking                   self=enode://16ec6c0bde109d66472afe00ec8fee3d30718d830d1acf0829842abca89b82afff8a454636cde3b26d700f98647938c6f23e7bee3027caca0d7f19e4b3725e13@127.0.0.1:0
INFO [06-01|13:38:33.201] Loaded local transaction journal         transactions=4277 dropped=0
INFO [06-01|13:38:33.653] Started log indexer
INFO [06-01|13:38:33.708] Starting work on payload                 id=0x030d0ab37d7420db
INFO [06-01|13:38:33.724] Updated payload                          id=0x030d0ab37d7420db number=6232 hash=59dabf..07db3b txs=0 withdrawals=0 gas=0 fees=0 root=2da359..abbe37 elapsed=15.723ms
INFO [06-01|13:38:33.724] Stopping work on payload                 id=0x030d0ab37d7420db reason=delivery
WARN [06-01|13:38:33.749] {"level":"warn","msg":"Slow block","block":{"number":6232,"hash":"0x59dabf91688586fcb2b5a5e2afcab4f8a6b69e6b37f4baca3d93afb32d07db3b","gas_used":0,"tx_count":0},"timing":{"execution_ms":0.051709,"state_read_ms":23.434412,"state_hash_ms":0.002713,"commit_ms":0.148448,"total_ms":23.89391},"throughput":{"mgas_per_sec":0},"state_reads":{"accounts":4,"storage_slots":0,"code":0,"code_bytes":0},"state_writes":{"accounts":0,"accounts_deleted":0,"storage_slots":0,"storage_slots_deleted":0,"code":0,"code_bytes":0},"cache":{"account":{"hits":0,"misses":4,"hit_rate":0},"storage":{"hits":0,"misses":0,"hit_rate":0},"code":{"hits":0,"misses":0,"hit_rate":0,"hit_bytes":0,"miss_bytes":0}}}
INFO [06-01|13:38:33.749] Imported new potential chain segment     number=6232 hash=59dabf..07db3b blocks=1 txs=0 mgas=0.000 elapsed=24.273ms mgasps=0.000 triediffs=32.84MiB triedirty=4.91MiB
INFO [06-01|13:38:33.749] Chain head was updated                   number=6232 hash=59dabf..07db3b root=2da359..abbe37 elapsed="52.3µs"
INFO [06-01|13:38:34.766] Starting work on payload                 id=0x0338f8845488bf49
INFO [06-01|13:38:34.772] Updated payload                          id=0x0338f8845488bf49 number=6233 hash=65ba95..6e40ee txs=0 withdrawals=0 gas=0 fees=0 root=2da359..abbe37 elapsed=6.671ms
INFO [06-01|13:38:34.772] Stopping work on payload                 id=0x0338f8845488bf49 reason=delivery
WARN [06-01|13:38:34.795] {"level":"warn","msg":"Slow block","block":{"number":6233,"hash":"0x65ba95191301e54b5b319689650dc4e511715630de0c3ba52ab006df646e40ee","gas_used":0,"tx_count":0},"timing":{"execution_ms":0.05221,"state_read_ms":21.359873,"state_hash_ms":0.002002,"commit_ms":0.195451,"total_ms":21.835477},"throughput":{"mgas_per_sec":0},"state_reads":{"accounts":4,"storage_slots":0,"code":0,"code_bytes":0},"state_writes":{"accounts":0,"accounts_deleted":0,"storage_slots":0,"storage_slots_deleted":0,"code":0,"code_bytes":0},"cache":{"account":{"hits":0,"misses":4,"hit_rate":0},"storage":{"hits":0,"misses":0,"hit_rate":0},"code":{"hits":0,"misses":0,"hit_rate":0,"hit_bytes":0,"miss_bytes":0}}}
INFO [06-01|13:38:34.795] Imported new potential chain segment     number=6233 hash=65ba95..6e40ee blocks=1 txs=0 mgas=0.000 elapsed=22.070ms mgasps=0.000 triediffs=32.84MiB triedirty=4.91MiB
INFO [06-01|13:38:34.795] Chain head was updated                   number=6233 hash=65ba95..6e40ee root=2da359..abbe37 elapsed="40.243µs"
INFO [06-01|13:38:35.825] Starting work on payload                 id=0x0338795a13743313
INFO [06-01|13:38:35.847] Updated payload                          id=0x0338795a13743313 number=6234 hash=05db6f..6d1e2d txs=0 withdrawals=0 gas=0 fees=0 root=2da359..abbe37 elapsed=21.614ms
INFO [06-01|13:38:35.847] Stopping work on payload                 id=0x0338795a13743313 reason=delivery
WARN [06-01|13:38:35.850] {"level":"warn","msg":"Slow block","block":{"number":6234,"hash":"0x05db6f9156be8f034974d07ea6ae327b9ec1872575916f93eff72a33b06d1e2d","gas_used":0,"tx_count":0},"timing":{"execution_ms":0.023481,"state_read_ms":2.79365,"state_hash_ms":0.001588,"commit_ms":0.107406,"total_ms":3.114638},"throughput":{"mgas_per_sec":0},"state_reads":{"accounts":4,"storage_slots":0,"code":0,"code_bytes":0},"state_writes":{"accounts":0,"accounts_deleted":0,"storage_slots":0,"storage_slots_deleted":0,"code":0,"code_bytes":0},"cache":{"account":{"hits":0,"misses":4,"hit_rate":0},"storage":{"hits":0,"misses":0,"hit_rate":0},"code":{"hits":0,"misses":0,"hit_rate":0,"hit_bytes":0,"miss_bytes":0}}}
INFO [06-01|13:38:35.851] Imported new potential chain segment     number=6234 hash=05db6f..6d1e2d blocks=1 txs=0 mgas=0.000 elapsed=3.267ms    mgasps=0.000 triediffs=32.84MiB triedirty=4.91MiB
INFO [06-01|13:38:35.851] Chain head was updated                   number=6234 hash=05db6f..6d1e2d root=2da359..abbe37 elapsed="36.176µs"
INFO [06-01|13:38:35.900] Submitted contract creation              hash=0xa1ddea13d3493fa922ad217733fc061373f316af5455c88bde8d43d5614b3879 from=0xf39Fd6e51aad88F6F4ce6aB8827279cffFb92266 nonce=1883 contract=0xFE0730c6426b87BEBE9bf73474B1310F93617822 value=0
INFO [06-01|13:38:35.900] Submitted transaction                    hash=0x49892f9353f9bd99b4fc2c6f81e3ed76d7b071e505785241d17c725550a8c1e8 from=0xf39Fd6e51aad88F6F4ce6aB8827279cffFb92266 nonce=1884 recipient=0x6462E7459Ef6e6302aBeF9A565b99d4859A493Ae value=78,000,000
INFO [06-01|13:38:36.866] Starting work on payload                 id=0x037786d00f720c2e
INFO [06-01|13:38:36.904] Updated payload                          id=0x037786d00f720c2e number=6235 hash=737119..146464 txs=2 withdrawals=0 gas=91710 fees=5.5026e-13 root=ab23d3..ed58d3 elapsed=38.051ms
INFO [06-01|13:38:36.904] Stopping work on payload                 id=0x037786d00f720c2e reason=delivery
WARN [06-01|13:38:36.942] {"level":"warn","msg":"Slow block","block":{"number":6235,"hash":"0x7371196f46a9639e8796140f9a664bb59a0b23fd80c23040b14b9490b1146464","gas_used":91710,"tx_count":2},"timing":{"execution_ms":0.1307,"state_read_ms":18.928134,"state_hash_ms":10.465395,"commit_ms":7.353926,"total_ms":37.159568},"throughput":{"mgas_per_sec":2.468005010176652},"state_reads":{"accounts":11,"storage_slots":0,"code":0,"code_bytes":0},"state_writes":{"accounts":3,"accounts_deleted":0,"storage_slots":0,"storage_slots_deleted":0,"code":1,"code_bytes":305},"cache":{"account":{"hits":6,"misses":5,"hit_rate":54.54545454545454},"storage":{"hits":0,"misses":0,"hit_rate":0},"code":{"hits":0,"misses":0,"hit_rate":0,"hit_bytes":0,"miss_bytes":0}}}
INFO [06-01|13:38:36.942] Imported new potential chain segment     number=6235 hash=737119..146464 blocks=1 txs=2 mgas=0.092 elapsed=37.364ms   mgasps=2.454 triediffs=32.16MiB triedirty=4.96MiB
INFO [06-01|13:38:36.942] Chain head was updated                   number=6235 hash=737119..146464 root=ab23d3..ed58d3 elapsed="224.991µs"
INFO [06-01|13:38:37.923] Submitted transaction                    hash=0x79b67f9e2240aa5d630f76f485d8791c908891a57fbe2ea03878433ea7952aa6 from=0x6462E7459Ef6e6302aBeF9A565b99d4859A493Ae nonce=0    recipient=0xFE0730c6426b87BEBE9bf73474B1310F93617822 value=0
INFO [06-01|13:38:37.948] Starting work on payload                 id=0x039e73f43a4ce63b
INFO [06-01|13:38:38.063] Updated payload                          id=0x039e73f43a4ce63b number=6236 hash=47cbd8..136fed txs=1 withdrawals=0 gas=5,908,267 fees=3.5449602e-11 root=5a7421..d069c7 elapsed=114.966ms
INFO [06-01|13:38:38.063] Stopping work on payload                 id=0x039e73f43a4ce63b reason=delivery
WARN [06-01|13:38:38.152] {"level":"warn","msg":"Slow block","block":{"number":6236,"hash":"0x47cbd8a17839cb190e85af7b7ad18fb0350eeb6159d5fd2fcee071202f136fed","gas_used":5908267,"tx_count":1},"timing":{"execution_ms":60.150622,"state_read_ms":21.951414,"state_hash_ms":4.485051,"commit_ms":1.312779,"total_ms":88.093433},"throughput":{"mgas_per_sec":67.06818883991046},"state_reads":{"accounts":17,"storage_slots":723,"code":11,"code_bytes":585},"state_writes":{"accounts":3,"accounts_deleted":0,"storage_slots":85,"storage_slots_deleted":0,"code":0,"code_bytes":0},"cache":{"account":{"hits":3,"misses":14,"hit_rate":17.647058823529413},"storage":{"hits":128,"misses":595,"hit_rate":17.704011065006917},"code":{"hits":11,"misses":0,"hit_rate":100,"hit_bytes":585,"miss_bytes":0}}}
INFO [06-01|13:38:38.152] Imported new potential chain segment     number=6236 hash=47cbd8..136fed blocks=1 txs=1 mgas=5.908 elapsed=88.287ms    mgasps=66.921 triediffs=32.18MiB triedirty=4.96MiB
INFO [06-01|13:38:38.152] Chain head was updated                   number=6236 hash=47cbd8..136fed root=5a7421..d069c7 elapsed="91.926µs"
INFO [06-01|13:38:38.939] Submitted transaction                    hash=0xdbb2da8f008428c402044ea7d368742d80ad29c69c7197904764212e5084c6ec from=0x6462E7459Ef6e6302aBeF9A565b99d4859A493Ae nonce=1    recipient=0xf39Fd6e51aad88F6F4ce6aB8827279cffFb92266 value=940,529
INFO [06-01|13:38:39.166] Starting work on payload                 id=0x03cc1880f9e96c2e
INFO [06-01|13:38:39.189] Updated payload                          id=0x03cc1880f9e96c2e number=6237 hash=8a3f3e..4b9409 txs=1 withdrawals=0 gas=21000     fees=2.1e-14       root=89f827..39cce6 elapsed=22.593ms
INFO [06-01|13:38:39.190] Stopping work on payload                 id=0x03cc1880f9e96c2e reason=delivery
WARN [06-01|13:38:39.215] {"level":"warn","msg":"Slow block","block":{"number":6237,"hash":"0x8a3f3e0a7cb6654c6a005f95870f286526d92157deef90ddbd455c00f24b9409","gas_used":21000,"tx_count":1},"timing":{"execution_ms":0.086884,"state_read_ms":15.234884,"state_hash_ms":9.47068,"commit_ms":0.805141,"total_ms":25.816423},"throughput":{"mgas_per_sec":0.8134356955647961},"state_reads":{"accounts":6,"storage_slots":0,"code":0,"code_bytes":0},"state_writes":{"accounts":2,"accounts_deleted":0,"storage_slots":0,"storage_slots_deleted":0,"code":0,"code_bytes":0},"cache":{"account":{"hits":2,"misses":4,"hit_rate":33.33333333333333},"storage":{"hits":0,"misses":0,"hit_rate":0},"code":{"hits":0,"misses":0,"hit_rate":0,"hit_bytes":0,"miss_bytes":0}}}
INFO [06-01|13:38:39.215] Imported new potential chain segment     number=6237 hash=8a3f3e..4b9409 blocks=1 txs=1 mgas=0.021 elapsed=25.980ms    mgasps=0.808  triediffs=32.18MiB triedirty=4.97MiB
INFO [06-01|13:38:39.216] Chain head was updated                   number=6237 hash=8a3f3e..4b9409 root=89f827..39cce6 elapsed="83.629µs"
INFO [06-01|13:38:40.221] Starting work on payload                 id=0x03a830fbfc9f7f51
INFO [06-01|13:38:40.236] Updated payload                          id=0x03a830fbfc9f7f51 number=6238 hash=707a5f..4f0841 txs=0 withdrawals=0 gas=0         fees=0             root=89f827..39cce6 elapsed=15.491ms
INFO [06-01|13:38:40.236] Stopping work on payload                 id=0x03a830fbfc9f7f51 reason=delivery
WARN [06-01|13:38:40.240] {"level":"warn","msg":"Slow block","block":{"number":6238,"hash":"0x707a5fe0ddb276f06591a7150d2465d1b2e42f1e8e1c51e8e84e4495704f0841","gas_used":0,"tx_count":0},"timing":{"execution_ms":0.040302,"state_read_ms":3.26136,"state_hash_ms":0.001971,"commit_ms":0.161932,"total_ms":4.006132},"throughput":{"mgas_per_sec":0},"state_reads":{"accounts":4,"storage_slots":0,"code":0,"code_bytes":0},"state_writes":{"accounts":0,"accounts_deleted":0,"storage_slots":0,"storage_slots_deleted":0,"code":0,"code_bytes":0},"cache":{"account":{"hits":0,"misses":4,"hit_rate":0},"storage":{"hits":0,"misses":0,"hit_rate":0},"code":{"hits":0,"misses":0,"hit_rate":0,"hit_bytes":0,"miss_bytes":0}}}
INFO [06-01|13:38:40.241] Imported new potential chain segment     number=6238 hash=707a5f..4f0841 blocks=1 txs=0 mgas=0.000 elapsed=4.147ms     mgasps=0.000  triediffs=32.18MiB triedirty=4.97MiB
INFO [06-01|13:38:40.241] Chain head was updated                   number=6238 hash=707a5f..4f0841 root=89f827..39cce6 elapsed="46.691µs"
