WARN [06-02|05:32:51.527] Unknown config environment variable      envvar=GETH_PBT_BIN
WARN [06-02|05:32:51.527] Unknown config environment variable      envvar=GETH_UBT_BIN
INFO [06-02|05:32:51.537] Starting Geth on Ethereum mainnet...
INFO [06-02|05:32:51.539] Maximum peer count                       ETH=0 total=0
INFO [06-02|05:32:51.540] Smartcard socket not found, disabling    err="stat /run/pcscd/pcscd.comm: no such file or directory"
WARN [06-02|05:32:51.545] Option --miner.etherbase is deprecated as the etherbase is set by the consensus client post-merge
INFO [06-02|05:32:51.548] Set global gas cap                       cap=50,000,000
INFO [06-02|05:32:52.343] Using developer account                  address=0xf39Fd6e51aad88F6F4ce6aB8827279cffFb92266
INFO [06-02|05:32:52.379] Using pebble as the backing database
INFO [06-02|05:32:52.379] Allocated cache and file handles         database=/mnt/state_expiry_vol_data/ubt-vs-pbt-dbs/pbt/geth/chaindata cache=2.00GiB handles=262,144
INFO [06-02|05:32:52.604] Opened ancient database                  database=/mnt/state_expiry_vol_data/ubt-vs-pbt-dbs/pbt/geth/chaindata/ancient/chain readonly=true
INFO [06-02|05:32:52.604] Opened Era store                         datadir=/mnt/state_expiry_vol_data/ubt-vs-pbt-dbs/pbt/geth/chaindata/ancient/chain/era
INFO [06-02|05:32:52.611] Initializing the KZG library             backend=gokzg
INFO [06-02|05:32:52.612] Allocated trie memory caches             clean=614.00MiB dirty=1.00GiB
INFO [06-02|05:32:52.620] Using pebble as the backing database
INFO [06-02|05:32:52.620] Allocated cache and file handles         database=/mnt/state_expiry_vol_data/ubt-vs-pbt-dbs/pbt/geth/chaindata cache=2.00GiB handles=262,144
INFO [06-02|05:32:52.839] Opened ancient database                  database=/mnt/state_expiry_vol_data/ubt-vs-pbt-dbs/pbt/geth/chaindata/ancient/chain readonly=false
INFO [06-02|05:32:52.839] Opened Era store                         datadir=/mnt/state_expiry_vol_data/ubt-vs-pbt-dbs/pbt/geth/chaindata/ancient/chain/era
INFO [06-02|05:32:52.846] State scheme set to already existing     scheme=path
INFO [06-02|05:32:52.852] Initialising Ethereum protocol           network=1337 dbversion=9
WARN [06-02|05:32:52.852] Sanitizing invalid node buffer size      provided=1.00GiB updated=256.00MiB
INFO [06-02|05:32:52.854] Load database journal from file          path=/mnt/state_expiry_vol_data/ubt-vs-pbt-dbs/pbt/geth/triedb/verkle.journal
INFO [06-02|05:32:55.305] Opened ancient database                  database=/mnt/state_expiry_vol_data/ubt-vs-pbt-dbs/pbt/geth/chaindata/ancient/state_verkle readonly=false
INFO [06-02|05:32:55.307] State snapshot generator is not compatible
INFO [06-02|05:32:55.307] Initialized path database                triecache=614.00MiB statecache=409.00MiB buffer=256.00MiB state-history="last 90000 blocks" journal-dir=/mnt/state_expiry_vol_data/ubt-vs-pbt-dbs/pbt/geth/triedb verkle=true
INFO [06-02|05:32:55.307] 
INFO [06-02|05:32:55.307] ---------------------------------------------------------------------------------------------------------------------------------------------------------
INFO [06-02|05:32:55.307] Chain ID:  1337 (unknown)
INFO [06-02|05:32:55.307] Consensus: unknown
INFO [06-02|05:32:55.307] 
INFO [06-02|05:32:55.307] Pre-Merge hard forks (block based):
INFO [06-02|05:32:55.307]  - Homestead:                   #0       
INFO [06-02|05:32:55.307]  - Tangerine Whistle (EIP 150): #0       
INFO [06-02|05:32:55.307]  - Spurious Dragon/1 (EIP 155): #0       
INFO [06-02|05:32:55.307]  - Spurious Dragon/2 (EIP 158): #0       
INFO [06-02|05:32:55.307]  - Byzantium:                   #0       
INFO [06-02|05:32:55.307]  - Constantinople:              #0       
INFO [06-02|05:32:55.307]  - Petersburg:                  #0       
INFO [06-02|05:32:55.307]  - Istanbul:                    #0       
INFO [06-02|05:32:55.307]  - Berlin:                      #0       
INFO [06-02|05:32:55.307]  - London:                      #0       
INFO [06-02|05:32:55.307]  - Arrow Glacier:               #0       
INFO [06-02|05:32:55.307]  - Gray Glacier:                #0       
INFO [06-02|05:32:55.307] 
INFO [06-02|05:32:55.307] Merge configured:
INFO [06-02|05:32:55.307]  - Total terminal difficulty:  0
INFO [06-02|05:32:55.307]  - Merge netsplit block:       #0       
INFO [06-02|05:32:55.307] 
INFO [06-02|05:32:55.307] Post-Merge hard forks (timestamp based):
INFO [06-02|05:32:55.307]  - Shanghai:                    @0         
INFO [06-02|05:32:55.307]  - Cancun:                      @0          blob: (target: 3, max: 6, fraction: 3338477)
INFO [06-02|05:32:55.307]  - Prague:                      @0          blob: (target: 6, max: 9, fraction: 5007716)
INFO [06-02|05:32:55.307]  - Osaka:                       @0          blob: (target: 6, max: 9, fraction: 5007716)
INFO [06-02|05:32:55.307]  - UBT:                         @0          blob: (nil)
INFO [06-02|05:32:55.307] 
INFO [06-02|05:32:55.307] All fork specifications can be found at https://ethereum.github.io/execution-specs/src/ethereum/forks/
INFO [06-02|05:32:55.307] 
INFO [06-02|05:32:55.307] ---------------------------------------------------------------------------------------------------------------------------------------------------------
INFO [06-02|05:32:55.307] 
INFO [06-02|05:32:55.307] Loaded most recent local block           number=10339 hash=95b828..998104 age=8s
INFO [06-02|05:32:55.308] Loaded most recent local finalized block number=10336 hash=b24a4f..e7b73c age=12s
INFO [06-02|05:32:55.308] Initialized transaction indexer          range="last 2350000 blocks"
INFO [06-02|05:32:55.308] Initialized log indexer                  firstblock=0 lastblock=10339 firstmap=0 lastmap=0 headindexed=true
INFO [06-02|05:32:55.361] Enabled full-sync                        head=10339 hash=95b828..998104
INFO [06-02|05:32:55.362] Unprotected transactions allowed
INFO [06-02|05:32:55.362] Gasprice oracle is ignoring threshold set threshold=2
WARN [06-02|05:32:55.362] Unclean shutdown detected                booted=2026-06-02T02:34:44+0000 age=2h58m11s
INFO [06-02|05:32:55.362] Registered sync override service
WARN [06-02|05:32:55.362] You are running Geth in --dev mode. Please note the following:
WARN [06-02|05:32:55.362] 
WARN [06-02|05:32:55.362]   1. This mode is only intended for fast, iterative development without assumptions on
WARN [06-02|05:32:55.362]      security or persistence.
WARN [06-02|05:32:55.362]   2. The database is created in memory unless specified otherwise. Therefore, shutting down
WARN [06-02|05:32:55.362]      your computer or losing power will wipe your entire block data and chain state for
WARN [06-02|05:32:55.362]      your dev environment.
WARN [06-02|05:32:55.362]   3. A random, pre-allocated developer account will be available and unlocked as
WARN [06-02|05:32:55.362]      eth.coinbase, which can be used for testing. The random dev account is temporary,
WARN [06-02|05:32:55.362]      stored on a ramdisk, and will be lost if your machine is restarted.
WARN [06-02|05:32:55.362]   4. Mining is enabled by default. However, the client will only seal blocks if transactions
WARN [06-02|05:32:55.362]      are pending in the mempool. The miner's minimum accepted gas price is 1.
WARN [06-02|05:32:55.362]   5. Networking is disabled; there is no listen-address, the maximum number of peers is set
WARN [06-02|05:32:55.362]      to 0, and discovery is disabled.
WARN [06-02|05:32:55.362] 
INFO [06-02|05:32:55.362] Starting peer-to-peer node               instance=Geth/v1.17.3-unstable/linux-amd64/go1.24.9
WARN [06-02|05:32:55.362] P2P server will be useless, neither dialing nor listening
INFO [06-02|05:32:55.401] IPC endpoint opened                      url=/mnt/state_expiry_vol_data/ubt-vs-pbt-dbs/pbt/geth.ipc
ERROR[06-02|05:32:55.401] Unavailable modules in HTTP API list     unavailable=[personal] available="[admin debug web3 eth txpool miner net dev testing]"
INFO [06-02|05:32:55.402] HTTP server started                      endpoint=127.0.0.1:8545 auth=false prefix= cors= vhosts=localhost
INFO [06-02|05:32:55.402] WebSocket enabled                        url=ws://127.0.0.1:8546
INFO [06-02|05:32:55.403] New local node record                    seq=1,780,292,695,597 id=972c5cc0b2a1895c ip=127.0.0.1 udp=0 tcp=0
INFO [06-02|05:32:55.403] Started P2P networking                   self=enode://16ec6c0bde109d66472afe00ec8fee3d30718d830d1acf0829842abca89b82afff8a454636cde3b26d700f98647938c6f23e7bee3027caca0d7f19e4b3725e13@127.0.0.1:0
INFO [06-02|05:32:56.294] Loaded local transaction journal         transactions=7988 dropped=0
INFO [06-02|05:32:56.577] Started log indexer
INFO [06-02|05:32:56.600] Starting work on payload                 id=0x03dc224952b1cd54
INFO [06-02|05:32:56.602] Updated payload                          id=0x03dc224952b1cd54 number=10340 hash=f484be..3d1eee txs=0 withdrawals=0 gas=0 fees=0 root=905bad..1f5b7e elapsed=1.858ms
INFO [06-02|05:32:56.605] Stopping work on payload                 id=0x03dc224952b1cd54 reason=delivery
WARN [06-02|05:32:56.631] {"level":"warn","msg":"Slow block","block":{"number":10340,"hash":"0xf484be051fe444dfa9d6817639a8094b132756860d37944faca03f61d53d1eee","gas_used":0,"tx_count":0},"timing":{"execution_ms":0.062226,"state_read_ms":25.99739,"state_hash_ms":0.002979,"commit_ms":0.264916,"total_ms":28.075654},"throughput":{"mgas_per_sec":0},"state_reads":{"accounts":4,"storage_slots":0,"code":0,"code_bytes":0},"state_writes":{"accounts":0,"accounts_deleted":0,"storage_slots":0,"storage_slots_deleted":0,"code":0,"code_bytes":0},"cache":{"account":{"hits":0,"misses":4,"hit_rate":0},"storage":{"hits":0,"misses":0,"hit_rate":0},"code":{"hits":0,"misses":0,"hit_rate":0,"hit_bytes":0,"miss_bytes":0}}}
INFO [06-02|05:32:56.631] Imported new potential chain segment     number=10340 hash=f484be..3d1eee blocks=1 txs=0 mgas=0.000 elapsed=28.588ms mgasps=0.000 triediffs=42.28MiB triedirty=123.20MiB
INFO [06-02|05:32:56.632] Chain head was updated                   number=10340 hash=f484be..3d1eee root=905bad..1f5b7e elapsed="92.513µs"
INFO [06-02|05:32:57.650] Starting work on payload                 id=0x03fb1124c15e8902
INFO [06-02|05:32:57.651] Updated payload                          id=0x03fb1124c15e8902 number=10341 hash=9b86f4..f2a98e txs=0 withdrawals=0 gas=0 fees=0 root=905bad..1f5b7e elapsed="828.105µs"
INFO [06-02|05:32:57.651] Stopping work on payload                 id=0x03fb1124c15e8902 reason=delivery
WARN [06-02|05:32:57.653] {"level":"warn","msg":"Slow block","block":{"number":10341,"hash":"0x9b86f419e5e45aa5bb1b51739462670c71053ebf3aff43b09389b1b76df2a98e","gas_used":0,"tx_count":0},"timing":{"execution_ms":0.021525,"state_read_ms":0.838464,"state_hash_ms":0.003895,"commit_ms":0.237077,"total_ms":2.01508},"throughput":{"mgas_per_sec":0},"state_reads":{"accounts":4,"storage_slots":0,"code":0,"code_bytes":0},"state_writes":{"accounts":0,"accounts_deleted":0,"storage_slots":0,"storage_slots_deleted":0,"code":0,"code_bytes":0},"cache":{"account":{"hits":0,"misses":4,"hit_rate":0},"storage":{"hits":0,"misses":0,"hit_rate":0},"code":{"hits":0,"misses":0,"hit_rate":0,"hit_bytes":0,"miss_bytes":0}}}
INFO [06-02|05:32:57.653] Imported new potential chain segment     number=10341 hash=9b86f4..f2a98e blocks=1 txs=0 mgas=0.000 elapsed=2.214ms     mgasps=0.000 triediffs=42.28MiB triedirty=123.20MiB
INFO [06-02|05:32:57.654] Chain head was updated                   number=10341 hash=9b86f4..f2a98e root=905bad..1f5b7e elapsed="61.639µs"
INFO [06-02|05:32:58.750] Starting work on payload                 id=0x039478c396a8f953
INFO [06-02|05:32:58.753] Updated payload                          id=0x039478c396a8f953 number=10342 hash=402902..a62c99 txs=0 withdrawals=0 gas=0 fees=0 root=905bad..1f5b7e elapsed=2.986ms
INFO [06-02|05:32:58.753] Stopping work on payload                 id=0x039478c396a8f953 reason=delivery
WARN [06-02|05:32:58.756] {"level":"warn","msg":"Slow block","block":{"number":10342,"hash":"0x40290258fa4c9866ebb4af11c02bdd0d88f43aaf7c4122e699255dc3d8a62c99","gas_used":0,"tx_count":0},"timing":{"execution_ms":0.031177,"state_read_ms":2.675074,"state_hash_ms":0.001262,"commit_ms":0.100306,"total_ms":3.031478},"throughput":{"mgas_per_sec":0},"state_reads":{"accounts":4,"storage_slots":0,"code":0,"code_bytes":0},"state_writes":{"accounts":0,"accounts_deleted":0,"storage_slots":0,"storage_slots_deleted":0,"code":0,"code_bytes":0},"cache":{"account":{"hits":0,"misses":4,"hit_rate":0},"storage":{"hits":0,"misses":0,"hit_rate":0},"code":{"hits":0,"misses":0,"hit_rate":0,"hit_bytes":0,"miss_bytes":0}}}
INFO [06-02|05:32:58.757] Imported new potential chain segment     number=10342 hash=402902..a62c99 blocks=1 txs=0 mgas=0.000 elapsed=3.218ms     mgasps=0.000 triediffs=42.28MiB triedirty=123.20MiB
INFO [06-02|05:32:58.757] Chain head was updated                   number=10342 hash=402902..a62c99 root=905bad..1f5b7e elapsed="50.178µs"
INFO [06-02|05:32:59.763] Starting work on payload                 id=0x0356272de450845b
INFO [06-02|05:32:59.829] Updated payload                          id=0x0356272de450845b number=10343 hash=efbbba..3b34e4 txs=0 withdrawals=0 gas=0 fees=0 root=905bad..1f5b7e elapsed=66.033ms
INFO [06-02|05:32:59.831] Stopping work on payload                 id=0x0356272de450845b reason=delivery
WARN [06-02|05:32:59.833] {"level":"warn","msg":"Slow block","block":{"number":10343,"hash":"0xefbbba5c121f244569035f4d77216bd9e0516178ff7214e4e462253b013b34e4","gas_used":0,"tx_count":0},"timing":{"execution_ms":0.05228,"state_read_ms":1.409971,"state_hash_ms":0.002488,"commit_ms":0.163291,"total_ms":3.370816},"throughput":{"mgas_per_sec":0},"state_reads":{"accounts":4,"storage_slots":0,"code":0,"code_bytes":0},"state_writes":{"accounts":0,"accounts_deleted":0,"storage_slots":0,"storage_slots_deleted":0,"code":0,"code_bytes":0},"cache":{"account":{"hits":0,"misses":4,"hit_rate":0},"storage":{"hits":0,"misses":0,"hit_rate":0},"code":{"hits":0,"misses":0,"hit_rate":0,"hit_bytes":0,"miss_bytes":0}}}
INFO [06-02|05:32:59.833] Imported new potential chain segment     number=10343 hash=efbbba..3b34e4 blocks=1 txs=0 mgas=0.000 elapsed=3.618ms     mgasps=0.000 triediffs=42.28MiB triedirty=123.20MiB
INFO [06-02|05:32:59.833] Chain head was updated                   number=10343 hash=efbbba..3b34e4 root=905bad..1f5b7e elapsed="92.118µs"
INFO [06-02|05:33:00.087] Submitted contract creation              hash=0x76851bddff8c04ce19f8c9bcad714bc4bff59944c690e31aadf9c68f62ba4bf5 from=0xf39Fd6e51aad88F6F4ce6aB8827279cffFb92266 nonce=2823 contract=0x8961423b54f06bf6D57F8dD3dD1184FA6F3aac3f value=0
INFO [06-02|05:33:00.087] Submitted transaction                    hash=0xc2b7d04eee4473fc689f2a04805055701fc3d686e7840d452a8c4393abd3eb52 from=0xf39Fd6e51aad88F6F4ce6aB8827279cffFb92266 nonce=2824 recipient=0xB4E6c2af7C12bf6668821b5Bc0632F23AdbF5E8B value=208,000,000
INFO [06-02|05:33:00.838] Starting work on payload                 id=0x03132e7ddf62c723
INFO [06-02|05:33:00.938] Updated payload                          id=0x03132e7ddf62c723 number=10344 hash=33e846..60400e txs=2 withdrawals=0 gas=86938 fees=5.21628e-13 root=a6bbc7..73d422 elapsed=100.239ms
INFO [06-02|05:33:00.938] Stopping work on payload                 id=0x03132e7ddf62c723 reason=delivery
WARN [06-02|05:33:00.993] {"level":"warn","msg":"Slow block","block":{"number":10344,"hash":"0x33e8461cc08d583f4a66d61b9d6d7b8efc4809230c4abf095a36e7e0c460400e","gas_used":86938,"tx_count":2},"timing":{"execution_ms":0.124499,"state_read_ms":3.803247,"state_hash_ms":33.046374,"commit_ms":6.032462,"total_ms":54.17865},"throughput":{"mgas_per_sec":1.6046542318791628},"state_reads":{"accounts":11,"storage_slots":0,"code":0,"code_bytes":0},"state_writes":{"accounts":3,"accounts_deleted":0,"storage_slots":0,"storage_slots_deleted":0,"code":1,"code_bytes":165},"cache":{"account":{"hits":6,"misses":5,"hit_rate":54.54545454545454},"storage":{"hits":0,"misses":0,"hit_rate":0},"code":{"hits":0,"misses":0,"hit_rate":0,"hit_bytes":0,"miss_bytes":0}}}
INFO [06-02|05:33:00.993] Imported new potential chain segment     number=10344 hash=33e846..60400e blocks=1 txs=2 mgas=0.087 elapsed=54.359ms    mgasps=1.599 triediffs=42.08MiB triedirty=123.27MiB
INFO [06-02|05:33:00.993] Chain head was updated                   number=10344 hash=33e846..60400e root=a6bbc7..73d422 elapsed="145.691µs"
INFO [06-02|05:33:01.099] Submitted transaction                    hash=0x476445769d30994773a0264502ebecffae956b393bd7f6dd0e478c0cfcf6a418 from=0xB4E6c2af7C12bf6668821b5Bc0632F23AdbF5E8B nonce=0    recipient=0x8961423b54f06bf6D57F8dD3dD1184FA6F3aac3f value=0
INFO [06-02|05:33:01.997] Starting work on payload                 id=0x03455adaca68a22a
INFO [06-02|05:33:02.388] Updated payload                          id=0x03455adaca68a22a number=10345 hash=2e7897..7a518a txs=1 withdrawals=0 gas=15,913,190 fees=9.547914e-11 root=f6af69..0e5b49 elapsed=390.129ms
INFO [06-02|05:33:02.388] Stopping work on payload                 id=0x03455adaca68a22a reason=delivery
WARN [06-02|05:33:02.571] {"level":"warn","msg":"Slow block","block":{"number":10345,"hash":"0x2e789772807f97fc82738e4795f9b87595081b92d7a306c5f972a1e7d17a518a","gas_used":15913190,"tx_count":1},"timing":{"execution_ms":11.443134,"state_read_ms":38.793974,"state_hash_ms":110.059617,"commit_ms":22.142013,"total_ms":182.784957},"throughput":{"mgas_per_sec":87.05962602819662},"state_reads":{"accounts":337,"storage_slots":630,"code":331,"code_bytes":9405},"state_writes":{"accounts":331,"accounts_deleted":0,"storage_slots":628,"storage_slots_deleted":0,"code":0,"code_bytes":0},"cache":{"account":{"hits":194,"misses":143,"hit_rate":57.566765578635014},"storage":{"hits":281,"misses":349,"hit_rate":44.60317460317461},"code":{"hits":331,"misses":0,"hit_rate":100,"hit_bytes":9405,"miss_bytes":0}}}
INFO [06-02|05:33:02.571] Imported new potential chain segment     number=10345 hash=2e7897..7a518a blocks=1 txs=1 mgas=15.913 elapsed=183.123ms   mgasps=86.899 triediffs=44.42MiB triedirty=123.27MiB
INFO [06-02|05:33:02.572] Chain head was updated                   number=10345 hash=2e7897..7a518a root=f6af69..0e5b49 elapsed="172.716µs"
INFO [06-02|05:33:03.120] Submitted transaction                    hash=0x861d61673a0f4c957e1ab09649daeb7ce0301cc359819d454c63f069c71dcb66 from=0xB4E6c2af7C12bf6668821b5Bc0632F23AdbF5E8B nonce=1    recipient=0xf39Fd6e51aad88F6F4ce6aB8827279cffFb92266 value=876,530
INFO [06-02|05:33:03.575] Starting work on payload                 id=0x039a651eb217f2b0
INFO [06-02|05:33:03.608] Updated payload                          id=0x039a651eb217f2b0 number=10346 hash=9147cf..89a8c2 txs=1 withdrawals=0 gas=21000      fees=2.1e-14      root=e6f21c..d27d76 elapsed=33.352ms
INFO [06-02|05:33:03.617] Stopping work on payload                 id=0x039a651eb217f2b0 reason=delivery
WARN [06-02|05:33:03.644] {"level":"warn","msg":"Slow block","block":{"number":10346,"hash":"0x9147cfb28b69dc3fe0bc72a9671f750d694e8369420c805e12529d3db689a8c2","gas_used":21000,"tx_count":1},"timing":{"execution_ms":0.217761,"state_read_ms":26.100248,"state_hash_ms":8.174358,"commit_ms":0.549115,"total_ms":35.26796},"throughput":{"mgas_per_sec":0.5954413013965083},"state_reads":{"accounts":6,"storage_slots":0,"code":0,"code_bytes":0},"state_writes":{"accounts":2,"accounts_deleted":0,"storage_slots":0,"storage_slots_deleted":0,"code":0,"code_bytes":0},"cache":{"account":{"hits":0,"misses":6,"hit_rate":0},"storage":{"hits":0,"misses":0,"hit_rate":0},"code":{"hits":0,"misses":0,"hit_rate":0,"hit_bytes":0,"miss_bytes":0}}}
INFO [06-02|05:33:03.644] Imported new potential chain segment     number=10346 hash=9147cf..89a8c2 blocks=1 txs=1 mgas=0.021  elapsed=35.466ms    mgasps=0.592  triediffs=44.42MiB triedirty=123.27MiB
INFO [06-02|05:33:03.645] Chain head was updated                   number=10346 hash=9147cf..89a8c2 root=e6f21c..d27d76 elapsed="59.294µs"
