WARN [06-01|07:04:55.994] Unknown config environment variable      envvar=GETH_PBT_BIN
WARN [06-01|07:04:55.994] Unknown config environment variable      envvar=GETH_UBT_BIN
INFO [06-01|07:04:56.003] Starting Geth on Ethereum mainnet...
INFO [06-01|07:04:56.005] Maximum peer count                       ETH=0 total=0
INFO [06-01|07:04:56.006] Smartcard socket not found, disabling    err="stat /run/pcscd/pcscd.comm: no such file or directory"
WARN [06-01|07:04:56.011] Option --miner.etherbase is deprecated as the etherbase is set by the consensus client post-merge
WARN [06-01|07:04:56.013] Snap sync requested, resetting --cache.snapshot
INFO [06-01|07:04:56.013] Set global gas cap                       cap=50,000,000
INFO [06-01|07:04:56.797] Using developer account                  address=0xf39Fd6e51aad88F6F4ce6aB8827279cffFb92266
INFO [06-01|07:04:56.835] Using pebble as the backing database
INFO [06-01|07:04:56.835] Allocated cache and file handles         database=/mnt/state_expiry_vol_data/ubt-vs-pbt-dbs/pbt/geth/chaindata cache=16.00MiB handles=262,144
INFO [06-01|07:04:57.027] Opened ancient database                  database=/mnt/state_expiry_vol_data/ubt-vs-pbt-dbs/pbt/geth/chaindata/ancient/chain readonly=true
INFO [06-01|07:04:57.027] Opened Era store                         datadir=/mnt/state_expiry_vol_data/ubt-vs-pbt-dbs/pbt/geth/chaindata/ancient/chain/era
INFO [06-01|07:04:57.034] Initializing the KZG library             backend=gokzg
INFO [06-01|07:04:57.036] Allocated trie memory caches             clean=0.00B dirty=0.00B
INFO [06-01|07:04:57.043] Using pebble as the backing database
INFO [06-01|07:04:57.043] Allocated cache and file handles         database=/mnt/state_expiry_vol_data/ubt-vs-pbt-dbs/pbt/geth/chaindata cache=16.00MiB handles=262,144
INFO [06-01|07:04:57.213] Opened ancient database                  database=/mnt/state_expiry_vol_data/ubt-vs-pbt-dbs/pbt/geth/chaindata/ancient/chain readonly=false
INFO [06-01|07:04:57.213] Opened Era store                         datadir=/mnt/state_expiry_vol_data/ubt-vs-pbt-dbs/pbt/geth/chaindata/ancient/chain/era
INFO [06-01|07:04:57.218] State scheme set to already existing     scheme=path
INFO [06-01|07:04:57.219] Initialising Ethereum protocol           network=1337 dbversion=9
INFO [06-01|07:04:57.219] Load database journal from file          path=/mnt/state_expiry_vol_data/ubt-vs-pbt-dbs/pbt/geth/triedb/verkle.journal
INFO [06-01|07:04:57.284] Opened ancient database                  database=/mnt/state_expiry_vol_data/ubt-vs-pbt-dbs/pbt/geth/chaindata/ancient/state_verkle readonly=false
INFO [06-01|07:04:57.302] State snapshot generator is not compatible
INFO [06-01|07:04:57.302] Initialized path database                triecache=0.00B statecache=0.00B buffer=0.00B state-history="last 90000 blocks" journal-dir=/mnt/state_expiry_vol_data/ubt-vs-pbt-dbs/pbt/geth/triedb verkle=true
INFO [06-01|07:04:57.303] 
INFO [06-01|07:04:57.303] ---------------------------------------------------------------------------------------------------------------------------------------------------------
INFO [06-01|07:04:57.303] Chain ID:  1337 (unknown)
INFO [06-01|07:04:57.303] Consensus: unknown
INFO [06-01|07:04:57.303] 
INFO [06-01|07:04:57.303] Pre-Merge hard forks (block based):
INFO [06-01|07:04:57.303]  - Homestead:                   #0       
INFO [06-01|07:04:57.303]  - Tangerine Whistle (EIP 150): #0       
INFO [06-01|07:04:57.303]  - Spurious Dragon/1 (EIP 155): #0       
INFO [06-01|07:04:57.303]  - Spurious Dragon/2 (EIP 158): #0       
INFO [06-01|07:04:57.303]  - Byzantium:                   #0       
INFO [06-01|07:04:57.303]  - Constantinople:              #0       
INFO [06-01|07:04:57.303]  - Petersburg:                  #0       
INFO [06-01|07:04:57.303]  - Istanbul:                    #0       
INFO [06-01|07:04:57.303]  - Berlin:                      #0       
INFO [06-01|07:04:57.303]  - London:                      #0       
INFO [06-01|07:04:57.303]  - Arrow Glacier:               #0       
INFO [06-01|07:04:57.303]  - Gray Glacier:                #0       
INFO [06-01|07:04:57.303] 
INFO [06-01|07:04:57.303] Merge configured:
INFO [06-01|07:04:57.303]  - Total terminal difficulty:  0
INFO [06-01|07:04:57.303]  - Merge netsplit block:       #0       
INFO [06-01|07:04:57.303] 
INFO [06-01|07:04:57.303] Post-Merge hard forks (timestamp based):
INFO [06-01|07:04:57.303]  - Shanghai:                    @0         
INFO [06-01|07:04:57.303]  - Cancun:                      @0          blob: (target: 3, max: 6, fraction: 3338477)
INFO [06-01|07:04:57.303]  - Prague:                      @0          blob: (target: 6, max: 9, fraction: 5007716)
INFO [06-01|07:04:57.303]  - Osaka:                       @0          blob: (target: 6, max: 9, fraction: 5007716)
INFO [06-01|07:04:57.303]  - UBT:                         @0          blob: (nil)
INFO [06-01|07:04:57.303] 
INFO [06-01|07:04:57.303] All fork specifications can be found at https://ethereum.github.io/execution-specs/src/ethereum/forks/
INFO [06-01|07:04:57.303] 
INFO [06-01|07:04:57.303] ---------------------------------------------------------------------------------------------------------------------------------------------------------
INFO [06-01|07:04:57.303] 
INFO [06-01|07:04:57.304] Loaded most recent local block           number=1532 hash=dddc8b..87a307 age=3s
INFO [06-01|07:04:57.305] Loaded most recent local finalized block number=1504 hash=1a0b4a..7ef3b0 age=45s
INFO [06-01|07:04:57.306] Initialized transaction indexer          range="last 2350000 blocks"
INFO [06-01|07:04:57.306] Initialized log indexer                  firstblock=0 lastblock=1532 firstmap=0 lastmap=0 headindexed=true
INFO [06-01|07:04:57.324] Enabled full-sync                        head=1532 hash=dddc8b..87a307
INFO [06-01|07:04:57.324] Unprotected transactions allowed
INFO [06-01|07:04:57.324] Gasprice oracle is ignoring threshold set threshold=2
INFO [06-01|07:04:57.324] Registered sync override service
WARN [06-01|07:04:57.325] You are running Geth in --dev mode. Please note the following:
WARN [06-01|07:04:57.325] 
WARN [06-01|07:04:57.325]   1. This mode is only intended for fast, iterative development without assumptions on
WARN [06-01|07:04:57.325]      security or persistence.
WARN [06-01|07:04:57.325]   2. The database is created in memory unless specified otherwise. Therefore, shutting down
WARN [06-01|07:04:57.325]      your computer or losing power will wipe your entire block data and chain state for
WARN [06-01|07:04:57.325]      your dev environment.
WARN [06-01|07:04:57.325]   3. A random, pre-allocated developer account will be available and unlocked as
WARN [06-01|07:04:57.325]      eth.coinbase, which can be used for testing. The random dev account is temporary,
WARN [06-01|07:04:57.325]      stored on a ramdisk, and will be lost if your machine is restarted.
WARN [06-01|07:04:57.325]   4. Mining is enabled by default. However, the client will only seal blocks if transactions
WARN [06-01|07:04:57.325]      are pending in the mempool. The miner's minimum accepted gas price is 1.
WARN [06-01|07:04:57.325]   5. Networking is disabled; there is no listen-address, the maximum number of peers is set
WARN [06-01|07:04:57.325]      to 0, and discovery is disabled.
WARN [06-01|07:04:57.325] 
INFO [06-01|07:04:57.325] Starting peer-to-peer node               instance=Geth/v1.17.3-unstable/linux-amd64/go1.24.9
WARN [06-01|07:04:57.325] P2P server will be useless, neither dialing nor listening
INFO [06-01|07:04:57.349] IPC endpoint opened                      url=/mnt/state_expiry_vol_data/ubt-vs-pbt-dbs/pbt/geth.ipc
ERROR[06-01|07:04:57.349] Unavailable modules in HTTP API list     unavailable=[personal] available="[admin debug web3 eth txpool miner net dev testing]"
INFO [06-01|07:04:57.349] New local node record                    seq=1,780,292,694,400 id=972c5cc0b2a1895c ip=127.0.0.1 udp=0 tcp=0
INFO [06-01|07:04:57.349] Started P2P networking                   self=enode://16ec6c0bde109d66472afe00ec8fee3d30718d830d1acf0829842abca89b82afff8a454636cde3b26d700f98647938c6f23e7bee3027caca0d7f19e4b3725e13@127.0.0.1:0
INFO [06-01|07:04:57.349] HTTP server started                      endpoint=127.0.0.1:8545 auth=false prefix= cors= vhosts=localhost
INFO [06-01|07:04:57.350] WebSocket enabled                        url=ws://127.0.0.1:8546
INFO [06-01|07:04:57.466] Loaded local transaction journal         transactions=1377 dropped=0
INFO [06-01|07:04:58.303] Started log indexer
INFO [06-01|07:04:58.344] Starting work on payload                 id=0x030132599690097c
INFO [06-01|07:04:58.347] Updated payload                          id=0x030132599690097c number=1533 hash=4bc694..91defa txs=0 withdrawals=0 gas=0 fees=0 root=0f4d33..b5c397 elapsed=3.339ms
INFO [06-01|07:04:58.347] Stopping work on payload                 id=0x030132599690097c reason=delivery
WARN [06-01|07:04:58.351] {"level":"warn","msg":"Slow block","block":{"number":1533,"hash":"0x4bc694d49665aa920575bd9dae5b47805904efe4374d49566c6808a92591defa","gas_used":0,"tx_count":0},"timing":{"execution_ms":0.030388,"state_read_ms":2.659719,"state_hash_ms":0.130575,"commit_ms":0.258233,"total_ms":3.302814},"throughput":{"mgas_per_sec":0},"state_reads":{"accounts":4,"storage_slots":0,"code":0,"code_bytes":0},"state_writes":{"accounts":0,"accounts_deleted":0,"storage_slots":0,"storage_slots_deleted":0,"code":0,"code_bytes":0},"cache":{"account":{"hits":0,"misses":4,"hit_rate":0},"storage":{"hits":0,"misses":0,"hit_rate":0},"code":{"hits":0,"misses":0,"hit_rate":0,"hit_bytes":0,"miss_bytes":0}}}
INFO [06-01|07:04:58.351] Imported new potential chain segment     number=1533 hash=4bc694..91defa blocks=1 txs=0 mgas=0.000 elapsed=3.550ms mgasps=0.000 triediffs=3.46MiB triedirty=0.00B
INFO [06-01|07:04:58.351] Chain head was updated                   number=1533 hash=4bc694..91defa root=0f4d33..b5c397 elapsed="51.867µs"
INFO [06-01|07:04:59.360] Starting work on payload                 id=0x03e6c737340b7768
INFO [06-01|07:04:59.370] Updated payload                          id=0x03e6c737340b7768 number=1534 hash=486989..43df87 txs=0 withdrawals=0 gas=0 fees=0 root=0f4d33..b5c397 elapsed=9.950ms
INFO [06-01|07:04:59.370] Stopping work on payload                 id=0x03e6c737340b7768 reason=delivery
WARN [06-01|07:04:59.374] {"level":"warn","msg":"Slow block","block":{"number":1534,"hash":"0x48698930aa87d1603c053aceb8f0afbe02b1568709c9cb57018276393c43df87","gas_used":0,"tx_count":0},"timing":{"execution_ms":0.024556,"state_read_ms":3.634247,"state_hash_ms":0.122884,"commit_ms":0.23875,"total_ms":4.182145},"throughput":{"mgas_per_sec":0},"state_reads":{"accounts":4,"storage_slots":0,"code":0,"code_bytes":0},"state_writes":{"accounts":0,"accounts_deleted":0,"storage_slots":0,"storage_slots_deleted":0,"code":0,"code_bytes":0},"cache":{"account":{"hits":0,"misses":4,"hit_rate":0},"storage":{"hits":0,"misses":0,"hit_rate":0},"code":{"hits":0,"misses":0,"hit_rate":0,"hit_bytes":0,"miss_bytes":0}}}
INFO [06-01|07:04:59.374] Imported new potential chain segment     number=1534 hash=486989..43df87 blocks=1 txs=0 mgas=0.000 elapsed=4.344ms    mgasps=0.000 triediffs=3.46MiB triedirty=0.00B
INFO [06-01|07:04:59.374] Chain head was updated                   number=1534 hash=486989..43df87 root=0f4d33..b5c397 elapsed="58.495µs"
INFO [06-01|07:05:00.383] Starting work on payload                 id=0x03a847156f5b12d4
INFO [06-01|07:05:00.401] Updated payload                          id=0x03a847156f5b12d4 number=1535 hash=c695b8..2f5e2f txs=0 withdrawals=0 gas=0 fees=0 root=0f4d33..b5c397 elapsed=17.515ms
INFO [06-01|07:05:00.401] Stopping work on payload                 id=0x03a847156f5b12d4 reason=delivery
WARN [06-01|07:05:00.415] {"level":"warn","msg":"Slow block","block":{"number":1535,"hash":"0xc695b8b19b54f072d443d4237d22a81a937b094611c4718a64a9ddecc12f5e2f","gas_used":0,"tx_count":0},"timing":{"execution_ms":0.02368,"state_read_ms":13.806516,"state_hash_ms":0.08774,"commit_ms":0.258669,"total_ms":14.33561},"throughput":{"mgas_per_sec":0},"state_reads":{"accounts":4,"storage_slots":0,"code":0,"code_bytes":0},"state_writes":{"accounts":0,"accounts_deleted":0,"storage_slots":0,"storage_slots_deleted":0,"code":0,"code_bytes":0},"cache":{"account":{"hits":0,"misses":4,"hit_rate":0},"storage":{"hits":0,"misses":0,"hit_rate":0},"code":{"hits":0,"misses":0,"hit_rate":0,"hit_bytes":0,"miss_bytes":0}}}
INFO [06-01|07:05:00.415] Imported new potential chain segment     number=1535 hash=c695b8..2f5e2f blocks=1 txs=0 mgas=0.000 elapsed=14.492ms   mgasps=0.000 triediffs=3.46MiB triedirty=0.00B
INFO [06-01|07:05:00.415] Chain head was updated                   number=1535 hash=c695b8..2f5e2f root=0f4d33..b5c397 elapsed="29.783µs"
INFO [06-01|07:05:00.804] Submitted contract creation              hash=0x041937368c7106a45bc43de8c53ac968bf0f2a9203a68550ce44767c7fb0e5f7 from=0xf39Fd6e51aad88F6F4ce6aB8827279cffFb92266 nonce=433 contract=0xA3f7BF5b0fa93176c260BBa57ceE85525De2BaF4 value=0
INFO [06-01|07:05:00.804] Submitted transaction                    hash=0x632f96268bd871c9225a74c55d8b3925fc33e37019d8fd8eadd16de1906eedc1 from=0xf39Fd6e51aad88F6F4ce6aB8827279cffFb92266 nonce=434 recipient=0x4A5937d1AbeeFD70193D1a89f3C399249EA266Eb value=78,000,000
INFO [06-01|07:05:01.421] Starting work on payload                 id=0x03bb1c42e4f340a5
INFO [06-01|07:05:01.475] Updated payload                          id=0x03bb1c42e4f340a5 number=1536 hash=79c847..960b46 txs=2 withdrawals=0 gas=91710 fees=5.5026e-13 root=96a1f4..f9a967 elapsed=53.317ms
INFO [06-01|07:05:01.475] Stopping work on payload                 id=0x03bb1c42e4f340a5 reason=delivery
INFO [06-01|07:05:01.538] Paused snapshot generation
WARN [06-01|07:05:01.539] {"level":"warn","msg":"Slow block","block":{"number":1536,"hash":"0x79c8470034b74280518d17dd880aaf2137190e395d77db261d3ef292f0960b46","gas_used":91710,"tx_count":2},"timing":{"execution_ms":0.108516,"state_read_ms":15.318521,"state_hash_ms":27.20704,"commit_ms":20.931632,"total_ms":63.784183},"throughput":{"mgas_per_sec":1.4378172720343536},"state_reads":{"accounts":11,"storage_slots":0,"code":0,"code_bytes":0},"state_writes":{"accounts":3,"accounts_deleted":0,"storage_slots":0,"storage_slots_deleted":0,"code":1,"code_bytes":305},"cache":{"account":{"hits":5,"misses":6,"hit_rate":45.45454545454545},"storage":{"hits":0,"misses":0,"hit_rate":0},"code":{"hits":0,"misses":0,"hit_rate":0,"hit_bytes":0,"miss_bytes":0}}}
INFO [06-01|07:05:01.539] Imported new potential chain segment     number=1536 hash=79c847..960b46 blocks=1 txs=2 mgas=0.092 elapsed=63.999ms   mgasps=1.433 triediffs=3.44MiB triedirty=0.00B
INFO [06-01|07:05:01.539] Chain head was updated                   number=1536 hash=79c847..960b46 root=96a1f4..f9a967 elapsed="146.812µs"
WARN [06-01|07:05:01.558] Snapshot generation is not permitted
INFO [06-01|07:05:01.817] Submitted transaction                    hash=0xf0742d0940a79f0bc4a4e2655fd15bcdc24da4fc5d6b4bb2278c02732cd625c7 from=0x4A5937d1AbeeFD70193D1a89f3C399249EA266Eb nonce=0   recipient=0xA3f7BF5b0fa93176c260BBa57ceE85525De2BaF4 value=0
INFO [06-01|07:05:02.545] Starting work on payload                 id=0x034543931b90712d
INFO [06-01|07:05:02.681] Updated payload                          id=0x034543931b90712d number=1537 hash=47c7fb..4e36ad txs=1 withdrawals=0 gas=5,920,742 fees=3.5524452e-11 root=8847c9..301680 elapsed=135.326ms
INFO [06-01|07:05:02.681] Stopping work on payload                 id=0x034543931b90712d reason=delivery
INFO [06-01|07:05:02.763] Paused snapshot generation
WARN [06-01|07:05:02.763] {"level":"warn","msg":"Slow block","block":{"number":1537,"hash":"0x47c7fbc2c36fce7817962547e684b8e32aa61b6f7774b8d67b281f64b64e36ad","gas_used":5920742,"tx_count":1},"timing":{"execution_ms":48.378915,"state_read_ms":9.96753,"state_hash_ms":17.233218,"commit_ms":6.451305,"total_ms":82.243353},"throughput":{"mgas_per_sec":71.9905230517535},"state_reads":{"accounts":107,"storage_slots":785,"code":101,"code_bytes":3105},"state_writes":{"accounts":11,"accounts_deleted":0,"storage_slots":77,"storage_slots_deleted":0,"code":0,"code_bytes":0},"cache":{"account":{"hits":32,"misses":75,"hit_rate":29.906542056074763},"storage":{"hits":236,"misses":549,"hit_rate":30.063694267515924},"code":{"hits":101,"misses":0,"hit_rate":100,"hit_bytes":3105,"miss_bytes":0}}}
INFO [06-01|07:05:02.763] Imported new potential chain segment     number=1537 hash=47c7fb..4e36ad blocks=1 txs=1 mgas=5.921 elapsed=82.420ms    mgasps=71.836 triediffs=3.53MiB triedirty=0.00B
INFO [06-01|07:05:02.764] Chain head was updated                   number=1537 hash=47c7fb..4e36ad root=8847c9..301680 elapsed="96.83µs"
WARN [06-01|07:05:02.791] Snapshot generation is not permitted
INFO [06-01|07:05:02.831] Submitted transaction                    hash=0xa392b7980d00571214acbf66217f2850cd104fb24cd1e86ed76a0882eeef687c from=0x4A5937d1AbeeFD70193D1a89f3C399249EA266Eb nonce=1   recipient=0xf39Fd6e51aad88F6F4ce6aB8827279cffFb92266 value=778,354
INFO [06-01|07:05:03.768] Starting work on payload                 id=0x031c9083fe148617
INFO [06-01|07:05:03.786] Updated payload                          id=0x031c9083fe148617 number=1538 hash=e93258..bd5235 txs=1 withdrawals=0 gas=21000     fees=2.1e-14       root=8c5f3d..c2f276 elapsed=17.893ms
INFO [06-01|07:05:03.786] Stopping work on payload                 id=0x031c9083fe148617 reason=delivery
INFO [06-01|07:05:03.804] Paused snapshot generation
WARN [06-01|07:05:03.804] {"level":"warn","msg":"Slow block","block":{"number":1538,"hash":"0xe93258d655dd5234eeed806bda549864061ee887b3d9f4e4bd4e602b54bd5235","gas_used":21000,"tx_count":1},"timing":{"execution_ms":0.06423,"state_read_ms":3.597775,"state_hash_ms":9.978847,"commit_ms":3.993185,"total_ms":17.833233},"throughput":{"mgas_per_sec":1.1775767187026605},"state_reads":{"accounts":6,"storage_slots":0,"code":0,"code_bytes":0},"state_writes":{"accounts":2,"accounts_deleted":0,"storage_slots":0,"storage_slots_deleted":0,"code":0,"code_bytes":0},"cache":{"account":{"hits":2,"misses":4,"hit_rate":33.33333333333333},"storage":{"hits":0,"misses":0,"hit_rate":0},"code":{"hits":0,"misses":0,"hit_rate":0,"hit_bytes":0,"miss_bytes":0}}}
INFO [06-01|07:05:03.804] Imported new potential chain segment     number=1538 hash=e93258..bd5235 blocks=1 txs=1 mgas=0.021 elapsed=17.947ms    mgasps=1.170  triediffs=3.53MiB triedirty=0.00B
INFO [06-01|07:05:03.804] Chain head was updated                   number=1538 hash=e93258..bd5235 root=8c5f3d..c2f276 elapsed="54.074µs"
WARN [06-01|07:05:03.824] Snapshot generation is not permitted
