WARN [06-02|04:55:40.096] Unknown config environment variable      envvar=GETH_PBT_BIN
WARN [06-02|04:55:40.096] Unknown config environment variable      envvar=GETH_UBT_BIN
INFO [06-02|04:55:40.107] Starting Geth on Ethereum mainnet...
INFO [06-02|04:55:40.109] Maximum peer count                       ETH=0 total=0
INFO [06-02|04:55:40.110] Smartcard socket not found, disabling    err="stat /run/pcscd/pcscd.comm: no such file or directory"
WARN [06-02|04:55:40.118] Option --miner.etherbase is deprecated as the etherbase is set by the consensus client post-merge
INFO [06-02|04:55:40.121] Set global gas cap                       cap=50,000,000
INFO [06-02|04:55:40.954] Using developer account                  address=0xf39Fd6e51aad88F6F4ce6aB8827279cffFb92266
INFO [06-02|04:55:40.990] Using pebble as the backing database
INFO [06-02|04:55:40.990] Allocated cache and file handles         database=/mnt/state_expiry_vol_data/ubt-vs-pbt-dbs/pbt/geth/chaindata cache=2.00GiB handles=262,144
INFO [06-02|04:55:41.212] Opened ancient database                  database=/mnt/state_expiry_vol_data/ubt-vs-pbt-dbs/pbt/geth/chaindata/ancient/chain readonly=true
INFO [06-02|04:55:41.212] Opened Era store                         datadir=/mnt/state_expiry_vol_data/ubt-vs-pbt-dbs/pbt/geth/chaindata/ancient/chain/era
INFO [06-02|04:55:41.220] Initializing the KZG library             backend=gokzg
INFO [06-02|04:55:41.222] Allocated trie memory caches             clean=614.00MiB dirty=1.00GiB
INFO [06-02|04:55:41.230] Using pebble as the backing database
INFO [06-02|04:55:41.230] Allocated cache and file handles         database=/mnt/state_expiry_vol_data/ubt-vs-pbt-dbs/pbt/geth/chaindata cache=2.00GiB handles=262,144
INFO [06-02|04:55:41.476] Opened ancient database                  database=/mnt/state_expiry_vol_data/ubt-vs-pbt-dbs/pbt/geth/chaindata/ancient/chain readonly=false
INFO [06-02|04:55:41.476] Opened Era store                         datadir=/mnt/state_expiry_vol_data/ubt-vs-pbt-dbs/pbt/geth/chaindata/ancient/chain/era
INFO [06-02|04:55:41.483] State scheme set to already existing     scheme=path
INFO [06-02|04:55:41.483] Initialising Ethereum protocol           network=1337 dbversion=9
WARN [06-02|04:55:41.483] Sanitizing invalid node buffer size      provided=1.00GiB updated=256.00MiB
INFO [06-02|04:55:41.485] Load database journal from file          path=/mnt/state_expiry_vol_data/ubt-vs-pbt-dbs/pbt/geth/triedb/verkle.journal
INFO [06-02|04:55:43.425] Opened ancient database                  database=/mnt/state_expiry_vol_data/ubt-vs-pbt-dbs/pbt/geth/chaindata/ancient/state_verkle readonly=false
INFO [06-02|04:55:43.427] State snapshot generator is not compatible
INFO [06-02|04:55:43.427] Initialized path database                triecache=614.00MiB statecache=409.00MiB buffer=256.00MiB state-history="last 90000 blocks" journal-dir=/mnt/state_expiry_vol_data/ubt-vs-pbt-dbs/pbt/geth/triedb verkle=true
INFO [06-02|04:55:43.427] 
INFO [06-02|04:55:43.427] ---------------------------------------------------------------------------------------------------------------------------------------------------------
INFO [06-02|04:55:43.427] Chain ID:  1337 (unknown)
INFO [06-02|04:55:43.427] Consensus: unknown
INFO [06-02|04:55:43.427] 
INFO [06-02|04:55:43.427] Pre-Merge hard forks (block based):
INFO [06-02|04:55:43.427]  - Homestead:                   #0       
INFO [06-02|04:55:43.427]  - Tangerine Whistle (EIP 150): #0       
INFO [06-02|04:55:43.427]  - Spurious Dragon/1 (EIP 155): #0       
INFO [06-02|04:55:43.427]  - Spurious Dragon/2 (EIP 158): #0       
INFO [06-02|04:55:43.427]  - Byzantium:                   #0       
INFO [06-02|04:55:43.427]  - Constantinople:              #0       
INFO [06-02|04:55:43.427]  - Petersburg:                  #0       
INFO [06-02|04:55:43.427]  - Istanbul:                    #0       
INFO [06-02|04:55:43.427]  - Berlin:                      #0       
INFO [06-02|04:55:43.427]  - London:                      #0       
INFO [06-02|04:55:43.427]  - Arrow Glacier:               #0       
INFO [06-02|04:55:43.427]  - Gray Glacier:                #0       
INFO [06-02|04:55:43.427] 
INFO [06-02|04:55:43.427] Merge configured:
INFO [06-02|04:55:43.427]  - Total terminal difficulty:  0
INFO [06-02|04:55:43.427]  - Merge netsplit block:       #0       
INFO [06-02|04:55:43.427] 
INFO [06-02|04:55:43.427] Post-Merge hard forks (timestamp based):
INFO [06-02|04:55:43.427]  - Shanghai:                    @0         
INFO [06-02|04:55:43.427]  - Cancun:                      @0          blob: (target: 3, max: 6, fraction: 3338477)
INFO [06-02|04:55:43.427]  - Prague:                      @0          blob: (target: 6, max: 9, fraction: 5007716)
INFO [06-02|04:55:43.427]  - Osaka:                       @0          blob: (target: 6, max: 9, fraction: 5007716)
INFO [06-02|04:55:43.427]  - UBT:                         @0          blob: (nil)
INFO [06-02|04:55:43.427] 
INFO [06-02|04:55:43.427] All fork specifications can be found at https://ethereum.github.io/execution-specs/src/ethereum/forks/
INFO [06-02|04:55:43.427] 
INFO [06-02|04:55:43.427] ---------------------------------------------------------------------------------------------------------------------------------------------------------
INFO [06-02|04:55:43.427] 
INFO [06-02|04:55:43.429] Loaded most recent local block           number=9301 hash=2b98db..34f55b age=7s
INFO [06-02|04:55:43.429] Loaded most recent local finalized block number=9280 hash=7b4ef0..7126ac age=46s
INFO [06-02|04:55:43.430] Initialized transaction indexer          range="last 2350000 blocks"
INFO [06-02|04:55:43.430] Initialized log indexer                  firstblock=0 lastblock=9301 firstmap=0 lastmap=0 headindexed=true
INFO [06-02|04:55:43.447] Enabled full-sync                        head=9301 hash=2b98db..34f55b
INFO [06-02|04:55:43.448] Unprotected transactions allowed
INFO [06-02|04:55:43.448] Gasprice oracle is ignoring threshold set threshold=2
WARN [06-02|04:55:43.448] Unclean shutdown detected                booted=2026-06-02T02:34:44+0000 age=2h20m59s
INFO [06-02|04:55:43.448] Registered sync override service
WARN [06-02|04:55:43.448] You are running Geth in --dev mode. Please note the following:
WARN [06-02|04:55:43.448] 
WARN [06-02|04:55:43.448]   1. This mode is only intended for fast, iterative development without assumptions on
WARN [06-02|04:55:43.448]      security or persistence.
WARN [06-02|04:55:43.448]   2. The database is created in memory unless specified otherwise. Therefore, shutting down
WARN [06-02|04:55:43.448]      your computer or losing power will wipe your entire block data and chain state for
WARN [06-02|04:55:43.448]      your dev environment.
WARN [06-02|04:55:43.448]   3. A random, pre-allocated developer account will be available and unlocked as
WARN [06-02|04:55:43.448]      eth.coinbase, which can be used for testing. The random dev account is temporary,
WARN [06-02|04:55:43.448]      stored on a ramdisk, and will be lost if your machine is restarted.
WARN [06-02|04:55:43.448]   4. Mining is enabled by default. However, the client will only seal blocks if transactions
WARN [06-02|04:55:43.448]      are pending in the mempool. The miner's minimum accepted gas price is 1.
WARN [06-02|04:55:43.448]   5. Networking is disabled; there is no listen-address, the maximum number of peers is set
WARN [06-02|04:55:43.448]      to 0, and discovery is disabled.
WARN [06-02|04:55:43.448] 
INFO [06-02|04:55:43.448] Starting peer-to-peer node               instance=Geth/v1.17.3-unstable/linux-amd64/go1.24.9
WARN [06-02|04:55:43.448] P2P server will be useless, neither dialing nor listening
INFO [06-02|04:55:43.470] IPC endpoint opened                      url=/mnt/state_expiry_vol_data/ubt-vs-pbt-dbs/pbt/geth.ipc
ERROR[06-02|04:55:43.470] Unavailable modules in HTTP API list     unavailable=[personal] available="[admin debug web3 eth txpool miner net dev testing]"
INFO [06-02|04:55:43.470] New local node record                    seq=1,780,292,695,453 id=972c5cc0b2a1895c ip=127.0.0.1 udp=0 tcp=0
INFO [06-02|04:55:43.471] Started P2P networking                   self=enode://16ec6c0bde109d66472afe00ec8fee3d30718d830d1acf0829842abca89b82afff8a454636cde3b26d700f98647938c6f23e7bee3027caca0d7f19e4b3725e13@127.0.0.1:0
INFO [06-02|04:55:43.471] HTTP server started                      endpoint=127.0.0.1:8545 auth=false prefix= cors= vhosts=localhost
INFO [06-02|04:55:43.471] WebSocket enabled                        url=ws://127.0.0.1:8546
INFO [06-02|04:55:44.306] Loaded local transaction journal         transactions=7412 dropped=0
INFO [06-02|04:55:44.567] Started log indexer
INFO [06-02|04:55:44.592] Starting work on payload                 id=0x03f03ac5e348587f
INFO [06-02|04:55:44.597] Updated payload                          id=0x03f03ac5e348587f number=9302 hash=3be3c1..89863a txs=0 withdrawals=0 gas=0 fees=0 root=8ec9da..0f90f1 elapsed=5.208ms
INFO [06-02|04:55:44.606] Stopping work on payload                 id=0x03f03ac5e348587f reason=delivery
WARN [06-02|04:55:44.630] {"level":"warn","msg":"Slow block","block":{"number":9302,"hash":"0x3be3c18837956d4c38f7fb73e4689809e3986debaa5338d12915e0a62b89863a","gas_used":0,"tx_count":0},"timing":{"execution_ms":0.054906,"state_read_ms":31.763761,"state_hash_ms":0.011186,"commit_ms":0.338606,"total_ms":32.424544},"throughput":{"mgas_per_sec":0},"state_reads":{"accounts":4,"storage_slots":0,"code":0,"code_bytes":0},"state_writes":{"accounts":0,"accounts_deleted":0,"storage_slots":0,"storage_slots_deleted":0,"code":0,"code_bytes":0},"cache":{"account":{"hits":0,"misses":4,"hit_rate":0},"storage":{"hits":0,"misses":0,"hit_rate":0},"code":{"hits":0,"misses":0,"hit_rate":0,"hit_bytes":0,"miss_bytes":0}}}
INFO [06-02|04:55:44.630] Imported new potential chain segment     number=9302 hash=3be3c1..89863a blocks=1 txs=0 mgas=0.000 elapsed=32.935ms mgasps=0.000 triediffs=3.07MiB triedirty=120.32MiB
INFO [06-02|04:55:44.631] Chain head was updated                   number=9302 hash=3be3c1..89863a root=8ec9da..0f90f1 elapsed="91.383µs"
INFO [06-02|04:55:45.647] Starting work on payload                 id=0x038f953a22c898ed
INFO [06-02|04:55:45.653] Updated payload                          id=0x038f953a22c898ed number=9303 hash=2c9ef5..185a48 txs=0 withdrawals=0 gas=0 fees=0 root=8ec9da..0f90f1 elapsed=6.260ms
INFO [06-02|04:55:45.657] Stopping work on payload                 id=0x038f953a22c898ed reason=delivery
WARN [06-02|04:55:45.682] {"level":"warn","msg":"Slow block","block":{"number":9303,"hash":"0x2c9ef514ef86cbc93bf271cb25748bcdd4b171b11643bfb1e5eee9bdf6185a48","gas_used":0,"tx_count":0},"timing":{"execution_ms":0.063574,"state_read_ms":28.033679,"state_hash_ms":0.003241,"commit_ms":0.190444,"total_ms":28.55076},"throughput":{"mgas_per_sec":0},"state_reads":{"accounts":4,"storage_slots":0,"code":0,"code_bytes":0},"state_writes":{"accounts":0,"accounts_deleted":0,"storage_slots":0,"storage_slots_deleted":0,"code":0,"code_bytes":0},"cache":{"account":{"hits":0,"misses":4,"hit_rate":0},"storage":{"hits":0,"misses":0,"hit_rate":0},"code":{"hits":0,"misses":0,"hit_rate":0,"hit_bytes":0,"miss_bytes":0}}}
INFO [06-02|04:55:45.682] Imported new potential chain segment     number=9303 hash=2c9ef5..185a48 blocks=1 txs=0 mgas=0.000 elapsed=28.830ms   mgasps=0.000 triediffs=3.07MiB triedirty=120.32MiB
INFO [06-02|04:55:45.683] Chain head was updated                   number=9303 hash=2c9ef5..185a48 root=8ec9da..0f90f1 elapsed="78.236µs"
INFO [06-02|04:55:46.739] Starting work on payload                 id=0x032d8eda02dca062
INFO [06-02|04:55:46.769] Updated payload                          id=0x032d8eda02dca062 number=9304 hash=1c1ae0..7dfa8e txs=0 withdrawals=0 gas=0 fees=0 root=8ec9da..0f90f1 elapsed=29.883ms
INFO [06-02|04:55:46.769] Stopping work on payload                 id=0x032d8eda02dca062 reason=delivery
WARN [06-02|04:55:46.788] {"level":"warn","msg":"Slow block","block":{"number":9304,"hash":"0x1c1ae02fcdba7b36dc409a0e38e2b041fbe3bc92c4887aa2e8291bca747dfa8e","gas_used":0,"tx_count":0},"timing":{"execution_ms":0.046259,"state_read_ms":18.450061,"state_hash_ms":0.005741,"commit_ms":0.147818,"total_ms":18.859012},"throughput":{"mgas_per_sec":0},"state_reads":{"accounts":4,"storage_slots":0,"code":0,"code_bytes":0},"state_writes":{"accounts":0,"accounts_deleted":0,"storage_slots":0,"storage_slots_deleted":0,"code":0,"code_bytes":0},"cache":{"account":{"hits":0,"misses":4,"hit_rate":0},"storage":{"hits":0,"misses":0,"hit_rate":0},"code":{"hits":0,"misses":0,"hit_rate":0,"hit_bytes":0,"miss_bytes":0}}}
INFO [06-02|04:55:46.788] Imported new potential chain segment     number=9304 hash=1c1ae0..7dfa8e blocks=1 txs=0 mgas=0.000 elapsed=19.082ms   mgasps=0.000 triediffs=3.07MiB triedirty=120.32MiB
INFO [06-02|04:55:46.789] Chain head was updated                   number=9304 hash=1c1ae0..7dfa8e root=8ec9da..0f90f1 elapsed="62.853µs"
INFO [06-02|04:55:47.798] Starting work on payload                 id=0x03a31a9b1fabc7dc
INFO [06-02|04:55:47.861] Updated payload                          id=0x03a31a9b1fabc7dc number=9305 hash=8295aa..4aa0e1 txs=0 withdrawals=0 gas=0 fees=0 root=8ec9da..0f90f1 elapsed=63.048ms
INFO [06-02|04:55:47.861] Stopping work on payload                 id=0x03a31a9b1fabc7dc reason=delivery
WARN [06-02|04:55:47.865] {"level":"warn","msg":"Slow block","block":{"number":9305,"hash":"0x8295aa3e75e2056bec534afe7940d8196a7dd134de1ad0b9f7c76bb9204aa0e1","gas_used":0,"tx_count":0},"timing":{"execution_ms":0.031428,"state_read_ms":2.572307,"state_hash_ms":0.00179,"commit_ms":0.136987,"total_ms":2.937906},"throughput":{"mgas_per_sec":0},"state_reads":{"accounts":4,"storage_slots":0,"code":0,"code_bytes":0},"state_writes":{"accounts":0,"accounts_deleted":0,"storage_slots":0,"storage_slots_deleted":0,"code":0,"code_bytes":0},"cache":{"account":{"hits":0,"misses":4,"hit_rate":0},"storage":{"hits":0,"misses":0,"hit_rate":0},"code":{"hits":0,"misses":0,"hit_rate":0,"hit_bytes":0,"miss_bytes":0}}}
INFO [06-02|04:55:47.865] Imported new potential chain segment     number=9305 hash=8295aa..4aa0e1 blocks=1 txs=0 mgas=0.000 elapsed=3.154ms    mgasps=0.000 triediffs=3.07MiB triedirty=120.32MiB
INFO [06-02|04:55:47.865] Chain head was updated                   number=9305 hash=8295aa..4aa0e1 root=8ec9da..0f90f1 elapsed="45.576µs"
INFO [06-02|04:55:48.693] Submitted contract creation              hash=0x71b289518003749a5a2172522e322b6a8b9944beb895b7bef705c1653ae4b443 from=0xf39Fd6e51aad88F6F4ce6aB8827279cffFb92266 nonce=2535 contract=0x032B5F56CDa48Ee1c3C6B8DDbd4a9794E01DBfb8 value=0
INFO [06-02|04:55:48.693] Submitted transaction                    hash=0xa04214b5b2bd8e76e8ca37e24965984b01b460a62780408392c7f3fd4321c7ca from=0xf39Fd6e51aad88F6F4ce6aB8827279cffFb92266 nonce=2536 recipient=0xfbeb49685D242f45eF2aae188CA6fff24B1e347e value=208,000,000
INFO [06-02|04:55:48.869] Starting work on payload                 id=0x034e8087e3364847
INFO [06-02|04:55:48.940] Updated payload                          id=0x034e8087e3364847 number=9306 hash=7bd5bb..ccf242 txs=2 withdrawals=0 gas=86864 fees=5.21184e-13 root=732d09..96db09 elapsed=70.843ms
INFO [06-02|04:55:48.940] Stopping work on payload                 id=0x034e8087e3364847 reason=delivery
WARN [06-02|04:55:48.978] {"level":"warn","msg":"Slow block","block":{"number":9306,"hash":"0x7bd5bb21cb7e6fc9e6c7407323ef6ff1441b955b6ce5f9ae77fb203694ccf242","gas_used":86864,"tx_count":2},"timing":{"execution_ms":0.106256,"state_read_ms":21.834843,"state_hash_ms":10.625858,"commit_ms":4.854566,"total_ms":37.632468},"throughput":{"mgas_per_sec":2.3082195937826877},"state_reads":{"accounts":11,"storage_slots":0,"code":0,"code_bytes":0},"state_writes":{"accounts":3,"accounts_deleted":0,"storage_slots":0,"storage_slots_deleted":0,"code":1,"code_bytes":157},"cache":{"account":{"hits":6,"misses":5,"hit_rate":54.54545454545454},"storage":{"hits":0,"misses":0,"hit_rate":0},"code":{"hits":0,"misses":0,"hit_rate":0,"hit_bytes":0,"miss_bytes":0}}}
INFO [06-02|04:55:48.978] Imported new potential chain segment     number=9306 hash=7bd5bb..ccf242 blocks=1 txs=2 mgas=0.087 elapsed=37.855ms   mgasps=2.295 triediffs=3.04MiB triedirty=120.33MiB
INFO [06-02|04:55:48.979] Chain head was updated                   number=9306 hash=7bd5bb..ccf242 root=732d09..96db09 elapsed="229.295µs"
INFO [06-02|04:55:49.706] Submitted transaction                    hash=0xd250308ec2057abefa3232c5eedbf19c53d2faa4e7e2e2a827e07798f5892ca6 from=0xfbeb49685D242f45eF2aae188CA6fff24B1e347e nonce=0    recipient=0x032B5F56CDa48Ee1c3C6B8DDbd4a9794E01DBfb8 value=0
INFO [06-02|04:55:49.982] Starting work on payload                 id=0x03455e601a69bcd2
INFO [06-02|04:55:50.275] Updated payload                          id=0x03455e601a69bcd2 number=9307 hash=a2f546..5c624a txs=1 withdrawals=0 gas=15,900,152 fees=9.5400912e-11 root=2dc4a0..3e4f5b elapsed=293.238ms
INFO [06-02|04:55:50.276] Stopping work on payload                 id=0x03455e601a69bcd2 reason=delivery
WARN [06-02|04:55:50.590] {"level":"warn","msg":"Slow block","block":{"number":9307,"hash":"0xa2f54633974a3e252f3e88718b0571b4f741ccb24121a404c35db9d9cd5c624a","gas_used":15900152,"tx_count":1},"timing":{"execution_ms":278.614987,"state_read_ms":26.829156,"state_hash_ms":6.666658,"commit_ms":1.140641,"total_ms":313.579795},"throughput":{"mgas_per_sec":50.705282207356504},"state_reads":{"accounts":17,"storage_slots":702,"code":11,"code_bytes":437},"state_writes":{"accounts":2,"accounts_deleted":0,"storage_slots":0,"storage_slots_deleted":0,"code":0,"code_bytes":0},"cache":{"account":{"hits":4,"misses":13,"hit_rate":23.52941176470588},"storage":{"hits":73,"misses":629,"hit_rate":10.3988603988604},"code":{"hits":11,"misses":0,"hit_rate":100,"hit_bytes":437,"miss_bytes":0}}}
INFO [06-02|04:55:50.590] Imported new potential chain segment     number=9307 hash=a2f546..5c624a blocks=1 txs=1 mgas=15.900 elapsed=313.828ms   mgasps=50.665 triediffs=3.01MiB triedirty=120.34MiB
INFO [06-02|04:55:50.590] Chain head was updated                   number=9307 hash=a2f546..5c624a root=2dc4a0..3e4f5b elapsed="180.276µs"
INFO [06-02|04:55:50.721] Submitted transaction                    hash=0x38ae181b51108f66408676ae7e63e787cc1a89ed86aadea2018f729781d402fd from=0xfbeb49685D242f45eF2aae188CA6fff24B1e347e nonce=1    recipient=0xf39Fd6e51aad88F6F4ce6aB8827279cffFb92266 value=1,046,024
INFO [06-02|04:55:51.594] Starting work on payload                 id=0x03eff474cabed38f
INFO [06-02|04:55:51.655] Updated payload                          id=0x03eff474cabed38f number=9308 hash=b2d80c..3eb304 txs=1 withdrawals=0 gas=21000      fees=2.1e-14       root=bc72b8..1955cf elapsed=61.110ms
INFO [06-02|04:55:51.656] Stopping work on payload                 id=0x03eff474cabed38f reason=delivery
WARN [06-02|04:55:51.710] {"level":"warn","msg":"Slow block","block":{"number":9308,"hash":"0xb2d80c8c55e47a346e11db1950d5b629717f7b73ddca8d991ff7afcfa13eb304","gas_used":21000,"tx_count":1},"timing":{"execution_ms":0.090152,"state_read_ms":5.802084,"state_hash_ms":47.31056,"commit_ms":0.644764,"total_ms":54.052246},"throughput":{"mgas_per_sec":0.38851299537118217},"state_reads":{"accounts":6,"storage_slots":0,"code":0,"code_bytes":0},"state_writes":{"accounts":2,"accounts_deleted":0,"storage_slots":0,"storage_slots_deleted":0,"code":0,"code_bytes":0},"cache":{"account":{"hits":2,"misses":4,"hit_rate":33.33333333333333},"storage":{"hits":0,"misses":0,"hit_rate":0},"code":{"hits":0,"misses":0,"hit_rate":0,"hit_bytes":0,"miss_bytes":0}}}
INFO [06-02|04:55:51.710] Imported new potential chain segment     number=9308 hash=b2d80c..3eb304 blocks=1 txs=1 mgas=0.021  elapsed=54.199ms    mgasps=0.387  triediffs=2.98MiB triedirty=120.35MiB
INFO [06-02|04:55:51.710] Chain head was updated                   number=9308 hash=b2d80c..3eb304 root=bc72b8..1955cf elapsed="48.813µs"
