WARN [06-02|05:46:32.984] Unknown config environment variable      envvar=GETH_PBT_BIN
WARN [06-02|05:46:32.985] Unknown config environment variable      envvar=GETH_UBT_BIN
INFO [06-02|05:46:32.995] Starting Geth on Ethereum mainnet...
INFO [06-02|05:46:32.997] Maximum peer count                       ETH=0 total=0
INFO [06-02|05:46:32.998] Smartcard socket not found, disabling    err="stat /run/pcscd/pcscd.comm: no such file or directory"
WARN [06-02|05:46:33.003] Option --miner.etherbase is deprecated as the etherbase is set by the consensus client post-merge
INFO [06-02|05:46:33.006] Set global gas cap                       cap=50,000,000
INFO [06-02|05:46:33.808] Using developer account                  address=0xf39Fd6e51aad88F6F4ce6aB8827279cffFb92266
INFO [06-02|05:46:33.843] Using pebble as the backing database
INFO [06-02|05:46:33.843] Allocated cache and file handles         database=/mnt/state_expiry_vol_data/ubt-vs-pbt-dbs/pbt/geth/chaindata cache=2.00GiB handles=262,144
INFO [06-02|05:46:34.064] Opened ancient database                  database=/mnt/state_expiry_vol_data/ubt-vs-pbt-dbs/pbt/geth/chaindata/ancient/chain readonly=true
INFO [06-02|05:46:34.064] Opened Era store                         datadir=/mnt/state_expiry_vol_data/ubt-vs-pbt-dbs/pbt/geth/chaindata/ancient/chain/era
INFO [06-02|05:46:34.072] Initializing the KZG library             backend=gokzg
INFO [06-02|05:46:34.073] Allocated trie memory caches             clean=614.00MiB dirty=1.00GiB
INFO [06-02|05:46:34.082] Using pebble as the backing database
INFO [06-02|05:46:34.082] Allocated cache and file handles         database=/mnt/state_expiry_vol_data/ubt-vs-pbt-dbs/pbt/geth/chaindata cache=2.00GiB handles=262,144
INFO [06-02|05:46:34.302] Opened ancient database                  database=/mnt/state_expiry_vol_data/ubt-vs-pbt-dbs/pbt/geth/chaindata/ancient/chain readonly=false
INFO [06-02|05:46:34.302] Opened Era store                         datadir=/mnt/state_expiry_vol_data/ubt-vs-pbt-dbs/pbt/geth/chaindata/ancient/chain/era
INFO [06-02|05:46:34.310] State scheme set to already existing     scheme=path
INFO [06-02|05:46:34.310] Initialising Ethereum protocol           network=1337 dbversion=9
WARN [06-02|05:46:34.310] Sanitizing invalid node buffer size      provided=1.00GiB updated=256.00MiB
INFO [06-02|05:46:34.312] Load database journal from file          path=/mnt/state_expiry_vol_data/ubt-vs-pbt-dbs/pbt/geth/triedb/verkle.journal
INFO [06-02|05:46:37.384] Opened ancient database                  database=/mnt/state_expiry_vol_data/ubt-vs-pbt-dbs/pbt/geth/chaindata/ancient/state_verkle readonly=false
INFO [06-02|05:46:37.386] State snapshot generator is not compatible
INFO [06-02|05:46:37.386] Initialized path database                triecache=614.00MiB statecache=409.00MiB buffer=256.00MiB state-history="last 90000 blocks" journal-dir=/mnt/state_expiry_vol_data/ubt-vs-pbt-dbs/pbt/geth/triedb verkle=true
INFO [06-02|05:46:37.386] 
INFO [06-02|05:46:37.386] ---------------------------------------------------------------------------------------------------------------------------------------------------------
INFO [06-02|05:46:37.386] Chain ID:  1337 (unknown)
INFO [06-02|05:46:37.386] Consensus: unknown
INFO [06-02|05:46:37.386] 
INFO [06-02|05:46:37.386] Pre-Merge hard forks (block based):
INFO [06-02|05:46:37.386]  - Homestead:                   #0       
INFO [06-02|05:46:37.386]  - Tangerine Whistle (EIP 150): #0       
INFO [06-02|05:46:37.386]  - Spurious Dragon/1 (EIP 155): #0       
INFO [06-02|05:46:37.386]  - Spurious Dragon/2 (EIP 158): #0       
INFO [06-02|05:46:37.386]  - Byzantium:                   #0       
INFO [06-02|05:46:37.386]  - Constantinople:              #0       
INFO [06-02|05:46:37.386]  - Petersburg:                  #0       
INFO [06-02|05:46:37.386]  - Istanbul:                    #0       
INFO [06-02|05:46:37.386]  - Berlin:                      #0       
INFO [06-02|05:46:37.386]  - London:                      #0       
INFO [06-02|05:46:37.386]  - Arrow Glacier:               #0       
INFO [06-02|05:46:37.386]  - Gray Glacier:                #0       
INFO [06-02|05:46:37.386] 
INFO [06-02|05:46:37.386] Merge configured:
INFO [06-02|05:46:37.386]  - Total terminal difficulty:  0
INFO [06-02|05:46:37.386]  - Merge netsplit block:       #0       
INFO [06-02|05:46:37.386] 
INFO [06-02|05:46:37.386] Post-Merge hard forks (timestamp based):
INFO [06-02|05:46:37.386]  - Shanghai:                    @0         
INFO [06-02|05:46:37.386]  - Cancun:                      @0          blob: (target: 3, max: 6, fraction: 3338477)
INFO [06-02|05:46:37.386]  - Prague:                      @0          blob: (target: 6, max: 9, fraction: 5007716)
INFO [06-02|05:46:37.386]  - Osaka:                       @0          blob: (target: 6, max: 9, fraction: 5007716)
INFO [06-02|05:46:37.386]  - UBT:                         @0          blob: (nil)
INFO [06-02|05:46:37.386] 
INFO [06-02|05:46:37.386] All fork specifications can be found at https://ethereum.github.io/execution-specs/src/ethereum/forks/
INFO [06-02|05:46:37.386] 
INFO [06-02|05:46:37.386] ---------------------------------------------------------------------------------------------------------------------------------------------------------
INFO [06-02|05:46:37.386] 
INFO [06-02|05:46:37.388] Loaded most recent local block           number=10687 hash=d79ccd..69f433 age=9s
INFO [06-02|05:46:37.388] Loaded most recent local finalized block number=10656 hash=d5d31f..545c5b age=1m22s
INFO [06-02|05:46:37.388] Initialized transaction indexer          range="last 2350000 blocks"
INFO [06-02|05:46:37.389] Initialized log indexer                  firstblock=0 lastblock=10687 firstmap=0 lastmap=0 headindexed=true
INFO [06-02|05:46:37.405] Enabled full-sync                        head=10687 hash=d79ccd..69f433
INFO [06-02|05:46:37.405] Unprotected transactions allowed
INFO [06-02|05:46:37.405] Gasprice oracle is ignoring threshold set threshold=2
WARN [06-02|05:46:37.405] Unclean shutdown detected                booted=2026-06-02T02:34:44+0000 age=3h11m53s
INFO [06-02|05:46:37.406] Registered sync override service
WARN [06-02|05:46:37.406] You are running Geth in --dev mode. Please note the following:
WARN [06-02|05:46:37.406] 
WARN [06-02|05:46:37.406]   1. This mode is only intended for fast, iterative development without assumptions on
WARN [06-02|05:46:37.406]      security or persistence.
WARN [06-02|05:46:37.406]   2. The database is created in memory unless specified otherwise. Therefore, shutting down
WARN [06-02|05:46:37.406]      your computer or losing power will wipe your entire block data and chain state for
WARN [06-02|05:46:37.406]      your dev environment.
WARN [06-02|05:46:37.406]   3. A random, pre-allocated developer account will be available and unlocked as
WARN [06-02|05:46:37.406]      eth.coinbase, which can be used for testing. The random dev account is temporary,
WARN [06-02|05:46:37.406]      stored on a ramdisk, and will be lost if your machine is restarted.
WARN [06-02|05:46:37.406]   4. Mining is enabled by default. However, the client will only seal blocks if transactions
WARN [06-02|05:46:37.406]      are pending in the mempool. The miner's minimum accepted gas price is 1.
WARN [06-02|05:46:37.406]   5. Networking is disabled; there is no listen-address, the maximum number of peers is set
WARN [06-02|05:46:37.406]      to 0, and discovery is disabled.
WARN [06-02|05:46:37.406] 
INFO [06-02|05:46:37.406] Starting peer-to-peer node               instance=Geth/v1.17.3-unstable/linux-amd64/go1.24.9
WARN [06-02|05:46:37.406] P2P server will be useless, neither dialing nor listening
INFO [06-02|05:46:37.424] IPC endpoint opened                      url=/mnt/state_expiry_vol_data/ubt-vs-pbt-dbs/pbt/geth.ipc
ERROR[06-02|05:46:37.424] Unavailable modules in HTTP API list     unavailable=[personal] available="[admin debug web3 eth txpool miner net dev testing]"
INFO [06-02|05:46:37.424] New local node record                    seq=1,780,292,695,644 id=972c5cc0b2a1895c ip=127.0.0.1 udp=0 tcp=0
INFO [06-02|05:46:37.424] Started P2P networking                   self=enode://16ec6c0bde109d66472afe00ec8fee3d30718d830d1acf0829842abca89b82afff8a454636cde3b26d700f98647938c6f23e7bee3027caca0d7f19e4b3725e13@127.0.0.1:0
INFO [06-02|05:46:37.424] HTTP server started                      endpoint=127.0.0.1:8545 auth=false prefix= cors= vhosts=localhost
INFO [06-02|05:46:37.424] WebSocket enabled                        url=ws://127.0.0.1:8546
INFO [06-02|05:46:38.389] Loaded local transaction journal         transactions=8176 dropped=0
INFO [06-02|05:46:38.452] Started log indexer
INFO [06-02|05:46:38.475] Starting work on payload                 id=0x0362b795620fbd42
INFO [06-02|05:46:38.476] Updated payload                          id=0x0362b795620fbd42 number=10688 hash=7f8fde..e99a9f txs=0 withdrawals=0 gas=0 fees=0 root=c45f96..2a2acd elapsed=1.395ms
INFO [06-02|05:46:38.477] Stopping work on payload                 id=0x0362b795620fbd42 reason=delivery
WARN [06-02|05:46:38.500] {"level":"warn","msg":"Slow block","block":{"number":10688,"hash":"0x7f8fdeb4189fa423e26574b071012e778759a818908de1e19f6a00e14ce99a9f","gas_used":0,"tx_count":0},"timing":{"execution_ms":0.072078,"state_read_ms":20.835988,"state_hash_ms":0.003579,"commit_ms":0.253232,"total_ms":22.823769},"throughput":{"mgas_per_sec":0},"state_reads":{"accounts":4,"storage_slots":0,"code":0,"code_bytes":0},"state_writes":{"accounts":0,"accounts_deleted":0,"storage_slots":0,"storage_slots_deleted":0,"code":0,"code_bytes":0},"cache":{"account":{"hits":0,"misses":4,"hit_rate":0},"storage":{"hits":0,"misses":0,"hit_rate":0},"code":{"hits":0,"misses":0,"hit_rate":0,"hit_bytes":0,"miss_bytes":0}}}
INFO [06-02|05:46:38.500] Imported new potential chain segment     number=10688 hash=7f8fde..e99a9f blocks=1 txs=0 mgas=0.000 elapsed=23.372ms mgasps=0.000 triediffs=94.40MiB triedirty=127.17MiB
INFO [06-02|05:46:38.500] Chain head was updated                   number=10688 hash=7f8fde..e99a9f root=c45f96..2a2acd elapsed="106.336µs"
INFO [06-02|05:46:39.516] Starting work on payload                 id=0x031625b2dd539dd6
INFO [06-02|05:46:39.517] Updated payload                          id=0x031625b2dd539dd6 number=10689 hash=325cee..90519b txs=0 withdrawals=0 gas=0 fees=0 root=c45f96..2a2acd elapsed="797.702µs"
INFO [06-02|05:46:39.517] Stopping work on payload                 id=0x031625b2dd539dd6 reason=delivery
WARN [06-02|05:46:39.518] {"level":"warn","msg":"Slow block","block":{"number":10689,"hash":"0x325cee0fda4a0983b92309af1b65541270b6e5456fbb4ae9bc5c3b50ff90519b","gas_used":0,"tx_count":0},"timing":{"execution_ms":0.017739,"state_read_ms":0.37845,"state_hash_ms":0.001143,"commit_ms":0.088781,"total_ms":0.640262},"throughput":{"mgas_per_sec":0},"state_reads":{"accounts":4,"storage_slots":0,"code":0,"code_bytes":0},"state_writes":{"accounts":0,"accounts_deleted":0,"storage_slots":0,"storage_slots_deleted":0,"code":0,"code_bytes":0},"cache":{"account":{"hits":0,"misses":4,"hit_rate":0},"storage":{"hits":0,"misses":0,"hit_rate":0},"code":{"hits":0,"misses":0,"hit_rate":0,"hit_bytes":0,"miss_bytes":0}}}
INFO [06-02|05:46:39.518] Imported new potential chain segment     number=10689 hash=325cee..90519b blocks=1 txs=0 mgas=0.000 elapsed="779.644µs" mgasps=0.000 triediffs=94.40MiB triedirty=127.17MiB
INFO [06-02|05:46:39.518] Chain head was updated                   number=10689 hash=325cee..90519b root=c45f96..2a2acd elapsed="43.819µs"
INFO [06-02|05:46:40.555] Starting work on payload                 id=0x033f4139b4769120
INFO [06-02|05:46:40.565] Updated payload                          id=0x033f4139b4769120 number=10690 hash=9adcbf..9d7a1e txs=0 withdrawals=0 gas=0 fees=0 root=c45f96..2a2acd elapsed=9.760ms
INFO [06-02|05:46:40.565] Stopping work on payload                 id=0x033f4139b4769120 reason=delivery
WARN [06-02|05:46:40.571] {"level":"warn","msg":"Slow block","block":{"number":10690,"hash":"0x9adcbff6e6981d64589188973876fa740e8af0a18b77ccaf0af6a857049d7a1e","gas_used":0,"tx_count":0},"timing":{"execution_ms":0.025348,"state_read_ms":2.382583,"state_hash_ms":0.002262,"commit_ms":0.213831,"total_ms":4.930451},"throughput":{"mgas_per_sec":0},"state_reads":{"accounts":4,"storage_slots":0,"code":0,"code_bytes":0},"state_writes":{"accounts":0,"accounts_deleted":0,"storage_slots":0,"storage_slots_deleted":0,"code":0,"code_bytes":0},"cache":{"account":{"hits":0,"misses":4,"hit_rate":0},"storage":{"hits":0,"misses":0,"hit_rate":0},"code":{"hits":0,"misses":0,"hit_rate":0,"hit_bytes":0,"miss_bytes":0}}}
INFO [06-02|05:46:40.571] Imported new potential chain segment     number=10690 hash=9adcbf..9d7a1e blocks=1 txs=0 mgas=0.000 elapsed=5.088ms     mgasps=0.000 triediffs=94.40MiB triedirty=127.17MiB
INFO [06-02|05:46:40.571] Chain head was updated                   number=10690 hash=9adcbf..9d7a1e root=c45f96..2a2acd elapsed="59.324µs"
INFO [06-02|05:46:41.576] Starting work on payload                 id=0x034466b03509ab97
INFO [06-02|05:46:41.584] Updated payload                          id=0x034466b03509ab97 number=10691 hash=64f8c4..8d618c txs=0 withdrawals=0 gas=0 fees=0 root=c45f96..2a2acd elapsed=7.213ms
INFO [06-02|05:46:41.585] Stopping work on payload                 id=0x034466b03509ab97 reason=delivery
WARN [06-02|05:46:41.603] {"level":"warn","msg":"Slow block","block":{"number":10691,"hash":"0x64f8c4e89acbe014e93aaa7ea9b1dfc2a3b2a8df1b014a4c161d121f4e8d618c","gas_used":0,"tx_count":0},"timing":{"execution_ms":0.043302,"state_read_ms":18.277863,"state_hash_ms":0.002582,"commit_ms":0.172466,"total_ms":18.651557},"throughput":{"mgas_per_sec":0},"state_reads":{"accounts":4,"storage_slots":0,"code":0,"code_bytes":0},"state_writes":{"accounts":0,"accounts_deleted":0,"storage_slots":0,"storage_slots_deleted":0,"code":0,"code_bytes":0},"cache":{"account":{"hits":0,"misses":4,"hit_rate":0},"storage":{"hits":0,"misses":0,"hit_rate":0},"code":{"hits":0,"misses":0,"hit_rate":0,"hit_bytes":0,"miss_bytes":0}}}
INFO [06-02|05:46:41.603] Imported new potential chain segment     number=10691 hash=64f8c4..8d618c blocks=1 txs=0 mgas=0.000 elapsed=18.838ms    mgasps=0.000 triediffs=94.40MiB triedirty=127.17MiB
INFO [06-02|05:46:41.603] Chain head was updated                   number=10691 hash=64f8c4..8d618c root=c45f96..2a2acd elapsed="70.106µs"
INFO [06-02|05:46:42.381] Submitted contract creation              hash=0xef868298fd5cb8b55e1cf694b9d98871a746f9f2e078a0715820f70d8e1f739e from=0xf39Fd6e51aad88F6F4ce6aB8827279cffFb92266 nonce=2917 contract=0x3235570150Ce492bC2b41a899D602f944EFa178d value=0
INFO [06-02|05:46:42.381] Submitted transaction                    hash=0x1b470a8c122466bb26280d7de22719394fd25ddd42de544bf427a427f2a75e1f from=0xf39Fd6e51aad88F6F4ce6aB8827279cffFb92266 nonce=2918 recipient=0x59881A85e47df352dae59F1c4D130F87B2F1B1b2 value=208,000,000
INFO [06-02|05:46:42.607] Starting work on payload                 id=0x033db8154d748418
INFO [06-02|05:46:42.638] Updated payload                          id=0x033db8154d748418 number=10692 hash=462ec5..f1d430 txs=2 withdrawals=0 gas=91690 fees=5.5014e-13 root=257112..7c1185 elapsed=30.631ms
INFO [06-02|05:46:42.639] Stopping work on payload                 id=0x033db8154d748418 reason=delivery
WARN [06-02|05:46:42.664] {"level":"warn","msg":"Slow block","block":{"number":10692,"hash":"0x462ec5fdae29700926c718ce1c8d9def8913cab3b553cb4f3bc2f2e5d7f1d430","gas_used":91690,"tx_count":2},"timing":{"execution_ms":0.262405,"state_read_ms":13.57238,"state_hash_ms":0.504159,"commit_ms":11.392554,"total_ms":25.922438},"throughput":{"mgas_per_sec":3.5370901456105326},"state_reads":{"accounts":11,"storage_slots":0,"code":0,"code_bytes":0},"state_writes":{"accounts":3,"accounts_deleted":0,"storage_slots":0,"storage_slots_deleted":0,"code":1,"code_bytes":303},"cache":{"account":{"hits":4,"misses":7,"hit_rate":36.36363636363637},"storage":{"hits":0,"misses":0,"hit_rate":0},"code":{"hits":0,"misses":0,"hit_rate":0,"hit_bytes":0,"miss_bytes":0}}}
INFO [06-02|05:46:42.664] Imported new potential chain segment     number=10692 hash=462ec5..f1d430 blocks=1 txs=2 mgas=0.092 elapsed=26.146ms    mgasps=3.507 triediffs=92.06MiB triedirty=127.27MiB
INFO [06-02|05:46:42.665] Chain head was updated                   number=10692 hash=462ec5..f1d430 root=257112..7c1185 elapsed="248.94µs"
INFO [06-02|05:46:43.393] Submitted transaction                    hash=0x43ccc9fba3d94a650dcb7ec641334d54a06d56a936c3a81c120c810ebc268cba from=0x59881A85e47df352dae59F1c4D130F87B2F1B1b2 nonce=0    recipient=0x3235570150Ce492bC2b41a899D602f944EFa178d value=0
INFO [06-02|05:46:43.668] Starting work on payload                 id=0x03504d2957c5708b
INFO [06-02|05:46:43.830] Updated payload                          id=0x03504d2957c5708b number=10693 hash=d67305..372b79 txs=1 withdrawals=0 gas=15,913,250 fees=9.54795e-11 root=bfa977..de2276 elapsed=161.498ms
INFO [06-02|05:46:43.847] Stopping work on payload                 id=0x03504d2957c5708b reason=delivery
WARN [06-02|05:46:44.047] {"level":"warn","msg":"Slow block","block":{"number":10693,"hash":"0xd673054303dbc1ca37e22ad30f8e334842457b1e95a1b293ba1a35f9a0372b79","gas_used":15913250,"tx_count":1},"timing":{"execution_ms":187.376761,"state_read_ms":23.203861,"state_hash_ms":3.707104,"commit_ms":1.681518,"total_ms":216.14947},"throughput":{"mgas_per_sec":73.62150830163961},"state_reads":{"accounts":8,"storage_slots":1731,"code":2,"code_bytes":331},"state_writes":{"accounts":3,"accounts_deleted":0,"storage_slots":264,"storage_slots_deleted":0,"code":0,"code_bytes":0},"cache":{"account":{"hits":1,"misses":7,"hit_rate":12.5},"storage":{"hits":247,"misses":1484,"hit_rate":14.269208549971117},"code":{"hits":2,"misses":0,"hit_rate":100,"hit_bytes":331,"miss_bytes":0}}}
INFO [06-02|05:46:44.047] Imported new potential chain segment     number=10693 hash=d67305..372b79 blocks=1 txs=1 mgas=15.913 elapsed=216.510ms   mgasps=73.499 triediffs=92.12MiB triedirty=127.27MiB
INFO [06-02|05:46:44.047] Chain head was updated                   number=10693 hash=d67305..372b79 root=bfa977..de2276 elapsed="133.54µs"
INFO [06-02|05:46:44.407] Submitted transaction                    hash=0x001a143784962fb246d589787e44e96e7c1d4c7982a6a3cc500edc6b5edf52d1 from=0x59881A85e47df352dae59F1c4D130F87B2F1B1b2 nonce=1    recipient=0xf39Fd6e51aad88F6F4ce6aB8827279cffFb92266 value=875,750
INFO [06-02|05:46:45.065] Starting work on payload                 id=0x03616dce4bc630de
INFO [06-02|05:46:45.117] Updated payload                          id=0x03616dce4bc630de number=10694 hash=6cf9d1..1a4428 txs=1 withdrawals=0 gas=21000      fees=2.1e-14     root=63d80e..e57567 elapsed=51.354ms
INFO [06-02|05:46:45.117] Stopping work on payload                 id=0x03616dce4bc630de reason=delivery
WARN [06-02|05:46:45.181] {"level":"warn","msg":"Slow block","block":{"number":10694,"hash":"0x6cf9d11fa3b7727c15f8519c8c4b1940ddcc007cf8dc628502008da6011a4428","gas_used":21000,"tx_count":1},"timing":{"execution_ms":0.06507,"state_read_ms":10.758846,"state_hash_ms":51.401675,"commit_ms":0.867373,"total_ms":63.302177},"throughput":{"mgas_per_sec":0.33174214529778334},"state_reads":{"accounts":6,"storage_slots":0,"code":0,"code_bytes":0},"state_writes":{"accounts":2,"accounts_deleted":0,"storage_slots":0,"storage_slots_deleted":0,"code":0,"code_bytes":0},"cache":{"account":{"hits":2,"misses":4,"hit_rate":33.33333333333333},"storage":{"hits":0,"misses":0,"hit_rate":0},"code":{"hits":0,"misses":0,"hit_rate":0,"hit_bytes":0,"miss_bytes":0}}}
INFO [06-02|05:46:45.181] Imported new potential chain segment     number=10694 hash=6cf9d1..1a4428 blocks=1 txs=1 mgas=0.021  elapsed=63.465ms    mgasps=0.331  triediffs=92.12MiB triedirty=127.27MiB
INFO [06-02|05:46:45.181] Chain head was updated                   number=10694 hash=6cf9d1..1a4428 root=63d80e..e57567 elapsed="90.729µs"
