WARN [06-02|05:28:07.690] Unknown config environment variable      envvar=GETH_PBT_BIN
WARN [06-02|05:28:07.690] Unknown config environment variable      envvar=GETH_UBT_BIN
INFO [06-02|05:28:07.705] Starting Geth on Ethereum mainnet...
INFO [06-02|05:28:07.706] Maximum peer count                       ETH=0 total=0
INFO [06-02|05:28:07.708] Smartcard socket not found, disabling    err="stat /run/pcscd/pcscd.comm: no such file or directory"
WARN [06-02|05:28:07.712] Option --miner.etherbase is deprecated as the etherbase is set by the consensus client post-merge
INFO [06-02|05:28:07.715] Set global gas cap                       cap=50,000,000
INFO [06-02|05:28:08.512] Using developer account                  address=0xf39Fd6e51aad88F6F4ce6aB8827279cffFb92266
INFO [06-02|05:28:08.552] Using pebble as the backing database
INFO [06-02|05:28:08.552] Allocated cache and file handles         database=/mnt/state_expiry_vol_data/ubt-vs-pbt-dbs/pbt/geth/chaindata cache=2.00GiB handles=262,144
INFO [06-02|05:28:08.770] Opened ancient database                  database=/mnt/state_expiry_vol_data/ubt-vs-pbt-dbs/pbt/geth/chaindata/ancient/chain readonly=true
INFO [06-02|05:28:08.770] Opened Era store                         datadir=/mnt/state_expiry_vol_data/ubt-vs-pbt-dbs/pbt/geth/chaindata/ancient/chain/era
INFO [06-02|05:28:08.778] Initializing the KZG library             backend=gokzg
INFO [06-02|05:28:08.781] Allocated trie memory caches             clean=614.00MiB dirty=1.00GiB
INFO [06-02|05:28:08.792] Using pebble as the backing database
INFO [06-02|05:28:08.792] Allocated cache and file handles         database=/mnt/state_expiry_vol_data/ubt-vs-pbt-dbs/pbt/geth/chaindata cache=2.00GiB handles=262,144
INFO [06-02|05:28:08.989] Opened ancient database                  database=/mnt/state_expiry_vol_data/ubt-vs-pbt-dbs/pbt/geth/chaindata/ancient/chain readonly=false
INFO [06-02|05:28:08.989] Opened Era store                         datadir=/mnt/state_expiry_vol_data/ubt-vs-pbt-dbs/pbt/geth/chaindata/ancient/chain/era
INFO [06-02|05:28:08.997] State scheme set to already existing     scheme=path
INFO [06-02|05:28:08.997] Initialising Ethereum protocol           network=1337 dbversion=9
WARN [06-02|05:28:08.997] Sanitizing invalid node buffer size      provided=1.00GiB updated=256.00MiB
INFO [06-02|05:28:08.999] Load database journal from file          path=/mnt/state_expiry_vol_data/ubt-vs-pbt-dbs/pbt/geth/triedb/verkle.journal
INFO [06-02|05:28:11.010] Opened ancient database                  database=/mnt/state_expiry_vol_data/ubt-vs-pbt-dbs/pbt/geth/chaindata/ancient/state_verkle readonly=false
INFO [06-02|05:28:11.012] State snapshot generator is not compatible
INFO [06-02|05:28:11.012] Initialized path database                triecache=614.00MiB statecache=409.00MiB buffer=256.00MiB state-history="last 90000 blocks" journal-dir=/mnt/state_expiry_vol_data/ubt-vs-pbt-dbs/pbt/geth/triedb verkle=true
INFO [06-02|05:28:11.013] 
INFO [06-02|05:28:11.013] ---------------------------------------------------------------------------------------------------------------------------------------------------------
INFO [06-02|05:28:11.013] Chain ID:  1337 (unknown)
INFO [06-02|05:28:11.013] Consensus: unknown
INFO [06-02|05:28:11.013] 
INFO [06-02|05:28:11.013] Pre-Merge hard forks (block based):
INFO [06-02|05:28:11.013]  - Homestead:                   #0       
INFO [06-02|05:28:11.013]  - Tangerine Whistle (EIP 150): #0       
INFO [06-02|05:28:11.013]  - Spurious Dragon/1 (EIP 155): #0       
INFO [06-02|05:28:11.013]  - Spurious Dragon/2 (EIP 158): #0       
INFO [06-02|05:28:11.013]  - Byzantium:                   #0       
INFO [06-02|05:28:11.013]  - Constantinople:              #0       
INFO [06-02|05:28:11.013]  - Petersburg:                  #0       
INFO [06-02|05:28:11.013]  - Istanbul:                    #0       
INFO [06-02|05:28:11.013]  - Berlin:                      #0       
INFO [06-02|05:28:11.013]  - London:                      #0       
INFO [06-02|05:28:11.013]  - Arrow Glacier:               #0       
INFO [06-02|05:28:11.013]  - Gray Glacier:                #0       
INFO [06-02|05:28:11.013] 
INFO [06-02|05:28:11.013] Merge configured:
INFO [06-02|05:28:11.013]  - Total terminal difficulty:  0
INFO [06-02|05:28:11.013]  - Merge netsplit block:       #0       
INFO [06-02|05:28:11.013] 
INFO [06-02|05:28:11.013] Post-Merge hard forks (timestamp based):
INFO [06-02|05:28:11.013]  - Shanghai:                    @0         
INFO [06-02|05:28:11.013]  - Cancun:                      @0          blob: (target: 3, max: 6, fraction: 3338477)
INFO [06-02|05:28:11.013]  - Prague:                      @0          blob: (target: 6, max: 9, fraction: 5007716)
INFO [06-02|05:28:11.013]  - Osaka:                       @0          blob: (target: 6, max: 9, fraction: 5007716)
INFO [06-02|05:28:11.013]  - UBT:                         @0          blob: (nil)
INFO [06-02|05:28:11.013] 
INFO [06-02|05:28:11.013] All fork specifications can be found at https://ethereum.github.io/execution-specs/src/ethereum/forks/
INFO [06-02|05:28:11.013] 
INFO [06-02|05:28:11.013] ---------------------------------------------------------------------------------------------------------------------------------------------------------
INFO [06-02|05:28:11.013] 
INFO [06-02|05:28:11.015] Loaded most recent local block           number=10206 hash=909f9d..b1fb9c age=8s
INFO [06-02|05:28:11.015] Loaded most recent local finalized block number=10176 hash=fdf837..16f209 age=1m11s
INFO [06-02|05:28:11.016] Initialized transaction indexer          range="last 2350000 blocks"
INFO [06-02|05:28:11.017] Initialized log indexer                  firstblock=0 lastblock=10206 firstmap=0 lastmap=0 headindexed=true
INFO [06-02|05:28:11.051] Enabled full-sync                        head=10206 hash=909f9d..b1fb9c
INFO [06-02|05:28:11.051] Unprotected transactions allowed
INFO [06-02|05:28:11.051] Gasprice oracle is ignoring threshold set threshold=2
WARN [06-02|05:28:11.051] Unclean shutdown detected                booted=2026-06-02T02:34:44+0000 age=2h53m27s
INFO [06-02|05:28:11.051] Registered sync override service
WARN [06-02|05:28:11.051] You are running Geth in --dev mode. Please note the following:
WARN [06-02|05:28:11.051] 
WARN [06-02|05:28:11.051]   1. This mode is only intended for fast, iterative development without assumptions on
WARN [06-02|05:28:11.051]      security or persistence.
WARN [06-02|05:28:11.051]   2. The database is created in memory unless specified otherwise. Therefore, shutting down
WARN [06-02|05:28:11.051]      your computer or losing power will wipe your entire block data and chain state for
WARN [06-02|05:28:11.051]      your dev environment.
WARN [06-02|05:28:11.051]   3. A random, pre-allocated developer account will be available and unlocked as
WARN [06-02|05:28:11.051]      eth.coinbase, which can be used for testing. The random dev account is temporary,
WARN [06-02|05:28:11.051]      stored on a ramdisk, and will be lost if your machine is restarted.
WARN [06-02|05:28:11.051]   4. Mining is enabled by default. However, the client will only seal blocks if transactions
WARN [06-02|05:28:11.051]      are pending in the mempool. The miner's minimum accepted gas price is 1.
WARN [06-02|05:28:11.051]   5. Networking is disabled; there is no listen-address, the maximum number of peers is set
WARN [06-02|05:28:11.051]      to 0, and discovery is disabled.
WARN [06-02|05:28:11.051] 
INFO [06-02|05:28:11.051] Starting peer-to-peer node               instance=Geth/v1.17.3-unstable/linux-amd64/go1.24.9
WARN [06-02|05:28:11.051] P2P server will be useless, neither dialing nor listening
INFO [06-02|05:28:11.066] IPC endpoint opened                      url=/mnt/state_expiry_vol_data/ubt-vs-pbt-dbs/pbt/geth.ipc
ERROR[06-02|05:28:11.066] Unavailable modules in HTTP API list     unavailable=[personal] available="[admin debug web3 eth txpool miner net dev testing]"
INFO [06-02|05:28:11.067] HTTP server started                      endpoint=127.0.0.1:8545 auth=false prefix= cors= vhosts=localhost
INFO [06-02|05:28:11.067] WebSocket enabled                        url=ws://127.0.0.1:8546
INFO [06-02|05:28:11.067] New local node record                    seq=1,780,292,695,579 id=972c5cc0b2a1895c ip=127.0.0.1 udp=0 tcp=0
INFO [06-02|05:28:11.067] Started P2P networking                   self=enode://16ec6c0bde109d66472afe00ec8fee3d30718d830d1acf0829842abca89b82afff8a454636cde3b26d700f98647938c6f23e7bee3027caca0d7f19e4b3725e13@127.0.0.1:0
INFO [06-02|05:28:12.012] Loaded local transaction journal         transactions=7916 dropped=0
INFO [06-02|05:28:12.175] Started log indexer
INFO [06-02|05:28:12.200] Starting work on payload                 id=0x03f991c5ef40afaf
INFO [06-02|05:28:12.204] Updated payload                          id=0x03f991c5ef40afaf number=10207 hash=652471..517f30 txs=0 withdrawals=0 gas=0 fees=0 root=2e19e9..d98071 elapsed=4.129ms
INFO [06-02|05:28:12.205] Stopping work on payload                 id=0x03f991c5ef40afaf reason=delivery
WARN [06-02|05:28:12.253] {"level":"warn","msg":"Slow block","block":{"number":10207,"hash":"0x652471374084d9fe35c798b5d3465165036afdf26d5d98b6c058b68d23517f30","gas_used":0,"tx_count":0},"timing":{"execution_ms":0.052977,"state_read_ms":47.76191,"state_hash_ms":0.003793,"commit_ms":0.246608,"total_ms":48.310846},"throughput":{"mgas_per_sec":0},"state_reads":{"accounts":4,"storage_slots":0,"code":0,"code_bytes":0},"state_writes":{"accounts":0,"accounts_deleted":0,"storage_slots":0,"storage_slots_deleted":0,"code":0,"code_bytes":0},"cache":{"account":{"hits":0,"misses":4,"hit_rate":0},"storage":{"hits":0,"misses":0,"hit_rate":0},"code":{"hits":0,"misses":0,"hit_rate":0,"hit_bytes":0,"miss_bytes":0}}}
INFO [06-02|05:28:12.253] Imported new potential chain segment     number=10207 hash=652471..517f30 blocks=1 txs=0 mgas=0.000 elapsed=48.809ms mgasps=0.000 triediffs=16.26MiB triedirty=121.89MiB
INFO [06-02|05:28:12.254] Chain head was updated                   number=10207 hash=652471..517f30 root=2e19e9..d98071 elapsed="88.626µs"
INFO [06-02|05:28:13.273] Starting work on payload                 id=0x03092e6b032c6904
INFO [06-02|05:28:13.274] Updated payload                          id=0x03092e6b032c6904 number=10208 hash=849a80..4018b7 txs=0 withdrawals=0 gas=0 fees=0 root=2e19e9..d98071 elapsed=1.103ms
INFO [06-02|05:28:13.274] Stopping work on payload                 id=0x03092e6b032c6904 reason=delivery
WARN [06-02|05:28:13.279] {"level":"warn","msg":"Slow block","block":{"number":10208,"hash":"0x849a80628019d84271c250a16b7c14c1241b40e747ab6dc71102de7abb4018b7","gas_used":0,"tx_count":0},"timing":{"execution_ms":0.044022,"state_read_ms":2.550963,"state_hash_ms":0.001827,"commit_ms":0.163463,"total_ms":4.405716},"throughput":{"mgas_per_sec":0},"state_reads":{"accounts":4,"storage_slots":0,"code":0,"code_bytes":0},"state_writes":{"accounts":0,"accounts_deleted":0,"storage_slots":0,"storage_slots_deleted":0,"code":0,"code_bytes":0},"cache":{"account":{"hits":0,"misses":4,"hit_rate":0},"storage":{"hits":0,"misses":0,"hit_rate":0},"code":{"hits":0,"misses":0,"hit_rate":0,"hit_bytes":0,"miss_bytes":0}}}
INFO [06-02|05:28:13.279] Imported new potential chain segment     number=10208 hash=849a80..4018b7 blocks=1 txs=0 mgas=0.000 elapsed=4.650ms    mgasps=0.000 triediffs=16.26MiB triedirty=121.89MiB
INFO [06-02|05:28:13.279] Chain head was updated                   number=10208 hash=849a80..4018b7 root=2e19e9..d98071 elapsed="65.906µs"
INFO [06-02|05:28:14.283] Starting work on payload                 id=0x03ad5f0b76a0864f
INFO [06-02|05:28:14.379] Updated payload                          id=0x03ad5f0b76a0864f number=10209 hash=05af54..bc9bd0 txs=0 withdrawals=0 gas=0 fees=0 root=2e19e9..d98071 elapsed=95.425ms
INFO [06-02|05:28:14.379] Stopping work on payload                 id=0x03ad5f0b76a0864f reason=delivery
WARN [06-02|05:28:14.437] {"level":"warn","msg":"Slow block","block":{"number":10209,"hash":"0x05af546548f40e954fcd2fb32c9ac8a7d19c96f84330c884dbb29f9488bc9bd0","gas_used":0,"tx_count":0},"timing":{"execution_ms":0.04594,"state_read_ms":57.888492,"state_hash_ms":0.003328,"commit_ms":0.228354,"total_ms":58.339976},"throughput":{"mgas_per_sec":0},"state_reads":{"accounts":4,"storage_slots":0,"code":0,"code_bytes":0},"state_writes":{"accounts":0,"accounts_deleted":0,"storage_slots":0,"storage_slots_deleted":0,"code":0,"code_bytes":0},"cache":{"account":{"hits":0,"misses":4,"hit_rate":0},"storage":{"hits":0,"misses":0,"hit_rate":0},"code":{"hits":0,"misses":0,"hit_rate":0,"hit_bytes":0,"miss_bytes":0}}}
INFO [06-02|05:28:14.437] Imported new potential chain segment     number=10209 hash=05af54..bc9bd0 blocks=1 txs=0 mgas=0.000 elapsed=58.639ms   mgasps=0.000 triediffs=16.26MiB triedirty=121.89MiB
INFO [06-02|05:28:14.438] Chain head was updated                   number=10209 hash=05af54..bc9bd0 root=2e19e9..d98071 elapsed="72.36µs"
INFO [06-02|05:28:15.442] Starting work on payload                 id=0x0353228dd1f56bc9
INFO [06-02|05:28:15.445] Updated payload                          id=0x0353228dd1f56bc9 number=10210 hash=2f2a4b..11e927 txs=0 withdrawals=0 gas=0 fees=0 root=2e19e9..d98071 elapsed=3.206ms
INFO [06-02|05:28:15.449] Stopping work on payload                 id=0x0353228dd1f56bc9 reason=delivery
WARN [06-02|05:28:15.477] {"level":"warn","msg":"Slow block","block":{"number":10210,"hash":"0x2f2a4ba3807a3554522d64599421dd322e899d7fe097bd55d6c78773a311e927","gas_used":0,"tx_count":0},"timing":{"execution_ms":0.046264,"state_read_ms":30.805586,"state_hash_ms":0.002956,"commit_ms":0.254648,"total_ms":31.298217},"throughput":{"mgas_per_sec":0},"state_reads":{"accounts":4,"storage_slots":0,"code":0,"code_bytes":0},"state_writes":{"accounts":0,"accounts_deleted":0,"storage_slots":0,"storage_slots_deleted":0,"code":0,"code_bytes":0},"cache":{"account":{"hits":0,"misses":4,"hit_rate":0},"storage":{"hits":0,"misses":0,"hit_rate":0},"code":{"hits":0,"misses":0,"hit_rate":0,"hit_bytes":0,"miss_bytes":0}}}
INFO [06-02|05:28:15.477] Imported new potential chain segment     number=10210 hash=2f2a4b..11e927 blocks=1 txs=0 mgas=0.000 elapsed=31.522ms   mgasps=0.000 triediffs=16.26MiB triedirty=121.89MiB
INFO [06-02|05:28:15.477] Chain head was updated                   number=10210 hash=2f2a4b..11e927 root=2e19e9..d98071 elapsed="60.361µs"
INFO [06-02|05:28:16.184] Submitted contract creation              hash=0xa396aa59b1c57aabdc1497ed137cc63510de54ec790d6106b24a2728336eb06b from=0xf39Fd6e51aad88F6F4ce6aB8827279cffFb92266 nonce=2787 contract=0x01988990c3Eefe18d2dDA8357e77Ce79220F5614 value=0
INFO [06-02|05:28:16.184] Submitted transaction                    hash=0xb8612aa55d02fc77535050835eb737d84bd5428191d5446b339eeb9c1315b5b6 from=0xf39Fd6e51aad88F6F4ce6aB8827279cffFb92266 nonce=2788 recipient=0x9385b42A5b62A91E49a39187f8EfB0E8d5B6fDfF value=208,000,000
INFO [06-02|05:28:16.486] Starting work on payload                 id=0x03fecd66babaa325
INFO [06-02|05:28:16.530] Updated payload                          id=0x03fecd66babaa325 number=10211 hash=82afcf..2bd06e txs=2 withdrawals=0 gas=86950 fees=5.217e-13 root=8f3f7c..267d45 elapsed=44.096ms
INFO [06-02|05:28:16.537] Stopping work on payload                 id=0x03fecd66babaa325 reason=delivery
WARN [06-02|05:28:16.551] {"level":"warn","msg":"Slow block","block":{"number":10211,"hash":"0x82afcf4a956a8b563fc97cd9a5f48bfede30d44fa66cf19aa44f1777592bd06e","gas_used":86950,"tx_count":2},"timing":{"execution_ms":0.105925,"state_read_ms":3.023737,"state_hash_ms":5.135998,"commit_ms":4.826919,"total_ms":13.316685},"throughput":{"mgas_per_sec":6.52940277554061},"state_reads":{"accounts":11,"storage_slots":0,"code":0,"code_bytes":0},"state_writes":{"accounts":3,"accounts_deleted":0,"storage_slots":0,"storage_slots_deleted":0,"code":1,"code_bytes":165},"cache":{"account":{"hits":7,"misses":4,"hit_rate":63.63636363636363},"storage":{"hits":0,"misses":0,"hit_rate":0},"code":{"hits":0,"misses":0,"hit_rate":0,"hit_bytes":0,"miss_bytes":0}}}
INFO [06-02|05:28:16.551] Imported new potential chain segment     number=10211 hash=82afcf..2bd06e blocks=1 txs=2 mgas=0.087 elapsed=13.478ms   mgasps=6.451 triediffs=16.14MiB triedirty=121.96MiB
INFO [06-02|05:28:16.551] Chain head was updated                   number=10211 hash=82afcf..2bd06e root=8f3f7c..267d45 elapsed="145.185µs"
INFO [06-02|05:28:17.196] Submitted transaction                    hash=0xbab93ff1b40a42536f7f5fd0b561afb2ebd1a06ce227147a08dc9a3fc7bf994a from=0x9385b42A5b62A91E49a39187f8EfB0E8d5B6fDfF nonce=0    recipient=0x01988990c3Eefe18d2dDA8357e77Ce79220F5614 value=0
INFO [06-02|05:28:17.556] Starting work on payload                 id=0x0399cd1fb7ef0cca
INFO [06-02|05:28:17.744] Updated payload                          id=0x0399cd1fb7ef0cca number=10212 hash=2e1b1d..131737 txs=1 withdrawals=0 gas=15,918,228 fees=9.5509368e-11 root=65f3c3..21f559 elapsed=188.116ms
INFO [06-02|05:28:17.745] Stopping work on payload                 id=0x0399cd1fb7ef0cca reason=delivery
WARN [06-02|05:28:17.880] {"level":"warn","msg":"Slow block","block":{"number":10212,"hash":"0x2e1b1d38ee6b2a5781a21d4594b4fecfdbe57470c515b2d3c1aefb1af3131737","gas_used":15918228,"tx_count":1},"timing":{"execution_ms":7.731213,"state_read_ms":27.527116,"state_hash_ms":88.931017,"commit_ms":9.059344,"total_ms":134.774877},"throughput":{"mgas_per_sec":118.10975720645621},"state_reads":{"accounts":106,"storage_slots":687,"code":100,"code_bytes":2937},"state_writes":{"accounts":100,"accounts_deleted":0,"storage_slots":680,"storage_slots_deleted":0,"code":0,"code_bytes":0},"cache":{"account":{"hits":59,"misses":47,"hit_rate":55.660377358490564},"storage":{"hits":341,"misses":346,"hit_rate":49.63609898107715},"code":{"hits":100,"misses":0,"hit_rate":100,"hit_bytes":2937,"miss_bytes":0}}}
INFO [06-02|05:28:17.880] Imported new potential chain segment     number=10212 hash=2e1b1d..131737 blocks=1 txs=1 mgas=15.918 elapsed=135.008ms   mgasps=117.905 triediffs=16.99MiB triedirty=121.96MiB
INFO [06-02|05:28:17.880] Chain head was updated                   number=10212 hash=2e1b1d..131737 root=65f3c3..21f559 elapsed="138.176µs"
INFO [06-02|05:28:18.212] Submitted transaction                    hash=0xc3b92e3f8d6c2c53042f8831bd1400a3efecd77f209e4a8eae6c4dba81448166 from=0x9385b42A5b62A91E49a39187f8EfB0E8d5B6fDfF nonce=1    recipient=0xf39Fd6e51aad88F6F4ce6aB8827279cffFb92266 value=811,036
INFO [06-02|05:28:18.884] Starting work on payload                 id=0x03b8b2c16312d574
INFO [06-02|05:28:18.944] Updated payload                          id=0x03b8b2c16312d574 number=10213 hash=c5dd44..dd305c txs=1 withdrawals=0 gas=21000      fees=2.1e-14       root=840568..7105b9 elapsed=59.840ms
INFO [06-02|05:28:18.944] Stopping work on payload                 id=0x03b8b2c16312d574 reason=delivery
WARN [06-02|05:28:18.994] {"level":"warn","msg":"Slow block","block":{"number":10213,"hash":"0xc5dd441ee3bdc429c3c1c95ddc14a7d112998bbbd6acd51e80bcc3b01add305c","gas_used":21000,"tx_count":1},"timing":{"execution_ms":0.105701,"state_read_ms":7.069203,"state_hash_ms":41.539377,"commit_ms":0.764482,"total_ms":49.754897},"throughput":{"mgas_per_sec":0.4220690075993927},"state_reads":{"accounts":6,"storage_slots":0,"code":0,"code_bytes":0},"state_writes":{"accounts":2,"accounts_deleted":0,"storage_slots":0,"storage_slots_deleted":0,"code":0,"code_bytes":0},"cache":{"account":{"hits":2,"misses":4,"hit_rate":33.33333333333333},"storage":{"hits":0,"misses":0,"hit_rate":0},"code":{"hits":0,"misses":0,"hit_rate":0,"hit_bytes":0,"miss_bytes":0}}}
INFO [06-02|05:28:18.994] Imported new potential chain segment     number=10213 hash=c5dd44..dd305c blocks=1 txs=1 mgas=0.021  elapsed=49.942ms    mgasps=0.420   triediffs=16.98MiB triedirty=121.96MiB
INFO [06-02|05:28:18.995] Chain head was updated                   number=10213 hash=c5dd44..dd305c root=840568..7105b9 elapsed="102.759µs"
