WARN [06-01|13:35:38.242] Unknown config environment variable      envvar=GETH_PBT_BIN
WARN [06-01|13:35:38.242] Unknown config environment variable      envvar=GETH_UBT_BIN
INFO [06-01|13:35:38.253] Starting Geth on Ethereum mainnet...
INFO [06-01|13:35:38.255] Maximum peer count                       ETH=0 total=0
INFO [06-01|13:35:38.256] Smartcard socket not found, disabling    err="stat /run/pcscd/pcscd.comm: no such file or directory"
WARN [06-01|13:35:38.261] Option --miner.etherbase is deprecated as the etherbase is set by the consensus client post-merge
INFO [06-01|13:35:38.264] Set global gas cap                       cap=50,000,000
INFO [06-01|13:35:39.071] Using developer account                  address=0xf39Fd6e51aad88F6F4ce6aB8827279cffFb92266
INFO [06-01|13:35:39.109] Using pebble as the backing database
INFO [06-01|13:35:39.109] Allocated cache and file handles         database=/mnt/state_expiry_vol_data/ubt-vs-pbt-dbs/pbt/geth/chaindata cache=2.00GiB handles=262,144
INFO [06-01|13:35:39.325] Opened ancient database                  database=/mnt/state_expiry_vol_data/ubt-vs-pbt-dbs/pbt/geth/chaindata/ancient/chain readonly=true
INFO [06-01|13:35:39.325] Opened Era store                         datadir=/mnt/state_expiry_vol_data/ubt-vs-pbt-dbs/pbt/geth/chaindata/ancient/chain/era
INFO [06-01|13:35:39.332] Initializing the KZG library             backend=gokzg
INFO [06-01|13:35:39.335] Allocated trie memory caches             clean=614.00MiB dirty=1.00GiB
INFO [06-01|13:35:39.347] Using pebble as the backing database
INFO [06-01|13:35:39.347] Allocated cache and file handles         database=/mnt/state_expiry_vol_data/ubt-vs-pbt-dbs/pbt/geth/chaindata cache=2.00GiB handles=262,144
INFO [06-01|13:35:39.552] Opened ancient database                  database=/mnt/state_expiry_vol_data/ubt-vs-pbt-dbs/pbt/geth/chaindata/ancient/chain readonly=false
INFO [06-01|13:35:39.552] Opened Era store                         datadir=/mnt/state_expiry_vol_data/ubt-vs-pbt-dbs/pbt/geth/chaindata/ancient/chain/era
INFO [06-01|13:35:39.559] State scheme set to already existing     scheme=path
INFO [06-01|13:35:39.559] Initialising Ethereum protocol           network=1337 dbversion=9
WARN [06-01|13:35:39.559] Sanitizing invalid node buffer size      provided=1.00GiB updated=256.00MiB
INFO [06-01|13:35:39.561] Load database journal from file          path=/mnt/state_expiry_vol_data/ubt-vs-pbt-dbs/pbt/geth/triedb/verkle.journal
INFO [06-01|13:35:40.148] Opened ancient database                  database=/mnt/state_expiry_vol_data/ubt-vs-pbt-dbs/pbt/geth/chaindata/ancient/state_verkle readonly=false
INFO [06-01|13:35:40.150] State snapshot generator is not compatible
INFO [06-01|13:35:40.150] Initialized path database                triecache=614.00MiB statecache=409.00MiB buffer=256.00MiB state-history="last 90000 blocks" journal-dir=/mnt/state_expiry_vol_data/ubt-vs-pbt-dbs/pbt/geth/triedb verkle=true
INFO [06-01|13:35:40.151] 
INFO [06-01|13:35:40.151] ---------------------------------------------------------------------------------------------------------------------------------------------------------
INFO [06-01|13:35:40.151] Chain ID:  1337 (unknown)
INFO [06-01|13:35:40.151] Consensus: unknown
INFO [06-01|13:35:40.151] 
INFO [06-01|13:35:40.151] Pre-Merge hard forks (block based):
INFO [06-01|13:35:40.151]  - Homestead:                   #0       
INFO [06-01|13:35:40.151]  - Tangerine Whistle (EIP 150): #0       
INFO [06-01|13:35:40.151]  - Spurious Dragon/1 (EIP 155): #0       
INFO [06-01|13:35:40.151]  - Spurious Dragon/2 (EIP 158): #0       
INFO [06-01|13:35:40.151]  - Byzantium:                   #0       
INFO [06-01|13:35:40.151]  - Constantinople:              #0       
INFO [06-01|13:35:40.151]  - Petersburg:                  #0       
INFO [06-01|13:35:40.151]  - Istanbul:                    #0       
INFO [06-01|13:35:40.151]  - Berlin:                      #0       
INFO [06-01|13:35:40.151]  - London:                      #0       
INFO [06-01|13:35:40.151]  - Arrow Glacier:               #0       
INFO [06-01|13:35:40.151]  - Gray Glacier:                #0       
INFO [06-01|13:35:40.151] 
INFO [06-01|13:35:40.151] Merge configured:
INFO [06-01|13:35:40.151]  - Total terminal difficulty:  0
INFO [06-01|13:35:40.151]  - Merge netsplit block:       #0       
INFO [06-01|13:35:40.151] 
INFO [06-01|13:35:40.151] Post-Merge hard forks (timestamp based):
INFO [06-01|13:35:40.151]  - Shanghai:                    @0         
INFO [06-01|13:35:40.151]  - Cancun:                      @0          blob: (target: 3, max: 6, fraction: 3338477)
INFO [06-01|13:35:40.151]  - Prague:                      @0          blob: (target: 6, max: 9, fraction: 5007716)
INFO [06-01|13:35:40.151]  - Osaka:                       @0          blob: (target: 6, max: 9, fraction: 5007716)
INFO [06-01|13:35:40.151]  - UBT:                         @0          blob: (nil)
INFO [06-01|13:35:40.151] 
INFO [06-01|13:35:40.151] All fork specifications can be found at https://ethereum.github.io/execution-specs/src/ethereum/forks/
INFO [06-01|13:35:40.151] 
INFO [06-01|13:35:40.151] ---------------------------------------------------------------------------------------------------------------------------------------------------------
INFO [06-01|13:35:40.151] 
INFO [06-01|13:35:40.153] Loaded most recent local block           number=6122 hash=7adb9d..b898c8 age=4s
INFO [06-01|13:35:40.153] Loaded most recent local finalized block number=6112 hash=a85235..bd6c62 age=18s
INFO [06-01|13:35:40.154] Initialized transaction indexer          range="last 2350000 blocks"
INFO [06-01|13:35:40.154] Initialized log indexer                  firstblock=0 lastblock=6122 firstmap=0 lastmap=0 headindexed=true
INFO [06-01|13:35:40.191] Enabled full-sync                        head=6122 hash=7adb9d..b898c8
INFO [06-01|13:35:40.192] Unprotected transactions allowed
INFO [06-01|13:35:40.192] Gasprice oracle is ignoring threshold set threshold=2
INFO [06-01|13:35:40.192] Registered sync override service
WARN [06-01|13:35:40.192] You are running Geth in --dev mode. Please note the following:
WARN [06-01|13:35:40.192] 
WARN [06-01|13:35:40.192]   1. This mode is only intended for fast, iterative development without assumptions on
WARN [06-01|13:35:40.192]      security or persistence.
WARN [06-01|13:35:40.192]   2. The database is created in memory unless specified otherwise. Therefore, shutting down
WARN [06-01|13:35:40.192]      your computer or losing power will wipe your entire block data and chain state for
WARN [06-01|13:35:40.192]      your dev environment.
WARN [06-01|13:35:40.192]   3. A random, pre-allocated developer account will be available and unlocked as
WARN [06-01|13:35:40.192]      eth.coinbase, which can be used for testing. The random dev account is temporary,
WARN [06-01|13:35:40.192]      stored on a ramdisk, and will be lost if your machine is restarted.
WARN [06-01|13:35:40.192]   4. Mining is enabled by default. However, the client will only seal blocks if transactions
WARN [06-01|13:35:40.192]      are pending in the mempool. The miner's minimum accepted gas price is 1.
WARN [06-01|13:35:40.192]   5. Networking is disabled; there is no listen-address, the maximum number of peers is set
WARN [06-01|13:35:40.192]      to 0, and discovery is disabled.
WARN [06-01|13:35:40.192] 
INFO [06-01|13:35:40.192] Starting peer-to-peer node               instance=Geth/v1.17.3-unstable/linux-amd64/go1.24.9
WARN [06-01|13:35:40.192] P2P server will be useless, neither dialing nor listening
INFO [06-01|13:35:40.217] IPC endpoint opened                      url=/mnt/state_expiry_vol_data/ubt-vs-pbt-dbs/pbt/geth.ipc
ERROR[06-01|13:35:40.217] Unavailable modules in HTTP API list     unavailable=[personal] available="[admin debug web3 eth txpool miner net dev testing]"
INFO [06-01|13:35:40.217] New local node record                    seq=1,780,292,695,109 id=972c5cc0b2a1895c ip=127.0.0.1 udp=0 tcp=0
INFO [06-01|13:35:40.217] Started P2P networking                   self=enode://16ec6c0bde109d66472afe00ec8fee3d30718d830d1acf0829842abca89b82afff8a454636cde3b26d700f98647938c6f23e7bee3027caca0d7f19e4b3725e13@127.0.0.1:0
INFO [06-01|13:35:40.218] HTTP server started                      endpoint=127.0.0.1:8545 auth=false prefix= cors= vhosts=localhost
INFO [06-01|13:35:40.218] WebSocket enabled                        url=ws://127.0.0.1:8546
INFO [06-01|13:35:40.666] Loaded local transaction journal         transactions=4213 dropped=0
INFO [06-01|13:35:41.157] Started log indexer
INFO [06-01|13:35:41.217] Starting work on payload                 id=0x03667588baa71825
INFO [06-01|13:35:41.236] Updated payload                          id=0x03667588baa71825 number=6123 hash=dc46ee..0c478f txs=0 withdrawals=0 gas=0 fees=0 root=6d3ae0..9e2409 elapsed=19.036ms
INFO [06-01|13:35:41.236] Stopping work on payload                 id=0x03667588baa71825 reason=delivery
WARN [06-01|13:35:41.255] {"level":"warn","msg":"Slow block","block":{"number":6123,"hash":"0xdc46ee90661e63b5860be0a7eafd3c5448bf449fa9fe3f34d00754a1ef0c478f","gas_used":0,"tx_count":0},"timing":{"execution_ms":0.039083,"state_read_ms":17.936197,"state_hash_ms":0.002297,"commit_ms":0.207189,"total_ms":18.40211},"throughput":{"mgas_per_sec":0},"state_reads":{"accounts":4,"storage_slots":0,"code":0,"code_bytes":0},"state_writes":{"accounts":0,"accounts_deleted":0,"storage_slots":0,"storage_slots_deleted":0,"code":0,"code_bytes":0},"cache":{"account":{"hits":0,"misses":4,"hit_rate":0},"storage":{"hits":0,"misses":0,"hit_rate":0},"code":{"hits":0,"misses":0,"hit_rate":0,"hit_bytes":0,"miss_bytes":0}}}
INFO [06-01|13:35:41.255] Imported new potential chain segment     number=6123 hash=dc46ee..0c478f blocks=1 txs=0 mgas=0.000 elapsed=18.674ms mgasps=0.000 triediffs=43.54MiB triedirty=3.89MiB
INFO [06-01|13:35:41.256] Chain head was updated                   number=6123 hash=dc46ee..0c478f root=6d3ae0..9e2409 elapsed="69.526µs"
INFO [06-01|13:35:42.265] Starting work on payload                 id=0x03eec4014ec84ce7
INFO [06-01|13:35:42.276] Updated payload                          id=0x03eec4014ec84ce7 number=6124 hash=2be9c2..f80252 txs=0 withdrawals=0 gas=0 fees=0 root=6d3ae0..9e2409 elapsed=11.315ms
INFO [06-01|13:35:42.276] Stopping work on payload                 id=0x03eec4014ec84ce7 reason=delivery
WARN [06-01|13:35:42.288] {"level":"warn","msg":"Slow block","block":{"number":6124,"hash":"0x2be9c2e60e473d7d8ee5a2cb1ec46537e4d975c585108ebad7519e89fff80252","gas_used":0,"tx_count":0},"timing":{"execution_ms":0.19275,"state_read_ms":10.602683,"state_hash_ms":0.003945,"commit_ms":0.190323,"total_ms":11.253026},"throughput":{"mgas_per_sec":0},"state_reads":{"accounts":4,"storage_slots":0,"code":0,"code_bytes":0},"state_writes":{"accounts":0,"accounts_deleted":0,"storage_slots":0,"storage_slots_deleted":0,"code":0,"code_bytes":0},"cache":{"account":{"hits":0,"misses":4,"hit_rate":0},"storage":{"hits":0,"misses":0,"hit_rate":0},"code":{"hits":0,"misses":0,"hit_rate":0,"hit_bytes":0,"miss_bytes":0}}}
INFO [06-01|13:35:42.288] Imported new potential chain segment     number=6124 hash=2be9c2..f80252 blocks=1 txs=0 mgas=0.000 elapsed=11.452ms   mgasps=0.000 triediffs=43.54MiB triedirty=3.89MiB
INFO [06-01|13:35:42.288] Chain head was updated                   number=6124 hash=2be9c2..f80252 root=6d3ae0..9e2409 elapsed="51.527µs"
INFO [06-01|13:35:43.321] Starting work on payload                 id=0x0332dc95b21b4f4e
INFO [06-01|13:35:43.339] Updated payload                          id=0x0332dc95b21b4f4e number=6125 hash=9f0a43..e3c519 txs=0 withdrawals=0 gas=0 fees=0 root=6d3ae0..9e2409 elapsed=18.225ms
INFO [06-01|13:35:43.339] Stopping work on payload                 id=0x0332dc95b21b4f4e reason=delivery
WARN [06-01|13:35:43.343] {"level":"warn","msg":"Slow block","block":{"number":6125,"hash":"0x9f0a439b88d7cfd68038fc9797cd1607b293fa401564cdfd5647c22bc8e3c519","gas_used":0,"tx_count":0},"timing":{"execution_ms":0.029917,"state_read_ms":3.046269,"state_hash_ms":0.002011,"commit_ms":0.145181,"total_ms":3.35659},"throughput":{"mgas_per_sec":0},"state_reads":{"accounts":4,"storage_slots":0,"code":0,"code_bytes":0},"state_writes":{"accounts":0,"accounts_deleted":0,"storage_slots":0,"storage_slots_deleted":0,"code":0,"code_bytes":0},"cache":{"account":{"hits":0,"misses":4,"hit_rate":0},"storage":{"hits":0,"misses":0,"hit_rate":0},"code":{"hits":0,"misses":0,"hit_rate":0,"hit_bytes":0,"miss_bytes":0}}}
INFO [06-01|13:35:43.343] Imported new potential chain segment     number=6125 hash=9f0a43..e3c519 blocks=1 txs=0 mgas=0.000 elapsed=3.537ms    mgasps=0.000 triediffs=43.54MiB triedirty=3.89MiB
INFO [06-01|13:35:43.343] Chain head was updated                   number=6125 hash=9f0a43..e3c519 root=6d3ae0..9e2409 elapsed="43.24µs"
INFO [06-01|13:35:43.406] Submitted contract creation              hash=0x43a0fb9d078bff88d83b7d8d16d2cd6d90c67aa70603c63255a2768d7dbcc9f8 from=0xf39Fd6e51aad88F6F4ce6aB8827279cffFb92266 nonce=1851 contract=0x82Ab68099eed0b1276bcacdBbf31B3Cc7563960A value=0
INFO [06-01|13:35:43.406] Submitted transaction                    hash=0x3710ee9f6e032ffec562b445efeb6e849492f3a89a0bba309327fdba96463ea7 from=0xf39Fd6e51aad88F6F4ce6aB8827279cffFb92266 nonce=1852 recipient=0x1080D08b4a3bFF2AEDcCDdC8E4b71531D5F0b181 value=78,000,000
INFO [06-01|13:35:44.362] Starting work on payload                 id=0x035663111fc5a6c4
INFO [06-01|13:35:44.412] Updated payload                          id=0x035663111fc5a6c4 number=6126 hash=cdef7e..129801 txs=2 withdrawals=0 gas=91678 fees=5.50068e-13 root=60ed0d..5fdf11 elapsed=49.939ms
INFO [06-01|13:35:44.413] Stopping work on payload                 id=0x035663111fc5a6c4 reason=delivery
WARN [06-01|13:35:44.438] {"level":"warn","msg":"Slow block","block":{"number":6126,"hash":"0xcdef7eebbef74bf5fb2c97c19dc48edbdf25ea9be7d5fde2ae775f31a2129801","gas_used":91678,"tx_count":2},"timing":{"execution_ms":0.168579,"state_read_ms":3.697729,"state_hash_ms":15.784203,"commit_ms":5.346488,"total_ms":25.269554},"throughput":{"mgas_per_sec":3.6280022987346747},"state_reads":{"accounts":11,"storage_slots":0,"code":0,"code_bytes":0},"state_writes":{"accounts":3,"accounts_deleted":0,"storage_slots":0,"storage_slots_deleted":0,"code":1,"code_bytes":303},"cache":{"account":{"hits":5,"misses":6,"hit_rate":45.45454545454545},"storage":{"hits":0,"misses":0,"hit_rate":0},"code":{"hits":0,"misses":0,"hit_rate":0,"hit_bytes":0,"miss_bytes":0}}}
INFO [06-01|13:35:44.438] Imported new potential chain segment     number=6126 hash=cdef7e..129801 blocks=1 txs=2 mgas=0.092 elapsed=25.431ms   mgasps=3.605 triediffs=42.85MiB triedirty=3.96MiB
INFO [06-01|13:35:44.438] Chain head was updated                   number=6126 hash=cdef7e..129801 root=60ed0d..5fdf11 elapsed="152.804µs"
INFO [06-01|13:35:45.422] Submitted transaction                    hash=0x7f3e83290da127a230930f9104ba937e1217ee0e3ac8a216c402090e1688e446 from=0x1080D08b4a3bFF2AEDcCDdC8E4b71531D5F0b181 nonce=0    recipient=0x82Ab68099eed0b1276bcacdBbf31B3Cc7563960A value=0
INFO [06-01|13:35:45.444] Starting work on payload                 id=0x038ff15a7ba40e73
INFO [06-01|13:35:45.545] Updated payload                          id=0x038ff15a7ba40e73 number=6127 hash=e97ab4..8037c3 txs=1 withdrawals=0 gas=5,911,513 fees=3.5469078e-11 root=49649c..276620 elapsed=101.238ms
INFO [06-01|13:35:45.545] Stopping work on payload                 id=0x038ff15a7ba40e73 reason=delivery
WARN [06-01|13:35:45.632] {"level":"warn","msg":"Slow block","block":{"number":6127,"hash":"0xe97ab4520802f8f21c276c0f22303feaf5e164bd246804858c1d97c4328037c3","gas_used":5911513,"tx_count":1},"timing":{"execution_ms":62.654234,"state_read_ms":3.27781,"state_hash_ms":18.726331,"commit_ms":1.0538,"total_ms":86.211654},"throughput":{"mgas_per_sec":68.569766681428},"state_reads":{"accounts":8,"storage_slots":638,"code":2,"code_bytes":331},"state_writes":{"accounts":3,"accounts_deleted":0,"storage_slots":96,"storage_slots_deleted":0,"code":0,"code_bytes":0},"cache":{"account":{"hits":4,"misses":4,"hit_rate":50},"storage":{"hits":443,"misses":195,"hit_rate":69.43573667711598},"code":{"hits":2,"misses":0,"hit_rate":100,"hit_bytes":331,"miss_bytes":0}}}
INFO [06-01|13:35:45.632] Imported new potential chain segment     number=6127 hash=e97ab4..8037c3 blocks=1 txs=1 mgas=5.912 elapsed=86.390ms    mgasps=68.427 triediffs=42.88MiB triedirty=3.96MiB
INFO [06-01|13:35:45.632] Chain head was updated                   number=6127 hash=e97ab4..8037c3 root=49649c..276620 elapsed="79.016µs"
INFO [06-01|13:35:46.437] Submitted transaction                    hash=0x030aa455e612a4a1adff36bd0ceb8e070838c8e1c42c23444bfb0cb724a77f27 from=0x1080D08b4a3bFF2AEDcCDdC8E4b71531D5F0b181 nonce=1    recipient=0xf39Fd6e51aad88F6F4ce6aB8827279cffFb92266 value=898,331
INFO [06-01|13:35:46.640] Starting work on payload                 id=0x0315b4e36155c020
INFO [06-01|13:35:46.690] Updated payload                          id=0x0315b4e36155c020 number=6128 hash=635ac9..058e17 txs=1 withdrawals=0 gas=21000     fees=2.1e-14       root=f6e1b6..d277c7 elapsed=49.672ms
INFO [06-01|13:35:46.690] Stopping work on payload                 id=0x0315b4e36155c020 reason=delivery
WARN [06-01|13:35:46.707] {"level":"warn","msg":"Slow block","block":{"number":6128,"hash":"0x635ac95a94e8e648ad2dc15f6be74c52236c01d1089ebc427e1c00ed6e058e17","gas_used":21000,"tx_count":1},"timing":{"execution_ms":0.146043,"state_read_ms":11.620798,"state_hash_ms":3.724055,"commit_ms":0.884458,"total_ms":16.613219},"throughput":{"mgas_per_sec":1.264053643065802},"state_reads":{"accounts":6,"storage_slots":0,"code":0,"code_bytes":0},"state_writes":{"accounts":2,"accounts_deleted":0,"storage_slots":0,"storage_slots_deleted":0,"code":0,"code_bytes":0},"cache":{"account":{"hits":2,"misses":4,"hit_rate":33.33333333333333},"storage":{"hits":0,"misses":0,"hit_rate":0},"code":{"hits":0,"misses":0,"hit_rate":0,"hit_bytes":0,"miss_bytes":0}}}
INFO [06-01|13:35:46.707] Imported new potential chain segment     number=6128 hash=635ac9..058e17 blocks=1 txs=1 mgas=0.021 elapsed=16.770ms    mgasps=1.252  triediffs=42.87MiB triedirty=3.97MiB
INFO [06-01|13:35:46.707] Chain head was updated                   number=6128 hash=635ac9..058e17 root=f6e1b6..d277c7 elapsed="48.235µs"
INFO [06-01|13:35:47.713] Starting work on payload                 id=0x03c84aff9cc071f0
INFO [06-01|13:35:47.737] Updated payload                          id=0x03c84aff9cc071f0 number=6129 hash=068b00..734650 txs=0 withdrawals=0 gas=0         fees=0             root=f6e1b6..d277c7 elapsed=23.935ms
INFO [06-01|13:35:47.737] Stopping work on payload                 id=0x03c84aff9cc071f0 reason=delivery
WARN [06-01|13:35:47.742] {"level":"warn","msg":"Slow block","block":{"number":6129,"hash":"0x068b0069cabe963a9ac12026a44ae46a27f5286005120dbf48a2625761734650","gas_used":0,"tx_count":0},"timing":{"execution_ms":0.03168,"state_read_ms":4.246835,"state_hash_ms":0.002242,"commit_ms":0.109441,"total_ms":4.56419},"throughput":{"mgas_per_sec":0},"state_reads":{"accounts":4,"storage_slots":0,"code":0,"code_bytes":0},"state_writes":{"accounts":0,"accounts_deleted":0,"storage_slots":0,"storage_slots_deleted":0,"code":0,"code_bytes":0},"cache":{"account":{"hits":0,"misses":4,"hit_rate":0},"storage":{"hits":0,"misses":0,"hit_rate":0},"code":{"hits":0,"misses":0,"hit_rate":0,"hit_bytes":0,"miss_bytes":0}}}
INFO [06-01|13:35:47.742] Imported new potential chain segment     number=6129 hash=068b00..734650 blocks=1 txs=0 mgas=0.000 elapsed=4.706ms     mgasps=0.000  triediffs=42.87MiB triedirty=3.97MiB
INFO [06-01|13:35:47.742] Chain head was updated                   number=6129 hash=068b00..734650 root=f6e1b6..d277c7 elapsed="37.265µs"
