WARN [06-02|05:20:29.514] Unknown config environment variable      envvar=GETH_PBT_BIN
WARN [06-02|05:20:29.514] Unknown config environment variable      envvar=GETH_UBT_BIN
INFO [06-02|05:20:29.525] Starting Geth on Ethereum mainnet...
INFO [06-02|05:20:29.527] Maximum peer count                       ETH=0 total=0
INFO [06-02|05:20:29.529] Smartcard socket not found, disabling    err="stat /run/pcscd/pcscd.comm: no such file or directory"
WARN [06-02|05:20:29.534] Option --miner.etherbase is deprecated as the etherbase is set by the consensus client post-merge
INFO [06-02|05:20:29.538] Set global gas cap                       cap=50,000,000
INFO [06-02|05:20:30.325] Using developer account                  address=0xf39Fd6e51aad88F6F4ce6aB8827279cffFb92266
INFO [06-02|05:20:30.363] Using pebble as the backing database
INFO [06-02|05:20:30.363] Allocated cache and file handles         database=/mnt/state_expiry_vol_data/ubt-vs-pbt-dbs/pbt/geth/chaindata cache=2.00GiB handles=262,144
INFO [06-02|05:20:30.584] Opened ancient database                  database=/mnt/state_expiry_vol_data/ubt-vs-pbt-dbs/pbt/geth/chaindata/ancient/chain readonly=true
INFO [06-02|05:20:30.584] Opened Era store                         datadir=/mnt/state_expiry_vol_data/ubt-vs-pbt-dbs/pbt/geth/chaindata/ancient/chain/era
INFO [06-02|05:20:30.592] Initializing the KZG library             backend=gokzg
INFO [06-02|05:20:30.593] Allocated trie memory caches             clean=614.00MiB dirty=1.00GiB
INFO [06-02|05:20:30.602] Using pebble as the backing database
INFO [06-02|05:20:30.602] Allocated cache and file handles         database=/mnt/state_expiry_vol_data/ubt-vs-pbt-dbs/pbt/geth/chaindata cache=2.00GiB handles=262,144
INFO [06-02|05:20:30.808] Opened ancient database                  database=/mnt/state_expiry_vol_data/ubt-vs-pbt-dbs/pbt/geth/chaindata/ancient/chain readonly=false
INFO [06-02|05:20:30.808] Opened Era store                         datadir=/mnt/state_expiry_vol_data/ubt-vs-pbt-dbs/pbt/geth/chaindata/ancient/chain/era
INFO [06-02|05:20:30.816] State scheme set to already existing     scheme=path
INFO [06-02|05:20:30.816] Initialising Ethereum protocol           network=1337 dbversion=9
WARN [06-02|05:20:30.816] Sanitizing invalid node buffer size      provided=1.00GiB updated=256.00MiB
INFO [06-02|05:20:30.818] Load database journal from file          path=/mnt/state_expiry_vol_data/ubt-vs-pbt-dbs/pbt/geth/triedb/verkle.journal
INFO [06-02|05:20:32.815] Opened ancient database                  database=/mnt/state_expiry_vol_data/ubt-vs-pbt-dbs/pbt/geth/chaindata/ancient/state_verkle readonly=false
INFO [06-02|05:20:32.816] State snapshot generator is not compatible
INFO [06-02|05:20:32.816] Initialized path database                triecache=614.00MiB statecache=409.00MiB buffer=256.00MiB state-history="last 90000 blocks" journal-dir=/mnt/state_expiry_vol_data/ubt-vs-pbt-dbs/pbt/geth/triedb verkle=true
INFO [06-02|05:20:32.817] 
INFO [06-02|05:20:32.817] ---------------------------------------------------------------------------------------------------------------------------------------------------------
INFO [06-02|05:20:32.817] Chain ID:  1337 (unknown)
INFO [06-02|05:20:32.817] Consensus: unknown
INFO [06-02|05:20:32.817] 
INFO [06-02|05:20:32.817] Pre-Merge hard forks (block based):
INFO [06-02|05:20:32.817]  - Homestead:                   #0       
INFO [06-02|05:20:32.817]  - Tangerine Whistle (EIP 150): #0       
INFO [06-02|05:20:32.817]  - Spurious Dragon/1 (EIP 155): #0       
INFO [06-02|05:20:32.817]  - Spurious Dragon/2 (EIP 158): #0       
INFO [06-02|05:20:32.817]  - Byzantium:                   #0       
INFO [06-02|05:20:32.817]  - Constantinople:              #0       
INFO [06-02|05:20:32.817]  - Petersburg:                  #0       
INFO [06-02|05:20:32.817]  - Istanbul:                    #0       
INFO [06-02|05:20:32.817]  - Berlin:                      #0       
INFO [06-02|05:20:32.817]  - London:                      #0       
INFO [06-02|05:20:32.817]  - Arrow Glacier:               #0       
INFO [06-02|05:20:32.817]  - Gray Glacier:                #0       
INFO [06-02|05:20:32.817] 
INFO [06-02|05:20:32.817] Merge configured:
INFO [06-02|05:20:32.817]  - Total terminal difficulty:  0
INFO [06-02|05:20:32.817]  - Merge netsplit block:       #0       
INFO [06-02|05:20:32.817] 
INFO [06-02|05:20:32.817] Post-Merge hard forks (timestamp based):
INFO [06-02|05:20:32.817]  - Shanghai:                    @0         
INFO [06-02|05:20:32.817]  - Cancun:                      @0          blob: (target: 3, max: 6, fraction: 3338477)
INFO [06-02|05:20:32.817]  - Prague:                      @0          blob: (target: 6, max: 9, fraction: 5007716)
INFO [06-02|05:20:32.817]  - Osaka:                       @0          blob: (target: 6, max: 9, fraction: 5007716)
INFO [06-02|05:20:32.817]  - UBT:                         @0          blob: (nil)
INFO [06-02|05:20:32.817] 
INFO [06-02|05:20:32.817] All fork specifications can be found at https://ethereum.github.io/execution-specs/src/ethereum/forks/
INFO [06-02|05:20:32.817] 
INFO [06-02|05:20:32.817] ---------------------------------------------------------------------------------------------------------------------------------------------------------
INFO [06-02|05:20:32.817] 
INFO [06-02|05:20:32.819] Loaded most recent local block           number=9994 hash=5c2e16..308596 age=7s
INFO [06-02|05:20:32.819] Loaded most recent local finalized block number=9984 hash=eb3e3d..37dc96 age=26s
INFO [06-02|05:20:32.820] Initialized transaction indexer          range="last 2350000 blocks"
INFO [06-02|05:20:32.820] Initialized log indexer                  firstblock=0 lastblock=9994 firstmap=0 lastmap=0 headindexed=true
INFO [06-02|05:20:32.845] Enabled full-sync                        head=9994 hash=5c2e16..308596
INFO [06-02|05:20:32.845] Unprotected transactions allowed
INFO [06-02|05:20:32.845] Gasprice oracle is ignoring threshold set threshold=2
WARN [06-02|05:20:32.845] Unclean shutdown detected                booted=2026-06-02T02:34:44+0000 age=2h45m48s
INFO [06-02|05:20:32.846] Registered sync override service
WARN [06-02|05:20:32.846] You are running Geth in --dev mode. Please note the following:
WARN [06-02|05:20:32.846] 
WARN [06-02|05:20:32.846]   1. This mode is only intended for fast, iterative development without assumptions on
WARN [06-02|05:20:32.846]      security or persistence.
WARN [06-02|05:20:32.846]   2. The database is created in memory unless specified otherwise. Therefore, shutting down
WARN [06-02|05:20:32.846]      your computer or losing power will wipe your entire block data and chain state for
WARN [06-02|05:20:32.846]      your dev environment.
WARN [06-02|05:20:32.846]   3. A random, pre-allocated developer account will be available and unlocked as
WARN [06-02|05:20:32.846]      eth.coinbase, which can be used for testing. The random dev account is temporary,
WARN [06-02|05:20:32.846]      stored on a ramdisk, and will be lost if your machine is restarted.
WARN [06-02|05:20:32.846]   4. Mining is enabled by default. However, the client will only seal blocks if transactions
WARN [06-02|05:20:32.846]      are pending in the mempool. The miner's minimum accepted gas price is 1.
WARN [06-02|05:20:32.846]   5. Networking is disabled; there is no listen-address, the maximum number of peers is set
WARN [06-02|05:20:32.846]      to 0, and discovery is disabled.
WARN [06-02|05:20:32.846] 
INFO [06-02|05:20:32.846] Starting peer-to-peer node               instance=Geth/v1.17.3-unstable/linux-amd64/go1.24.9
WARN [06-02|05:20:32.846] P2P server will be useless, neither dialing nor listening
INFO [06-02|05:20:32.894] New local node record                    seq=1,780,292,695,549 id=972c5cc0b2a1895c ip=127.0.0.1 udp=0 tcp=0
INFO [06-02|05:20:32.894] Started P2P networking                   self=enode://16ec6c0bde109d66472afe00ec8fee3d30718d830d1acf0829842abca89b82afff8a454636cde3b26d700f98647938c6f23e7bee3027caca0d7f19e4b3725e13@127.0.0.1:0
INFO [06-02|05:20:32.894] IPC endpoint opened                      url=/mnt/state_expiry_vol_data/ubt-vs-pbt-dbs/pbt/geth.ipc
ERROR[06-02|05:20:32.894] Unavailable modules in HTTP API list     unavailable=[personal] available="[admin debug web3 eth txpool miner net dev testing]"
INFO [06-02|05:20:32.895] HTTP server started                      endpoint=127.0.0.1:8545 auth=false prefix= cors= vhosts=localhost
INFO [06-02|05:20:32.895] WebSocket enabled                        url=ws://127.0.0.1:8546
INFO [06-02|05:20:33.768] Loaded local transaction journal         transactions=7796 dropped=0
INFO [06-02|05:20:33.982] Started log indexer
INFO [06-02|05:20:34.013] Starting work on payload                 id=0x033378cfc47fc375
INFO [06-02|05:20:34.015] Updated payload                          id=0x033378cfc47fc375 number=9995 hash=b592b3..eef25c txs=0 withdrawals=0 gas=0 fees=0 root=259118..7f157c elapsed=1.975ms
INFO [06-02|05:20:34.017] Stopping work on payload                 id=0x033378cfc47fc375 reason=delivery
WARN [06-02|05:20:34.038] {"level":"warn","msg":"Slow block","block":{"number":9995,"hash":"0xb592b32ff38e5891bd037ea77406cd10f45654c476ee79f85395f690f5eef25c","gas_used":0,"tx_count":0},"timing":{"execution_ms":0.05599,"state_read_ms":22.118128,"state_hash_ms":0.003335,"commit_ms":0.292987,"total_ms":22.775856},"throughput":{"mgas_per_sec":0},"state_reads":{"accounts":4,"storage_slots":0,"code":0,"code_bytes":0},"state_writes":{"accounts":0,"accounts_deleted":0,"storage_slots":0,"storage_slots_deleted":0,"code":0,"code_bytes":0},"cache":{"account":{"hits":0,"misses":4,"hit_rate":0},"storage":{"hits":0,"misses":0,"hit_rate":0},"code":{"hits":0,"misses":0,"hit_rate":0,"hit_bytes":0,"miss_bytes":0}}}
INFO [06-02|05:20:34.038] Imported new potential chain segment     number=9995 hash=b592b3..eef25c blocks=1 txs=0 mgas=0.000 elapsed=23.271ms mgasps=0.000 triediffs=3.97MiB triedirty=121.21MiB
INFO [06-02|05:20:34.039] Chain head was updated                   number=9995 hash=b592b3..eef25c root=259118..7f157c elapsed="86.091µs"
INFO [06-02|05:20:35.056] Starting work on payload                 id=0x03f2943b24086830
INFO [06-02|05:20:35.058] Updated payload                          id=0x03f2943b24086830 number=9996 hash=74d7c6..7ae176 txs=0 withdrawals=0 gas=0 fees=0 root=259118..7f157c elapsed=1.955ms
INFO [06-02|05:20:35.061] Stopping work on payload                 id=0x03f2943b24086830 reason=delivery
WARN [06-02|05:20:35.113] {"level":"warn","msg":"Slow block","block":{"number":9996,"hash":"0x74d7c60ba911bff7124f8df33ed633862117f4e8bc03ff616d5dd298357ae176","gas_used":0,"tx_count":0},"timing":{"execution_ms":0.331193,"state_read_ms":12.32052,"state_hash_ms":0.003214,"commit_ms":26.674213,"total_ms":54.816595},"throughput":{"mgas_per_sec":0},"state_reads":{"accounts":4,"storage_slots":0,"code":0,"code_bytes":0},"state_writes":{"accounts":0,"accounts_deleted":0,"storage_slots":0,"storage_slots_deleted":0,"code":0,"code_bytes":0},"cache":{"account":{"hits":0,"misses":4,"hit_rate":0},"storage":{"hits":0,"misses":0,"hit_rate":0},"code":{"hits":0,"misses":0,"hit_rate":0,"hit_bytes":0,"miss_bytes":0}}}
INFO [06-02|05:20:35.113] Imported new potential chain segment     number=9996 hash=74d7c6..7ae176 blocks=1 txs=0 mgas=0.000 elapsed=55.161ms   mgasps=0.000 triediffs=3.97MiB triedirty=121.21MiB
INFO [06-02|05:20:35.114] Chain head was updated                   number=9996 hash=74d7c6..7ae176 root=259118..7f157c elapsed="113.373µs"
INFO [06-02|05:20:36.118] Starting work on payload                 id=0x03661b9578d9d8f2
INFO [06-02|05:20:36.211] Updated payload                          id=0x03661b9578d9d8f2 number=9997 hash=e4376d..7169f3 txs=0 withdrawals=0 gas=0 fees=0 root=259118..7f157c elapsed=93.540ms
INFO [06-02|05:20:36.213] Stopping work on payload                 id=0x03661b9578d9d8f2 reason=delivery
WARN [06-02|05:20:36.237] {"level":"warn","msg":"Slow block","block":{"number":9997,"hash":"0xe4376d31c2a9c7e7ffa3a027ff49b08aa3b2439659e3faa6c1bdfdb4cb7169f3","gas_used":0,"tx_count":0},"timing":{"execution_ms":0.047653,"state_read_ms":25.217323,"state_hash_ms":0.002802,"commit_ms":0.177998,"total_ms":25.621538},"throughput":{"mgas_per_sec":0},"state_reads":{"accounts":4,"storage_slots":0,"code":0,"code_bytes":0},"state_writes":{"accounts":0,"accounts_deleted":0,"storage_slots":0,"storage_slots_deleted":0,"code":0,"code_bytes":0},"cache":{"account":{"hits":0,"misses":4,"hit_rate":0},"storage":{"hits":0,"misses":0,"hit_rate":0},"code":{"hits":0,"misses":0,"hit_rate":0,"hit_bytes":0,"miss_bytes":0}}}
INFO [06-02|05:20:36.237] Imported new potential chain segment     number=9997 hash=e4376d..7169f3 blocks=1 txs=0 mgas=0.000 elapsed=25.832ms    mgasps=0.000 triediffs=3.97MiB triedirty=121.21MiB
INFO [06-02|05:20:36.238] Chain head was updated                   number=9997 hash=e4376d..7169f3 root=259118..7f157c elapsed="65.009µs"
INFO [06-02|05:20:37.244] Starting work on payload                 id=0x037abf1cd9d3acae
INFO [06-02|05:20:37.259] Updated payload                          id=0x037abf1cd9d3acae number=9998 hash=3a9f8b..d6f9cf txs=0 withdrawals=0 gas=0 fees=0 root=259118..7f157c elapsed=14.849ms
INFO [06-02|05:20:37.261] Stopping work on payload                 id=0x037abf1cd9d3acae reason=delivery
WARN [06-02|05:20:37.292] {"level":"warn","msg":"Slow block","block":{"number":9998,"hash":"0x3a9f8b3bd8a56b77e38baa82f439bf1fc2d7900e0eeea64144171f64bcd6f9cf","gas_used":0,"tx_count":0},"timing":{"execution_ms":0.041118,"state_read_ms":32.287277,"state_hash_ms":0.002044,"commit_ms":0.170833,"total_ms":32.712386},"throughput":{"mgas_per_sec":0},"state_reads":{"accounts":4,"storage_slots":0,"code":0,"code_bytes":0},"state_writes":{"accounts":0,"accounts_deleted":0,"storage_slots":0,"storage_slots_deleted":0,"code":0,"code_bytes":0},"cache":{"account":{"hits":0,"misses":4,"hit_rate":0},"storage":{"hits":0,"misses":0,"hit_rate":0},"code":{"hits":0,"misses":0,"hit_rate":0,"hit_bytes":0,"miss_bytes":0}}}
INFO [06-02|05:20:37.292] Imported new potential chain segment     number=9998 hash=3a9f8b..d6f9cf blocks=1 txs=0 mgas=0.000 elapsed=32.927ms    mgasps=0.000 triediffs=3.97MiB triedirty=121.21MiB
INFO [06-02|05:20:37.293] Chain head was updated                   number=9998 hash=3a9f8b..d6f9cf root=259118..7f157c elapsed="203.607µs"
INFO [06-02|05:20:38.197] Submitted contract creation              hash=0x392819190667215827901b25ee3c2d6aad7df086ed3515923128b6197a37f4e9 from=0xf39Fd6e51aad88F6F4ce6aB8827279cffFb92266 nonce=2727 contract=0x6d041EF9096F7013d27fF7a41c17971201499879 value=0
INFO [06-02|05:20:38.197] Submitted transaction                    hash=0x4c141fda7b7b378dcf489960a236eefbffd5b63e41969805d28cca1cfe1419e2 from=0xf39Fd6e51aad88F6F4ce6aB8827279cffFb92266 nonce=2728 recipient=0x33A979706D99A1F6F15B271fC0Da4A0aa4Fb93f8 value=208,000,000
INFO [06-02|05:20:38.297] Starting work on payload                 id=0x03e67719021e7ec4
INFO [06-02|05:20:38.361] Updated payload                          id=0x03e67719021e7ec4 number=9999 hash=53de67..76a103 txs=2 withdrawals=0 gas=86950 fees=5.217e-13 root=71f169..87a2c3 elapsed=64.634ms
INFO [06-02|05:20:38.362] Stopping work on payload                 id=0x03e67719021e7ec4 reason=delivery
WARN [06-02|05:20:38.424] {"level":"warn","msg":"Slow block","block":{"number":9999,"hash":"0x53de67e782e95c04a4e7f88d52db04c80ed7dc79ed721618d5345c112876a103","gas_used":86950,"tx_count":2},"timing":{"execution_ms":0.118588,"state_read_ms":13.30482,"state_hash_ms":18.762373,"commit_ms":4.924097,"total_ms":62.430357},"throughput":{"mgas_per_sec":1.3927519267589643},"state_reads":{"accounts":11,"storage_slots":0,"code":0,"code_bytes":0},"state_writes":{"accounts":3,"accounts_deleted":0,"storage_slots":0,"storage_slots_deleted":0,"code":1,"code_bytes":165},"cache":{"account":{"hits":6,"misses":5,"hit_rate":54.54545454545454},"storage":{"hits":0,"misses":0,"hit_rate":0},"code":{"hits":0,"misses":0,"hit_rate":0,"hit_bytes":0,"miss_bytes":0}}}
INFO [06-02|05:20:38.424] Imported new potential chain segment     number=9999 hash=53de67..76a103 blocks=1 txs=2 mgas=0.087 elapsed=62.628ms    mgasps=1.388 triediffs=3.98MiB triedirty=121.21MiB
INFO [06-02|05:20:38.425] Chain head was updated                   number=9999 hash=53de67..76a103 root=71f169..87a2c3 elapsed="141.416µs"
INFO [06-02|05:20:39.210] Submitted transaction                    hash=0x090ecf61582c4c3677a0764779a6d38e7d077e87c50ecb5ba9985244c342d9e2 from=0x33A979706D99A1F6F15B271fC0Da4A0aa4Fb93f8 nonce=0    recipient=0x6d041EF9096F7013d27fF7a41c17971201499879 value=0
INFO [06-02|05:20:39.429] Starting work on payload                 id=0x0305d90a976a90e0
INFO [06-02|05:20:39.506] Updated payload                          id=0x0305d90a976a90e0 number=10000 hash=7e2a98..90e944 txs=1 withdrawals=0 gas=15,907,300 fees=9.54438e-11 root=2cc326..b4e8a6 elapsed=76.892ms
INFO [06-02|05:20:39.506] Stopping work on payload                 id=0x0305d90a976a90e0 reason=delivery
WARN [06-02|05:20:39.584] {"level":"warn","msg":"Slow block","block":{"number":10000,"hash":"0x7e2a9889fed3f712fb177eacc32dc8f5c4029dbd3f48a25d101b706e0e90e944","gas_used":15907300,"tx_count":1},"timing":{"execution_ms":13.191482,"state_read_ms":36.508223,"state_hash_ms":23.086947,"commit_ms":3.981073,"total_ms":76.956028},"throughput":{"mgas_per_sec":206.706354439187},"state_reads":{"accounts":17,"storage_slots":764,"code":11,"code_bytes":445},"state_writes":{"accounts":12,"accounts_deleted":0,"storage_slots":692,"storage_slots_deleted":0,"code":0,"code_bytes":0},"cache":{"account":{"hits":7,"misses":10,"hit_rate":41.17647058823529},"storage":{"hits":277,"misses":487,"hit_rate":36.2565445026178},"code":{"hits":11,"misses":0,"hit_rate":100,"hit_bytes":445,"miss_bytes":0}}}
INFO [06-02|05:20:39.584] Imported new potential chain segment     number=10000 hash=7e2a98..90e944 blocks=1 txs=1 mgas=15.907 elapsed=77.180ms    mgasps=206.106 triediffs=4.18MiB triedirty=121.21MiB
INFO [06-02|05:20:39.584] Chain head was updated                   number=10000 hash=7e2a98..90e944 root=2cc326..b4e8a6 elapsed="130.654µs"
INFO [06-02|05:20:40.224] Submitted transaction                    hash=0xc75dd4702224a5bcb41ce990866a5562e27968637c996df0445ccd67c54594f0 from=0x33A979706D99A1F6F15B271fC0Da4A0aa4Fb93f8 nonce=1    recipient=0xf39Fd6e51aad88F6F4ce6aB8827279cffFb92266 value=953,100
INFO [06-02|05:20:40.588] Starting work on payload                 id=0x03ee9373a82348cc
INFO [06-02|05:20:40.632] Updated payload                          id=0x03ee9373a82348cc number=10001 hash=cfd2b0..0c2580 txs=1 withdrawals=0 gas=21000      fees=2.1e-14     root=193b1d..448538 elapsed=43.633ms
INFO [06-02|05:20:40.641] Stopping work on payload                 id=0x03ee9373a82348cc reason=delivery
WARN [06-02|05:20:40.654] {"level":"warn","msg":"Slow block","block":{"number":10001,"hash":"0xcfd2b09ce987f80c5cf020778cc501b08cbae1267ccba274381a14dd120c2580","gas_used":21000,"tx_count":1},"timing":{"execution_ms":0.210743,"state_read_ms":14.397501,"state_hash_ms":6.489821,"commit_ms":0.823248,"total_ms":22.157902},"throughput":{"mgas_per_sec":0.9477431572718392},"state_reads":{"accounts":6,"storage_slots":0,"code":0,"code_bytes":0},"state_writes":{"accounts":2,"accounts_deleted":0,"storage_slots":0,"storage_slots_deleted":0,"code":0,"code_bytes":0},"cache":{"account":{"hits":0,"misses":6,"hit_rate":0},"storage":{"hits":0,"misses":0,"hit_rate":0},"code":{"hits":0,"misses":0,"hit_rate":0,"hit_bytes":0,"miss_bytes":0}}}
INFO [06-02|05:20:40.654] Imported new potential chain segment     number=10001 hash=cfd2b0..0c2580 blocks=1 txs=1 mgas=0.021  elapsed=22.352ms    mgasps=0.939   triediffs=4.18MiB triedirty=121.21MiB
INFO [06-02|05:20:40.655] Chain head was updated                   number=10001 hash=cfd2b0..0c2580 root=193b1d..448538 elapsed="79.116µs"
