WARN [06-02|05:45:07.167] Unknown config environment variable      envvar=GETH_PBT_BIN
WARN [06-02|05:45:07.167] Unknown config environment variable      envvar=GETH_UBT_BIN
INFO [06-02|05:45:07.177] Starting Geth on Ethereum mainnet...
INFO [06-02|05:45:07.179] Maximum peer count                       ETH=0 total=0
INFO [06-02|05:45:07.180] Smartcard socket not found, disabling    err="stat /run/pcscd/pcscd.comm: no such file or directory"
WARN [06-02|05:45:07.186] Option --miner.etherbase is deprecated as the etherbase is set by the consensus client post-merge
INFO [06-02|05:45:07.189] Set global gas cap                       cap=50,000,000
INFO [06-02|05:45:07.990] Using developer account                  address=0xf39Fd6e51aad88F6F4ce6aB8827279cffFb92266
INFO [06-02|05:45:08.027] Using pebble as the backing database
INFO [06-02|05:45:08.027] Allocated cache and file handles         database=/mnt/state_expiry_vol_data/ubt-vs-pbt-dbs/pbt/geth/chaindata cache=2.00GiB handles=262,144
INFO [06-02|05:45:08.250] Opened ancient database                  database=/mnt/state_expiry_vol_data/ubt-vs-pbt-dbs/pbt/geth/chaindata/ancient/chain readonly=true
INFO [06-02|05:45:08.250] Opened Era store                         datadir=/mnt/state_expiry_vol_data/ubt-vs-pbt-dbs/pbt/geth/chaindata/ancient/chain/era
INFO [06-02|05:45:08.260] Initializing the KZG library             backend=gokzg
INFO [06-02|05:45:08.262] Allocated trie memory caches             clean=614.00MiB dirty=1.00GiB
INFO [06-02|05:45:08.271] Using pebble as the backing database
INFO [06-02|05:45:08.271] Allocated cache and file handles         database=/mnt/state_expiry_vol_data/ubt-vs-pbt-dbs/pbt/geth/chaindata cache=2.00GiB handles=262,144
INFO [06-02|05:45:08.472] Opened ancient database                  database=/mnt/state_expiry_vol_data/ubt-vs-pbt-dbs/pbt/geth/chaindata/ancient/chain readonly=false
INFO [06-02|05:45:08.472] Opened Era store                         datadir=/mnt/state_expiry_vol_data/ubt-vs-pbt-dbs/pbt/geth/chaindata/ancient/chain/era
INFO [06-02|05:45:08.483] State scheme set to already existing     scheme=path
INFO [06-02|05:45:08.484] Initialising Ethereum protocol           network=1337 dbversion=9
WARN [06-02|05:45:08.484] Sanitizing invalid node buffer size      provided=1.00GiB updated=256.00MiB
INFO [06-02|05:45:08.484] Load database journal from file          path=/mnt/state_expiry_vol_data/ubt-vs-pbt-dbs/pbt/geth/triedb/verkle.journal
INFO [06-02|05:45:11.668] Opened ancient database                  database=/mnt/state_expiry_vol_data/ubt-vs-pbt-dbs/pbt/geth/chaindata/ancient/state_verkle readonly=false
INFO [06-02|05:45:11.669] State snapshot generator is not compatible
INFO [06-02|05:45:11.669] Initialized path database                triecache=614.00MiB statecache=409.00MiB buffer=256.00MiB state-history="last 90000 blocks" journal-dir=/mnt/state_expiry_vol_data/ubt-vs-pbt-dbs/pbt/geth/triedb verkle=true
INFO [06-02|05:45:11.669] 
INFO [06-02|05:45:11.669] ---------------------------------------------------------------------------------------------------------------------------------------------------------
INFO [06-02|05:45:11.669] Chain ID:  1337 (unknown)
INFO [06-02|05:45:11.669] Consensus: unknown
INFO [06-02|05:45:11.669] 
INFO [06-02|05:45:11.669] Pre-Merge hard forks (block based):
INFO [06-02|05:45:11.669]  - Homestead:                   #0       
INFO [06-02|05:45:11.669]  - Tangerine Whistle (EIP 150): #0       
INFO [06-02|05:45:11.669]  - Spurious Dragon/1 (EIP 155): #0       
INFO [06-02|05:45:11.669]  - Spurious Dragon/2 (EIP 158): #0       
INFO [06-02|05:45:11.669]  - Byzantium:                   #0       
INFO [06-02|05:45:11.669]  - Constantinople:              #0       
INFO [06-02|05:45:11.669]  - Petersburg:                  #0       
INFO [06-02|05:45:11.669]  - Istanbul:                    #0       
INFO [06-02|05:45:11.669]  - Berlin:                      #0       
INFO [06-02|05:45:11.669]  - London:                      #0       
INFO [06-02|05:45:11.669]  - Arrow Glacier:               #0       
INFO [06-02|05:45:11.669]  - Gray Glacier:                #0       
INFO [06-02|05:45:11.669] 
INFO [06-02|05:45:11.669] Merge configured:
INFO [06-02|05:45:11.669]  - Total terminal difficulty:  0
INFO [06-02|05:45:11.669]  - Merge netsplit block:       #0       
INFO [06-02|05:45:11.669] 
INFO [06-02|05:45:11.669] Post-Merge hard forks (timestamp based):
INFO [06-02|05:45:11.669]  - Shanghai:                    @0         
INFO [06-02|05:45:11.669]  - Cancun:                      @0          blob: (target: 3, max: 6, fraction: 3338477)
INFO [06-02|05:45:11.669]  - Prague:                      @0          blob: (target: 6, max: 9, fraction: 5007716)
INFO [06-02|05:45:11.669]  - Osaka:                       @0          blob: (target: 6, max: 9, fraction: 5007716)
INFO [06-02|05:45:11.669]  - UBT:                         @0          blob: (nil)
INFO [06-02|05:45:11.669] 
INFO [06-02|05:45:11.669] All fork specifications can be found at https://ethereum.github.io/execution-specs/src/ethereum/forks/
INFO [06-02|05:45:11.669] 
INFO [06-02|05:45:11.669] ---------------------------------------------------------------------------------------------------------------------------------------------------------
INFO [06-02|05:45:11.669] 
INFO [06-02|05:45:11.671] Loaded most recent local block           number=10652 hash=47df6d..fc61fc age=10s
INFO [06-02|05:45:11.671] Loaded most recent local finalized block number=10624 hash=80dce4..915bd1 age=1m9s
INFO [06-02|05:45:11.672] Initialized transaction indexer          range="last 2350000 blocks"
INFO [06-02|05:45:11.672] Initialized log indexer                  firstblock=0 lastblock=10652 firstmap=0 lastmap=0 headindexed=true
INFO [06-02|05:45:11.690] Enabled full-sync                        head=10652 hash=47df6d..fc61fc
INFO [06-02|05:45:11.690] Unprotected transactions allowed
INFO [06-02|05:45:11.690] Gasprice oracle is ignoring threshold set threshold=2
WARN [06-02|05:45:11.690] Unclean shutdown detected                booted=2026-06-02T02:34:44+0000 age=3h10m27s
INFO [06-02|05:45:11.691] Registered sync override service
WARN [06-02|05:45:11.691] You are running Geth in --dev mode. Please note the following:
WARN [06-02|05:45:11.691] 
WARN [06-02|05:45:11.691]   1. This mode is only intended for fast, iterative development without assumptions on
WARN [06-02|05:45:11.691]      security or persistence.
WARN [06-02|05:45:11.691]   2. The database is created in memory unless specified otherwise. Therefore, shutting down
WARN [06-02|05:45:11.691]      your computer or losing power will wipe your entire block data and chain state for
WARN [06-02|05:45:11.691]      your dev environment.
WARN [06-02|05:45:11.691]   3. A random, pre-allocated developer account will be available and unlocked as
WARN [06-02|05:45:11.691]      eth.coinbase, which can be used for testing. The random dev account is temporary,
WARN [06-02|05:45:11.691]      stored on a ramdisk, and will be lost if your machine is restarted.
WARN [06-02|05:45:11.691]   4. Mining is enabled by default. However, the client will only seal blocks if transactions
WARN [06-02|05:45:11.691]      are pending in the mempool. The miner's minimum accepted gas price is 1.
WARN [06-02|05:45:11.691]   5. Networking is disabled; there is no listen-address, the maximum number of peers is set
WARN [06-02|05:45:11.691]      to 0, and discovery is disabled.
WARN [06-02|05:45:11.691] 
INFO [06-02|05:45:11.691] Starting peer-to-peer node               instance=Geth/v1.17.3-unstable/linux-amd64/go1.24.9
WARN [06-02|05:45:11.691] P2P server will be useless, neither dialing nor listening
INFO [06-02|05:45:11.709] IPC endpoint opened                      url=/mnt/state_expiry_vol_data/ubt-vs-pbt-dbs/pbt/geth.ipc
ERROR[06-02|05:45:11.709] Unavailable modules in HTTP API list     unavailable=[personal] available="[admin debug web3 eth txpool miner net dev testing]"
INFO [06-02|05:45:11.709] New local node record                    seq=1,780,292,695,639 id=972c5cc0b2a1895c ip=127.0.0.1 udp=0 tcp=0
INFO [06-02|05:45:11.709] Started P2P networking                   self=enode://16ec6c0bde109d66472afe00ec8fee3d30718d830d1acf0829842abca89b82afff8a454636cde3b26d700f98647938c6f23e7bee3027caca0d7f19e4b3725e13@127.0.0.1:0
INFO [06-02|05:45:11.709] HTTP server started                      endpoint=127.0.0.1:8545 auth=false prefix= cors= vhosts=localhost
INFO [06-02|05:45:11.709] WebSocket enabled                        url=ws://127.0.0.1:8546
INFO [06-02|05:45:12.573] Loaded local transaction journal         transactions=8156 dropped=0
INFO [06-02|05:45:12.757] Started log indexer
INFO [06-02|05:45:12.780] Starting work on payload                 id=0x03c4ff58598af0e2
INFO [06-02|05:45:12.781] Updated payload                          id=0x03c4ff58598af0e2 number=10653 hash=5d26ca..578afd txs=0 withdrawals=0 gas=0 fees=0 root=c2c4df..2a8774 elapsed="757.135µs"
INFO [06-02|05:45:12.781] Stopping work on payload                 id=0x03c4ff58598af0e2 reason=delivery
WARN [06-02|05:45:12.787] {"level":"warn","msg":"Slow block","block":{"number":10653,"hash":"0x5d26ca540dc3a798b66a74f4eaedbfe8a0b17b880b61200feb2847fa98578afd","gas_used":0,"tx_count":0},"timing":{"execution_ms":0.044702,"state_read_ms":4.076649,"state_hash_ms":0.001766,"commit_ms":0.885425,"total_ms":5.806841},"throughput":{"mgas_per_sec":0},"state_reads":{"accounts":4,"storage_slots":0,"code":0,"code_bytes":0},"state_writes":{"accounts":0,"accounts_deleted":0,"storage_slots":0,"storage_slots_deleted":0,"code":0,"code_bytes":0},"cache":{"account":{"hits":0,"misses":4,"hit_rate":0},"storage":{"hits":0,"misses":0,"hit_rate":0},"code":{"hits":0,"misses":0,"hit_rate":0,"hit_bytes":0,"miss_bytes":0}}}
INFO [06-02|05:45:12.788] Imported new potential chain segment     number=10653 hash=5d26ca..578afd blocks=1 txs=0 mgas=0.000 elapsed=6.833ms     mgasps=0.000 triediffs=105.80MiB triedirty=126.66MiB
INFO [06-02|05:45:12.789] Chain head was updated                   number=10653 hash=5d26ca..578afd root=c2c4df..2a8774 elapsed="662.476µs"
INFO [06-02|05:45:13.805] Starting work on payload                 id=0x037410a73da4ac19
INFO [06-02|05:45:13.820] Updated payload                          id=0x037410a73da4ac19 number=10654 hash=0982db..0ac33d txs=0 withdrawals=0 gas=0 fees=0 root=c2c4df..2a8774 elapsed=14.375ms
INFO [06-02|05:45:13.820] Stopping work on payload                 id=0x037410a73da4ac19 reason=delivery
WARN [06-02|05:45:13.821] {"level":"warn","msg":"Slow block","block":{"number":10654,"hash":"0x0982db7d03db8019b7285b33029afdf22b9f8f9b4791738cce3525e2c50ac33d","gas_used":0,"tx_count":0},"timing":{"execution_ms":0.03365,"state_read_ms":0.601907,"state_hash_ms":0.001533,"commit_ms":0.132669,"total_ms":0.952417},"throughput":{"mgas_per_sec":0},"state_reads":{"accounts":4,"storage_slots":0,"code":0,"code_bytes":0},"state_writes":{"accounts":0,"accounts_deleted":0,"storage_slots":0,"storage_slots_deleted":0,"code":0,"code_bytes":0},"cache":{"account":{"hits":0,"misses":4,"hit_rate":0},"storage":{"hits":0,"misses":0,"hit_rate":0},"code":{"hits":0,"misses":0,"hit_rate":0,"hit_bytes":0,"miss_bytes":0}}}
INFO [06-02|05:45:13.821] Imported new potential chain segment     number=10654 hash=0982db..0ac33d blocks=1 txs=0 mgas=0.000 elapsed=1.625ms     mgasps=0.000 triediffs=105.80MiB triedirty=126.66MiB
INFO [06-02|05:45:13.822] Chain head was updated                   number=10654 hash=0982db..0ac33d root=c2c4df..2a8774 elapsed="59.294µs"
INFO [06-02|05:45:14.838] Starting work on payload                 id=0x032091b0360334af
INFO [06-02|05:45:14.894] Updated payload                          id=0x032091b0360334af number=10655 hash=7dbb42..083608 txs=0 withdrawals=0 gas=0 fees=0 root=c2c4df..2a8774 elapsed=55.559ms
INFO [06-02|05:45:14.894] Stopping work on payload                 id=0x032091b0360334af reason=delivery
WARN [06-02|05:45:14.901] {"level":"warn","msg":"Slow block","block":{"number":10655,"hash":"0x7dbb424fb99184aae14f3914db0115aa8356d6d900a71517f034c27966083608","gas_used":0,"tx_count":0},"timing":{"execution_ms":0.050224,"state_read_ms":2.95119,"state_hash_ms":0.002299,"commit_ms":0.188941,"total_ms":6.226678},"throughput":{"mgas_per_sec":0},"state_reads":{"accounts":4,"storage_slots":0,"code":0,"code_bytes":0},"state_writes":{"accounts":0,"accounts_deleted":0,"storage_slots":0,"storage_slots_deleted":0,"code":0,"code_bytes":0},"cache":{"account":{"hits":0,"misses":4,"hit_rate":0},"storage":{"hits":0,"misses":0,"hit_rate":0},"code":{"hits":0,"misses":0,"hit_rate":0,"hit_bytes":0,"miss_bytes":0}}}
INFO [06-02|05:45:14.901] Imported new potential chain segment     number=10655 hash=7dbb42..083608 blocks=1 txs=0 mgas=0.000 elapsed=6.462ms     mgasps=0.000 triediffs=105.80MiB triedirty=126.66MiB
INFO [06-02|05:45:14.901] Chain head was updated                   number=10655 hash=7dbb42..083608 root=c2c4df..2a8774 elapsed="305.409µs"
INFO [06-02|05:45:15.906] Starting work on payload                 id=0x0390dde33daf14d9
INFO [06-02|05:45:15.909] Updated payload                          id=0x0390dde33daf14d9 number=10656 hash=d5d31f..545c5b txs=0 withdrawals=0 gas=0 fees=0 root=c2c4df..2a8774 elapsed=3.043ms
INFO [06-02|05:45:15.909] Stopping work on payload                 id=0x0390dde33daf14d9 reason=delivery
WARN [06-02|05:45:15.918] {"level":"warn","msg":"Slow block","block":{"number":10656,"hash":"0xd5d31f9f2a5d3a6d6795e0300f4486443623cf2c28a5fe1aa7ba741b1f545c5b","gas_used":0,"tx_count":0},"timing":{"execution_ms":0.029514,"state_read_ms":8.563927,"state_hash_ms":0.002485,"commit_ms":0.174559,"total_ms":8.931815},"throughput":{"mgas_per_sec":0},"state_reads":{"accounts":4,"storage_slots":0,"code":0,"code_bytes":0},"state_writes":{"accounts":0,"accounts_deleted":0,"storage_slots":0,"storage_slots_deleted":0,"code":0,"code_bytes":0},"cache":{"account":{"hits":0,"misses":4,"hit_rate":0},"storage":{"hits":0,"misses":0,"hit_rate":0},"code":{"hits":0,"misses":0,"hit_rate":0,"hit_bytes":0,"miss_bytes":0}}}
INFO [06-02|05:45:15.918] Imported new potential chain segment     number=10656 hash=d5d31f..545c5b blocks=1 txs=0 mgas=0.000 elapsed=9.127ms     mgasps=0.000 triediffs=105.80MiB triedirty=126.66MiB
INFO [06-02|05:45:15.919] Chain head was updated                   number=10656 hash=d5d31f..545c5b root=c2c4df..2a8774 elapsed="56.72µs"
INFO [06-02|05:45:16.547] Submitted contract creation              hash=0xfe4feb757a76be938f3e45c277c8c6381033d566613c5731f09eef3edce9eee8 from=0xf39Fd6e51aad88F6F4ce6aB8827279cffFb92266 nonce=2907 contract=0xdf5Ae966f5ac119c53378473E430Dd34304107c1 value=0
INFO [06-02|05:45:16.547] Submitted transaction                    hash=0x724fad62cf1b5aa7f0e85a8f451b707c74a1b5dc9ff0937c33281271218e8680 from=0xf39Fd6e51aad88F6F4ce6aB8827279cffFb92266 nonce=2908 recipient=0x937eEd87de3e96555C628c98f5be8C8F85c72783 value=208,000,000
INFO [06-02|05:45:16.923] Starting work on payload                 id=0x037efaef78ad1938
INFO [06-02|05:45:16.946] Updated payload                          id=0x037efaef78ad1938 number=10657 hash=11ce6e..061283 txs=2 withdrawals=0 gas=91690 fees=5.5014e-13 root=185f18..e0eaa3 elapsed=22.937ms
INFO [06-02|05:45:16.958] Stopping work on payload                 id=0x037efaef78ad1938 reason=delivery
WARN [06-02|05:45:17.029] {"level":"warn","msg":"Slow block","block":{"number":10657,"hash":"0x11ce6e118b6d4e3ccfccc14f5b7f1032549e40879a727476b99a751d69061283","gas_used":91690,"tx_count":2},"timing":{"execution_ms":0.387343,"state_read_ms":19.913047,"state_hash_ms":53.984516,"commit_ms":8.075335,"total_ms":82.543745},"throughput":{"mgas_per_sec":1.110804943487844},"state_reads":{"accounts":11,"storage_slots":0,"code":0,"code_bytes":0},"state_writes":{"accounts":3,"accounts_deleted":0,"storage_slots":0,"storage_slots_deleted":0,"code":1,"code_bytes":303},"cache":{"account":{"hits":4,"misses":7,"hit_rate":36.36363636363637},"storage":{"hits":0,"misses":0,"hit_rate":0},"code":{"hits":0,"misses":0,"hit_rate":0,"hit_bytes":0,"miss_bytes":0}}}
INFO [06-02|05:45:17.029] Imported new potential chain segment     number=10657 hash=11ce6e..061283 blocks=1 txs=2 mgas=0.092 elapsed=82.764ms    mgasps=1.108 triediffs=103.46MiB triedirty=126.76MiB
INFO [06-02|05:45:17.029] Chain head was updated                   number=10657 hash=11ce6e..061283 root=185f18..e0eaa3 elapsed="146.494µs"
INFO [06-02|05:45:17.563] Submitted transaction                    hash=0xdca9fd80874cefd809340c97be7a21a1cd029560734a0e6fbba144c7f769cd29 from=0x937eEd87de3e96555C628c98f5be8C8F85c72783 nonce=0    recipient=0xdf5Ae966f5ac119c53378473E430Dd34304107c1 value=0
INFO [06-02|05:45:18.044] Starting work on payload                 id=0x03ea0d16cb0b1991
INFO [06-02|05:45:18.242] Updated payload                          id=0x03ea0d16cb0b1991 number=10658 hash=cc3c40..2bbcb9 txs=1 withdrawals=0 gas=15,913,250 fees=9.54795e-11 root=bcdccf..6dc9c8 elapsed=198.722ms
INFO [06-02|05:45:18.243] Stopping work on payload                 id=0x03ea0d16cb0b1991 reason=delivery
WARN [06-02|05:45:18.434] {"level":"warn","msg":"Slow block","block":{"number":10658,"hash":"0xcc3c40c2dcb601b330a66bd5af7a7e467d3b1d1b34b2c4b056051a92652bbcb9","gas_used":15913250,"tx_count":1},"timing":{"execution_ms":172.463687,"state_read_ms":12.713016,"state_hash_ms":3.655619,"commit_ms":1.715952,"total_ms":190.721733},"throughput":{"mgas_per_sec":83.43700400415301},"state_reads":{"accounts":8,"storage_slots":1731,"code":2,"code_bytes":331},"state_writes":{"accounts":3,"accounts_deleted":0,"storage_slots":264,"storage_slots_deleted":0,"code":0,"code_bytes":0},"cache":{"account":{"hits":3,"misses":5,"hit_rate":37.5},"storage":{"hits":1083,"misses":648,"hit_rate":62.56499133448874},"code":{"hits":2,"misses":0,"hit_rate":100,"hit_bytes":331,"miss_bytes":0}}}
INFO [06-02|05:45:18.434] Imported new potential chain segment     number=10658 hash=cc3c40..2bbcb9 blocks=1 txs=1 mgas=15.913 elapsed=190.957ms   mgasps=83.334 triediffs=103.52MiB triedirty=126.76MiB
INFO [06-02|05:45:18.434] Chain head was updated                   number=10658 hash=cc3c40..2bbcb9 root=bcdccf..6dc9c8 elapsed="128.319µs"
INFO [06-02|05:45:18.578] Submitted transaction                    hash=0xc8b40d257fc78e2de4b5778daeed7d066ec721a9037e94256243c424953ccd85 from=0x937eEd87de3e96555C628c98f5be8C8F85c72783 nonce=1    recipient=0xf39Fd6e51aad88F6F4ce6aB8827279cffFb92266 value=875,750
INFO [06-02|05:45:19.450] Starting work on payload                 id=0x0370e887e0374fdf
INFO [06-02|05:45:19.506] Updated payload                          id=0x0370e887e0374fdf number=10659 hash=2947df..962bda txs=1 withdrawals=0 gas=21000      fees=2.1e-14     root=e59b94..c6e17b elapsed=55.942ms
INFO [06-02|05:45:19.506] Stopping work on payload                 id=0x0370e887e0374fdf reason=delivery
WARN [06-02|05:45:19.561] {"level":"warn","msg":"Slow block","block":{"number":10659,"hash":"0x2947dffe9456eba1adbe8b2271dac58ce5ab67478724d25ac4801d5ca0962bda","gas_used":21000,"tx_count":1},"timing":{"execution_ms":0.064327,"state_read_ms":33.738052,"state_hash_ms":19.482781,"commit_ms":0.881137,"total_ms":54.404382},"throughput":{"mgas_per_sec":0.38599831903246323},"state_reads":{"accounts":6,"storage_slots":0,"code":0,"code_bytes":0},"state_writes":{"accounts":2,"accounts_deleted":0,"storage_slots":0,"storage_slots_deleted":0,"code":0,"code_bytes":0},"cache":{"account":{"hits":2,"misses":4,"hit_rate":33.33333333333333},"storage":{"hits":0,"misses":0,"hit_rate":0},"code":{"hits":0,"misses":0,"hit_rate":0,"hit_bytes":0,"miss_bytes":0}}}
INFO [06-02|05:45:19.561] Imported new potential chain segment     number=10659 hash=2947df..962bda blocks=1 txs=1 mgas=0.021  elapsed=54.598ms    mgasps=0.385  triediffs=103.52MiB triedirty=126.77MiB
INFO [06-02|05:45:19.561] Chain head was updated                   number=10659 hash=2947df..962bda root=e59b94..c6e17b elapsed="91.682µs"
