WARN [06-02|05:36:44.196] Unknown config environment variable      envvar=GETH_PBT_BIN
WARN [06-02|05:36:44.196] Unknown config environment variable      envvar=GETH_UBT_BIN
INFO [06-02|05:36:44.207] Starting Geth on Ethereum mainnet...
INFO [06-02|05:36:44.209] Maximum peer count                       ETH=0 total=0
INFO [06-02|05:36:44.210] Smartcard socket not found, disabling    err="stat /run/pcscd/pcscd.comm: no such file or directory"
WARN [06-02|05:36:44.215] Option --miner.etherbase is deprecated as the etherbase is set by the consensus client post-merge
INFO [06-02|05:36:44.218] Set global gas cap                       cap=50,000,000
INFO [06-02|05:36:45.018] Using developer account                  address=0xf39Fd6e51aad88F6F4ce6aB8827279cffFb92266
INFO [06-02|05:36:45.055] Using pebble as the backing database
INFO [06-02|05:36:45.055] Allocated cache and file handles         database=/mnt/state_expiry_vol_data/ubt-vs-pbt-dbs/pbt/geth/chaindata cache=2.00GiB handles=262,144
INFO [06-02|05:36:45.289] Opened ancient database                  database=/mnt/state_expiry_vol_data/ubt-vs-pbt-dbs/pbt/geth/chaindata/ancient/chain readonly=true
INFO [06-02|05:36:45.289] Opened Era store                         datadir=/mnt/state_expiry_vol_data/ubt-vs-pbt-dbs/pbt/geth/chaindata/ancient/chain/era
INFO [06-02|05:36:45.296] Initializing the KZG library             backend=gokzg
INFO [06-02|05:36:45.297] Allocated trie memory caches             clean=614.00MiB dirty=1.00GiB
INFO [06-02|05:36:45.305] Using pebble as the backing database
INFO [06-02|05:36:45.305] Allocated cache and file handles         database=/mnt/state_expiry_vol_data/ubt-vs-pbt-dbs/pbt/geth/chaindata cache=2.00GiB handles=262,144
INFO [06-02|05:36:45.530] Opened ancient database                  database=/mnt/state_expiry_vol_data/ubt-vs-pbt-dbs/pbt/geth/chaindata/ancient/chain readonly=false
INFO [06-02|05:36:45.530] Opened Era store                         datadir=/mnt/state_expiry_vol_data/ubt-vs-pbt-dbs/pbt/geth/chaindata/ancient/chain/era
INFO [06-02|05:36:45.537] State scheme set to already existing     scheme=path
INFO [06-02|05:36:45.537] Initialising Ethereum protocol           network=1337 dbversion=9
WARN [06-02|05:36:45.537] Sanitizing invalid node buffer size      provided=1.00GiB updated=256.00MiB
INFO [06-02|05:36:45.538] Load database journal from file          path=/mnt/state_expiry_vol_data/ubt-vs-pbt-dbs/pbt/geth/triedb/verkle.journal
INFO [06-02|05:36:48.300] Opened ancient database                  database=/mnt/state_expiry_vol_data/ubt-vs-pbt-dbs/pbt/geth/chaindata/ancient/state_verkle readonly=false
INFO [06-02|05:36:48.302] State snapshot generator is not compatible
INFO [06-02|05:36:48.302] Initialized path database                triecache=614.00MiB statecache=409.00MiB buffer=256.00MiB state-history="last 90000 blocks" journal-dir=/mnt/state_expiry_vol_data/ubt-vs-pbt-dbs/pbt/geth/triedb verkle=true
INFO [06-02|05:36:48.302] 
INFO [06-02|05:36:48.302] ---------------------------------------------------------------------------------------------------------------------------------------------------------
INFO [06-02|05:36:48.302] Chain ID:  1337 (unknown)
INFO [06-02|05:36:48.302] Consensus: unknown
INFO [06-02|05:36:48.302] 
INFO [06-02|05:36:48.302] Pre-Merge hard forks (block based):
INFO [06-02|05:36:48.302]  - Homestead:                   #0       
INFO [06-02|05:36:48.302]  - Tangerine Whistle (EIP 150): #0       
INFO [06-02|05:36:48.302]  - Spurious Dragon/1 (EIP 155): #0       
INFO [06-02|05:36:48.302]  - Spurious Dragon/2 (EIP 158): #0       
INFO [06-02|05:36:48.302]  - Byzantium:                   #0       
INFO [06-02|05:36:48.302]  - Constantinople:              #0       
INFO [06-02|05:36:48.302]  - Petersburg:                  #0       
INFO [06-02|05:36:48.302]  - Istanbul:                    #0       
INFO [06-02|05:36:48.302]  - Berlin:                      #0       
INFO [06-02|05:36:48.302]  - London:                      #0       
INFO [06-02|05:36:48.302]  - Arrow Glacier:               #0       
INFO [06-02|05:36:48.302]  - Gray Glacier:                #0       
INFO [06-02|05:36:48.302] 
INFO [06-02|05:36:48.302] Merge configured:
INFO [06-02|05:36:48.302]  - Total terminal difficulty:  0
INFO [06-02|05:36:48.302]  - Merge netsplit block:       #0       
INFO [06-02|05:36:48.302] 
INFO [06-02|05:36:48.302] Post-Merge hard forks (timestamp based):
INFO [06-02|05:36:48.302]  - Shanghai:                    @0         
INFO [06-02|05:36:48.302]  - Cancun:                      @0          blob: (target: 3, max: 6, fraction: 3338477)
INFO [06-02|05:36:48.302]  - Prague:                      @0          blob: (target: 6, max: 9, fraction: 5007716)
INFO [06-02|05:36:48.302]  - Osaka:                       @0          blob: (target: 6, max: 9, fraction: 5007716)
INFO [06-02|05:36:48.302]  - UBT:                         @0          blob: (nil)
INFO [06-02|05:36:48.302] 
INFO [06-02|05:36:48.302] All fork specifications can be found at https://ethereum.github.io/execution-specs/src/ethereum/forks/
INFO [06-02|05:36:48.302] 
INFO [06-02|05:36:48.302] ---------------------------------------------------------------------------------------------------------------------------------------------------------
INFO [06-02|05:36:48.302] 
INFO [06-02|05:36:48.304] Loaded most recent local block           number=10442 hash=c26b90..79621a age=9s
INFO [06-02|05:36:48.304] Loaded most recent local finalized block number=10432 hash=dcc30c..063368 age=30s
INFO [06-02|05:36:48.305] Initialized transaction indexer          range="last 2350000 blocks"
INFO [06-02|05:36:48.306] Initialized log indexer                  firstblock=0 lastblock=10442 firstmap=0 lastmap=0 headindexed=true
INFO [06-02|05:36:48.342] Enabled full-sync                        head=10442 hash=c26b90..79621a
INFO [06-02|05:36:48.342] Unprotected transactions allowed
INFO [06-02|05:36:48.342] Gasprice oracle is ignoring threshold set threshold=2
WARN [06-02|05:36:48.343] Unclean shutdown detected                booted=2026-06-02T02:34:44+0000 age=3h2m4s
INFO [06-02|05:36:48.343] Registered sync override service
WARN [06-02|05:36:48.343] You are running Geth in --dev mode. Please note the following:
WARN [06-02|05:36:48.343] 
WARN [06-02|05:36:48.343]   1. This mode is only intended for fast, iterative development without assumptions on
WARN [06-02|05:36:48.343]      security or persistence.
WARN [06-02|05:36:48.343]   2. The database is created in memory unless specified otherwise. Therefore, shutting down
WARN [06-02|05:36:48.343]      your computer or losing power will wipe your entire block data and chain state for
WARN [06-02|05:36:48.343]      your dev environment.
WARN [06-02|05:36:48.343]   3. A random, pre-allocated developer account will be available and unlocked as
WARN [06-02|05:36:48.343]      eth.coinbase, which can be used for testing. The random dev account is temporary,
WARN [06-02|05:36:48.343]      stored on a ramdisk, and will be lost if your machine is restarted.
WARN [06-02|05:36:48.343]   4. Mining is enabled by default. However, the client will only seal blocks if transactions
WARN [06-02|05:36:48.343]      are pending in the mempool. The miner's minimum accepted gas price is 1.
WARN [06-02|05:36:48.343]   5. Networking is disabled; there is no listen-address, the maximum number of peers is set
WARN [06-02|05:36:48.343]      to 0, and discovery is disabled.
WARN [06-02|05:36:48.343] 
INFO [06-02|05:36:48.343] Starting peer-to-peer node               instance=Geth/v1.17.3-unstable/linux-amd64/go1.24.9
WARN [06-02|05:36:48.343] P2P server will be useless, neither dialing nor listening
INFO [06-02|05:36:48.376] IPC endpoint opened                      url=/mnt/state_expiry_vol_data/ubt-vs-pbt-dbs/pbt/geth.ipc
ERROR[06-02|05:36:48.377] Unavailable modules in HTTP API list     unavailable=[personal] available="[admin debug web3 eth txpool miner net dev testing]"
INFO [06-02|05:36:48.377] New local node record                    seq=1,780,292,695,611 id=972c5cc0b2a1895c ip=127.0.0.1 udp=0 tcp=0
INFO [06-02|05:36:48.377] Started P2P networking                   self=enode://16ec6c0bde109d66472afe00ec8fee3d30718d830d1acf0829842abca89b82afff8a454636cde3b26d700f98647938c6f23e7bee3027caca0d7f19e4b3725e13@127.0.0.1:0
INFO [06-02|05:36:48.377] HTTP server started                      endpoint=127.0.0.1:8545 auth=false prefix= cors= vhosts=localhost
INFO [06-02|05:36:48.377] WebSocket enabled                        url=ws://127.0.0.1:8546
INFO [06-02|05:36:49.241] Loaded local transaction journal         transactions=8044 dropped=0
INFO [06-02|05:36:49.382] Started log indexer
INFO [06-02|05:36:49.456] Starting work on payload                 id=0x03b0ad690694341f
INFO [06-02|05:36:49.457] Updated payload                          id=0x03b0ad690694341f number=10443 hash=d02ccc..b2745b txs=0 withdrawals=0 gas=0 fees=0 root=60b20c..ca299f elapsed="914.338µs"
INFO [06-02|05:36:49.458] Stopping work on payload                 id=0x03b0ad690694341f reason=delivery
WARN [06-02|05:36:49.460] {"level":"warn","msg":"Slow block","block":{"number":10443,"hash":"0xd02cccda5c1f09a9755476710bec102effab9a6a8f4ffb4d0501437cb4b2745b","gas_used":0,"tx_count":0},"timing":{"execution_ms":0.026008,"state_read_ms":0.429211,"state_hash_ms":0.001621,"commit_ms":0.168242,"total_ms":1.811077},"throughput":{"mgas_per_sec":0},"state_reads":{"accounts":4,"storage_slots":0,"code":0,"code_bytes":0},"state_writes":{"accounts":0,"accounts_deleted":0,"storage_slots":0,"storage_slots_deleted":0,"code":0,"code_bytes":0},"cache":{"account":{"hits":0,"misses":4,"hit_rate":0},"storage":{"hits":0,"misses":0,"hit_rate":0},"code":{"hits":0,"misses":0,"hit_rate":0,"hit_bytes":0,"miss_bytes":0}}}
INFO [06-02|05:36:49.460] Imported new potential chain segment     number=10443 hash=d02ccc..b2745b blocks=1 txs=0 mgas=0.000 elapsed=2.118ms     mgasps=0.000 triediffs=76.52MiB triedirty=124.22MiB
INFO [06-02|05:36:49.460] Chain head was updated                   number=10443 hash=d02ccc..b2745b root=60b20c..ca299f elapsed="62.105µs"
INFO [06-02|05:36:50.475] Starting work on payload                 id=0x03cb331310ac0c1c
INFO [06-02|05:36:50.489] Updated payload                          id=0x03cb331310ac0c1c number=10444 hash=cf6bff..b323dd txs=0 withdrawals=0 gas=0 fees=0 root=60b20c..ca299f elapsed=14.198ms
INFO [06-02|05:36:50.490] Stopping work on payload                 id=0x03cb331310ac0c1c reason=delivery
WARN [06-02|05:36:50.498] {"level":"warn","msg":"Slow block","block":{"number":10444,"hash":"0xcf6bff3c769cab79d46675fc138d2756a7e52e44e5c0d3e37f06f0f7afb323dd","gas_used":0,"tx_count":0},"timing":{"execution_ms":0.048203,"state_read_ms":7.684411,"state_hash_ms":0.002538,"commit_ms":0.183483,"total_ms":8.096877},"throughput":{"mgas_per_sec":0},"state_reads":{"accounts":4,"storage_slots":0,"code":0,"code_bytes":0},"state_writes":{"accounts":0,"accounts_deleted":0,"storage_slots":0,"storage_slots_deleted":0,"code":0,"code_bytes":0},"cache":{"account":{"hits":0,"misses":4,"hit_rate":0},"storage":{"hits":0,"misses":0,"hit_rate":0},"code":{"hits":0,"misses":0,"hit_rate":0,"hit_bytes":0,"miss_bytes":0}}}
INFO [06-02|05:36:50.498] Imported new potential chain segment     number=10444 hash=cf6bff..b323dd blocks=1 txs=0 mgas=0.000 elapsed=8.334ms     mgasps=0.000 triediffs=76.52MiB triedirty=124.22MiB
INFO [06-02|05:36:50.498] Chain head was updated                   number=10444 hash=cf6bff..b323dd root=60b20c..ca299f elapsed="73.853µs"
INFO [06-02|05:36:51.523] Starting work on payload                 id=0x038255afc7975f77
INFO [06-02|05:36:51.531] Updated payload                          id=0x038255afc7975f77 number=10445 hash=b9fec6..82e754 txs=0 withdrawals=0 gas=0 fees=0 root=60b20c..ca299f elapsed=7.712ms
INFO [06-02|05:36:51.531] Stopping work on payload                 id=0x038255afc7975f77 reason=delivery
WARN [06-02|05:36:51.594] {"level":"warn","msg":"Slow block","block":{"number":10445,"hash":"0xb9fec6bd6361a1b7db4a9cbb483b3d2f751263cf67ed65aed7b7f0979582e754","gas_used":0,"tx_count":0},"timing":{"execution_ms":0.292564,"state_read_ms":52.822146,"state_hash_ms":0.00432,"commit_ms":0.962516,"total_ms":62.544875},"throughput":{"mgas_per_sec":0},"state_reads":{"accounts":4,"storage_slots":0,"code":0,"code_bytes":0},"state_writes":{"accounts":0,"accounts_deleted":0,"storage_slots":0,"storage_slots_deleted":0,"code":0,"code_bytes":0},"cache":{"account":{"hits":0,"misses":4,"hit_rate":0},"storage":{"hits":0,"misses":0,"hit_rate":0},"code":{"hits":0,"misses":0,"hit_rate":0,"hit_bytes":0,"miss_bytes":0}}}
INFO [06-02|05:36:51.594] Imported new potential chain segment     number=10445 hash=b9fec6..82e754 blocks=1 txs=0 mgas=0.000 elapsed=62.852ms    mgasps=0.000 triediffs=76.52MiB triedirty=124.22MiB
INFO [06-02|05:36:51.594] Chain head was updated                   number=10445 hash=b9fec6..82e754 root=60b20c..ca299f elapsed="69.382µs"
INFO [06-02|05:36:52.603] Starting work on payload                 id=0x03a1d412d11bcd46
INFO [06-02|05:36:52.646] Updated payload                          id=0x03a1d412d11bcd46 number=10446 hash=ff31a8..ec7b05 txs=0 withdrawals=0 gas=0 fees=0 root=60b20c..ca299f elapsed=43.096ms
INFO [06-02|05:36:52.651] Stopping work on payload                 id=0x03a1d412d11bcd46 reason=delivery
WARN [06-02|05:36:52.665] {"level":"warn","msg":"Slow block","block":{"number":10446,"hash":"0xff31a8053dee515f8f9059ad4ea1e77bb964cdef2036b24ca7c00ffafcec7b05","gas_used":0,"tx_count":0},"timing":{"execution_ms":0.044934,"state_read_ms":17.757937,"state_hash_ms":0.002857,"commit_ms":0.361906,"total_ms":18.389745},"throughput":{"mgas_per_sec":0},"state_reads":{"accounts":4,"storage_slots":0,"code":0,"code_bytes":0},"state_writes":{"accounts":0,"accounts_deleted":0,"storage_slots":0,"storage_slots_deleted":0,"code":0,"code_bytes":0},"cache":{"account":{"hits":0,"misses":4,"hit_rate":0},"storage":{"hits":0,"misses":0,"hit_rate":0},"code":{"hits":0,"misses":0,"hit_rate":0,"hit_bytes":0,"miss_bytes":0}}}
INFO [06-02|05:36:52.665] Imported new potential chain segment     number=10446 hash=ff31a8..ec7b05 blocks=1 txs=0 mgas=0.000 elapsed=18.649ms    mgasps=0.000 triediffs=76.52MiB triedirty=124.22MiB
INFO [06-02|05:36:52.665] Chain head was updated                   number=10446 hash=ff31a8..ec7b05 root=60b20c..ca299f elapsed="68.868µs"
INFO [06-02|05:36:53.447] Submitted contract creation              hash=0xd1e93e28903c34ac90439e56b6212a295a390e9be97f66d9c90e7fced5d7fa1e from=0xf39Fd6e51aad88F6F4ce6aB8827279cffFb92266 nonce=2851 contract=0xF518E453A48d7209C5614f61E8B400A43E3db6C9 value=0
INFO [06-02|05:36:53.448] Submitted transaction                    hash=0xfb55012cf47186bca4d7a120180cda915215cd1379dade8349db758f6c17f212 from=0xf39Fd6e51aad88F6F4ce6aB8827279cffFb92266 nonce=2852 recipient=0x2555370191EE9dca534A5a8d3188908e1cD84614 value=208,000,000
INFO [06-02|05:36:53.670] Starting work on payload                 id=0x0365088151aae514
INFO [06-02|05:36:53.679] Updated payload                          id=0x0365088151aae514 number=10447 hash=6cdb05..6fe66c txs=2 withdrawals=0 gas=86950 fees=5.217e-13 root=6214d8..5af993 elapsed=9.601ms
INFO [06-02|05:36:53.701] Stopping work on payload                 id=0x0365088151aae514 reason=delivery
WARN [06-02|05:36:53.722] {"level":"warn","msg":"Slow block","block":{"number":10447,"hash":"0x6cdb05acd64a9afe570314a35d8853e8695427c0c41a46c9778b0df42d6fe66c","gas_used":86950,"tx_count":2},"timing":{"execution_ms":0.417552,"state_read_ms":21.076384,"state_hash_ms":11.636891,"commit_ms":8.740601,"total_ms":42.062001},"throughput":{"mgas_per_sec":2.0671864850176767},"state_reads":{"accounts":11,"storage_slots":0,"code":0,"code_bytes":0},"state_writes":{"accounts":3,"accounts_deleted":0,"storage_slots":0,"storage_slots_deleted":0,"code":1,"code_bytes":165},"cache":{"account":{"hits":4,"misses":7,"hit_rate":36.36363636363637},"storage":{"hits":0,"misses":0,"hit_rate":0},"code":{"hits":0,"misses":0,"hit_rate":0,"hit_bytes":0,"miss_bytes":0}}}
INFO [06-02|05:36:53.722] Imported new potential chain segment     number=10447 hash=6cdb05..6fe66c blocks=1 txs=2 mgas=0.087 elapsed=42.322ms    mgasps=2.054 triediffs=75.67MiB triedirty=124.29MiB
INFO [06-02|05:36:53.722] Chain head was updated                   number=10447 hash=6cdb05..6fe66c root=6214d8..5af993 elapsed="241.866µs"
INFO [06-02|05:36:54.462] Submitted transaction                    hash=0xf12e55f7545887e440a2baad15b36a93d9823d2a58e6dbd750e416bd895e45ba from=0x2555370191EE9dca534A5a8d3188908e1cD84614 nonce=0    recipient=0xF518E453A48d7209C5614f61E8B400A43E3db6C9 value=0
INFO [06-02|05:36:54.727] Starting work on payload                 id=0x03826ebeacb71ee1
INFO [06-02|05:36:55.291] Updated payload                          id=0x03826ebeacb71ee1 number=10448 hash=527f0f..db34df txs=1 withdrawals=0 gas=15,911,546 fees=9.5469276e-11 root=e8e7f1..da879c elapsed=564.066ms
INFO [06-02|05:36:55.291] Stopping work on payload                 id=0x03826ebeacb71ee1 reason=delivery
WARN [06-02|05:36:55.551] {"level":"warn","msg":"Slow block","block":{"number":10448,"hash":"0x527f0f17362139ec9d74e7905e26fb5a847092f4726d41f9bdabe7c26fdb34df","gas_used":15911546,"tx_count":1},"timing":{"execution_ms":9.918502,"state_read_ms":43.9163,"state_hash_ms":166.181428,"commit_ms":38.671611,"total_ms":259.141166},"throughput":{"mgas_per_sec":61.40107434725365},"state_reads":{"accounts":581,"storage_slots":574,"code":575,"code_bytes":16237},"state_writes":{"accounts":575,"accounts_deleted":0,"storage_slots":573,"storage_slots_deleted":0,"code":0,"code_bytes":0},"cache":{"account":{"hits":119,"misses":462,"hit_rate":20.481927710843372},"storage":{"hits":85,"misses":489,"hit_rate":14.80836236933798},"code":{"hits":575,"misses":0,"hit_rate":100,"hit_bytes":16237,"miss_bytes":0}}}
INFO [06-02|05:36:55.551] Imported new potential chain segment     number=10448 hash=527f0f..db34df blocks=1 txs=1 mgas=15.912 elapsed=259.510ms   mgasps=61.314 triediffs=79.45MiB triedirty=124.29MiB
INFO [06-02|05:36:55.551] Chain head was updated                   number=10448 hash=527f0f..db34df root=e8e7f1..da879c elapsed="219.421µs"
INFO [06-02|05:36:56.484] Submitted transaction                    hash=0x48b6e47313608a30ffc2496f461640a4d1b210ab60fcebe6a75b6eecdd66e68b from=0x2555370191EE9dca534A5a8d3188908e1cD84614 nonce=1    recipient=0xf39Fd6e51aad88F6F4ce6aB8827279cffFb92266 value=897,902
INFO [06-02|05:36:56.555] Starting work on payload                 id=0x03adb6343defe69e
INFO [06-02|05:36:56.648] Updated payload                          id=0x03adb6343defe69e number=10449 hash=6e4fcc..2ef30a txs=1 withdrawals=0 gas=21000      fees=2.1e-14       root=a32feb..3aab3b elapsed=93.209ms
INFO [06-02|05:36:56.648] Stopping work on payload                 id=0x03adb6343defe69e reason=delivery
WARN [06-02|05:36:56.657] {"level":"warn","msg":"Slow block","block":{"number":10449,"hash":"0x6e4fcc4182b7d3014142e56f881798c2b6101839f3e5b36645b7b2525a2ef30a","gas_used":21000,"tx_count":1},"timing":{"execution_ms":0.079907,"state_read_ms":3.446642,"state_hash_ms":4.199146,"commit_ms":0.884235,"total_ms":8.796819},"throughput":{"mgas_per_sec":2.387226564511558},"state_reads":{"accounts":6,"storage_slots":0,"code":0,"code_bytes":0},"state_writes":{"accounts":2,"accounts_deleted":0,"storage_slots":0,"storage_slots_deleted":0,"code":0,"code_bytes":0},"cache":{"account":{"hits":2,"misses":4,"hit_rate":33.33333333333333},"storage":{"hits":0,"misses":0,"hit_rate":0},"code":{"hits":0,"misses":0,"hit_rate":0,"hit_bytes":0,"miss_bytes":0}}}
INFO [06-02|05:36:56.657] Imported new potential chain segment     number=10449 hash=6e4fcc..2ef30a blocks=1 txs=1 mgas=0.021  elapsed=8.976ms     mgasps=2.339  triediffs=79.45MiB triedirty=124.30MiB
INFO [06-02|05:36:56.658] Chain head was updated                   number=10449 hash=6e4fcc..2ef30a root=a32feb..3aab3b elapsed="88.476µs"
INFO [06-02|05:36:57.661] Starting work on payload                 id=0x0306f76d29401613
INFO [06-02|05:36:57.665] Updated payload                          id=0x0306f76d29401613 number=10450 hash=fb23cb..ac4a3d txs=0 withdrawals=0 gas=0          fees=0             root=a32feb..3aab3b elapsed=3.629ms
INFO [06-02|05:36:57.665] Stopping work on payload                 id=0x0306f76d29401613 reason=delivery
WARN [06-02|05:36:57.669] {"level":"warn","msg":"Slow block","block":{"number":10450,"hash":"0xfb23cb02e3d174b8c57291e452407df7434a69a95eb5e7a5c8321cca1eac4a3d","gas_used":0,"tx_count":0},"timing":{"execution_ms":0.028578,"state_read_ms":2.802063,"state_hash_ms":0.001731,"commit_ms":0.109473,"total_ms":3.172874},"throughput":{"mgas_per_sec":0},"state_reads":{"accounts":4,"storage_slots":0,"code":0,"code_bytes":0},"state_writes":{"accounts":0,"accounts_deleted":0,"storage_slots":0,"storage_slots_deleted":0,"code":0,"code_bytes":0},"cache":{"account":{"hits":0,"misses":4,"hit_rate":0},"storage":{"hits":0,"misses":0,"hit_rate":0},"code":{"hits":0,"misses":0,"hit_rate":0,"hit_bytes":0,"miss_bytes":0}}}
INFO [06-02|05:36:57.669] Imported new potential chain segment     number=10450 hash=fb23cb..ac4a3d blocks=1 txs=0 mgas=0.000  elapsed=3.314ms     mgasps=0.000  triediffs=79.45MiB triedirty=124.30MiB
INFO [06-02|05:36:57.669] Chain head was updated                   number=10450 hash=fb23cb..ac4a3d root=a32feb..3aab3b elapsed="69.581µs"
