WARN [06-01|06:35:10.568] Unknown config environment variable      envvar=GETH_PBT_BIN
WARN [06-01|06:35:10.568] Unknown config environment variable      envvar=GETH_UBT_BIN
INFO [06-01|06:35:10.578] Starting Geth on Ethereum mainnet...
INFO [06-01|06:35:10.580] Maximum peer count                       ETH=0 total=0
INFO [06-01|06:35:10.581] Smartcard socket not found, disabling    err="stat /run/pcscd/pcscd.comm: no such file or directory"
WARN [06-01|06:35:10.586] Option --miner.etherbase is deprecated as the etherbase is set by the consensus client post-merge
WARN [06-01|06:35:10.588] Snap sync requested, resetting --cache.snapshot
INFO [06-01|06:35:10.589] Set global gas cap                       cap=50,000,000
INFO [06-01|06:35:11.372] Using developer account                  address=0xf39Fd6e51aad88F6F4ce6aB8827279cffFb92266
INFO [06-01|06:35:11.410] Using pebble as the backing database
INFO [06-01|06:35:11.410] Allocated cache and file handles         database=/mnt/state_expiry_vol_data/ubt-vs-pbt-dbs/pbt/geth/chaindata cache=16.00MiB handles=262,144
INFO [06-01|06:35:11.602] Opened ancient database                  database=/mnt/state_expiry_vol_data/ubt-vs-pbt-dbs/pbt/geth/chaindata/ancient/chain readonly=true
INFO [06-01|06:35:11.602] Opened Era store                         datadir=/mnt/state_expiry_vol_data/ubt-vs-pbt-dbs/pbt/geth/chaindata/ancient/chain/era
INFO [06-01|06:35:11.610] Initializing the KZG library             backend=gokzg
INFO [06-01|06:35:11.612] Allocated trie memory caches             clean=0.00B dirty=0.00B
INFO [06-01|06:35:11.620] Using pebble as the backing database
INFO [06-01|06:35:11.620] Allocated cache and file handles         database=/mnt/state_expiry_vol_data/ubt-vs-pbt-dbs/pbt/geth/chaindata cache=16.00MiB handles=262,144
INFO [06-01|06:35:11.811] Opened ancient database                  database=/mnt/state_expiry_vol_data/ubt-vs-pbt-dbs/pbt/geth/chaindata/ancient/chain readonly=false
INFO [06-01|06:35:11.811] Opened Era store                         datadir=/mnt/state_expiry_vol_data/ubt-vs-pbt-dbs/pbt/geth/chaindata/ancient/chain/era
INFO [06-01|06:35:11.816] State scheme set to already existing     scheme=path
INFO [06-01|06:35:11.816] Initialising Ethereum protocol           network=1337 dbversion=9
INFO [06-01|06:35:11.817] Load database journal from file          path=/mnt/state_expiry_vol_data/ubt-vs-pbt-dbs/pbt/geth/triedb/verkle.journal
INFO [06-01|06:35:11.861] Opened ancient database                  database=/mnt/state_expiry_vol_data/ubt-vs-pbt-dbs/pbt/geth/chaindata/ancient/state_verkle readonly=false
INFO [06-01|06:35:11.863] State snapshot generator is not compatible
INFO [06-01|06:35:11.863] Initialized path database                triecache=0.00B statecache=0.00B buffer=0.00B state-history="last 90000 blocks" journal-dir=/mnt/state_expiry_vol_data/ubt-vs-pbt-dbs/pbt/geth/triedb verkle=true
INFO [06-01|06:35:11.864] 
INFO [06-01|06:35:11.864] ---------------------------------------------------------------------------------------------------------------------------------------------------------
INFO [06-01|06:35:11.864] Chain ID:  1337 (unknown)
INFO [06-01|06:35:11.864] Consensus: unknown
INFO [06-01|06:35:11.864] 
INFO [06-01|06:35:11.864] Pre-Merge hard forks (block based):
INFO [06-01|06:35:11.864]  - Homestead:                   #0       
INFO [06-01|06:35:11.864]  - Tangerine Whistle (EIP 150): #0       
INFO [06-01|06:35:11.864]  - Spurious Dragon/1 (EIP 155): #0       
INFO [06-01|06:35:11.864]  - Spurious Dragon/2 (EIP 158): #0       
INFO [06-01|06:35:11.864]  - Byzantium:                   #0       
INFO [06-01|06:35:11.864]  - Constantinople:              #0       
INFO [06-01|06:35:11.864]  - Petersburg:                  #0       
INFO [06-01|06:35:11.864]  - Istanbul:                    #0       
INFO [06-01|06:35:11.864]  - Berlin:                      #0       
INFO [06-01|06:35:11.864]  - London:                      #0       
INFO [06-01|06:35:11.864]  - Arrow Glacier:               #0       
INFO [06-01|06:35:11.864]  - Gray Glacier:                #0       
INFO [06-01|06:35:11.864] 
INFO [06-01|06:35:11.864] Merge configured:
INFO [06-01|06:35:11.864]  - Total terminal difficulty:  0
INFO [06-01|06:35:11.864]  - Merge netsplit block:       #0       
INFO [06-01|06:35:11.864] 
INFO [06-01|06:35:11.864] Post-Merge hard forks (timestamp based):
INFO [06-01|06:35:11.864]  - Shanghai:                    @0         
INFO [06-01|06:35:11.864]  - Cancun:                      @0          blob: (target: 3, max: 6, fraction: 3338477)
INFO [06-01|06:35:11.864]  - Prague:                      @0          blob: (target: 6, max: 9, fraction: 5007716)
INFO [06-01|06:35:11.864]  - Osaka:                       @0          blob: (target: 6, max: 9, fraction: 5007716)
INFO [06-01|06:35:11.864]  - UBT:                         @0          blob: (nil)
INFO [06-01|06:35:11.864] 
INFO [06-01|06:35:11.864] All fork specifications can be found at https://ethereum.github.io/execution-specs/src/ethereum/forks/
INFO [06-01|06:35:11.864] 
INFO [06-01|06:35:11.864] ---------------------------------------------------------------------------------------------------------------------------------------------------------
INFO [06-01|06:35:11.864] 
INFO [06-01|06:35:11.865] Loaded most recent local block           number=369 hash=cc51f1..184bbb age=3s
INFO [06-01|06:35:11.865] Loaded most recent local finalized block number=352 hash=c2e700..81592f age=27s
INFO [06-01|06:35:11.866] Initialized transaction indexer          range="last 2350000 blocks"
INFO [06-01|06:35:11.866] Initialized log indexer                  firstblock=0 lastblock=369 firstmap=0 lastmap=0 headindexed=true
INFO [06-01|06:35:11.910] Enabled full-sync                        head=369 hash=cc51f1..184bbb
INFO [06-01|06:35:11.911] Unprotected transactions allowed
INFO [06-01|06:35:11.911] Gasprice oracle is ignoring threshold set threshold=2
INFO [06-01|06:35:11.911] Registered sync override service
WARN [06-01|06:35:11.911] You are running Geth in --dev mode. Please note the following:
WARN [06-01|06:35:11.911] 
WARN [06-01|06:35:11.911]   1. This mode is only intended for fast, iterative development without assumptions on
WARN [06-01|06:35:11.911]      security or persistence.
WARN [06-01|06:35:11.911]   2. The database is created in memory unless specified otherwise. Therefore, shutting down
WARN [06-01|06:35:11.911]      your computer or losing power will wipe your entire block data and chain state for
WARN [06-01|06:35:11.911]      your dev environment.
WARN [06-01|06:35:11.911]   3. A random, pre-allocated developer account will be available and unlocked as
WARN [06-01|06:35:11.911]      eth.coinbase, which can be used for testing. The random dev account is temporary,
WARN [06-01|06:35:11.911]      stored on a ramdisk, and will be lost if your machine is restarted.
WARN [06-01|06:35:11.911]   4. Mining is enabled by default. However, the client will only seal blocks if transactions
WARN [06-01|06:35:11.911]      are pending in the mempool. The miner's minimum accepted gas price is 1.
WARN [06-01|06:35:11.911]   5. Networking is disabled; there is no listen-address, the maximum number of peers is set
WARN [06-01|06:35:11.911]      to 0, and discovery is disabled.
WARN [06-01|06:35:11.911] 
INFO [06-01|06:35:11.911] Starting peer-to-peer node               instance=Geth/v1.17.3-unstable/linux-amd64/go1.24.9
WARN [06-01|06:35:11.911] P2P server will be useless, neither dialing nor listening
INFO [06-01|06:35:11.938] New local node record                    seq=1,780,292,694,221 id=972c5cc0b2a1895c ip=127.0.0.1 udp=0 tcp=0
INFO [06-01|06:35:11.938] Started P2P networking                   self=enode://16ec6c0bde109d66472afe00ec8fee3d30718d830d1acf0829842abca89b82afff8a454636cde3b26d700f98647938c6f23e7bee3027caca0d7f19e4b3725e13@127.0.0.1:0
INFO [06-01|06:35:11.938] IPC endpoint opened                      url=/mnt/state_expiry_vol_data/ubt-vs-pbt-dbs/pbt/geth.ipc
ERROR[06-01|06:35:11.938] Unavailable modules in HTTP API list     unavailable=[personal] available="[admin debug web3 eth txpool miner net dev testing]"
INFO [06-01|06:35:11.939] HTTP server started                      endpoint=127.0.0.1:8545 auth=false prefix= cors= vhosts=localhost
INFO [06-01|06:35:11.939] WebSocket enabled                        url=ws://127.0.0.1:8546
INFO [06-01|06:35:11.997] Loaded local transaction journal         transactions=661 dropped=0
INFO [06-01|06:35:12.841] Started log indexer
INFO [06-01|06:35:12.884] Starting work on payload                 id=0x036c80129bf1529a
INFO [06-01|06:35:12.888] Updated payload                          id=0x036c80129bf1529a number=370 hash=c66f3f..b65822 txs=0 withdrawals=0 gas=0 fees=0 root=fb137c..0c7e0b elapsed=3.575ms
INFO [06-01|06:35:12.888] Stopping work on payload                 id=0x036c80129bf1529a reason=delivery
WARN [06-01|06:35:12.893] {"level":"warn","msg":"Slow block","block":{"number":370,"hash":"0xc66f3f877f0e224369682d7fe3389e9150b7b8b6d34c310294d26b360cb65822","gas_used":0,"tx_count":0},"timing":{"execution_ms":0.062465,"state_read_ms":4.62785,"state_hash_ms":0.2319,"commit_ms":0.32243,"total_ms":5.455149},"throughput":{"mgas_per_sec":0},"state_reads":{"accounts":4,"storage_slots":0,"code":0,"code_bytes":0},"state_writes":{"accounts":0,"accounts_deleted":0,"storage_slots":0,"storage_slots_deleted":0,"code":0,"code_bytes":0},"cache":{"account":{"hits":0,"misses":4,"hit_rate":0},"storage":{"hits":0,"misses":0,"hit_rate":0},"code":{"hits":0,"misses":0,"hit_rate":0,"hit_bytes":0,"miss_bytes":0}}}
INFO [06-01|06:35:12.893] Imported new potential chain segment     number=370 hash=c66f3f..b65822 blocks=1 txs=0 mgas=0.000 elapsed=5.713ms mgasps=0.000 triediffs=1.92MiB triedirty=0.00B
INFO [06-01|06:35:12.894] Chain head was updated                   number=370 hash=c66f3f..b65822 root=fb137c..0c7e0b elapsed="50.738µs"
INFO [06-01|06:35:13.907] Starting work on payload                 id=0x033422b88f85ecb3
INFO [06-01|06:35:13.913] Updated payload                          id=0x033422b88f85ecb3 number=371 hash=64bcf1..8345f2 txs=0 withdrawals=0 gas=0 fees=0 root=fb137c..0c7e0b elapsed=5.914ms
INFO [06-01|06:35:13.913] Stopping work on payload                 id=0x033422b88f85ecb3 reason=delivery
WARN [06-01|06:35:13.920] {"level":"warn","msg":"Slow block","block":{"number":371,"hash":"0x64bcf1c00808d66a4ab73e275f72edcf93b3925730fb428901e2c52cef8345f2","gas_used":0,"tx_count":0},"timing":{"execution_ms":0.032497,"state_read_ms":5.298561,"state_hash_ms":0.21357,"commit_ms":0.202699,"total_ms":6.016217},"throughput":{"mgas_per_sec":0},"state_reads":{"accounts":4,"storage_slots":0,"code":0,"code_bytes":0},"state_writes":{"accounts":0,"accounts_deleted":0,"storage_slots":0,"storage_slots_deleted":0,"code":0,"code_bytes":0},"cache":{"account":{"hits":0,"misses":4,"hit_rate":0},"storage":{"hits":0,"misses":0,"hit_rate":0},"code":{"hits":0,"misses":0,"hit_rate":0,"hit_bytes":0,"miss_bytes":0}}}
INFO [06-01|06:35:13.920] Imported new potential chain segment     number=371 hash=64bcf1..8345f2 blocks=1 txs=0 mgas=0.000 elapsed=6.272ms    mgasps=0.000 triediffs=1.92MiB triedirty=0.00B
INFO [06-01|06:35:13.920] Chain head was updated                   number=371 hash=64bcf1..8345f2 root=fb137c..0c7e0b elapsed="37.638µs"
INFO [06-01|06:35:14.925] Starting work on payload                 id=0x0301b43f80fe28b6
INFO [06-01|06:35:14.946] Updated payload                          id=0x0301b43f80fe28b6 number=372 hash=867c92..49f69c txs=0 withdrawals=0 gas=0 fees=0 root=fb137c..0c7e0b elapsed=21.403ms
INFO [06-01|06:35:14.947] Stopping work on payload                 id=0x0301b43f80fe28b6 reason=delivery
WARN [06-01|06:35:14.950] {"level":"warn","msg":"Slow block","block":{"number":372,"hash":"0x867c9244e519a2b2d0c84d5aedc0728b4d6e89ce042ce4e62b2b09ba5849f69c","gas_used":0,"tx_count":0},"timing":{"execution_ms":0.030333,"state_read_ms":2.759371,"state_hash_ms":0.104272,"commit_ms":0.255824,"total_ms":3.322413},"throughput":{"mgas_per_sec":0},"state_reads":{"accounts":4,"storage_slots":0,"code":0,"code_bytes":0},"state_writes":{"accounts":0,"accounts_deleted":0,"storage_slots":0,"storage_slots_deleted":0,"code":0,"code_bytes":0},"cache":{"account":{"hits":0,"misses":4,"hit_rate":0},"storage":{"hits":0,"misses":0,"hit_rate":0},"code":{"hits":0,"misses":0,"hit_rate":0,"hit_bytes":0,"miss_bytes":0}}}
INFO [06-01|06:35:14.950] Imported new potential chain segment     number=372 hash=867c92..49f69c blocks=1 txs=0 mgas=0.000 elapsed=3.508ms    mgasps=0.000 triediffs=1.92MiB triedirty=0.00B
INFO [06-01|06:35:14.951] Chain head was updated                   number=372 hash=867c92..49f69c root=fb137c..0c7e0b elapsed="41.17µs"
INFO [06-01|06:35:15.408] Submitted contract creation              hash=0xcc688a427dd78b3d625cf142c5dcf602b4b5c3bc67812cbc676d43694b96a8b3 from=0xf39Fd6e51aad88F6F4ce6aB8827279cffFb92266 nonce=75 contract=0x36b58F5C1969B7b6591D752ea6F5486D069010AB value=0
INFO [06-01|06:35:15.408] Submitted transaction                    hash=0xd2562666b7d135c38743a02b349f90fb108bfb1d1661c447f897fce69cb71f1c from=0xf39Fd6e51aad88F6F4ce6aB8827279cffFb92266 nonce=76 recipient=0xe4277C82324194d504D6bCb2e5f048B06FE6F586 value=78,000,000
INFO [06-01|06:35:15.955] Starting work on payload                 id=0x039c0709a84b5429
INFO [06-01|06:35:16.010] Updated payload                          id=0x039c0709a84b5429 number=373 hash=cffa71..9af1cb txs=2 withdrawals=0 gas=86852 fees=5.21112e-13 root=ba02e3..0c153e elapsed=55.160ms
INFO [06-01|06:35:16.010] Stopping work on payload                 id=0x039c0709a84b5429 reason=delivery
INFO [06-01|06:35:16.037] Paused snapshot generation
WARN [06-01|06:35:16.037] {"level":"warn","msg":"Slow block","block":{"number":373,"hash":"0xcffa71ebe18132d2a6067e9fdcc857a174e66ed3f44d8d0c4702b0761a9af1cb","gas_used":86852,"tx_count":2},"timing":{"execution_ms":0.089114,"state_read_ms":14.37504,"state_hash_ms":0.904742,"commit_ms":11.007616,"total_ms":26.573415},"throughput":{"mgas_per_sec":3.268379318202045},"state_reads":{"accounts":11,"storage_slots":0,"code":0,"code_bytes":0},"state_writes":{"accounts":3,"accounts_deleted":0,"storage_slots":0,"storage_slots_deleted":0,"code":1,"code_bytes":157},"cache":{"account":{"hits":6,"misses":5,"hit_rate":54.54545454545454},"storage":{"hits":0,"misses":0,"hit_rate":0},"code":{"hits":0,"misses":0,"hit_rate":0,"hit_bytes":0,"miss_bytes":0}}}
INFO [06-01|06:35:16.037] Imported new potential chain segment     number=373 hash=cffa71..9af1cb blocks=1 txs=2 mgas=0.087 elapsed=26.866ms   mgasps=3.233 triediffs=1.89MiB triedirty=0.00B
INFO [06-01|06:35:16.038] Chain head was updated                   number=373 hash=cffa71..9af1cb root=ba02e3..0c153e elapsed="278.339µs"
WARN [06-01|06:35:16.057] Snapshot generation is not permitted
INFO [06-01|06:35:16.421] Submitted transaction                    hash=0xc6c13eece496581c48ab97ecae4c60d0f3b9b0973f966272991f8322c8904e17 from=0xe4277C82324194d504D6bCb2e5f048B06FE6F586 nonce=0  recipient=0x36b58F5C1969B7b6591D752ea6F5486D069010AB value=0
INFO [06-01|06:35:17.045] Starting work on payload                 id=0x03f383e84b6603d2
INFO [06-01|06:35:17.185] Updated payload                          id=0x03f383e84b6603d2 number=374 hash=67f717..52d138 txs=1 withdrawals=0 gas=5,900,128 fees=3.5400768e-11 root=5e4de3..dba6a1 elapsed=139.605ms
INFO [06-01|06:35:17.185] Stopping work on payload                 id=0x03f383e84b6603d2 reason=delivery
INFO [06-01|06:35:17.319] Paused snapshot generation
WARN [06-01|06:35:17.319] {"level":"warn","msg":"Slow block","block":{"number":374,"hash":"0x67f71704d5a03fd217cd8a7abb7e75f1b359273408a79fb445e9105e8c52d138","gas_used":5900128,"tx_count":1},"timing":{"execution_ms":104.202811,"state_read_ms":6.02852,"state_hash_ms":19.837408,"commit_ms":2.98777,"total_ms":133.330343},"throughput":{"mgas_per_sec":44.25195246066381},"state_reads":{"accounts":17,"storage_slots":258,"code":11,"code_bytes":437},"state_writes":{"accounts":2,"accounts_deleted":0,"storage_slots":0,"storage_slots_deleted":0,"code":0,"code_bytes":0},"cache":{"account":{"hits":4,"misses":13,"hit_rate":23.52941176470588},"storage":{"hits":22,"misses":236,"hit_rate":8.527131782945736},"code":{"hits":11,"misses":0,"hit_rate":100,"hit_bytes":437,"miss_bytes":0}}}
INFO [06-01|06:35:17.319] Imported new potential chain segment     number=374 hash=67f717..52d138 blocks=1 txs=1 mgas=5.900 elapsed=133.530ms   mgasps=44.186 triediffs=1.85MiB triedirty=0.00B
INFO [06-01|06:35:17.319] Chain head was updated                   number=374 hash=67f717..52d138 root=5e4de3..dba6a1 elapsed="80.493µs"
WARN [06-01|06:35:17.348] Snapshot generation is not permitted
INFO [06-01|06:35:17.435] Submitted transaction                    hash=0x4b62f17e0195d593e5f46c0e164ffc31ae8aed036f7a7f9874141dd1cf0438c2 from=0xe4277C82324194d504D6bCb2e5f048B06FE6F586 nonce=1  recipient=0xf39Fd6e51aad88F6F4ce6aB8827279cffFb92266 value=1,046,336
INFO [06-01|06:35:18.324] Starting work on payload                 id=0x03fefcc8b48aa5bb
INFO [06-01|06:35:18.363] Updated payload                          id=0x03fefcc8b48aa5bb number=375 hash=c1c8b9..b64bc9 txs=1 withdrawals=0 gas=21000     fees=2.1e-14       root=91869e..8f3491 elapsed=38.394ms
INFO [06-01|06:35:18.363] Stopping work on payload                 id=0x03fefcc8b48aa5bb reason=delivery
INFO [06-01|06:35:18.384] Paused snapshot generation
WARN [06-01|06:35:18.385] {"level":"warn","msg":"Slow block","block":{"number":375,"hash":"0xc1c8b941cf48f5f3933ef857821ba0947384629048bcdde09b86ed64a4b64bc9","gas_used":21000,"tx_count":1},"timing":{"execution_ms":0.056359,"state_read_ms":2.768395,"state_hash_ms":15.949239,"commit_ms":2.797699,"total_ms":21.71998},"throughput":{"mgas_per_sec":0.9668517190163158},"state_reads":{"accounts":6,"storage_slots":0,"code":0,"code_bytes":0},"state_writes":{"accounts":2,"accounts_deleted":0,"storage_slots":0,"storage_slots_deleted":0,"code":0,"code_bytes":0},"cache":{"account":{"hits":2,"misses":4,"hit_rate":33.33333333333333},"storage":{"hits":0,"misses":0,"hit_rate":0},"code":{"hits":0,"misses":0,"hit_rate":0,"hit_bytes":0,"miss_bytes":0}}}
INFO [06-01|06:35:18.385] Imported new potential chain segment     number=375 hash=c1c8b9..b64bc9 blocks=1 txs=1 mgas=0.021 elapsed=21.839ms    mgasps=0.962  triediffs=1.82MiB triedirty=0.00B
INFO [06-01|06:35:18.385] Chain head was updated                   number=375 hash=c1c8b9..b64bc9 root=91869e..8f3491 elapsed="70.851µs"
WARN [06-01|06:35:18.407] Snapshot generation is not permitted
