WARN [06-01|13:32:47.561] Unknown config environment variable      envvar=GETH_PBT_BIN
WARN [06-01|13:32:47.561] Unknown config environment variable      envvar=GETH_UBT_BIN
INFO [06-01|13:32:47.573] Starting Geth on Ethereum mainnet...
INFO [06-01|13:32:47.574] Maximum peer count                       ETH=0 total=0
INFO [06-01|13:32:47.575] Smartcard socket not found, disabling    err="stat /run/pcscd/pcscd.comm: no such file or directory"
WARN [06-01|13:32:47.580] Option --miner.etherbase is deprecated as the etherbase is set by the consensus client post-merge
INFO [06-01|13:32:47.583] Set global gas cap                       cap=50,000,000
INFO [06-01|13:32:48.394] Using developer account                  address=0xf39Fd6e51aad88F6F4ce6aB8827279cffFb92266
INFO [06-01|13:32:48.433] Using pebble as the backing database
INFO [06-01|13:32:48.433] Allocated cache and file handles         database=/mnt/state_expiry_vol_data/ubt-vs-pbt-dbs/pbt/geth/chaindata cache=2.00GiB handles=262,144
INFO [06-01|13:32:48.653] Opened ancient database                  database=/mnt/state_expiry_vol_data/ubt-vs-pbt-dbs/pbt/geth/chaindata/ancient/chain readonly=true
INFO [06-01|13:32:48.653] Opened Era store                         datadir=/mnt/state_expiry_vol_data/ubt-vs-pbt-dbs/pbt/geth/chaindata/ancient/chain/era
INFO [06-01|13:32:48.660] Initializing the KZG library             backend=gokzg
INFO [06-01|13:32:48.663] Allocated trie memory caches             clean=614.00MiB dirty=1.00GiB
INFO [06-01|13:32:48.674] Using pebble as the backing database
INFO [06-01|13:32:48.674] Allocated cache and file handles         database=/mnt/state_expiry_vol_data/ubt-vs-pbt-dbs/pbt/geth/chaindata cache=2.00GiB handles=262,144
INFO [06-01|13:32:48.876] Opened ancient database                  database=/mnt/state_expiry_vol_data/ubt-vs-pbt-dbs/pbt/geth/chaindata/ancient/chain readonly=false
INFO [06-01|13:32:48.876] Opened Era store                         datadir=/mnt/state_expiry_vol_data/ubt-vs-pbt-dbs/pbt/geth/chaindata/ancient/chain/era
INFO [06-01|13:32:48.882] State scheme set to already existing     scheme=path
INFO [06-01|13:32:48.885] Initialising Ethereum protocol           network=1337 dbversion=9
WARN [06-01|13:32:48.885] Sanitizing invalid node buffer size      provided=1.00GiB updated=256.00MiB
INFO [06-01|13:32:48.886] Load database journal from file          path=/mnt/state_expiry_vol_data/ubt-vs-pbt-dbs/pbt/geth/triedb/verkle.journal
INFO [06-01|13:32:49.266] Opened ancient database                  database=/mnt/state_expiry_vol_data/ubt-vs-pbt-dbs/pbt/geth/chaindata/ancient/state_verkle readonly=false
INFO [06-01|13:32:49.268] State snapshot generator is not compatible
INFO [06-01|13:32:49.268] Initialized path database                triecache=614.00MiB statecache=409.00MiB buffer=256.00MiB state-history="last 90000 blocks" journal-dir=/mnt/state_expiry_vol_data/ubt-vs-pbt-dbs/pbt/geth/triedb verkle=true
INFO [06-01|13:32:49.269] 
INFO [06-01|13:32:49.269] ---------------------------------------------------------------------------------------------------------------------------------------------------------
INFO [06-01|13:32:49.269] Chain ID:  1337 (unknown)
INFO [06-01|13:32:49.269] Consensus: unknown
INFO [06-01|13:32:49.269] 
INFO [06-01|13:32:49.269] Pre-Merge hard forks (block based):
INFO [06-01|13:32:49.269]  - Homestead:                   #0       
INFO [06-01|13:32:49.269]  - Tangerine Whistle (EIP 150): #0       
INFO [06-01|13:32:49.269]  - Spurious Dragon/1 (EIP 155): #0       
INFO [06-01|13:32:49.269]  - Spurious Dragon/2 (EIP 158): #0       
INFO [06-01|13:32:49.269]  - Byzantium:                   #0       
INFO [06-01|13:32:49.269]  - Constantinople:              #0       
INFO [06-01|13:32:49.269]  - Petersburg:                  #0       
INFO [06-01|13:32:49.269]  - Istanbul:                    #0       
INFO [06-01|13:32:49.269]  - Berlin:                      #0       
INFO [06-01|13:32:49.269]  - London:                      #0       
INFO [06-01|13:32:49.269]  - Arrow Glacier:               #0       
INFO [06-01|13:32:49.269]  - Gray Glacier:                #0       
INFO [06-01|13:32:49.269] 
INFO [06-01|13:32:49.269] Merge configured:
INFO [06-01|13:32:49.269]  - Total terminal difficulty:  0
INFO [06-01|13:32:49.269]  - Merge netsplit block:       #0       
INFO [06-01|13:32:49.269] 
INFO [06-01|13:32:49.269] Post-Merge hard forks (timestamp based):
INFO [06-01|13:32:49.269]  - Shanghai:                    @0         
INFO [06-01|13:32:49.269]  - Cancun:                      @0          blob: (target: 3, max: 6, fraction: 3338477)
INFO [06-01|13:32:49.269]  - Prague:                      @0          blob: (target: 6, max: 9, fraction: 5007716)
INFO [06-01|13:32:49.269]  - Osaka:                       @0          blob: (target: 6, max: 9, fraction: 5007716)
INFO [06-01|13:32:49.269]  - UBT:                         @0          blob: (nil)
INFO [06-01|13:32:49.269] 
INFO [06-01|13:32:49.269] All fork specifications can be found at https://ethereum.github.io/execution-specs/src/ethereum/forks/
INFO [06-01|13:32:49.269] 
INFO [06-01|13:32:49.269] ---------------------------------------------------------------------------------------------------------------------------------------------------------
INFO [06-01|13:32:49.269] 
INFO [06-01|13:32:49.269] Loaded most recent local block           number=6019 hash=970220..3825b8 age=3s
INFO [06-01|13:32:49.269] Loaded most recent local finalized block number=6016 hash=1fb532..207571 age=7s
INFO [06-01|13:32:49.270] Initialized transaction indexer          range="last 2350000 blocks"
INFO [06-01|13:32:49.270] Initialized log indexer                  firstblock=0 lastblock=6019 firstmap=0 lastmap=0 headindexed=true
INFO [06-01|13:32:49.295] Enabled full-sync                        head=6019 hash=970220..3825b8
INFO [06-01|13:32:49.295] Unprotected transactions allowed
INFO [06-01|13:32:49.295] Gasprice oracle is ignoring threshold set threshold=2
INFO [06-01|13:32:49.296] Registered sync override service
WARN [06-01|13:32:49.296] You are running Geth in --dev mode. Please note the following:
WARN [06-01|13:32:49.296] 
WARN [06-01|13:32:49.296]   1. This mode is only intended for fast, iterative development without assumptions on
WARN [06-01|13:32:49.296]      security or persistence.
WARN [06-01|13:32:49.296]   2. The database is created in memory unless specified otherwise. Therefore, shutting down
WARN [06-01|13:32:49.296]      your computer or losing power will wipe your entire block data and chain state for
WARN [06-01|13:32:49.296]      your dev environment.
WARN [06-01|13:32:49.296]   3. A random, pre-allocated developer account will be available and unlocked as
WARN [06-01|13:32:49.296]      eth.coinbase, which can be used for testing. The random dev account is temporary,
WARN [06-01|13:32:49.296]      stored on a ramdisk, and will be lost if your machine is restarted.
WARN [06-01|13:32:49.296]   4. Mining is enabled by default. However, the client will only seal blocks if transactions
WARN [06-01|13:32:49.296]      are pending in the mempool. The miner's minimum accepted gas price is 1.
WARN [06-01|13:32:49.296]   5. Networking is disabled; there is no listen-address, the maximum number of peers is set
WARN [06-01|13:32:49.296]      to 0, and discovery is disabled.
WARN [06-01|13:32:49.296] 
INFO [06-01|13:32:49.296] Starting peer-to-peer node               instance=Geth/v1.17.3-unstable/linux-amd64/go1.24.9
WARN [06-01|13:32:49.296] P2P server will be useless, neither dialing nor listening
INFO [06-01|13:32:49.317] IPC endpoint opened                      url=/mnt/state_expiry_vol_data/ubt-vs-pbt-dbs/pbt/geth.ipc
ERROR[06-01|13:32:49.317] Unavailable modules in HTTP API list     unavailable=[personal] available="[admin debug web3 eth txpool miner net dev testing]"
INFO [06-01|13:32:49.318] HTTP server started                      endpoint=127.0.0.1:8545 auth=false prefix= cors= vhosts=localhost
INFO [06-01|13:32:49.318] New local node record                    seq=1,780,292,695,093 id=972c5cc0b2a1895c ip=127.0.0.1 udp=0 tcp=0
INFO [06-01|13:32:49.318] Started P2P networking                   self=enode://16ec6c0bde109d66472afe00ec8fee3d30718d830d1acf0829842abca89b82afff8a454636cde3b26d700f98647938c6f23e7bee3027caca0d7f19e4b3725e13@127.0.0.1:0
INFO [06-01|13:32:49.318] WebSocket enabled                        url=ws://127.0.0.1:8546
INFO [06-01|13:32:49.757] Loaded local transaction journal         transactions=4149 dropped=0
INFO [06-01|13:32:50.292] Started log indexer
INFO [06-01|13:32:50.350] Starting work on payload                 id=0x03c71405a2391737
INFO [06-01|13:32:50.365] Updated payload                          id=0x03c71405a2391737 number=6020 hash=e67e04..50742a txs=0 withdrawals=0 gas=0 fees=0 root=cbf403..a30187 elapsed=15.171ms
INFO [06-01|13:32:50.365] Stopping work on payload                 id=0x03c71405a2391737 reason=delivery
WARN [06-01|13:32:50.389] {"level":"warn","msg":"Slow block","block":{"number":6020,"hash":"0xe67e04016bf3298f17f4e42eabd66cc0bbd1409a994e5e31303c5c1e4250742a","gas_used":0,"tx_count":0},"timing":{"execution_ms":0.049868,"state_read_ms":23.042207,"state_hash_ms":0.003042,"commit_ms":0.310279,"total_ms":23.685652},"throughput":{"mgas_per_sec":0},"state_reads":{"accounts":4,"storage_slots":0,"code":0,"code_bytes":0},"state_writes":{"accounts":0,"accounts_deleted":0,"storage_slots":0,"storage_slots_deleted":0,"code":0,"code_bytes":0},"cache":{"account":{"hits":0,"misses":4,"hit_rate":0},"storage":{"hits":0,"misses":0,"hit_rate":0},"code":{"hits":0,"misses":0,"hit_rate":0,"hit_bytes":0,"miss_bytes":0}}}
INFO [06-01|13:32:50.389] Imported new potential chain segment     number=6020 hash=e67e04..50742a blocks=1 txs=0 mgas=0.000 elapsed=24.093ms mgasps=0.000 triediffs=28.58MiB triedirty=2.87MiB
INFO [06-01|13:32:50.389] Chain head was updated                   number=6020 hash=e67e04..50742a root=cbf403..a30187 elapsed="63.84µs"
INFO [06-01|13:32:51.406] Starting work on payload                 id=0x03221ef0a14b2289
INFO [06-01|13:32:51.417] Updated payload                          id=0x03221ef0a14b2289 number=6021 hash=4f0d3c..ba9bf7 txs=0 withdrawals=0 gas=0 fees=0 root=cbf403..a30187 elapsed=11.450ms
INFO [06-01|13:32:51.418] Stopping work on payload                 id=0x03221ef0a14b2289 reason=delivery
WARN [06-01|13:32:51.426] {"level":"warn","msg":"Slow block","block":{"number":6021,"hash":"0x4f0d3c5cc890a1116f35b692be36704dd9a0cc21575d6c3bd4457271a8ba9bf7","gas_used":0,"tx_count":0},"timing":{"execution_ms":0.040126,"state_read_ms":7.791848,"state_hash_ms":0.002273,"commit_ms":0.139692,"total_ms":8.177217},"throughput":{"mgas_per_sec":0},"state_reads":{"accounts":4,"storage_slots":0,"code":0,"code_bytes":0},"state_writes":{"accounts":0,"accounts_deleted":0,"storage_slots":0,"storage_slots_deleted":0,"code":0,"code_bytes":0},"cache":{"account":{"hits":0,"misses":4,"hit_rate":0},"storage":{"hits":0,"misses":0,"hit_rate":0},"code":{"hits":0,"misses":0,"hit_rate":0,"hit_bytes":0,"miss_bytes":0}}}
INFO [06-01|13:32:51.426] Imported new potential chain segment     number=6021 hash=4f0d3c..ba9bf7 blocks=1 txs=0 mgas=0.000 elapsed=8.415ms   mgasps=0.000 triediffs=28.58MiB triedirty=2.87MiB
INFO [06-01|13:32:51.426] Chain head was updated                   number=6021 hash=4f0d3c..ba9bf7 root=cbf403..a30187 elapsed="62.919µs"
INFO [06-01|13:32:52.440] Starting work on payload                 id=0x03ce9af6b2926772
INFO [06-01|13:32:52.462] Updated payload                          id=0x03ce9af6b2926772 number=6022 hash=53b925..33d297 txs=0 withdrawals=0 gas=0 fees=0 root=cbf403..a30187 elapsed=21.325ms
INFO [06-01|13:32:52.464] Stopping work on payload                 id=0x03ce9af6b2926772 reason=delivery
WARN [06-01|13:32:52.476] {"level":"warn","msg":"Slow block","block":{"number":6022,"hash":"0x53b9252002ddfecaa12742fa6af594dd64b2ba76a35f62a33c136802f133d297","gas_used":0,"tx_count":0},"timing":{"execution_ms":0.062702,"state_read_ms":11.659993,"state_hash_ms":0.002638,"commit_ms":1.401653,"total_ms":13.960463},"throughput":{"mgas_per_sec":0},"state_reads":{"accounts":4,"storage_slots":0,"code":0,"code_bytes":0},"state_writes":{"accounts":0,"accounts_deleted":0,"storage_slots":0,"storage_slots_deleted":0,"code":0,"code_bytes":0},"cache":{"account":{"hits":0,"misses":4,"hit_rate":0},"storage":{"hits":0,"misses":0,"hit_rate":0},"code":{"hits":0,"misses":0,"hit_rate":0,"hit_bytes":0,"miss_bytes":0}}}
INFO [06-01|13:32:52.476] Imported new potential chain segment     number=6022 hash=53b925..33d297 blocks=1 txs=0 mgas=0.000 elapsed=14.230ms   mgasps=0.000 triediffs=28.58MiB triedirty=2.87MiB
INFO [06-01|13:32:52.477] Chain head was updated                   number=6022 hash=53b925..33d297 root=cbf403..a30187 elapsed="64.83µs"
INFO [06-01|13:32:52.642] Submitted contract creation              hash=0xca611289f1e0343b5cc3546437dd7df825330b6f2cdb6474a82a94942e8aa4ab from=0xf39Fd6e51aad88F6F4ce6aB8827279cffFb92266 nonce=1819 contract=0x3C3297C2Be0F0C51b604dC0A798cF610d7406De2 value=0
INFO [06-01|13:32:52.642] Submitted transaction                    hash=0xce76092eb35377e38451bac39dd00e6c539b580e157fb28173f79e5409191078 from=0xf39Fd6e51aad88F6F4ce6aB8827279cffFb92266 nonce=1820 recipient=0x894f3567af595878cE7778C539572d356718E569 value=78,000,000
INFO [06-01|13:32:53.486] Starting work on payload                 id=0x03418bc46063716e
INFO [06-01|13:32:53.530] Updated payload                          id=0x03418bc46063716e number=6023 hash=99aafc..d718b2 txs=2 withdrawals=0 gas=86926 fees=5.21556e-13 root=4ecd23..a204be elapsed=43.330ms
INFO [06-01|13:32:53.530] Stopping work on payload                 id=0x03418bc46063716e reason=delivery
WARN [06-01|13:32:53.571] {"level":"warn","msg":"Slow block","block":{"number":6023,"hash":"0x99aafcb52f6a8b8623a42cb4a1f6e60a81f6f75f34b77123b3ade71406d718b2","gas_used":86926,"tx_count":2},"timing":{"execution_ms":0.168798,"state_read_ms":22.826537,"state_hash_ms":12.005009,"commit_ms":5.5303,"total_ms":40.723406},"throughput":{"mgas_per_sec":2.134546408028837},"state_reads":{"accounts":11,"storage_slots":0,"code":0,"code_bytes":0},"state_writes":{"accounts":3,"accounts_deleted":0,"storage_slots":0,"storage_slots_deleted":0,"code":1,"code_bytes":165},"cache":{"account":{"hits":5,"misses":6,"hit_rate":45.45454545454545},"storage":{"hits":0,"misses":0,"hit_rate":0},"code":{"hits":0,"misses":0,"hit_rate":0,"hit_bytes":0,"miss_bytes":0}}}
INFO [06-01|13:32:53.571] Imported new potential chain segment     number=6023 hash=99aafc..d718b2 blocks=1 txs=2 mgas=0.087 elapsed=40.906ms   mgasps=2.125 triediffs=28.47MiB triedirty=2.90MiB
INFO [06-01|13:32:53.571] Chain head was updated                   number=6023 hash=99aafc..d718b2 root=4ecd23..a204be elapsed="221.62µs"
INFO [06-01|13:32:53.655] Submitted transaction                    hash=0x8dd8546f579e84f55d08f4d3994985c928c1190262cd09dfd253dfb03a1e0d83 from=0x894f3567af595878cE7778C539572d356718E569 nonce=0    recipient=0x3C3297C2Be0F0C51b604dC0A798cF610d7406De2 value=0
INFO [06-01|13:32:54.581] Starting work on payload                 id=0x03bd101ae21fef06
INFO [06-01|13:32:54.815] Updated payload                          id=0x03bd101ae21fef06 number=6024 hash=7f4b85..1f4b67 txs=1 withdrawals=0 gas=5,903,542 fees=3.5421252e-11 root=6807e1..a9ff2f elapsed=233.557ms
INFO [06-01|13:32:54.815] Stopping work on payload                 id=0x03bd101ae21fef06 reason=delivery
WARN [06-01|13:32:54.928] {"level":"warn","msg":"Slow block","block":{"number":6024,"hash":"0x7f4b8555ce3663c9a6269949067d0bc75b38172e44a1326feda05d20b91f4b67","gas_used":5903542,"tx_count":1},"timing":{"execution_ms":9.186344,"state_read_ms":22.306948,"state_hash_ms":63.349039,"commit_ms":16.700638,"total_ms":112.184647},"throughput":{"mgas_per_sec":52.6234396405419},"state_reads":{"accounts":219,"storage_slots":212,"code":213,"code_bytes":6101},"state_writes":{"accounts":213,"accounts_deleted":0,"storage_slots":211,"storage_slots_deleted":0,"code":0,"code_bytes":0},"cache":{"account":{"hits":146,"misses":73,"hit_rate":66.66666666666666},"storage":{"hits":111,"misses":101,"hit_rate":52.358490566037744},"code":{"hits":213,"misses":0,"hit_rate":100,"hit_bytes":6101,"miss_bytes":0}}}
INFO [06-01|13:32:54.928] Imported new potential chain segment     number=6024 hash=7f4b85..1f4b67 blocks=1 txs=1 mgas=5.904 elapsed=112.420ms  mgasps=52.513 triediffs=29.91MiB triedirty=2.90MiB
INFO [06-01|13:32:54.928] Chain head was updated                   number=6024 hash=7f4b85..1f4b67 root=6807e1..a9ff2f elapsed="119.201µs"
INFO [06-01|13:32:55.685] Submitted transaction                    hash=0x1ddb50c846ad582c53c83fa350a89cec39103e82de205569253bcd15f3314fd9 from=0x894f3567af595878cE7778C539572d356718E569 nonce=1    recipient=0xf39Fd6e51aad88F6F4ce6aB8827279cffFb92266 value=1,001,954
INFO [06-01|13:32:55.937] Starting work on payload                 id=0x03e12c9aef6aeb50
INFO [06-01|13:32:55.957] Updated payload                          id=0x03e12c9aef6aeb50 number=6025 hash=2374c2..5f5c04 txs=1 withdrawals=0 gas=21000     fees=2.1e-14       root=aff598..d49dbf elapsed=20.217ms
INFO [06-01|13:32:55.957] Stopping work on payload                 id=0x03e12c9aef6aeb50 reason=delivery
WARN [06-01|13:32:55.977] {"level":"warn","msg":"Slow block","block":{"number":6025,"hash":"0x2374c224618ff2f9d521ca9206d85ef0eea28816b282a12a77ef4d19905f5c04","gas_used":21000,"tx_count":1},"timing":{"execution_ms":0.120804,"state_read_ms":8.921886,"state_hash_ms":3.249669,"commit_ms":0.488637,"total_ms":19.562871},"throughput":{"mgas_per_sec":1.0734620700611888},"state_reads":{"accounts":6,"storage_slots":0,"code":0,"code_bytes":0},"state_writes":{"accounts":2,"accounts_deleted":0,"storage_slots":0,"storage_slots_deleted":0,"code":0,"code_bytes":0},"cache":{"account":{"hits":2,"misses":4,"hit_rate":33.33333333333333},"storage":{"hits":0,"misses":0,"hit_rate":0},"code":{"hits":0,"misses":0,"hit_rate":0,"hit_bytes":0,"miss_bytes":0}}}
INFO [06-01|13:32:55.977] Imported new potential chain segment     number=6025 hash=2374c2..5f5c04 blocks=1 txs=1 mgas=0.021 elapsed=19.689ms    mgasps=1.067  triediffs=29.91MiB triedirty=2.90MiB
INFO [06-01|13:32:55.977] Chain head was updated                   number=6025 hash=2374c2..5f5c04 root=aff598..d49dbf elapsed="41.654µs"
INFO [06-01|13:32:56.984] Starting work on payload                 id=0x03b924281726902f
INFO [06-01|13:32:57.010] Updated payload                          id=0x03b924281726902f number=6026 hash=c8c5fb..de259a txs=0 withdrawals=0 gas=0         fees=0             root=aff598..d49dbf elapsed=25.217ms
INFO [06-01|13:32:57.010] Stopping work on payload                 id=0x03b924281726902f reason=delivery
WARN [06-01|13:32:57.027] {"level":"warn","msg":"Slow block","block":{"number":6026,"hash":"0xc8c5fbb20993715f36b13acc1a9e4a80f042b5465278dcf46afe01779bde259a","gas_used":0,"tx_count":0},"timing":{"execution_ms":0.048561,"state_read_ms":16.380838,"state_hash_ms":0.004359,"commit_ms":0.297235,"total_ms":17.08399},"throughput":{"mgas_per_sec":0},"state_reads":{"accounts":4,"storage_slots":0,"code":0,"code_bytes":0},"state_writes":{"accounts":0,"accounts_deleted":0,"storage_slots":0,"storage_slots_deleted":0,"code":0,"code_bytes":0},"cache":{"account":{"hits":0,"misses":4,"hit_rate":0},"storage":{"hits":0,"misses":0,"hit_rate":0},"code":{"hits":0,"misses":0,"hit_rate":0,"hit_bytes":0,"miss_bytes":0}}}
INFO [06-01|13:32:57.027] Imported new potential chain segment     number=6026 hash=c8c5fb..de259a blocks=1 txs=0 mgas=0.000 elapsed=17.280ms    mgasps=0.000  triediffs=29.91MiB triedirty=2.90MiB
INFO [06-01|13:32:57.027] Chain head was updated                   number=6026 hash=c8c5fb..de259a root=aff598..d49dbf elapsed="61.408µs"
