WARN [06-02|05:05:21.067] Unknown config environment variable      envvar=GETH_PBT_BIN
WARN [06-02|05:05:21.067] Unknown config environment variable      envvar=GETH_UBT_BIN
INFO [06-02|05:05:21.078] Starting Geth on Ethereum mainnet...
INFO [06-02|05:05:21.080] Maximum peer count                       ETH=0 total=0
INFO [06-02|05:05:21.081] Smartcard socket not found, disabling    err="stat /run/pcscd/pcscd.comm: no such file or directory"
WARN [06-02|05:05:21.086] Option --miner.etherbase is deprecated as the etherbase is set by the consensus client post-merge
INFO [06-02|05:05:21.090] Set global gas cap                       cap=50,000,000
INFO [06-02|05:05:21.951] Using developer account                  address=0xf39Fd6e51aad88F6F4ce6aB8827279cffFb92266
INFO [06-02|05:05:21.993] Using pebble as the backing database
INFO [06-02|05:05:21.993] Allocated cache and file handles         database=/mnt/state_expiry_vol_data/ubt-vs-pbt-dbs/pbt/geth/chaindata cache=2.00GiB handles=262,144
INFO [06-02|05:05:22.218] Opened ancient database                  database=/mnt/state_expiry_vol_data/ubt-vs-pbt-dbs/pbt/geth/chaindata/ancient/chain readonly=true
INFO [06-02|05:05:22.218] Opened Era store                         datadir=/mnt/state_expiry_vol_data/ubt-vs-pbt-dbs/pbt/geth/chaindata/ancient/chain/era
INFO [06-02|05:05:22.226] Initializing the KZG library             backend=gokzg
INFO [06-02|05:05:22.228] Allocated trie memory caches             clean=614.00MiB dirty=1.00GiB
INFO [06-02|05:05:22.241] Using pebble as the backing database
INFO [06-02|05:05:22.241] Allocated cache and file handles         database=/mnt/state_expiry_vol_data/ubt-vs-pbt-dbs/pbt/geth/chaindata cache=2.00GiB handles=262,144
INFO [06-02|05:05:22.456] Opened ancient database                  database=/mnt/state_expiry_vol_data/ubt-vs-pbt-dbs/pbt/geth/chaindata/ancient/chain readonly=false
INFO [06-02|05:05:22.456] Opened Era store                         datadir=/mnt/state_expiry_vol_data/ubt-vs-pbt-dbs/pbt/geth/chaindata/ancient/chain/era
INFO [06-02|05:05:22.466] State scheme set to already existing     scheme=path
INFO [06-02|05:05:22.468] Initialising Ethereum protocol           network=1337 dbversion=9
WARN [06-02|05:05:22.468] Sanitizing invalid node buffer size      provided=1.00GiB updated=256.00MiB
INFO [06-02|05:05:22.470] Load database journal from file          path=/mnt/state_expiry_vol_data/ubt-vs-pbt-dbs/pbt/geth/triedb/verkle.journal
INFO [06-02|05:05:24.314] Opened ancient database                  database=/mnt/state_expiry_vol_data/ubt-vs-pbt-dbs/pbt/geth/chaindata/ancient/state_verkle readonly=false
INFO [06-02|05:05:24.316] State snapshot generator is not compatible
INFO [06-02|05:05:24.316] Initialized path database                triecache=614.00MiB statecache=409.00MiB buffer=256.00MiB state-history="last 90000 blocks" journal-dir=/mnt/state_expiry_vol_data/ubt-vs-pbt-dbs/pbt/geth/triedb verkle=true
INFO [06-02|05:05:24.316] 
INFO [06-02|05:05:24.316] ---------------------------------------------------------------------------------------------------------------------------------------------------------
INFO [06-02|05:05:24.316] Chain ID:  1337 (unknown)
INFO [06-02|05:05:24.316] Consensus: unknown
INFO [06-02|05:05:24.316] 
INFO [06-02|05:05:24.316] Pre-Merge hard forks (block based):
INFO [06-02|05:05:24.316]  - Homestead:                   #0       
INFO [06-02|05:05:24.316]  - Tangerine Whistle (EIP 150): #0       
INFO [06-02|05:05:24.316]  - Spurious Dragon/1 (EIP 155): #0       
INFO [06-02|05:05:24.316]  - Spurious Dragon/2 (EIP 158): #0       
INFO [06-02|05:05:24.316]  - Byzantium:                   #0       
INFO [06-02|05:05:24.316]  - Constantinople:              #0       
INFO [06-02|05:05:24.316]  - Petersburg:                  #0       
INFO [06-02|05:05:24.316]  - Istanbul:                    #0       
INFO [06-02|05:05:24.316]  - Berlin:                      #0       
INFO [06-02|05:05:24.316]  - London:                      #0       
INFO [06-02|05:05:24.316]  - Arrow Glacier:               #0       
INFO [06-02|05:05:24.316]  - Gray Glacier:                #0       
INFO [06-02|05:05:24.316] 
INFO [06-02|05:05:24.316] Merge configured:
INFO [06-02|05:05:24.316]  - Total terminal difficulty:  0
INFO [06-02|05:05:24.316]  - Merge netsplit block:       #0       
INFO [06-02|05:05:24.316] 
INFO [06-02|05:05:24.316] Post-Merge hard forks (timestamp based):
INFO [06-02|05:05:24.316]  - Shanghai:                    @0         
INFO [06-02|05:05:24.316]  - Cancun:                      @0          blob: (target: 3, max: 6, fraction: 3338477)
INFO [06-02|05:05:24.316]  - Prague:                      @0          blob: (target: 6, max: 9, fraction: 5007716)
INFO [06-02|05:05:24.316]  - Osaka:                       @0          blob: (target: 6, max: 9, fraction: 5007716)
INFO [06-02|05:05:24.316]  - UBT:                         @0          blob: (nil)
INFO [06-02|05:05:24.316] 
INFO [06-02|05:05:24.316] All fork specifications can be found at https://ethereum.github.io/execution-specs/src/ethereum/forks/
INFO [06-02|05:05:24.316] 
INFO [06-02|05:05:24.316] ---------------------------------------------------------------------------------------------------------------------------------------------------------
INFO [06-02|05:05:24.316] 
INFO [06-02|05:05:24.317] Loaded most recent local block           number=9574 hash=6ab520..b572af age=7s
INFO [06-02|05:05:24.317] Loaded most recent local finalized block number=9568 hash=ba1104..a5d6bc age=14s
INFO [06-02|05:05:24.318] Initialized transaction indexer          range="last 2350000 blocks"
INFO [06-02|05:05:24.318] Initialized log indexer                  firstblock=0 lastblock=9574 firstmap=0 lastmap=0 headindexed=true
INFO [06-02|05:05:24.337] Enabled full-sync                        head=9574 hash=6ab520..b572af
INFO [06-02|05:05:24.337] Unprotected transactions allowed
INFO [06-02|05:05:24.337] Gasprice oracle is ignoring threshold set threshold=2
WARN [06-02|05:05:24.338] Unclean shutdown detected                booted=2026-06-02T02:34:44+0000 age=2h30m40s
INFO [06-02|05:05:24.338] Registered sync override service
WARN [06-02|05:05:24.338] You are running Geth in --dev mode. Please note the following:
WARN [06-02|05:05:24.338] 
WARN [06-02|05:05:24.338]   1. This mode is only intended for fast, iterative development without assumptions on
WARN [06-02|05:05:24.338]      security or persistence.
WARN [06-02|05:05:24.338]   2. The database is created in memory unless specified otherwise. Therefore, shutting down
WARN [06-02|05:05:24.338]      your computer or losing power will wipe your entire block data and chain state for
WARN [06-02|05:05:24.338]      your dev environment.
WARN [06-02|05:05:24.338]   3. A random, pre-allocated developer account will be available and unlocked as
WARN [06-02|05:05:24.338]      eth.coinbase, which can be used for testing. The random dev account is temporary,
WARN [06-02|05:05:24.338]      stored on a ramdisk, and will be lost if your machine is restarted.
WARN [06-02|05:05:24.338]   4. Mining is enabled by default. However, the client will only seal blocks if transactions
WARN [06-02|05:05:24.338]      are pending in the mempool. The miner's minimum accepted gas price is 1.
WARN [06-02|05:05:24.338]   5. Networking is disabled; there is no listen-address, the maximum number of peers is set
WARN [06-02|05:05:24.338]      to 0, and discovery is disabled.
WARN [06-02|05:05:24.338] 
INFO [06-02|05:05:24.338] Starting peer-to-peer node               instance=Geth/v1.17.3-unstable/linux-amd64/go1.24.9
WARN [06-02|05:05:24.338] P2P server will be useless, neither dialing nor listening
INFO [06-02|05:05:24.353] IPC endpoint opened                      url=/mnt/state_expiry_vol_data/ubt-vs-pbt-dbs/pbt/geth.ipc
ERROR[06-02|05:05:24.353] Unavailable modules in HTTP API list     unavailable=[personal] available="[admin debug web3 eth txpool miner net dev testing]"
INFO [06-02|05:05:24.354] New local node record                    seq=1,780,292,695,490 id=972c5cc0b2a1895c ip=127.0.0.1 udp=0 tcp=0
INFO [06-02|05:05:24.354] Started P2P networking                   self=enode://16ec6c0bde109d66472afe00ec8fee3d30718d830d1acf0829842abca89b82afff8a454636cde3b26d700f98647938c6f23e7bee3027caca0d7f19e4b3725e13@127.0.0.1:0
INFO [06-02|05:05:24.354] HTTP server started                      endpoint=127.0.0.1:8545 auth=false prefix= cors= vhosts=localhost
INFO [06-02|05:05:24.354] WebSocket enabled                        url=ws://127.0.0.1:8546
INFO [06-02|05:05:25.259] Loaded local transaction journal         transactions=7560 dropped=0
INFO [06-02|05:05:25.489] Started log indexer
INFO [06-02|05:05:25.513] Starting work on payload                 id=0x03b3534ef4f4cecc
INFO [06-02|05:05:25.515] Updated payload                          id=0x03b3534ef4f4cecc number=9575 hash=3aa49c..c8caf7 txs=0 withdrawals=0 gas=0 fees=0 root=1d94c9..a2c8b1 elapsed=2.113ms
INFO [06-02|05:05:25.517] Stopping work on payload                 id=0x03b3534ef4f4cecc reason=delivery
WARN [06-02|05:05:25.545] {"level":"warn","msg":"Slow block","block":{"number":9575,"hash":"0x3aa49cdc2b3b2ba8a9d633d3d7e5d1d905516a2309a3da5e2021263e25c8caf7","gas_used":0,"tx_count":0},"timing":{"execution_ms":0.056279,"state_read_ms":28.932705,"state_hash_ms":0.002852,"commit_ms":0.291165,"total_ms":29.508297},"throughput":{"mgas_per_sec":0},"state_reads":{"accounts":4,"storage_slots":0,"code":0,"code_bytes":0},"state_writes":{"accounts":0,"accounts_deleted":0,"storage_slots":0,"storage_slots_deleted":0,"code":0,"code_bytes":0},"cache":{"account":{"hits":0,"misses":4,"hit_rate":0},"storage":{"hits":0,"misses":0,"hit_rate":0},"code":{"hits":0,"misses":0,"hit_rate":0,"hit_bytes":0,"miss_bytes":0}}}
INFO [06-02|05:05:25.545] Imported new potential chain segment     number=9575 hash=3aa49c..c8caf7 blocks=1 txs=0 mgas=0.000 elapsed=29.951ms mgasps=0.000 triediffs=1.33MiB triedirty=120.95MiB
INFO [06-02|05:05:25.546] Chain head was updated                   number=9575 hash=3aa49c..c8caf7 root=1d94c9..a2c8b1 elapsed="95.674µs"
INFO [06-02|05:05:26.561] Starting work on payload                 id=0x03ccd4b6428555f0
INFO [06-02|05:05:26.565] Updated payload                          id=0x03ccd4b6428555f0 number=9576 hash=b279c9..32573f txs=0 withdrawals=0 gas=0 fees=0 root=1d94c9..a2c8b1 elapsed=4.187ms
INFO [06-02|05:05:26.569] Stopping work on payload                 id=0x03ccd4b6428555f0 reason=delivery
WARN [06-02|05:05:26.600] {"level":"warn","msg":"Slow block","block":{"number":9576,"hash":"0xb279c965823f69b3cd8c7ad019afb27a707de76657a778d2e734e9069232573f","gas_used":0,"tx_count":0},"timing":{"execution_ms":0.076992,"state_read_ms":33.844388,"state_hash_ms":0.003207,"commit_ms":0.340378,"total_ms":34.464546},"throughput":{"mgas_per_sec":0},"state_reads":{"accounts":4,"storage_slots":0,"code":0,"code_bytes":0},"state_writes":{"accounts":0,"accounts_deleted":0,"storage_slots":0,"storage_slots_deleted":0,"code":0,"code_bytes":0},"cache":{"account":{"hits":0,"misses":4,"hit_rate":0},"storage":{"hits":0,"misses":0,"hit_rate":0},"code":{"hits":0,"misses":0,"hit_rate":0,"hit_bytes":0,"miss_bytes":0}}}
INFO [06-02|05:05:26.600] Imported new potential chain segment     number=9576 hash=b279c9..32573f blocks=1 txs=0 mgas=0.000 elapsed=34.745ms   mgasps=0.000 triediffs=1.33MiB triedirty=120.95MiB
INFO [06-02|05:05:26.600] Chain head was updated                   number=9576 hash=b279c9..32573f root=1d94c9..a2c8b1 elapsed="103.418µs"
INFO [06-02|05:05:27.704] Starting work on payload                 id=0x03933e6a13104a37
INFO [06-02|05:05:27.708] Updated payload                          id=0x03933e6a13104a37 number=9577 hash=bfa534..c51b06 txs=0 withdrawals=0 gas=0 fees=0 root=1d94c9..a2c8b1 elapsed=3.585ms
INFO [06-02|05:05:27.708] Stopping work on payload                 id=0x03933e6a13104a37 reason=delivery
WARN [06-02|05:05:27.761] {"level":"warn","msg":"Slow block","block":{"number":9577,"hash":"0xbfa53404340f4eaad0aea94aee5f1e4a5bea715cb1a0649329e1f9bbecc51b06","gas_used":0,"tx_count":0},"timing":{"execution_ms":0.033927,"state_read_ms":42.127647,"state_hash_ms":0.009039,"commit_ms":3.175176,"total_ms":52.77498},"throughput":{"mgas_per_sec":0},"state_reads":{"accounts":4,"storage_slots":0,"code":0,"code_bytes":0},"state_writes":{"accounts":0,"accounts_deleted":0,"storage_slots":0,"storage_slots_deleted":0,"code":0,"code_bytes":0},"cache":{"account":{"hits":0,"misses":4,"hit_rate":0},"storage":{"hits":0,"misses":0,"hit_rate":0},"code":{"hits":0,"misses":0,"hit_rate":0,"hit_bytes":0,"miss_bytes":0}}}
INFO [06-02|05:05:27.761] Imported new potential chain segment     number=9577 hash=bfa534..c51b06 blocks=1 txs=0 mgas=0.000 elapsed=53.019ms    mgasps=0.000 triediffs=1.33MiB triedirty=120.95MiB
INFO [06-02|05:05:27.761] Chain head was updated                   number=9577 hash=bfa534..c51b06 root=1d94c9..a2c8b1 elapsed="90.288µs"
INFO [06-02|05:05:28.772] Starting work on payload                 id=0x03ef4c48873543c2
INFO [06-02|05:05:28.813] Updated payload                          id=0x03ef4c48873543c2 number=9578 hash=59ba5f..48b79d txs=0 withdrawals=0 gas=0 fees=0 root=1d94c9..a2c8b1 elapsed=41.058ms
INFO [06-02|05:05:28.817] Stopping work on payload                 id=0x03ef4c48873543c2 reason=delivery
WARN [06-02|05:05:28.839] {"level":"warn","msg":"Slow block","block":{"number":9578,"hash":"0x59ba5fbf0d2c1a50b7a348f5fd69cbbc1e2e615559a224e4753924635f48b79d","gas_used":0,"tx_count":0},"timing":{"execution_ms":0.047408,"state_read_ms":24.861302,"state_hash_ms":0.002103,"commit_ms":0.156268,"total_ms":25.292134},"throughput":{"mgas_per_sec":0},"state_reads":{"accounts":4,"storage_slots":0,"code":0,"code_bytes":0},"state_writes":{"accounts":0,"accounts_deleted":0,"storage_slots":0,"storage_slots_deleted":0,"code":0,"code_bytes":0},"cache":{"account":{"hits":0,"misses":4,"hit_rate":0},"storage":{"hits":0,"misses":0,"hit_rate":0},"code":{"hits":0,"misses":0,"hit_rate":0,"hit_bytes":0,"miss_bytes":0}}}
INFO [06-02|05:05:28.839] Imported new potential chain segment     number=9578 hash=59ba5f..48b79d blocks=1 txs=0 mgas=0.000 elapsed=25.520ms    mgasps=0.000 triediffs=1.33MiB triedirty=120.95MiB
INFO [06-02|05:05:28.839] Chain head was updated                   number=9578 hash=59ba5f..48b79d root=1d94c9..a2c8b1 elapsed="49.828µs"
INFO [06-02|05:05:29.646] Submitted contract creation              hash=0xa4d759c8bd22039b5bb78b6fd447759963ccebb0dd110c20d356bdd4564d1e1e from=0xf39Fd6e51aad88F6F4ce6aB8827279cffFb92266 nonce=2609 contract=0x65933e6885FeBC647659766A7837dd410cCDcb65 value=0
INFO [06-02|05:05:29.646] Submitted transaction                    hash=0x3e1ea0e218fc280fd4174726701b411c9d8cf5ed70a37688744391d809587fbe from=0xf39Fd6e51aad88F6F4ce6aB8827279cffFb92266 nonce=2610 recipient=0x4dc15d1d3758D064c2638A341301a15bcf3f66CF value=208,000,000
INFO [06-02|05:05:29.845] Starting work on payload                 id=0x037641a572aa8c09
INFO [06-02|05:05:29.913] Updated payload                          id=0x037641a572aa8c09 number=9579 hash=d7aa67..e76a01 txs=2 withdrawals=0 gas=86852 fees=5.21112e-13 root=6466cc..60ec02 elapsed=68.375ms
INFO [06-02|05:05:29.914] Stopping work on payload                 id=0x037641a572aa8c09 reason=delivery
WARN [06-02|05:05:29.933] {"level":"warn","msg":"Slow block","block":{"number":9579,"hash":"0xd7aa673c98f48ad7e5fe4e30facd33a6a00e5e68d469dbb8a974c37651e76a01","gas_used":86852,"tx_count":2},"timing":{"execution_ms":0.158961,"state_read_ms":3.371064,"state_hash_ms":10.269073,"commit_ms":5.182236,"total_ms":19.233101},"throughput":{"mgas_per_sec":4.515756455498258},"state_reads":{"accounts":11,"storage_slots":0,"code":0,"code_bytes":0},"state_writes":{"accounts":3,"accounts_deleted":0,"storage_slots":0,"storage_slots_deleted":0,"code":1,"code_bytes":157},"cache":{"account":{"hits":6,"misses":5,"hit_rate":54.54545454545454},"storage":{"hits":0,"misses":0,"hit_rate":0},"code":{"hits":0,"misses":0,"hit_rate":0,"hit_bytes":0,"miss_bytes":0}}}
INFO [06-02|05:05:29.933] Imported new potential chain segment     number=9579 hash=d7aa67..e76a01 blocks=1 txs=2 mgas=0.087 elapsed=19.487ms    mgasps=4.457 triediffs=1.33MiB triedirty=120.95MiB
INFO [06-02|05:05:29.934] Chain head was updated                   number=9579 hash=d7aa67..e76a01 root=6466cc..60ec02 elapsed="251.776µs"
INFO [06-02|05:05:30.660] Submitted transaction                    hash=0x010266cc10620d4863160a177c63767597527923e291cf9b1fc87472e8df65cf from=0x4dc15d1d3758D064c2638A341301a15bcf3f66CF nonce=0    recipient=0x65933e6885FeBC647659766A7837dd410cCDcb65 value=0
INFO [06-02|05:05:30.937] Starting work on payload                 id=0x037690b43b47d152
INFO [06-02|05:05:31.220] Updated payload                          id=0x037690b43b47d152 number=9580 hash=dac13e..f7cbef txs=1 withdrawals=0 gas=15,900,303 fees=9.5401818e-11 root=de8f1c..c833ec elapsed=282.767ms
INFO [06-02|05:05:31.220] Stopping work on payload                 id=0x037690b43b47d152 reason=delivery
WARN [06-02|05:05:31.510] {"level":"warn","msg":"Slow block","block":{"number":9580,"hash":"0xdac13ec972e9b4716bb3f77c5197966f95f40b14acc94174fc3fc98659f7cbef","gas_used":15900303,"tx_count":1},"timing":{"execution_ms":255.338759,"state_read_ms":29.655632,"state_hash_ms":2.816923,"commit_ms":0.865774,"total_ms":288.883743},"throughput":{"mgas_per_sec":55.04049080394254},"state_reads":{"accounts":407,"storage_slots":702,"code":401,"code_bytes":11357},"state_writes":{"accounts":2,"accounts_deleted":0,"storage_slots":0,"storage_slots_deleted":0,"code":0,"code_bytes":0},"cache":{"account":{"hits":88,"misses":319,"hit_rate":21.62162162162162},"storage":{"hits":163,"misses":539,"hit_rate":23.219373219373217},"code":{"hits":401,"misses":0,"hit_rate":100,"hit_bytes":11357,"miss_bytes":0}}}
INFO [06-02|05:05:31.510] Imported new potential chain segment     number=9580 hash=dac13e..f7cbef blocks=1 txs=1 mgas=15.900 elapsed=289.249ms   mgasps=54.971 triediffs=1.33MiB triedirty=120.95MiB
INFO [06-02|05:05:31.511] Chain head was updated                   number=9580 hash=dac13e..f7cbef root=de8f1c..c833ec elapsed="249.765µs"
INFO [06-02|05:05:31.675] Submitted transaction                    hash=0x52b715fe5fd85217fff190da7cfcc9fdcc80693e0cb23bbef72b5e8e3d707d8d from=0x4dc15d1d3758D064c2638A341301a15bcf3f66CF nonce=1    recipient=0xf39Fd6e51aad88F6F4ce6aB8827279cffFb92266 value=1,044,061
INFO [06-02|05:05:32.514] Starting work on payload                 id=0x03b46cad299862ec
INFO [06-02|05:05:32.596] Updated payload                          id=0x03b46cad299862ec number=9581 hash=e87aa5..b82b51 txs=1 withdrawals=0 gas=21000      fees=2.1e-14       root=84573a..f822a5 elapsed=81.853ms
INFO [06-02|05:05:32.596] Stopping work on payload                 id=0x03b46cad299862ec reason=delivery
WARN [06-02|05:05:32.603] {"level":"warn","msg":"Slow block","block":{"number":9581,"hash":"0xe87aa5a7296449c6d30745087394b3129c8fc1ecbb02869f9c91710df4b82b51","gas_used":21000,"tx_count":1},"timing":{"execution_ms":0.065427,"state_read_ms":2.655922,"state_hash_ms":2.899279,"commit_ms":0.752318,"total_ms":6.522994},"throughput":{"mgas_per_sec":3.2193805482574414},"state_reads":{"accounts":6,"storage_slots":0,"code":0,"code_bytes":0},"state_writes":{"accounts":2,"accounts_deleted":0,"storage_slots":0,"storage_slots_deleted":0,"code":0,"code_bytes":0},"cache":{"account":{"hits":2,"misses":4,"hit_rate":33.33333333333333},"storage":{"hits":0,"misses":0,"hit_rate":0},"code":{"hits":0,"misses":0,"hit_rate":0,"hit_bytes":0,"miss_bytes":0}}}
INFO [06-02|05:05:32.603] Imported new potential chain segment     number=9581 hash=e87aa5..b82b51 blocks=1 txs=1 mgas=0.021  elapsed=6.687ms     mgasps=3.140  triediffs=1.32MiB triedirty=120.96MiB
INFO [06-02|05:05:32.603] Chain head was updated                   number=9581 hash=e87aa5..b82b51 root=84573a..f822a5 elapsed="90.701µs"
