WARN [06-01|13:29:07.056] Unknown config environment variable      envvar=GETH_PBT_BIN
WARN [06-01|13:29:07.056] Unknown config environment variable      envvar=GETH_UBT_BIN
INFO [06-01|13:29:07.065] Starting Geth on Ethereum mainnet...
INFO [06-01|13:29:07.067] Maximum peer count                       ETH=0 total=0
INFO [06-01|13:29:07.068] Smartcard socket not found, disabling    err="stat /run/pcscd/pcscd.comm: no such file or directory"
WARN [06-01|13:29:07.074] Option --miner.etherbase is deprecated as the etherbase is set by the consensus client post-merge
INFO [06-01|13:29:07.077] Set global gas cap                       cap=50,000,000
INFO [06-01|13:29:07.860] Using developer account                  address=0xf39Fd6e51aad88F6F4ce6aB8827279cffFb92266
INFO [06-01|13:29:07.898] Using pebble as the backing database
INFO [06-01|13:29:07.898] Allocated cache and file handles         database=/mnt/state_expiry_vol_data/ubt-vs-pbt-dbs/pbt/geth/chaindata cache=2.00GiB handles=262,144
INFO [06-01|13:29:08.108] Opened ancient database                  database=/mnt/state_expiry_vol_data/ubt-vs-pbt-dbs/pbt/geth/chaindata/ancient/chain readonly=true
INFO [06-01|13:29:08.108] Opened Era store                         datadir=/mnt/state_expiry_vol_data/ubt-vs-pbt-dbs/pbt/geth/chaindata/ancient/chain/era
INFO [06-01|13:29:08.115] Initializing the KZG library             backend=gokzg
INFO [06-01|13:29:08.117] Allocated trie memory caches             clean=614.00MiB dirty=1.00GiB
INFO [06-01|13:29:08.125] Using pebble as the backing database
INFO [06-01|13:29:08.125] Allocated cache and file handles         database=/mnt/state_expiry_vol_data/ubt-vs-pbt-dbs/pbt/geth/chaindata cache=2.00GiB handles=262,144
INFO [06-01|13:29:08.322] Opened ancient database                  database=/mnt/state_expiry_vol_data/ubt-vs-pbt-dbs/pbt/geth/chaindata/ancient/chain readonly=false
INFO [06-01|13:29:08.322] Opened Era store                         datadir=/mnt/state_expiry_vol_data/ubt-vs-pbt-dbs/pbt/geth/chaindata/ancient/chain/era
INFO [06-01|13:29:08.328] State scheme set to already existing     scheme=path
INFO [06-01|13:29:08.328] Initialising Ethereum protocol           network=1337 dbversion=9
WARN [06-01|13:29:08.328] Sanitizing invalid node buffer size      provided=1.00GiB updated=256.00MiB
INFO [06-01|13:29:08.330] Load database journal from file          path=/mnt/state_expiry_vol_data/ubt-vs-pbt-dbs/pbt/geth/triedb/verkle.journal
INFO [06-01|13:29:08.488] Opened ancient database                  database=/mnt/state_expiry_vol_data/ubt-vs-pbt-dbs/pbt/geth/chaindata/ancient/state_verkle readonly=false
INFO [06-01|13:29:08.490] State snapshot generator is not compatible
INFO [06-01|13:29:08.490] Initialized path database                triecache=614.00MiB statecache=409.00MiB buffer=256.00MiB state-history="last 90000 blocks" journal-dir=/mnt/state_expiry_vol_data/ubt-vs-pbt-dbs/pbt/geth/triedb verkle=true
INFO [06-01|13:29:08.490] 
INFO [06-01|13:29:08.490] ---------------------------------------------------------------------------------------------------------------------------------------------------------
INFO [06-01|13:29:08.490] Chain ID:  1337 (unknown)
INFO [06-01|13:29:08.490] Consensus: unknown
INFO [06-01|13:29:08.490] 
INFO [06-01|13:29:08.490] Pre-Merge hard forks (block based):
INFO [06-01|13:29:08.490]  - Homestead:                   #0       
INFO [06-01|13:29:08.490]  - Tangerine Whistle (EIP 150): #0       
INFO [06-01|13:29:08.490]  - Spurious Dragon/1 (EIP 155): #0       
INFO [06-01|13:29:08.490]  - Spurious Dragon/2 (EIP 158): #0       
INFO [06-01|13:29:08.490]  - Byzantium:                   #0       
INFO [06-01|13:29:08.490]  - Constantinople:              #0       
INFO [06-01|13:29:08.490]  - Petersburg:                  #0       
INFO [06-01|13:29:08.490]  - Istanbul:                    #0       
INFO [06-01|13:29:08.490]  - Berlin:                      #0       
INFO [06-01|13:29:08.490]  - London:                      #0       
INFO [06-01|13:29:08.490]  - Arrow Glacier:               #0       
INFO [06-01|13:29:08.490]  - Gray Glacier:                #0       
INFO [06-01|13:29:08.490] 
INFO [06-01|13:29:08.490] Merge configured:
INFO [06-01|13:29:08.490]  - Total terminal difficulty:  0
INFO [06-01|13:29:08.490]  - Merge netsplit block:       #0       
INFO [06-01|13:29:08.490] 
INFO [06-01|13:29:08.490] Post-Merge hard forks (timestamp based):
INFO [06-01|13:29:08.490]  - Shanghai:                    @0         
INFO [06-01|13:29:08.490]  - Cancun:                      @0          blob: (target: 3, max: 6, fraction: 3338477)
INFO [06-01|13:29:08.490]  - Prague:                      @0          blob: (target: 6, max: 9, fraction: 5007716)
INFO [06-01|13:29:08.490]  - Osaka:                       @0          blob: (target: 6, max: 9, fraction: 5007716)
INFO [06-01|13:29:08.490]  - UBT:                         @0          blob: (nil)
INFO [06-01|13:29:08.490] 
INFO [06-01|13:29:08.490] All fork specifications can be found at https://ethereum.github.io/execution-specs/src/ethereum/forks/
INFO [06-01|13:29:08.490] 
INFO [06-01|13:29:08.490] ---------------------------------------------------------------------------------------------------------------------------------------------------------
INFO [06-01|13:29:08.490] 
INFO [06-01|13:29:08.492] Loaded most recent local block           number=5879 hash=d6e60d..983aa4 age=3s
INFO [06-01|13:29:08.492] Loaded most recent local finalized block number=5856 hash=2b4e4b..8f17e7 age=38s
INFO [06-01|13:29:08.492] Initialized transaction indexer          range="last 2350000 blocks"
INFO [06-01|13:29:08.493] Initialized log indexer                  firstblock=0 lastblock=5879 firstmap=0 lastmap=0 headindexed=true
INFO [06-01|13:29:08.526] Enabled full-sync                        head=5879 hash=d6e60d..983aa4
INFO [06-01|13:29:08.526] Unprotected transactions allowed
INFO [06-01|13:29:08.526] Gasprice oracle is ignoring threshold set threshold=2
INFO [06-01|13:29:08.527] Registered sync override service
WARN [06-01|13:29:08.527] You are running Geth in --dev mode. Please note the following:
WARN [06-01|13:29:08.527] 
WARN [06-01|13:29:08.527]   1. This mode is only intended for fast, iterative development without assumptions on
WARN [06-01|13:29:08.527]      security or persistence.
WARN [06-01|13:29:08.527]   2. The database is created in memory unless specified otherwise. Therefore, shutting down
WARN [06-01|13:29:08.527]      your computer or losing power will wipe your entire block data and chain state for
WARN [06-01|13:29:08.527]      your dev environment.
WARN [06-01|13:29:08.527]   3. A random, pre-allocated developer account will be available and unlocked as
WARN [06-01|13:29:08.527]      eth.coinbase, which can be used for testing. The random dev account is temporary,
WARN [06-01|13:29:08.527]      stored on a ramdisk, and will be lost if your machine is restarted.
WARN [06-01|13:29:08.527]   4. Mining is enabled by default. However, the client will only seal blocks if transactions
WARN [06-01|13:29:08.527]      are pending in the mempool. The miner's minimum accepted gas price is 1.
WARN [06-01|13:29:08.527]   5. Networking is disabled; there is no listen-address, the maximum number of peers is set
WARN [06-01|13:29:08.527]      to 0, and discovery is disabled.
WARN [06-01|13:29:08.527] 
INFO [06-01|13:29:08.527] Starting peer-to-peer node               instance=Geth/v1.17.3-unstable/linux-amd64/go1.24.9
WARN [06-01|13:29:08.527] P2P server will be useless, neither dialing nor listening
INFO [06-01|13:29:08.570] IPC endpoint opened                      url=/mnt/state_expiry_vol_data/ubt-vs-pbt-dbs/pbt/geth.ipc
ERROR[06-01|13:29:08.570] Unavailable modules in HTTP API list     unavailable=[personal] available="[admin debug web3 eth txpool miner net dev testing]"
INFO [06-01|13:29:08.571] New local node record                    seq=1,780,292,695,072 id=972c5cc0b2a1895c ip=127.0.0.1 udp=0 tcp=0
INFO [06-01|13:29:08.571] Started P2P networking                   self=enode://16ec6c0bde109d66472afe00ec8fee3d30718d830d1acf0829842abca89b82afff8a454636cde3b26d700f98647938c6f23e7bee3027caca0d7f19e4b3725e13@127.0.0.1:0
INFO [06-01|13:29:08.572] HTTP server started                      endpoint=127.0.0.1:8545 auth=false prefix= cors= vhosts=localhost
INFO [06-01|13:29:08.572] WebSocket enabled                        url=ws://127.0.0.1:8546
INFO [06-01|13:29:09.003] Loaded local transaction journal         transactions=4065 dropped=0
INFO [06-01|13:29:09.556] Started log indexer
INFO [06-01|13:29:09.617] Starting work on payload                 id=0x0393221aadf7c094
INFO [06-01|13:29:09.638] Updated payload                          id=0x0393221aadf7c094 number=5880 hash=cedd84..011b37 txs=0 withdrawals=0 gas=0 fees=0 root=8695e5..dc9574 elapsed=21.664ms
INFO [06-01|13:29:09.639] Stopping work on payload                 id=0x0393221aadf7c094 reason=delivery
WARN [06-01|13:29:09.646] {"level":"warn","msg":"Slow block","block":{"number":5880,"hash":"0xcedd844a87e4ae79c82a3f4cf96626b6ad5b2d680bda8ef9db2aca67ec011b37","gas_used":0,"tx_count":0},"timing":{"execution_ms":0.066019,"state_read_ms":6.611385,"state_hash_ms":0.002943,"commit_ms":0.250985,"total_ms":7.185648},"throughput":{"mgas_per_sec":0},"state_reads":{"accounts":4,"storage_slots":0,"code":0,"code_bytes":0},"state_writes":{"accounts":0,"accounts_deleted":0,"storage_slots":0,"storage_slots_deleted":0,"code":0,"code_bytes":0},"cache":{"account":{"hits":0,"misses":4,"hit_rate":0},"storage":{"hits":0,"misses":0,"hit_rate":0},"code":{"hits":0,"misses":0,"hit_rate":0,"hit_bytes":0,"miss_bytes":0}}}
INFO [06-01|13:29:09.646] Imported new potential chain segment     number=5880 hash=cedd84..011b37 blocks=1 txs=0 mgas=0.000 elapsed=7.490ms  mgasps=0.000 triediffs=9.42MiB triedirty=2.13MiB
INFO [06-01|13:29:09.646] Chain head was updated                   number=5880 hash=cedd84..011b37 root=8695e5..dc9574 elapsed="51.642µs"
INFO [06-01|13:29:10.659] Starting work on payload                 id=0x032d5707b5667bb4
INFO [06-01|13:29:10.674] Updated payload                          id=0x032d5707b5667bb4 number=5881 hash=6de820..79cd06 txs=0 withdrawals=0 gas=0 fees=0 root=8695e5..dc9574 elapsed=15.045ms
INFO [06-01|13:29:10.675] Stopping work on payload                 id=0x032d5707b5667bb4 reason=delivery
WARN [06-01|13:29:10.696] {"level":"warn","msg":"Slow block","block":{"number":5881,"hash":"0x6de820a7ce34e7ae9e40d6520b98477b6332ffd6e8e17984093ccb723f79cd06","gas_used":0,"tx_count":0},"timing":{"execution_ms":0.030609,"state_read_ms":21.047244,"state_hash_ms":0.001974,"commit_ms":0.108015,"total_ms":21.374477},"throughput":{"mgas_per_sec":0},"state_reads":{"accounts":4,"storage_slots":0,"code":0,"code_bytes":0},"state_writes":{"accounts":0,"accounts_deleted":0,"storage_slots":0,"storage_slots_deleted":0,"code":0,"code_bytes":0},"cache":{"account":{"hits":0,"misses":4,"hit_rate":0},"storage":{"hits":0,"misses":0,"hit_rate":0},"code":{"hits":0,"misses":0,"hit_rate":0,"hit_bytes":0,"miss_bytes":0}}}
INFO [06-01|13:29:10.696] Imported new potential chain segment     number=5881 hash=6de820..79cd06 blocks=1 txs=0 mgas=0.000 elapsed=21.572ms   mgasps=0.000 triediffs=9.42MiB triedirty=2.13MiB
INFO [06-01|13:29:10.697] Chain head was updated                   number=5881 hash=6de820..79cd06 root=8695e5..dc9574 elapsed="70.668µs"
INFO [06-01|13:29:11.712] Starting work on payload                 id=0x032882dc141b1033
INFO [06-01|13:29:11.737] Updated payload                          id=0x032882dc141b1033 number=5882 hash=e48f94..ddaf9f txs=0 withdrawals=0 gas=0 fees=0 root=8695e5..dc9574 elapsed=24.520ms
INFO [06-01|13:29:11.737] Stopping work on payload                 id=0x032882dc141b1033 reason=delivery
WARN [06-01|13:29:11.749] {"level":"warn","msg":"Slow block","block":{"number":5882,"hash":"0xe48f94dc55f18d503c4773840a72f52e95694323d89e1c79074558d241ddaf9f","gas_used":0,"tx_count":0},"timing":{"execution_ms":0.039922,"state_read_ms":10.675064,"state_hash_ms":0.002793,"commit_ms":0.141757,"total_ms":12.039242},"throughput":{"mgas_per_sec":0},"state_reads":{"accounts":4,"storage_slots":0,"code":0,"code_bytes":0},"state_writes":{"accounts":0,"accounts_deleted":0,"storage_slots":0,"storage_slots_deleted":0,"code":0,"code_bytes":0},"cache":{"account":{"hits":0,"misses":4,"hit_rate":0},"storage":{"hits":0,"misses":0,"hit_rate":0},"code":{"hits":0,"misses":0,"hit_rate":0,"hit_bytes":0,"miss_bytes":0}}}
INFO [06-01|13:29:11.749] Imported new potential chain segment     number=5882 hash=e48f94..ddaf9f blocks=1 txs=0 mgas=0.000 elapsed=12.271ms   mgasps=0.000 triediffs=9.42MiB triedirty=2.13MiB
INFO [06-01|13:29:11.749] Chain head was updated                   number=5882 hash=e48f94..ddaf9f root=8695e5..dc9574 elapsed="51.688µs"
INFO [06-01|13:29:12.127] Submitted contract creation              hash=0x7b9b34b2750a2e8899326be4ab65a76f35a0a963057de78960cb3c0cc6fac3d8 from=0xf39Fd6e51aad88F6F4ce6aB8827279cffFb92266 nonce=1777 contract=0x90e49f941bd68341A363225F5A2386D34a7FFd92 value=0
INFO [06-01|13:29:12.128] Submitted transaction                    hash=0xed9f2214c1872df4ba5c422984555293f3b15913ce0c47b227d8ea3e32f30250 from=0xf39Fd6e51aad88F6F4ce6aB8827279cffFb92266 nonce=1778 recipient=0x980E01c675beB7aE11c8d733Ca4CE035093c5C5d value=78,000,000
INFO [06-01|13:29:12.765] Starting work on payload                 id=0x03e8b9c1c0d94cb8
INFO [06-01|13:29:12.815] Updated payload                          id=0x03e8b9c1c0d94cb8 number=5883 hash=2560cb..042709 txs=2 withdrawals=0 gas=86938 fees=5.21628e-13 root=b6c101..46784c elapsed=49.691ms
INFO [06-01|13:29:12.815] Stopping work on payload                 id=0x03e8b9c1c0d94cb8 reason=delivery
WARN [06-01|13:29:12.852] {"level":"warn","msg":"Slow block","block":{"number":5883,"hash":"0x2560cb9d1266b8b1b6656ab8ef89868890b6705e5596b874f4976d8a45042709","gas_used":86938,"tx_count":2},"timing":{"execution_ms":0.156469,"state_read_ms":16.629988,"state_hash_ms":11.45062,"commit_ms":7.082375,"total_ms":36.847121},"throughput":{"mgas_per_sec":2.3594244988638327},"state_reads":{"accounts":11,"storage_slots":0,"code":0,"code_bytes":0},"state_writes":{"accounts":3,"accounts_deleted":0,"storage_slots":0,"storage_slots_deleted":0,"code":1,"code_bytes":165},"cache":{"account":{"hits":5,"misses":6,"hit_rate":45.45454545454545},"storage":{"hits":0,"misses":0,"hit_rate":0},"code":{"hits":0,"misses":0,"hit_rate":0,"hit_bytes":0,"miss_bytes":0}}}
INFO [06-01|13:29:12.852] Imported new potential chain segment     number=5883 hash=2560cb..042709 blocks=1 txs=2 mgas=0.087 elapsed=37.092ms   mgasps=2.344 triediffs=9.37MiB triedirty=2.15MiB
INFO [06-01|13:29:12.853] Chain head was updated                   number=5883 hash=2560cb..042709 root=b6c101..46784c elapsed="254.558µs"
INFO [06-01|13:29:13.142] Submitted transaction                    hash=0xcc106f90a33e0ec6702cb20efc4a83bd3218bff9731e80c17c8f80c1b3928634 from=0x980E01c675beB7aE11c8d733Ca4CE035093c5C5d nonce=0    recipient=0x90e49f941bd68341A363225F5A2386D34a7FFd92 value=0
INFO [06-01|13:29:13.859] Starting work on payload                 id=0x0342291873c60b73
INFO [06-01|13:29:14.016] Updated payload                          id=0x0342291873c60b73 number=5884 hash=fdce75..0d1fc8 txs=1 withdrawals=0 gas=5,910,176 fees=3.5461056e-11 root=09a2d3..54cc91 elapsed=156.407ms
INFO [06-01|13:29:14.016] Stopping work on payload                 id=0x0342291873c60b73 reason=delivery
WARN [06-01|13:29:14.098] {"level":"warn","msg":"Slow block","block":{"number":5884,"hash":"0xfdce75ffaf6f06d1d9363eb4824ba4e67231ad65e69c9242c92d47c0910d1fc8","gas_used":5910176,"tx_count":1},"timing":{"execution_ms":4.471078,"state_read_ms":27.467922,"state_hash_ms":40.72517,"commit_ms":8.44471,"total_ms":81.506345},"throughput":{"mgas_per_sec":72.51185168467559},"state_reads":{"accounts":100,"storage_slots":241,"code":94,"code_bytes":2769},"state_writes":{"accounts":94,"accounts_deleted":0,"storage_slots":238,"storage_slots_deleted":0,"code":0,"code_bytes":0},"cache":{"account":{"hits":51,"misses":49,"hit_rate":51},"storage":{"hits":72,"misses":169,"hit_rate":29.87551867219917},"code":{"hits":94,"misses":0,"hit_rate":100,"hit_bytes":2769,"miss_bytes":0}}}
INFO [06-01|13:29:14.098] Imported new potential chain segment     number=5884 hash=fdce75..0d1fc8 blocks=1 txs=1 mgas=5.910 elapsed=81.735ms    mgasps=72.308 triediffs=10.07MiB triedirty=2.15MiB
INFO [06-01|13:29:14.098] Chain head was updated                   number=5884 hash=fdce75..0d1fc8 root=09a2d3..54cc91 elapsed="89.013µs"
INFO [06-01|13:29:14.157] Submitted transaction                    hash=0x01bf59925963dac11896dac64ddb5c07d0a0c50b11cef5627244d3aebaa45434 from=0x980E01c675beB7aE11c8d733Ca4CE035093c5C5d nonce=1    recipient=0xf39Fd6e51aad88F6F4ce6aB8827279cffFb92266 value=915,712
INFO [06-01|13:29:15.109] Starting work on payload                 id=0x03c9cb7fdf7f2a7e
INFO [06-01|13:29:15.127] Updated payload                          id=0x03c9cb7fdf7f2a7e number=5885 hash=5d54ba..34863b txs=1 withdrawals=0 gas=21000     fees=2.1e-14       root=0eba6d..3dcde8 elapsed=17.964ms
INFO [06-01|13:29:15.128] Stopping work on payload                 id=0x03c9cb7fdf7f2a7e reason=delivery
WARN [06-01|13:29:15.146] {"level":"warn","msg":"Slow block","block":{"number":5885,"hash":"0x5d54ba888e7cc4a498bd280859c6a9aa1a784310ca5e435e9889e295ad34863b","gas_used":21000,"tx_count":1},"timing":{"execution_ms":0.364297,"state_read_ms":10.681535,"state_hash_ms":5.713008,"commit_ms":0.683564,"total_ms":17.629369},"throughput":{"mgas_per_sec":1.1911940807410635},"state_reads":{"accounts":6,"storage_slots":0,"code":0,"code_bytes":0},"state_writes":{"accounts":2,"accounts_deleted":0,"storage_slots":0,"storage_slots_deleted":0,"code":0,"code_bytes":0},"cache":{"account":{"hits":2,"misses":4,"hit_rate":33.33333333333333},"storage":{"hits":0,"misses":0,"hit_rate":0},"code":{"hits":0,"misses":0,"hit_rate":0,"hit_bytes":0,"miss_bytes":0}}}
INFO [06-01|13:29:15.146] Imported new potential chain segment     number=5885 hash=5d54ba..34863b blocks=1 txs=1 mgas=0.021 elapsed=17.847ms    mgasps=1.177  triediffs=10.06MiB triedirty=2.16MiB
INFO [06-01|13:29:15.146] Chain head was updated                   number=5885 hash=5d54ba..34863b root=0eba6d..3dcde8 elapsed="72.624µs"
