WARN [06-02|05:12:33.364] Unknown config environment variable      envvar=GETH_PBT_BIN
WARN [06-02|05:12:33.365] Unknown config environment variable      envvar=GETH_UBT_BIN
INFO [06-02|05:12:33.375] Starting Geth on Ethereum mainnet...
INFO [06-02|05:12:33.377] Maximum peer count                       ETH=0 total=0
INFO [06-02|05:12:33.378] Smartcard socket not found, disabling    err="stat /run/pcscd/pcscd.comm: no such file or directory"
WARN [06-02|05:12:33.383] Option --miner.etherbase is deprecated as the etherbase is set by the consensus client post-merge
INFO [06-02|05:12:33.386] Set global gas cap                       cap=50,000,000
INFO [06-02|05:12:34.209] Using developer account                  address=0xf39Fd6e51aad88F6F4ce6aB8827279cffFb92266
INFO [06-02|05:12:34.247] Using pebble as the backing database
INFO [06-02|05:12:34.247] Allocated cache and file handles         database=/mnt/state_expiry_vol_data/ubt-vs-pbt-dbs/pbt/geth/chaindata cache=2.00GiB handles=262,144
INFO [06-02|05:12:34.473] Opened ancient database                  database=/mnt/state_expiry_vol_data/ubt-vs-pbt-dbs/pbt/geth/chaindata/ancient/chain readonly=true
INFO [06-02|05:12:34.473] Opened Era store                         datadir=/mnt/state_expiry_vol_data/ubt-vs-pbt-dbs/pbt/geth/chaindata/ancient/chain/era
INFO [06-02|05:12:34.482] Initializing the KZG library             backend=gokzg
INFO [06-02|05:12:34.483] Allocated trie memory caches             clean=614.00MiB dirty=1.00GiB
INFO [06-02|05:12:34.492] Using pebble as the backing database
INFO [06-02|05:12:34.492] Allocated cache and file handles         database=/mnt/state_expiry_vol_data/ubt-vs-pbt-dbs/pbt/geth/chaindata cache=2.00GiB handles=262,144
INFO [06-02|05:12:34.731] Opened ancient database                  database=/mnt/state_expiry_vol_data/ubt-vs-pbt-dbs/pbt/geth/chaindata/ancient/chain readonly=false
INFO [06-02|05:12:34.731] Opened Era store                         datadir=/mnt/state_expiry_vol_data/ubt-vs-pbt-dbs/pbt/geth/chaindata/ancient/chain/era
INFO [06-02|05:12:34.738] State scheme set to already existing     scheme=path
INFO [06-02|05:12:34.738] Initialising Ethereum protocol           network=1337 dbversion=9
WARN [06-02|05:12:34.738] Sanitizing invalid node buffer size      provided=1.00GiB updated=256.00MiB
INFO [06-02|05:12:34.739] Load database journal from file          path=/mnt/state_expiry_vol_data/ubt-vs-pbt-dbs/pbt/geth/triedb/verkle.journal
INFO [06-02|05:12:36.722] Opened ancient database                  database=/mnt/state_expiry_vol_data/ubt-vs-pbt-dbs/pbt/geth/chaindata/ancient/state_verkle readonly=false
INFO [06-02|05:12:36.723] State snapshot generator is not compatible
INFO [06-02|05:12:36.723] Initialized path database                triecache=614.00MiB statecache=409.00MiB buffer=256.00MiB state-history="last 90000 blocks" journal-dir=/mnt/state_expiry_vol_data/ubt-vs-pbt-dbs/pbt/geth/triedb verkle=true
INFO [06-02|05:12:36.724] 
INFO [06-02|05:12:36.724] ---------------------------------------------------------------------------------------------------------------------------------------------------------
INFO [06-02|05:12:36.724] Chain ID:  1337 (unknown)
INFO [06-02|05:12:36.724] Consensus: unknown
INFO [06-02|05:12:36.724] 
INFO [06-02|05:12:36.724] Pre-Merge hard forks (block based):
INFO [06-02|05:12:36.724]  - Homestead:                   #0       
INFO [06-02|05:12:36.724]  - Tangerine Whistle (EIP 150): #0       
INFO [06-02|05:12:36.724]  - Spurious Dragon/1 (EIP 155): #0       
INFO [06-02|05:12:36.724]  - Spurious Dragon/2 (EIP 158): #0       
INFO [06-02|05:12:36.724]  - Byzantium:                   #0       
INFO [06-02|05:12:36.724]  - Constantinople:              #0       
INFO [06-02|05:12:36.724]  - Petersburg:                  #0       
INFO [06-02|05:12:36.724]  - Istanbul:                    #0       
INFO [06-02|05:12:36.724]  - Berlin:                      #0       
INFO [06-02|05:12:36.724]  - London:                      #0       
INFO [06-02|05:12:36.724]  - Arrow Glacier:               #0       
INFO [06-02|05:12:36.724]  - Gray Glacier:                #0       
INFO [06-02|05:12:36.724] 
INFO [06-02|05:12:36.724] Merge configured:
INFO [06-02|05:12:36.724]  - Total terminal difficulty:  0
INFO [06-02|05:12:36.724]  - Merge netsplit block:       #0       
INFO [06-02|05:12:36.724] 
INFO [06-02|05:12:36.724] Post-Merge hard forks (timestamp based):
INFO [06-02|05:12:36.724]  - Shanghai:                    @0         
INFO [06-02|05:12:36.724]  - Cancun:                      @0          blob: (target: 3, max: 6, fraction: 3338477)
INFO [06-02|05:12:36.724]  - Prague:                      @0          blob: (target: 6, max: 9, fraction: 5007716)
INFO [06-02|05:12:36.724]  - Osaka:                       @0          blob: (target: 6, max: 9, fraction: 5007716)
INFO [06-02|05:12:36.724]  - UBT:                         @0          blob: (nil)
INFO [06-02|05:12:36.724] 
INFO [06-02|05:12:36.724] All fork specifications can be found at https://ethereum.github.io/execution-specs/src/ethereum/forks/
INFO [06-02|05:12:36.724] 
INFO [06-02|05:12:36.724] ---------------------------------------------------------------------------------------------------------------------------------------------------------
INFO [06-02|05:12:36.724] 
INFO [06-02|05:12:36.725] Loaded most recent local block           number=9774 hash=f1e99b..6b7ff4 age=7s
INFO [06-02|05:12:36.725] Loaded most recent local finalized block number=9760 hash=da0919..147137 age=37s
INFO [06-02|05:12:36.726] Initialized transaction indexer          range="last 2350000 blocks"
INFO [06-02|05:12:36.726] Initialized log indexer                  firstblock=0 lastblock=9774 firstmap=0 lastmap=0 headindexed=true
INFO [06-02|05:12:36.743] Enabled full-sync                        head=9774 hash=f1e99b..6b7ff4
INFO [06-02|05:12:36.743] Unprotected transactions allowed
INFO [06-02|05:12:36.743] Gasprice oracle is ignoring threshold set threshold=2
WARN [06-02|05:12:36.744] Unclean shutdown detected                booted=2026-06-02T02:34:44+0000 age=2h37m52s
INFO [06-02|05:12:36.744] Registered sync override service
WARN [06-02|05:12:36.744] You are running Geth in --dev mode. Please note the following:
WARN [06-02|05:12:36.744] 
WARN [06-02|05:12:36.744]   1. This mode is only intended for fast, iterative development without assumptions on
WARN [06-02|05:12:36.744]      security or persistence.
WARN [06-02|05:12:36.744]   2. The database is created in memory unless specified otherwise. Therefore, shutting down
WARN [06-02|05:12:36.744]      your computer or losing power will wipe your entire block data and chain state for
WARN [06-02|05:12:36.744]      your dev environment.
WARN [06-02|05:12:36.744]   3. A random, pre-allocated developer account will be available and unlocked as
WARN [06-02|05:12:36.744]      eth.coinbase, which can be used for testing. The random dev account is temporary,
WARN [06-02|05:12:36.744]      stored on a ramdisk, and will be lost if your machine is restarted.
WARN [06-02|05:12:36.744]   4. Mining is enabled by default. However, the client will only seal blocks if transactions
WARN [06-02|05:12:36.744]      are pending in the mempool. The miner's minimum accepted gas price is 1.
WARN [06-02|05:12:36.744]   5. Networking is disabled; there is no listen-address, the maximum number of peers is set
WARN [06-02|05:12:36.744]      to 0, and discovery is disabled.
WARN [06-02|05:12:36.744] 
INFO [06-02|05:12:36.744] Starting peer-to-peer node               instance=Geth/v1.17.3-unstable/linux-amd64/go1.24.9
WARN [06-02|05:12:36.744] P2P server will be useless, neither dialing nor listening
INFO [06-02|05:12:36.761] IPC endpoint opened                      url=/mnt/state_expiry_vol_data/ubt-vs-pbt-dbs/pbt/geth.ipc
ERROR[06-02|05:12:36.761] Unavailable modules in HTTP API list     unavailable=[personal] available="[admin debug web3 eth txpool miner net dev testing]"
INFO [06-02|05:12:36.761] New local node record                    seq=1,780,292,695,518 id=972c5cc0b2a1895c ip=127.0.0.1 udp=0 tcp=0
INFO [06-02|05:12:36.761] Started P2P networking                   self=enode://16ec6c0bde109d66472afe00ec8fee3d30718d830d1acf0829842abca89b82afff8a454636cde3b26d700f98647938c6f23e7bee3027caca0d7f19e4b3725e13@127.0.0.1:0
INFO [06-02|05:12:36.762] HTTP server started                      endpoint=127.0.0.1:8545 auth=false prefix= cors= vhosts=localhost
INFO [06-02|05:12:36.762] WebSocket enabled                        url=ws://127.0.0.1:8546
INFO [06-02|05:12:37.737] Loaded local transaction journal         transactions=7672 dropped=0
INFO [06-02|05:12:37.882] Started log indexer
INFO [06-02|05:12:37.906] Starting work on payload                 id=0x036cf089541060a1
INFO [06-02|05:12:37.908] Updated payload                          id=0x036cf089541060a1 number=9775 hash=2c0600..f0155e txs=0 withdrawals=0 gas=0 fees=0 root=fb8630..6cfd7b elapsed=1.683ms
INFO [06-02|05:12:37.912] Stopping work on payload                 id=0x036cf089541060a1 reason=delivery
WARN [06-02|05:12:37.934] {"level":"warn","msg":"Slow block","block":{"number":9775,"hash":"0x2c0600cac24c2ab5528f0cf0076adfd214d97ec250cf7ffcd6cb9f452af0155e","gas_used":0,"tx_count":0},"timing":{"execution_ms":0.060772,"state_read_ms":22.983323,"state_hash_ms":0.002614,"commit_ms":0.30273,"total_ms":25.034241},"throughput":{"mgas_per_sec":0},"state_reads":{"accounts":4,"storage_slots":0,"code":0,"code_bytes":0},"state_writes":{"accounts":0,"accounts_deleted":0,"storage_slots":0,"storage_slots_deleted":0,"code":0,"code_bytes":0},"cache":{"account":{"hits":0,"misses":4,"hit_rate":0},"storage":{"hits":0,"misses":0,"hit_rate":0},"code":{"hits":0,"misses":0,"hit_rate":0,"hit_bytes":0,"miss_bytes":0}}}
INFO [06-02|05:12:37.934] Imported new potential chain segment     number=9775 hash=2c0600..f0155e blocks=1 txs=0 mgas=0.000 elapsed=25.511ms mgasps=0.000 triediffs=1.29MiB triedirty=121.09MiB
INFO [06-02|05:12:37.934] Chain head was updated                   number=9775 hash=2c0600..f0155e root=fb8630..6cfd7b elapsed="80.152µs"
INFO [06-02|05:12:38.949] Starting work on payload                 id=0x03ce063e418869a6
INFO [06-02|05:12:38.953] Updated payload                          id=0x03ce063e418869a6 number=9776 hash=ddb23a..4afa60 txs=0 withdrawals=0 gas=0 fees=0 root=fb8630..6cfd7b elapsed=3.361ms
INFO [06-02|05:12:38.957] Stopping work on payload                 id=0x03ce063e418869a6 reason=delivery
WARN [06-02|05:12:38.971] {"level":"warn","msg":"Slow block","block":{"number":9776,"hash":"0xddb23a58899fc9b4d817031b76e35edb617924bbf4034b638a4b91808d4afa60","gas_used":0,"tx_count":0},"timing":{"execution_ms":0.034715,"state_read_ms":16.976332,"state_hash_ms":0.002116,"commit_ms":0.190984,"total_ms":17.4028},"throughput":{"mgas_per_sec":0},"state_reads":{"accounts":4,"storage_slots":0,"code":0,"code_bytes":0},"state_writes":{"accounts":0,"accounts_deleted":0,"storage_slots":0,"storage_slots_deleted":0,"code":0,"code_bytes":0},"cache":{"account":{"hits":0,"misses":4,"hit_rate":0},"storage":{"hits":0,"misses":0,"hit_rate":0},"code":{"hits":0,"misses":0,"hit_rate":0,"hit_bytes":0,"miss_bytes":0}}}
INFO [06-02|05:12:38.971] Imported new potential chain segment     number=9776 hash=ddb23a..4afa60 blocks=1 txs=0 mgas=0.000 elapsed=17.635ms   mgasps=0.000 triediffs=1.29MiB triedirty=121.09MiB
INFO [06-02|05:12:38.971] Chain head was updated                   number=9776 hash=ddb23a..4afa60 root=fb8630..6cfd7b elapsed="62.549µs"
INFO [06-02|05:12:40.059] Starting work on payload                 id=0x03cafcb02b35d7c0
INFO [06-02|05:12:40.118] Updated payload                          id=0x03cafcb02b35d7c0 number=9777 hash=b4141d..82b3e5 txs=0 withdrawals=0 gas=0 fees=0 root=fb8630..6cfd7b elapsed=58.596ms
INFO [06-02|05:12:40.127] Stopping work on payload                 id=0x03cafcb02b35d7c0 reason=delivery
WARN [06-02|05:12:40.162] {"level":"warn","msg":"Slow block","block":{"number":9777,"hash":"0xb4141d8ec19a5cfc3d6e80522a59f81fff2fdb75fdaf273a040432f64782b3e5","gas_used":0,"tx_count":0},"timing":{"execution_ms":0.053136,"state_read_ms":39.27894,"state_hash_ms":0.002911,"commit_ms":0.136975,"total_ms":43.332461},"throughput":{"mgas_per_sec":0},"state_reads":{"accounts":4,"storage_slots":0,"code":0,"code_bytes":0},"state_writes":{"accounts":0,"accounts_deleted":0,"storage_slots":0,"storage_slots_deleted":0,"code":0,"code_bytes":0},"cache":{"account":{"hits":0,"misses":4,"hit_rate":0},"storage":{"hits":0,"misses":0,"hit_rate":0},"code":{"hits":0,"misses":0,"hit_rate":0,"hit_bytes":0,"miss_bytes":0}}}
INFO [06-02|05:12:40.162] Imported new potential chain segment     number=9777 hash=b4141d..82b3e5 blocks=1 txs=0 mgas=0.000 elapsed=43.578ms   mgasps=0.000 triediffs=1.29MiB triedirty=121.09MiB
INFO [06-02|05:12:40.162] Chain head was updated                   number=9777 hash=b4141d..82b3e5 root=fb8630..6cfd7b elapsed="49.903µs"
INFO [06-02|05:12:41.168] Starting work on payload                 id=0x033cc53a06cae1a9
INFO [06-02|05:12:41.176] Updated payload                          id=0x033cc53a06cae1a9 number=9778 hash=09fda6..20aaee txs=0 withdrawals=0 gas=0 fees=0 root=fb8630..6cfd7b elapsed=8.079ms
INFO [06-02|05:12:41.176] Stopping work on payload                 id=0x033cc53a06cae1a9 reason=delivery
WARN [06-02|05:12:41.193] {"level":"warn","msg":"Slow block","block":{"number":9778,"hash":"0x09fda6ca0954dbc79b8b02588c39308381205f237d091e9cbe83bace0120aaee","gas_used":0,"tx_count":0},"timing":{"execution_ms":0.060898,"state_read_ms":16.561828,"state_hash_ms":0.002534,"commit_ms":0.164645,"total_ms":16.967925},"throughput":{"mgas_per_sec":0},"state_reads":{"accounts":4,"storage_slots":0,"code":0,"code_bytes":0},"state_writes":{"accounts":0,"accounts_deleted":0,"storage_slots":0,"storage_slots_deleted":0,"code":0,"code_bytes":0},"cache":{"account":{"hits":0,"misses":4,"hit_rate":0},"storage":{"hits":0,"misses":0,"hit_rate":0},"code":{"hits":0,"misses":0,"hit_rate":0,"hit_bytes":0,"miss_bytes":0}}}
INFO [06-02|05:12:41.193] Imported new potential chain segment     number=9778 hash=09fda6..20aaee blocks=1 txs=0 mgas=0.000 elapsed=17.150ms   mgasps=0.000 triediffs=1.29MiB triedirty=121.09MiB
INFO [06-02|05:12:41.193] Chain head was updated                   number=9778 hash=09fda6..20aaee root=fb8630..6cfd7b elapsed="67.499µs"
INFO [06-02|05:12:42.068] Submitted contract creation              hash=0x16caed2e8a437a329c1aa9cf62e6c4c195470d6306bb0dbd91934fc725ce86cc from=0xf39Fd6e51aad88F6F4ce6aB8827279cffFb92266 nonce=2665 contract=0x903754f70dB7090e26d949138D361b1c8B5f9Feb value=0
INFO [06-02|05:12:42.069] Submitted transaction                    hash=0xe6b06a7eae5f67c58675c023a0c6543c2ca6f5196a1117b0892f6343228ac2a3 from=0xf39Fd6e51aad88F6F4ce6aB8827279cffFb92266 nonce=2666 recipient=0xFfC735f79e49d928bD6b8411BC237B40a2A2A113 value=208,000,000
INFO [06-02|05:12:42.198] Starting work on payload                 id=0x0364e82f1e5f6357
INFO [06-02|05:12:42.266] Updated payload                          id=0x0364e82f1e5f6357 number=9779 hash=eb1db9..cf13f3 txs=2 withdrawals=0 gas=86864 fees=5.21184e-13 root=4fc431..0bd33f elapsed=68.241ms
INFO [06-02|05:12:42.266] Stopping work on payload                 id=0x0364e82f1e5f6357 reason=delivery
WARN [06-02|05:12:42.281] {"level":"warn","msg":"Slow block","block":{"number":9779,"hash":"0xeb1db9bcbb588a11aec01229cc0c165266cb20ab5360b65fcea5a77025cf13f3","gas_used":86864,"tx_count":2},"timing":{"execution_ms":0.123574,"state_read_ms":3.225587,"state_hash_ms":5.85215,"commit_ms":5.17273,"total_ms":14.553845},"throughput":{"mgas_per_sec":5.968457132805798},"state_reads":{"accounts":11,"storage_slots":0,"code":0,"code_bytes":0},"state_writes":{"accounts":3,"accounts_deleted":0,"storage_slots":0,"storage_slots_deleted":0,"code":1,"code_bytes":157},"cache":{"account":{"hits":5,"misses":6,"hit_rate":45.45454545454545},"storage":{"hits":0,"misses":0,"hit_rate":0},"code":{"hits":0,"misses":0,"hit_rate":0,"hit_bytes":0,"miss_bytes":0}}}
INFO [06-02|05:12:42.281] Imported new potential chain segment     number=9779 hash=eb1db9..cf13f3 blocks=1 txs=2 mgas=0.087 elapsed=14.791ms   mgasps=5.873 triediffs=1.30MiB triedirty=121.09MiB
INFO [06-02|05:12:42.282] Chain head was updated                   number=9779 hash=eb1db9..cf13f3 root=4fc431..0bd33f elapsed="292.04µs"
INFO [06-02|05:12:43.083] Submitted transaction                    hash=0x37a6bbf026cc42e2dbbf7659e8d823c97eb00d39b6c678201c5f10e28e0e2706 from=0xFfC735f79e49d928bD6b8411BC237B40a2A2A113 nonce=0    recipient=0x903754f70dB7090e26d949138D361b1c8B5f9Feb value=0
INFO [06-02|05:12:43.288] Starting work on payload                 id=0x03146bc4815ff8f7
INFO [06-02|05:12:43.538] Updated payload                          id=0x03146bc4815ff8f7 number=9780 hash=c373cf..8b20a6 txs=1 withdrawals=0 gas=15,900,316 fees=9.5401896e-11 root=c6a8bc..ffe32e elapsed=249.929ms
INFO [06-02|05:12:43.538] Stopping work on payload                 id=0x03146bc4815ff8f7 reason=delivery
WARN [06-02|05:12:43.779] {"level":"warn","msg":"Slow block","block":{"number":9780,"hash":"0xc373cf0c1e4bc311f5b4deaa3bab4fdac00ed1b7e811cbb6edf6a5a8258b20a6","gas_used":15900316,"tx_count":1},"timing":{"execution_ms":219.83079,"state_read_ms":11.058205,"state_hash_ms":8.799409,"commit_ms":0.637773,"total_ms":240.505116},"throughput":{"mgas_per_sec":66.11217368033036},"state_reads":{"accounts":707,"storage_slots":703,"code":701,"code_bytes":19757},"state_writes":{"accounts":2,"accounts_deleted":0,"storage_slots":0,"storage_slots_deleted":0,"code":0,"code_bytes":0},"cache":{"account":{"hits":139,"misses":568,"hit_rate":19.660537482319658},"storage":{"hits":154,"misses":549,"hit_rate":21.906116642958747},"code":{"hits":701,"misses":0,"hit_rate":100,"hit_bytes":19757,"miss_bytes":0}}}
INFO [06-02|05:12:43.780] Imported new potential chain segment     number=9780 hash=c373cf..8b20a6 blocks=1 txs=1 mgas=15.900 elapsed=240.825ms  mgasps=66.024 triediffs=1.30MiB triedirty=121.09MiB
INFO [06-02|05:12:43.780] Chain head was updated                   number=9780 hash=c373cf..8b20a6 root=c6a8bc..ffe32e elapsed="210.821µs"
INFO [06-02|05:12:44.101] Submitted transaction                    hash=0xa90096934ac2c893bbde75d1a6ec9534caa296537861cc0d0b45bd1936bbb245 from=0xFfC735f79e49d928bD6b8411BC237B40a2A2A113 nonce=1    recipient=0xf39Fd6e51aad88F6F4ce6aB8827279cffFb92266 value=1,043,892
INFO [06-02|05:12:44.784] Starting work on payload                 id=0x03d4b33eab1b0f2e
INFO [06-02|05:12:44.841] Updated payload                          id=0x03d4b33eab1b0f2e number=9781 hash=f32123..e33801 txs=1 withdrawals=0 gas=21000      fees=2.1e-14       root=5e1ea5..106155 elapsed=56.073ms
INFO [06-02|05:12:44.841] Stopping work on payload                 id=0x03d4b33eab1b0f2e reason=delivery
WARN [06-02|05:12:44.907] {"level":"warn","msg":"Slow block","block":{"number":9781,"hash":"0xf32123da747708d4cdfdc42a11263a5976dc060dc8eb7113b1f90f984ae33801","gas_used":21000,"tx_count":1},"timing":{"execution_ms":0.091566,"state_read_ms":2.728195,"state_hash_ms":60.360718,"commit_ms":0.534499,"total_ms":66.284933},"throughput":{"mgas_per_sec":0.31681407900042685},"state_reads":{"accounts":6,"storage_slots":0,"code":0,"code_bytes":0},"state_writes":{"accounts":2,"accounts_deleted":0,"storage_slots":0,"storage_slots_deleted":0,"code":0,"code_bytes":0},"cache":{"account":{"hits":2,"misses":4,"hit_rate":33.33333333333333},"storage":{"hits":0,"misses":0,"hit_rate":0},"code":{"hits":0,"misses":0,"hit_rate":0,"hit_bytes":0,"miss_bytes":0}}}
INFO [06-02|05:12:44.907] Imported new potential chain segment     number=9781 hash=f32123..e33801 blocks=1 txs=1 mgas=0.021  elapsed=66.422ms    mgasps=0.316  triediffs=1.30MiB triedirty=121.09MiB
INFO [06-02|05:12:44.907] Chain head was updated                   number=9781 hash=f32123..e33801 root=5e1ea5..106155 elapsed="55.124µs"
