WARN [06-01|06:38:23.467] Unknown config environment variable      envvar=GETH_PBT_BIN
WARN [06-01|06:38:23.467] Unknown config environment variable      envvar=GETH_UBT_BIN
INFO [06-01|06:38:23.478] Starting Geth on Ethereum mainnet...
INFO [06-01|06:38:23.480] Maximum peer count                       ETH=0 total=0
INFO [06-01|06:38:23.481] Smartcard socket not found, disabling    err="stat /run/pcscd/pcscd.comm: no such file or directory"
WARN [06-01|06:38:23.486] Option --miner.etherbase is deprecated as the etherbase is set by the consensus client post-merge
WARN [06-01|06:38:23.487] Snap sync requested, resetting --cache.snapshot
INFO [06-01|06:38:23.487] Set global gas cap                       cap=50,000,000
INFO [06-01|06:38:24.272] Using developer account                  address=0xf39Fd6e51aad88F6F4ce6aB8827279cffFb92266
INFO [06-01|06:38:24.311] Using pebble as the backing database
INFO [06-01|06:38:24.311] Allocated cache and file handles         database=/mnt/state_expiry_vol_data/ubt-vs-pbt-dbs/pbt/geth/chaindata cache=16.00MiB handles=262,144
INFO [06-01|06:38:24.500] Opened ancient database                  database=/mnt/state_expiry_vol_data/ubt-vs-pbt-dbs/pbt/geth/chaindata/ancient/chain readonly=true
INFO [06-01|06:38:24.500] Opened Era store                         datadir=/mnt/state_expiry_vol_data/ubt-vs-pbt-dbs/pbt/geth/chaindata/ancient/chain/era
INFO [06-01|06:38:24.506] Initializing the KZG library             backend=gokzg
INFO [06-01|06:38:24.508] Allocated trie memory caches             clean=0.00B dirty=0.00B
INFO [06-01|06:38:24.516] Using pebble as the backing database
INFO [06-01|06:38:24.516] Allocated cache and file handles         database=/mnt/state_expiry_vol_data/ubt-vs-pbt-dbs/pbt/geth/chaindata cache=16.00MiB handles=262,144
INFO [06-01|06:38:24.715] Opened ancient database                  database=/mnt/state_expiry_vol_data/ubt-vs-pbt-dbs/pbt/geth/chaindata/ancient/chain readonly=false
INFO [06-01|06:38:24.715] Opened Era store                         datadir=/mnt/state_expiry_vol_data/ubt-vs-pbt-dbs/pbt/geth/chaindata/ancient/chain/era
INFO [06-01|06:38:24.720] State scheme set to already existing     scheme=path
INFO [06-01|06:38:24.720] Initialising Ethereum protocol           network=1337 dbversion=9
INFO [06-01|06:38:24.720] Load database journal from file          path=/mnt/state_expiry_vol_data/ubt-vs-pbt-dbs/pbt/geth/triedb/verkle.journal
INFO [06-01|06:38:24.756] Opened ancient database                  database=/mnt/state_expiry_vol_data/ubt-vs-pbt-dbs/pbt/geth/chaindata/ancient/state_verkle readonly=false
INFO [06-01|06:38:24.759] State snapshot generator is not compatible
INFO [06-01|06:38:24.759] Initialized path database                triecache=0.00B statecache=0.00B buffer=0.00B state-history="last 90000 blocks" journal-dir=/mnt/state_expiry_vol_data/ubt-vs-pbt-dbs/pbt/geth/triedb verkle=true
INFO [06-01|06:38:24.759] 
INFO [06-01|06:38:24.759] ---------------------------------------------------------------------------------------------------------------------------------------------------------
INFO [06-01|06:38:24.759] Chain ID:  1337 (unknown)
INFO [06-01|06:38:24.759] Consensus: unknown
INFO [06-01|06:38:24.759] 
INFO [06-01|06:38:24.759] Pre-Merge hard forks (block based):
INFO [06-01|06:38:24.759]  - Homestead:                   #0       
INFO [06-01|06:38:24.759]  - Tangerine Whistle (EIP 150): #0       
INFO [06-01|06:38:24.759]  - Spurious Dragon/1 (EIP 155): #0       
INFO [06-01|06:38:24.759]  - Spurious Dragon/2 (EIP 158): #0       
INFO [06-01|06:38:24.759]  - Byzantium:                   #0       
INFO [06-01|06:38:24.759]  - Constantinople:              #0       
INFO [06-01|06:38:24.759]  - Petersburg:                  #0       
INFO [06-01|06:38:24.759]  - Istanbul:                    #0       
INFO [06-01|06:38:24.759]  - Berlin:                      #0       
INFO [06-01|06:38:24.759]  - London:                      #0       
INFO [06-01|06:38:24.759]  - Arrow Glacier:               #0       
INFO [06-01|06:38:24.759]  - Gray Glacier:                #0       
INFO [06-01|06:38:24.759] 
INFO [06-01|06:38:24.759] Merge configured:
INFO [06-01|06:38:24.759]  - Total terminal difficulty:  0
INFO [06-01|06:38:24.759]  - Merge netsplit block:       #0       
INFO [06-01|06:38:24.759] 
INFO [06-01|06:38:24.759] Post-Merge hard forks (timestamp based):
INFO [06-01|06:38:24.759]  - Shanghai:                    @0         
INFO [06-01|06:38:24.759]  - Cancun:                      @0          blob: (target: 3, max: 6, fraction: 3338477)
INFO [06-01|06:38:24.759]  - Prague:                      @0          blob: (target: 6, max: 9, fraction: 5007716)
INFO [06-01|06:38:24.759]  - Osaka:                       @0          blob: (target: 6, max: 9, fraction: 5007716)
INFO [06-01|06:38:24.759]  - UBT:                         @0          blob: (nil)
INFO [06-01|06:38:24.759] 
INFO [06-01|06:38:24.759] All fork specifications can be found at https://ethereum.github.io/execution-specs/src/ethereum/forks/
INFO [06-01|06:38:24.759] 
INFO [06-01|06:38:24.759] ---------------------------------------------------------------------------------------------------------------------------------------------------------
INFO [06-01|06:38:24.759] 
INFO [06-01|06:38:24.760] Loaded most recent local block           number=496 hash=e700ac..40b789 age=3s
INFO [06-01|06:38:24.760] Loaded most recent local finalized block number=480 hash=f69640..df9b7a age=26s
INFO [06-01|06:38:24.761] Initialized transaction indexer          range="last 2350000 blocks"
INFO [06-01|06:38:24.761] Initialized log indexer                  firstblock=0 lastblock=496 firstmap=0 lastmap=0 headindexed=true
INFO [06-01|06:38:24.802] Enabled full-sync                        head=496 hash=e700ac..40b789
INFO [06-01|06:38:24.803] Unprotected transactions allowed
INFO [06-01|06:38:24.803] Gasprice oracle is ignoring threshold set threshold=2
INFO [06-01|06:38:24.803] Registered sync override service
WARN [06-01|06:38:24.803] You are running Geth in --dev mode. Please note the following:
WARN [06-01|06:38:24.803] 
WARN [06-01|06:38:24.803]   1. This mode is only intended for fast, iterative development without assumptions on
WARN [06-01|06:38:24.803]      security or persistence.
WARN [06-01|06:38:24.803]   2. The database is created in memory unless specified otherwise. Therefore, shutting down
WARN [06-01|06:38:24.803]      your computer or losing power will wipe your entire block data and chain state for
WARN [06-01|06:38:24.803]      your dev environment.
WARN [06-01|06:38:24.803]   3. A random, pre-allocated developer account will be available and unlocked as
WARN [06-01|06:38:24.803]      eth.coinbase, which can be used for testing. The random dev account is temporary,
WARN [06-01|06:38:24.803]      stored on a ramdisk, and will be lost if your machine is restarted.
WARN [06-01|06:38:24.803]   4. Mining is enabled by default. However, the client will only seal blocks if transactions
WARN [06-01|06:38:24.803]      are pending in the mempool. The miner's minimum accepted gas price is 1.
WARN [06-01|06:38:24.803]   5. Networking is disabled; there is no listen-address, the maximum number of peers is set
WARN [06-01|06:38:24.803]      to 0, and discovery is disabled.
WARN [06-01|06:38:24.803] 
INFO [06-01|06:38:24.803] Starting peer-to-peer node               instance=Geth/v1.17.3-unstable/linux-amd64/go1.24.9
WARN [06-01|06:38:24.803] P2P server will be useless, neither dialing nor listening
INFO [06-01|06:38:24.830] IPC endpoint opened                      url=/mnt/state_expiry_vol_data/ubt-vs-pbt-dbs/pbt/geth.ipc
ERROR[06-01|06:38:24.830] Unavailable modules in HTTP API list     unavailable=[personal] available="[admin debug web3 eth txpool miner net dev testing]"
INFO [06-01|06:38:24.830] New local node record                    seq=1,780,292,694,240 id=972c5cc0b2a1895c ip=127.0.0.1 udp=0 tcp=0
INFO [06-01|06:38:24.830] Started P2P networking                   self=enode://16ec6c0bde109d66472afe00ec8fee3d30718d830d1acf0829842abca89b82afff8a454636cde3b26d700f98647938c6f23e7bee3027caca0d7f19e4b3725e13@127.0.0.1:0
INFO [06-01|06:38:24.831] HTTP server started                      endpoint=127.0.0.1:8545 auth=false prefix= cors= vhosts=localhost
INFO [06-01|06:38:24.831] WebSocket enabled                        url=ws://127.0.0.1:8546
INFO [06-01|06:38:24.899] Loaded local transaction journal         transactions=737 dropped=0
INFO [06-01|06:38:25.818] Started log indexer
INFO [06-01|06:38:25.863] Starting work on payload                 id=0x033871d34695fdd2
INFO [06-01|06:38:25.867] Updated payload                          id=0x033871d34695fdd2 number=497 hash=eafd34..1273a8 txs=0 withdrawals=0 gas=0 fees=0 root=d25a72..7ae869 elapsed=3.936ms
INFO [06-01|06:38:25.868] Stopping work on payload                 id=0x033871d34695fdd2 reason=delivery
WARN [06-01|06:38:25.872] {"level":"warn","msg":"Slow block","block":{"number":497,"hash":"0xeafd34285165066ddafc991f743929e39480dc81541c1b1a0eb48268831273a8","gas_used":0,"tx_count":0},"timing":{"execution_ms":0.042798,"state_read_ms":3.340657,"state_hash_ms":0.142944,"commit_ms":0.61823,"total_ms":4.336543},"throughput":{"mgas_per_sec":0},"state_reads":{"accounts":4,"storage_slots":0,"code":0,"code_bytes":0},"state_writes":{"accounts":0,"accounts_deleted":0,"storage_slots":0,"storage_slots_deleted":0,"code":0,"code_bytes":0},"cache":{"account":{"hits":0,"misses":4,"hit_rate":0},"storage":{"hits":0,"misses":0,"hit_rate":0},"code":{"hits":0,"misses":0,"hit_rate":0,"hit_bytes":0,"miss_bytes":0}}}
INFO [06-01|06:38:25.872] Imported new potential chain segment     number=497 hash=eafd34..1273a8 blocks=1 txs=0 mgas=0.000 elapsed=4.755ms mgasps=0.000 triediffs=1.34MiB triedirty=0.00B
INFO [06-01|06:38:25.873] Chain head was updated                   number=497 hash=eafd34..1273a8 root=d25a72..7ae869 elapsed="73.124µs"
INFO [06-01|06:38:26.884] Starting work on payload                 id=0x03aaf6c8041d7b21
INFO [06-01|06:38:26.889] Updated payload                          id=0x03aaf6c8041d7b21 number=498 hash=8d9204..91fee3 txs=0 withdrawals=0 gas=0 fees=0 root=d25a72..7ae869 elapsed=4.163ms
INFO [06-01|06:38:26.889] Stopping work on payload                 id=0x03aaf6c8041d7b21 reason=delivery
WARN [06-01|06:38:26.893] {"level":"warn","msg":"Slow block","block":{"number":498,"hash":"0x8d9204e914026617e6d4eefe1f934ccb0377dbb2cfac26abe04d55fc2d91fee3","gas_used":0,"tx_count":0},"timing":{"execution_ms":0.040305,"state_read_ms":3.372656,"state_hash_ms":0.114616,"commit_ms":0.340449,"total_ms":4.052975},"throughput":{"mgas_per_sec":0},"state_reads":{"accounts":4,"storage_slots":0,"code":0,"code_bytes":0},"state_writes":{"accounts":0,"accounts_deleted":0,"storage_slots":0,"storage_slots_deleted":0,"code":0,"code_bytes":0},"cache":{"account":{"hits":0,"misses":4,"hit_rate":0},"storage":{"hits":0,"misses":0,"hit_rate":0},"code":{"hits":0,"misses":0,"hit_rate":0,"hit_bytes":0,"miss_bytes":0}}}
INFO [06-01|06:38:26.893] Imported new potential chain segment     number=498 hash=8d9204..91fee3 blocks=1 txs=0 mgas=0.000 elapsed=4.223ms    mgasps=0.000 triediffs=1.34MiB triedirty=0.00B
INFO [06-01|06:38:26.893] Chain head was updated                   number=498 hash=8d9204..91fee3 root=d25a72..7ae869 elapsed="44.944µs"
INFO [06-01|06:38:27.899] Starting work on payload                 id=0x03b3602128328d7a
INFO [06-01|06:38:27.915] Updated payload                          id=0x03b3602128328d7a number=499 hash=73f408..03ebb6 txs=0 withdrawals=0 gas=0 fees=0 root=d25a72..7ae869 elapsed=15.249ms
INFO [06-01|06:38:27.915] Stopping work on payload                 id=0x03b3602128328d7a reason=delivery
WARN [06-01|06:38:27.919] {"level":"warn","msg":"Slow block","block":{"number":499,"hash":"0x73f4089a665c2c6d9ee207a71ed7cd9b165a95b939e37fbd1a98d63dd903ebb6","gas_used":0,"tx_count":0},"timing":{"execution_ms":0.147126,"state_read_ms":3.379088,"state_hash_ms":0.124948,"commit_ms":0.257184,"total_ms":4.123569},"throughput":{"mgas_per_sec":0},"state_reads":{"accounts":4,"storage_slots":0,"code":0,"code_bytes":0},"state_writes":{"accounts":0,"accounts_deleted":0,"storage_slots":0,"storage_slots_deleted":0,"code":0,"code_bytes":0},"cache":{"account":{"hits":0,"misses":4,"hit_rate":0},"storage":{"hits":0,"misses":0,"hit_rate":0},"code":{"hits":0,"misses":0,"hit_rate":0,"hit_bytes":0,"miss_bytes":0}}}
INFO [06-01|06:38:27.919] Imported new potential chain segment     number=499 hash=73f408..03ebb6 blocks=1 txs=0 mgas=0.000 elapsed=4.285ms    mgasps=0.000 triediffs=1.34MiB triedirty=0.00B
INFO [06-01|06:38:27.920] Chain head was updated                   number=499 hash=73f408..03ebb6 root=d25a72..7ae869 elapsed="118.975µs"
INFO [06-01|06:38:28.257] Submitted contract creation              hash=0x3cb230444be3693639f4963793e5048d78ef55359c167e694df70c035ab97fb6 from=0xf39Fd6e51aad88F6F4ce6aB8827279cffFb92266 nonce=113 contract=0xA7c59f010700930003b33aB25a7a0679C860f29c value=0
INFO [06-01|06:38:28.258] Submitted transaction                    hash=0xbfe4210ac1e6e507e2492dec8534188a1267b5211343aa14ea5d5734eaf174cc from=0xf39Fd6e51aad88F6F4ce6aB8827279cffFb92266 nonce=114 recipient=0x97058FD7DDD9a0A63D75c3Fbc1E122B57d9025e2 value=78,000,000
INFO [06-01|06:38:28.937] Starting work on payload                 id=0x03147a1cc43aeac2
INFO [06-01|06:38:28.992] Updated payload                          id=0x03147a1cc43aeac2 number=500 hash=a2361b..eba3a9 txs=2 withdrawals=0 gas=86852 fees=5.21112e-13 root=b3c3f6..8ae886 elapsed=54.303ms
INFO [06-01|06:38:28.992] Stopping work on payload                 id=0x03147a1cc43aeac2 reason=delivery
INFO [06-01|06:38:29.033] Paused snapshot generation
WARN [06-01|06:38:29.033] {"level":"warn","msg":"Slow block","block":{"number":500,"hash":"0xa2361b3a204fd25e9e50e3c77020b6fdd3a6856519d20ea95e60ff6cc8eba3a9","gas_used":86852,"tx_count":2},"timing":{"execution_ms":0.114959,"state_read_ms":14.43234,"state_hash_ms":18.57956,"commit_ms":8.075567,"total_ms":41.354289},"throughput":{"mgas_per_sec":2.100193283458458},"state_reads":{"accounts":11,"storage_slots":0,"code":0,"code_bytes":0},"state_writes":{"accounts":3,"accounts_deleted":0,"storage_slots":0,"storage_slots_deleted":0,"code":1,"code_bytes":157},"cache":{"account":{"hits":5,"misses":6,"hit_rate":45.45454545454545},"storage":{"hits":0,"misses":0,"hit_rate":0},"code":{"hits":0,"misses":0,"hit_rate":0,"hit_bytes":0,"miss_bytes":0}}}
INFO [06-01|06:38:29.034] Imported new potential chain segment     number=500 hash=a2361b..eba3a9 blocks=1 txs=2 mgas=0.087 elapsed=41.529ms    mgasps=2.091 triediffs=1.35MiB triedirty=0.00B
INFO [06-01|06:38:29.034] Chain head was updated                   number=500 hash=a2361b..eba3a9 root=b3c3f6..8ae886 elapsed="165.299µs"
WARN [06-01|06:38:29.054] Snapshot generation is not permitted
INFO [06-01|06:38:29.270] Submitted transaction                    hash=0x8c04cf1d147565763f08e5b0f1781117843e5cb879194a388364adbcfce7262f from=0x97058FD7DDD9a0A63D75c3Fbc1E122B57d9025e2 nonce=0   recipient=0xA7c59f010700930003b33aB25a7a0679C860f29c value=0
INFO [06-01|06:38:30.041] Starting work on payload                 id=0x0302db84c4ed1da6
INFO [06-01|06:38:30.235] Updated payload                          id=0x0302db84c4ed1da6 number=501 hash=ee99f0..8d1f47 txs=1 withdrawals=0 gas=5,900,228 fees=3.5401368e-11 root=5a9824..2df388 elapsed=194.685ms
INFO [06-01|06:38:30.235] Stopping work on payload                 id=0x0302db84c4ed1da6 reason=delivery
INFO [06-01|06:38:30.368] Paused snapshot generation
WARN [06-01|06:38:30.369] {"level":"warn","msg":"Slow block","block":{"number":501,"hash":"0xee99f06795d041f645ee1d322f7c8ff18f34d47fd39578169a841567248d1f47","gas_used":5900228,"tx_count":1},"timing":{"execution_ms":119.833593,"state_read_ms":6.752547,"state_hash_ms":3.242405,"commit_ms":3.441597,"total_ms":133.553168},"throughput":{"mgas_per_sec":44.17886964688101},"state_reads":{"accounts":107,"storage_slots":258,"code":101,"code_bytes":2957},"state_writes":{"accounts":2,"accounts_deleted":0,"storage_slots":0,"storage_slots_deleted":0,"code":0,"code_bytes":0},"cache":{"account":{"hits":16,"misses":91,"hit_rate":14.953271028037381},"storage":{"hits":31,"misses":227,"hit_rate":12.015503875968992},"code":{"hits":101,"misses":0,"hit_rate":100,"hit_bytes":2957,"miss_bytes":0}}}
INFO [06-01|06:38:30.369] Imported new potential chain segment     number=501 hash=ee99f0..8d1f47 blocks=1 txs=1 mgas=5.900 elapsed=133.796ms   mgasps=44.099 triediffs=1.35MiB triedirty=0.00B
INFO [06-01|06:38:30.370] Chain head was updated                   number=501 hash=ee99f0..8d1f47 root=5a9824..2df388 elapsed="183.028µs"
WARN [06-01|06:38:30.396] Snapshot generation is not permitted
INFO [06-01|06:38:31.287] Submitted transaction                    hash=0x0d19967b9c91209815f5eccf97b6ec190586858d3c10713a764f033a8cfff17b from=0x97058FD7DDD9a0A63D75c3Fbc1E122B57d9025e2 nonce=1   recipient=0xf39Fd6e51aad88F6F4ce6aB8827279cffFb92266 value=1,045,036
INFO [06-01|06:38:31.376] Starting work on payload                 id=0x034d1242007f9b86
INFO [06-01|06:38:31.392] Updated payload                          id=0x034d1242007f9b86 number=502 hash=1a12c9..71ae9d txs=1 withdrawals=0 gas=21000     fees=2.1e-14       root=cc26e1..a4159c elapsed=16.000ms
INFO [06-01|06:38:31.392] Stopping work on payload                 id=0x034d1242007f9b86 reason=delivery
INFO [06-01|06:38:31.462] Paused snapshot generation
WARN [06-01|06:38:31.462] {"level":"warn","msg":"Slow block","block":{"number":502,"hash":"0x1a12c96f6389a1e07b0cd34c5665711a42d386f4b03740585904412d0e71ae9d","gas_used":21000,"tx_count":1},"timing":{"execution_ms":0.069074,"state_read_ms":2.868873,"state_hash_ms":25.825769,"commit_ms":40.644057,"total_ms":69.5915},"throughput":{"mgas_per_sec":0.3017609909256159},"state_reads":{"accounts":6,"storage_slots":0,"code":0,"code_bytes":0},"state_writes":{"accounts":2,"accounts_deleted":0,"storage_slots":0,"storage_slots_deleted":0,"code":0,"code_bytes":0},"cache":{"account":{"hits":2,"misses":4,"hit_rate":33.33333333333333},"storage":{"hits":0,"misses":0,"hit_rate":0},"code":{"hits":0,"misses":0,"hit_rate":0,"hit_bytes":0,"miss_bytes":0}}}
INFO [06-01|06:38:31.462] Imported new potential chain segment     number=502 hash=1a12c9..71ae9d blocks=1 txs=1 mgas=0.021 elapsed=69.726ms    mgasps=0.301  triediffs=1.34MiB triedirty=0.00B
INFO [06-01|06:38:31.462] Chain head was updated                   number=502 hash=1a12c9..71ae9d root=cc26e1..a4159c elapsed="50.856µs"
WARN [06-01|06:38:31.483] Snapshot generation is not permitted
INFO [06-01|06:38:32.471] Starting work on payload                 id=0x030355922f5d4177
INFO [06-01|06:38:32.475] Updated payload                          id=0x030355922f5d4177 number=503 hash=d83005..7454a6 txs=0 withdrawals=0 gas=0         fees=0             root=cc26e1..a4159c elapsed=4.505ms
INFO [06-01|06:38:32.475] Stopping work on payload                 id=0x030355922f5d4177 reason=delivery
WARN [06-01|06:38:32.480] {"level":"warn","msg":"Slow block","block":{"number":503,"hash":"0xd83005293b56edc4e28e3737dff3167fef0dc648dd688345e33c801acb7454a6","gas_used":0,"tx_count":0},"timing":{"execution_ms":0.020435,"state_read_ms":2.615821,"state_hash_ms":0.344942,"commit_ms":0.61685,"total_ms":4.154924},"throughput":{"mgas_per_sec":0},"state_reads":{"accounts":4,"storage_slots":0,"code":0,"code_bytes":0},"state_writes":{"accounts":0,"accounts_deleted":0,"storage_slots":0,"storage_slots_deleted":0,"code":0,"code_bytes":0},"cache":{"account":{"hits":0,"misses":4,"hit_rate":0},"storage":{"hits":0,"misses":0,"hit_rate":0},"code":{"hits":0,"misses":0,"hit_rate":0,"hit_bytes":0,"miss_bytes":0}}}
INFO [06-01|06:38:32.480] Imported new potential chain segment     number=503 hash=d83005..7454a6 blocks=1 txs=0 mgas=0.000 elapsed=4.257ms     mgasps=0.000  triediffs=1.34MiB triedirty=0.00B
INFO [06-01|06:38:32.480] Chain head was updated                   number=503 hash=d83005..7454a6 root=cc26e1..a4159c elapsed="33.295µs"
