WARN [06-01|13:18:34.845] Unknown config environment variable      envvar=GETH_PBT_BIN
WARN [06-01|13:18:34.845] Unknown config environment variable      envvar=GETH_UBT_BIN
INFO [06-01|13:18:34.855] Starting Geth on Ethereum mainnet...
INFO [06-01|13:18:34.857] Maximum peer count                       ETH=0 total=0
INFO [06-01|13:18:34.858] Smartcard socket not found, disabling    err="stat /run/pcscd/pcscd.comm: no such file or directory"
WARN [06-01|13:18:34.862] Option --miner.etherbase is deprecated as the etherbase is set by the consensus client post-merge
INFO [06-01|13:18:34.865] Set global gas cap                       cap=50,000,000
INFO [06-01|13:18:35.651] Using developer account                  address=0xf39Fd6e51aad88F6F4ce6aB8827279cffFb92266
INFO [06-01|13:18:35.688] Using pebble as the backing database
INFO [06-01|13:18:35.688] Allocated cache and file handles         database=/mnt/state_expiry_vol_data/ubt-vs-pbt-dbs/pbt/geth/chaindata cache=2.00GiB handles=262,144
INFO [06-01|13:18:35.895] Opened ancient database                  database=/mnt/state_expiry_vol_data/ubt-vs-pbt-dbs/pbt/geth/chaindata/ancient/chain readonly=true
INFO [06-01|13:18:35.895] Opened Era store                         datadir=/mnt/state_expiry_vol_data/ubt-vs-pbt-dbs/pbt/geth/chaindata/ancient/chain/era
INFO [06-01|13:18:35.903] Initializing the KZG library             backend=gokzg
INFO [06-01|13:18:35.904] Allocated trie memory caches             clean=614.00MiB dirty=1.00GiB
INFO [06-01|13:18:35.912] Using pebble as the backing database
INFO [06-01|13:18:35.912] Allocated cache and file handles         database=/mnt/state_expiry_vol_data/ubt-vs-pbt-dbs/pbt/geth/chaindata cache=2.00GiB handles=262,144
INFO [06-01|13:18:36.115] Opened ancient database                  database=/mnt/state_expiry_vol_data/ubt-vs-pbt-dbs/pbt/geth/chaindata/ancient/chain readonly=false
INFO [06-01|13:18:36.115] Opened Era store                         datadir=/mnt/state_expiry_vol_data/ubt-vs-pbt-dbs/pbt/geth/chaindata/ancient/chain/era
INFO [06-01|13:18:36.121] State scheme set to already existing     scheme=path
INFO [06-01|13:18:36.122] Initialising Ethereum protocol           network=1337 dbversion=9
WARN [06-01|13:18:36.122] Sanitizing invalid node buffer size      provided=1.00GiB updated=256.00MiB
INFO [06-01|13:18:36.124] Load database journal from file          path=/mnt/state_expiry_vol_data/ubt-vs-pbt-dbs/pbt/geth/triedb/verkle.journal
INFO [06-01|13:18:36.226] Opened ancient database                  database=/mnt/state_expiry_vol_data/ubt-vs-pbt-dbs/pbt/geth/chaindata/ancient/state_verkle readonly=false
INFO [06-01|13:18:36.227] State snapshot generator is not compatible
INFO [06-01|13:18:36.227] Initialized path database                triecache=614.00MiB statecache=409.00MiB buffer=256.00MiB state-history="last 90000 blocks" journal-dir=/mnt/state_expiry_vol_data/ubt-vs-pbt-dbs/pbt/geth/triedb verkle=true
INFO [06-01|13:18:36.228] 
INFO [06-01|13:18:36.228] ---------------------------------------------------------------------------------------------------------------------------------------------------------
INFO [06-01|13:18:36.228] Chain ID:  1337 (unknown)
INFO [06-01|13:18:36.228] Consensus: unknown
INFO [06-01|13:18:36.228] 
INFO [06-01|13:18:36.228] Pre-Merge hard forks (block based):
INFO [06-01|13:18:36.228]  - Homestead:                   #0       
INFO [06-01|13:18:36.228]  - Tangerine Whistle (EIP 150): #0       
INFO [06-01|13:18:36.228]  - Spurious Dragon/1 (EIP 155): #0       
INFO [06-01|13:18:36.228]  - Spurious Dragon/2 (EIP 158): #0       
INFO [06-01|13:18:36.228]  - Byzantium:                   #0       
INFO [06-01|13:18:36.228]  - Constantinople:              #0       
INFO [06-01|13:18:36.228]  - Petersburg:                  #0       
INFO [06-01|13:18:36.228]  - Istanbul:                    #0       
INFO [06-01|13:18:36.228]  - Berlin:                      #0       
INFO [06-01|13:18:36.228]  - London:                      #0       
INFO [06-01|13:18:36.228]  - Arrow Glacier:               #0       
INFO [06-01|13:18:36.228]  - Gray Glacier:                #0       
INFO [06-01|13:18:36.228] 
INFO [06-01|13:18:36.228] Merge configured:
INFO [06-01|13:18:36.228]  - Total terminal difficulty:  0
INFO [06-01|13:18:36.228]  - Merge netsplit block:       #0       
INFO [06-01|13:18:36.228] 
INFO [06-01|13:18:36.228] Post-Merge hard forks (timestamp based):
INFO [06-01|13:18:36.228]  - Shanghai:                    @0         
INFO [06-01|13:18:36.228]  - Cancun:                      @0          blob: (target: 3, max: 6, fraction: 3338477)
INFO [06-01|13:18:36.228]  - Prague:                      @0          blob: (target: 6, max: 9, fraction: 5007716)
INFO [06-01|13:18:36.228]  - Osaka:                       @0          blob: (target: 6, max: 9, fraction: 5007716)
INFO [06-01|13:18:36.228]  - UBT:                         @0          blob: (nil)
INFO [06-01|13:18:36.228] 
INFO [06-01|13:18:36.228] All fork specifications can be found at https://ethereum.github.io/execution-specs/src/ethereum/forks/
INFO [06-01|13:18:36.228] 
INFO [06-01|13:18:36.228] ---------------------------------------------------------------------------------------------------------------------------------------------------------
INFO [06-01|13:18:36.228] 
INFO [06-01|13:18:36.229] Loaded most recent local block           number=5486 hash=81da4b..2e9afb age=3s
INFO [06-01|13:18:36.229] Loaded most recent local finalized block number=5472 hash=ba45e6..b8d01c age=25s
INFO [06-01|13:18:36.230] Initialized transaction indexer          range="last 2350000 blocks"
INFO [06-01|13:18:36.230] Initialized log indexer                  firstblock=0 lastblock=5486 firstmap=0 lastmap=0 headindexed=true
INFO [06-01|13:18:36.262] Enabled full-sync                        head=5486 hash=81da4b..2e9afb
INFO [06-01|13:18:36.262] Unprotected transactions allowed
INFO [06-01|13:18:36.262] Gasprice oracle is ignoring threshold set threshold=2
INFO [06-01|13:18:36.263] Registered sync override service
WARN [06-01|13:18:36.263] You are running Geth in --dev mode. Please note the following:
WARN [06-01|13:18:36.263] 
WARN [06-01|13:18:36.263]   1. This mode is only intended for fast, iterative development without assumptions on
WARN [06-01|13:18:36.263]      security or persistence.
WARN [06-01|13:18:36.263]   2. The database is created in memory unless specified otherwise. Therefore, shutting down
WARN [06-01|13:18:36.263]      your computer or losing power will wipe your entire block data and chain state for
WARN [06-01|13:18:36.263]      your dev environment.
WARN [06-01|13:18:36.263]   3. A random, pre-allocated developer account will be available and unlocked as
WARN [06-01|13:18:36.263]      eth.coinbase, which can be used for testing. The random dev account is temporary,
WARN [06-01|13:18:36.263]      stored on a ramdisk, and will be lost if your machine is restarted.
WARN [06-01|13:18:36.263]   4. Mining is enabled by default. However, the client will only seal blocks if transactions
WARN [06-01|13:18:36.263]      are pending in the mempool. The miner's minimum accepted gas price is 1.
WARN [06-01|13:18:36.263]   5. Networking is disabled; there is no listen-address, the maximum number of peers is set
WARN [06-01|13:18:36.263]      to 0, and discovery is disabled.
WARN [06-01|13:18:36.263] 
INFO [06-01|13:18:36.263] Starting peer-to-peer node               instance=Geth/v1.17.3-unstable/linux-amd64/go1.24.9
WARN [06-01|13:18:36.263] P2P server will be useless, neither dialing nor listening
INFO [06-01|13:18:36.287] New local node record                    seq=1,780,292,695,008 id=972c5cc0b2a1895c ip=127.0.0.1 udp=0 tcp=0
INFO [06-01|13:18:36.287] Started P2P networking                   self=enode://16ec6c0bde109d66472afe00ec8fee3d30718d830d1acf0829842abca89b82afff8a454636cde3b26d700f98647938c6f23e7bee3027caca0d7f19e4b3725e13@127.0.0.1:0
INFO [06-01|13:18:36.287] IPC endpoint opened                      url=/mnt/state_expiry_vol_data/ubt-vs-pbt-dbs/pbt/geth.ipc
ERROR[06-01|13:18:36.287] Unavailable modules in HTTP API list     unavailable=[personal] available="[admin debug web3 eth txpool miner net dev testing]"
INFO [06-01|13:18:36.288] HTTP server started                      endpoint=127.0.0.1:8545 auth=false prefix= cors= vhosts=localhost
INFO [06-01|13:18:36.288] WebSocket enabled                        url=ws://127.0.0.1:8546
INFO [06-01|13:18:36.698] Loaded local transaction journal         transactions=3809 dropped=0
INFO [06-01|13:18:37.333] Started log indexer
INFO [06-01|13:18:37.385] Starting work on payload                 id=0x03c4a58f433780e1
INFO [06-01|13:18:37.404] Updated payload                          id=0x03c4a58f433780e1 number=5487 hash=6eb3a4..ecf1f8 txs=0 withdrawals=0 gas=0 fees=0 root=67a32d..73274f elapsed=19.440ms
INFO [06-01|13:18:37.405] Stopping work on payload                 id=0x03c4a58f433780e1 reason=delivery
WARN [06-01|13:18:37.411] {"level":"warn","msg":"Slow block","block":{"number":5487,"hash":"0x6eb3a49825cca1796b6ba3bf2659958f4241a969f2ebb95037fdf8f405ecf1f8","gas_used":0,"tx_count":0},"timing":{"execution_ms":0.041221,"state_read_ms":6.192157,"state_hash_ms":0.001719,"commit_ms":0.214008,"total_ms":6.689836},"throughput":{"mgas_per_sec":0},"state_reads":{"accounts":4,"storage_slots":0,"code":0,"code_bytes":0},"state_writes":{"accounts":0,"accounts_deleted":0,"storage_slots":0,"storage_slots_deleted":0,"code":0,"code_bytes":0},"cache":{"account":{"hits":0,"misses":4,"hit_rate":0},"storage":{"hits":0,"misses":0,"hit_rate":0},"code":{"hits":0,"misses":0,"hit_rate":0,"hit_bytes":0,"miss_bytes":0}}}
INFO [06-01|13:18:37.412] Imported new potential chain segment     number=5487 hash=6eb3a4..ecf1f8 blocks=1 txs=0 mgas=0.000 elapsed=6.970ms  mgasps=0.000 triediffs=1.31MiB triedirty=1.65MiB
INFO [06-01|13:18:37.412] Chain head was updated                   number=5487 hash=6eb3a4..ecf1f8 root=67a32d..73274f elapsed="56.447µs"
INFO [06-01|13:18:38.421] Starting work on payload                 id=0x03a3a89460a3ad83
INFO [06-01|13:18:38.446] Updated payload                          id=0x03a3a89460a3ad83 number=5488 hash=f708ac..5a3f00 txs=0 withdrawals=0 gas=0 fees=0 root=67a32d..73274f elapsed=23.325ms
INFO [06-01|13:18:38.446] Stopping work on payload                 id=0x03a3a89460a3ad83 reason=delivery
WARN [06-01|13:18:38.452] {"level":"warn","msg":"Slow block","block":{"number":5488,"hash":"0xf708accbd665d4069514e710729c36c657810dce09e12dfa9c07f7df485a3f00","gas_used":0,"tx_count":0},"timing":{"execution_ms":0.039212,"state_read_ms":5.502873,"state_hash_ms":0.002786,"commit_ms":0.199796,"total_ms":5.957513},"throughput":{"mgas_per_sec":0},"state_reads":{"accounts":4,"storage_slots":0,"code":0,"code_bytes":0},"state_writes":{"accounts":0,"accounts_deleted":0,"storage_slots":0,"storage_slots_deleted":0,"code":0,"code_bytes":0},"cache":{"account":{"hits":0,"misses":4,"hit_rate":0},"storage":{"hits":0,"misses":0,"hit_rate":0},"code":{"hits":0,"misses":0,"hit_rate":0,"hit_bytes":0,"miss_bytes":0}}}
INFO [06-01|13:18:38.452] Imported new potential chain segment     number=5488 hash=f708ac..5a3f00 blocks=1 txs=0 mgas=0.000 elapsed=6.150ms    mgasps=0.000 triediffs=1.31MiB triedirty=1.65MiB
INFO [06-01|13:18:38.452] Chain head was updated                   number=5488 hash=f708ac..5a3f00 root=67a32d..73274f elapsed="66.167µs"
INFO [06-01|13:18:39.476] Starting work on payload                 id=0x03db1aa145db67f5
INFO [06-01|13:18:39.494] Updated payload                          id=0x03db1aa145db67f5 number=5489 hash=e89e4c..7dbb3a txs=0 withdrawals=0 gas=0 fees=0 root=67a32d..73274f elapsed=17.732ms
INFO [06-01|13:18:39.494] Stopping work on payload                 id=0x03db1aa145db67f5 reason=delivery
WARN [06-01|13:18:39.500] {"level":"warn","msg":"Slow block","block":{"number":5489,"hash":"0xe89e4cccaafda2e7a5f0ecdfce14b916933b093afec9baffd399877b417dbb3a","gas_used":0,"tx_count":0},"timing":{"execution_ms":0.091516,"state_read_ms":5.370048,"state_hash_ms":0.001719,"commit_ms":0.131763,"total_ms":5.740216},"throughput":{"mgas_per_sec":0},"state_reads":{"accounts":4,"storage_slots":0,"code":0,"code_bytes":0},"state_writes":{"accounts":0,"accounts_deleted":0,"storage_slots":0,"storage_slots_deleted":0,"code":0,"code_bytes":0},"cache":{"account":{"hits":0,"misses":4,"hit_rate":0},"storage":{"hits":0,"misses":0,"hit_rate":0},"code":{"hits":0,"misses":0,"hit_rate":0,"hit_bytes":0,"miss_bytes":0}}}
INFO [06-01|13:18:39.500] Imported new potential chain segment     number=5489 hash=e89e4c..7dbb3a blocks=1 txs=0 mgas=0.000 elapsed=5.936ms    mgasps=0.000 triediffs=1.31MiB triedirty=1.65MiB
INFO [06-01|13:18:39.500] Chain head was updated                   number=5489 hash=e89e4c..7dbb3a root=67a32d..73274f elapsed="43.834µs"
INFO [06-01|13:18:39.991] Submitted contract creation              hash=0xc9bf0c7e569f03a124ae3a086a36b2f551cbd7362e009bd2930b286e84179d2f from=0xf39Fd6e51aad88F6F4ce6aB8827279cffFb92266 nonce=1649 contract=0x9b2DeD0d68D705C8A2ebd7163834461fdBD7f0dd value=0
INFO [06-01|13:18:39.992] Submitted transaction                    hash=0xd73411ed9057d51f9d62dbdbe1d0c25d462f2407a0610b403f0800b4f5fdd1c9 from=0xf39Fd6e51aad88F6F4ce6aB8827279cffFb92266 nonce=1650 recipient=0x8Dc94D7Feb3d331d8b2E5464Fa5750E3E60b4edc value=78,000,000
INFO [06-01|13:18:40.519] Starting work on payload                 id=0x038c2318db803ede
INFO [06-01|13:18:40.569] Updated payload                          id=0x038c2318db803ede number=5490 hash=c0a68b..6e457b txs=2 withdrawals=0 gas=86840 fees=5.2104e-13 root=728b37..0ed085 elapsed=50.316ms
INFO [06-01|13:18:40.569] Stopping work on payload                 id=0x038c2318db803ede reason=delivery
WARN [06-01|13:18:40.599] {"level":"warn","msg":"Slow block","block":{"number":5490,"hash":"0xc0a68b942f4125aa3b655938d81b2cd709b21f9da3cbd1551a73a636f66e457b","gas_used":86840,"tx_count":2},"timing":{"execution_ms":0.091949,"state_read_ms":17.848921,"state_hash_ms":6.162439,"commit_ms":5.009099,"total_ms":29.735698},"throughput":{"mgas_per_sec":2.9203955461210294},"state_reads":{"accounts":11,"storage_slots":0,"code":0,"code_bytes":0},"state_writes":{"accounts":3,"accounts_deleted":0,"storage_slots":0,"storage_slots_deleted":0,"code":1,"code_bytes":157},"cache":{"account":{"hits":6,"misses":5,"hit_rate":54.54545454545454},"storage":{"hits":0,"misses":0,"hit_rate":0},"code":{"hits":0,"misses":0,"hit_rate":0,"hit_bytes":0,"miss_bytes":0}}}
INFO [06-01|13:18:40.599] Imported new potential chain segment     number=5490 hash=c0a68b..6e457b blocks=1 txs=2 mgas=0.087 elapsed=29.938ms   mgasps=2.901 triediffs=1.32MiB triedirty=1.65MiB
INFO [06-01|13:18:40.599] Chain head was updated                   number=5490 hash=c0a68b..6e457b root=728b37..0ed085 elapsed="233.648µs"
INFO [06-01|13:18:41.008] Submitted transaction                    hash=0xf67c65c6e9879bbf30f04e099db3f43cd16b3fc28e75765ad894122e138a513b from=0x8Dc94D7Feb3d331d8b2E5464Fa5750E3E60b4edc nonce=0    recipient=0x9b2DeD0d68D705C8A2ebd7163834461fdBD7f0dd value=0
INFO [06-01|13:18:41.610] Starting work on payload                 id=0x039afa5f371bb234
INFO [06-01|13:18:41.734] Updated payload                          id=0x039afa5f371bb234 number=5491 hash=85510a..f86929 txs=1 withdrawals=0 gas=5,900,023 fees=3.5400138e-11 root=06fc48..b32579 elapsed=123.643ms
INFO [06-01|13:18:41.734] Stopping work on payload                 id=0x039afa5f371bb234 reason=delivery
WARN [06-01|13:18:41.854] {"level":"warn","msg":"Slow block","block":{"number":5491,"hash":"0x85510a2981300c56f0e1de40794c2fe10ac79d7330b0286d90a8dc70b8f86929","gas_used":5900023,"tx_count":1},"timing":{"execution_ms":96.684756,"state_read_ms":19.681793,"state_hash_ms":2.703989,"commit_ms":0.649302,"total_ms":120.01509},"throughput":{"mgas_per_sec":49.160676378278765},"state_reads":{"accounts":263,"storage_slots":259,"code":257,"code_bytes":7325},"state_writes":{"accounts":2,"accounts_deleted":0,"storage_slots":0,"storage_slots_deleted":0,"code":0,"code_bytes":0},"cache":{"account":{"hits":48,"misses":215,"hit_rate":18.250950570342205},"storage":{"hits":45,"misses":214,"hit_rate":17.374517374517374},"code":{"hits":257,"misses":0,"hit_rate":100,"hit_bytes":7325,"miss_bytes":0}}}
INFO [06-01|13:18:41.854] Imported new potential chain segment     number=5491 hash=85510a..f86929 blocks=1 txs=1 mgas=5.900 elapsed=120.271ms   mgasps=49.056 triediffs=1.32MiB triedirty=1.65MiB
INFO [06-01|13:18:41.855] Chain head was updated                   number=5491 hash=85510a..f86929 root=06fc48..b32579 elapsed="127.145µs"
INFO [06-01|13:18:42.023] Submitted transaction                    hash=0xe5bb3bc29b31e11b76f9b7330c1e4079e28ded2555ad63799339244950a411f5 from=0x8Dc94D7Feb3d331d8b2E5464Fa5750E3E60b4edc nonce=1    recipient=0xf39Fd6e51aad88F6F4ce6aB8827279cffFb92266 value=1,047,701
INFO [06-01|13:18:42.867] Starting work on payload                 id=0x03902fcc782713bf
INFO [06-01|13:18:42.881] Updated payload                          id=0x03902fcc782713bf number=5492 hash=91cbf3..1a5c01 txs=1 withdrawals=0 gas=21000     fees=2.1e-14       root=ab89ea..b2b537 elapsed=13.918ms
INFO [06-01|13:18:42.881] Stopping work on payload                 id=0x03902fcc782713bf reason=delivery
WARN [06-01|13:18:42.908] {"level":"warn","msg":"Slow block","block":{"number":5492,"hash":"0x91cbf3464e569731d50e6874b0022624e9e61047aef203f8694469e53d1a5c01","gas_used":21000,"tx_count":1},"timing":{"execution_ms":0.075513,"state_read_ms":11.669815,"state_hash_ms":14.210844,"commit_ms":0.472942,"total_ms":26.624519},"throughput":{"mgas_per_sec":0.7887466436482853},"state_reads":{"accounts":6,"storage_slots":0,"code":0,"code_bytes":0},"state_writes":{"accounts":2,"accounts_deleted":0,"storage_slots":0,"storage_slots_deleted":0,"code":0,"code_bytes":0},"cache":{"account":{"hits":2,"misses":4,"hit_rate":33.33333333333333},"storage":{"hits":0,"misses":0,"hit_rate":0},"code":{"hits":0,"misses":0,"hit_rate":0,"hit_bytes":0,"miss_bytes":0}}}
INFO [06-01|13:18:42.908] Imported new potential chain segment     number=5492 hash=91cbf3..1a5c01 blocks=1 txs=1 mgas=0.021 elapsed=26.772ms    mgasps=0.784  triediffs=1.31MiB triedirty=1.65MiB
INFO [06-01|13:18:42.908] Chain head was updated                   number=5492 hash=91cbf3..1a5c01 root=ab89ea..b2b537 elapsed="59.059µs"
