WARN [06-02|05:32:18.743] Unknown config environment variable      envvar=GETH_PBT_BIN
WARN [06-02|05:32:18.743] Unknown config environment variable      envvar=GETH_UBT_BIN
INFO [06-02|05:32:18.754] Starting Geth on Ethereum mainnet...
INFO [06-02|05:32:18.755] Maximum peer count                       ETH=0 total=0
INFO [06-02|05:32:18.756] Smartcard socket not found, disabling    err="stat /run/pcscd/pcscd.comm: no such file or directory"
WARN [06-02|05:32:18.762] Option --miner.etherbase is deprecated as the etherbase is set by the consensus client post-merge
INFO [06-02|05:32:18.765] Set global gas cap                       cap=50,000,000
INFO [06-02|05:32:19.560] Using developer account                  address=0xf39Fd6e51aad88F6F4ce6aB8827279cffFb92266
INFO [06-02|05:32:19.596] Using pebble as the backing database
INFO [06-02|05:32:19.596] Allocated cache and file handles         database=/mnt/state_expiry_vol_data/ubt-vs-pbt-dbs/pbt/geth/chaindata cache=2.00GiB handles=262,144
INFO [06-02|05:32:19.823] Opened ancient database                  database=/mnt/state_expiry_vol_data/ubt-vs-pbt-dbs/pbt/geth/chaindata/ancient/chain readonly=true
INFO [06-02|05:32:19.823] Opened Era store                         datadir=/mnt/state_expiry_vol_data/ubt-vs-pbt-dbs/pbt/geth/chaindata/ancient/chain/era
INFO [06-02|05:32:19.831] Initializing the KZG library             backend=gokzg
INFO [06-02|05:32:19.832] Allocated trie memory caches             clean=614.00MiB dirty=1.00GiB
INFO [06-02|05:32:19.840] Using pebble as the backing database
INFO [06-02|05:32:19.840] Allocated cache and file handles         database=/mnt/state_expiry_vol_data/ubt-vs-pbt-dbs/pbt/geth/chaindata cache=2.00GiB handles=262,144
INFO [06-02|05:32:20.073] Opened ancient database                  database=/mnt/state_expiry_vol_data/ubt-vs-pbt-dbs/pbt/geth/chaindata/ancient/chain readonly=false
INFO [06-02|05:32:20.074] Opened Era store                         datadir=/mnt/state_expiry_vol_data/ubt-vs-pbt-dbs/pbt/geth/chaindata/ancient/chain/era
INFO [06-02|05:32:20.081] State scheme set to already existing     scheme=path
INFO [06-02|05:32:20.081] Initialising Ethereum protocol           network=1337 dbversion=9
WARN [06-02|05:32:20.081] Sanitizing invalid node buffer size      provided=1.00GiB updated=256.00MiB
INFO [06-02|05:32:20.083] Load database journal from file          path=/mnt/state_expiry_vol_data/ubt-vs-pbt-dbs/pbt/geth/triedb/verkle.journal
INFO [06-02|05:32:22.412] Opened ancient database                  database=/mnt/state_expiry_vol_data/ubt-vs-pbt-dbs/pbt/geth/chaindata/ancient/state_verkle readonly=false
INFO [06-02|05:32:22.414] State snapshot generator is not compatible
INFO [06-02|05:32:22.414] Initialized path database                triecache=614.00MiB statecache=409.00MiB buffer=256.00MiB state-history="last 90000 blocks" journal-dir=/mnt/state_expiry_vol_data/ubt-vs-pbt-dbs/pbt/geth/triedb verkle=true
INFO [06-02|05:32:22.414] 
INFO [06-02|05:32:22.414] ---------------------------------------------------------------------------------------------------------------------------------------------------------
INFO [06-02|05:32:22.414] Chain ID:  1337 (unknown)
INFO [06-02|05:32:22.414] Consensus: unknown
INFO [06-02|05:32:22.414] 
INFO [06-02|05:32:22.414] Pre-Merge hard forks (block based):
INFO [06-02|05:32:22.414]  - Homestead:                   #0       
INFO [06-02|05:32:22.414]  - Tangerine Whistle (EIP 150): #0       
INFO [06-02|05:32:22.414]  - Spurious Dragon/1 (EIP 155): #0       
INFO [06-02|05:32:22.414]  - Spurious Dragon/2 (EIP 158): #0       
INFO [06-02|05:32:22.414]  - Byzantium:                   #0       
INFO [06-02|05:32:22.414]  - Constantinople:              #0       
INFO [06-02|05:32:22.414]  - Petersburg:                  #0       
INFO [06-02|05:32:22.414]  - Istanbul:                    #0       
INFO [06-02|05:32:22.414]  - Berlin:                      #0       
INFO [06-02|05:32:22.414]  - London:                      #0       
INFO [06-02|05:32:22.414]  - Arrow Glacier:               #0       
INFO [06-02|05:32:22.414]  - Gray Glacier:                #0       
INFO [06-02|05:32:22.414] 
INFO [06-02|05:32:22.414] Merge configured:
INFO [06-02|05:32:22.414]  - Total terminal difficulty:  0
INFO [06-02|05:32:22.414]  - Merge netsplit block:       #0       
INFO [06-02|05:32:22.414] 
INFO [06-02|05:32:22.414] Post-Merge hard forks (timestamp based):
INFO [06-02|05:32:22.414]  - Shanghai:                    @0         
INFO [06-02|05:32:22.414]  - Cancun:                      @0          blob: (target: 3, max: 6, fraction: 3338477)
INFO [06-02|05:32:22.414]  - Prague:                      @0          blob: (target: 6, max: 9, fraction: 5007716)
INFO [06-02|05:32:22.414]  - Osaka:                       @0          blob: (target: 6, max: 9, fraction: 5007716)
INFO [06-02|05:32:22.414]  - UBT:                         @0          blob: (nil)
INFO [06-02|05:32:22.414] 
INFO [06-02|05:32:22.414] All fork specifications can be found at https://ethereum.github.io/execution-specs/src/ethereum/forks/
INFO [06-02|05:32:22.414] 
INFO [06-02|05:32:22.414] ---------------------------------------------------------------------------------------------------------------------------------------------------------
INFO [06-02|05:32:22.414] 
INFO [06-02|05:32:22.415] Loaded most recent local block           number=10324 hash=f1b95f..35b7bf age=7s
INFO [06-02|05:32:22.415] Loaded most recent local finalized block number=10304 hash=b6817c..3fb259 age=45s
INFO [06-02|05:32:22.416] Initialized transaction indexer          range="last 2350000 blocks"
INFO [06-02|05:32:22.416] Initialized log indexer                  firstblock=0 lastblock=10324 firstmap=0 lastmap=0 headindexed=true
INFO [06-02|05:32:22.432] Enabled full-sync                        head=10324 hash=f1b95f..35b7bf
INFO [06-02|05:32:22.432] Unprotected transactions allowed
INFO [06-02|05:32:22.433] Gasprice oracle is ignoring threshold set threshold=2
WARN [06-02|05:32:22.433] Unclean shutdown detected                booted=2026-06-02T02:34:44+0000 age=2h57m38s
INFO [06-02|05:32:22.433] Registered sync override service
WARN [06-02|05:32:22.433] You are running Geth in --dev mode. Please note the following:
WARN [06-02|05:32:22.433] 
WARN [06-02|05:32:22.433]   1. This mode is only intended for fast, iterative development without assumptions on
WARN [06-02|05:32:22.433]      security or persistence.
WARN [06-02|05:32:22.433]   2. The database is created in memory unless specified otherwise. Therefore, shutting down
WARN [06-02|05:32:22.433]      your computer or losing power will wipe your entire block data and chain state for
WARN [06-02|05:32:22.433]      your dev environment.
WARN [06-02|05:32:22.433]   3. A random, pre-allocated developer account will be available and unlocked as
WARN [06-02|05:32:22.433]      eth.coinbase, which can be used for testing. The random dev account is temporary,
WARN [06-02|05:32:22.433]      stored on a ramdisk, and will be lost if your machine is restarted.
WARN [06-02|05:32:22.433]   4. Mining is enabled by default. However, the client will only seal blocks if transactions
WARN [06-02|05:32:22.433]      are pending in the mempool. The miner's minimum accepted gas price is 1.
WARN [06-02|05:32:22.433]   5. Networking is disabled; there is no listen-address, the maximum number of peers is set
WARN [06-02|05:32:22.433]      to 0, and discovery is disabled.
WARN [06-02|05:32:22.433] 
INFO [06-02|05:32:22.433] Starting peer-to-peer node               instance=Geth/v1.17.3-unstable/linux-amd64/go1.24.9
WARN [06-02|05:32:22.433] P2P server will be useless, neither dialing nor listening
INFO [06-02|05:32:22.449] IPC endpoint opened                      url=/mnt/state_expiry_vol_data/ubt-vs-pbt-dbs/pbt/geth.ipc
ERROR[06-02|05:32:22.449] Unavailable modules in HTTP API list     unavailable=[personal] available="[admin debug web3 eth txpool miner net dev testing]"
INFO [06-02|05:32:22.450] New local node record                    seq=1,780,292,695,595 id=972c5cc0b2a1895c ip=127.0.0.1 udp=0 tcp=0
INFO [06-02|05:32:22.450] Started P2P networking                   self=enode://16ec6c0bde109d66472afe00ec8fee3d30718d830d1acf0829842abca89b82afff8a454636cde3b26d700f98647938c6f23e7bee3027caca0d7f19e4b3725e13@127.0.0.1:0
INFO [06-02|05:32:22.450] HTTP server started                      endpoint=127.0.0.1:8545 auth=false prefix= cors= vhosts=localhost
INFO [06-02|05:32:22.450] WebSocket enabled                        url=ws://127.0.0.1:8546
INFO [06-02|05:32:23.419] Loaded local transaction journal         transactions=7980 dropped=0
INFO [06-02|05:32:23.626] Started log indexer
INFO [06-02|05:32:23.665] Starting work on payload                 id=0x03ac35dab0dd8f47
INFO [06-02|05:32:23.666] Updated payload                          id=0x03ac35dab0dd8f47 number=10325 hash=db019e..3e2cca txs=0 withdrawals=0 gas=0 fees=0 root=7308a1..cee18f elapsed="751.414µs"
INFO [06-02|05:32:23.668] Stopping work on payload                 id=0x03ac35dab0dd8f47 reason=delivery
WARN [06-02|05:32:23.670] {"level":"warn","msg":"Slow block","block":{"number":10325,"hash":"0xdb019e4714ca910192370a0597a117f7c277853cb483138873ee77d2413e2cca","gas_used":0,"tx_count":0},"timing":{"execution_ms":0.031998,"state_read_ms":1.147547,"state_hash_ms":0.003071,"commit_ms":0.829504,"total_ms":3.238882},"throughput":{"mgas_per_sec":0},"state_reads":{"accounts":4,"storage_slots":0,"code":0,"code_bytes":0},"state_writes":{"accounts":0,"accounts_deleted":0,"storage_slots":0,"storage_slots_deleted":0,"code":0,"code_bytes":0},"cache":{"account":{"hits":0,"misses":4,"hit_rate":0},"storage":{"hits":0,"misses":0,"hit_rate":0},"code":{"hits":0,"misses":0,"hit_rate":0,"hit_bytes":0,"miss_bytes":0}}}
INFO [06-02|05:32:23.670] Imported new potential chain segment     number=10325 hash=db019e..3e2cca blocks=1 txs=0 mgas=0.000 elapsed=3.653ms     mgasps=0.000 triediffs=38.00MiB triedirty=123.06MiB
INFO [06-02|05:32:23.670] Chain head was updated                   number=10325 hash=db019e..3e2cca root=7308a1..cee18f elapsed="103.684µs"
INFO [06-02|05:32:24.686] Starting work on payload                 id=0x030e425bc14bbe55
INFO [06-02|05:32:24.701] Updated payload                          id=0x030e425bc14bbe55 number=10326 hash=bb44af..966222 txs=0 withdrawals=0 gas=0 fees=0 root=7308a1..cee18f elapsed=15.302ms
INFO [06-02|05:32:24.701] Stopping work on payload                 id=0x030e425bc14bbe55 reason=delivery
WARN [06-02|05:32:24.710] {"level":"warn","msg":"Slow block","block":{"number":10326,"hash":"0xbb44af566cf8dfca7648574f9c850d6d60aa464490431b3dfa967a4b8e966222","gas_used":0,"tx_count":0},"timing":{"execution_ms":0.025125,"state_read_ms":0.832386,"state_hash_ms":0.002469,"commit_ms":0.165645,"total_ms":8.46156},"throughput":{"mgas_per_sec":0},"state_reads":{"accounts":4,"storage_slots":0,"code":0,"code_bytes":0},"state_writes":{"accounts":0,"accounts_deleted":0,"storage_slots":0,"storage_slots_deleted":0,"code":0,"code_bytes":0},"cache":{"account":{"hits":0,"misses":4,"hit_rate":0},"storage":{"hits":0,"misses":0,"hit_rate":0},"code":{"hits":0,"misses":0,"hit_rate":0,"hit_bytes":0,"miss_bytes":0}}}
INFO [06-02|05:32:24.710] Imported new potential chain segment     number=10326 hash=bb44af..966222 blocks=1 txs=0 mgas=0.000 elapsed=8.727ms     mgasps=0.000 triediffs=38.00MiB triedirty=123.06MiB
INFO [06-02|05:32:24.710] Chain head was updated                   number=10326 hash=bb44af..966222 root=7308a1..cee18f elapsed="68.228µs"
INFO [06-02|05:32:25.733] Starting work on payload                 id=0x03b07d8fd12715cd
INFO [06-02|05:32:25.780] Updated payload                          id=0x03b07d8fd12715cd number=10327 hash=1e286b..461a20 txs=0 withdrawals=0 gas=0 fees=0 root=7308a1..cee18f elapsed=47.281ms
INFO [06-02|05:32:25.780] Stopping work on payload                 id=0x03b07d8fd12715cd reason=delivery
WARN [06-02|05:32:25.796] {"level":"warn","msg":"Slow block","block":{"number":10327,"hash":"0x1e286b9afc49d6d28050f965d602ef7cf4b93dcb8712e38e9c7b70ba00461a20","gas_used":0,"tx_count":0},"timing":{"execution_ms":0.047255,"state_read_ms":14.990713,"state_hash_ms":0.002826,"commit_ms":0.147091,"total_ms":15.402015},"throughput":{"mgas_per_sec":0},"state_reads":{"accounts":4,"storage_slots":0,"code":0,"code_bytes":0},"state_writes":{"accounts":0,"accounts_deleted":0,"storage_slots":0,"storage_slots_deleted":0,"code":0,"code_bytes":0},"cache":{"account":{"hits":0,"misses":4,"hit_rate":0},"storage":{"hits":0,"misses":0,"hit_rate":0},"code":{"hits":0,"misses":0,"hit_rate":0,"hit_bytes":0,"miss_bytes":0}}}
INFO [06-02|05:32:25.796] Imported new potential chain segment     number=10327 hash=1e286b..461a20 blocks=1 txs=0 mgas=0.000 elapsed=15.625ms    mgasps=0.000 triediffs=38.00MiB triedirty=123.06MiB
INFO [06-02|05:32:25.796] Chain head was updated                   number=10327 hash=1e286b..461a20 root=7308a1..cee18f elapsed="53.895µs"
INFO [06-02|05:32:26.812] Starting work on payload                 id=0x0328f145ce8f06a8
INFO [06-02|05:32:26.815] Updated payload                          id=0x0328f145ce8f06a8 number=10328 hash=0c406d..e026ba txs=0 withdrawals=0 gas=0 fees=0 root=7308a1..cee18f elapsed=3.793ms
INFO [06-02|05:32:26.816] Stopping work on payload                 id=0x0328f145ce8f06a8 reason=delivery
WARN [06-02|05:32:26.822] {"level":"warn","msg":"Slow block","block":{"number":10328,"hash":"0x0c406da14eafa3bc70cbc4ee7c776ca9bc841366f54095d633c3e93c3ae026ba","gas_used":0,"tx_count":0},"timing":{"execution_ms":0.043088,"state_read_ms":5.967116,"state_hash_ms":0.001621,"commit_ms":0.143345,"total_ms":6.316641},"throughput":{"mgas_per_sec":0},"state_reads":{"accounts":4,"storage_slots":0,"code":0,"code_bytes":0},"state_writes":{"accounts":0,"accounts_deleted":0,"storage_slots":0,"storage_slots_deleted":0,"code":0,"code_bytes":0},"cache":{"account":{"hits":0,"misses":4,"hit_rate":0},"storage":{"hits":0,"misses":0,"hit_rate":0},"code":{"hits":0,"misses":0,"hit_rate":0,"hit_bytes":0,"miss_bytes":0}}}
INFO [06-02|05:32:26.822] Imported new potential chain segment     number=10328 hash=0c406d..e026ba blocks=1 txs=0 mgas=0.000 elapsed=6.554ms     mgasps=0.000 triediffs=38.00MiB triedirty=123.06MiB
INFO [06-02|05:32:26.822] Chain head was updated                   number=10328 hash=0c406d..e026ba root=7308a1..cee18f elapsed="63.527µs"
INFO [06-02|05:32:27.451] Submitted contract creation              hash=0x4240576c39c060819da7e105e4f259a1f0a116dd8114ba667adc8f7d0b975713 from=0xf39Fd6e51aad88F6F4ce6aB8827279cffFb92266 nonce=2819 contract=0xC013f347b64d5A6dE839Ea9bfa8Cd1fbE4163DF9 value=0
INFO [06-02|05:32:27.451] Submitted transaction                    hash=0xcf9998b799797f4957e496c85927d8222a86779844441bb1329aa494bff83196 from=0xf39Fd6e51aad88F6F4ce6aB8827279cffFb92266 nonce=2820 recipient=0x01C3C05F7292865db4000135561922aFa990FA01 value=208,000,000
INFO [06-02|05:32:27.826] Starting work on payload                 id=0x039bc9aa193170bb
INFO [06-02|05:32:27.880] Updated payload                          id=0x039bc9aa193170bb number=10329 hash=b5206e..a90ccd txs=2 withdrawals=0 gas=86938 fees=5.21628e-13 root=f81ff2..151605 elapsed=52.948ms
INFO [06-02|05:32:27.883] Stopping work on payload                 id=0x039bc9aa193170bb reason=delivery
WARN [06-02|05:32:27.889] {"level":"warn","msg":"Slow block","block":{"number":10329,"hash":"0xb5206e847e8cad97f924b11f880d97cb780c5070fbec9570d0f997a9eea90ccd","gas_used":86938,"tx_count":2},"timing":{"execution_ms":0.379252,"state_read_ms":1.201295,"state_hash_ms":0.708734,"commit_ms":6.448896,"total_ms":9.258336},"throughput":{"mgas_per_sec":9.390240319642752},"state_reads":{"accounts":11,"storage_slots":0,"code":0,"code_bytes":0},"state_writes":{"accounts":3,"accounts_deleted":0,"storage_slots":0,"storage_slots_deleted":0,"code":1,"code_bytes":165},"cache":{"account":{"hits":4,"misses":7,"hit_rate":36.36363636363637},"storage":{"hits":0,"misses":0,"hit_rate":0},"code":{"hits":0,"misses":0,"hit_rate":0,"hit_bytes":0,"miss_bytes":0}}}
INFO [06-02|05:32:27.889] Imported new potential chain segment     number=10329 hash=b5206e..a90ccd blocks=1 txs=2 mgas=0.087 elapsed=9.519ms     mgasps=9.132 triediffs=37.80MiB triedirty=123.12MiB
INFO [06-02|05:32:27.890] Chain head was updated                   number=10329 hash=b5206e..a90ccd root=f81ff2..151605 elapsed="222.704µs"
INFO [06-02|05:32:28.465] Submitted transaction                    hash=0x693c6dd16bba5e2a9e4eda63b4612eda17a42ce0d2ab26c9d878116110f41071 from=0x01C3C05F7292865db4000135561922aFa990FA01 nonce=0    recipient=0xC013f347b64d5A6dE839Ea9bfa8Cd1fbE4163DF9 value=0
INFO [06-02|05:32:28.893] Starting work on payload                 id=0x03766beaa00cffd3
INFO [06-02|05:32:29.249] Updated payload                          id=0x03766beaa00cffd3 number=10330 hash=cbbf8a..3eead6 txs=1 withdrawals=0 gas=15,913,190 fees=9.547914e-11 root=e12992..04b046 elapsed=355.340ms
INFO [06-02|05:32:29.249] Stopping work on payload                 id=0x03766beaa00cffd3 reason=delivery
WARN [06-02|05:32:29.466] {"level":"warn","msg":"Slow block","block":{"number":10330,"hash":"0xcbbf8a523927cf4e8436c7849cb091c3f493383ab3f8878f79754e68663eead6","gas_used":15913190,"tx_count":1},"timing":{"execution_ms":9.079478,"state_read_ms":30.813548,"state_hash_ms":153.241339,"commit_ms":23.022951,"total_ms":216.468649},"throughput":{"mgas_per_sec":73.51267757946788},"state_reads":{"accounts":337,"storage_slots":630,"code":331,"code_bytes":9405},"state_writes":{"accounts":331,"accounts_deleted":0,"storage_slots":628,"storage_slots_deleted":0,"code":0,"code_bytes":0},"cache":{"account":{"hits":133,"misses":204,"hit_rate":39.46587537091988},"storage":{"hits":239,"misses":391,"hit_rate":37.93650793650794},"code":{"hits":331,"misses":0,"hit_rate":100,"hit_bytes":9405,"miss_bytes":0}}}
INFO [06-02|05:32:29.466] Imported new potential chain segment     number=10330 hash=cbbf8a..3eead6 blocks=1 txs=1 mgas=15.913 elapsed=216.782ms   mgasps=73.406 triediffs=40.15MiB triedirty=123.12MiB
INFO [06-02|05:32:29.466] Chain head was updated                   number=10330 hash=cbbf8a..3eead6 root=e12992..04b046 elapsed="175.284µs"
INFO [06-02|05:32:29.481] Submitted transaction                    hash=0x848981c8f0385fda664977545bee67d2743aee2ee3a420608b87cd30dd028fdd from=0x01C3C05F7292865db4000135561922aFa990FA01 nonce=1    recipient=0xf39Fd6e51aad88F6F4ce6aB8827279cffFb92266 value=876,530
INFO [06-02|05:32:30.471] Starting work on payload                 id=0x033a2176b39fb958
INFO [06-02|05:32:30.563] Updated payload                          id=0x033a2176b39fb958 number=10331 hash=aaa790..a4f0ff txs=1 withdrawals=0 gas=21000      fees=2.1e-14      root=20f215..49b3f5 elapsed=92.405ms
INFO [06-02|05:32:30.563] Stopping work on payload                 id=0x033a2176b39fb958 reason=delivery
WARN [06-02|05:32:30.569] {"level":"warn","msg":"Slow block","block":{"number":10331,"hash":"0xaaa79030f06dcb0da2f7bcfe37fedb89ad6586404ff2e046d0637b6f3fa4f0ff","gas_used":21000,"tx_count":1},"timing":{"execution_ms":0.060845,"state_read_ms":2.647787,"state_hash_ms":2.201481,"commit_ms":0.53381,"total_ms":5.610922},"throughput":{"mgas_per_sec":3.7427003975460718},"state_reads":{"accounts":6,"storage_slots":0,"code":0,"code_bytes":0},"state_writes":{"accounts":2,"accounts_deleted":0,"storage_slots":0,"storage_slots_deleted":0,"code":0,"code_bytes":0},"cache":{"account":{"hits":2,"misses":4,"hit_rate":33.33333333333333},"storage":{"hits":0,"misses":0,"hit_rate":0},"code":{"hits":0,"misses":0,"hit_rate":0,"hit_bytes":0,"miss_bytes":0}}}
INFO [06-02|05:32:30.569] Imported new potential chain segment     number=10331 hash=aaa790..a4f0ff blocks=1 txs=1 mgas=0.021  elapsed=5.739ms     mgasps=3.659  triediffs=40.14MiB triedirty=123.13MiB
INFO [06-02|05:32:30.569] Chain head was updated                   number=10331 hash=aaa790..a4f0ff root=20f215..49b3f5 elapsed="50.487µs"
INFO [06-02|05:32:31.604] Starting work on payload                 id=0x03ff0e383b05d976
INFO [06-02|05:32:31.629] Updated payload                          id=0x03ff0e383b05d976 number=10332 hash=94dab0..0ffec8 txs=0 withdrawals=0 gas=0          fees=0            root=20f215..49b3f5 elapsed=24.960ms
INFO [06-02|05:32:31.629] Stopping work on payload                 id=0x03ff0e383b05d976 reason=delivery
WARN [06-02|05:32:31.633] {"level":"warn","msg":"Slow block","block":{"number":10332,"hash":"0x94dab03cb9d41121d2896def5491be863bc42ef92e209e97874371e7ec0ffec8","gas_used":0,"tx_count":0},"timing":{"execution_ms":0.035895,"state_read_ms":3.120318,"state_hash_ms":0.002502,"commit_ms":0.227763,"total_ms":3.573268},"throughput":{"mgas_per_sec":0},"state_reads":{"accounts":4,"storage_slots":0,"code":0,"code_bytes":0},"state_writes":{"accounts":0,"accounts_deleted":0,"storage_slots":0,"storage_slots_deleted":0,"code":0,"code_bytes":0},"cache":{"account":{"hits":0,"misses":4,"hit_rate":0},"storage":{"hits":0,"misses":0,"hit_rate":0},"code":{"hits":0,"misses":0,"hit_rate":0,"hit_bytes":0,"miss_bytes":0}}}
INFO [06-02|05:32:31.633] Imported new potential chain segment     number=10332 hash=94dab0..0ffec8 blocks=1 txs=0 mgas=0.000  elapsed=3.748ms     mgasps=0.000  triediffs=40.14MiB triedirty=123.13MiB
INFO [06-02|05:32:31.634] Chain head was updated                   number=10332 hash=94dab0..0ffec8 root=20f215..49b3f5 elapsed="73.86µs"
