WARN [06-01|06:31:32.289] Unknown config environment variable      envvar=GETH_PBT_BIN
WARN [06-01|06:31:32.289] Unknown config environment variable      envvar=GETH_UBT_BIN
INFO [06-01|06:31:32.300] Starting Geth on Ethereum mainnet...
INFO [06-01|06:31:32.302] Maximum peer count                       ETH=0 total=0
INFO [06-01|06:31:32.303] Smartcard socket not found, disabling    err="stat /run/pcscd/pcscd.comm: no such file or directory"
WARN [06-01|06:31:32.308] Option --miner.etherbase is deprecated as the etherbase is set by the consensus client post-merge
WARN [06-01|06:31:32.311] Snap sync requested, resetting --cache.snapshot
INFO [06-01|06:31:32.311] Set global gas cap                       cap=50,000,000
INFO [06-01|06:31:33.100] Using developer account                  address=0xf39Fd6e51aad88F6F4ce6aB8827279cffFb92266
INFO [06-01|06:31:33.142] Using pebble as the backing database
INFO [06-01|06:31:33.142] Allocated cache and file handles         database=/mnt/state_expiry_vol_data/ubt-vs-pbt-dbs/pbt/geth/chaindata cache=16.00MiB handles=262,144
INFO [06-01|06:31:33.339] Opened ancient database                  database=/mnt/state_expiry_vol_data/ubt-vs-pbt-dbs/pbt/geth/chaindata/ancient/chain readonly=true
INFO [06-01|06:31:33.339] Opened Era store                         datadir=/mnt/state_expiry_vol_data/ubt-vs-pbt-dbs/pbt/geth/chaindata/ancient/chain/era
INFO [06-01|06:31:33.344] Initializing the KZG library             backend=gokzg
INFO [06-01|06:31:33.346] Allocated trie memory caches             clean=0.00B dirty=0.00B
INFO [06-01|06:31:33.353] Using pebble as the backing database
INFO [06-01|06:31:33.353] Allocated cache and file handles         database=/mnt/state_expiry_vol_data/ubt-vs-pbt-dbs/pbt/geth/chaindata cache=16.00MiB handles=262,144
INFO [06-01|06:31:33.523] Opened ancient database                  database=/mnt/state_expiry_vol_data/ubt-vs-pbt-dbs/pbt/geth/chaindata/ancient/chain readonly=false
INFO [06-01|06:31:33.524] Opened Era store                         datadir=/mnt/state_expiry_vol_data/ubt-vs-pbt-dbs/pbt/geth/chaindata/ancient/chain/era
INFO [06-01|06:31:33.532] State scheme set to already existing     scheme=path
INFO [06-01|06:31:33.532] Initialising Ethereum protocol           network=1337 dbversion=9
INFO [06-01|06:31:33.532] Load database journal from file          path=/mnt/state_expiry_vol_data/ubt-vs-pbt-dbs/pbt/geth/triedb/verkle.journal
INFO [06-01|06:31:33.778] Opened ancient database                  database=/mnt/state_expiry_vol_data/ubt-vs-pbt-dbs/pbt/geth/chaindata/ancient/state_verkle readonly=false
INFO [06-01|06:31:33.780] State snapshot generator is not compatible
INFO [06-01|06:31:33.780] Initialized path database                triecache=0.00B statecache=0.00B buffer=0.00B state-history="last 90000 blocks" journal-dir=/mnt/state_expiry_vol_data/ubt-vs-pbt-dbs/pbt/geth/triedb verkle=true
INFO [06-01|06:31:33.780] 
INFO [06-01|06:31:33.780] ---------------------------------------------------------------------------------------------------------------------------------------------------------
INFO [06-01|06:31:33.780] Chain ID:  1337 (unknown)
INFO [06-01|06:31:33.780] Consensus: unknown
INFO [06-01|06:31:33.780] 
INFO [06-01|06:31:33.780] Pre-Merge hard forks (block based):
INFO [06-01|06:31:33.780]  - Homestead:                   #0       
INFO [06-01|06:31:33.780]  - Tangerine Whistle (EIP 150): #0       
INFO [06-01|06:31:33.780]  - Spurious Dragon/1 (EIP 155): #0       
INFO [06-01|06:31:33.780]  - Spurious Dragon/2 (EIP 158): #0       
INFO [06-01|06:31:33.780]  - Byzantium:                   #0       
INFO [06-01|06:31:33.780]  - Constantinople:              #0       
INFO [06-01|06:31:33.780]  - Petersburg:                  #0       
INFO [06-01|06:31:33.780]  - Istanbul:                    #0       
INFO [06-01|06:31:33.780]  - Berlin:                      #0       
INFO [06-01|06:31:33.780]  - London:                      #0       
INFO [06-01|06:31:33.780]  - Arrow Glacier:               #0       
INFO [06-01|06:31:33.780]  - Gray Glacier:                #0       
INFO [06-01|06:31:33.780] 
INFO [06-01|06:31:33.780] Merge configured:
INFO [06-01|06:31:33.780]  - Total terminal difficulty:  0
INFO [06-01|06:31:33.780]  - Merge netsplit block:       #0       
INFO [06-01|06:31:33.780] 
INFO [06-01|06:31:33.780] Post-Merge hard forks (timestamp based):
INFO [06-01|06:31:33.780]  - Shanghai:                    @0         
INFO [06-01|06:31:33.780]  - Cancun:                      @0          blob: (target: 3, max: 6, fraction: 3338477)
INFO [06-01|06:31:33.780]  - Prague:                      @0          blob: (target: 6, max: 9, fraction: 5007716)
INFO [06-01|06:31:33.780]  - Osaka:                       @0          blob: (target: 6, max: 9, fraction: 5007716)
INFO [06-01|06:31:33.780]  - UBT:                         @0          blob: (nil)
INFO [06-01|06:31:33.780] 
INFO [06-01|06:31:33.780] All fork specifications can be found at https://ethereum.github.io/execution-specs/src/ethereum/forks/
INFO [06-01|06:31:33.780] 
INFO [06-01|06:31:33.780] ---------------------------------------------------------------------------------------------------------------------------------------------------------
INFO [06-01|06:31:33.780] 
INFO [06-01|06:31:33.781] Loaded most recent local block           number=227 hash=502ec2..60d33b age=3s
INFO [06-01|06:31:33.781] Loaded most recent local finalized block number=224 hash=3f01a0..4a1e9f age=6s
INFO [06-01|06:31:33.782] Initialized transaction indexer          range="last 2350000 blocks"
INFO [06-01|06:31:33.782] Initialized log indexer                  firstblock=0 lastblock=227 firstmap=0 lastmap=0 headindexed=true
INFO [06-01|06:31:33.798] Enabled full-sync                        head=227 hash=502ec2..60d33b
INFO [06-01|06:31:33.799] Unprotected transactions allowed
INFO [06-01|06:31:33.799] Gasprice oracle is ignoring threshold set threshold=2
INFO [06-01|06:31:33.799] Registered sync override service
WARN [06-01|06:31:33.799] You are running Geth in --dev mode. Please note the following:
WARN [06-01|06:31:33.799] 
WARN [06-01|06:31:33.799]   1. This mode is only intended for fast, iterative development without assumptions on
WARN [06-01|06:31:33.799]      security or persistence.
WARN [06-01|06:31:33.799]   2. The database is created in memory unless specified otherwise. Therefore, shutting down
WARN [06-01|06:31:33.799]      your computer or losing power will wipe your entire block data and chain state for
WARN [06-01|06:31:33.799]      your dev environment.
WARN [06-01|06:31:33.799]   3. A random, pre-allocated developer account will be available and unlocked as
WARN [06-01|06:31:33.799]      eth.coinbase, which can be used for testing. The random dev account is temporary,
WARN [06-01|06:31:33.799]      stored on a ramdisk, and will be lost if your machine is restarted.
WARN [06-01|06:31:33.799]   4. Mining is enabled by default. However, the client will only seal blocks if transactions
WARN [06-01|06:31:33.799]      are pending in the mempool. The miner's minimum accepted gas price is 1.
WARN [06-01|06:31:33.799]   5. Networking is disabled; there is no listen-address, the maximum number of peers is set
WARN [06-01|06:31:33.799]      to 0, and discovery is disabled.
WARN [06-01|06:31:33.799] 
INFO [06-01|06:31:33.799] Starting peer-to-peer node               instance=Geth/v1.17.3-unstable/linux-amd64/go1.24.9
WARN [06-01|06:31:33.799] P2P server will be useless, neither dialing nor listening
INFO [06-01|06:31:33.816] IPC endpoint opened                      url=/mnt/state_expiry_vol_data/ubt-vs-pbt-dbs/pbt/geth.ipc
INFO [06-01|06:31:33.816] New local node record                    seq=1,780,292,694,199 id=972c5cc0b2a1895c ip=127.0.0.1 udp=0 tcp=0
ERROR[06-01|06:31:33.816] Unavailable modules in HTTP API list     unavailable=[personal] available="[admin debug web3 eth txpool miner net dev testing]"
INFO [06-01|06:31:33.816] Started P2P networking                   self=enode://16ec6c0bde109d66472afe00ec8fee3d30718d830d1acf0829842abca89b82afff8a454636cde3b26d700f98647938c6f23e7bee3027caca0d7f19e4b3725e13@127.0.0.1:0
INFO [06-01|06:31:33.817] HTTP server started                      endpoint=127.0.0.1:8545 auth=false prefix= cors= vhosts=localhost
INFO [06-01|06:31:33.817] WebSocket enabled                        url=ws://127.0.0.1:8546
INFO [06-01|06:31:33.872] Loaded local transaction journal         transactions=573 dropped=0
INFO [06-01|06:31:34.755] Started log indexer
INFO [06-01|06:31:34.791] Starting work on payload                 id=0x03b151ed522b3f9a
INFO [06-01|06:31:34.800] Updated payload                          id=0x03b151ed522b3f9a number=228 hash=f72fed..6e3bd3 txs=0 withdrawals=0 gas=0 fees=0 root=4fff43..0f5335 elapsed=9.048ms
INFO [06-01|06:31:34.800] Stopping work on payload                 id=0x03b151ed522b3f9a reason=delivery
WARN [06-01|06:31:34.805] {"level":"warn","msg":"Slow block","block":{"number":228,"hash":"0xf72fed995842e7045cba0938aba46166861b25dc427164809ade3011486e3bd3","gas_used":0,"tx_count":0},"timing":{"execution_ms":0.03915,"state_read_ms":3.499272,"state_hash_ms":0.125586,"commit_ms":0.280713,"total_ms":4.102648},"throughput":{"mgas_per_sec":0},"state_reads":{"accounts":4,"storage_slots":0,"code":0,"code_bytes":0},"state_writes":{"accounts":0,"accounts_deleted":0,"storage_slots":0,"storage_slots_deleted":0,"code":0,"code_bytes":0},"cache":{"account":{"hits":0,"misses":4,"hit_rate":0},"storage":{"hits":0,"misses":0,"hit_rate":0},"code":{"hits":0,"misses":0,"hit_rate":0,"hit_bytes":0,"miss_bytes":0}}}
INFO [06-01|06:31:34.805] Imported new potential chain segment     number=228 hash=f72fed..6e3bd3 blocks=1 txs=0 mgas=0.000 elapsed=4.368ms mgasps=0.000 triediffs=14.18MiB triedirty=0.00B
INFO [06-01|06:31:34.805] Chain head was updated                   number=228 hash=f72fed..6e3bd3 root=4fff43..0f5335 elapsed="50.454µs"
INFO [06-01|06:31:35.810] Starting work on payload                 id=0x0322a4f1986ce4d3
INFO [06-01|06:31:35.814] Updated payload                          id=0x0322a4f1986ce4d3 number=229 hash=43ac33..d2899a txs=0 withdrawals=0 gas=0 fees=0 root=4fff43..0f5335 elapsed=4.205ms
INFO [06-01|06:31:35.815] Stopping work on payload                 id=0x0322a4f1986ce4d3 reason=delivery
WARN [06-01|06:31:35.833] {"level":"warn","msg":"Slow block","block":{"number":229,"hash":"0x43ac33cebc12d1917cdcc137c9a442f62011596c08ce573b43abff0060d2899a","gas_used":0,"tx_count":0},"timing":{"execution_ms":0.03173,"state_read_ms":17.808498,"state_hash_ms":0.108049,"commit_ms":0.201853,"total_ms":18.369753},"throughput":{"mgas_per_sec":0},"state_reads":{"accounts":4,"storage_slots":0,"code":0,"code_bytes":0},"state_writes":{"accounts":0,"accounts_deleted":0,"storage_slots":0,"storage_slots_deleted":0,"code":0,"code_bytes":0},"cache":{"account":{"hits":0,"misses":4,"hit_rate":0},"storage":{"hits":0,"misses":0,"hit_rate":0},"code":{"hits":0,"misses":0,"hit_rate":0,"hit_bytes":0,"miss_bytes":0}}}
INFO [06-01|06:31:35.833] Imported new potential chain segment     number=229 hash=43ac33..d2899a blocks=1 txs=0 mgas=0.000 elapsed=18.544ms   mgasps=0.000 triediffs=14.18MiB triedirty=0.00B
INFO [06-01|06:31:35.833] Chain head was updated                   number=229 hash=43ac33..d2899a root=4fff43..0f5335 elapsed="35.647µs"
INFO [06-01|06:31:36.839] Starting work on payload                 id=0x03e5b1eee3f22463
INFO [06-01|06:31:36.843] Updated payload                          id=0x03e5b1eee3f22463 number=230 hash=cf54a9..35d13e txs=0 withdrawals=0 gas=0 fees=0 root=4fff43..0f5335 elapsed=4.343ms
INFO [06-01|06:31:36.843] Stopping work on payload                 id=0x03e5b1eee3f22463 reason=delivery
WARN [06-01|06:31:36.857] {"level":"warn","msg":"Slow block","block":{"number":230,"hash":"0xcf54a966d5070ae772cb0033ee168b2a569797cfc17a26c691741732e835d13e","gas_used":0,"tx_count":0},"timing":{"execution_ms":0.048484,"state_read_ms":12.636912,"state_hash_ms":0.144698,"commit_ms":0.552712,"total_ms":13.530805},"throughput":{"mgas_per_sec":0},"state_reads":{"accounts":4,"storage_slots":0,"code":0,"code_bytes":0},"state_writes":{"accounts":0,"accounts_deleted":0,"storage_slots":0,"storage_slots_deleted":0,"code":0,"code_bytes":0},"cache":{"account":{"hits":0,"misses":4,"hit_rate":0},"storage":{"hits":0,"misses":0,"hit_rate":0},"code":{"hits":0,"misses":0,"hit_rate":0,"hit_bytes":0,"miss_bytes":0}}}
INFO [06-01|06:31:36.857] Imported new potential chain segment     number=230 hash=cf54a9..35d13e blocks=1 txs=0 mgas=0.000 elapsed=13.757ms   mgasps=0.000 triediffs=14.18MiB triedirty=0.00B
INFO [06-01|06:31:36.857] Chain head was updated                   number=230 hash=cf54a9..35d13e root=4fff43..0f5335 elapsed="81.862µs"
INFO [06-01|06:31:37.245] Submitted contract creation              hash=0xe94d348c71e452f875380ffc271efb52ac65e6abc5cdbab74efb4a7bbfede1f6 from=0xf39Fd6e51aad88F6F4ce6aB8827279cffFb92266 nonce=31 contract=0xc3e53F4d16Ae77Db1c982e75a937B9f60FE63690 value=0
INFO [06-01|06:31:37.245] Submitted transaction                    hash=0x8a5b06c6b4d1baca38e3078aa4c101431ccac37b66a5ecaff8a4a9c8f16c5560 from=0xf39Fd6e51aad88F6F4ce6aB8827279cffFb92266 nonce=32 recipient=0x13F059bC4157d3EE50a266cB12E10aA0DE7cd9cb value=240,000,000
INFO [06-01|06:31:37.862] Starting work on payload                 id=0x03ebed795c0dbd82
INFO [06-01|06:31:37.908] Updated payload                          id=0x03ebed795c0dbd82 number=231 hash=b9ccd9..bfa754 txs=2 withdrawals=0 gas=86120 fees=1.7224e-12 root=936e0d..8fc04e elapsed=46.060ms
INFO [06-01|06:31:37.908] Stopping work on payload                 id=0x03ebed795c0dbd82 reason=delivery
INFO [06-01|06:31:37.944] Paused snapshot generation
WARN [06-01|06:31:37.945] {"level":"warn","msg":"Slow block","block":{"number":231,"hash":"0xb9ccd978ae54617f26684156add8963359a70e063f9a36e81e6e0d9a4cbfa754","gas_used":86120,"tx_count":2},"timing":{"execution_ms":0.114713,"state_read_ms":3.322955,"state_hash_ms":15.611624,"commit_ms":17.593639,"total_ms":36.813446},"throughput":{"mgas_per_sec":2.3393626339680345},"state_reads":{"accounts":11,"storage_slots":0,"code":0,"code_bytes":0},"state_writes":{"accounts":3,"accounts_deleted":0,"storage_slots":0,"storage_slots_deleted":0,"code":1,"code_bytes":155},"cache":{"account":{"hits":5,"misses":6,"hit_rate":45.45454545454545},"storage":{"hits":0,"misses":0,"hit_rate":0},"code":{"hits":0,"misses":0,"hit_rate":0,"hit_bytes":0,"miss_bytes":0}}}
INFO [06-01|06:31:37.945] Imported new potential chain segment     number=231 hash=b9ccd9..bfa754 blocks=1 txs=2 mgas=0.086 elapsed=37.013ms   mgasps=2.327 triediffs=13.79MiB triedirty=0.00B
INFO [06-01|06:31:37.945] Chain head was updated                   number=231 hash=b9ccd9..bfa754 root=936e0d..8fc04e elapsed="146.416µs"
WARN [06-01|06:31:37.969] Snapshot generation is not permitted
INFO [06-01|06:31:38.257] Submitted transaction                    hash=0xd954fc71309a1ef08a95b83fb4b032adc40303c60927e2f71066e452e43c0da2 from=0x13F059bC4157d3EE50a266cB12E10aA0DE7cd9cb nonce=0  recipient=0xc3e53F4d16Ae77Db1c982e75a937B9f60FE63690 value=0
INFO [06-01|06:31:38.951] Starting work on payload                 id=0x03fe8d8ee3817f95
INFO [06-01|06:31:39.077] Updated payload                          id=0x03fe8d8ee3817f95 number=232 hash=72807d..de0cd1 txs=1 withdrawals=0 gas=5,900,406 fees=1.29808932e-10 root=c4ee20..8c72ff elapsed=126.310ms
INFO [06-01|06:31:39.077] Stopping work on payload                 id=0x03fe8d8ee3817f95 reason=delivery
INFO [06-01|06:31:39.198] Paused snapshot generation
WARN [06-01|06:31:39.199] {"level":"warn","msg":"Slow block","block":{"number":232,"hash":"0x72807dbebc72dfa866c84586fb8630c9f365103e08b5470dd6dad36b8ade0cd1","gas_used":5900406,"tx_count":1},"timing":{"execution_ms":106.887371,"state_read_ms":4.175835,"state_hash_ms":5.262882,"commit_ms":5.372167,"total_ms":121.864012},"throughput":{"mgas_per_sec":48.41795295562729},"state_reads":{"accounts":8,"storage_slots":258,"code":2,"code_bytes":183},"state_writes":{"accounts":2,"accounts_deleted":0,"storage_slots":0,"storage_slots_deleted":0,"code":0,"code_bytes":0},"cache":{"account":{"hits":4,"misses":4,"hit_rate":50},"storage":{"hits":47,"misses":211,"hit_rate":18.217054263565892},"code":{"hits":2,"misses":0,"hit_rate":100,"hit_bytes":183,"miss_bytes":0}}}
INFO [06-01|06:31:39.200] Imported new potential chain segment     number=232 hash=72807d..de0cd1 blocks=1 txs=1 mgas=5.900 elapsed=122.028ms   mgasps=48.353 triediffs=13.40MiB triedirty=0.00B
INFO [06-01|06:31:39.200] Chain head was updated                   number=232 hash=72807d..de0cd1 root=c4ee20..8c72ff elapsed="133.967µs"
WARN [06-01|06:31:39.222] Snapshot generation is not permitted
INFO [06-01|06:31:39.272] Submitted transaction                    hash=0xdd7a61229751a1966f93974f9e0989831707042bd5fbd871c7ab541f81e9474f from=0x13F059bC4157d3EE50a266cB12E10aA0DE7cd9cb nonce=1  recipient=0xf39Fd6e51aad88F6F4ce6aB8827279cffFb92266 value=3,164,760
INFO [06-01|06:31:40.205] Starting work on payload                 id=0x037c15fa6d975f24
INFO [06-01|06:31:40.219] Updated payload                          id=0x037c15fa6d975f24 number=233 hash=71ba66..8bdf9c txs=1 withdrawals=0 gas=21000     fees=2.1e-14        root=19e0ec..33c617 elapsed=13.665ms
INFO [06-01|06:31:40.219] Stopping work on payload                 id=0x037c15fa6d975f24 reason=delivery
INFO [06-01|06:31:40.234] Paused snapshot generation
WARN [06-01|06:31:40.235] {"level":"warn","msg":"Slow block","block":{"number":233,"hash":"0x71ba66b1e939493a0d16cab5eaa017f7b7c32f6c54b0c5af001eab16fb8bdf9c","gas_used":21000,"tx_count":1},"timing":{"execution_ms":0.061847,"state_read_ms":2.905951,"state_hash_ms":6.026246,"commit_ms":6.032167,"total_ms":15.163957},"throughput":{"mgas_per_sec":1.3848628032907242},"state_reads":{"accounts":6,"storage_slots":0,"code":0,"code_bytes":0},"state_writes":{"accounts":2,"accounts_deleted":0,"storage_slots":0,"storage_slots_deleted":0,"code":0,"code_bytes":0},"cache":{"account":{"hits":2,"misses":4,"hit_rate":33.33333333333333},"storage":{"hits":0,"misses":0,"hit_rate":0},"code":{"hits":0,"misses":0,"hit_rate":0,"hit_bytes":0,"miss_bytes":0}}}
INFO [06-01|06:31:40.235] Imported new potential chain segment     number=233 hash=71ba66..8bdf9c blocks=1 txs=1 mgas=0.021 elapsed=15.274ms    mgasps=1.375  triediffs=13.00MiB triedirty=0.00B
INFO [06-01|06:31:40.235] Chain head was updated                   number=233 hash=71ba66..8bdf9c root=19e0ec..33c617 elapsed="49.737µs"
WARN [06-01|06:31:40.257] Snapshot generation is not permitted
