WARN [06-02|05:08:57.831] Unknown config environment variable      envvar=GETH_PBT_BIN
WARN [06-02|05:08:57.831] Unknown config environment variable      envvar=GETH_UBT_BIN
INFO [06-02|05:08:57.843] Starting Geth on Ethereum mainnet...
INFO [06-02|05:08:57.845] Maximum peer count                       ETH=0 total=0
INFO [06-02|05:08:57.846] Smartcard socket not found, disabling    err="stat /run/pcscd/pcscd.comm: no such file or directory"
WARN [06-02|05:08:57.851] Option --miner.etherbase is deprecated as the etherbase is set by the consensus client post-merge
INFO [06-02|05:08:57.855] Set global gas cap                       cap=50,000,000
INFO [06-02|05:08:58.641] Using developer account                  address=0xf39Fd6e51aad88F6F4ce6aB8827279cffFb92266
INFO [06-02|05:08:58.678] Using pebble as the backing database
INFO [06-02|05:08:58.678] Allocated cache and file handles         database=/mnt/state_expiry_vol_data/ubt-vs-pbt-dbs/pbt/geth/chaindata cache=2.00GiB handles=262,144
INFO [06-02|05:08:58.906] Opened ancient database                  database=/mnt/state_expiry_vol_data/ubt-vs-pbt-dbs/pbt/geth/chaindata/ancient/chain readonly=true
INFO [06-02|05:08:58.906] Opened Era store                         datadir=/mnt/state_expiry_vol_data/ubt-vs-pbt-dbs/pbt/geth/chaindata/ancient/chain/era
INFO [06-02|05:08:58.913] Initializing the KZG library             backend=gokzg
INFO [06-02|05:08:58.915] Allocated trie memory caches             clean=614.00MiB dirty=1.00GiB
INFO [06-02|05:08:58.925] Using pebble as the backing database
INFO [06-02|05:08:58.925] Allocated cache and file handles         database=/mnt/state_expiry_vol_data/ubt-vs-pbt-dbs/pbt/geth/chaindata cache=2.00GiB handles=262,144
INFO [06-02|05:08:59.145] Opened ancient database                  database=/mnt/state_expiry_vol_data/ubt-vs-pbt-dbs/pbt/geth/chaindata/ancient/chain readonly=false
INFO [06-02|05:08:59.145] Opened Era store                         datadir=/mnt/state_expiry_vol_data/ubt-vs-pbt-dbs/pbt/geth/chaindata/ancient/chain/era
INFO [06-02|05:08:59.153] State scheme set to already existing     scheme=path
INFO [06-02|05:08:59.153] Initialising Ethereum protocol           network=1337 dbversion=9
WARN [06-02|05:08:59.154] Sanitizing invalid node buffer size      provided=1.00GiB updated=256.00MiB
INFO [06-02|05:08:59.155] Load database journal from file          path=/mnt/state_expiry_vol_data/ubt-vs-pbt-dbs/pbt/geth/triedb/verkle.journal
INFO [06-02|05:09:01.064] Opened ancient database                  database=/mnt/state_expiry_vol_data/ubt-vs-pbt-dbs/pbt/geth/chaindata/ancient/state_verkle readonly=false
INFO [06-02|05:09:01.065] State snapshot generator is not compatible
INFO [06-02|05:09:01.066] Initialized path database                triecache=614.00MiB statecache=409.00MiB buffer=256.00MiB state-history="last 90000 blocks" journal-dir=/mnt/state_expiry_vol_data/ubt-vs-pbt-dbs/pbt/geth/triedb verkle=true
INFO [06-02|05:09:01.066] 
INFO [06-02|05:09:01.066] ---------------------------------------------------------------------------------------------------------------------------------------------------------
INFO [06-02|05:09:01.066] Chain ID:  1337 (unknown)
INFO [06-02|05:09:01.066] Consensus: unknown
INFO [06-02|05:09:01.066] 
INFO [06-02|05:09:01.066] Pre-Merge hard forks (block based):
INFO [06-02|05:09:01.066]  - Homestead:                   #0       
INFO [06-02|05:09:01.066]  - Tangerine Whistle (EIP 150): #0       
INFO [06-02|05:09:01.066]  - Spurious Dragon/1 (EIP 155): #0       
INFO [06-02|05:09:01.066]  - Spurious Dragon/2 (EIP 158): #0       
INFO [06-02|05:09:01.066]  - Byzantium:                   #0       
INFO [06-02|05:09:01.066]  - Constantinople:              #0       
INFO [06-02|05:09:01.066]  - Petersburg:                  #0       
INFO [06-02|05:09:01.066]  - Istanbul:                    #0       
INFO [06-02|05:09:01.066]  - Berlin:                      #0       
INFO [06-02|05:09:01.066]  - London:                      #0       
INFO [06-02|05:09:01.066]  - Arrow Glacier:               #0       
INFO [06-02|05:09:01.066]  - Gray Glacier:                #0       
INFO [06-02|05:09:01.066] 
INFO [06-02|05:09:01.066] Merge configured:
INFO [06-02|05:09:01.066]  - Total terminal difficulty:  0
INFO [06-02|05:09:01.066]  - Merge netsplit block:       #0       
INFO [06-02|05:09:01.066] 
INFO [06-02|05:09:01.066] Post-Merge hard forks (timestamp based):
INFO [06-02|05:09:01.066]  - Shanghai:                    @0         
INFO [06-02|05:09:01.066]  - Cancun:                      @0          blob: (target: 3, max: 6, fraction: 3338477)
INFO [06-02|05:09:01.066]  - Prague:                      @0          blob: (target: 6, max: 9, fraction: 5007716)
INFO [06-02|05:09:01.066]  - Osaka:                       @0          blob: (target: 6, max: 9, fraction: 5007716)
INFO [06-02|05:09:01.066]  - UBT:                         @0          blob: (nil)
INFO [06-02|05:09:01.066] 
INFO [06-02|05:09:01.066] All fork specifications can be found at https://ethereum.github.io/execution-specs/src/ethereum/forks/
INFO [06-02|05:09:01.066] 
INFO [06-02|05:09:01.066] ---------------------------------------------------------------------------------------------------------------------------------------------------------
INFO [06-02|05:09:01.066] 
INFO [06-02|05:09:01.068] Loaded most recent local block           number=9675 hash=5b59f4..0706a8 age=7s
INFO [06-02|05:09:01.068] Loaded most recent local finalized block number=9664 hash=00bcfe..5ffcd9 age=28s
INFO [06-02|05:09:01.069] Initialized transaction indexer          range="last 2350000 blocks"
INFO [06-02|05:09:01.069] Initialized log indexer                  firstblock=0 lastblock=9675 firstmap=0 lastmap=0 headindexed=true
INFO [06-02|05:09:01.102] Enabled full-sync                        head=9675 hash=5b59f4..0706a8
INFO [06-02|05:09:01.102] Unprotected transactions allowed
INFO [06-02|05:09:01.102] Gasprice oracle is ignoring threshold set threshold=2
WARN [06-02|05:09:01.102] Unclean shutdown detected                booted=2026-06-02T02:34:44+0000 age=2h34m17s
INFO [06-02|05:09:01.102] Registered sync override service
WARN [06-02|05:09:01.103] You are running Geth in --dev mode. Please note the following:
WARN [06-02|05:09:01.103] 
WARN [06-02|05:09:01.103]   1. This mode is only intended for fast, iterative development without assumptions on
WARN [06-02|05:09:01.103]      security or persistence.
WARN [06-02|05:09:01.103]   2. The database is created in memory unless specified otherwise. Therefore, shutting down
WARN [06-02|05:09:01.103]      your computer or losing power will wipe your entire block data and chain state for
WARN [06-02|05:09:01.103]      your dev environment.
WARN [06-02|05:09:01.103]   3. A random, pre-allocated developer account will be available and unlocked as
WARN [06-02|05:09:01.103]      eth.coinbase, which can be used for testing. The random dev account is temporary,
WARN [06-02|05:09:01.103]      stored on a ramdisk, and will be lost if your machine is restarted.
WARN [06-02|05:09:01.103]   4. Mining is enabled by default. However, the client will only seal blocks if transactions
WARN [06-02|05:09:01.103]      are pending in the mempool. The miner's minimum accepted gas price is 1.
WARN [06-02|05:09:01.103]   5. Networking is disabled; there is no listen-address, the maximum number of peers is set
WARN [06-02|05:09:01.103]      to 0, and discovery is disabled.
WARN [06-02|05:09:01.103] 
INFO [06-02|05:09:01.103] Starting peer-to-peer node               instance=Geth/v1.17.3-unstable/linux-amd64/go1.24.9
WARN [06-02|05:09:01.103] P2P server will be useless, neither dialing nor listening
INFO [06-02|05:09:01.124] IPC endpoint opened                      url=/mnt/state_expiry_vol_data/ubt-vs-pbt-dbs/pbt/geth.ipc
ERROR[06-02|05:09:01.124] Unavailable modules in HTTP API list     unavailable=[personal] available="[admin debug web3 eth txpool miner net dev testing]"
INFO [06-02|05:09:01.124] New local node record                    seq=1,780,292,695,504 id=972c5cc0b2a1895c ip=127.0.0.1 udp=0 tcp=0
INFO [06-02|05:09:01.124] Started P2P networking                   self=enode://16ec6c0bde109d66472afe00ec8fee3d30718d830d1acf0829842abca89b82afff8a454636cde3b26d700f98647938c6f23e7bee3027caca0d7f19e4b3725e13@127.0.0.1:0
INFO [06-02|05:09:01.124] HTTP server started                      endpoint=127.0.0.1:8545 auth=false prefix= cors= vhosts=localhost
INFO [06-02|05:09:01.124] WebSocket enabled                        url=ws://127.0.0.1:8546
INFO [06-02|05:09:02.036] Loaded local transaction journal         transactions=7616 dropped=0
INFO [06-02|05:09:02.255] Started log indexer
INFO [06-02|05:09:02.294] Starting work on payload                 id=0x0397946950311224
INFO [06-02|05:09:02.297] Updated payload                          id=0x0397946950311224 number=9676 hash=e095c3..3110ce txs=0 withdrawals=0 gas=0 fees=0 root=6d3325..f1ecbe elapsed=2.542ms
INFO [06-02|05:09:02.299] Stopping work on payload                 id=0x0397946950311224 reason=delivery
WARN [06-02|05:09:02.326] {"level":"warn","msg":"Slow block","block":{"number":9676,"hash":"0xe095c3c86790eda63473569a74134a9a9c0a2b621734ae95e7ba5bba9e3110ce","gas_used":0,"tx_count":0},"timing":{"execution_ms":0.064915,"state_read_ms":27.438995,"state_hash_ms":0.004111,"commit_ms":0.327686,"total_ms":28.123696},"throughput":{"mgas_per_sec":0},"state_reads":{"accounts":4,"storage_slots":0,"code":0,"code_bytes":0},"state_writes":{"accounts":0,"accounts_deleted":0,"storage_slots":0,"storage_slots_deleted":0,"code":0,"code_bytes":0},"cache":{"account":{"hits":0,"misses":4,"hit_rate":0},"storage":{"hits":0,"misses":0,"hit_rate":0},"code":{"hits":0,"misses":0,"hit_rate":0,"hit_bytes":0,"miss_bytes":0}}}
INFO [06-02|05:09:02.326] Imported new potential chain segment     number=9676 hash=e095c3..3110ce blocks=1 txs=0 mgas=0.000 elapsed=28.677ms mgasps=0.000 triediffs=1.32MiB triedirty=121.02MiB
INFO [06-02|05:09:02.326] Chain head was updated                   number=9676 hash=e095c3..3110ce root=6d3325..f1ecbe elapsed="91.483µs"
INFO [06-02|05:09:03.343] Starting work on payload                 id=0x038530f7cc8b1189
INFO [06-02|05:09:03.346] Updated payload                          id=0x038530f7cc8b1189 number=9677 hash=8cc5d7..423864 txs=0 withdrawals=0 gas=0 fees=0 root=6d3325..f1ecbe elapsed=2.823ms
INFO [06-02|05:09:03.349] Stopping work on payload                 id=0x038530f7cc8b1189 reason=delivery
WARN [06-02|05:09:03.366] {"level":"warn","msg":"Slow block","block":{"number":9677,"hash":"0x8cc5d79c06f79c66b79720ac403e8bce23323217b9b560c8bcff30ba0d423864","gas_used":0,"tx_count":0},"timing":{"execution_ms":0.056918,"state_read_ms":18.617785,"state_hash_ms":0.005409,"commit_ms":0.13247,"total_ms":19.537734},"throughput":{"mgas_per_sec":0},"state_reads":{"accounts":4,"storage_slots":0,"code":0,"code_bytes":0},"state_writes":{"accounts":0,"accounts_deleted":0,"storage_slots":0,"storage_slots_deleted":0,"code":0,"code_bytes":0},"cache":{"account":{"hits":0,"misses":4,"hit_rate":0},"storage":{"hits":0,"misses":0,"hit_rate":0},"code":{"hits":0,"misses":0,"hit_rate":0,"hit_bytes":0,"miss_bytes":0}}}
INFO [06-02|05:09:03.366] Imported new potential chain segment     number=9677 hash=8cc5d7..423864 blocks=1 txs=0 mgas=0.000 elapsed=19.773ms   mgasps=0.000 triediffs=1.32MiB triedirty=121.02MiB
INFO [06-02|05:09:03.366] Chain head was updated                   number=9677 hash=8cc5d7..423864 root=6d3325..f1ecbe elapsed="54.482µs"
INFO [06-02|05:09:04.467] Starting work on payload                 id=0x037006d13fb37296
INFO [06-02|05:09:04.523] Updated payload                          id=0x037006d13fb37296 number=9678 hash=54d8a7..02c0a0 txs=0 withdrawals=0 gas=0 fees=0 root=6d3325..f1ecbe elapsed=56.071ms
INFO [06-02|05:09:04.524] Stopping work on payload                 id=0x037006d13fb37296 reason=delivery
WARN [06-02|05:09:04.571] {"level":"warn","msg":"Slow block","block":{"number":9678,"hash":"0x54d8a7d3d6f54a742134393596a7205b0df070e6f1907816837fa5bf9802c0a0","gas_used":0,"tx_count":0},"timing":{"execution_ms":0.054425,"state_read_ms":46.360387,"state_hash_ms":0.00319,"commit_ms":0.156674,"total_ms":46.808959},"throughput":{"mgas_per_sec":0},"state_reads":{"accounts":4,"storage_slots":0,"code":0,"code_bytes":0},"state_writes":{"accounts":0,"accounts_deleted":0,"storage_slots":0,"storage_slots_deleted":0,"code":0,"code_bytes":0},"cache":{"account":{"hits":0,"misses":4,"hit_rate":0},"storage":{"hits":0,"misses":0,"hit_rate":0},"code":{"hits":0,"misses":0,"hit_rate":0,"hit_bytes":0,"miss_bytes":0}}}
INFO [06-02|05:09:04.571] Imported new potential chain segment     number=9678 hash=54d8a7..02c0a0 blocks=1 txs=0 mgas=0.000 elapsed=47.052ms   mgasps=0.000 triediffs=1.32MiB triedirty=121.02MiB
INFO [06-02|05:09:04.571] Chain head was updated                   number=9678 hash=54d8a7..02c0a0 root=6d3325..f1ecbe elapsed="68.5µs"
INFO [06-02|05:09:05.588] Starting work on payload                 id=0x03dade676dfcf839
INFO [06-02|05:09:05.634] Updated payload                          id=0x03dade676dfcf839 number=9679 hash=5178eb..94388b txs=0 withdrawals=0 gas=0 fees=0 root=6d3325..f1ecbe elapsed=46.009ms
INFO [06-02|05:09:05.635] Stopping work on payload                 id=0x03dade676dfcf839 reason=delivery
WARN [06-02|05:09:05.641] {"level":"warn","msg":"Slow block","block":{"number":9679,"hash":"0x5178eb54dbb51f4ce1e79d4f60c712c0ca3487a4591e442e605b2756e694388b","gas_used":0,"tx_count":0},"timing":{"execution_ms":0.046606,"state_read_ms":5.89025,"state_hash_ms":0.002572,"commit_ms":0.15815,"total_ms":6.338256},"throughput":{"mgas_per_sec":0},"state_reads":{"accounts":4,"storage_slots":0,"code":0,"code_bytes":0},"state_writes":{"accounts":0,"accounts_deleted":0,"storage_slots":0,"storage_slots_deleted":0,"code":0,"code_bytes":0},"cache":{"account":{"hits":0,"misses":4,"hit_rate":0},"storage":{"hits":0,"misses":0,"hit_rate":0},"code":{"hits":0,"misses":0,"hit_rate":0,"hit_bytes":0,"miss_bytes":0}}}
INFO [06-02|05:09:05.641] Imported new potential chain segment     number=9679 hash=5178eb..94388b blocks=1 txs=0 mgas=0.000 elapsed=6.643ms    mgasps=0.000 triediffs=1.32MiB triedirty=121.02MiB
INFO [06-02|05:09:05.641] Chain head was updated                   number=9679 hash=5178eb..94388b root=6d3325..f1ecbe elapsed="58.255µs"
INFO [06-02|05:09:06.425] Submitted contract creation              hash=0xc916ac4be5d87692d2a7f1cdb799f18e2ec314d81512bc22b98401f94fa6456a from=0xf39Fd6e51aad88F6F4ce6aB8827279cffFb92266 nonce=2637 contract=0xA01094a9397659FC396C35B0a1a7bE3bDAb98E00 value=0
INFO [06-02|05:09:06.426] Submitted transaction                    hash=0xf749dc34afed2279113ec0f38770dcd392b25d15b73c64deb41c49a0f2624dd9 from=0xf39Fd6e51aad88F6F4ce6aB8827279cffFb92266 nonce=2638 recipient=0x7F6F2D31C1538F182336Ad6493C67Beb62233E92 value=208,000,000
INFO [06-02|05:09:06.645] Starting work on payload                 id=0x031a5ea6f31e23eb
INFO [06-02|05:09:06.720] Updated payload                          id=0x031a5ea6f31e23eb number=9680 hash=ce7332..231cb9 txs=2 withdrawals=0 gas=86852 fees=5.21112e-13 root=f5ed38..4602fb elapsed=74.131ms
INFO [06-02|05:09:06.723] Stopping work on payload                 id=0x031a5ea6f31e23eb reason=delivery
WARN [06-02|05:09:06.764] {"level":"warn","msg":"Slow block","block":{"number":9680,"hash":"0xce73328ac2a82597b4371c70367a13bb11cb2edf5c3e514dfd5ca06607231cb9","gas_used":86852,"tx_count":2},"timing":{"execution_ms":0.444961,"state_read_ms":1.194819,"state_hash_ms":0.702112,"commit_ms":5.083314,"total_ms":43.959877},"throughput":{"mgas_per_sec":1.9757107145681958},"state_reads":{"accounts":11,"storage_slots":0,"code":0,"code_bytes":0},"state_writes":{"accounts":3,"accounts_deleted":0,"storage_slots":0,"storage_slots_deleted":0,"code":1,"code_bytes":157},"cache":{"account":{"hits":4,"misses":7,"hit_rate":36.36363636363637},"storage":{"hits":0,"misses":0,"hit_rate":0},"code":{"hits":0,"misses":0,"hit_rate":0,"hit_bytes":0,"miss_bytes":0}}}
INFO [06-02|05:09:06.764] Imported new potential chain segment     number=9680 hash=ce7332..231cb9 blocks=1 txs=2 mgas=0.087 elapsed=44.219ms   mgasps=1.964 triediffs=1.32MiB triedirty=121.02MiB
INFO [06-02|05:09:06.765] Chain head was updated                   number=9680 hash=ce7332..231cb9 root=f5ed38..4602fb elapsed="151.454µs"
INFO [06-02|05:09:07.439] Submitted transaction                    hash=0x21e15b13ebd1b42d583261394f87f504602647bb562eeb72342de95978bb6fb9 from=0x7F6F2D31C1538F182336Ad6493C67Beb62233E92 nonce=0    recipient=0xA01094a9397659FC396C35B0a1a7bE3bDAb98E00 value=0
INFO [06-02|05:09:07.766] Starting work on payload                 id=0x030f9b5d3ee84d61
INFO [06-02|05:09:08.035] Updated payload                          id=0x030f9b5d3ee84d61 number=9681 hash=69d2e1..d811b1 txs=1 withdrawals=0 gas=15,900,303 fees=9.5401818e-11 root=def9c4..9ae270 elapsed=269.273ms
INFO [06-02|05:09:08.036] Stopping work on payload                 id=0x030f9b5d3ee84d61 reason=delivery
WARN [06-02|05:09:08.300] {"level":"warn","msg":"Slow block","block":{"number":9681,"hash":"0x69d2e10a9976c9a5bce5568a28a2dade95c2116026aa8eb96a8adad27cd811b1","gas_used":15900303,"tx_count":1},"timing":{"execution_ms":236.322646,"state_read_ms":21.469628,"state_hash_ms":2.720689,"commit_ms":1.165337,"total_ms":262.232582},"throughput":{"mgas_per_sec":60.63435320939638},"state_reads":{"accounts":407,"storage_slots":702,"code":401,"code_bytes":11357},"state_writes":{"accounts":2,"accounts_deleted":0,"storage_slots":0,"storage_slots_deleted":0,"code":0,"code_bytes":0},"cache":{"account":{"hits":285,"misses":122,"hit_rate":70.02457002457002},"storage":{"hits":467,"misses":235,"hit_rate":66.52421652421653},"code":{"hits":401,"misses":0,"hit_rate":100,"hit_bytes":11357,"miss_bytes":0}}}
INFO [06-02|05:09:08.300] Imported new potential chain segment     number=9681 hash=69d2e1..d811b1 blocks=1 txs=1 mgas=15.900 elapsed=263.950ms   mgasps=60.240 triediffs=1.32MiB triedirty=121.02MiB
INFO [06-02|05:09:08.301] Chain head was updated                   number=9681 hash=69d2e1..d811b1 root=def9c4..9ae270 elapsed="254.452µs"
INFO [06-02|05:09:08.456] Submitted transaction                    hash=0xe8c57f89e1cd0f09795931866170ef29a698972b2993bc183b7e407b3dacd5bd from=0x7F6F2D31C1538F182336Ad6493C67Beb62233E92 nonce=1    recipient=0xf39Fd6e51aad88F6F4ce6aB8827279cffFb92266 value=1,044,061
INFO [06-02|05:09:09.310] Starting work on payload                 id=0x033939450e3d3d9a
INFO [06-02|05:09:09.380] Updated payload                          id=0x033939450e3d3d9a number=9682 hash=aca10f..58bb2e txs=1 withdrawals=0 gas=21000      fees=2.1e-14       root=db63fd..915e52 elapsed=70.467ms
INFO [06-02|05:09:09.381] Stopping work on payload                 id=0x033939450e3d3d9a reason=delivery
WARN [06-02|05:09:09.387] {"level":"warn","msg":"Slow block","block":{"number":9682,"hash":"0xaca10f7f9dba355c00ed6f42561c5606608310734411d120090fbd608658bb2e","gas_used":21000,"tx_count":1},"timing":{"execution_ms":0.058113,"state_read_ms":2.646098,"state_hash_ms":2.653741,"commit_ms":0.573718,"total_ms":6.123132},"throughput":{"mgas_per_sec":3.4296173918837614},"state_reads":{"accounts":6,"storage_slots":0,"code":0,"code_bytes":0},"state_writes":{"accounts":2,"accounts_deleted":0,"storage_slots":0,"storage_slots_deleted":0,"code":0,"code_bytes":0},"cache":{"account":{"hits":2,"misses":4,"hit_rate":33.33333333333333},"storage":{"hits":0,"misses":0,"hit_rate":0},"code":{"hits":0,"misses":0,"hit_rate":0,"hit_bytes":0,"miss_bytes":0}}}
INFO [06-02|05:09:09.387] Imported new potential chain segment     number=9682 hash=aca10f..58bb2e blocks=1 txs=1 mgas=0.021  elapsed=6.256ms     mgasps=3.357  triediffs=1.31MiB triedirty=121.02MiB
INFO [06-02|05:09:09.387] Chain head was updated                   number=9682 hash=aca10f..58bb2e root=db63fd..915e52 elapsed="72.642µs"
