WARN [06-01|06:37:21.863] Unknown config environment variable      envvar=GETH_PBT_BIN
WARN [06-01|06:37:21.863] Unknown config environment variable      envvar=GETH_UBT_BIN
INFO [06-01|06:37:21.874] Starting Geth on Ethereum mainnet...
INFO [06-01|06:37:21.876] Maximum peer count                       ETH=0 total=0
INFO [06-01|06:37:21.877] Smartcard socket not found, disabling    err="stat /run/pcscd/pcscd.comm: no such file or directory"
WARN [06-01|06:37:21.881] Option --miner.etherbase is deprecated as the etherbase is set by the consensus client post-merge
WARN [06-01|06:37:21.883] Snap sync requested, resetting --cache.snapshot
INFO [06-01|06:37:21.883] Set global gas cap                       cap=50,000,000
INFO [06-01|06:37:22.666] Using developer account                  address=0xf39Fd6e51aad88F6F4ce6aB8827279cffFb92266
INFO [06-01|06:37:22.703] Using pebble as the backing database
INFO [06-01|06:37:22.703] Allocated cache and file handles         database=/mnt/state_expiry_vol_data/ubt-vs-pbt-dbs/pbt/geth/chaindata cache=16.00MiB handles=262,144
INFO [06-01|06:37:22.895] Opened ancient database                  database=/mnt/state_expiry_vol_data/ubt-vs-pbt-dbs/pbt/geth/chaindata/ancient/chain readonly=true
INFO [06-01|06:37:22.895] Opened Era store                         datadir=/mnt/state_expiry_vol_data/ubt-vs-pbt-dbs/pbt/geth/chaindata/ancient/chain/era
INFO [06-01|06:37:22.900] Initializing the KZG library             backend=gokzg
INFO [06-01|06:37:22.901] Allocated trie memory caches             clean=0.00B dirty=0.00B
INFO [06-01|06:37:22.910] Using pebble as the backing database
INFO [06-01|06:37:22.910] Allocated cache and file handles         database=/mnt/state_expiry_vol_data/ubt-vs-pbt-dbs/pbt/geth/chaindata cache=16.00MiB handles=262,144
INFO [06-01|06:37:23.072] Opened ancient database                  database=/mnt/state_expiry_vol_data/ubt-vs-pbt-dbs/pbt/geth/chaindata/ancient/chain readonly=false
INFO [06-01|06:37:23.072] Opened Era store                         datadir=/mnt/state_expiry_vol_data/ubt-vs-pbt-dbs/pbt/geth/chaindata/ancient/chain/era
INFO [06-01|06:37:23.077] State scheme set to already existing     scheme=path
INFO [06-01|06:37:23.077] Initialising Ethereum protocol           network=1337 dbversion=9
INFO [06-01|06:37:23.078] Load database journal from file          path=/mnt/state_expiry_vol_data/ubt-vs-pbt-dbs/pbt/geth/triedb/verkle.journal
INFO [06-01|06:37:23.118] Opened ancient database                  database=/mnt/state_expiry_vol_data/ubt-vs-pbt-dbs/pbt/geth/chaindata/ancient/state_verkle readonly=false
INFO [06-01|06:37:23.120] State snapshot generator is not compatible
INFO [06-01|06:37:23.120] Initialized path database                triecache=0.00B statecache=0.00B buffer=0.00B state-history="last 90000 blocks" journal-dir=/mnt/state_expiry_vol_data/ubt-vs-pbt-dbs/pbt/geth/triedb verkle=true
INFO [06-01|06:37:23.120] 
INFO [06-01|06:37:23.120] ---------------------------------------------------------------------------------------------------------------------------------------------------------
INFO [06-01|06:37:23.120] Chain ID:  1337 (unknown)
INFO [06-01|06:37:23.120] Consensus: unknown
INFO [06-01|06:37:23.120] 
INFO [06-01|06:37:23.120] Pre-Merge hard forks (block based):
INFO [06-01|06:37:23.120]  - Homestead:                   #0       
INFO [06-01|06:37:23.120]  - Tangerine Whistle (EIP 150): #0       
INFO [06-01|06:37:23.120]  - Spurious Dragon/1 (EIP 155): #0       
INFO [06-01|06:37:23.120]  - Spurious Dragon/2 (EIP 158): #0       
INFO [06-01|06:37:23.120]  - Byzantium:                   #0       
INFO [06-01|06:37:23.120]  - Constantinople:              #0       
INFO [06-01|06:37:23.120]  - Petersburg:                  #0       
INFO [06-01|06:37:23.120]  - Istanbul:                    #0       
INFO [06-01|06:37:23.120]  - Berlin:                      #0       
INFO [06-01|06:37:23.120]  - London:                      #0       
INFO [06-01|06:37:23.120]  - Arrow Glacier:               #0       
INFO [06-01|06:37:23.120]  - Gray Glacier:                #0       
INFO [06-01|06:37:23.120] 
INFO [06-01|06:37:23.120] Merge configured:
INFO [06-01|06:37:23.120]  - Total terminal difficulty:  0
INFO [06-01|06:37:23.120]  - Merge netsplit block:       #0       
INFO [06-01|06:37:23.120] 
INFO [06-01|06:37:23.120] Post-Merge hard forks (timestamp based):
INFO [06-01|06:37:23.120]  - Shanghai:                    @0         
INFO [06-01|06:37:23.120]  - Cancun:                      @0          blob: (target: 3, max: 6, fraction: 3338477)
INFO [06-01|06:37:23.120]  - Prague:                      @0          blob: (target: 6, max: 9, fraction: 5007716)
INFO [06-01|06:37:23.120]  - Osaka:                       @0          blob: (target: 6, max: 9, fraction: 5007716)
INFO [06-01|06:37:23.120]  - UBT:                         @0          blob: (nil)
INFO [06-01|06:37:23.120] 
INFO [06-01|06:37:23.120] All fork specifications can be found at https://ethereum.github.io/execution-specs/src/ethereum/forks/
INFO [06-01|06:37:23.120] 
INFO [06-01|06:37:23.120] ---------------------------------------------------------------------------------------------------------------------------------------------------------
INFO [06-01|06:37:23.120] 
INFO [06-01|06:37:23.121] Loaded most recent local block           number=455 hash=5f9e82..2bead4 age=3s
INFO [06-01|06:37:23.121] Loaded most recent local finalized block number=448 hash=226357..a615b0 age=14s
INFO [06-01|06:37:23.122] Initialized transaction indexer          range="last 2350000 blocks"
INFO [06-01|06:37:23.122] Initialized log indexer                  firstblock=0 lastblock=455 firstmap=0 lastmap=0 headindexed=true
INFO [06-01|06:37:23.138] Enabled full-sync                        head=455 hash=5f9e82..2bead4
INFO [06-01|06:37:23.138] Unprotected transactions allowed
INFO [06-01|06:37:23.138] Gasprice oracle is ignoring threshold set threshold=2
INFO [06-01|06:37:23.139] Registered sync override service
WARN [06-01|06:37:23.139] You are running Geth in --dev mode. Please note the following:
WARN [06-01|06:37:23.139] 
WARN [06-01|06:37:23.139]   1. This mode is only intended for fast, iterative development without assumptions on
WARN [06-01|06:37:23.139]      security or persistence.
WARN [06-01|06:37:23.139]   2. The database is created in memory unless specified otherwise. Therefore, shutting down
WARN [06-01|06:37:23.139]      your computer or losing power will wipe your entire block data and chain state for
WARN [06-01|06:37:23.139]      your dev environment.
WARN [06-01|06:37:23.139]   3. A random, pre-allocated developer account will be available and unlocked as
WARN [06-01|06:37:23.139]      eth.coinbase, which can be used for testing. The random dev account is temporary,
WARN [06-01|06:37:23.139]      stored on a ramdisk, and will be lost if your machine is restarted.
WARN [06-01|06:37:23.139]   4. Mining is enabled by default. However, the client will only seal blocks if transactions
WARN [06-01|06:37:23.139]      are pending in the mempool. The miner's minimum accepted gas price is 1.
WARN [06-01|06:37:23.139]   5. Networking is disabled; there is no listen-address, the maximum number of peers is set
WARN [06-01|06:37:23.139]      to 0, and discovery is disabled.
WARN [06-01|06:37:23.139] 
INFO [06-01|06:37:23.139] Starting peer-to-peer node               instance=Geth/v1.17.3-unstable/linux-amd64/go1.24.9
WARN [06-01|06:37:23.139] P2P server will be useless, neither dialing nor listening
INFO [06-01|06:37:23.171] IPC endpoint opened                      url=/mnt/state_expiry_vol_data/ubt-vs-pbt-dbs/pbt/geth.ipc
ERROR[06-01|06:37:23.171] Unavailable modules in HTTP API list     unavailable=[personal] available="[admin debug web3 eth txpool miner net dev testing]"
INFO [06-01|06:37:23.171] New local node record                    seq=1,780,292,694,234 id=972c5cc0b2a1895c ip=127.0.0.1 udp=0 tcp=0
INFO [06-01|06:37:23.172] Started P2P networking                   self=enode://16ec6c0bde109d66472afe00ec8fee3d30718d830d1acf0829842abca89b82afff8a454636cde3b26d700f98647938c6f23e7bee3027caca0d7f19e4b3725e13@127.0.0.1:0
INFO [06-01|06:37:23.172] HTTP server started                      endpoint=127.0.0.1:8545 auth=false prefix= cors= vhosts=localhost
INFO [06-01|06:37:23.172] WebSocket enabled                        url=ws://127.0.0.1:8546
INFO [06-01|06:37:23.235] Loaded local transaction journal         transactions=713 dropped=0
INFO [06-01|06:37:24.184] Started log indexer
INFO [06-01|06:37:24.225] Starting work on payload                 id=0x03d3c98493835cc8
INFO [06-01|06:37:24.228] Updated payload                          id=0x03d3c98493835cc8 number=456 hash=22acc0..24a00e txs=0 withdrawals=0 gas=0 fees=0 root=cd8d97..bf1c6c elapsed=3.167ms
INFO [06-01|06:37:24.228] Stopping work on payload                 id=0x03d3c98493835cc8 reason=delivery
WARN [06-01|06:37:24.232] {"level":"warn","msg":"Slow block","block":{"number":456,"hash":"0x22acc0b45f5bdbd6a353caa2b9ae21b98fb9b65ef4098addbcd3455fcc24a00e","gas_used":0,"tx_count":0},"timing":{"execution_ms":0.046234,"state_read_ms":3.16859,"state_hash_ms":0.159081,"commit_ms":0.37705,"total_ms":3.974269},"throughput":{"mgas_per_sec":0},"state_reads":{"accounts":4,"storage_slots":0,"code":0,"code_bytes":0},"state_writes":{"accounts":0,"accounts_deleted":0,"storage_slots":0,"storage_slots_deleted":0,"code":0,"code_bytes":0},"cache":{"account":{"hits":0,"misses":4,"hit_rate":0},"storage":{"hits":0,"misses":0,"hit_rate":0},"code":{"hits":0,"misses":0,"hit_rate":0,"hit_bytes":0,"miss_bytes":0}}}
INFO [06-01|06:37:24.233] Imported new potential chain segment     number=456 hash=22acc0..24a00e blocks=1 txs=0 mgas=0.000 elapsed=4.335ms mgasps=0.000 triediffs=1.34MiB triedirty=0.00B
INFO [06-01|06:37:24.233] Chain head was updated                   number=456 hash=22acc0..24a00e root=cd8d97..bf1c6c elapsed="78.469µs"
INFO [06-01|06:37:25.245] Starting work on payload                 id=0x0342148b19d9c4b7
INFO [06-01|06:37:25.249] Updated payload                          id=0x0342148b19d9c4b7 number=457 hash=9fc24e..ad142a txs=0 withdrawals=0 gas=0 fees=0 root=cd8d97..bf1c6c elapsed=3.780ms
INFO [06-01|06:37:25.249] Stopping work on payload                 id=0x0342148b19d9c4b7 reason=delivery
WARN [06-01|06:37:25.255] {"level":"warn","msg":"Slow block","block":{"number":457,"hash":"0x9fc24e66af0ee80616adf31f548e4ca3e9102754fab79e7ea4f6081454ad142a","gas_used":0,"tx_count":0},"timing":{"execution_ms":0.023568,"state_read_ms":4.421798,"state_hash_ms":0.163844,"commit_ms":0.301856,"total_ms":5.043472},"throughput":{"mgas_per_sec":0},"state_reads":{"accounts":4,"storage_slots":0,"code":0,"code_bytes":0},"state_writes":{"accounts":0,"accounts_deleted":0,"storage_slots":0,"storage_slots_deleted":0,"code":0,"code_bytes":0},"cache":{"account":{"hits":0,"misses":4,"hit_rate":0},"storage":{"hits":0,"misses":0,"hit_rate":0},"code":{"hits":0,"misses":0,"hit_rate":0,"hit_bytes":0,"miss_bytes":0}}}
INFO [06-01|06:37:25.255] Imported new potential chain segment     number=457 hash=9fc24e..ad142a blocks=1 txs=0 mgas=0.000 elapsed=5.233ms    mgasps=0.000 triediffs=1.34MiB triedirty=0.00B
INFO [06-01|06:37:25.255] Chain head was updated                   number=457 hash=9fc24e..ad142a root=cd8d97..bf1c6c elapsed="74.558µs"
INFO [06-01|06:37:26.268] Starting work on payload                 id=0x0387ffc7a0b5ca50
INFO [06-01|06:37:26.280] Updated payload                          id=0x0387ffc7a0b5ca50 number=458 hash=8f8129..0bd890 txs=0 withdrawals=0 gas=0 fees=0 root=cd8d97..bf1c6c elapsed=12.706ms
INFO [06-01|06:37:26.281] Stopping work on payload                 id=0x0387ffc7a0b5ca50 reason=delivery
WARN [06-01|06:37:26.296] {"level":"warn","msg":"Slow block","block":{"number":458,"hash":"0x8f8129a6c4ded97d1d867b3ef2bf39136fada71cb823d4d045b7a7e9980bd890","gas_used":0,"tx_count":0},"timing":{"execution_ms":0.031814,"state_read_ms":14.18234,"state_hash_ms":0.136241,"commit_ms":0.291392,"total_ms":14.834251},"throughput":{"mgas_per_sec":0},"state_reads":{"accounts":4,"storage_slots":0,"code":0,"code_bytes":0},"state_writes":{"accounts":0,"accounts_deleted":0,"storage_slots":0,"storage_slots_deleted":0,"code":0,"code_bytes":0},"cache":{"account":{"hits":0,"misses":4,"hit_rate":0},"storage":{"hits":0,"misses":0,"hit_rate":0},"code":{"hits":0,"misses":0,"hit_rate":0,"hit_bytes":0,"miss_bytes":0}}}
INFO [06-01|06:37:26.296] Imported new potential chain segment     number=458 hash=8f8129..0bd890 blocks=1 txs=0 mgas=0.000 elapsed=14.980ms   mgasps=0.000 triediffs=1.34MiB triedirty=0.00B
INFO [06-01|06:37:26.296] Chain head was updated                   number=458 hash=8f8129..0bd890 root=cd8d97..bf1c6c elapsed="76.352µs"
INFO [06-01|06:37:26.648] Submitted contract creation              hash=0xe86ef54a29936c0fc0e7cc0a344d9351178197f682b86b82b6c0a4cba51c040b from=0xf39Fd6e51aad88F6F4ce6aB8827279cffFb92266 nonce=101 contract=0x5067457698Fd6Fa1C6964e416b3f42713513B3dD value=0
INFO [06-01|06:37:26.648] Submitted transaction                    hash=0x639d2ad4e04c4c98575a6d5aa6b11e836db53b57c21088575f30bc1d5d3a99f1 from=0xf39Fd6e51aad88F6F4ce6aB8827279cffFb92266 nonce=102 recipient=0x66abA45872c0f350eb2De23D386CDA9CF22Ea671 value=78,000,000
INFO [06-01|06:37:27.309] Starting work on payload                 id=0x033aa5eaaff3316c
INFO [06-01|06:37:27.360] Updated payload                          id=0x033aa5eaaff3316c number=459 hash=816c08..57a6dc txs=2 withdrawals=0 gas=86852 fees=5.21112e-13 root=6be7d7..c2e37f elapsed=50.424ms
INFO [06-01|06:37:27.360] Stopping work on payload                 id=0x033aa5eaaff3316c reason=delivery
INFO [06-01|06:37:27.408] Paused snapshot generation
WARN [06-01|06:37:27.409] {"level":"warn","msg":"Slow block","block":{"number":459,"hash":"0x816c0898c2a434f2178c1fd9aea3fc0feea19b07d3030a3e8a484449d457a6dc","gas_used":86852,"tx_count":2},"timing":{"execution_ms":0.094317,"state_read_ms":15.072614,"state_hash_ms":27.123336,"commit_ms":6.482252,"total_ms":48.93333},"throughput":{"mgas_per_sec":1.7749047530589068},"state_reads":{"accounts":11,"storage_slots":0,"code":0,"code_bytes":0},"state_writes":{"accounts":3,"accounts_deleted":0,"storage_slots":0,"storage_slots_deleted":0,"code":1,"code_bytes":157},"cache":{"account":{"hits":6,"misses":5,"hit_rate":54.54545454545454},"storage":{"hits":0,"misses":0,"hit_rate":0},"code":{"hits":0,"misses":0,"hit_rate":0,"hit_bytes":0,"miss_bytes":0}}}
INFO [06-01|06:37:27.409] Imported new potential chain segment     number=459 hash=816c08..57a6dc blocks=1 txs=2 mgas=0.087 elapsed=49.136ms   mgasps=1.768 triediffs=1.35MiB triedirty=0.00B
INFO [06-01|06:37:27.410] Chain head was updated                   number=459 hash=816c08..57a6dc root=6be7d7..c2e37f elapsed="183.992µs"
WARN [06-01|06:37:27.428] Snapshot generation is not permitted
INFO [06-01|06:37:27.661] Submitted transaction                    hash=0xb119bea501c9ef7b42c65ba66e504be02fc83ccb7267085c45af79d901c73c1c from=0x66abA45872c0f350eb2De23D386CDA9CF22Ea671 nonce=0   recipient=0x5067457698Fd6Fa1C6964e416b3f42713513B3dD value=0
INFO [06-01|06:37:28.415] Starting work on payload                 id=0x0341961f36b5a382
INFO [06-01|06:37:28.594] Updated payload                          id=0x0341961f36b5a382 number=460 hash=ff3d8a..9a18b8 txs=1 withdrawals=0 gas=5,900,228 fees=3.5401368e-11 root=80aa74..45640d elapsed=178.818ms
INFO [06-01|06:37:28.594] Stopping work on payload                 id=0x0341961f36b5a382 reason=delivery
INFO [06-01|06:37:28.743] Paused snapshot generation
WARN [06-01|06:37:28.743] {"level":"warn","msg":"Slow block","block":{"number":460,"hash":"0xff3d8ad075c1adaec705bbe9d70a1d67e44cdb36967233041804fa30919a18b8","gas_used":5900228,"tx_count":1},"timing":{"execution_ms":100.664649,"state_read_ms":6.515002,"state_hash_ms":14.694596,"commit_ms":26.931623,"total_ms":148.993716},"throughput":{"mgas_per_sec":39.60051576940332},"state_reads":{"accounts":107,"storage_slots":258,"code":101,"code_bytes":2957},"state_writes":{"accounts":2,"accounts_deleted":0,"storage_slots":0,"storage_slots_deleted":0,"code":0,"code_bytes":0},"cache":{"account":{"hits":33,"misses":74,"hit_rate":30.8411214953271},"storage":{"hits":86,"misses":172,"hit_rate":33.33333333333333},"code":{"hits":101,"misses":0,"hit_rate":100,"hit_bytes":2957,"miss_bytes":0}}}
INFO [06-01|06:37:28.743] Imported new potential chain segment     number=460 hash=ff3d8a..9a18b8 blocks=1 txs=1 mgas=5.900 elapsed=149.233ms   mgasps=39.537 triediffs=1.35MiB triedirty=0.00B
INFO [06-01|06:37:28.744] Chain head was updated                   number=460 hash=ff3d8a..9a18b8 root=80aa74..45640d elapsed="143.402µs"
WARN [06-01|06:37:28.764] Snapshot generation is not permitted
INFO [06-01|06:37:29.677] Submitted transaction                    hash=0x062d72f1d3c9a8f3c3edb7a5a5a5a6f8935730fe54335d83bb8174b26b059186 from=0x66abA45872c0f350eb2De23D386CDA9CF22Ea671 nonce=1   recipient=0xf39Fd6e51aad88F6F4ce6aB8827279cffFb92266 value=1,045,036
INFO [06-01|06:37:29.748] Starting work on payload                 id=0x039160295fc434c4
INFO [06-01|06:37:29.755] Updated payload                          id=0x039160295fc434c4 number=461 hash=55e1fd..ac084a txs=1 withdrawals=0 gas=21000     fees=2.1e-14       root=25a4e0..a35520 elapsed=6.242ms
INFO [06-01|06:37:29.755] Stopping work on payload                 id=0x039160295fc434c4 reason=delivery
INFO [06-01|06:37:29.776] Paused snapshot generation
WARN [06-01|06:37:29.776] {"level":"warn","msg":"Slow block","block":{"number":461,"hash":"0x55e1fdd2843b71a938340dc9106fe3c716c4fb8ca18c11e0bc74859d28ac084a","gas_used":21000,"tx_count":1},"timing":{"execution_ms":0.091154,"state_read_ms":10.128898,"state_hash_ms":7.75723,"commit_ms":2.758136,"total_ms":21.200661},"throughput":{"mgas_per_sec":0.9905351535973336},"state_reads":{"accounts":6,"storage_slots":0,"code":0,"code_bytes":0},"state_writes":{"accounts":2,"accounts_deleted":0,"storage_slots":0,"storage_slots_deleted":0,"code":0,"code_bytes":0},"cache":{"account":{"hits":0,"misses":6,"hit_rate":0},"storage":{"hits":0,"misses":0,"hit_rate":0},"code":{"hits":0,"misses":0,"hit_rate":0,"hit_bytes":0,"miss_bytes":0}}}
INFO [06-01|06:37:29.776] Imported new potential chain segment     number=461 hash=55e1fd..ac084a blocks=1 txs=1 mgas=0.021 elapsed=21.335ms    mgasps=0.984  triediffs=1.34MiB triedirty=0.00B
INFO [06-01|06:37:29.776] Chain head was updated                   number=461 hash=55e1fd..ac084a root=25a4e0..a35520 elapsed="45.467µs"
WARN [06-01|06:37:29.800] Snapshot generation is not permitted
INFO [06-01|06:37:30.782] Starting work on payload                 id=0x03062e9eb8642c70
INFO [06-01|06:37:30.785] Updated payload                          id=0x03062e9eb8642c70 number=462 hash=006142..0bdb09 txs=0 withdrawals=0 gas=0         fees=0             root=25a4e0..a35520 elapsed=3.060ms
INFO [06-01|06:37:30.785] Stopping work on payload                 id=0x03062e9eb8642c70 reason=delivery
WARN [06-01|06:37:30.790] {"level":"warn","msg":"Slow block","block":{"number":462,"hash":"0x006142544501d0127bf84099e93af99bf214035f6e25cc3ed0e7b2a3510bdb09","gas_used":0,"tx_count":0},"timing":{"execution_ms":0.025832,"state_read_ms":3.020602,"state_hash_ms":0.386686,"commit_ms":0.654815,"total_ms":4.388237},"throughput":{"mgas_per_sec":0},"state_reads":{"accounts":4,"storage_slots":0,"code":0,"code_bytes":0},"state_writes":{"accounts":0,"accounts_deleted":0,"storage_slots":0,"storage_slots_deleted":0,"code":0,"code_bytes":0},"cache":{"account":{"hits":0,"misses":4,"hit_rate":0},"storage":{"hits":0,"misses":0,"hit_rate":0},"code":{"hits":0,"misses":0,"hit_rate":0,"hit_bytes":0,"miss_bytes":0}}}
INFO [06-01|06:37:30.790] Imported new potential chain segment     number=462 hash=006142..0bdb09 blocks=1 txs=0 mgas=0.000 elapsed=4.505ms     mgasps=0.000  triediffs=1.34MiB triedirty=0.00B
INFO [06-01|06:37:30.790] Chain head was updated                   number=462 hash=006142..0bdb09 root=25a4e0..a35520 elapsed="46.22µs"
