WARN [06-01|07:05:45.203] Unknown config environment variable      envvar=GETH_PBT_BIN
WARN [06-01|07:05:45.203] Unknown config environment variable      envvar=GETH_UBT_BIN
INFO [06-01|07:05:45.213] Starting Geth on Ethereum mainnet...
INFO [06-01|07:05:45.216] Maximum peer count                       ETH=0 total=0
INFO [06-01|07:05:45.217] Smartcard socket not found, disabling    err="stat /run/pcscd/pcscd.comm: no such file or directory"
WARN [06-01|07:05:45.222] Option --miner.etherbase is deprecated as the etherbase is set by the consensus client post-merge
WARN [06-01|07:05:45.223] Snap sync requested, resetting --cache.snapshot
INFO [06-01|07:05:45.224] Set global gas cap                       cap=50,000,000
INFO [06-01|07:05:46.011] Using developer account                  address=0xf39Fd6e51aad88F6F4ce6aB8827279cffFb92266
INFO [06-01|07:05:46.048] Using pebble as the backing database
INFO [06-01|07:05:46.048] Allocated cache and file handles         database=/mnt/state_expiry_vol_data/ubt-vs-pbt-dbs/pbt/geth/chaindata cache=16.00MiB handles=262,144
INFO [06-01|07:05:46.241] Opened ancient database                  database=/mnt/state_expiry_vol_data/ubt-vs-pbt-dbs/pbt/geth/chaindata/ancient/chain readonly=true
INFO [06-01|07:05:46.241] Opened Era store                         datadir=/mnt/state_expiry_vol_data/ubt-vs-pbt-dbs/pbt/geth/chaindata/ancient/chain/era
INFO [06-01|07:05:46.248] Initializing the KZG library             backend=gokzg
INFO [06-01|07:05:46.249] Allocated trie memory caches             clean=0.00B dirty=0.00B
INFO [06-01|07:05:46.259] Using pebble as the backing database
INFO [06-01|07:05:46.259] Allocated cache and file handles         database=/mnt/state_expiry_vol_data/ubt-vs-pbt-dbs/pbt/geth/chaindata cache=16.00MiB handles=262,144
INFO [06-01|07:05:46.484] Opened ancient database                  database=/mnt/state_expiry_vol_data/ubt-vs-pbt-dbs/pbt/geth/chaindata/ancient/chain readonly=false
INFO [06-01|07:05:46.484] Opened Era store                         datadir=/mnt/state_expiry_vol_data/ubt-vs-pbt-dbs/pbt/geth/chaindata/ancient/chain/era
INFO [06-01|07:05:46.489] State scheme set to already existing     scheme=path
INFO [06-01|07:05:46.489] Initialising Ethereum protocol           network=1337 dbversion=9
INFO [06-01|07:05:46.489] Load database journal from file          path=/mnt/state_expiry_vol_data/ubt-vs-pbt-dbs/pbt/geth/triedb/verkle.journal
INFO [06-01|07:05:46.561] Opened ancient database                  database=/mnt/state_expiry_vol_data/ubt-vs-pbt-dbs/pbt/geth/chaindata/ancient/state_verkle readonly=false
INFO [06-01|07:05:46.578] State snapshot generator is not compatible
INFO [06-01|07:05:46.578] Initialized path database                triecache=0.00B statecache=0.00B buffer=0.00B state-history="last 90000 blocks" journal-dir=/mnt/state_expiry_vol_data/ubt-vs-pbt-dbs/pbt/geth/triedb verkle=true
INFO [06-01|07:05:46.578] 
INFO [06-01|07:05:46.579] ---------------------------------------------------------------------------------------------------------------------------------------------------------
INFO [06-01|07:05:46.579] Chain ID:  1337 (unknown)
INFO [06-01|07:05:46.579] Consensus: unknown
INFO [06-01|07:05:46.579] 
INFO [06-01|07:05:46.579] Pre-Merge hard forks (block based):
INFO [06-01|07:05:46.579]  - Homestead:                   #0       
INFO [06-01|07:05:46.579]  - Tangerine Whistle (EIP 150): #0       
INFO [06-01|07:05:46.579]  - Spurious Dragon/1 (EIP 155): #0       
INFO [06-01|07:05:46.579]  - Spurious Dragon/2 (EIP 158): #0       
INFO [06-01|07:05:46.579]  - Byzantium:                   #0       
INFO [06-01|07:05:46.579]  - Constantinople:              #0       
INFO [06-01|07:05:46.579]  - Petersburg:                  #0       
INFO [06-01|07:05:46.579]  - Istanbul:                    #0       
INFO [06-01|07:05:46.579]  - Berlin:                      #0       
INFO [06-01|07:05:46.579]  - London:                      #0       
INFO [06-01|07:05:46.579]  - Arrow Glacier:               #0       
INFO [06-01|07:05:46.579]  - Gray Glacier:                #0       
INFO [06-01|07:05:46.579] 
INFO [06-01|07:05:46.579] Merge configured:
INFO [06-01|07:05:46.579]  - Total terminal difficulty:  0
INFO [06-01|07:05:46.579]  - Merge netsplit block:       #0       
INFO [06-01|07:05:46.579] 
INFO [06-01|07:05:46.579] Post-Merge hard forks (timestamp based):
INFO [06-01|07:05:46.579]  - Shanghai:                    @0         
INFO [06-01|07:05:46.579]  - Cancun:                      @0          blob: (target: 3, max: 6, fraction: 3338477)
INFO [06-01|07:05:46.579]  - Prague:                      @0          blob: (target: 6, max: 9, fraction: 5007716)
INFO [06-01|07:05:46.579]  - Osaka:                       @0          blob: (target: 6, max: 9, fraction: 5007716)
INFO [06-01|07:05:46.579]  - UBT:                         @0          blob: (nil)
INFO [06-01|07:05:46.579] 
INFO [06-01|07:05:46.579] All fork specifications can be found at https://ethereum.github.io/execution-specs/src/ethereum/forks/
INFO [06-01|07:05:46.579] 
INFO [06-01|07:05:46.579] ---------------------------------------------------------------------------------------------------------------------------------------------------------
INFO [06-01|07:05:46.579] 
INFO [06-01|07:05:46.580] Loaded most recent local block           number=1564 hash=239e9c..5e75fc age=3s
INFO [06-01|07:05:46.580] Loaded most recent local finalized block number=1536 hash=79c847..960b46 age=45s
INFO [06-01|07:05:46.581] Initialized transaction indexer          range="last 2350000 blocks"
INFO [06-01|07:05:46.581] Initialized log indexer                  firstblock=0 lastblock=1564 firstmap=0 lastmap=0 headindexed=true
INFO [06-01|07:05:46.599] Enabled full-sync                        head=1564 hash=239e9c..5e75fc
INFO [06-01|07:05:46.600] Unprotected transactions allowed
INFO [06-01|07:05:46.600] Gasprice oracle is ignoring threshold set threshold=2
INFO [06-01|07:05:46.600] Registered sync override service
WARN [06-01|07:05:46.600] You are running Geth in --dev mode. Please note the following:
WARN [06-01|07:05:46.600] 
WARN [06-01|07:05:46.600]   1. This mode is only intended for fast, iterative development without assumptions on
WARN [06-01|07:05:46.600]      security or persistence.
WARN [06-01|07:05:46.600]   2. The database is created in memory unless specified otherwise. Therefore, shutting down
WARN [06-01|07:05:46.600]      your computer or losing power will wipe your entire block data and chain state for
WARN [06-01|07:05:46.600]      your dev environment.
WARN [06-01|07:05:46.600]   3. A random, pre-allocated developer account will be available and unlocked as
WARN [06-01|07:05:46.600]      eth.coinbase, which can be used for testing. The random dev account is temporary,
WARN [06-01|07:05:46.600]      stored on a ramdisk, and will be lost if your machine is restarted.
WARN [06-01|07:05:46.600]   4. Mining is enabled by default. However, the client will only seal blocks if transactions
WARN [06-01|07:05:46.600]      are pending in the mempool. The miner's minimum accepted gas price is 1.
WARN [06-01|07:05:46.600]   5. Networking is disabled; there is no listen-address, the maximum number of peers is set
WARN [06-01|07:05:46.600]      to 0, and discovery is disabled.
WARN [06-01|07:05:46.600] 
INFO [06-01|07:05:46.600] Starting peer-to-peer node               instance=Geth/v1.17.3-unstable/linux-amd64/go1.24.9
WARN [06-01|07:05:46.600] P2P server will be useless, neither dialing nor listening
INFO [06-01|07:05:46.627] IPC endpoint opened                      url=/mnt/state_expiry_vol_data/ubt-vs-pbt-dbs/pbt/geth.ipc
ERROR[06-01|07:05:46.627] Unavailable modules in HTTP API list     unavailable=[personal] available="[admin debug web3 eth txpool miner net dev testing]"
INFO [06-01|07:05:46.628] New local node record                    seq=1,780,292,694,405 id=972c5cc0b2a1895c ip=127.0.0.1 udp=0 tcp=0
INFO [06-01|07:05:46.628] Started P2P networking                   self=enode://16ec6c0bde109d66472afe00ec8fee3d30718d830d1acf0829842abca89b82afff8a454636cde3b26d700f98647938c6f23e7bee3027caca0d7f19e4b3725e13@127.0.0.1:0
INFO [06-01|07:05:46.628] HTTP server started                      endpoint=127.0.0.1:8545 auth=false prefix= cors= vhosts=localhost
INFO [06-01|07:05:46.628] WebSocket enabled                        url=ws://127.0.0.1:8546
INFO [06-01|07:05:46.748] Loaded local transaction journal         transactions=1397 dropped=0
INFO [06-01|07:05:47.618] Started log indexer
INFO [06-01|07:05:47.656] Starting work on payload                 id=0x03ef4a8b48ff18b9
INFO [06-01|07:05:47.660] Updated payload                          id=0x03ef4a8b48ff18b9 number=1565 hash=4f1f29..0de7ad txs=0 withdrawals=0 gas=0 fees=0 root=5b3bc9..14ee33 elapsed=4.059ms
INFO [06-01|07:05:47.660] Stopping work on payload                 id=0x03ef4a8b48ff18b9 reason=delivery
WARN [06-01|07:05:47.665] {"level":"warn","msg":"Slow block","block":{"number":1565,"hash":"0x4f1f294f5aa28918b8a785ad9573f26628642d23bb2008cbce11d6ecfa0de7ad","gas_used":0,"tx_count":0},"timing":{"execution_ms":0.052598,"state_read_ms":3.311425,"state_hash_ms":0.183045,"commit_ms":0.450604,"total_ms":4.276831},"throughput":{"mgas_per_sec":0},"state_reads":{"accounts":4,"storage_slots":0,"code":0,"code_bytes":0},"state_writes":{"accounts":0,"accounts_deleted":0,"storage_slots":0,"storage_slots_deleted":0,"code":0,"code_bytes":0},"cache":{"account":{"hits":0,"misses":4,"hit_rate":0},"storage":{"hits":0,"misses":0,"hit_rate":0},"code":{"hits":0,"misses":0,"hit_rate":0,"hit_bytes":0,"miss_bytes":0}}}
INFO [06-01|07:05:47.665] Imported new potential chain segment     number=1565 hash=4f1f29..0de7ad blocks=1 txs=0 mgas=0.000 elapsed=4.620ms mgasps=0.000 triediffs=3.80MiB triedirty=0.00B
INFO [06-01|07:05:47.665] Chain head was updated                   number=1565 hash=4f1f29..0de7ad root=5b3bc9..14ee33 elapsed="83.99µs"
INFO [06-01|07:05:48.671] Starting work on payload                 id=0x03fb9724bdd0cd88
INFO [06-01|07:05:48.679] Updated payload                          id=0x03fb9724bdd0cd88 number=1566 hash=dba6c0..13130d txs=0 withdrawals=0 gas=0 fees=0 root=5b3bc9..14ee33 elapsed=7.649ms
INFO [06-01|07:05:48.679] Stopping work on payload                 id=0x03fb9724bdd0cd88 reason=delivery
WARN [06-01|07:05:48.685] {"level":"warn","msg":"Slow block","block":{"number":1566,"hash":"0xdba6c082e07855bdc413dc44233d00f28b5aa990254397104b1daa979613130d","gas_used":0,"tx_count":0},"timing":{"execution_ms":0.039455,"state_read_ms":4.5983,"state_hash_ms":0.14196,"commit_ms":0.261882,"total_ms":5.417271},"throughput":{"mgas_per_sec":0},"state_reads":{"accounts":4,"storage_slots":0,"code":0,"code_bytes":0},"state_writes":{"accounts":0,"accounts_deleted":0,"storage_slots":0,"storage_slots_deleted":0,"code":0,"code_bytes":0},"cache":{"account":{"hits":0,"misses":4,"hit_rate":0},"storage":{"hits":0,"misses":0,"hit_rate":0},"code":{"hits":0,"misses":0,"hit_rate":0,"hit_bytes":0,"miss_bytes":0}}}
INFO [06-01|07:05:48.685] Imported new potential chain segment     number=1566 hash=dba6c0..13130d blocks=1 txs=0 mgas=0.000 elapsed=5.655ms   mgasps=0.000 triediffs=3.80MiB triedirty=0.00B
INFO [06-01|07:05:48.685] Chain head was updated                   number=1566 hash=dba6c0..13130d root=5b3bc9..14ee33 elapsed="41.987µs"
INFO [06-01|07:05:49.692] Starting work on payload                 id=0x03007566fa06f83f
INFO [06-01|07:05:49.709] Updated payload                          id=0x03007566fa06f83f number=1567 hash=c1cbe9..16714b txs=0 withdrawals=0 gas=0 fees=0 root=5b3bc9..14ee33 elapsed=16.258ms
INFO [06-01|07:05:49.710] Stopping work on payload                 id=0x03007566fa06f83f reason=delivery
WARN [06-01|07:05:49.712] {"level":"warn","msg":"Slow block","block":{"number":1567,"hash":"0xc1cbe960ae9c4f86673ba64555205c3972ac3d187dfb9be63e68aafbb416714b","gas_used":0,"tx_count":0},"timing":{"execution_ms":0.031474,"state_read_ms":2.773899,"state_hash_ms":0.074765,"commit_ms":0.236211,"total_ms":3.276223},"throughput":{"mgas_per_sec":0},"state_reads":{"accounts":4,"storage_slots":0,"code":0,"code_bytes":0},"state_writes":{"accounts":0,"accounts_deleted":0,"storage_slots":0,"storage_slots_deleted":0,"code":0,"code_bytes":0},"cache":{"account":{"hits":0,"misses":4,"hit_rate":0},"storage":{"hits":0,"misses":0,"hit_rate":0},"code":{"hits":0,"misses":0,"hit_rate":0,"hit_bytes":0,"miss_bytes":0}}}
INFO [06-01|07:05:49.712] Imported new potential chain segment     number=1567 hash=c1cbe9..16714b blocks=1 txs=0 mgas=0.000 elapsed=3.436ms    mgasps=0.000 triediffs=3.80MiB triedirty=0.00B
INFO [06-01|07:05:49.713] Chain head was updated                   number=1567 hash=c1cbe9..16714b root=5b3bc9..14ee33 elapsed="33.429µs"
INFO [06-01|07:05:49.988] Submitted contract creation              hash=0x41904fdffb5e9499e698c5d44b2f1860461ddfab29d0a3bcdd5abef5b910df4d from=0xf39Fd6e51aad88F6F4ce6aB8827279cffFb92266 nonce=443 contract=0x3949c97925e5Aa13e34ddb18EAbf0B70ABB0C7d4 value=0
INFO [06-01|07:05:49.988] Submitted transaction                    hash=0x69cd7e66c0d7937b64d59f9fb8aa56a81429f38c03c80f3d7955ce46c40051ab from=0xf39Fd6e51aad88F6F4ce6aB8827279cffFb92266 nonce=444 recipient=0x71956d791209a7D02E9dFCd82922738801f95358 value=78,000,000
INFO [06-01|07:05:50.719] Starting work on payload                 id=0x03886e05afa73a81
INFO [06-01|07:05:50.780] Updated payload                          id=0x03886e05afa73a81 number=1568 hash=27baee..cf23b6 txs=2 withdrawals=0 gas=91698 fees=5.50188e-13 root=60707d..9f4f82 elapsed=61.076ms
INFO [06-01|07:05:50.780] Stopping work on payload                 id=0x03886e05afa73a81 reason=delivery
INFO [06-01|07:05:50.846] Paused snapshot generation
WARN [06-01|07:05:50.846] {"level":"warn","msg":"Slow block","block":{"number":1568,"hash":"0x27baee4f2152cd27e13f8941dfbe82bf08102c05b8a38ecc66d873c523cf23b6","gas_used":91698,"tx_count":2},"timing":{"execution_ms":0.143033,"state_read_ms":15.475408,"state_hash_ms":27.933395,"commit_ms":22.037952,"total_ms":65.834456},"throughput":{"mgas_per_sec":1.3928572600341682},"state_reads":{"accounts":11,"storage_slots":0,"code":0,"code_bytes":0},"state_writes":{"accounts":3,"accounts_deleted":0,"storage_slots":0,"storage_slots_deleted":0,"code":1,"code_bytes":305},"cache":{"account":{"hits":5,"misses":6,"hit_rate":45.45454545454545},"storage":{"hits":0,"misses":0,"hit_rate":0},"code":{"hits":0,"misses":0,"hit_rate":0,"hit_bytes":0,"miss_bytes":0}}}
INFO [06-01|07:05:50.846] Imported new potential chain segment     number=1568 hash=27baee..cf23b6 blocks=1 txs=2 mgas=0.092 elapsed=66.046ms   mgasps=1.388 triediffs=3.78MiB triedirty=0.00B
INFO [06-01|07:05:50.846] Chain head was updated                   number=1568 hash=27baee..cf23b6 root=60707d..9f4f82 elapsed="166.269µs"
WARN [06-01|07:05:50.867] Snapshot generation is not permitted
INFO [06-01|07:05:51.001] Submitted transaction                    hash=0xedf60cb9b5930fe5606560b0eb06e74104a6ab23663a83bf9a53661f1f26296d from=0x71956d791209a7D02E9dFCd82922738801f95358 nonce=0   recipient=0x3949c97925e5Aa13e34ddb18EAbf0B70ABB0C7d4 value=0
INFO [06-01|07:05:51.858] Starting work on payload                 id=0x03d55e866ed3098d
INFO [06-01|07:05:52.023] Updated payload                          id=0x03d55e866ed3098d number=1569 hash=06bfcd..5244ac txs=1 withdrawals=0 gas=5,919,240 fees=3.551544e-11 root=a7b557..ecd51d elapsed=165.042ms
INFO [06-01|07:05:52.023] Stopping work on payload                 id=0x03d55e866ed3098d reason=delivery
INFO [06-01|07:05:52.126] Paused snapshot generation
WARN [06-01|07:05:52.128] {"level":"warn","msg":"Slow block","block":{"number":1569,"hash":"0x06bfcdce9937c338b96c49df792f3117392b35ccaa183f35c4313413be5244ac","gas_used":5919240,"tx_count":1},"timing":{"execution_ms":38.309681,"state_read_ms":20.164377,"state_hash_ms":35.263359,"commit_ms":10.131235,"total_ms":104.402289},"throughput":{"mgas_per_sec":56.696458063290166},"state_reads":{"accounts":263,"storage_slots":814,"code":257,"code_bytes":7473},"state_writes":{"accounts":47,"accounts_deleted":0,"storage_slots":72,"storage_slots_deleted":0,"code":0,"code_bytes":0},"cache":{"account":{"hits":128,"misses":135,"hit_rate":48.669201520912544},"storage":{"hits":209,"misses":605,"hit_rate":25.675675675675674},"code":{"hits":257,"misses":0,"hit_rate":100,"hit_bytes":7473,"miss_bytes":0}}}
INFO [06-01|07:05:52.128] Imported new potential chain segment     number=1569 hash=06bfcd..5244ac blocks=1 txs=1 mgas=5.919 elapsed=104.686ms   mgasps=56.543 triediffs=4.13MiB triedirty=0.00B
INFO [06-01|07:05:52.128] Chain head was updated                   number=1569 hash=06bfcd..5244ac root=a7b557..ecd51d elapsed="140.945µs"
WARN [06-01|07:05:52.151] Snapshot generation is not permitted
INFO [06-01|07:05:53.020] Submitted transaction                    hash=0x6ae19142e3b87b3cab58363de99d5f486b32db8360ee38901e47fa2e2906e041 from=0x71956d791209a7D02E9dFCd82922738801f95358 nonce=1   recipient=0xf39Fd6e51aad88F6F4ce6aB8827279cffFb92266 value=797,880
INFO [06-01|07:05:53.138] Starting work on payload                 id=0x036f57fa88b577bc
INFO [06-01|07:05:53.146] Updated payload                          id=0x036f57fa88b577bc number=1570 hash=651d2e..0c3c84 txs=1 withdrawals=0 gas=21000     fees=2.1e-14      root=a79aa3..66ea6f elapsed=8.700ms
INFO [06-01|07:05:53.147] Stopping work on payload                 id=0x036f57fa88b577bc reason=delivery
INFO [06-01|07:05:53.165] Paused snapshot generation
WARN [06-01|07:05:53.165] {"level":"warn","msg":"Slow block","block":{"number":1570,"hash":"0x651d2ec414370b617b7a5e87a0f6dbc94fe598bdf79903cc073f757cc70c3c84","gas_used":21000,"tx_count":1},"timing":{"execution_ms":0.064977,"state_read_ms":10.188966,"state_hash_ms":4.685759,"commit_ms":2.904446,"total_ms":18.000853},"throughput":{"mgas_per_sec":1.1666113822494968},"state_reads":{"accounts":6,"storage_slots":0,"code":0,"code_bytes":0},"state_writes":{"accounts":2,"accounts_deleted":0,"storage_slots":0,"storage_slots_deleted":0,"code":0,"code_bytes":0},"cache":{"account":{"hits":2,"misses":4,"hit_rate":33.33333333333333},"storage":{"hits":0,"misses":0,"hit_rate":0},"code":{"hits":0,"misses":0,"hit_rate":0,"hit_bytes":0,"miss_bytes":0}}}
INFO [06-01|07:05:53.165] Imported new potential chain segment     number=1570 hash=651d2e..0c3c84 blocks=1 txs=1 mgas=0.021 elapsed=18.145ms    mgasps=1.157  triediffs=4.12MiB triedirty=0.00B
INFO [06-01|07:05:53.165] Chain head was updated                   number=1570 hash=651d2e..0c3c84 root=a79aa3..66ea6f elapsed="72.081µs"
WARN [06-01|07:05:53.185] Snapshot generation is not permitted
INFO [06-01|07:05:54.174] Starting work on payload                 id=0x0383606797861667
INFO [06-01|07:05:54.190] Updated payload                          id=0x0383606797861667 number=1571 hash=46a54c..df8a4e txs=0 withdrawals=0 gas=0         fees=0            root=a79aa3..66ea6f elapsed=15.143ms
INFO [06-01|07:05:54.190] Stopping work on payload                 id=0x0383606797861667 reason=delivery
WARN [06-01|07:05:54.193] {"level":"warn","msg":"Slow block","block":{"number":1571,"hash":"0x46a54c0fe2624ebea781db377863616a5db2579e70631ce5e1a6defb98df8a4e","gas_used":0,"tx_count":0},"timing":{"execution_ms":0.030456,"state_read_ms":2.587009,"state_hash_ms":0.120868,"commit_ms":0.250792,"total_ms":3.144641},"throughput":{"mgas_per_sec":0},"state_reads":{"accounts":4,"storage_slots":0,"code":0,"code_bytes":0},"state_writes":{"accounts":0,"accounts_deleted":0,"storage_slots":0,"storage_slots_deleted":0,"code":0,"code_bytes":0},"cache":{"account":{"hits":0,"misses":4,"hit_rate":0},"storage":{"hits":0,"misses":0,"hit_rate":0},"code":{"hits":0,"misses":0,"hit_rate":0,"hit_bytes":0,"miss_bytes":0}}}
INFO [06-01|07:05:54.193] Imported new potential chain segment     number=1571 hash=46a54c..df8a4e blocks=1 txs=0 mgas=0.000 elapsed=3.263ms     mgasps=0.000  triediffs=4.12MiB triedirty=0.00B
INFO [06-01|07:05:54.193] Chain head was updated                   number=1571 hash=46a54c..df8a4e root=a79aa3..66ea6f elapsed="51.674µs"
