WARN [06-01|16:40:09.323] Unknown config environment variable      envvar=GETH_PBT_BIN
WARN [06-01|16:40:09.323] Unknown config environment variable      envvar=GETH_UBT_BIN
INFO [06-01|16:40:09.334] Starting Geth on Ethereum mainnet...
INFO [06-01|16:40:09.336] Maximum peer count                       ETH=0 total=0
INFO [06-01|16:40:09.337] Smartcard socket not found, disabling    err="stat /run/pcscd/pcscd.comm: no such file or directory"
WARN [06-01|16:40:09.340] Option --miner.etherbase is deprecated as the etherbase is set by the consensus client post-merge
INFO [06-01|16:40:09.343] Set global gas cap                       cap=50,000,000
INFO [06-01|16:40:10.175] Using developer account                  address=0xf39Fd6e51aad88F6F4ce6aB8827279cffFb92266
INFO [06-01|16:40:10.216] Using pebble as the backing database
INFO [06-01|16:40:10.216] Allocated cache and file handles         database=/mnt/state_expiry_vol_data/ubt-vs-pbt-dbs/ubt/geth/chaindata cache=2.00GiB handles=262,144
INFO [06-01|16:40:10.446] Opened ancient database                  database=/mnt/state_expiry_vol_data/ubt-vs-pbt-dbs/ubt/geth/chaindata/ancient/chain readonly=true
INFO [06-01|16:40:10.446] Opened Era store                         datadir=/mnt/state_expiry_vol_data/ubt-vs-pbt-dbs/ubt/geth/chaindata/ancient/chain/era
INFO [06-01|16:40:10.453] Initializing the KZG library             backend=gokzg
INFO [06-01|16:40:10.454] Allocated trie memory caches             clean=614.00MiB dirty=1.00GiB
INFO [06-01|16:40:10.464] Using pebble as the backing database
INFO [06-01|16:40:10.464] Allocated cache and file handles         database=/mnt/state_expiry_vol_data/ubt-vs-pbt-dbs/ubt/geth/chaindata cache=2.00GiB handles=262,144
INFO [06-01|16:40:10.699] Opened ancient database                  database=/mnt/state_expiry_vol_data/ubt-vs-pbt-dbs/ubt/geth/chaindata/ancient/chain readonly=false
INFO [06-01|16:40:10.699] Opened Era store                         datadir=/mnt/state_expiry_vol_data/ubt-vs-pbt-dbs/ubt/geth/chaindata/ancient/chain/era
INFO [06-01|16:40:10.706] State scheme set to already existing     scheme=path
INFO [06-01|16:40:10.706] Initialising Ethereum protocol           network=1337 dbversion=9
WARN [06-01|16:40:10.706] Sanitizing invalid node buffer size      provided=1.00GiB updated=256.00MiB
INFO [06-01|16:40:10.706] Load database journal from file          path=/mnt/state_expiry_vol_data/ubt-vs-pbt-dbs/ubt/geth/triedb/verkle.journal
INFO [06-01|16:40:11.099] Opened ancient database                  database=/mnt/state_expiry_vol_data/ubt-vs-pbt-dbs/ubt/geth/chaindata/ancient/state_verkle readonly=false
INFO [06-01|16:40:11.101] State snapshot generator is not compatible
INFO [06-01|16:40:11.101] Initialized path database                triecache=614.00MiB statecache=409.00MiB buffer=256.00MiB state-history="last 90000 blocks" journal-dir=/mnt/state_expiry_vol_data/ubt-vs-pbt-dbs/ubt/geth/triedb verkle=true
INFO [06-01|16:40:11.101] 
INFO [06-01|16:40:11.101] ---------------------------------------------------------------------------------------------------------------------------------------------------------
INFO [06-01|16:40:11.101] Chain ID:  1337 (unknown)
INFO [06-01|16:40:11.101] Consensus: unknown
INFO [06-01|16:40:11.101] 
INFO [06-01|16:40:11.101] Pre-Merge hard forks (block based):
INFO [06-01|16:40:11.101]  - Homestead:                   #0       
INFO [06-01|16:40:11.101]  - Tangerine Whistle (EIP 150): #0       
INFO [06-01|16:40:11.101]  - Spurious Dragon/1 (EIP 155): #0       
INFO [06-01|16:40:11.101]  - Spurious Dragon/2 (EIP 158): #0       
INFO [06-01|16:40:11.101]  - Byzantium:                   #0       
INFO [06-01|16:40:11.101]  - Constantinople:              #0       
INFO [06-01|16:40:11.101]  - Petersburg:                  #0       
INFO [06-01|16:40:11.101]  - Istanbul:                    #0       
INFO [06-01|16:40:11.101]  - Berlin:                      #0       
INFO [06-01|16:40:11.101]  - London:                      #0       
INFO [06-01|16:40:11.101]  - Arrow Glacier:               #0       
INFO [06-01|16:40:11.101]  - Gray Glacier:                #0       
INFO [06-01|16:40:11.101] 
INFO [06-01|16:40:11.101] Merge configured:
INFO [06-01|16:40:11.101]  - Total terminal difficulty:  0
INFO [06-01|16:40:11.101]  - Merge netsplit block:       #0       
INFO [06-01|16:40:11.101] 
INFO [06-01|16:40:11.101] Post-Merge hard forks (timestamp based):
INFO [06-01|16:40:11.101]  - Shanghai:                    @0         
INFO [06-01|16:40:11.101]  - Cancun:                      @0          blob: (target: 3, max: 6, fraction: 3338477)
INFO [06-01|16:40:11.101]  - Prague:                      @0          blob: (target: 6, max: 9, fraction: 5007716)
INFO [06-01|16:40:11.101]  - Osaka:                       @0          blob: (target: 6, max: 9, fraction: 5007716)
INFO [06-01|16:40:11.101]  - UBT:                         @0          blob: (nil)
INFO [06-01|16:40:11.101] 
INFO [06-01|16:40:11.101] All fork specifications can be found at https://ethereum.github.io/execution-specs/src/ethereum/forks/
INFO [06-01|16:40:11.101] 
INFO [06-01|16:40:11.101] ---------------------------------------------------------------------------------------------------------------------------------------------------------
INFO [06-01|16:40:11.101] 
INFO [06-01|16:40:11.104] Loaded most recent local block           number=7144 hash=3c8769..1f5e9f age=4s
INFO [06-01|16:40:11.104] Loaded most recent local finalized block number=7136 hash=ffb1c3..6ef999 age=18s
INFO [06-01|16:40:11.105] Initialized transaction indexer          range="last 2350000 blocks"
INFO [06-01|16:40:11.105] Initialized log indexer                  firstblock=0 lastblock=7144 firstmap=0 lastmap=0 headindexed=true
INFO [06-01|16:40:11.126] Enabled full-sync                        head=7144 hash=3c8769..1f5e9f
INFO [06-01|16:40:11.130] Unprotected transactions allowed
INFO [06-01|16:40:11.130] Gasprice oracle is ignoring threshold set threshold=2
INFO [06-01|16:40:11.130] Registered sync override service
WARN [06-01|16:40:11.130] You are running Geth in --dev mode. Please note the following:
WARN [06-01|16:40:11.130] 
WARN [06-01|16:40:11.130]   1. This mode is only intended for fast, iterative development without assumptions on
WARN [06-01|16:40:11.130]      security or persistence.
WARN [06-01|16:40:11.130]   2. The database is created in memory unless specified otherwise. Therefore, shutting down
WARN [06-01|16:40:11.130]      your computer or losing power will wipe your entire block data and chain state for
WARN [06-01|16:40:11.130]      your dev environment.
WARN [06-01|16:40:11.130]   3. A random, pre-allocated developer account will be available and unlocked as
WARN [06-01|16:40:11.130]      eth.coinbase, which can be used for testing. The random dev account is temporary,
WARN [06-01|16:40:11.130]      stored on a ramdisk, and will be lost if your machine is restarted.
WARN [06-01|16:40:11.130]   4. Mining is enabled by default. However, the client will only seal blocks if transactions
WARN [06-01|16:40:11.130]      are pending in the mempool. The miner's minimum accepted gas price is 1.
WARN [06-01|16:40:11.130]   5. Networking is disabled; there is no listen-address, the maximum number of peers is set
WARN [06-01|16:40:11.130]      to 0, and discovery is disabled.
WARN [06-01|16:40:11.130] 
INFO [06-01|16:40:11.130] Starting peer-to-peer node               instance=Geth/v1.17.3-unstable/linux-amd64/go1.24.9
WARN [06-01|16:40:11.131] P2P server will be useless, neither dialing nor listening
INFO [06-01|16:40:11.149] IPC endpoint opened                      url=/mnt/state_expiry_vol_data/ubt-vs-pbt-dbs/ubt/geth.ipc
ERROR[06-01|16:40:11.149] Unavailable modules in HTTP API list     unavailable=[personal] available="[admin debug web3 eth txpool miner net dev testing]"
INFO [06-01|16:40:11.149] New local node record                    seq=1,780,289,665,139 id=c084d8867e8cc127 ip=127.0.0.1 udp=0 tcp=0
INFO [06-01|16:40:11.149] Started P2P networking                   self=enode://ed0ccbffbfc0dc9f1b0f8e55d585ad3e61215b1974f32d9388e7ae53563e3ebe0172c21d754fa202c3a63f95bef3ff3ea24339ffdabd0115c47ec5b8d33136a9@127.0.0.1:0
INFO [06-01|16:40:11.150] HTTP server started                      endpoint=127.0.0.1:8545 auth=false prefix= cors= vhosts=localhost
INFO [06-01|16:40:11.150] WebSocket enabled                        url=ws://127.0.0.1:8546
INFO [06-01|16:40:11.677] Loaded local transaction journal         transactions=4893 dropped=0
INFO [06-01|16:40:12.332] Started log indexer
INFO [06-01|16:40:12.388] Starting work on payload                 id=0x03fc886c7009ddb3
INFO [06-01|16:40:12.402] Updated payload                          id=0x03fc886c7009ddb3 number=7145 hash=fe8c1e..80cc5a txs=0 withdrawals=0 gas=0 fees=0 root=7178ed..3e60ed elapsed=14.398ms
INFO [06-01|16:40:12.402] Stopping work on payload                 id=0x03fc886c7009ddb3 reason=delivery
WARN [06-01|16:40:12.423] {"level":"warn","msg":"Slow block","block":{"number":7145,"hash":"0xfe8c1e5a89545c98d9ad6ba3657a8c6d941bc1feb11ffcef51d715af5680cc5a","gas_used":0,"tx_count":0},"timing":{"execution_ms":0.035173,"state_read_ms":20.473979,"state_hash_ms":0.002287,"commit_ms":0.155918,"total_ms":20.863632},"throughput":{"mgas_per_sec":0},"state_reads":{"accounts":4,"storage_slots":0,"code":0,"code_bytes":0},"state_writes":{"accounts":0,"accounts_deleted":0,"storage_slots":0,"storage_slots_deleted":0,"code":0,"code_bytes":0},"cache":{"account":{"hits":0,"misses":4,"hit_rate":0},"storage":{"hits":0,"misses":0,"hit_rate":0},"code":{"hits":0,"misses":0,"hit_rate":0,"hit_bytes":0,"miss_bytes":0}}}
INFO [06-01|16:40:12.424] Imported new potential chain segment     number=7145 hash=fe8c1e..80cc5a blocks=1 txs=0 mgas=0.000 elapsed=21.129ms mgasps=0.000 triediffs=13.16MiB triedirty=19.05MiB
INFO [06-01|16:40:12.424] Chain head was updated                   number=7145 hash=fe8c1e..80cc5a root=7178ed..3e60ed elapsed="58.317µs"
INFO [06-01|16:40:13.431] Starting work on payload                 id=0x0383602f9256f6ac
INFO [06-01|16:40:13.445] Updated payload                          id=0x0383602f9256f6ac number=7146 hash=30ef01..165db9 txs=0 withdrawals=0 gas=0 fees=0 root=7178ed..3e60ed elapsed=13.515ms
INFO [06-01|16:40:13.445] Stopping work on payload                 id=0x0383602f9256f6ac reason=delivery
WARN [06-01|16:40:13.457] {"level":"warn","msg":"Slow block","block":{"number":7146,"hash":"0x30ef01528eb157b8e47836779b0224e9fe14a42f3f08b61f16aa0f6c6f165db9","gas_used":0,"tx_count":0},"timing":{"execution_ms":0.034261,"state_read_ms":11.496677,"state_hash_ms":0.002341,"commit_ms":0.110434,"total_ms":11.782089},"throughput":{"mgas_per_sec":0},"state_reads":{"accounts":4,"storage_slots":0,"code":0,"code_bytes":0},"state_writes":{"accounts":0,"accounts_deleted":0,"storage_slots":0,"storage_slots_deleted":0,"code":0,"code_bytes":0},"cache":{"account":{"hits":0,"misses":4,"hit_rate":0},"storage":{"hits":0,"misses":0,"hit_rate":0},"code":{"hits":0,"misses":0,"hit_rate":0,"hit_bytes":0,"miss_bytes":0}}}
INFO [06-01|16:40:13.457] Imported new potential chain segment     number=7146 hash=30ef01..165db9 blocks=1 txs=0 mgas=0.000 elapsed=11.951ms   mgasps=0.000 triediffs=13.16MiB triedirty=19.05MiB
INFO [06-01|16:40:13.457] Chain head was updated                   number=7146 hash=30ef01..165db9 root=7178ed..3e60ed elapsed="42.471µs"
INFO [06-01|16:40:14.454] Submitted contract creation              hash=0xd60f5a9eec9bbccfd9c4577415431ed3a2467e764a662cdba84fe96a3d387d8c from=0xf39Fd6e51aad88F6F4ce6aB8827279cffFb92266 nonce=2191 contract=0x6dD3a76C466F19Ad8c7D4B1FCf60eCBB288Ad062 value=0
INFO [06-01|16:40:14.454] Submitted transaction                    hash=0xcc5f015f871da45811b8a09e939c35381c40bce38a25493b8119d91e6e2f0c48 from=0xf39Fd6e51aad88F6F4ce6aB8827279cffFb92266 nonce=2192 recipient=0x5ef44Ec88f4adc18B842A7150eCbc904C52328f5 value=78,000,000
INFO [06-01|16:40:14.479] Starting work on payload                 id=0x0330a903db43f1a9
INFO [06-01|16:40:14.516] Updated payload                          id=0x0330a903db43f1a9 number=7147 hash=5a9b86..1c4635 txs=2 withdrawals=0 gas=86938 fees=5.21628e-13 root=888e0f..bf5ebe elapsed=36.640ms
INFO [06-01|16:40:14.516] Stopping work on payload                 id=0x0330a903db43f1a9 reason=delivery
WARN [06-01|16:40:14.554] {"level":"warn","msg":"Slow block","block":{"number":7147,"hash":"0x5a9b867ec8edc6f1714c40999a8be8528fddea64b9947e2429b9df11ea1c4635","gas_used":86938,"tx_count":2},"timing":{"execution_ms":0.195091,"state_read_ms":19.667755,"state_hash_ms":12.424035,"commit_ms":4.763805,"total_ms":37.616134},"throughput":{"mgas_per_sec":2.3111891296431475},"state_reads":{"accounts":11,"storage_slots":0,"code":0,"code_bytes":0},"state_writes":{"accounts":3,"accounts_deleted":0,"storage_slots":0,"storage_slots_deleted":0,"code":1,"code_bytes":165},"cache":{"account":{"hits":4,"misses":7,"hit_rate":36.36363636363637},"storage":{"hits":0,"misses":0,"hit_rate":0},"code":{"hits":0,"misses":0,"hit_rate":0,"hit_bytes":0,"miss_bytes":0}}}
INFO [06-01|16:40:14.554] Imported new potential chain segment     number=7147 hash=5a9b86..1c4635 blocks=1 txs=2 mgas=0.087 elapsed=37.783ms   mgasps=2.301 triediffs=13.11MiB triedirty=19.08MiB
INFO [06-01|16:40:14.555] Chain head was updated                   number=7147 hash=5a9b86..1c4635 root=888e0f..bf5ebe elapsed="156.282µs"
INFO [06-01|16:40:15.470] Submitted transaction                    hash=0xb78b99eb9c6c0044b927a7aaa6ddf77f20b8661e4c6040cb8c7b2604a7ab5eae from=0x5ef44Ec88f4adc18B842A7150eCbc904C52328f5 nonce=0    recipient=0x6dD3a76C466F19Ad8c7D4B1FCf60eCBB288Ad062 value=0
INFO [06-01|16:40:15.577] Starting work on payload                 id=0x033357322ea17780
INFO [06-01|16:40:16.094] Updated payload                          id=0x033357322ea17780 number=7148 hash=5681ee..60527b txs=1 withdrawals=0 gas=5,910,176 fees=3.5461056e-11 root=914f0b..eb1dad elapsed=516.260ms
INFO [06-01|16:40:16.094] Stopping work on payload                 id=0x033357322ea17780 reason=delivery
WARN [06-01|16:40:16.173] {"level":"warn","msg":"Slow block","block":{"number":7148,"hash":"0x5681eec89760463513088e80e710edd9093feb477625c619537dd6157d60527b","gas_used":5910176,"tx_count":1},"timing":{"execution_ms":3.967144,"state_read_ms":22.226133,"state_hash_ms":42.873279,"commit_ms":9.393579,"total_ms":79.052163},"throughput":{"mgas_per_sec":74.76298909113973},"state_reads":{"accounts":100,"storage_slots":241,"code":94,"code_bytes":2769},"state_writes":{"accounts":94,"accounts_deleted":0,"storage_slots":238,"storage_slots_deleted":0,"code":0,"code_bytes":0},"cache":{"account":{"hits":50,"misses":50,"hit_rate":50},"storage":{"hits":88,"misses":153,"hit_rate":36.51452282157676},"code":{"hits":94,"misses":0,"hit_rate":100,"hit_bytes":2769,"miss_bytes":0}}}
INFO [06-01|16:40:16.173] Imported new potential chain segment     number=7148 hash=5681ee..60527b blocks=1 txs=1 mgas=5.910 elapsed=79.261ms    mgasps=74.565 triediffs=13.76MiB triedirty=19.08MiB
INFO [06-01|16:40:16.174] Chain head was updated                   number=7148 hash=5681ee..60527b root=914f0b..eb1dad elapsed="103.606µs"
INFO [06-01|16:40:16.483] Submitted transaction                    hash=0x1069cfda39c38f1fe8f1910ce0182b4c6479127a2ac6642db85cbca7612febed from=0x5ef44Ec88f4adc18B842A7150eCbc904C52328f5 nonce=1    recipient=0xf39Fd6e51aad88F6F4ce6aB8827279cffFb92266 value=915,712
INFO [06-01|16:40:17.191] Starting work on payload                 id=0x0325b2c44a92b43d
INFO [06-01|16:40:17.209] Updated payload                          id=0x0325b2c44a92b43d number=7149 hash=362424..925b0c txs=1 withdrawals=0 gas=21000     fees=2.1e-14       root=d9181f..460512 elapsed=18.246ms
INFO [06-01|16:40:17.210] Stopping work on payload                 id=0x0325b2c44a92b43d reason=delivery
WARN [06-01|16:40:17.237] {"level":"warn","msg":"Slow block","block":{"number":7149,"hash":"0x3624243c17ea93796c29c18b59fd8892e00fe3ee7f3b7e5c94697d71c7925b0c","gas_used":21000,"tx_count":1},"timing":{"execution_ms":0.111437,"state_read_ms":6.96265,"state_hash_ms":0.897838,"commit_ms":0.952375,"total_ms":26.824199},"throughput":{"mgas_per_sec":0.7828751941483881},"state_reads":{"accounts":6,"storage_slots":0,"code":0,"code_bytes":0},"state_writes":{"accounts":2,"accounts_deleted":0,"storage_slots":0,"storage_slots_deleted":0,"code":0,"code_bytes":0},"cache":{"account":{"hits":2,"misses":4,"hit_rate":33.33333333333333},"storage":{"hits":0,"misses":0,"hit_rate":0},"code":{"hits":0,"misses":0,"hit_rate":0,"hit_bytes":0,"miss_bytes":0}}}
INFO [06-01|16:40:17.237] Imported new potential chain segment     number=7149 hash=362424..925b0c blocks=1 txs=1 mgas=0.021 elapsed=27.499ms    mgasps=0.764  triediffs=13.75MiB triedirty=19.09MiB
INFO [06-01|16:40:17.238] Chain head was updated                   number=7149 hash=362424..925b0c root=d9181f..460512 elapsed="102.131µs"
