WARN [06-01|16:56:06.243] Unknown config environment variable      envvar=GETH_PBT_BIN
WARN [06-01|16:56:06.243] Unknown config environment variable      envvar=GETH_UBT_BIN
INFO [06-01|16:56:06.254] Starting Geth on Ethereum mainnet...
INFO [06-01|16:56:06.256] Maximum peer count                       ETH=0 total=0
INFO [06-01|16:56:06.257] Smartcard socket not found, disabling    err="stat /run/pcscd/pcscd.comm: no such file or directory"
WARN [06-01|16:56:06.260] Option --miner.etherbase is deprecated as the etherbase is set by the consensus client post-merge
INFO [06-01|16:56:06.263] Set global gas cap                       cap=50,000,000
INFO [06-01|16:56:07.056] Using developer account                  address=0xf39Fd6e51aad88F6F4ce6aB8827279cffFb92266
INFO [06-01|16:56:07.098] Using pebble as the backing database
INFO [06-01|16:56:07.098] Allocated cache and file handles         database=/mnt/state_expiry_vol_data/ubt-vs-pbt-dbs/ubt/geth/chaindata cache=2.00GiB handles=262,144
INFO [06-01|16:56:07.340] Opened ancient database                  database=/mnt/state_expiry_vol_data/ubt-vs-pbt-dbs/ubt/geth/chaindata/ancient/chain readonly=true
INFO [06-01|16:56:07.340] Opened Era store                         datadir=/mnt/state_expiry_vol_data/ubt-vs-pbt-dbs/ubt/geth/chaindata/ancient/chain/era
INFO [06-01|16:56:07.348] Initializing the KZG library             backend=gokzg
INFO [06-01|16:56:07.350] Allocated trie memory caches             clean=614.00MiB dirty=1.00GiB
INFO [06-01|16:56:07.369] Using pebble as the backing database
INFO [06-01|16:56:07.369] Allocated cache and file handles         database=/mnt/state_expiry_vol_data/ubt-vs-pbt-dbs/ubt/geth/chaindata cache=2.00GiB handles=262,144
INFO [06-01|16:56:07.578] Opened ancient database                  database=/mnt/state_expiry_vol_data/ubt-vs-pbt-dbs/ubt/geth/chaindata/ancient/chain readonly=false
INFO [06-01|16:56:07.578] Opened Era store                         datadir=/mnt/state_expiry_vol_data/ubt-vs-pbt-dbs/ubt/geth/chaindata/ancient/chain/era
INFO [06-01|16:56:07.585] State scheme set to already existing     scheme=path
INFO [06-01|16:56:07.585] Initialising Ethereum protocol           network=1337 dbversion=9
WARN [06-01|16:56:07.585] Sanitizing invalid node buffer size      provided=1.00GiB updated=256.00MiB
INFO [06-01|16:56:07.586] Load database journal from file          path=/mnt/state_expiry_vol_data/ubt-vs-pbt-dbs/ubt/geth/triedb/verkle.journal
INFO [06-01|16:56:08.010] Opened ancient database                  database=/mnt/state_expiry_vol_data/ubt-vs-pbt-dbs/ubt/geth/chaindata/ancient/state_verkle readonly=false
INFO [06-01|16:56:08.012] State snapshot generator is not compatible
INFO [06-01|16:56:08.012] Initialized path database                triecache=614.00MiB statecache=409.00MiB buffer=256.00MiB state-history="last 90000 blocks" journal-dir=/mnt/state_expiry_vol_data/ubt-vs-pbt-dbs/ubt/geth/triedb verkle=true
INFO [06-01|16:56:08.012] 
INFO [06-01|16:56:08.012] ---------------------------------------------------------------------------------------------------------------------------------------------------------
INFO [06-01|16:56:08.013] Chain ID:  1337 (unknown)
INFO [06-01|16:56:08.013] Consensus: unknown
INFO [06-01|16:56:08.013] 
INFO [06-01|16:56:08.013] Pre-Merge hard forks (block based):
INFO [06-01|16:56:08.013]  - Homestead:                   #0       
INFO [06-01|16:56:08.013]  - Tangerine Whistle (EIP 150): #0       
INFO [06-01|16:56:08.013]  - Spurious Dragon/1 (EIP 155): #0       
INFO [06-01|16:56:08.013]  - Spurious Dragon/2 (EIP 158): #0       
INFO [06-01|16:56:08.013]  - Byzantium:                   #0       
INFO [06-01|16:56:08.013]  - Constantinople:              #0       
INFO [06-01|16:56:08.013]  - Petersburg:                  #0       
INFO [06-01|16:56:08.013]  - Istanbul:                    #0       
INFO [06-01|16:56:08.013]  - Berlin:                      #0       
INFO [06-01|16:56:08.013]  - London:                      #0       
INFO [06-01|16:56:08.013]  - Arrow Glacier:               #0       
INFO [06-01|16:56:08.013]  - Gray Glacier:                #0       
INFO [06-01|16:56:08.013] 
INFO [06-01|16:56:08.013] Merge configured:
INFO [06-01|16:56:08.013]  - Total terminal difficulty:  0
INFO [06-01|16:56:08.013]  - Merge netsplit block:       #0       
INFO [06-01|16:56:08.013] 
INFO [06-01|16:56:08.013] Post-Merge hard forks (timestamp based):
INFO [06-01|16:56:08.013]  - Shanghai:                    @0         
INFO [06-01|16:56:08.013]  - Cancun:                      @0          blob: (target: 3, max: 6, fraction: 3338477)
INFO [06-01|16:56:08.013]  - Prague:                      @0          blob: (target: 6, max: 9, fraction: 5007716)
INFO [06-01|16:56:08.013]  - Osaka:                       @0          blob: (target: 6, max: 9, fraction: 5007716)
INFO [06-01|16:56:08.013]  - UBT:                         @0          blob: (nil)
INFO [06-01|16:56:08.013] 
INFO [06-01|16:56:08.013] All fork specifications can be found at https://ethereum.github.io/execution-specs/src/ethereum/forks/
INFO [06-01|16:56:08.013] 
INFO [06-01|16:56:08.013] ---------------------------------------------------------------------------------------------------------------------------------------------------------
INFO [06-01|16:56:08.013] 
INFO [06-01|16:56:08.014] Loaded most recent local block           number=7658 hash=23c082..59e7db age=4s
INFO [06-01|16:56:08.014] Loaded most recent local finalized block number=7648 hash=fb671f..2bd201 age=24s
INFO [06-01|16:56:08.015] Initialized transaction indexer          range="last 2350000 blocks"
INFO [06-01|16:56:08.015] Initialized log indexer                  firstblock=0 lastblock=7658 firstmap=0 lastmap=0 headindexed=true
INFO [06-01|16:56:08.045] Enabled full-sync                        head=7658 hash=23c082..59e7db
INFO [06-01|16:56:08.045] Unprotected transactions allowed
INFO [06-01|16:56:08.045] Gasprice oracle is ignoring threshold set threshold=2
INFO [06-01|16:56:08.046] Registered sync override service
WARN [06-01|16:56:08.046] You are running Geth in --dev mode. Please note the following:
WARN [06-01|16:56:08.046] 
WARN [06-01|16:56:08.046]   1. This mode is only intended for fast, iterative development without assumptions on
WARN [06-01|16:56:08.046]      security or persistence.
WARN [06-01|16:56:08.046]   2. The database is created in memory unless specified otherwise. Therefore, shutting down
WARN [06-01|16:56:08.046]      your computer or losing power will wipe your entire block data and chain state for
WARN [06-01|16:56:08.046]      your dev environment.
WARN [06-01|16:56:08.046]   3. A random, pre-allocated developer account will be available and unlocked as
WARN [06-01|16:56:08.046]      eth.coinbase, which can be used for testing. The random dev account is temporary,
WARN [06-01|16:56:08.046]      stored on a ramdisk, and will be lost if your machine is restarted.
WARN [06-01|16:56:08.046]   4. Mining is enabled by default. However, the client will only seal blocks if transactions
WARN [06-01|16:56:08.046]      are pending in the mempool. The miner's minimum accepted gas price is 1.
WARN [06-01|16:56:08.046]   5. Networking is disabled; there is no listen-address, the maximum number of peers is set
WARN [06-01|16:56:08.046]      to 0, and discovery is disabled.
WARN [06-01|16:56:08.046] 
INFO [06-01|16:56:08.046] Starting peer-to-peer node               instance=Geth/v1.17.3-unstable/linux-amd64/go1.24.9
WARN [06-01|16:56:08.046] P2P server will be useless, neither dialing nor listening
INFO [06-01|16:56:08.066] IPC endpoint opened                      url=/mnt/state_expiry_vol_data/ubt-vs-pbt-dbs/ubt/geth.ipc
ERROR[06-01|16:56:08.066] Unavailable modules in HTTP API list     unavailable=[personal] available="[admin debug web3 eth txpool miner net dev testing]"
INFO [06-01|16:56:08.066] New local node record                    seq=1,780,289,665,233 id=c084d8867e8cc127 ip=127.0.0.1 udp=0 tcp=0
INFO [06-01|16:56:08.066] Started P2P networking                   self=enode://ed0ccbffbfc0dc9f1b0f8e55d585ad3e61215b1974f32d9388e7ae53563e3ebe0172c21d754fa202c3a63f95bef3ff3ea24339ffdabd0115c47ec5b8d33136a9@127.0.0.1:0
INFO [06-01|16:56:08.067] HTTP server started                      endpoint=127.0.0.1:8545 auth=false prefix= cors= vhosts=localhost
INFO [06-01|16:56:08.067] WebSocket enabled                        url=ws://127.0.0.1:8546
INFO [06-01|16:56:08.637] Loaded local transaction journal         transactions=5269 dropped=0
INFO [06-01|16:56:09.288] Started log indexer
INFO [06-01|16:56:09.349] Starting work on payload                 id=0x0381bd12ddd0aab2
INFO [06-01|16:56:09.370] Updated payload                          id=0x0381bd12ddd0aab2 number=7659 hash=c6a1ac..529dca txs=0 withdrawals=0 gas=0 fees=0 root=07eca2..6c9dae elapsed=21.003ms
INFO [06-01|16:56:09.370] Stopping work on payload                 id=0x0381bd12ddd0aab2 reason=delivery
WARN [06-01|16:56:09.389] {"level":"warn","msg":"Slow block","block":{"number":7659,"hash":"0xc6a1ac20ff09d6c13148d22a052eace3970770324459c9f5b006467a16529dca","gas_used":0,"tx_count":0},"timing":{"execution_ms":0.05388,"state_read_ms":18.190987,"state_hash_ms":0.002455,"commit_ms":0.150575,"total_ms":18.742817},"throughput":{"mgas_per_sec":0},"state_reads":{"accounts":4,"storage_slots":0,"code":0,"code_bytes":0},"state_writes":{"accounts":0,"accounts_deleted":0,"storage_slots":0,"storage_slots_deleted":0,"code":0,"code_bytes":0},"cache":{"account":{"hits":0,"misses":4,"hit_rate":0},"storage":{"hits":0,"misses":0,"hit_rate":0},"code":{"hits":0,"misses":0,"hit_rate":0,"hit_bytes":0,"miss_bytes":0}}}
INFO [06-01|16:56:09.389] Imported new potential chain segment     number=7659 hash=c6a1ac..529dca blocks=1 txs=0 mgas=0.000 elapsed=19.067ms mgasps=0.000 triediffs=6.12MiB triedirty=29.15MiB
INFO [06-01|16:56:09.389] Chain head was updated                   number=7659 hash=c6a1ac..529dca root=07eca2..6c9dae elapsed="50.052µs"
INFO [06-01|16:56:10.399] Starting work on payload                 id=0x03e60c6db2c394b7
INFO [06-01|16:56:10.406] Updated payload                          id=0x03e60c6db2c394b7 number=7660 hash=d657f6..501562 txs=0 withdrawals=0 gas=0 fees=0 root=07eca2..6c9dae elapsed=6.726ms
INFO [06-01|16:56:10.406] Stopping work on payload                 id=0x03e60c6db2c394b7 reason=delivery
WARN [06-01|16:56:10.418] {"level":"warn","msg":"Slow block","block":{"number":7660,"hash":"0xd657f6c26e602608fee427c6d6db4ad7ed5de3308acdac7f97df1c07eb501562","gas_used":0,"tx_count":0},"timing":{"execution_ms":0.034583,"state_read_ms":11.273946,"state_hash_ms":0.001766,"commit_ms":0.165918,"total_ms":11.625281},"throughput":{"mgas_per_sec":0},"state_reads":{"accounts":4,"storage_slots":0,"code":0,"code_bytes":0},"state_writes":{"accounts":0,"accounts_deleted":0,"storage_slots":0,"storage_slots_deleted":0,"code":0,"code_bytes":0},"cache":{"account":{"hits":0,"misses":4,"hit_rate":0},"storage":{"hits":0,"misses":0,"hit_rate":0},"code":{"hits":0,"misses":0,"hit_rate":0,"hit_bytes":0,"miss_bytes":0}}}
INFO [06-01|16:56:10.418] Imported new potential chain segment     number=7660 hash=d657f6..501562 blocks=1 txs=0 mgas=0.000 elapsed=11.856ms   mgasps=0.000 triediffs=6.12MiB triedirty=29.15MiB
INFO [06-01|16:56:10.418] Chain head was updated                   number=7660 hash=d657f6..501562 root=07eca2..6c9dae elapsed="54.747µs"
INFO [06-01|16:56:11.340] Submitted contract creation              hash=0x144de9a3b8db5b056800ef8e8444b8b816f8341388701de0f65dc6ae7835321b from=0xf39Fd6e51aad88F6F4ce6aB8827279cffFb92266 nonce=2379 contract=0xbAae079DAa0C376efb52C848beb34dBE81433f36 value=0
INFO [06-01|16:56:11.341] Submitted transaction                    hash=0x406dce1d48671ed11f360b4f8477838d7e055706265aa37d0d7659047097605f from=0xf39Fd6e51aad88F6F4ce6aB8827279cffFb92266 nonce=2380 recipient=0x99895a163463cEE5be608bA6140EcF56D8cC6d57 value=78,000,000
INFO [06-01|16:56:11.441] Starting work on payload                 id=0x03c9cee47781c671
INFO [06-01|16:56:11.496] Updated payload                          id=0x03c9cee47781c671 number=7661 hash=3aec87..9485e2 txs=2 withdrawals=0 gas=91698 fees=5.50188e-13 root=ea394c..47f5f0 elapsed=55.711ms
INFO [06-01|16:56:11.497] Stopping work on payload                 id=0x03c9cee47781c671 reason=delivery
WARN [06-01|16:56:11.540] {"level":"warn","msg":"Slow block","block":{"number":7661,"hash":"0x3aec877c4a9ed62328c641910b026feedea826b767bb67878ded3078769485e2","gas_used":91698,"tx_count":2},"timing":{"execution_ms":5.35087,"state_read_ms":14.93971,"state_hash_ms":9.78205,"commit_ms":4.604776,"total_ms":43.028852},"throughput":{"mgas_per_sec":2.131081721631802},"state_reads":{"accounts":11,"storage_slots":0,"code":0,"code_bytes":0},"state_writes":{"accounts":3,"accounts_deleted":0,"storage_slots":0,"storage_slots_deleted":0,"code":1,"code_bytes":305},"cache":{"account":{"hits":5,"misses":6,"hit_rate":45.45454545454545},"storage":{"hits":0,"misses":0,"hit_rate":0},"code":{"hits":0,"misses":0,"hit_rate":0,"hit_bytes":0,"miss_bytes":0}}}
INFO [06-01|16:56:11.540] Imported new potential chain segment     number=7661 hash=3aec87..9485e2 blocks=1 txs=2 mgas=0.092 elapsed=43.270ms   mgasps=2.119 triediffs=6.10MiB triedirty=29.15MiB
INFO [06-01|16:56:11.540] Chain head was updated                   number=7661 hash=3aec87..9485e2 root=ea394c..47f5f0 elapsed="164.07µs"
INFO [06-01|16:56:12.354] Submitted transaction                    hash=0x73f0f67a8e138c71c3ac91e107e64c0fa768e307dafed170671fd741608c6a93 from=0x99895a163463cEE5be608bA6140EcF56D8cC6d57 nonce=0    recipient=0xbAae079DAa0C376efb52C848beb34dBE81433f36 value=0
INFO [06-01|16:56:12.547] Starting work on payload                 id=0x0349ca5243760bfd
INFO [06-01|16:56:12.895] Updated payload                          id=0x0349ca5243760bfd number=7662 hash=48c099..751dbf txs=1 withdrawals=0 gas=5,919,252 fees=3.5515512e-11 root=c03bfa..215977 elapsed=347.796ms
INFO [06-01|16:56:12.895] Stopping work on payload                 id=0x0349ca5243760bfd reason=delivery
WARN [06-01|16:56:12.982] {"level":"warn","msg":"Slow block","block":{"number":7662,"hash":"0x48c099cebc23f734560160bb06f3c7fe754c4490c21766c66705cf2436751dbf","gas_used":5919252,"tx_count":1},"timing":{"execution_ms":46.277578,"state_read_ms":11.582238,"state_hash_ms":21.541088,"commit_ms":3.366363,"total_ms":86.012458},"throughput":{"mgas_per_sec":68.81854254182575},"state_reads":{"accounts":263,"storage_slots":814,"code":257,"code_bytes":7473},"state_writes":{"accounts":47,"accounts_deleted":0,"storage_slots":72,"storage_slots_deleted":0,"code":0,"code_bytes":0},"cache":{"account":{"hits":29,"misses":234,"hit_rate":11.02661596958175},"storage":{"hits":248,"misses":566,"hit_rate":30.46683046683047},"code":{"hits":257,"misses":0,"hit_rate":100,"hit_bytes":7473,"miss_bytes":0}}}
INFO [06-01|16:56:12.982] Imported new potential chain segment     number=7662 hash=48c099..751dbf blocks=1 txs=1 mgas=5.919 elapsed=86.229ms   mgasps=68.645 triediffs=6.42MiB triedirty=29.15MiB
INFO [06-01|16:56:12.982] Chain head was updated                   number=7662 hash=48c099..751dbf root=c03bfa..215977 elapsed="141.818µs"
INFO [06-01|16:56:13.370] Submitted transaction                    hash=0xe22aedfd3349493481bf4749416da92c4514958b10e83cc8500ee1a40e90cef4 from=0x99895a163463cEE5be608bA6140EcF56D8cC6d57 nonce=1    recipient=0xf39Fd6e51aad88F6F4ce6aB8827279cffFb92266 value=797,724
INFO [06-01|16:56:13.996] Starting work on payload                 id=0x03beef244e18c97f
INFO [06-01|16:56:14.020] Updated payload                          id=0x03beef244e18c97f number=7663 hash=9dee0d..b75126 txs=1 withdrawals=0 gas=21000     fees=2.1e-14       root=bd4f65..601f77 elapsed=23.441ms
INFO [06-01|16:56:14.020] Stopping work on payload                 id=0x03beef244e18c97f reason=delivery
WARN [06-01|16:56:14.042] {"level":"warn","msg":"Slow block","block":{"number":7663,"hash":"0x9dee0d62f181382b694165f8a00e7c71b3cda39adcf26656905b205e67b75126","gas_used":21000,"tx_count":1},"timing":{"execution_ms":0.08826,"state_read_ms":18.771892,"state_hash_ms":2.743968,"commit_ms":0.481488,"total_ms":22.253489},"throughput":{"mgas_per_sec":0.9436722484281004},"state_reads":{"accounts":6,"storage_slots":0,"code":0,"code_bytes":0},"state_writes":{"accounts":2,"accounts_deleted":0,"storage_slots":0,"storage_slots_deleted":0,"code":0,"code_bytes":0},"cache":{"account":{"hits":2,"misses":4,"hit_rate":33.33333333333333},"storage":{"hits":0,"misses":0,"hit_rate":0},"code":{"hits":0,"misses":0,"hit_rate":0,"hit_bytes":0,"miss_bytes":0}}}
INFO [06-01|16:56:14.042] Imported new potential chain segment     number=7663 hash=9dee0d..b75126 blocks=1 txs=1 mgas=0.021 elapsed=22.402ms    mgasps=0.937  triediffs=6.42MiB triedirty=29.16MiB
INFO [06-01|16:56:14.043] Chain head was updated                   number=7663 hash=9dee0d..b75126 root=bd4f65..601f77 elapsed="52.81µs"
