WARN [06-01|16:26:31.492] Unknown config environment variable      envvar=GETH_PBT_BIN
WARN [06-01|16:26:31.492] Unknown config environment variable      envvar=GETH_UBT_BIN
INFO [06-01|16:26:31.503] Starting Geth on Ethereum mainnet...
INFO [06-01|16:26:31.505] Maximum peer count                       ETH=0 total=0
INFO [06-01|16:26:31.506] Smartcard socket not found, disabling    err="stat /run/pcscd/pcscd.comm: no such file or directory"
WARN [06-01|16:26:31.509] Option --miner.etherbase is deprecated as the etherbase is set by the consensus client post-merge
INFO [06-01|16:26:31.512] Set global gas cap                       cap=50,000,000
INFO [06-01|16:26:32.332] Using developer account                  address=0xf39Fd6e51aad88F6F4ce6aB8827279cffFb92266
INFO [06-01|16:26:32.375] Using pebble as the backing database
INFO [06-01|16:26:32.375] Allocated cache and file handles         database=/mnt/state_expiry_vol_data/ubt-vs-pbt-dbs/ubt/geth/chaindata cache=2.00GiB handles=262,144
INFO [06-01|16:26:32.612] Opened ancient database                  database=/mnt/state_expiry_vol_data/ubt-vs-pbt-dbs/ubt/geth/chaindata/ancient/chain readonly=true
INFO [06-01|16:26:32.612] Opened Era store                         datadir=/mnt/state_expiry_vol_data/ubt-vs-pbt-dbs/ubt/geth/chaindata/ancient/chain/era
INFO [06-01|16:26:32.620] Initializing the KZG library             backend=gokzg
INFO [06-01|16:26:32.622] Allocated trie memory caches             clean=614.00MiB dirty=1.00GiB
INFO [06-01|16:26:32.631] Using pebble as the backing database
INFO [06-01|16:26:32.631] Allocated cache and file handles         database=/mnt/state_expiry_vol_data/ubt-vs-pbt-dbs/ubt/geth/chaindata cache=2.00GiB handles=262,144
INFO [06-01|16:26:32.833] Opened ancient database                  database=/mnt/state_expiry_vol_data/ubt-vs-pbt-dbs/ubt/geth/chaindata/ancient/chain readonly=false
INFO [06-01|16:26:32.833] Opened Era store                         datadir=/mnt/state_expiry_vol_data/ubt-vs-pbt-dbs/ubt/geth/chaindata/ancient/chain/era
INFO [06-01|16:26:32.841] State scheme set to already existing     scheme=path
INFO [06-01|16:26:32.853] Initialising Ethereum protocol           network=1337 dbversion=9
WARN [06-01|16:26:32.853] Sanitizing invalid node buffer size      provided=1.00GiB updated=256.00MiB
INFO [06-01|16:26:32.853] Load database journal from file          path=/mnt/state_expiry_vol_data/ubt-vs-pbt-dbs/ubt/geth/triedb/verkle.journal
INFO [06-01|16:26:33.087] Opened ancient database                  database=/mnt/state_expiry_vol_data/ubt-vs-pbt-dbs/ubt/geth/chaindata/ancient/state_verkle readonly=false
INFO [06-01|16:26:33.089] State snapshot generator is not compatible
INFO [06-01|16:26:33.089] Initialized path database                triecache=614.00MiB statecache=409.00MiB buffer=256.00MiB state-history="last 90000 blocks" journal-dir=/mnt/state_expiry_vol_data/ubt-vs-pbt-dbs/ubt/geth/triedb verkle=true
INFO [06-01|16:26:33.089] 
INFO [06-01|16:26:33.089] ---------------------------------------------------------------------------------------------------------------------------------------------------------
INFO [06-01|16:26:33.089] Chain ID:  1337 (unknown)
INFO [06-01|16:26:33.090] Consensus: unknown
INFO [06-01|16:26:33.090] 
INFO [06-01|16:26:33.090] Pre-Merge hard forks (block based):
INFO [06-01|16:26:33.090]  - Homestead:                   #0       
INFO [06-01|16:26:33.090]  - Tangerine Whistle (EIP 150): #0       
INFO [06-01|16:26:33.090]  - Spurious Dragon/1 (EIP 155): #0       
INFO [06-01|16:26:33.090]  - Spurious Dragon/2 (EIP 158): #0       
INFO [06-01|16:26:33.090]  - Byzantium:                   #0       
INFO [06-01|16:26:33.090]  - Constantinople:              #0       
INFO [06-01|16:26:33.090]  - Petersburg:                  #0       
INFO [06-01|16:26:33.090]  - Istanbul:                    #0       
INFO [06-01|16:26:33.090]  - Berlin:                      #0       
INFO [06-01|16:26:33.090]  - London:                      #0       
INFO [06-01|16:26:33.090]  - Arrow Glacier:               #0       
INFO [06-01|16:26:33.090]  - Gray Glacier:                #0       
INFO [06-01|16:26:33.090] 
INFO [06-01|16:26:33.090] Merge configured:
INFO [06-01|16:26:33.090]  - Total terminal difficulty:  0
INFO [06-01|16:26:33.090]  - Merge netsplit block:       #0       
INFO [06-01|16:26:33.090] 
INFO [06-01|16:26:33.090] Post-Merge hard forks (timestamp based):
INFO [06-01|16:26:33.090]  - Shanghai:                    @0         
INFO [06-01|16:26:33.090]  - Cancun:                      @0          blob: (target: 3, max: 6, fraction: 3338477)
INFO [06-01|16:26:33.090]  - Prague:                      @0          blob: (target: 6, max: 9, fraction: 5007716)
INFO [06-01|16:26:33.090]  - Osaka:                       @0          blob: (target: 6, max: 9, fraction: 5007716)
INFO [06-01|16:26:33.090]  - UBT:                         @0          blob: (nil)
INFO [06-01|16:26:33.090] 
INFO [06-01|16:26:33.090] All fork specifications can be found at https://ethereum.github.io/execution-specs/src/ethereum/forks/
INFO [06-01|16:26:33.090] 
INFO [06-01|16:26:33.090] ---------------------------------------------------------------------------------------------------------------------------------------------------------
INFO [06-01|16:26:33.090] 
INFO [06-01|16:26:33.090] Loaded most recent local block           number=6658 hash=c5b315..9401b5 age=4s
INFO [06-01|16:26:33.090] Loaded most recent local finalized block number=6656 hash=972395..d520cd age=7s
INFO [06-01|16:26:33.091] Initialized transaction indexer          range="last 2350000 blocks"
INFO [06-01|16:26:33.092] Initialized log indexer                  firstblock=0 lastblock=6658 firstmap=0 lastmap=0 headindexed=true
INFO [06-01|16:26:33.148] Enabled full-sync                        head=6658 hash=c5b315..9401b5
INFO [06-01|16:26:33.148] Unprotected transactions allowed
INFO [06-01|16:26:33.148] Gasprice oracle is ignoring threshold set threshold=2
INFO [06-01|16:26:33.149] Registered sync override service
WARN [06-01|16:26:33.149] You are running Geth in --dev mode. Please note the following:
WARN [06-01|16:26:33.149] 
WARN [06-01|16:26:33.149]   1. This mode is only intended for fast, iterative development without assumptions on
WARN [06-01|16:26:33.149]      security or persistence.
WARN [06-01|16:26:33.149]   2. The database is created in memory unless specified otherwise. Therefore, shutting down
WARN [06-01|16:26:33.149]      your computer or losing power will wipe your entire block data and chain state for
WARN [06-01|16:26:33.149]      your dev environment.
WARN [06-01|16:26:33.149]   3. A random, pre-allocated developer account will be available and unlocked as
WARN [06-01|16:26:33.149]      eth.coinbase, which can be used for testing. The random dev account is temporary,
WARN [06-01|16:26:33.149]      stored on a ramdisk, and will be lost if your machine is restarted.
WARN [06-01|16:26:33.149]   4. Mining is enabled by default. However, the client will only seal blocks if transactions
WARN [06-01|16:26:33.149]      are pending in the mempool. The miner's minimum accepted gas price is 1.
WARN [06-01|16:26:33.149]   5. Networking is disabled; there is no listen-address, the maximum number of peers is set
WARN [06-01|16:26:33.149]      to 0, and discovery is disabled.
WARN [06-01|16:26:33.149] 
INFO [06-01|16:26:33.149] Starting peer-to-peer node               instance=Geth/v1.17.3-unstable/linux-amd64/go1.24.9
WARN [06-01|16:26:33.149] P2P server will be useless, neither dialing nor listening
INFO [06-01|16:26:33.181] New local node record                    seq=1,780,289,665,060 id=c084d8867e8cc127 ip=127.0.0.1 udp=0 tcp=0
INFO [06-01|16:26:33.181] Started P2P networking                   self=enode://ed0ccbffbfc0dc9f1b0f8e55d585ad3e61215b1974f32d9388e7ae53563e3ebe0172c21d754fa202c3a63f95bef3ff3ea24339ffdabd0115c47ec5b8d33136a9@127.0.0.1:0
INFO [06-01|16:26:33.182] IPC endpoint opened                      url=/mnt/state_expiry_vol_data/ubt-vs-pbt-dbs/ubt/geth.ipc
ERROR[06-01|16:26:33.182] Unavailable modules in HTTP API list     unavailable=[personal] available="[admin debug web3 eth txpool miner net dev testing]"
INFO [06-01|16:26:33.183] HTTP server started                      endpoint=127.0.0.1:8545 auth=false prefix= cors= vhosts=localhost
INFO [06-01|16:26:33.183] WebSocket enabled                        url=ws://127.0.0.1:8546
INFO [06-01|16:26:33.674] Loaded local transaction journal         transactions=4577 dropped=0
INFO [06-01|16:26:34.424] Started log indexer
INFO [06-01|16:26:34.488] Starting work on payload                 id=0x03b70c5054cec198
INFO [06-01|16:26:34.510] Updated payload                          id=0x03b70c5054cec198 number=6659 hash=5c24cf..8957b3 txs=0 withdrawals=0 gas=0 fees=0 root=e1d177..fa6f85 elapsed=21.370ms
INFO [06-01|16:26:34.510] Stopping work on payload                 id=0x03b70c5054cec198 reason=delivery
WARN [06-01|16:26:34.517] {"level":"warn","msg":"Slow block","block":{"number":6659,"hash":"0x5c24cf842d667ea321b8071455eac25d848c4a2a377842c71c91d9b5498957b3","gas_used":0,"tx_count":0},"timing":{"execution_ms":1.08804,"state_read_ms":5.930416,"state_hash_ms":0.003524,"commit_ms":0.183433,"total_ms":7.460333},"throughput":{"mgas_per_sec":0},"state_reads":{"accounts":4,"storage_slots":0,"code":0,"code_bytes":0},"state_writes":{"accounts":0,"accounts_deleted":0,"storage_slots":0,"storage_slots_deleted":0,"code":0,"code_bytes":0},"cache":{"account":{"hits":0,"misses":4,"hit_rate":0},"storage":{"hits":0,"misses":0,"hit_rate":0},"code":{"hits":0,"misses":0,"hit_rate":0,"hit_bytes":0,"miss_bytes":0}}}
INFO [06-01|16:26:34.518] Imported new potential chain segment     number=6659 hash=5c24cf..8957b3 blocks=1 txs=0 mgas=0.000 elapsed=7.741ms  mgasps=0.000 triediffs=1.36MiB triedirty=18.40MiB
INFO [06-01|16:26:34.518] Chain head was updated                   number=6659 hash=5c24cf..8957b3 root=e1d177..fa6f85 elapsed="38.398µs"
INFO [06-01|16:26:35.535] Starting work on payload                 id=0x03b2fc2aac0a42ae
INFO [06-01|16:26:35.538] Updated payload                          id=0x03b2fc2aac0a42ae number=6660 hash=114b77..9f2973 txs=0 withdrawals=0 gas=0 fees=0 root=e1d177..fa6f85 elapsed=3.482ms
INFO [06-01|16:26:35.541] Stopping work on payload                 id=0x03b2fc2aac0a42ae reason=delivery
WARN [06-01|16:26:35.553] {"level":"warn","msg":"Slow block","block":{"number":6660,"hash":"0x114b77085af822a4aba38457567415b550c0df519a246c6325328a2e189f2973","gas_used":0,"tx_count":0},"timing":{"execution_ms":0.034949,"state_read_ms":11.689307,"state_hash_ms":0.002007,"commit_ms":0.105719,"total_ms":14.596266},"throughput":{"mgas_per_sec":0},"state_reads":{"accounts":4,"storage_slots":0,"code":0,"code_bytes":0},"state_writes":{"accounts":0,"accounts_deleted":0,"storage_slots":0,"storage_slots_deleted":0,"code":0,"code_bytes":0},"cache":{"account":{"hits":0,"misses":4,"hit_rate":0},"storage":{"hits":0,"misses":0,"hit_rate":0},"code":{"hits":0,"misses":0,"hit_rate":0,"hit_bytes":0,"miss_bytes":0}}}
INFO [06-01|16:26:35.553] Imported new potential chain segment     number=6660 hash=114b77..9f2973 blocks=1 txs=0 mgas=0.000 elapsed=14.799ms   mgasps=0.000 triediffs=1.36MiB triedirty=18.40MiB
INFO [06-01|16:26:35.553] Chain head was updated                   number=6660 hash=114b77..9f2973 root=e1d177..fa6f85 elapsed="44.202µs"
INFO [06-01|16:26:36.571] Submitted contract creation              hash=0xc77c2ff038f434291b9c7e3b144fba3626fc01d0b03ee222540f60a7e35d87e0 from=0xf39Fd6e51aad88F6F4ce6aB8827279cffFb92266 nonce=2033 contract=0x45534f3e643F6497b562A867EC2D9ABEf94147Fb value=0
INFO [06-01|16:26:36.571] Submitted transaction                    hash=0x92141e3eb3aafb4b61fc7de0aed5b1715f47abc846afa09a9f96117f6bc980a3 from=0xf39Fd6e51aad88F6F4ce6aB8827279cffFb92266 nonce=2034 recipient=0xd0BD079f467F475fE2F7c4bcca07Bd8C0672E37D value=78,000,000
INFO [06-01|16:26:36.573] Starting work on payload                 id=0x03240d4e345b7c0f
INFO [06-01|16:26:36.612] Updated payload                          id=0x03240d4e345b7c0f number=6661 hash=cebe2e..a9c1b0 txs=2 withdrawals=0 gas=86852 fees=5.21112e-13 root=6bbf01..7d9768 elapsed=38.677ms
INFO [06-01|16:26:36.613] Stopping work on payload                 id=0x03240d4e345b7c0f reason=delivery
WARN [06-01|16:26:36.651] {"level":"warn","msg":"Slow block","block":{"number":6661,"hash":"0xcebe2efd526afb12d695e086a8bd7021f6a8ef0ad052459439639b01c2a9c1b0","gas_used":86852,"tx_count":2},"timing":{"execution_ms":0.175325,"state_read_ms":21.024975,"state_hash_ms":10.709053,"commit_ms":5.603377,"total_ms":38.062715},"throughput":{"mgas_per_sec":2.2818130551118068},"state_reads":{"accounts":11,"storage_slots":0,"code":0,"code_bytes":0},"state_writes":{"accounts":3,"accounts_deleted":0,"storage_slots":0,"storage_slots_deleted":0,"code":1,"code_bytes":157},"cache":{"account":{"hits":5,"misses":6,"hit_rate":45.45454545454545},"storage":{"hits":0,"misses":0,"hit_rate":0},"code":{"hits":0,"misses":0,"hit_rate":0,"hit_bytes":0,"miss_bytes":0}}}
INFO [06-01|16:26:36.651] Imported new potential chain segment     number=6661 hash=cebe2e..a9c1b0 blocks=1 txs=2 mgas=0.087 elapsed=38.317ms   mgasps=2.267 triediffs=1.36MiB triedirty=18.40MiB
INFO [06-01|16:26:36.651] Chain head was updated                   number=6661 hash=cebe2e..a9c1b0 root=6bbf01..7d9768 elapsed="163.71µs"
INFO [06-01|16:26:37.584] Submitted transaction                    hash=0x9f7ac00ece053414915a97cea53f2d549737b2810657f87cd5511a55ab2cb766 from=0xd0BD079f467F475fE2F7c4bcca07Bd8C0672E37D nonce=0    recipient=0x45534f3e643F6497b562A867EC2D9ABEf94147Fb value=0
INFO [06-01|16:26:37.665] Starting work on payload                 id=0x03cd546d8204d548
INFO [06-01|16:26:37.878] Updated payload                          id=0x03cd546d8204d548 number=6662 hash=7fc3d1..eebf04 txs=1 withdrawals=0 gas=5,900,240 fees=3.540144e-11 root=142102..73e1df elapsed=213.088ms
INFO [06-01|16:26:37.879] Stopping work on payload                 id=0x03cd546d8204d548 reason=delivery
WARN [06-01|16:26:38.022] {"level":"warn","msg":"Slow block","block":{"number":6662,"hash":"0x7fc3d1b622ddb8e7754326ac3230362214e5c189ae3cb660f05a877edbeebf04","gas_used":5900240,"tx_count":1},"timing":{"execution_ms":117.125362,"state_read_ms":17.928565,"state_hash_ms":6.924912,"commit_ms":0.599555,"total_ms":142.971604},"throughput":{"mgas_per_sec":41.268614430597005},"state_reads":{"accounts":107,"storage_slots":258,"code":101,"code_bytes":2957},"state_writes":{"accounts":2,"accounts_deleted":0,"storage_slots":0,"storage_slots_deleted":0,"code":0,"code_bytes":0},"cache":{"account":{"hits":37,"misses":70,"hit_rate":34.57943925233645},"storage":{"hits":88,"misses":170,"hit_rate":34.10852713178294},"code":{"hits":101,"misses":0,"hit_rate":100,"hit_bytes":2957,"miss_bytes":0}}}
INFO [06-01|16:26:38.022] Imported new potential chain segment     number=6662 hash=7fc3d1..eebf04 blocks=1 txs=1 mgas=5.900 elapsed=143.233ms  mgasps=41.193 triediffs=1.36MiB triedirty=18.40MiB
INFO [06-01|16:26:38.022] Chain head was updated                   number=6662 hash=7fc3d1..eebf04 root=142102..73e1df elapsed="98.334µs"
INFO [06-01|16:26:38.598] Submitted transaction                    hash=0x07fde4119d16b0da1abb3903c4205b2a69dd84430f1e3a3a1e08d5d9bc332d65 from=0xd0BD079f467F475fE2F7c4bcca07Bd8C0672E37D nonce=1    recipient=0xf39Fd6e51aad88F6F4ce6aB8827279cffFb92266 value=1,044,880
INFO [06-01|16:26:39.035] Starting work on payload                 id=0x03315db9c5f63434
INFO [06-01|16:26:39.055] Updated payload                          id=0x03315db9c5f63434 number=6663 hash=b04a95..eaa2d0 txs=1 withdrawals=0 gas=21000     fees=2.1e-14      root=00d2c9..653889 elapsed=20.009ms
INFO [06-01|16:26:39.055] Stopping work on payload                 id=0x03315db9c5f63434 reason=delivery
WARN [06-01|16:26:39.073] {"level":"warn","msg":"Slow block","block":{"number":6663,"hash":"0xb04a95f9fdbe67f682e3a10685e55121aed5592274e525f347c2b82b8feaa2d0","gas_used":21000,"tx_count":1},"timing":{"execution_ms":0.08026,"state_read_ms":8.375501,"state_hash_ms":6.480416,"commit_ms":0.750273,"total_ms":17.884335},"throughput":{"mgas_per_sec":1.1742119570003582},"state_reads":{"accounts":6,"storage_slots":0,"code":0,"code_bytes":0},"state_writes":{"accounts":2,"accounts_deleted":0,"storage_slots":0,"storage_slots_deleted":0,"code":0,"code_bytes":0},"cache":{"account":{"hits":2,"misses":4,"hit_rate":33.33333333333333},"storage":{"hits":0,"misses":0,"hit_rate":0},"code":{"hits":0,"misses":0,"hit_rate":0,"hit_bytes":0,"miss_bytes":0}}}
INFO [06-01|16:26:39.073] Imported new potential chain segment     number=6663 hash=b04a95..eaa2d0 blocks=1 txs=1 mgas=0.021 elapsed=18.038ms   mgasps=1.164  triediffs=1.36MiB triedirty=18.40MiB
INFO [06-01|16:26:39.074] Chain head was updated                   number=6663 hash=b04a95..eaa2d0 root=00d2c9..653889 elapsed="64.469µs"
