WARN [06-01|16:38:06.445] Unknown config environment variable      envvar=GETH_PBT_BIN
WARN [06-01|16:38:06.445] Unknown config environment variable      envvar=GETH_UBT_BIN
INFO [06-01|16:38:06.456] Starting Geth on Ethereum mainnet...
INFO [06-01|16:38:06.458] Maximum peer count                       ETH=0 total=0
INFO [06-01|16:38:06.459] Smartcard socket not found, disabling    err="stat /run/pcscd/pcscd.comm: no such file or directory"
WARN [06-01|16:38:06.461] Option --miner.etherbase is deprecated as the etherbase is set by the consensus client post-merge
INFO [06-01|16:38:06.464] Set global gas cap                       cap=50,000,000
INFO [06-01|16:38:07.288] Using developer account                  address=0xf39Fd6e51aad88F6F4ce6aB8827279cffFb92266
INFO [06-01|16:38:07.331] Using pebble as the backing database
INFO [06-01|16:38:07.331] Allocated cache and file handles         database=/mnt/state_expiry_vol_data/ubt-vs-pbt-dbs/ubt/geth/chaindata cache=2.00GiB handles=262,144
INFO [06-01|16:38:07.579] Opened ancient database                  database=/mnt/state_expiry_vol_data/ubt-vs-pbt-dbs/ubt/geth/chaindata/ancient/chain readonly=true
INFO [06-01|16:38:07.579] Opened Era store                         datadir=/mnt/state_expiry_vol_data/ubt-vs-pbt-dbs/ubt/geth/chaindata/ancient/chain/era
INFO [06-01|16:38:07.587] Initializing the KZG library             backend=gokzg
INFO [06-01|16:38:07.589] Allocated trie memory caches             clean=614.00MiB dirty=1.00GiB
INFO [06-01|16:38:07.599] Using pebble as the backing database
INFO [06-01|16:38:07.599] Allocated cache and file handles         database=/mnt/state_expiry_vol_data/ubt-vs-pbt-dbs/ubt/geth/chaindata cache=2.00GiB handles=262,144
INFO [06-01|16:38:07.811] Opened ancient database                  database=/mnt/state_expiry_vol_data/ubt-vs-pbt-dbs/ubt/geth/chaindata/ancient/chain readonly=false
INFO [06-01|16:38:07.811] Opened Era store                         datadir=/mnt/state_expiry_vol_data/ubt-vs-pbt-dbs/ubt/geth/chaindata/ancient/chain/era
INFO [06-01|16:38:07.817] State scheme set to already existing     scheme=path
INFO [06-01|16:38:07.818] Initialising Ethereum protocol           network=1337 dbversion=9
WARN [06-01|16:38:07.818] Sanitizing invalid node buffer size      provided=1.00GiB updated=256.00MiB
INFO [06-01|16:38:07.819] Load database journal from file          path=/mnt/state_expiry_vol_data/ubt-vs-pbt-dbs/ubt/geth/triedb/verkle.journal
INFO [06-01|16:38:08.173] Opened ancient database                  database=/mnt/state_expiry_vol_data/ubt-vs-pbt-dbs/ubt/geth/chaindata/ancient/state_verkle readonly=false
INFO [06-01|16:38:08.175] State snapshot generator is not compatible
INFO [06-01|16:38:08.175] Initialized path database                triecache=614.00MiB statecache=409.00MiB buffer=256.00MiB state-history="last 90000 blocks" journal-dir=/mnt/state_expiry_vol_data/ubt-vs-pbt-dbs/ubt/geth/triedb verkle=true
INFO [06-01|16:38:08.175] 
INFO [06-01|16:38:08.175] ---------------------------------------------------------------------------------------------------------------------------------------------------------
INFO [06-01|16:38:08.175] Chain ID:  1337 (unknown)
INFO [06-01|16:38:08.175] Consensus: unknown
INFO [06-01|16:38:08.175] 
INFO [06-01|16:38:08.175] Pre-Merge hard forks (block based):
INFO [06-01|16:38:08.175]  - Homestead:                   #0       
INFO [06-01|16:38:08.175]  - Tangerine Whistle (EIP 150): #0       
INFO [06-01|16:38:08.175]  - Spurious Dragon/1 (EIP 155): #0       
INFO [06-01|16:38:08.175]  - Spurious Dragon/2 (EIP 158): #0       
INFO [06-01|16:38:08.175]  - Byzantium:                   #0       
INFO [06-01|16:38:08.175]  - Constantinople:              #0       
INFO [06-01|16:38:08.175]  - Petersburg:                  #0       
INFO [06-01|16:38:08.175]  - Istanbul:                    #0       
INFO [06-01|16:38:08.175]  - Berlin:                      #0       
INFO [06-01|16:38:08.175]  - London:                      #0       
INFO [06-01|16:38:08.175]  - Arrow Glacier:               #0       
INFO [06-01|16:38:08.175]  - Gray Glacier:                #0       
INFO [06-01|16:38:08.175] 
INFO [06-01|16:38:08.175] Merge configured:
INFO [06-01|16:38:08.175]  - Total terminal difficulty:  0
INFO [06-01|16:38:08.175]  - Merge netsplit block:       #0       
INFO [06-01|16:38:08.175] 
INFO [06-01|16:38:08.175] Post-Merge hard forks (timestamp based):
INFO [06-01|16:38:08.175]  - Shanghai:                    @0         
INFO [06-01|16:38:08.175]  - Cancun:                      @0          blob: (target: 3, max: 6, fraction: 3338477)
INFO [06-01|16:38:08.175]  - Prague:                      @0          blob: (target: 6, max: 9, fraction: 5007716)
INFO [06-01|16:38:08.175]  - Osaka:                       @0          blob: (target: 6, max: 9, fraction: 5007716)
INFO [06-01|16:38:08.175]  - UBT:                         @0          blob: (nil)
INFO [06-01|16:38:08.175] 
INFO [06-01|16:38:08.175] All fork specifications can be found at https://ethereum.github.io/execution-specs/src/ethereum/forks/
INFO [06-01|16:38:08.175] 
INFO [06-01|16:38:08.175] ---------------------------------------------------------------------------------------------------------------------------------------------------------
INFO [06-01|16:38:08.175] 
INFO [06-01|16:38:08.177] Loaded most recent local block           number=7079 hash=1d9bb9..b143cc age=4s
INFO [06-01|16:38:08.177] Loaded most recent local finalized block number=7072 hash=e75f82..8eb5ce age=16s
INFO [06-01|16:38:08.178] Initialized transaction indexer          range="last 2350000 blocks"
INFO [06-01|16:38:08.179] Initialized log indexer                  firstblock=0 lastblock=7079 firstmap=0 lastmap=0 headindexed=true
INFO [06-01|16:38:08.210] Enabled full-sync                        head=7079 hash=1d9bb9..b143cc
INFO [06-01|16:38:08.210] Unprotected transactions allowed
INFO [06-01|16:38:08.210] Gasprice oracle is ignoring threshold set threshold=2
INFO [06-01|16:38:08.211] Registered sync override service
WARN [06-01|16:38:08.211] You are running Geth in --dev mode. Please note the following:
WARN [06-01|16:38:08.211] 
WARN [06-01|16:38:08.211]   1. This mode is only intended for fast, iterative development without assumptions on
WARN [06-01|16:38:08.211]      security or persistence.
WARN [06-01|16:38:08.211]   2. The database is created in memory unless specified otherwise. Therefore, shutting down
WARN [06-01|16:38:08.211]      your computer or losing power will wipe your entire block data and chain state for
WARN [06-01|16:38:08.211]      your dev environment.
WARN [06-01|16:38:08.211]   3. A random, pre-allocated developer account will be available and unlocked as
WARN [06-01|16:38:08.211]      eth.coinbase, which can be used for testing. The random dev account is temporary,
WARN [06-01|16:38:08.211]      stored on a ramdisk, and will be lost if your machine is restarted.
WARN [06-01|16:38:08.211]   4. Mining is enabled by default. However, the client will only seal blocks if transactions
WARN [06-01|16:38:08.211]      are pending in the mempool. The miner's minimum accepted gas price is 1.
WARN [06-01|16:38:08.211]   5. Networking is disabled; there is no listen-address, the maximum number of peers is set
WARN [06-01|16:38:08.211]      to 0, and discovery is disabled.
WARN [06-01|16:38:08.211] 
INFO [06-01|16:38:08.211] Starting peer-to-peer node               instance=Geth/v1.17.3-unstable/linux-amd64/go1.24.9
WARN [06-01|16:38:08.211] P2P server will be useless, neither dialing nor listening
INFO [06-01|16:38:08.230] IPC endpoint opened                      url=/mnt/state_expiry_vol_data/ubt-vs-pbt-dbs/ubt/geth.ipc
ERROR[06-01|16:38:08.230] Unavailable modules in HTTP API list     unavailable=[personal] available="[admin debug web3 eth txpool miner net dev testing]"
INFO [06-01|16:38:08.230] New local node record                    seq=1,780,289,665,127 id=c084d8867e8cc127 ip=127.0.0.1 udp=0 tcp=0
INFO [06-01|16:38:08.231] Started P2P networking                   self=enode://ed0ccbffbfc0dc9f1b0f8e55d585ad3e61215b1974f32d9388e7ae53563e3ebe0172c21d754fa202c3a63f95bef3ff3ea24339ffdabd0115c47ec5b8d33136a9@127.0.0.1:0
INFO [06-01|16:38:08.231] HTTP server started                      endpoint=127.0.0.1:8545 auth=false prefix= cors= vhosts=localhost
INFO [06-01|16:38:08.231] WebSocket enabled                        url=ws://127.0.0.1:8546
INFO [06-01|16:38:08.752] Loaded local transaction journal         transactions=4845 dropped=0
INFO [06-01|16:38:09.392] Started log indexer
INFO [06-01|16:38:09.450] Starting work on payload                 id=0x031d32abae70adc1
INFO [06-01|16:38:09.465] Updated payload                          id=0x031d32abae70adc1 number=7080 hash=5e5149..3697ef txs=0 withdrawals=0 gas=0 fees=0 root=9b5252..25645d elapsed=14.952ms
INFO [06-01|16:38:09.465] Stopping work on payload                 id=0x031d32abae70adc1 reason=delivery
WARN [06-01|16:38:09.487] {"level":"warn","msg":"Slow block","block":{"number":7080,"hash":"0x5e51496488cdd4e8f50812ca2e2a056641ead3c22736725e18fe876f843697ef","gas_used":0,"tx_count":0},"timing":{"execution_ms":0.051899,"state_read_ms":21.750441,"state_hash_ms":0.00206,"commit_ms":0.151611,"total_ms":22.162365},"throughput":{"mgas_per_sec":0},"state_reads":{"accounts":4,"storage_slots":0,"code":0,"code_bytes":0},"state_writes":{"accounts":0,"accounts_deleted":0,"storage_slots":0,"storage_slots_deleted":0,"code":0,"code_bytes":0},"cache":{"account":{"hits":0,"misses":4,"hit_rate":0},"storage":{"hits":0,"misses":0,"hit_rate":0},"code":{"hits":0,"misses":0,"hit_rate":0,"hit_bytes":0,"miss_bytes":0}}}
INFO [06-01|16:38:09.487] Imported new potential chain segment     number=7080 hash=5e5149..3697ef blocks=1 txs=0 mgas=0.000 elapsed=22.525ms mgasps=0.000 triediffs=6.05MiB triedirty=18.68MiB
INFO [06-01|16:38:09.488] Chain head was updated                   number=7080 hash=5e5149..3697ef root=9b5252..25645d elapsed="67.473µs"
INFO [06-01|16:38:10.498] Starting work on payload                 id=0x0362b6f1834ba195
INFO [06-01|16:38:10.518] Updated payload                          id=0x0362b6f1834ba195 number=7081 hash=a28485..cc2b8c txs=0 withdrawals=0 gas=0 fees=0 root=9b5252..25645d elapsed=19.853ms
INFO [06-01|16:38:10.518] Stopping work on payload                 id=0x0362b6f1834ba195 reason=delivery
WARN [06-01|16:38:10.522] {"level":"warn","msg":"Slow block","block":{"number":7081,"hash":"0xa28485bc3dbc788b20d6bc0e09ac18ab411a8270ab1ca385bcf4975ff9cc2b8c","gas_used":0,"tx_count":0},"timing":{"execution_ms":0.03983,"state_read_ms":2.541161,"state_hash_ms":0.002172,"commit_ms":0.851653,"total_ms":4.123867},"throughput":{"mgas_per_sec":0},"state_reads":{"accounts":4,"storage_slots":0,"code":0,"code_bytes":0},"state_writes":{"accounts":0,"accounts_deleted":0,"storage_slots":0,"storage_slots_deleted":0,"code":0,"code_bytes":0},"cache":{"account":{"hits":0,"misses":4,"hit_rate":0},"storage":{"hits":0,"misses":0,"hit_rate":0},"code":{"hits":0,"misses":0,"hit_rate":0,"hit_bytes":0,"miss_bytes":0}}}
INFO [06-01|16:38:10.522] Imported new potential chain segment     number=7081 hash=a28485..cc2b8c blocks=1 txs=0 mgas=0.000 elapsed=4.344ms    mgasps=0.000 triediffs=6.05MiB triedirty=18.68MiB
INFO [06-01|16:38:10.522] Chain head was updated                   number=7081 hash=a28485..cc2b8c root=9b5252..25645d elapsed="77.531µs"
INFO [06-01|16:38:11.539] Submitted contract creation              hash=0x01a2515eec277b3099e6dc8dbf856d96bd1c6a0647bebea64d0110d85fc0773e from=0xf39Fd6e51aad88F6F4ce6aB8827279cffFb92266 nonce=2167 contract=0x704829fE2F558068fD286C90134DA458DAa3fD87 value=0
INFO [06-01|16:38:11.539] Submitted transaction                    hash=0x85663d35dfdff5613d471a490b8af2ee73ea00f25cc51a57618dd6d72b9a8102 from=0xf39Fd6e51aad88F6F4ce6aB8827279cffFb92266 nonce=2168 recipient=0x0B8675afc9f3cd021C6BF2A246c9565F1c222539 value=78,000,000
INFO [06-01|16:38:11.545] Starting work on payload                 id=0x03faf8b7685986a4
INFO [06-01|16:38:11.583] Updated payload                          id=0x03faf8b7685986a4 number=7082 hash=b605f1..5c5d60 txs=2 withdrawals=0 gas=86938 fees=5.21628e-13 root=770f6c..982377 elapsed=37.780ms
INFO [06-01|16:38:11.583] Stopping work on payload                 id=0x03faf8b7685986a4 reason=delivery
WARN [06-01|16:38:11.612] {"level":"warn","msg":"Slow block","block":{"number":7082,"hash":"0xb605f137b1f7501d339bd0aef58a1e48c72f5f0978ec3addcdc0ef1c2a5c5d60","gas_used":86938,"tx_count":2},"timing":{"execution_ms":0.110236,"state_read_ms":15.02267,"state_hash_ms":7.934409,"commit_ms":5.360295,"total_ms":28.606272},"throughput":{"mgas_per_sec":3.039123727831435},"state_reads":{"accounts":11,"storage_slots":0,"code":0,"code_bytes":0},"state_writes":{"accounts":3,"accounts_deleted":0,"storage_slots":0,"storage_slots_deleted":0,"code":1,"code_bytes":165},"cache":{"account":{"hits":6,"misses":5,"hit_rate":54.54545454545454},"storage":{"hits":0,"misses":0,"hit_rate":0},"code":{"hits":0,"misses":0,"hit_rate":0,"hit_bytes":0,"miss_bytes":0}}}
INFO [06-01|16:38:11.612] Imported new potential chain segment     number=7082 hash=b605f1..5c5d60 blocks=1 txs=2 mgas=0.087 elapsed=28.765ms   mgasps=3.022 triediffs=6.05MiB triedirty=18.68MiB
INFO [06-01|16:38:11.612] Chain head was updated                   number=7082 hash=b605f1..5c5d60 root=770f6c..982377 elapsed="137.54µs"
INFO [06-01|16:38:12.552] Submitted transaction                    hash=0x4c68c2e34835eb393ea6ea45965e2256f3473886455c86c4ed40af39eb95db78 from=0x0B8675afc9f3cd021C6BF2A246c9565F1c222539 nonce=0    recipient=0x704829fE2F558068fD286C90134DA458DAa3fD87 value=0
INFO [06-01|16:38:12.623] Starting work on payload                 id=0x039cf0fe49bdbe17
INFO [06-01|16:38:13.173] Updated payload                          id=0x039cf0fe49bdbe17 number=7083 hash=118f9c..c6ed18 txs=1 withdrawals=0 gas=5,910,176 fees=3.5461056e-11 root=840507..3af4ae elapsed=550.074ms
INFO [06-01|16:38:13.178] Stopping work on payload                 id=0x039cf0fe49bdbe17 reason=delivery
WARN [06-01|16:38:13.254] {"level":"warn","msg":"Slow block","block":{"number":7083,"hash":"0x118f9c6cd9fc47ceb20fcc72bc72393f77c7de7d7b3ee39889366d580ec6ed18","gas_used":5910176,"tx_count":1},"timing":{"execution_ms":4.459657,"state_read_ms":30.629116,"state_hash_ms":37.31702,"commit_ms":7.347823,"total_ms":80.030431},"throughput":{"mgas_per_sec":73.84910872215595},"state_reads":{"accounts":100,"storage_slots":241,"code":94,"code_bytes":2769},"state_writes":{"accounts":94,"accounts_deleted":0,"storage_slots":238,"storage_slots_deleted":0,"code":0,"code_bytes":0},"cache":{"account":{"hits":38,"misses":62,"hit_rate":38},"storage":{"hits":81,"misses":160,"hit_rate":33.60995850622407},"code":{"hits":94,"misses":0,"hit_rate":100,"hit_bytes":2769,"miss_bytes":0}}}
INFO [06-01|16:38:13.254] Imported new potential chain segment     number=7083 hash=118f9c..c6ed18 blocks=1 txs=1 mgas=5.910 elapsed=80.329ms   mgasps=73.574 triediffs=6.70MiB triedirty=18.68MiB
INFO [06-01|16:38:13.254] Chain head was updated                   number=7083 hash=118f9c..c6ed18 root=840507..3af4ae elapsed="123.309µs"
INFO [06-01|16:38:13.567] Submitted transaction                    hash=0x93a48c487760b999a0aa8f036c29037b4e0732b66c5397ce0f77a905804c397f from=0x0B8675afc9f3cd021C6BF2A246c9565F1c222539 nonce=1    recipient=0xf39Fd6e51aad88F6F4ce6aB8827279cffFb92266 value=915,712
INFO [06-01|16:38:14.270] Starting work on payload                 id=0x03c3f9105958b9fd
INFO [06-01|16:38:14.286] Updated payload                          id=0x03c3f9105958b9fd number=7084 hash=20668f..e62097 txs=1 withdrawals=0 gas=21000     fees=2.1e-14       root=1bb70e..b90004 elapsed=16.578ms
INFO [06-01|16:38:14.287] Stopping work on payload                 id=0x03c3f9105958b9fd reason=delivery
WARN [06-01|16:38:14.301] {"level":"warn","msg":"Slow block","block":{"number":7084,"hash":"0x20668f637329ded2c7bdc068c849942f75325f87c5bc29ddc63e8c0ff1e62097","gas_used":21000,"tx_count":1},"timing":{"execution_ms":0.065784,"state_read_ms":2.907699,"state_hash_ms":8.358767,"commit_ms":0.913887,"total_ms":13.081818},"throughput":{"mgas_per_sec":1.6052814677592977},"state_reads":{"accounts":6,"storage_slots":0,"code":0,"code_bytes":0},"state_writes":{"accounts":2,"accounts_deleted":0,"storage_slots":0,"storage_slots_deleted":0,"code":0,"code_bytes":0},"cache":{"account":{"hits":2,"misses":4,"hit_rate":33.33333333333333},"storage":{"hits":0,"misses":0,"hit_rate":0},"code":{"hits":0,"misses":0,"hit_rate":0,"hit_bytes":0,"miss_bytes":0}}}
INFO [06-01|16:38:14.301] Imported new potential chain segment     number=7084 hash=20668f..e62097 blocks=1 txs=1 mgas=0.021 elapsed=13.388ms    mgasps=1.569  triediffs=6.70MiB triedirty=18.69MiB
INFO [06-01|16:38:14.301] Chain head was updated                   number=7084 hash=20668f..e62097 root=1bb70e..b90004 elapsed="92.927µs"
