WARN [06-01|16:36:36.713] Unknown config environment variable      envvar=GETH_PBT_BIN
WARN [06-01|16:36:36.713] Unknown config environment variable      envvar=GETH_UBT_BIN
INFO [06-01|16:36:36.724] Starting Geth on Ethereum mainnet...
INFO [06-01|16:36:36.726] Maximum peer count                       ETH=0 total=0
INFO [06-01|16:36:36.727] Smartcard socket not found, disabling    err="stat /run/pcscd/pcscd.comm: no such file or directory"
WARN [06-01|16:36:36.729] Option --miner.etherbase is deprecated as the etherbase is set by the consensus client post-merge
INFO [06-01|16:36:36.732] Set global gas cap                       cap=50,000,000
INFO [06-01|16:36:37.530] Using developer account                  address=0xf39Fd6e51aad88F6F4ce6aB8827279cffFb92266
INFO [06-01|16:36:37.572] Using pebble as the backing database
INFO [06-01|16:36:37.572] Allocated cache and file handles         database=/mnt/state_expiry_vol_data/ubt-vs-pbt-dbs/ubt/geth/chaindata cache=2.00GiB handles=262,144
INFO [06-01|16:36:37.810] Opened ancient database                  database=/mnt/state_expiry_vol_data/ubt-vs-pbt-dbs/ubt/geth/chaindata/ancient/chain readonly=true
INFO [06-01|16:36:37.810] Opened Era store                         datadir=/mnt/state_expiry_vol_data/ubt-vs-pbt-dbs/ubt/geth/chaindata/ancient/chain/era
INFO [06-01|16:36:37.818] Initializing the KZG library             backend=gokzg
INFO [06-01|16:36:37.820] Allocated trie memory caches             clean=614.00MiB dirty=1.00GiB
INFO [06-01|16:36:37.828] Using pebble as the backing database
INFO [06-01|16:36:37.828] Allocated cache and file handles         database=/mnt/state_expiry_vol_data/ubt-vs-pbt-dbs/ubt/geth/chaindata cache=2.00GiB handles=262,144
INFO [06-01|16:36:38.047] Opened ancient database                  database=/mnt/state_expiry_vol_data/ubt-vs-pbt-dbs/ubt/geth/chaindata/ancient/chain readonly=false
INFO [06-01|16:36:38.047] Opened Era store                         datadir=/mnt/state_expiry_vol_data/ubt-vs-pbt-dbs/ubt/geth/chaindata/ancient/chain/era
INFO [06-01|16:36:38.054] State scheme set to already existing     scheme=path
INFO [06-01|16:36:38.054] Initialising Ethereum protocol           network=1337 dbversion=9
WARN [06-01|16:36:38.054] Sanitizing invalid node buffer size      provided=1.00GiB updated=256.00MiB
INFO [06-01|16:36:38.055] Load database journal from file          path=/mnt/state_expiry_vol_data/ubt-vs-pbt-dbs/ubt/geth/triedb/verkle.journal
INFO [06-01|16:36:38.373] Opened ancient database                  database=/mnt/state_expiry_vol_data/ubt-vs-pbt-dbs/ubt/geth/chaindata/ancient/state_verkle readonly=false
INFO [06-01|16:36:38.374] State snapshot generator is not compatible
INFO [06-01|16:36:38.375] Initialized path database                triecache=614.00MiB statecache=409.00MiB buffer=256.00MiB state-history="last 90000 blocks" journal-dir=/mnt/state_expiry_vol_data/ubt-vs-pbt-dbs/ubt/geth/triedb verkle=true
INFO [06-01|16:36:38.375] 
INFO [06-01|16:36:38.375] ---------------------------------------------------------------------------------------------------------------------------------------------------------
INFO [06-01|16:36:38.375] Chain ID:  1337 (unknown)
INFO [06-01|16:36:38.375] Consensus: unknown
INFO [06-01|16:36:38.375] 
INFO [06-01|16:36:38.375] Pre-Merge hard forks (block based):
INFO [06-01|16:36:38.375]  - Homestead:                   #0       
INFO [06-01|16:36:38.375]  - Tangerine Whistle (EIP 150): #0       
INFO [06-01|16:36:38.375]  - Spurious Dragon/1 (EIP 155): #0       
INFO [06-01|16:36:38.375]  - Spurious Dragon/2 (EIP 158): #0       
INFO [06-01|16:36:38.375]  - Byzantium:                   #0       
INFO [06-01|16:36:38.375]  - Constantinople:              #0       
INFO [06-01|16:36:38.375]  - Petersburg:                  #0       
INFO [06-01|16:36:38.375]  - Istanbul:                    #0       
INFO [06-01|16:36:38.375]  - Berlin:                      #0       
INFO [06-01|16:36:38.375]  - London:                      #0       
INFO [06-01|16:36:38.375]  - Arrow Glacier:               #0       
INFO [06-01|16:36:38.375]  - Gray Glacier:                #0       
INFO [06-01|16:36:38.375] 
INFO [06-01|16:36:38.375] Merge configured:
INFO [06-01|16:36:38.375]  - Total terminal difficulty:  0
INFO [06-01|16:36:38.375]  - Merge netsplit block:       #0       
INFO [06-01|16:36:38.375] 
INFO [06-01|16:36:38.375] Post-Merge hard forks (timestamp based):
INFO [06-01|16:36:38.375]  - Shanghai:                    @0         
INFO [06-01|16:36:38.375]  - Cancun:                      @0          blob: (target: 3, max: 6, fraction: 3338477)
INFO [06-01|16:36:38.375]  - Prague:                      @0          blob: (target: 6, max: 9, fraction: 5007716)
INFO [06-01|16:36:38.375]  - Osaka:                       @0          blob: (target: 6, max: 9, fraction: 5007716)
INFO [06-01|16:36:38.375]  - UBT:                         @0          blob: (nil)
INFO [06-01|16:36:38.375] 
INFO [06-01|16:36:38.375] All fork specifications can be found at https://ethereum.github.io/execution-specs/src/ethereum/forks/
INFO [06-01|16:36:38.375] 
INFO [06-01|16:36:38.375] ---------------------------------------------------------------------------------------------------------------------------------------------------------
INFO [06-01|16:36:38.375] 
INFO [06-01|16:36:38.378] Loaded most recent local block           number=7026 hash=59587f..317a00 age=3s
INFO [06-01|16:36:38.378] Loaded most recent local finalized block number=7008 hash=fa0a7f..d77535 age=29s
INFO [06-01|16:36:38.379] Initialized transaction indexer          range="last 2350000 blocks"
INFO [06-01|16:36:38.379] Initialized log indexer                  firstblock=0 lastblock=7026 firstmap=0 lastmap=0 headindexed=true
INFO [06-01|16:36:38.417] Enabled full-sync                        head=7026 hash=59587f..317a00
INFO [06-01|16:36:38.417] Unprotected transactions allowed
INFO [06-01|16:36:38.417] Gasprice oracle is ignoring threshold set threshold=2
INFO [06-01|16:36:38.418] Registered sync override service
WARN [06-01|16:36:38.418] You are running Geth in --dev mode. Please note the following:
WARN [06-01|16:36:38.418] 
WARN [06-01|16:36:38.418]   1. This mode is only intended for fast, iterative development without assumptions on
WARN [06-01|16:36:38.418]      security or persistence.
WARN [06-01|16:36:38.418]   2. The database is created in memory unless specified otherwise. Therefore, shutting down
WARN [06-01|16:36:38.418]      your computer or losing power will wipe your entire block data and chain state for
WARN [06-01|16:36:38.418]      your dev environment.
WARN [06-01|16:36:38.418]   3. A random, pre-allocated developer account will be available and unlocked as
WARN [06-01|16:36:38.418]      eth.coinbase, which can be used for testing. The random dev account is temporary,
WARN [06-01|16:36:38.418]      stored on a ramdisk, and will be lost if your machine is restarted.
WARN [06-01|16:36:38.418]   4. Mining is enabled by default. However, the client will only seal blocks if transactions
WARN [06-01|16:36:38.418]      are pending in the mempool. The miner's minimum accepted gas price is 1.
WARN [06-01|16:36:38.418]   5. Networking is disabled; there is no listen-address, the maximum number of peers is set
WARN [06-01|16:36:38.418]      to 0, and discovery is disabled.
WARN [06-01|16:36:38.418] 
INFO [06-01|16:36:38.418] Starting peer-to-peer node               instance=Geth/v1.17.3-unstable/linux-amd64/go1.24.9
WARN [06-01|16:36:38.418] P2P server will be useless, neither dialing nor listening
INFO [06-01|16:36:38.451] IPC endpoint opened                      url=/mnt/state_expiry_vol_data/ubt-vs-pbt-dbs/ubt/geth.ipc
ERROR[06-01|16:36:38.451] Unavailable modules in HTTP API list     unavailable=[personal] available="[admin debug web3 eth txpool miner net dev testing]"
INFO [06-01|16:36:38.451] New local node record                    seq=1,780,289,665,118 id=c084d8867e8cc127 ip=127.0.0.1 udp=0 tcp=0
INFO [06-01|16:36:38.451] Started P2P networking                   self=enode://ed0ccbffbfc0dc9f1b0f8e55d585ad3e61215b1974f32d9388e7ae53563e3ebe0172c21d754fa202c3a63f95bef3ff3ea24339ffdabd0115c47ec5b8d33136a9@127.0.0.1:0
INFO [06-01|16:36:38.451] HTTP server started                      endpoint=127.0.0.1:8545 auth=false prefix= cors= vhosts=localhost
INFO [06-01|16:36:38.451] WebSocket enabled                        url=ws://127.0.0.1:8546
INFO [06-01|16:36:38.926] Loaded local transaction journal         transactions=4809 dropped=0
INFO [06-01|16:36:39.657] Started log indexer
INFO [06-01|16:36:39.710] Starting work on payload                 id=0x036a9fb4e0ed205e
INFO [06-01|16:36:39.727] Updated payload                          id=0x036a9fb4e0ed205e number=7027 hash=f867e2..46e097 txs=0 withdrawals=0 gas=0 fees=0 root=83d20c..e0b615 elapsed=16.923ms
INFO [06-01|16:36:39.727] Stopping work on payload                 id=0x036a9fb4e0ed205e reason=delivery
WARN [06-01|16:36:39.731] {"level":"warn","msg":"Slow block","block":{"number":7027,"hash":"0xf867e2fc21b26e0ac9a555f8adb9b90357976e3f1858ed1967c3519d1446e097","gas_used":0,"tx_count":0},"timing":{"execution_ms":0.045152,"state_read_ms":3.39766,"state_hash_ms":0.002144,"commit_ms":0.224016,"total_ms":3.90008},"throughput":{"mgas_per_sec":0},"state_reads":{"accounts":4,"storage_slots":0,"code":0,"code_bytes":0},"state_writes":{"accounts":0,"accounts_deleted":0,"storage_slots":0,"storage_slots_deleted":0,"code":0,"code_bytes":0},"cache":{"account":{"hits":0,"misses":4,"hit_rate":0},"storage":{"hits":0,"misses":0,"hit_rate":0},"code":{"hits":0,"misses":0,"hit_rate":0,"hit_bytes":0,"miss_bytes":0}}}
INFO [06-01|16:36:39.731] Imported new potential chain segment     number=7027 hash=f867e2..46e097 blocks=1 txs=0 mgas=0.000 elapsed=4.288ms  mgasps=0.000 triediffs=3.95MiB triedirty=18.65MiB
INFO [06-01|16:36:39.732] Chain head was updated                   number=7027 hash=f867e2..46e097 root=83d20c..e0b615 elapsed="84.004µs"
INFO [06-01|16:36:40.753] Starting work on payload                 id=0x0379aa768c32d0f0
INFO [06-01|16:36:40.757] Updated payload                          id=0x0379aa768c32d0f0 number=7028 hash=4a8417..fbcfb9 txs=0 withdrawals=0 gas=0 fees=0 root=83d20c..e0b615 elapsed=3.240ms
INFO [06-01|16:36:40.762] Stopping work on payload                 id=0x0379aa768c32d0f0 reason=delivery
WARN [06-01|16:36:40.776] {"level":"warn","msg":"Slow block","block":{"number":7028,"hash":"0x4a841776d472371fe9d67dc2d51f2039a6f5176d7c1de1c0039047fa68fbcfb9","gas_used":0,"tx_count":0},"timing":{"execution_ms":0.036392,"state_read_ms":18.4777,"state_hash_ms":0.002027,"commit_ms":0.109798,"total_ms":18.838504},"throughput":{"mgas_per_sec":0},"state_reads":{"accounts":4,"storage_slots":0,"code":0,"code_bytes":0},"state_writes":{"accounts":0,"accounts_deleted":0,"storage_slots":0,"storage_slots_deleted":0,"code":0,"code_bytes":0},"cache":{"account":{"hits":0,"misses":4,"hit_rate":0},"storage":{"hits":0,"misses":0,"hit_rate":0},"code":{"hits":0,"misses":0,"hit_rate":0,"hit_bytes":0,"miss_bytes":0}}}
INFO [06-01|16:36:40.776] Imported new potential chain segment     number=7028 hash=4a8417..fbcfb9 blocks=1 txs=0 mgas=0.000 elapsed=19.062ms   mgasps=0.000 triediffs=3.95MiB triedirty=18.65MiB
INFO [06-01|16:36:40.776] Chain head was updated                   number=7028 hash=4a8417..fbcfb9 root=83d20c..e0b615 elapsed="30.903µs"
INFO [06-01|16:36:41.789] Submitted contract creation              hash=0xf0c9b8eff851ac178b5e18e31f8ff1ee7697fefd03dfe93bc306de3bbea5481b from=0xf39Fd6e51aad88F6F4ce6aB8827279cffFb92266 nonce=2149 contract=0xB41e747bC9d07c85F020618A3A07d50F96703A78 value=0
INFO [06-01|16:36:41.789] Submitted transaction                    hash=0x51435be37e03af93e165d545af51f5053cff7430c4e1c97d65188783670b5c3f from=0xf39Fd6e51aad88F6F4ce6aB8827279cffFb92266 nonce=2150 recipient=0xBFB4EF712B05D3E05C4500aD6F002a8D1919BC73 value=78,000,000
INFO [06-01|16:36:41.801] Starting work on payload                 id=0x0373d08e1c2fba6a
INFO [06-01|16:36:41.845] Updated payload                          id=0x0373d08e1c2fba6a number=7029 hash=195a7e..df1154 txs=2 withdrawals=0 gas=86938 fees=5.21628e-13 root=df41cb..9eb82b elapsed=44.474ms
INFO [06-01|16:36:41.845] Stopping work on payload                 id=0x0373d08e1c2fba6a reason=delivery
WARN [06-01|16:36:41.877] {"level":"warn","msg":"Slow block","block":{"number":7029,"hash":"0x195a7ed8698b907a810a0e28124366af0ac31e2797f3664918f0471a15df1154","gas_used":86938,"tx_count":2},"timing":{"execution_ms":0.129542,"state_read_ms":20.357413,"state_hash_ms":2.803734,"commit_ms":6.649573,"total_ms":30.109926},"throughput":{"mgas_per_sec":2.8873534926655084},"state_reads":{"accounts":11,"storage_slots":0,"code":0,"code_bytes":0},"state_writes":{"accounts":3,"accounts_deleted":0,"storage_slots":0,"storage_slots_deleted":0,"code":1,"code_bytes":165},"cache":{"account":{"hits":6,"misses":5,"hit_rate":54.54545454545454},"storage":{"hits":0,"misses":0,"hit_rate":0},"code":{"hits":0,"misses":0,"hit_rate":0,"hit_bytes":0,"miss_bytes":0}}}
INFO [06-01|16:36:41.877] Imported new potential chain segment     number=7029 hash=195a7e..df1154 blocks=1 txs=2 mgas=0.087 elapsed=30.309ms   mgasps=2.868 triediffs=3.95MiB triedirty=18.65MiB
INFO [06-01|16:36:41.877] Chain head was updated                   number=7029 hash=195a7e..df1154 root=df41cb..9eb82b elapsed="161.697µs"
INFO [06-01|16:36:42.802] Submitted transaction                    hash=0xf190d7fc78f366b89d2c8419ed7d5752345255e37a1f14e00bf17dd1d876e625 from=0xBFB4EF712B05D3E05C4500aD6F002a8D1919BC73 nonce=0    recipient=0xB41e747bC9d07c85F020618A3A07d50F96703A78 value=0
INFO [06-01|16:36:42.890] Starting work on payload                 id=0x031c07ca5a4e6289
INFO [06-01|16:36:43.002] Updated payload                          id=0x031c07ca5a4e6289 number=7030 hash=e60950..3031f1 txs=1 withdrawals=0 gas=5,919,370 fees=3.551622e-11 root=efcc7f..f47ac8 elapsed=111.793ms
INFO [06-01|16:36:43.002] Stopping work on payload                 id=0x031c07ca5a4e6289 reason=delivery
WARN [06-01|16:36:43.050] {"level":"warn","msg":"Slow block","block":{"number":7030,"hash":"0xe609509194e320fc4864b76c691a2b65abbf0cc723edea43d6f5299a423031f1","gas_used":5919370,"tx_count":1},"timing":{"execution_ms":3.642492,"state_read_ms":17.42893,"state_hash_ms":12.954268,"commit_ms":2.354777,"total_ms":47.173256},"throughput":{"mgas_per_sec":125.4814804388317},"state_reads":{"accounts":17,"storage_slots":283,"code":11,"code_bytes":445},"state_writes":{"accounts":12,"accounts_deleted":0,"storage_slots":254,"storage_slots_deleted":0,"code":0,"code_bytes":0},"cache":{"account":{"hits":7,"misses":10,"hit_rate":41.17647058823529},"storage":{"hits":91,"misses":192,"hit_rate":32.15547703180212},"code":{"hits":11,"misses":0,"hit_rate":100,"hit_bytes":445,"miss_bytes":0}}}
INFO [06-01|16:36:43.050] Imported new potential chain segment     number=7030 hash=e60950..3031f1 blocks=1 txs=1 mgas=5.919 elapsed=47.377ms    mgasps=124.942 triediffs=4.07MiB triedirty=18.65MiB
INFO [06-01|16:36:43.050] Chain head was updated                   number=7030 hash=e60950..3031f1 root=efcc7f..f47ac8 elapsed="78.763µs"
INFO [06-01|16:36:43.817] Submitted transaction                    hash=0x1c133d0de8a3196edacc5378e0cde045a290d6c0adc25c9f4e518ce83116e048 from=0xBFB4EF712B05D3E05C4500aD6F002a8D1919BC73 nonce=1    recipient=0xf39Fd6e51aad88F6F4ce6aB8827279cffFb92266 value=796,190
INFO [06-01|16:36:44.065] Starting work on payload                 id=0x03a4702d3a96d827
INFO [06-01|16:36:44.092] Updated payload                          id=0x03a4702d3a96d827 number=7031 hash=84fda9..9ad536 txs=1 withdrawals=0 gas=21000     fees=2.1e-14      root=094e81..b84a0a elapsed=26.704ms
INFO [06-01|16:36:44.092] Stopping work on payload                 id=0x03a4702d3a96d827 reason=delivery
WARN [06-01|16:36:44.109] {"level":"warn","msg":"Slow block","block":{"number":7031,"hash":"0x84fda9dcb0a777911fcde9b8e8ffc0a3d8128259ba36dbceb7f90b0b639ad536","gas_used":21000,"tx_count":1},"timing":{"execution_ms":0.084366,"state_read_ms":9.484036,"state_hash_ms":3.805989,"commit_ms":0.50989,"total_ms":16.80224},"throughput":{"mgas_per_sec":1.249833355552593},"state_reads":{"accounts":6,"storage_slots":0,"code":0,"code_bytes":0},"state_writes":{"accounts":2,"accounts_deleted":0,"storage_slots":0,"storage_slots_deleted":0,"code":0,"code_bytes":0},"cache":{"account":{"hits":2,"misses":4,"hit_rate":33.33333333333333},"storage":{"hits":0,"misses":0,"hit_rate":0},"code":{"hits":0,"misses":0,"hit_rate":0,"hit_bytes":0,"miss_bytes":0}}}
INFO [06-01|16:36:44.109] Imported new potential chain segment     number=7031 hash=84fda9..9ad536 blocks=1 txs=1 mgas=0.021 elapsed=16.946ms    mgasps=1.239   triediffs=4.07MiB triedirty=18.65MiB
INFO [06-01|16:36:44.109] Chain head was updated                   number=7031 hash=84fda9..9ad536 root=094e81..b84a0a elapsed="40.394µs"
INFO [06-01|16:36:45.128] Starting work on payload                 id=0x03d03c619259fc05
INFO [06-01|16:36:45.143] Updated payload                          id=0x03d03c619259fc05 number=7032 hash=c58dc6..b3bad1 txs=0 withdrawals=0 gas=0         fees=0            root=094e81..b84a0a elapsed=14.740ms
INFO [06-01|16:36:45.143] Stopping work on payload                 id=0x03d03c619259fc05 reason=delivery
WARN [06-01|16:36:45.168] {"level":"warn","msg":"Slow block","block":{"number":7032,"hash":"0xc58dc6b6718a8647934aacd6e2b3f9ed3ee1fab1f3a07fe04c210c054cb3bad1","gas_used":0,"tx_count":0},"timing":{"execution_ms":0.040415,"state_read_ms":23.892046,"state_hash_ms":0.003683,"commit_ms":0.154773,"total_ms":24.340463},"throughput":{"mgas_per_sec":0},"state_reads":{"accounts":4,"storage_slots":0,"code":0,"code_bytes":0},"state_writes":{"accounts":0,"accounts_deleted":0,"storage_slots":0,"storage_slots_deleted":0,"code":0,"code_bytes":0},"cache":{"account":{"hits":0,"misses":4,"hit_rate":0},"storage":{"hits":0,"misses":0,"hit_rate":0},"code":{"hits":0,"misses":0,"hit_rate":0,"hit_bytes":0,"miss_bytes":0}}}
INFO [06-01|16:36:45.168] Imported new potential chain segment     number=7032 hash=c58dc6..b3bad1 blocks=1 txs=0 mgas=0.000 elapsed=25.000ms    mgasps=0.000   triediffs=4.07MiB triedirty=18.65MiB
INFO [06-01|16:36:45.168] Chain head was updated                   number=7032 hash=c58dc6..b3bad1 root=094e81..b84a0a elapsed="52.351µs"
