WARN [06-01|16:47:06.375] Unknown config environment variable      envvar=GETH_PBT_BIN
WARN [06-01|16:47:06.375] Unknown config environment variable      envvar=GETH_UBT_BIN
INFO [06-01|16:47:06.386] Starting Geth on Ethereum mainnet...
INFO [06-01|16:47:06.388] Maximum peer count                       ETH=0 total=0
INFO [06-01|16:47:06.389] Smartcard socket not found, disabling    err="stat /run/pcscd/pcscd.comm: no such file or directory"
WARN [06-01|16:47:06.393] Option --miner.etherbase is deprecated as the etherbase is set by the consensus client post-merge
INFO [06-01|16:47:06.396] Set global gas cap                       cap=50,000,000
INFO [06-01|16:47:07.205] Using developer account                  address=0xf39Fd6e51aad88F6F4ce6aB8827279cffFb92266
INFO [06-01|16:47:07.246] Using pebble as the backing database
INFO [06-01|16:47:07.246] Allocated cache and file handles         database=/mnt/state_expiry_vol_data/ubt-vs-pbt-dbs/ubt/geth/chaindata cache=2.00GiB handles=262,144
INFO [06-01|16:47:07.481] Opened ancient database                  database=/mnt/state_expiry_vol_data/ubt-vs-pbt-dbs/ubt/geth/chaindata/ancient/chain readonly=true
INFO [06-01|16:47:07.481] Opened Era store                         datadir=/mnt/state_expiry_vol_data/ubt-vs-pbt-dbs/ubt/geth/chaindata/ancient/chain/era
INFO [06-01|16:47:07.489] Initializing the KZG library             backend=gokzg
INFO [06-01|16:47:07.490] Allocated trie memory caches             clean=614.00MiB dirty=1.00GiB
INFO [06-01|16:47:07.508] Using pebble as the backing database
INFO [06-01|16:47:07.508] Allocated cache and file handles         database=/mnt/state_expiry_vol_data/ubt-vs-pbt-dbs/ubt/geth/chaindata cache=2.00GiB handles=262,144
INFO [06-01|16:47:07.713] Opened ancient database                  database=/mnt/state_expiry_vol_data/ubt-vs-pbt-dbs/ubt/geth/chaindata/ancient/chain readonly=false
INFO [06-01|16:47:07.713] Opened Era store                         datadir=/mnt/state_expiry_vol_data/ubt-vs-pbt-dbs/ubt/geth/chaindata/ancient/chain/era
INFO [06-01|16:47:07.719] State scheme set to already existing     scheme=path
INFO [06-01|16:47:07.719] Initialising Ethereum protocol           network=1337 dbversion=9
WARN [06-01|16:47:07.720] Sanitizing invalid node buffer size      provided=1.00GiB updated=256.00MiB
INFO [06-01|16:47:07.721] Load database journal from file          path=/mnt/state_expiry_vol_data/ubt-vs-pbt-dbs/ubt/geth/triedb/verkle.journal
INFO [06-01|16:47:08.339] Opened ancient database                  database=/mnt/state_expiry_vol_data/ubt-vs-pbt-dbs/ubt/geth/chaindata/ancient/state_verkle readonly=false
INFO [06-01|16:47:08.341] State snapshot generator is not compatible
INFO [06-01|16:47:08.341] Initialized path database                triecache=614.00MiB statecache=409.00MiB buffer=256.00MiB state-history="last 90000 blocks" journal-dir=/mnt/state_expiry_vol_data/ubt-vs-pbt-dbs/ubt/geth/triedb verkle=true
INFO [06-01|16:47:08.341] 
INFO [06-01|16:47:08.341] ---------------------------------------------------------------------------------------------------------------------------------------------------------
INFO [06-01|16:47:08.341] Chain ID:  1337 (unknown)
INFO [06-01|16:47:08.341] Consensus: unknown
INFO [06-01|16:47:08.341] 
INFO [06-01|16:47:08.341] Pre-Merge hard forks (block based):
INFO [06-01|16:47:08.341]  - Homestead:                   #0       
INFO [06-01|16:47:08.341]  - Tangerine Whistle (EIP 150): #0       
INFO [06-01|16:47:08.341]  - Spurious Dragon/1 (EIP 155): #0       
INFO [06-01|16:47:08.341]  - Spurious Dragon/2 (EIP 158): #0       
INFO [06-01|16:47:08.341]  - Byzantium:                   #0       
INFO [06-01|16:47:08.341]  - Constantinople:              #0       
INFO [06-01|16:47:08.341]  - Petersburg:                  #0       
INFO [06-01|16:47:08.341]  - Istanbul:                    #0       
INFO [06-01|16:47:08.341]  - Berlin:                      #0       
INFO [06-01|16:47:08.341]  - London:                      #0       
INFO [06-01|16:47:08.341]  - Arrow Glacier:               #0       
INFO [06-01|16:47:08.341]  - Gray Glacier:                #0       
INFO [06-01|16:47:08.341] 
INFO [06-01|16:47:08.341] Merge configured:
INFO [06-01|16:47:08.341]  - Total terminal difficulty:  0
INFO [06-01|16:47:08.341]  - Merge netsplit block:       #0       
INFO [06-01|16:47:08.341] 
INFO [06-01|16:47:08.341] Post-Merge hard forks (timestamp based):
INFO [06-01|16:47:08.341]  - Shanghai:                    @0         
INFO [06-01|16:47:08.341]  - Cancun:                      @0          blob: (target: 3, max: 6, fraction: 3338477)
INFO [06-01|16:47:08.341]  - Prague:                      @0          blob: (target: 6, max: 9, fraction: 5007716)
INFO [06-01|16:47:08.341]  - Osaka:                       @0          blob: (target: 6, max: 9, fraction: 5007716)
INFO [06-01|16:47:08.341]  - UBT:                         @0          blob: (nil)
INFO [06-01|16:47:08.341] 
INFO [06-01|16:47:08.341] All fork specifications can be found at https://ethereum.github.io/execution-specs/src/ethereum/forks/
INFO [06-01|16:47:08.341] 
INFO [06-01|16:47:08.341] ---------------------------------------------------------------------------------------------------------------------------------------------------------
INFO [06-01|16:47:08.341] 
INFO [06-01|16:47:08.342] Loaded most recent local block           number=7376 hash=b3228b..df4ebc age=4s
INFO [06-01|16:47:08.342] Loaded most recent local finalized block number=7360 hash=95aa33..95bb35 age=34s
INFO [06-01|16:47:08.343] Initialized transaction indexer          range="last 2350000 blocks"
INFO [06-01|16:47:08.343] Initialized log indexer                  firstblock=0 lastblock=7376 firstmap=0 lastmap=0 headindexed=true
INFO [06-01|16:47:08.377] Enabled full-sync                        head=7376 hash=b3228b..df4ebc
INFO [06-01|16:47:08.377] Unprotected transactions allowed
INFO [06-01|16:47:08.377] Gasprice oracle is ignoring threshold set threshold=2
INFO [06-01|16:47:08.377] Registered sync override service
WARN [06-01|16:47:08.377] You are running Geth in --dev mode. Please note the following:
WARN [06-01|16:47:08.377] 
WARN [06-01|16:47:08.377]   1. This mode is only intended for fast, iterative development without assumptions on
WARN [06-01|16:47:08.377]      security or persistence.
WARN [06-01|16:47:08.377]   2. The database is created in memory unless specified otherwise. Therefore, shutting down
WARN [06-01|16:47:08.377]      your computer or losing power will wipe your entire block data and chain state for
WARN [06-01|16:47:08.377]      your dev environment.
WARN [06-01|16:47:08.377]   3. A random, pre-allocated developer account will be available and unlocked as
WARN [06-01|16:47:08.377]      eth.coinbase, which can be used for testing. The random dev account is temporary,
WARN [06-01|16:47:08.377]      stored on a ramdisk, and will be lost if your machine is restarted.
WARN [06-01|16:47:08.377]   4. Mining is enabled by default. However, the client will only seal blocks if transactions
WARN [06-01|16:47:08.377]      are pending in the mempool. The miner's minimum accepted gas price is 1.
WARN [06-01|16:47:08.377]   5. Networking is disabled; there is no listen-address, the maximum number of peers is set
WARN [06-01|16:47:08.377]      to 0, and discovery is disabled.
WARN [06-01|16:47:08.377] 
INFO [06-01|16:47:08.377] Starting peer-to-peer node               instance=Geth/v1.17.3-unstable/linux-amd64/go1.24.9
WARN [06-01|16:47:08.377] P2P server will be useless, neither dialing nor listening
INFO [06-01|16:47:08.403] IPC endpoint opened                      url=/mnt/state_expiry_vol_data/ubt-vs-pbt-dbs/ubt/geth.ipc
ERROR[06-01|16:47:08.403] Unavailable modules in HTTP API list     unavailable=[personal] available="[admin debug web3 eth txpool miner net dev testing]"
INFO [06-01|16:47:08.403] New local node record                    seq=1,780,289,665,178 id=c084d8867e8cc127 ip=127.0.0.1 udp=0 tcp=0
INFO [06-01|16:47:08.403] Started P2P networking                   self=enode://ed0ccbffbfc0dc9f1b0f8e55d585ad3e61215b1974f32d9388e7ae53563e3ebe0172c21d754fa202c3a63f95bef3ff3ea24339ffdabd0115c47ec5b8d33136a9@127.0.0.1:0
INFO [06-01|16:47:08.404] HTTP server started                      endpoint=127.0.0.1:8545 auth=false prefix= cors= vhosts=localhost
INFO [06-01|16:47:08.404] WebSocket enabled                        url=ws://127.0.0.1:8546
INFO [06-01|16:47:08.948] Loaded local transaction journal         transactions=5049 dropped=0
INFO [06-01|16:47:09.603] Started log indexer
INFO [06-01|16:47:09.658] Starting work on payload                 id=0x0397b15231411e2e
INFO [06-01|16:47:09.673] Updated payload                          id=0x0397b15231411e2e number=7377 hash=d0f447..d9ad9f txs=0 withdrawals=0 gas=0 fees=0 root=18e20e..cbfa29 elapsed=14.794ms
INFO [06-01|16:47:09.673] Stopping work on payload                 id=0x0397b15231411e2e reason=delivery
WARN [06-01|16:47:09.699] {"level":"warn","msg":"Slow block","block":{"number":7377,"hash":"0xd0f447b7eaba62e6f06664bf8d9f138c83098c0370f60be2fd64a0acc7d9ad9f","gas_used":0,"tx_count":0},"timing":{"execution_ms":0.035271,"state_read_ms":25.048504,"state_hash_ms":0.002129,"commit_ms":0.165727,"total_ms":25.428287},"throughput":{"mgas_per_sec":0},"state_reads":{"accounts":4,"storage_slots":0,"code":0,"code_bytes":0},"state_writes":{"accounts":0,"accounts_deleted":0,"storage_slots":0,"storage_slots_deleted":0,"code":0,"code_bytes":0},"cache":{"account":{"hits":0,"misses":4,"hit_rate":0},"storage":{"hits":0,"misses":0,"hit_rate":0},"code":{"hits":0,"misses":0,"hit_rate":0,"hit_bytes":0,"miss_bytes":0}}}
INFO [06-01|16:47:09.699] Imported new potential chain segment     number=7377 hash=d0f447..d9ad9f blocks=1 txs=0 mgas=0.000 elapsed=25.728ms mgasps=0.000 triediffs=34.39MiB triedirty=22.13MiB
INFO [06-01|16:47:09.699] Chain head was updated                   number=7377 hash=d0f447..d9ad9f root=18e20e..cbfa29 elapsed="59.046µs"
INFO [06-01|16:47:10.715] Starting work on payload                 id=0x035d66e2d4263691
INFO [06-01|16:47:10.736] Updated payload                          id=0x035d66e2d4263691 number=7378 hash=bad385..a407a0 txs=0 withdrawals=0 gas=0 fees=0 root=18e20e..cbfa29 elapsed=20.728ms
INFO [06-01|16:47:10.738] Stopping work on payload                 id=0x035d66e2d4263691 reason=delivery
WARN [06-01|16:47:10.746] {"level":"warn","msg":"Slow block","block":{"number":7378,"hash":"0xbad3854e4608532698278c21997feca2a864d5133bb1efe022ecfd0b6aa407a0","gas_used":0,"tx_count":0},"timing":{"execution_ms":0.049139,"state_read_ms":9.099903,"state_hash_ms":0.003026,"commit_ms":0.150131,"total_ms":9.524074},"throughput":{"mgas_per_sec":0},"state_reads":{"accounts":4,"storage_slots":0,"code":0,"code_bytes":0},"state_writes":{"accounts":0,"accounts_deleted":0,"storage_slots":0,"storage_slots_deleted":0,"code":0,"code_bytes":0},"cache":{"account":{"hits":0,"misses":4,"hit_rate":0},"storage":{"hits":0,"misses":0,"hit_rate":0},"code":{"hits":0,"misses":0,"hit_rate":0,"hit_bytes":0,"miss_bytes":0}}}
INFO [06-01|16:47:10.746] Imported new potential chain segment     number=7378 hash=bad385..a407a0 blocks=1 txs=0 mgas=0.000 elapsed=9.780ms    mgasps=0.000 triediffs=34.39MiB triedirty=22.13MiB
INFO [06-01|16:47:10.747] Chain head was updated                   number=7378 hash=bad385..a407a0 root=18e20e..cbfa29 elapsed="58.782µs"
INFO [06-01|16:47:11.492] Submitted contract creation              hash=0xc4cc4add6d23cc612ada97cc98b9daac813659c538ae75648d352500ae84b8e4 from=0xf39Fd6e51aad88F6F4ce6aB8827279cffFb92266 nonce=2269 contract=0xA3c5E24dCE36ABa080eBc9c4444dad7E578A17EF value=0
INFO [06-01|16:47:11.492] Submitted transaction                    hash=0xe66a5a4227ba5d8274d1b578031ccadf98ab1843a6fc30e99540765fda19a06b from=0xf39Fd6e51aad88F6F4ce6aB8827279cffFb92266 nonce=2270 recipient=0x60100c8a554954C3529A4907ea898ce5d88Cb3e0 value=78,000,000
INFO [06-01|16:47:11.759] Starting work on payload                 id=0x03591f7e915c3587
INFO [06-01|16:47:11.800] Updated payload                          id=0x03591f7e915c3587 number=7379 hash=08d0f1..db3207 txs=2 withdrawals=0 gas=91678 fees=5.50068e-13 root=90253f..70d5f2 elapsed=41.659ms
INFO [06-01|16:47:11.800] Stopping work on payload                 id=0x03591f7e915c3587 reason=delivery
WARN [06-01|16:47:11.826] {"level":"warn","msg":"Slow block","block":{"number":7379,"hash":"0x08d0f177e9b8e1580585245eff711ba33347fd5cfadce83e934f7e5d88db3207","gas_used":91678,"tx_count":2},"timing":{"execution_ms":0.172627,"state_read_ms":15.202491,"state_hash_ms":4.675995,"commit_ms":5.211715,"total_ms":25.482829},"throughput":{"mgas_per_sec":3.5976382371046793},"state_reads":{"accounts":11,"storage_slots":0,"code":0,"code_bytes":0},"state_writes":{"accounts":3,"accounts_deleted":0,"storage_slots":0,"storage_slots_deleted":0,"code":1,"code_bytes":303},"cache":{"account":{"hits":5,"misses":6,"hit_rate":45.45454545454545},"storage":{"hits":0,"misses":0,"hit_rate":0},"code":{"hits":0,"misses":0,"hit_rate":0,"hit_bytes":0,"miss_bytes":0}}}
INFO [06-01|16:47:11.826] Imported new potential chain segment     number=7379 hash=08d0f1..db3207 blocks=1 txs=2 mgas=0.092 elapsed=25.680ms   mgasps=3.570 triediffs=33.75MiB triedirty=22.31MiB
INFO [06-01|16:47:11.827] Chain head was updated                   number=7379 hash=08d0f1..db3207 root=90253f..70d5f2 elapsed="172.598µs"
INFO [06-01|16:47:12.505] Submitted transaction                    hash=0xb9ff74d5095eb8e447afa5b357b133e475baf3f6e7853f5d7ea781c8adacf287 from=0x60100c8a554954C3529A4907ea898ce5d88Cb3e0 nonce=0    recipient=0xA3c5E24dCE36ABa080eBc9c4444dad7E578A17EF value=0
INFO [06-01|16:47:12.856] Starting work on payload                 id=0x03b02628e2c514fb
INFO [06-01|16:47:13.053] Updated payload                          id=0x03b02628e2c514fb number=7380 hash=8b60f9..7a4f86 txs=1 withdrawals=0 gas=5,911,513 fees=3.5469078e-11 root=b41019..4f500f elapsed=197.331ms
INFO [06-01|16:47:13.053] Stopping work on payload                 id=0x03b02628e2c514fb reason=delivery
WARN [06-01|16:47:13.144] {"level":"warn","msg":"Slow block","block":{"number":7380,"hash":"0x8b60f96f4bacddfab861f2409e18a6d9408ded8069efa173f2d3ef24c77a4f86","gas_used":5911513,"tx_count":1},"timing":{"execution_ms":56.143763,"state_read_ms":27.914507,"state_hash_ms":4.964274,"commit_ms":1.060807,"total_ms":90.559874},"throughput":{"mgas_per_sec":65.27739868542662},"state_reads":{"accounts":8,"storage_slots":638,"code":2,"code_bytes":331},"state_writes":{"accounts":3,"accounts_deleted":0,"storage_slots":96,"storage_slots_deleted":0,"code":0,"code_bytes":0},"cache":{"account":{"hits":4,"misses":4,"hit_rate":50},"storage":{"hits":46,"misses":592,"hit_rate":7.210031347962382},"code":{"hits":2,"misses":0,"hit_rate":100,"hit_bytes":331,"miss_bytes":0}}}
INFO [06-01|16:47:13.144] Imported new potential chain segment     number=7380 hash=8b60f9..7a4f86 blocks=1 txs=1 mgas=5.912 elapsed=90.739ms    mgasps=65.148 triediffs=33.77MiB triedirty=22.31MiB
INFO [06-01|16:47:13.144] Chain head was updated                   number=7380 hash=8b60f9..7a4f86 root=b41019..4f500f elapsed="77.812µs"
INFO [06-01|16:47:13.520] Submitted transaction                    hash=0x66bf39d2d17309329d958e53c81bb14bb65fc1e5392d3c97222463f6730c1242 from=0x60100c8a554954C3529A4907ea898ce5d88Cb3e0 nonce=1    recipient=0xf39Fd6e51aad88F6F4ce6aB8827279cffFb92266 value=898,331
INFO [06-01|16:47:14.151] Starting work on payload                 id=0x03937413ccad5ff5
INFO [06-01|16:47:14.178] Updated payload                          id=0x03937413ccad5ff5 number=7381 hash=24b706..118d34 txs=1 withdrawals=0 gas=21000     fees=2.1e-14       root=8a3805..c69a91 elapsed=27.255ms
INFO [06-01|16:47:14.178] Stopping work on payload                 id=0x03937413ccad5ff5 reason=delivery
WARN [06-01|16:47:14.209] {"level":"warn","msg":"Slow block","block":{"number":7381,"hash":"0x24b7060eff82e50782e24e0f427607903de4bf13d0f4a29f4dcf37c9e6118d34","gas_used":21000,"tx_count":1},"timing":{"execution_ms":0.06673,"state_read_ms":26.943047,"state_hash_ms":2.339445,"commit_ms":0.862988,"total_ms":30.40057},"throughput":{"mgas_per_sec":0.69077652162443},"state_reads":{"accounts":6,"storage_slots":0,"code":0,"code_bytes":0},"state_writes":{"accounts":2,"accounts_deleted":0,"storage_slots":0,"storage_slots_deleted":0,"code":0,"code_bytes":0},"cache":{"account":{"hits":2,"misses":4,"hit_rate":33.33333333333333},"storage":{"hits":0,"misses":0,"hit_rate":0},"code":{"hits":0,"misses":0,"hit_rate":0,"hit_bytes":0,"miss_bytes":0}}}
INFO [06-01|16:47:14.209] Imported new potential chain segment     number=7381 hash=24b706..118d34 blocks=1 txs=1 mgas=0.021 elapsed=30.664ms    mgasps=0.685  triediffs=33.77MiB triedirty=22.31MiB
INFO [06-01|16:47:14.209] Chain head was updated                   number=7381 hash=24b706..118d34 root=8a3805..c69a91 elapsed="54.128µs"
