WARN [06-01|16:50:03.380] Unknown config environment variable      envvar=GETH_PBT_BIN
WARN [06-01|16:50:03.380] Unknown config environment variable      envvar=GETH_UBT_BIN
INFO [06-01|16:50:03.391] Starting Geth on Ethereum mainnet...
INFO [06-01|16:50:03.393] Maximum peer count                       ETH=0 total=0
INFO [06-01|16:50:03.394] Smartcard socket not found, disabling    err="stat /run/pcscd/pcscd.comm: no such file or directory"
WARN [06-01|16:50:03.397] Option --miner.etherbase is deprecated as the etherbase is set by the consensus client post-merge
INFO [06-01|16:50:03.400] Set global gas cap                       cap=50,000,000
INFO [06-01|16:50:04.255] Using developer account                  address=0xf39Fd6e51aad88F6F4ce6aB8827279cffFb92266
INFO [06-01|16:50:04.300] Using pebble as the backing database
INFO [06-01|16:50:04.301] Allocated cache and file handles         database=/mnt/state_expiry_vol_data/ubt-vs-pbt-dbs/ubt/geth/chaindata cache=2.00GiB handles=262,144
INFO [06-01|16:50:04.540] Opened ancient database                  database=/mnt/state_expiry_vol_data/ubt-vs-pbt-dbs/ubt/geth/chaindata/ancient/chain readonly=true
INFO [06-01|16:50:04.540] Opened Era store                         datadir=/mnt/state_expiry_vol_data/ubt-vs-pbt-dbs/ubt/geth/chaindata/ancient/chain/era
INFO [06-01|16:50:04.549] Initializing the KZG library             backend=gokzg
INFO [06-01|16:50:04.550] Allocated trie memory caches             clean=614.00MiB dirty=1.00GiB
INFO [06-01|16:50:04.562] Using pebble as the backing database
INFO [06-01|16:50:04.562] Allocated cache and file handles         database=/mnt/state_expiry_vol_data/ubt-vs-pbt-dbs/ubt/geth/chaindata cache=2.00GiB handles=262,144
INFO [06-01|16:50:04.779] Opened ancient database                  database=/mnt/state_expiry_vol_data/ubt-vs-pbt-dbs/ubt/geth/chaindata/ancient/chain readonly=false
INFO [06-01|16:50:04.779] Opened Era store                         datadir=/mnt/state_expiry_vol_data/ubt-vs-pbt-dbs/ubt/geth/chaindata/ancient/chain/era
INFO [06-01|16:50:04.785] State scheme set to already existing     scheme=path
INFO [06-01|16:50:04.785] Initialising Ethereum protocol           network=1337 dbversion=9
WARN [06-01|16:50:04.785] Sanitizing invalid node buffer size      provided=1.00GiB updated=256.00MiB
INFO [06-01|16:50:04.786] Load database journal from file          path=/mnt/state_expiry_vol_data/ubt-vs-pbt-dbs/ubt/geth/triedb/verkle.journal
INFO [06-01|16:50:05.253] Opened ancient database                  database=/mnt/state_expiry_vol_data/ubt-vs-pbt-dbs/ubt/geth/chaindata/ancient/state_verkle readonly=false
INFO [06-01|16:50:05.255] State snapshot generator is not compatible
INFO [06-01|16:50:05.255] Initialized path database                triecache=614.00MiB statecache=409.00MiB buffer=256.00MiB state-history="last 90000 blocks" journal-dir=/mnt/state_expiry_vol_data/ubt-vs-pbt-dbs/ubt/geth/triedb verkle=true
INFO [06-01|16:50:05.255] 
INFO [06-01|16:50:05.255] ---------------------------------------------------------------------------------------------------------------------------------------------------------
INFO [06-01|16:50:05.256] Chain ID:  1337 (unknown)
INFO [06-01|16:50:05.256] Consensus: unknown
INFO [06-01|16:50:05.256] 
INFO [06-01|16:50:05.256] Pre-Merge hard forks (block based):
INFO [06-01|16:50:05.256]  - Homestead:                   #0       
INFO [06-01|16:50:05.256]  - Tangerine Whistle (EIP 150): #0       
INFO [06-01|16:50:05.256]  - Spurious Dragon/1 (EIP 155): #0       
INFO [06-01|16:50:05.256]  - Spurious Dragon/2 (EIP 158): #0       
INFO [06-01|16:50:05.256]  - Byzantium:                   #0       
INFO [06-01|16:50:05.256]  - Constantinople:              #0       
INFO [06-01|16:50:05.256]  - Petersburg:                  #0       
INFO [06-01|16:50:05.256]  - Istanbul:                    #0       
INFO [06-01|16:50:05.256]  - Berlin:                      #0       
INFO [06-01|16:50:05.256]  - London:                      #0       
INFO [06-01|16:50:05.256]  - Arrow Glacier:               #0       
INFO [06-01|16:50:05.256]  - Gray Glacier:                #0       
INFO [06-01|16:50:05.256] 
INFO [06-01|16:50:05.256] Merge configured:
INFO [06-01|16:50:05.256]  - Total terminal difficulty:  0
INFO [06-01|16:50:05.256]  - Merge netsplit block:       #0       
INFO [06-01|16:50:05.256] 
INFO [06-01|16:50:05.256] Post-Merge hard forks (timestamp based):
INFO [06-01|16:50:05.256]  - Shanghai:                    @0         
INFO [06-01|16:50:05.256]  - Cancun:                      @0          blob: (target: 3, max: 6, fraction: 3338477)
INFO [06-01|16:50:05.256]  - Prague:                      @0          blob: (target: 6, max: 9, fraction: 5007716)
INFO [06-01|16:50:05.256]  - Osaka:                       @0          blob: (target: 6, max: 9, fraction: 5007716)
INFO [06-01|16:50:05.256]  - UBT:                         @0          blob: (nil)
INFO [06-01|16:50:05.256] 
INFO [06-01|16:50:05.256] All fork specifications can be found at https://ethereum.github.io/execution-specs/src/ethereum/forks/
INFO [06-01|16:50:05.256] 
INFO [06-01|16:50:05.256] ---------------------------------------------------------------------------------------------------------------------------------------------------------
INFO [06-01|16:50:05.256] 
INFO [06-01|16:50:05.257] Loaded most recent local block           number=7468 hash=4473d8..11c41e age=4s
INFO [06-01|16:50:05.257] Loaded most recent local finalized block number=7456 hash=c8a703..fecbf4 age=26s
INFO [06-01|16:50:05.258] Initialized transaction indexer          range="last 2350000 blocks"
INFO [06-01|16:50:05.258] Initialized log indexer                  firstblock=0 lastblock=7468 firstmap=0 lastmap=0 headindexed=true
INFO [06-01|16:50:05.292] Enabled full-sync                        head=7468 hash=4473d8..11c41e
INFO [06-01|16:50:05.292] Unprotected transactions allowed
INFO [06-01|16:50:05.292] Gasprice oracle is ignoring threshold set threshold=2
INFO [06-01|16:50:05.292] Registered sync override service
WARN [06-01|16:50:05.292] You are running Geth in --dev mode. Please note the following:
WARN [06-01|16:50:05.292] 
WARN [06-01|16:50:05.292]   1. This mode is only intended for fast, iterative development without assumptions on
WARN [06-01|16:50:05.292]      security or persistence.
WARN [06-01|16:50:05.292]   2. The database is created in memory unless specified otherwise. Therefore, shutting down
WARN [06-01|16:50:05.292]      your computer or losing power will wipe your entire block data and chain state for
WARN [06-01|16:50:05.292]      your dev environment.
WARN [06-01|16:50:05.292]   3. A random, pre-allocated developer account will be available and unlocked as
WARN [06-01|16:50:05.292]      eth.coinbase, which can be used for testing. The random dev account is temporary,
WARN [06-01|16:50:05.292]      stored on a ramdisk, and will be lost if your machine is restarted.
WARN [06-01|16:50:05.292]   4. Mining is enabled by default. However, the client will only seal blocks if transactions
WARN [06-01|16:50:05.292]      are pending in the mempool. The miner's minimum accepted gas price is 1.
WARN [06-01|16:50:05.292]   5. Networking is disabled; there is no listen-address, the maximum number of peers is set
WARN [06-01|16:50:05.292]      to 0, and discovery is disabled.
WARN [06-01|16:50:05.292] 
INFO [06-01|16:50:05.292] Starting peer-to-peer node               instance=Geth/v1.17.3-unstable/linux-amd64/go1.24.9
WARN [06-01|16:50:05.292] P2P server will be useless, neither dialing nor listening
INFO [06-01|16:50:05.313] IPC endpoint opened                      url=/mnt/state_expiry_vol_data/ubt-vs-pbt-dbs/ubt/geth.ipc
ERROR[06-01|16:50:05.313] Unavailable modules in HTTP API list     unavailable=[personal] available="[admin debug web3 eth txpool miner net dev testing]"
INFO [06-01|16:50:05.314] New local node record                    seq=1,780,289,665,196 id=c084d8867e8cc127 ip=127.0.0.1 udp=0 tcp=0
INFO [06-01|16:50:05.314] Started P2P networking                   self=enode://ed0ccbffbfc0dc9f1b0f8e55d585ad3e61215b1974f32d9388e7ae53563e3ebe0172c21d754fa202c3a63f95bef3ff3ea24339ffdabd0115c47ec5b8d33136a9@127.0.0.1:0
INFO [06-01|16:50:05.314] HTTP server started                      endpoint=127.0.0.1:8545 auth=false prefix= cors= vhosts=localhost
INFO [06-01|16:50:05.314] WebSocket enabled                        url=ws://127.0.0.1:8546
INFO [06-01|16:50:05.868] Loaded local transaction journal         transactions=5121 dropped=0
INFO [06-01|16:50:06.442] Started log indexer
INFO [06-01|16:50:06.501] Starting work on payload                 id=0x035e028f8df2485b
INFO [06-01|16:50:06.516] Updated payload                          id=0x035e028f8df2485b number=7469 hash=f71364..1e1eea txs=0 withdrawals=0 gas=0 fees=0 root=0ee426..3eadf9 elapsed=15.016ms
INFO [06-01|16:50:06.516] Stopping work on payload                 id=0x035e028f8df2485b reason=delivery
WARN [06-01|16:50:06.544] {"level":"warn","msg":"Slow block","block":{"number":7469,"hash":"0xf713641a1985ae19f9261b31460a85e0c1786db7378bddf9feafd1fae81e1eea","gas_used":0,"tx_count":0},"timing":{"execution_ms":0.036991,"state_read_ms":27.206145,"state_hash_ms":0.002912,"commit_ms":0.227509,"total_ms":27.675329},"throughput":{"mgas_per_sec":0},"state_reads":{"accounts":4,"storage_slots":0,"code":0,"code_bytes":0},"state_writes":{"accounts":0,"accounts_deleted":0,"storage_slots":0,"storage_slots_deleted":0,"code":0,"code_bytes":0},"cache":{"account":{"hits":0,"misses":4,"hit_rate":0},"storage":{"hits":0,"misses":0,"hit_rate":0},"code":{"hits":0,"misses":0,"hit_rate":0,"hit_bytes":0,"miss_bytes":0}}}
INFO [06-01|16:50:06.544] Imported new potential chain segment     number=7469 hash=f71364..1e1eea blocks=1 txs=0 mgas=0.000 elapsed=27.968ms mgasps=0.000 triediffs=17.92MiB triedirty=25.91MiB
INFO [06-01|16:50:06.545] Chain head was updated                   number=7469 hash=f71364..1e1eea root=0ee426..3eadf9 elapsed="57.071µs"
INFO [06-01|16:50:07.554] Starting work on payload                 id=0x03debe67d29cdadb
INFO [06-01|16:50:07.575] Updated payload                          id=0x03debe67d29cdadb number=7470 hash=b5fba0..989fa0 txs=0 withdrawals=0 gas=0 fees=0 root=0ee426..3eadf9 elapsed=21.132ms
INFO [06-01|16:50:07.575] Stopping work on payload                 id=0x03debe67d29cdadb reason=delivery
WARN [06-01|16:50:07.578] {"level":"warn","msg":"Slow block","block":{"number":7470,"hash":"0xb5fba0cee5db83d7295cfe17462deb411ee7e0507395bc027edbddefc0989fa0","gas_used":0,"tx_count":0},"timing":{"execution_ms":0.030054,"state_read_ms":2.624529,"state_hash_ms":0.001744,"commit_ms":0.095194,"total_ms":2.922123},"throughput":{"mgas_per_sec":0},"state_reads":{"accounts":4,"storage_slots":0,"code":0,"code_bytes":0},"state_writes":{"accounts":0,"accounts_deleted":0,"storage_slots":0,"storage_slots_deleted":0,"code":0,"code_bytes":0},"cache":{"account":{"hits":0,"misses":4,"hit_rate":0},"storage":{"hits":0,"misses":0,"hit_rate":0},"code":{"hits":0,"misses":0,"hit_rate":0,"hit_bytes":0,"miss_bytes":0}}}
INFO [06-01|16:50:07.578] Imported new potential chain segment     number=7470 hash=b5fba0..989fa0 blocks=1 txs=0 mgas=0.000 elapsed=3.125ms    mgasps=0.000 triediffs=17.92MiB triedirty=25.91MiB
INFO [06-01|16:50:07.578] Chain head was updated                   number=7470 hash=b5fba0..989fa0 root=0ee426..3eadf9 elapsed="50.635µs"
INFO [06-01|16:50:08.368] Submitted contract creation              hash=0xb7f1b5827e4e835f3b64b090bf630d393c2022db0c00d429f1f4f026a4253a93 from=0xf39Fd6e51aad88F6F4ce6aB8827279cffFb92266 nonce=2305 contract=0x292E27B2b439Bb485265aBA27c131247B13593c1 value=0
INFO [06-01|16:50:08.368] Submitted transaction                    hash=0x9612885f08f5f7ca0bc71e3854de8750ecc7dd632b973867c121abd15a8c78b1 from=0xf39Fd6e51aad88F6F4ce6aB8827279cffFb92266 nonce=2306 recipient=0xD950d59eDeA05d1b1672761FF5B8Dc602BDBa4e1 value=78,000,000
INFO [06-01|16:50:08.596] Starting work on payload                 id=0x032e5e88a942b129
INFO [06-01|16:50:08.637] Updated payload                          id=0x032e5e88a942b129 number=7471 hash=3ed396..ea49d9 txs=2 withdrawals=0 gas=91710 fees=5.5026e-13 root=5a8f28..e32018 elapsed=41.237ms
INFO [06-01|16:50:08.637] Stopping work on payload                 id=0x032e5e88a942b129 reason=delivery
WARN [06-01|16:50:08.671] {"level":"warn","msg":"Slow block","block":{"number":7471,"hash":"0x3ed39668d4660ee7782913c05c05e93fa0746ef108b510d6e6f4434665ea49d9","gas_used":91710,"tx_count":2},"timing":{"execution_ms":0.110983,"state_read_ms":20.406378,"state_hash_ms":4.657,"commit_ms":7.732874,"total_ms":33.09594},"throughput":{"mgas_per_sec":2.771034755320441},"state_reads":{"accounts":11,"storage_slots":0,"code":0,"code_bytes":0},"state_writes":{"accounts":3,"accounts_deleted":0,"storage_slots":0,"storage_slots_deleted":0,"code":1,"code_bytes":305},"cache":{"account":{"hits":6,"misses":5,"hit_rate":54.54545454545454},"storage":{"hits":0,"misses":0,"hit_rate":0},"code":{"hits":0,"misses":0,"hit_rate":0,"hit_bytes":0,"miss_bytes":0}}}
INFO [06-01|16:50:08.671] Imported new potential chain segment     number=7471 hash=3ed396..ea49d9 blocks=1 txs=2 mgas=0.092 elapsed=33.328ms   mgasps=2.752 triediffs=16.61MiB triedirty=26.14MiB
INFO [06-01|16:50:08.671] Chain head was updated                   number=7471 hash=3ed396..ea49d9 root=5a8f28..e32018 elapsed="411.508µs"
INFO [06-01|16:50:09.380] Submitted transaction                    hash=0x4df391727334fb650157b8e1b319c2a1e9e1237b0f2201c051ebdf470722fa8c from=0xD950d59eDeA05d1b1672761FF5B8Dc602BDBa4e1 nonce=0    recipient=0x292E27B2b439Bb485265aBA27c131247B13593c1 value=0
INFO [06-01|16:50:09.691] Starting work on payload                 id=0x037e556fd1a4b40e
INFO [06-01|16:50:09.870] Updated payload                          id=0x037e556fd1a4b40e number=7472 hash=0645b0..ea8828 txs=1 withdrawals=0 gas=5,908,267 fees=3.5449602e-11 root=700f1d..0bde08 elapsed=179.259ms
INFO [06-01|16:50:09.870] Stopping work on payload                 id=0x037e556fd1a4b40e reason=delivery
WARN [06-01|16:50:09.959] {"level":"warn","msg":"Slow block","block":{"number":7472,"hash":"0x0645b0735c8370d58c35960f34817f1571fab6fdbe9018a2564076c45fea8828","gas_used":5908267,"tx_count":1},"timing":{"execution_ms":61.091715,"state_read_ms":19.417577,"state_hash_ms":6.671833,"commit_ms":0.953884,"total_ms":88.410391},"throughput":{"mgas_per_sec":66.8277442636805},"state_reads":{"accounts":17,"storage_slots":723,"code":11,"code_bytes":585},"state_writes":{"accounts":3,"accounts_deleted":0,"storage_slots":85,"storage_slots_deleted":0,"code":0,"code_bytes":0},"cache":{"account":{"hits":2,"misses":15,"hit_rate":11.76470588235294},"storage":{"hits":10,"misses":713,"hit_rate":1.3831258644536653},"code":{"hits":11,"misses":0,"hit_rate":100,"hit_bytes":585,"miss_bytes":0}}}
INFO [06-01|16:50:09.959] Imported new potential chain segment     number=7472 hash=0645b0..ea8828 blocks=1 txs=1 mgas=5.908 elapsed=88.603ms    mgasps=66.682 triediffs=16.63MiB triedirty=26.14MiB
INFO [06-01|16:50:09.959] Chain head was updated                   number=7472 hash=0645b0..ea8828 root=700f1d..0bde08 elapsed="142.087µs"
INFO [06-01|16:50:10.393] Submitted transaction                    hash=0x6911ac1318d165ddffdb971255b136542ac00910a4f2b7ca8b725d421e4dc8ef from=0xD950d59eDeA05d1b1672761FF5B8Dc602BDBa4e1 nonce=1    recipient=0xf39Fd6e51aad88F6F4ce6aB8827279cffFb92266 value=940,529
INFO [06-01|16:50:10.982] Starting work on payload                 id=0x03deb0e424b4f19e
INFO [06-01|16:50:11.017] Updated payload                          id=0x03deb0e424b4f19e number=7473 hash=123e06..5dd23e txs=1 withdrawals=0 gas=21000     fees=2.1e-14       root=c0de71..535f95 elapsed=35.202ms
INFO [06-01|16:50:11.017] Stopping work on payload                 id=0x03deb0e424b4f19e reason=delivery
WARN [06-01|16:50:11.040] {"level":"warn","msg":"Slow block","block":{"number":7473,"hash":"0x123e0631228e1e06feabdef44660d9e6f9e570905d884d7ef21f87d29b5dd23e","gas_used":21000,"tx_count":1},"timing":{"execution_ms":0.079621,"state_read_ms":3.572207,"state_hash_ms":17.178133,"commit_ms":0.596265,"total_ms":22.454879},"throughput":{"mgas_per_sec":0.9352087802388069},"state_reads":{"accounts":6,"storage_slots":0,"code":0,"code_bytes":0},"state_writes":{"accounts":2,"accounts_deleted":0,"storage_slots":0,"storage_slots_deleted":0,"code":0,"code_bytes":0},"cache":{"account":{"hits":2,"misses":4,"hit_rate":33.33333333333333},"storage":{"hits":0,"misses":0,"hit_rate":0},"code":{"hits":0,"misses":0,"hit_rate":0,"hit_bytes":0,"miss_bytes":0}}}
INFO [06-01|16:50:11.040] Imported new potential chain segment     number=7473 hash=123e06..5dd23e blocks=1 txs=1 mgas=0.021 elapsed=22.620ms    mgasps=0.928  triediffs=16.63MiB triedirty=26.15MiB
INFO [06-01|16:50:11.040] Chain head was updated                   number=7473 hash=123e06..5dd23e root=c0de71..535f95 elapsed="69.16µs"
