WARN [06-01|16:42:12.708] Unknown config environment variable      envvar=GETH_PBT_BIN
WARN [06-01|16:42:12.709] Unknown config environment variable      envvar=GETH_UBT_BIN
INFO [06-01|16:42:12.722] Starting Geth on Ethereum mainnet...
INFO [06-01|16:42:12.724] Maximum peer count                       ETH=0 total=0
INFO [06-01|16:42:12.726] Smartcard socket not found, disabling    err="stat /run/pcscd/pcscd.comm: no such file or directory"
WARN [06-01|16:42:12.730] Option --miner.etherbase is deprecated as the etherbase is set by the consensus client post-merge
INFO [06-01|16:42:12.734] Set global gas cap                       cap=50,000,000
INFO [06-01|16:42:13.532] Using developer account                  address=0xf39Fd6e51aad88F6F4ce6aB8827279cffFb92266
INFO [06-01|16:42:13.573] Using pebble as the backing database
INFO [06-01|16:42:13.573] Allocated cache and file handles         database=/mnt/state_expiry_vol_data/ubt-vs-pbt-dbs/ubt/geth/chaindata cache=2.00GiB handles=262,144
INFO [06-01|16:42:13.810] Opened ancient database                  database=/mnt/state_expiry_vol_data/ubt-vs-pbt-dbs/ubt/geth/chaindata/ancient/chain readonly=true
INFO [06-01|16:42:13.810] Opened Era store                         datadir=/mnt/state_expiry_vol_data/ubt-vs-pbt-dbs/ubt/geth/chaindata/ancient/chain/era
INFO [06-01|16:42:13.817] Initializing the KZG library             backend=gokzg
INFO [06-01|16:42:13.819] Allocated trie memory caches             clean=614.00MiB dirty=1.00GiB
INFO [06-01|16:42:13.828] Using pebble as the backing database
INFO [06-01|16:42:13.828] Allocated cache and file handles         database=/mnt/state_expiry_vol_data/ubt-vs-pbt-dbs/ubt/geth/chaindata cache=2.00GiB handles=262,144
INFO [06-01|16:42:14.060] Opened ancient database                  database=/mnt/state_expiry_vol_data/ubt-vs-pbt-dbs/ubt/geth/chaindata/ancient/chain readonly=false
INFO [06-01|16:42:14.060] Opened Era store                         datadir=/mnt/state_expiry_vol_data/ubt-vs-pbt-dbs/ubt/geth/chaindata/ancient/chain/era
INFO [06-01|16:42:14.069] State scheme set to already existing     scheme=path
INFO [06-01|16:42:14.069] Initialising Ethereum protocol           network=1337 dbversion=9
WARN [06-01|16:42:14.069] Sanitizing invalid node buffer size      provided=1.00GiB updated=256.00MiB
INFO [06-01|16:42:14.070] Load database journal from file          path=/mnt/state_expiry_vol_data/ubt-vs-pbt-dbs/ubt/geth/triedb/verkle.journal
INFO [06-01|16:42:14.567] Opened ancient database                  database=/mnt/state_expiry_vol_data/ubt-vs-pbt-dbs/ubt/geth/chaindata/ancient/state_verkle readonly=false
INFO [06-01|16:42:14.569] State snapshot generator is not compatible
INFO [06-01|16:42:14.569] Initialized path database                triecache=614.00MiB statecache=409.00MiB buffer=256.00MiB state-history="last 90000 blocks" journal-dir=/mnt/state_expiry_vol_data/ubt-vs-pbt-dbs/ubt/geth/triedb verkle=true
INFO [06-01|16:42:14.569] 
INFO [06-01|16:42:14.569] ---------------------------------------------------------------------------------------------------------------------------------------------------------
INFO [06-01|16:42:14.569] Chain ID:  1337 (unknown)
INFO [06-01|16:42:14.569] Consensus: unknown
INFO [06-01|16:42:14.569] 
INFO [06-01|16:42:14.569] Pre-Merge hard forks (block based):
INFO [06-01|16:42:14.569]  - Homestead:                   #0       
INFO [06-01|16:42:14.569]  - Tangerine Whistle (EIP 150): #0       
INFO [06-01|16:42:14.569]  - Spurious Dragon/1 (EIP 155): #0       
INFO [06-01|16:42:14.569]  - Spurious Dragon/2 (EIP 158): #0       
INFO [06-01|16:42:14.569]  - Byzantium:                   #0       
INFO [06-01|16:42:14.569]  - Constantinople:              #0       
INFO [06-01|16:42:14.569]  - Petersburg:                  #0       
INFO [06-01|16:42:14.569]  - Istanbul:                    #0       
INFO [06-01|16:42:14.569]  - Berlin:                      #0       
INFO [06-01|16:42:14.569]  - London:                      #0       
INFO [06-01|16:42:14.569]  - Arrow Glacier:               #0       
INFO [06-01|16:42:14.569]  - Gray Glacier:                #0       
INFO [06-01|16:42:14.569] 
INFO [06-01|16:42:14.569] Merge configured:
INFO [06-01|16:42:14.569]  - Total terminal difficulty:  0
INFO [06-01|16:42:14.569]  - Merge netsplit block:       #0       
INFO [06-01|16:42:14.569] 
INFO [06-01|16:42:14.569] Post-Merge hard forks (timestamp based):
INFO [06-01|16:42:14.569]  - Shanghai:                    @0         
INFO [06-01|16:42:14.569]  - Cancun:                      @0          blob: (target: 3, max: 6, fraction: 3338477)
INFO [06-01|16:42:14.569]  - Prague:                      @0          blob: (target: 6, max: 9, fraction: 5007716)
INFO [06-01|16:42:14.569]  - Osaka:                       @0          blob: (target: 6, max: 9, fraction: 5007716)
INFO [06-01|16:42:14.569]  - UBT:                         @0          blob: (nil)
INFO [06-01|16:42:14.569] 
INFO [06-01|16:42:14.569] All fork specifications can be found at https://ethereum.github.io/execution-specs/src/ethereum/forks/
INFO [06-01|16:42:14.569] 
INFO [06-01|16:42:14.569] ---------------------------------------------------------------------------------------------------------------------------------------------------------
INFO [06-01|16:42:14.569] 
INFO [06-01|16:42:14.571] Loaded most recent local block           number=7210 hash=016ed8..e36490 age=3s
INFO [06-01|16:42:14.571] Loaded most recent local finalized block number=7200 hash=8e4023..8ff595 age=19s
INFO [06-01|16:42:14.572] Initialized transaction indexer          range="last 2350000 blocks"
INFO [06-01|16:42:14.572] Initialized log indexer                  firstblock=0 lastblock=7210 firstmap=0 lastmap=0 headindexed=true
INFO [06-01|16:42:14.601] Enabled full-sync                        head=7210 hash=016ed8..e36490
INFO [06-01|16:42:14.602] Unprotected transactions allowed
INFO [06-01|16:42:14.602] Gasprice oracle is ignoring threshold set threshold=2
INFO [06-01|16:42:14.602] Registered sync override service
WARN [06-01|16:42:14.602] You are running Geth in --dev mode. Please note the following:
WARN [06-01|16:42:14.602] 
WARN [06-01|16:42:14.602]   1. This mode is only intended for fast, iterative development without assumptions on
WARN [06-01|16:42:14.602]      security or persistence.
WARN [06-01|16:42:14.602]   2. The database is created in memory unless specified otherwise. Therefore, shutting down
WARN [06-01|16:42:14.602]      your computer or losing power will wipe your entire block data and chain state for
WARN [06-01|16:42:14.602]      your dev environment.
WARN [06-01|16:42:14.602]   3. A random, pre-allocated developer account will be available and unlocked as
WARN [06-01|16:42:14.602]      eth.coinbase, which can be used for testing. The random dev account is temporary,
WARN [06-01|16:42:14.602]      stored on a ramdisk, and will be lost if your machine is restarted.
WARN [06-01|16:42:14.602]   4. Mining is enabled by default. However, the client will only seal blocks if transactions
WARN [06-01|16:42:14.602]      are pending in the mempool. The miner's minimum accepted gas price is 1.
WARN [06-01|16:42:14.602]   5. Networking is disabled; there is no listen-address, the maximum number of peers is set
WARN [06-01|16:42:14.602]      to 0, and discovery is disabled.
WARN [06-01|16:42:14.602] 
INFO [06-01|16:42:14.602] Starting peer-to-peer node               instance=Geth/v1.17.3-unstable/linux-amd64/go1.24.9
WARN [06-01|16:42:14.602] P2P server will be useless, neither dialing nor listening
INFO [06-01|16:42:14.638] IPC endpoint opened                      url=/mnt/state_expiry_vol_data/ubt-vs-pbt-dbs/ubt/geth.ipc
ERROR[06-01|16:42:14.638] Unavailable modules in HTTP API list     unavailable=[personal] available="[admin debug web3 eth txpool miner net dev testing]"
INFO [06-01|16:42:14.638] New local node record                    seq=1,780,289,665,151 id=c084d8867e8cc127 ip=127.0.0.1 udp=0 tcp=0
INFO [06-01|16:42:14.638] Started P2P networking                   self=enode://ed0ccbffbfc0dc9f1b0f8e55d585ad3e61215b1974f32d9388e7ae53563e3ebe0172c21d754fa202c3a63f95bef3ff3ea24339ffdabd0115c47ec5b8d33136a9@127.0.0.1:0
INFO [06-01|16:42:14.639] HTTP server started                      endpoint=127.0.0.1:8545 auth=false prefix= cors= vhosts=localhost
INFO [06-01|16:42:14.639] WebSocket enabled                        url=ws://127.0.0.1:8546
INFO [06-01|16:42:15.195] Loaded local transaction journal         transactions=4941 dropped=0
INFO [06-01|16:42:15.810] Started log indexer
INFO [06-01|16:42:15.871] Starting work on payload                 id=0x036ddd29fcc915d7
INFO [06-01|16:42:15.886] Updated payload                          id=0x036ddd29fcc915d7 number=7211 hash=b8d659..96f8c0 txs=0 withdrawals=0 gas=0 fees=0 root=8c1f00..e28ed3 elapsed=14.280ms
INFO [06-01|16:42:15.886] Stopping work on payload                 id=0x036ddd29fcc915d7 reason=delivery
WARN [06-01|16:42:15.905] {"level":"warn","msg":"Slow block","block":{"number":7211,"hash":"0xb8d6599c5e4409f7991fc93e03987bb345064098923200d5ba86a3ce6396f8c0","gas_used":0,"tx_count":0},"timing":{"execution_ms":0.056718,"state_read_ms":18.333716,"state_hash_ms":0.002312,"commit_ms":0.170455,"total_ms":18.744013},"throughput":{"mgas_per_sec":0},"state_reads":{"accounts":4,"storage_slots":0,"code":0,"code_bytes":0},"state_writes":{"accounts":0,"accounts_deleted":0,"storage_slots":0,"storage_slots_deleted":0,"code":0,"code_bytes":0},"cache":{"account":{"hits":0,"misses":4,"hit_rate":0},"storage":{"hits":0,"misses":0,"hit_rate":0},"code":{"hits":0,"misses":0,"hit_rate":0,"hit_bytes":0,"miss_bytes":0}}}
INFO [06-01|16:42:15.905] Imported new potential chain segment     number=7211 hash=b8d659..96f8c0 blocks=1 txs=0 mgas=0.000 elapsed=19.074ms mgasps=0.000 triediffs=24.06MiB triedirty=19.49MiB
INFO [06-01|16:42:15.905] Chain head was updated                   number=7211 hash=b8d659..96f8c0 root=8c1f00..e28ed3 elapsed="40.289µs"
INFO [06-01|16:42:16.919] Starting work on payload                 id=0x039555fbba7b155f
INFO [06-01|16:42:16.923] Updated payload                          id=0x039555fbba7b155f number=7212 hash=ab4bba..5692cd txs=0 withdrawals=0 gas=0 fees=0 root=8c1f00..e28ed3 elapsed=4.396ms
INFO [06-01|16:42:16.924] Stopping work on payload                 id=0x039555fbba7b155f reason=delivery
WARN [06-01|16:42:16.929] {"level":"warn","msg":"Slow block","block":{"number":7212,"hash":"0xab4bba8d082a18d51a261427a97910dc1592255af70ad5752b89c2eff85692cd","gas_used":0,"tx_count":0},"timing":{"execution_ms":0.050625,"state_read_ms":5.312394,"state_hash_ms":0.007776,"commit_ms":0.16909,"total_ms":5.711721},"throughput":{"mgas_per_sec":0},"state_reads":{"accounts":4,"storage_slots":0,"code":0,"code_bytes":0},"state_writes":{"accounts":0,"accounts_deleted":0,"storage_slots":0,"storage_slots_deleted":0,"code":0,"code_bytes":0},"cache":{"account":{"hits":0,"misses":4,"hit_rate":0},"storage":{"hits":0,"misses":0,"hit_rate":0},"code":{"hits":0,"misses":0,"hit_rate":0,"hit_bytes":0,"miss_bytes":0}}}
INFO [06-01|16:42:16.930] Imported new potential chain segment     number=7212 hash=ab4bba..5692cd blocks=1 txs=0 mgas=0.000 elapsed=5.943ms    mgasps=0.000 triediffs=24.06MiB triedirty=19.49MiB
INFO [06-01|16:42:16.930] Chain head was updated                   number=7212 hash=ab4bba..5692cd root=8c1f00..e28ed3 elapsed="68.434µs"
INFO [06-01|16:42:17.754] Submitted contract creation              hash=0x06bd8a4509e78713ca84bc53a468552a97cf65d682caf86f621e21a349b0ca86 from=0xf39Fd6e51aad88F6F4ce6aB8827279cffFb92266 nonce=2215 contract=0x10f179009e2f0007b341F82990d905C5AcA43211 value=0
INFO [06-01|16:42:17.754] Submitted transaction                    hash=0xbb311a08e280574e1f49ea3bb32f11d6d12bf2cca20dafc76995ad8e252b192c from=0xf39Fd6e51aad88F6F4ce6aB8827279cffFb92266 nonce=2216 recipient=0xf0608993534f01164C4c016220dd7c029Efd27EC value=78,000,000
INFO [06-01|16:42:17.940] Starting work on payload                 id=0x03592fc527c7c05d
INFO [06-01|16:42:17.982] Updated payload                          id=0x03592fc527c7c05d number=7213 hash=49b937..2d8a14 txs=2 withdrawals=0 gas=86926 fees=5.21556e-13 root=ed9d30..c73e99 elapsed=42.081ms
INFO [06-01|16:42:17.982] Stopping work on payload                 id=0x03592fc527c7c05d reason=delivery
WARN [06-01|16:42:18.004] {"level":"warn","msg":"Slow block","block":{"number":7213,"hash":"0x49b937460a1cc2607493b1785c410a57c2eb28311ecdceff488640fe762d8a14","gas_used":86926,"tx_count":2},"timing":{"execution_ms":0.146334,"state_read_ms":11.1635,"state_hash_ms":4.064659,"commit_ms":6.085297,"total_ms":21.748184},"throughput":{"mgas_per_sec":3.9969314219522882},"state_reads":{"accounts":11,"storage_slots":0,"code":0,"code_bytes":0},"state_writes":{"accounts":3,"accounts_deleted":0,"storage_slots":0,"storage_slots_deleted":0,"code":1,"code_bytes":165},"cache":{"account":{"hits":5,"misses":6,"hit_rate":45.45454545454545},"storage":{"hits":0,"misses":0,"hit_rate":0},"code":{"hits":0,"misses":0,"hit_rate":0,"hit_bytes":0,"miss_bytes":0}}}
INFO [06-01|16:42:18.004] Imported new potential chain segment     number=7213 hash=49b937..2d8a14 blocks=1 txs=2 mgas=0.087 elapsed=21.931ms   mgasps=3.964 triediffs=23.95MiB triedirty=19.53MiB
INFO [06-01|16:42:18.005] Chain head was updated                   number=7213 hash=49b937..2d8a14 root=ed9d30..c73e99 elapsed="132.398µs"
INFO [06-01|16:42:18.766] Submitted transaction                    hash=0x87eb20954d9621a8e13c6573f9ba61150a9490ef177e367bb0e3d2a56d497afb from=0xf0608993534f01164C4c016220dd7c029Efd27EC nonce=0    recipient=0x10f179009e2f0007b341F82990d905C5AcA43211 value=0
INFO [06-01|16:42:19.014] Starting work on payload                 id=0x03d2539fae9efc90
INFO [06-01|16:42:19.699] Updated payload                          id=0x03d2539fae9efc90 number=7214 hash=9c0ef0..fc714d txs=1 withdrawals=0 gas=5,903,542 fees=3.5421252e-11 root=8e3a80..e1f90b elapsed=684.901ms
INFO [06-01|16:42:19.700] Stopping work on payload                 id=0x03d2539fae9efc90 reason=delivery
WARN [06-01|16:42:19.811] {"level":"warn","msg":"Slow block","block":{"number":7214,"hash":"0x9c0ef07e112e3e94902ce6739f2f80bda3feb213acbe1f6caf3bc594a3fc714d","gas_used":5903542,"tx_count":1},"timing":{"execution_ms":5.249084,"state_read_ms":32.299434,"state_hash_ms":59.388991,"commit_ms":13.420605,"total_ms":111.073025},"throughput":{"mgas_per_sec":53.15009652433613},"state_reads":{"accounts":219,"storage_slots":212,"code":213,"code_bytes":6101},"state_writes":{"accounts":213,"accounts_deleted":0,"storage_slots":211,"storage_slots_deleted":0,"code":0,"code_bytes":0},"cache":{"account":{"hits":97,"misses":122,"hit_rate":44.29223744292237},"storage":{"hits":80,"misses":132,"hit_rate":37.735849056603776},"code":{"hits":213,"misses":0,"hit_rate":100,"hit_bytes":6101,"miss_bytes":0}}}
INFO [06-01|16:42:19.811] Imported new potential chain segment     number=7214 hash=9c0ef0..fc714d blocks=1 txs=1 mgas=5.904 elapsed=111.436ms   mgasps=52.977 triediffs=25.27MiB triedirty=19.53MiB
INFO [06-01|16:42:19.811] Chain head was updated                   number=7214 hash=9c0ef0..fc714d root=8e3a80..e1f90b elapsed="110.034µs"
INFO [06-01|16:42:20.784] Submitted transaction                    hash=0xcb9ae4a439be2e37982baa6fa76e26a89dc681c4c513251fd6ae9c131bba4a2e from=0xf0608993534f01164C4c016220dd7c029Efd27EC nonce=1    recipient=0xf39Fd6e51aad88F6F4ce6aB8827279cffFb92266 value=1,001,954
INFO [06-01|16:42:20.830] Starting work on payload                 id=0x03a118b58d29171a
INFO [06-01|16:42:20.850] Updated payload                          id=0x03a118b58d29171a number=7215 hash=ad299a..780070 txs=1 withdrawals=0 gas=21000     fees=2.1e-14       root=8b2e25..b8588c elapsed=20.364ms
INFO [06-01|16:42:20.851] Stopping work on payload                 id=0x03a118b58d29171a reason=delivery
WARN [06-01|16:42:20.881] {"level":"warn","msg":"Slow block","block":{"number":7215,"hash":"0xad299a216129f67774f6898a73d06834b65b5305aa641f092346b91e04780070","gas_used":21000,"tx_count":1},"timing":{"execution_ms":0.078864,"state_read_ms":26.8782,"state_hash_ms":2.57028,"commit_ms":0.671322,"total_ms":30.367165},"throughput":{"mgas_per_sec":0.6915364012412749},"state_reads":{"accounts":6,"storage_slots":0,"code":0,"code_bytes":0},"state_writes":{"accounts":2,"accounts_deleted":0,"storage_slots":0,"storage_slots_deleted":0,"code":0,"code_bytes":0},"cache":{"account":{"hits":2,"misses":4,"hit_rate":33.33333333333333},"storage":{"hits":0,"misses":0,"hit_rate":0},"code":{"hits":0,"misses":0,"hit_rate":0,"hit_bytes":0,"miss_bytes":0}}}
INFO [06-01|16:42:20.881] Imported new potential chain segment     number=7215 hash=ad299a..780070 blocks=1 txs=1 mgas=0.021 elapsed=30.522ms    mgasps=0.688  triediffs=25.26MiB triedirty=19.54MiB
INFO [06-01|16:42:20.881] Chain head was updated                   number=7215 hash=ad299a..780070 root=8b2e25..b8588c elapsed="70.672µs"
INFO [06-01|16:42:21.887] Starting work on payload                 id=0x0362770a7e422192
INFO [06-01|16:42:21.914] Updated payload                          id=0x0362770a7e422192 number=7216 hash=e5084a..92a84e txs=0 withdrawals=0 gas=0         fees=0             root=8b2e25..b8588c elapsed=26.997ms
INFO [06-01|16:42:21.915] Stopping work on payload                 id=0x0362770a7e422192 reason=delivery
WARN [06-01|16:42:21.918] {"level":"warn","msg":"Slow block","block":{"number":7216,"hash":"0xe5084a8e6e98609ff676fe259dd73f6d874d106e68741569449b646ca092a84e","gas_used":0,"tx_count":0},"timing":{"execution_ms":0.037545,"state_read_ms":2.777853,"state_hash_ms":0.001457,"commit_ms":0.118728,"total_ms":3.096106},"throughput":{"mgas_per_sec":0},"state_reads":{"accounts":4,"storage_slots":0,"code":0,"code_bytes":0},"state_writes":{"accounts":0,"accounts_deleted":0,"storage_slots":0,"storage_slots_deleted":0,"code":0,"code_bytes":0},"cache":{"account":{"hits":0,"misses":4,"hit_rate":0},"storage":{"hits":0,"misses":0,"hit_rate":0},"code":{"hits":0,"misses":0,"hit_rate":0,"hit_bytes":0,"miss_bytes":0}}}
INFO [06-01|16:42:21.918] Imported new potential chain segment     number=7216 hash=e5084a..92a84e blocks=1 txs=0 mgas=0.000 elapsed=3.227ms     mgasps=0.000  triediffs=25.26MiB triedirty=19.54MiB
INFO [06-01|16:42:21.918] Chain head was updated                   number=7216 hash=e5084a..92a84e root=8b2e25..b8588c elapsed="38.267µs"
