WARN [06-01|16:26:52.051] Unknown config environment variable      envvar=GETH_PBT_BIN
WARN [06-01|16:26:52.051] Unknown config environment variable      envvar=GETH_UBT_BIN
INFO [06-01|16:26:52.063] Starting Geth on Ethereum mainnet...
INFO [06-01|16:26:52.065] Maximum peer count                       ETH=0 total=0
INFO [06-01|16:26:52.066] Smartcard socket not found, disabling    err="stat /run/pcscd/pcscd.comm: no such file or directory"
WARN [06-01|16:26:52.069] Option --miner.etherbase is deprecated as the etherbase is set by the consensus client post-merge
INFO [06-01|16:26:52.073] Set global gas cap                       cap=50,000,000
INFO [06-01|16:26:52.880] Using developer account                  address=0xf39Fd6e51aad88F6F4ce6aB8827279cffFb92266
INFO [06-01|16:26:52.920] Using pebble as the backing database
INFO [06-01|16:26:52.920] Allocated cache and file handles         database=/mnt/state_expiry_vol_data/ubt-vs-pbt-dbs/ubt/geth/chaindata cache=2.00GiB handles=262,144
INFO [06-01|16:26:53.154] Opened ancient database                  database=/mnt/state_expiry_vol_data/ubt-vs-pbt-dbs/ubt/geth/chaindata/ancient/chain readonly=true
INFO [06-01|16:26:53.154] Opened Era store                         datadir=/mnt/state_expiry_vol_data/ubt-vs-pbt-dbs/ubt/geth/chaindata/ancient/chain/era
INFO [06-01|16:26:53.161] Initializing the KZG library             backend=gokzg
INFO [06-01|16:26:53.162] Allocated trie memory caches             clean=614.00MiB dirty=1.00GiB
INFO [06-01|16:26:53.170] Using pebble as the backing database
INFO [06-01|16:26:53.171] Allocated cache and file handles         database=/mnt/state_expiry_vol_data/ubt-vs-pbt-dbs/ubt/geth/chaindata cache=2.00GiB handles=262,144
INFO [06-01|16:26:53.376] Opened ancient database                  database=/mnt/state_expiry_vol_data/ubt-vs-pbt-dbs/ubt/geth/chaindata/ancient/chain readonly=false
INFO [06-01|16:26:53.376] Opened Era store                         datadir=/mnt/state_expiry_vol_data/ubt-vs-pbt-dbs/ubt/geth/chaindata/ancient/chain/era
INFO [06-01|16:26:53.384] State scheme set to already existing     scheme=path
INFO [06-01|16:26:53.384] Initialising Ethereum protocol           network=1337 dbversion=9
WARN [06-01|16:26:53.384] Sanitizing invalid node buffer size      provided=1.00GiB updated=256.00MiB
INFO [06-01|16:26:53.385] Load database journal from file          path=/mnt/state_expiry_vol_data/ubt-vs-pbt-dbs/ubt/geth/triedb/verkle.journal
INFO [06-01|16:26:53.634] Opened ancient database                  database=/mnt/state_expiry_vol_data/ubt-vs-pbt-dbs/ubt/geth/chaindata/ancient/state_verkle readonly=false
INFO [06-01|16:26:53.636] State snapshot generator is not compatible
INFO [06-01|16:26:53.636] Initialized path database                triecache=614.00MiB statecache=409.00MiB buffer=256.00MiB state-history="last 90000 blocks" journal-dir=/mnt/state_expiry_vol_data/ubt-vs-pbt-dbs/ubt/geth/triedb verkle=true
INFO [06-01|16:26:53.637] 
INFO [06-01|16:26:53.637] ---------------------------------------------------------------------------------------------------------------------------------------------------------
INFO [06-01|16:26:53.637] Chain ID:  1337 (unknown)
INFO [06-01|16:26:53.637] Consensus: unknown
INFO [06-01|16:26:53.637] 
INFO [06-01|16:26:53.637] Pre-Merge hard forks (block based):
INFO [06-01|16:26:53.637]  - Homestead:                   #0       
INFO [06-01|16:26:53.637]  - Tangerine Whistle (EIP 150): #0       
INFO [06-01|16:26:53.637]  - Spurious Dragon/1 (EIP 155): #0       
INFO [06-01|16:26:53.637]  - Spurious Dragon/2 (EIP 158): #0       
INFO [06-01|16:26:53.637]  - Byzantium:                   #0       
INFO [06-01|16:26:53.637]  - Constantinople:              #0       
INFO [06-01|16:26:53.637]  - Petersburg:                  #0       
INFO [06-01|16:26:53.637]  - Istanbul:                    #0       
INFO [06-01|16:26:53.637]  - Berlin:                      #0       
INFO [06-01|16:26:53.637]  - London:                      #0       
INFO [06-01|16:26:53.637]  - Arrow Glacier:               #0       
INFO [06-01|16:26:53.637]  - Gray Glacier:                #0       
INFO [06-01|16:26:53.637] 
INFO [06-01|16:26:53.637] Merge configured:
INFO [06-01|16:26:53.637]  - Total terminal difficulty:  0
INFO [06-01|16:26:53.637]  - Merge netsplit block:       #0       
INFO [06-01|16:26:53.637] 
INFO [06-01|16:26:53.637] Post-Merge hard forks (timestamp based):
INFO [06-01|16:26:53.637]  - Shanghai:                    @0         
INFO [06-01|16:26:53.637]  - Cancun:                      @0          blob: (target: 3, max: 6, fraction: 3338477)
INFO [06-01|16:26:53.637]  - Prague:                      @0          blob: (target: 6, max: 9, fraction: 5007716)
INFO [06-01|16:26:53.637]  - Osaka:                       @0          blob: (target: 6, max: 9, fraction: 5007716)
INFO [06-01|16:26:53.637]  - UBT:                         @0          blob: (nil)
INFO [06-01|16:26:53.637] 
INFO [06-01|16:26:53.637] All fork specifications can be found at https://ethereum.github.io/execution-specs/src/ethereum/forks/
INFO [06-01|16:26:53.637] 
INFO [06-01|16:26:53.637] ---------------------------------------------------------------------------------------------------------------------------------------------------------
INFO [06-01|16:26:53.637] 
INFO [06-01|16:26:53.638] Loaded most recent local block           number=6669 hash=376cbf..cb15c8 age=4s
INFO [06-01|16:26:53.638] Loaded most recent local finalized block number=6656 hash=972395..d520cd age=27s
INFO [06-01|16:26:53.639] Initialized transaction indexer          range="last 2350000 blocks"
INFO [06-01|16:26:53.639] Initialized log indexer                  firstblock=0 lastblock=6669 firstmap=0 lastmap=0 headindexed=true
INFO [06-01|16:26:53.709] Enabled full-sync                        head=6669 hash=376cbf..cb15c8
INFO [06-01|16:26:53.710] Unprotected transactions allowed
INFO [06-01|16:26:53.710] Gasprice oracle is ignoring threshold set threshold=2
INFO [06-01|16:26:53.710] Registered sync override service
WARN [06-01|16:26:53.710] You are running Geth in --dev mode. Please note the following:
WARN [06-01|16:26:53.710] 
WARN [06-01|16:26:53.710]   1. This mode is only intended for fast, iterative development without assumptions on
WARN [06-01|16:26:53.710]      security or persistence.
WARN [06-01|16:26:53.710]   2. The database is created in memory unless specified otherwise. Therefore, shutting down
WARN [06-01|16:26:53.710]      your computer or losing power will wipe your entire block data and chain state for
WARN [06-01|16:26:53.710]      your dev environment.
WARN [06-01|16:26:53.710]   3. A random, pre-allocated developer account will be available and unlocked as
WARN [06-01|16:26:53.710]      eth.coinbase, which can be used for testing. The random dev account is temporary,
WARN [06-01|16:26:53.710]      stored on a ramdisk, and will be lost if your machine is restarted.
WARN [06-01|16:26:53.710]   4. Mining is enabled by default. However, the client will only seal blocks if transactions
WARN [06-01|16:26:53.710]      are pending in the mempool. The miner's minimum accepted gas price is 1.
WARN [06-01|16:26:53.710]   5. Networking is disabled; there is no listen-address, the maximum number of peers is set
WARN [06-01|16:26:53.710]      to 0, and discovery is disabled.
WARN [06-01|16:26:53.710] 
INFO [06-01|16:26:53.710] Starting peer-to-peer node               instance=Geth/v1.17.3-unstable/linux-amd64/go1.24.9
WARN [06-01|16:26:53.710] P2P server will be useless, neither dialing nor listening
INFO [06-01|16:26:53.757] IPC endpoint opened                      url=/mnt/state_expiry_vol_data/ubt-vs-pbt-dbs/ubt/geth.ipc
ERROR[06-01|16:26:53.757] Unavailable modules in HTTP API list     unavailable=[personal] available="[admin debug web3 eth txpool miner net dev testing]"
INFO [06-01|16:26:53.757] New local node record                    seq=1,780,289,665,062 id=c084d8867e8cc127 ip=127.0.0.1 udp=0 tcp=0
INFO [06-01|16:26:53.757] Started P2P networking                   self=enode://ed0ccbffbfc0dc9f1b0f8e55d585ad3e61215b1974f32d9388e7ae53563e3ebe0172c21d754fa202c3a63f95bef3ff3ea24339ffdabd0115c47ec5b8d33136a9@127.0.0.1:0
INFO [06-01|16:26:53.758] HTTP server started                      endpoint=127.0.0.1:8545 auth=false prefix= cors= vhosts=localhost
INFO [06-01|16:26:53.758] WebSocket enabled                        url=ws://127.0.0.1:8546
INFO [06-01|16:26:54.267] Loaded local transaction journal         transactions=4585 dropped=0
INFO [06-01|16:26:54.959] Started log indexer
INFO [06-01|16:26:55.009] Starting work on payload                 id=0x033334772119ee99
INFO [06-01|16:26:55.029] Updated payload                          id=0x033334772119ee99 number=6670 hash=902609..a24dea txs=0 withdrawals=0 gas=0 fees=0 root=4e26c3..711eaf elapsed=20.026ms
INFO [06-01|16:26:55.029] Stopping work on payload                 id=0x033334772119ee99 reason=delivery
WARN [06-01|16:26:55.040] {"level":"warn","msg":"Slow block","block":{"number":6670,"hash":"0x90260996e47f0c0c4d9ff2d8e4ca9fdd828be8a29fe981945b238e7dbfa24dea","gas_used":0,"tx_count":0},"timing":{"execution_ms":0.045282,"state_read_ms":9.835483,"state_hash_ms":0.002117,"commit_ms":0.188681,"total_ms":10.256145},"throughput":{"mgas_per_sec":0},"state_reads":{"accounts":4,"storage_slots":0,"code":0,"code_bytes":0},"state_writes":{"accounts":0,"accounts_deleted":0,"storage_slots":0,"storage_slots_deleted":0,"code":0,"code_bytes":0},"cache":{"account":{"hits":0,"misses":4,"hit_rate":0},"storage":{"hits":0,"misses":0,"hit_rate":0},"code":{"hits":0,"misses":0,"hit_rate":0,"hit_bytes":0,"miss_bytes":0}}}
INFO [06-01|16:26:55.040] Imported new potential chain segment     number=6670 hash=902609..a24dea blocks=1 txs=0 mgas=0.000 elapsed=10.613ms mgasps=0.000 triediffs=1.36MiB triedirty=18.41MiB
INFO [06-01|16:26:55.040] Chain head was updated                   number=6670 hash=902609..a24dea root=4e26c3..711eaf elapsed="57.053µs"
INFO [06-01|16:26:56.063] Starting work on payload                 id=0x039343355f017543
INFO [06-01|16:26:56.081] Updated payload                          id=0x039343355f017543 number=6671 hash=7ccfb2..b22424 txs=0 withdrawals=0 gas=0 fees=0 root=4e26c3..711eaf elapsed=17.262ms
INFO [06-01|16:26:56.081] Stopping work on payload                 id=0x039343355f017543 reason=delivery
WARN [06-01|16:26:56.100] {"level":"warn","msg":"Slow block","block":{"number":6671,"hash":"0x7ccfb2d5a829ca4322f1654d394c6c3ac035614ca428968ea989276288b22424","gas_used":0,"tx_count":0},"timing":{"execution_ms":0.030082,"state_read_ms":18.977017,"state_hash_ms":0.001981,"commit_ms":0.104748,"total_ms":19.26829},"throughput":{"mgas_per_sec":0},"state_reads":{"accounts":4,"storage_slots":0,"code":0,"code_bytes":0},"state_writes":{"accounts":0,"accounts_deleted":0,"storage_slots":0,"storage_slots_deleted":0,"code":0,"code_bytes":0},"cache":{"account":{"hits":0,"misses":4,"hit_rate":0},"storage":{"hits":0,"misses":0,"hit_rate":0},"code":{"hits":0,"misses":0,"hit_rate":0,"hit_bytes":0,"miss_bytes":0}}}
INFO [06-01|16:26:56.100] Imported new potential chain segment     number=6671 hash=7ccfb2..b22424 blocks=1 txs=0 mgas=0.000 elapsed=19.466ms   mgasps=0.000 triediffs=1.36MiB triedirty=18.41MiB
INFO [06-01|16:26:56.101] Chain head was updated                   number=6671 hash=7ccfb2..b22424 root=4e26c3..711eaf elapsed="31.491µs"
INFO [06-01|16:26:57.123] Starting work on payload                 id=0x0315b89a37288098
INFO [06-01|16:26:57.144] Updated payload                          id=0x0315b89a37288098 number=6672 hash=29d309..af0fd6 txs=0 withdrawals=0 gas=0 fees=0 root=4e26c3..711eaf elapsed=20.737ms
INFO [06-01|16:26:57.144] Stopping work on payload                 id=0x0315b89a37288098 reason=delivery
WARN [06-01|16:26:57.158] {"level":"warn","msg":"Slow block","block":{"number":6672,"hash":"0x29d309a56a471e79ce26a32f438935c299ceb0e379d707bd0df38734feaf0fd6","gas_used":0,"tx_count":0},"timing":{"execution_ms":0.032608,"state_read_ms":13.39515,"state_hash_ms":0.002246,"commit_ms":0.117924,"total_ms":13.714151},"throughput":{"mgas_per_sec":0},"state_reads":{"accounts":4,"storage_slots":0,"code":0,"code_bytes":0},"state_writes":{"accounts":0,"accounts_deleted":0,"storage_slots":0,"storage_slots_deleted":0,"code":0,"code_bytes":0},"cache":{"account":{"hits":0,"misses":4,"hit_rate":0},"storage":{"hits":0,"misses":0,"hit_rate":0},"code":{"hits":0,"misses":0,"hit_rate":0,"hit_bytes":0,"miss_bytes":0}}}
INFO [06-01|16:26:57.158] Imported new potential chain segment     number=6672 hash=29d309..af0fd6 blocks=1 txs=0 mgas=0.000 elapsed=13.891ms   mgasps=0.000 triediffs=1.36MiB triedirty=18.41MiB
INFO [06-01|16:26:57.158] Chain head was updated                   number=6672 hash=29d309..af0fd6 root=4e26c3..711eaf elapsed="51.327µs"
INFO [06-01|16:26:57.163] Submitted contract creation              hash=0x7daea76dd2bb7fbd8d3086d8c98528e154fc611df0d33d38acc79d919e2b15dd from=0xf39Fd6e51aad88F6F4ce6aB8827279cffFb92266 nonce=2037 contract=0xE75e556d685D7428C8242eaF331A5eF80FCACa1f value=0
INFO [06-01|16:26:57.163] Submitted transaction                    hash=0x3e53e868bc118cf2d7f72a1963c046da7937fdb987cc9d52a05ed79f0a5af923 from=0xf39Fd6e51aad88F6F4ce6aB8827279cffFb92266 nonce=2038 recipient=0x08FF439df1019253F656E70a7f903a0bc6DF8F23 value=78,000,000
INFO [06-01|16:26:58.172] Starting work on payload                 id=0x03d25db1aa0182dd
INFO [06-01|16:26:58.215] Updated payload                          id=0x03d25db1aa0182dd number=6673 hash=eda6ae..cb6112 txs=2 withdrawals=0 gas=86852 fees=5.21112e-13 root=640e03..2afabe elapsed=42.924ms
INFO [06-01|16:26:58.215] Stopping work on payload                 id=0x03d25db1aa0182dd reason=delivery
WARN [06-01|16:26:58.254] {"level":"warn","msg":"Slow block","block":{"number":6673,"hash":"0xeda6aeb8dedcbd0c857e8d07bf00c97174d29d343cd4cdd017e193dbdecb6112","gas_used":86852,"tx_count":2},"timing":{"execution_ms":0.090015,"state_read_ms":17.833273,"state_hash_ms":10.748243,"commit_ms":4.622931,"total_ms":37.941669},"throughput":{"mgas_per_sec":2.2890927650019823},"state_reads":{"accounts":11,"storage_slots":0,"code":0,"code_bytes":0},"state_writes":{"accounts":3,"accounts_deleted":0,"storage_slots":0,"storage_slots_deleted":0,"code":1,"code_bytes":157},"cache":{"account":{"hits":7,"misses":4,"hit_rate":63.63636363636363},"storage":{"hits":0,"misses":0,"hit_rate":0},"code":{"hits":0,"misses":0,"hit_rate":0,"hit_bytes":0,"miss_bytes":0}}}
INFO [06-01|16:26:58.254] Imported new potential chain segment     number=6673 hash=eda6ae..cb6112 blocks=1 txs=2 mgas=0.087 elapsed=38.129ms   mgasps=2.278 triediffs=1.37MiB triedirty=18.41MiB
INFO [06-01|16:26:58.254] Chain head was updated                   number=6673 hash=eda6ae..cb6112 root=640e03..2afabe elapsed="137.807µs"
INFO [06-01|16:26:59.183] Submitted transaction                    hash=0xdbcd3f8d1148a603ac1ccc5705ebcf28fcd392990313be473deecd8984739636 from=0x08FF439df1019253F656E70a7f903a0bc6DF8F23 nonce=0    recipient=0xE75e556d685D7428C8242eaF331A5eF80FCACa1f value=0
INFO [06-01|16:26:59.266] Starting work on payload                 id=0x03e2d29cd2b90c34
INFO [06-01|16:26:59.488] Updated payload                          id=0x03e2d29cd2b90c34 number=6674 hash=335378..7f2e0d txs=1 withdrawals=0 gas=5,900,240 fees=3.540144e-11 root=938290..da233d elapsed=221.476ms
INFO [06-01|16:26:59.488] Stopping work on payload                 id=0x03e2d29cd2b90c34 reason=delivery
WARN [06-01|16:26:59.620] {"level":"warn","msg":"Slow block","block":{"number":6674,"hash":"0x3353787dbb2ed05d5efad5090b63cd1189185b23ce32d6064470ff68f87f2e0d","gas_used":5900240,"tx_count":1},"timing":{"execution_ms":111.177313,"state_read_ms":9.165931,"state_hash_ms":8.78959,"commit_ms":2.234644,"total_ms":131.709909},"throughput":{"mgas_per_sec":44.79723693378302},"state_reads":{"accounts":107,"storage_slots":258,"code":101,"code_bytes":2957},"state_writes":{"accounts":2,"accounts_deleted":0,"storage_slots":0,"storage_slots_deleted":0,"code":0,"code_bytes":0},"cache":{"account":{"hits":51,"misses":56,"hit_rate":47.66355140186916},"storage":{"hits":114,"misses":144,"hit_rate":44.18604651162791},"code":{"hits":101,"misses":0,"hit_rate":100,"hit_bytes":2957,"miss_bytes":0}}}
INFO [06-01|16:26:59.620] Imported new potential chain segment     number=6674 hash=335378..7f2e0d blocks=1 txs=1 mgas=5.900 elapsed=132.399ms   mgasps=44.564 triediffs=1.37MiB triedirty=18.41MiB
INFO [06-01|16:26:59.621] Chain head was updated                   number=6674 hash=335378..7f2e0d root=938290..da233d elapsed="82.151µs"
INFO [06-01|16:27:00.201] Submitted transaction                    hash=0x6a46d21ea55246980d8145b02d23cc677d7bd270cf30fdc27114b4e1d8554ab6 from=0x08FF439df1019253F656E70a7f903a0bc6DF8F23 nonce=1    recipient=0xf39Fd6e51aad88F6F4ce6aB8827279cffFb92266 value=1,044,880
INFO [06-01|16:27:00.633] Starting work on payload                 id=0x0314e0fe026cd6f8
INFO [06-01|16:27:00.656] Updated payload                          id=0x0314e0fe026cd6f8 number=6675 hash=5ae137..045a08 txs=1 withdrawals=0 gas=21000     fees=2.1e-14      root=1673e6..e3b18c elapsed=22.469ms
INFO [06-01|16:27:00.656] Stopping work on payload                 id=0x0314e0fe026cd6f8 reason=delivery
WARN [06-01|16:27:00.692] {"level":"warn","msg":"Slow block","block":{"number":6675,"hash":"0x5ae137c962ec00adbfbf9c3c22e682fd50d8970f082a8846026bc02ee9045a08","gas_used":21000,"tx_count":1},"timing":{"execution_ms":0.468936,"state_read_ms":17.687773,"state_hash_ms":5.651246,"commit_ms":0.654927,"total_ms":35.51139},"throughput":{"mgas_per_sec":0.5913595609746619},"state_reads":{"accounts":6,"storage_slots":0,"code":0,"code_bytes":0},"state_writes":{"accounts":2,"accounts_deleted":0,"storage_slots":0,"storage_slots_deleted":0,"code":0,"code_bytes":0},"cache":{"account":{"hits":2,"misses":4,"hit_rate":33.33333333333333},"storage":{"hits":0,"misses":0,"hit_rate":0},"code":{"hits":0,"misses":0,"hit_rate":0,"hit_bytes":0,"miss_bytes":0}}}
INFO [06-01|16:27:00.692] Imported new potential chain segment     number=6675 hash=5ae137..045a08 blocks=1 txs=1 mgas=0.021 elapsed=35.634ms    mgasps=0.589  triediffs=1.36MiB triedirty=18.41MiB
INFO [06-01|16:27:00.692] Chain head was updated                   number=6675 hash=5ae137..045a08 root=1673e6..e3b18c elapsed="60.043µs"
