WARN [06-01|16:24:13.927] Unknown config environment variable      envvar=GETH_PBT_BIN
WARN [06-01|16:24:13.927] Unknown config environment variable      envvar=GETH_UBT_BIN
INFO [06-01|16:24:13.938] Starting Geth on Ethereum mainnet...
INFO [06-01|16:24:13.940] Maximum peer count                       ETH=0 total=0
INFO [06-01|16:24:13.942] Smartcard socket not found, disabling    err="stat /run/pcscd/pcscd.comm: no such file or directory"
WARN [06-01|16:24:13.944] Option --miner.etherbase is deprecated as the etherbase is set by the consensus client post-merge
INFO [06-01|16:24:13.948] Set global gas cap                       cap=50,000,000
INFO [06-01|16:24:14.753] Using developer account                  address=0xf39Fd6e51aad88F6F4ce6aB8827279cffFb92266
INFO [06-01|16:24:14.800] Using pebble as the backing database
INFO [06-01|16:24:14.800] Allocated cache and file handles         database=/mnt/state_expiry_vol_data/ubt-vs-pbt-dbs/ubt/geth/chaindata cache=2.00GiB handles=262,144
INFO [06-01|16:24:15.060] Opened ancient database                  database=/mnt/state_expiry_vol_data/ubt-vs-pbt-dbs/ubt/geth/chaindata/ancient/chain readonly=true
INFO [06-01|16:24:15.060] Opened Era store                         datadir=/mnt/state_expiry_vol_data/ubt-vs-pbt-dbs/ubt/geth/chaindata/ancient/chain/era
INFO [06-01|16:24:15.068] Initializing the KZG library             backend=gokzg
INFO [06-01|16:24:15.069] Allocated trie memory caches             clean=614.00MiB dirty=1.00GiB
INFO [06-01|16:24:15.078] Using pebble as the backing database
INFO [06-01|16:24:15.078] Allocated cache and file handles         database=/mnt/state_expiry_vol_data/ubt-vs-pbt-dbs/ubt/geth/chaindata cache=2.00GiB handles=262,144
INFO [06-01|16:24:15.299] Opened ancient database                  database=/mnt/state_expiry_vol_data/ubt-vs-pbt-dbs/ubt/geth/chaindata/ancient/chain readonly=false
INFO [06-01|16:24:15.299] Opened Era store                         datadir=/mnt/state_expiry_vol_data/ubt-vs-pbt-dbs/ubt/geth/chaindata/ancient/chain/era
INFO [06-01|16:24:15.306] State scheme set to already existing     scheme=path
INFO [06-01|16:24:15.306] Initialising Ethereum protocol           network=1337 dbversion=9
WARN [06-01|16:24:15.306] Sanitizing invalid node buffer size      provided=1.00GiB updated=256.00MiB
INFO [06-01|16:24:15.307] Load database journal from file          path=/mnt/state_expiry_vol_data/ubt-vs-pbt-dbs/ubt/geth/triedb/verkle.journal
INFO [06-01|16:24:15.569] Opened ancient database                  database=/mnt/state_expiry_vol_data/ubt-vs-pbt-dbs/ubt/geth/chaindata/ancient/state_verkle readonly=false
INFO [06-01|16:24:15.595] State snapshot generator is not compatible
INFO [06-01|16:24:15.595] Initialized path database                triecache=614.00MiB statecache=409.00MiB buffer=256.00MiB state-history="last 90000 blocks" journal-dir=/mnt/state_expiry_vol_data/ubt-vs-pbt-dbs/ubt/geth/triedb verkle=true
INFO [06-01|16:24:15.595] 
INFO [06-01|16:24:15.595] ---------------------------------------------------------------------------------------------------------------------------------------------------------
INFO [06-01|16:24:15.595] Chain ID:  1337 (unknown)
INFO [06-01|16:24:15.595] Consensus: unknown
INFO [06-01|16:24:15.595] 
INFO [06-01|16:24:15.595] Pre-Merge hard forks (block based):
INFO [06-01|16:24:15.595]  - Homestead:                   #0       
INFO [06-01|16:24:15.595]  - Tangerine Whistle (EIP 150): #0       
INFO [06-01|16:24:15.595]  - Spurious Dragon/1 (EIP 155): #0       
INFO [06-01|16:24:15.595]  - Spurious Dragon/2 (EIP 158): #0       
INFO [06-01|16:24:15.595]  - Byzantium:                   #0       
INFO [06-01|16:24:15.595]  - Constantinople:              #0       
INFO [06-01|16:24:15.595]  - Petersburg:                  #0       
INFO [06-01|16:24:15.595]  - Istanbul:                    #0       
INFO [06-01|16:24:15.595]  - Berlin:                      #0       
INFO [06-01|16:24:15.595]  - London:                      #0       
INFO [06-01|16:24:15.595]  - Arrow Glacier:               #0       
INFO [06-01|16:24:15.595]  - Gray Glacier:                #0       
INFO [06-01|16:24:15.595] 
INFO [06-01|16:24:15.595] Merge configured:
INFO [06-01|16:24:15.595]  - Total terminal difficulty:  0
INFO [06-01|16:24:15.595]  - Merge netsplit block:       #0       
INFO [06-01|16:24:15.595] 
INFO [06-01|16:24:15.595] Post-Merge hard forks (timestamp based):
INFO [06-01|16:24:15.595]  - Shanghai:                    @0         
INFO [06-01|16:24:15.595]  - Cancun:                      @0          blob: (target: 3, max: 6, fraction: 3338477)
INFO [06-01|16:24:15.595]  - Prague:                      @0          blob: (target: 6, max: 9, fraction: 5007716)
INFO [06-01|16:24:15.595]  - Osaka:                       @0          blob: (target: 6, max: 9, fraction: 5007716)
INFO [06-01|16:24:15.595]  - UBT:                         @0          blob: (nil)
INFO [06-01|16:24:15.595] 
INFO [06-01|16:24:15.595] All fork specifications can be found at https://ethereum.github.io/execution-specs/src/ethereum/forks/
INFO [06-01|16:24:15.595] 
INFO [06-01|16:24:15.595] ---------------------------------------------------------------------------------------------------------------------------------------------------------
INFO [06-01|16:24:15.595] 
INFO [06-01|16:24:15.596] Loaded most recent local block           number=6582 hash=0b47cc..6a196b age=4s
INFO [06-01|16:24:15.596] Loaded most recent local finalized block number=6560 hash=fd5a38..3a4b92 age=41s
INFO [06-01|16:24:15.598] Initialized transaction indexer          range="last 2350000 blocks"
INFO [06-01|16:24:15.598] Initialized log indexer                  firstblock=0 lastblock=6582 firstmap=0 lastmap=0 headindexed=true
INFO [06-01|16:24:15.639] Enabled full-sync                        head=6582 hash=0b47cc..6a196b
INFO [06-01|16:24:15.639] Unprotected transactions allowed
INFO [06-01|16:24:15.639] Gasprice oracle is ignoring threshold set threshold=2
INFO [06-01|16:24:15.640] Registered sync override service
WARN [06-01|16:24:15.640] You are running Geth in --dev mode. Please note the following:
WARN [06-01|16:24:15.640] 
WARN [06-01|16:24:15.640]   1. This mode is only intended for fast, iterative development without assumptions on
WARN [06-01|16:24:15.640]      security or persistence.
WARN [06-01|16:24:15.640]   2. The database is created in memory unless specified otherwise. Therefore, shutting down
WARN [06-01|16:24:15.640]      your computer or losing power will wipe your entire block data and chain state for
WARN [06-01|16:24:15.640]      your dev environment.
WARN [06-01|16:24:15.640]   3. A random, pre-allocated developer account will be available and unlocked as
WARN [06-01|16:24:15.640]      eth.coinbase, which can be used for testing. The random dev account is temporary,
WARN [06-01|16:24:15.640]      stored on a ramdisk, and will be lost if your machine is restarted.
WARN [06-01|16:24:15.640]   4. Mining is enabled by default. However, the client will only seal blocks if transactions
WARN [06-01|16:24:15.640]      are pending in the mempool. The miner's minimum accepted gas price is 1.
WARN [06-01|16:24:15.640]   5. Networking is disabled; there is no listen-address, the maximum number of peers is set
WARN [06-01|16:24:15.640]      to 0, and discovery is disabled.
WARN [06-01|16:24:15.640] 
INFO [06-01|16:24:15.640] Starting peer-to-peer node               instance=Geth/v1.17.3-unstable/linux-amd64/go1.24.9
WARN [06-01|16:24:15.640] P2P server will be useless, neither dialing nor listening
INFO [06-01|16:24:15.679] IPC endpoint opened                      url=/mnt/state_expiry_vol_data/ubt-vs-pbt-dbs/ubt/geth.ipc
ERROR[06-01|16:24:15.679] Unavailable modules in HTTP API list     unavailable=[personal] available="[admin debug web3 eth txpool miner net dev testing]"
INFO [06-01|16:24:15.679] HTTP server started                      endpoint=127.0.0.1:8545 auth=false prefix= cors= vhosts=localhost
INFO [06-01|16:24:15.679] WebSocket enabled                        url=ws://127.0.0.1:8546
INFO [06-01|16:24:15.680] New local node record                    seq=1,780,289,665,047 id=c084d8867e8cc127 ip=127.0.0.1 udp=0 tcp=0
INFO [06-01|16:24:15.680] Started P2P networking                   self=enode://ed0ccbffbfc0dc9f1b0f8e55d585ad3e61215b1974f32d9388e7ae53563e3ebe0172c21d754fa202c3a63f95bef3ff3ea24339ffdabd0115c47ec5b8d33136a9@127.0.0.1:0
INFO [06-01|16:24:16.149] Loaded local transaction journal         transactions=4525 dropped=0
INFO [06-01|16:24:16.833] Started log indexer
INFO [06-01|16:24:16.884] Starting work on payload                 id=0x0327dee79f8120f1
INFO [06-01|16:24:16.904] Updated payload                          id=0x0327dee79f8120f1 number=6583 hash=7f58a6..3bf586 txs=0 withdrawals=0 gas=0 fees=0 root=179b85..5b2a3c elapsed=19.987ms
INFO [06-01|16:24:16.905] Stopping work on payload                 id=0x0327dee79f8120f1 reason=delivery
WARN [06-01|16:24:16.916] {"level":"warn","msg":"Slow block","block":{"number":6583,"hash":"0x7f58a6e7b4f05da9e7dfebe2f1d8a02a63ffd4fce50c4df6b8af4035073bf586","gas_used":0,"tx_count":0},"timing":{"execution_ms":0.055465,"state_read_ms":10.302532,"state_hash_ms":0.001894,"commit_ms":0.185191,"total_ms":10.773126},"throughput":{"mgas_per_sec":0},"state_reads":{"accounts":4,"storage_slots":0,"code":0,"code_bytes":0},"state_writes":{"accounts":0,"accounts_deleted":0,"storage_slots":0,"storage_slots_deleted":0,"code":0,"code_bytes":0},"cache":{"account":{"hits":0,"misses":4,"hit_rate":0},"storage":{"hits":0,"misses":0,"hit_rate":0},"code":{"hits":0,"misses":0,"hit_rate":0,"hit_bytes":0,"miss_bytes":0}}}
INFO [06-01|16:24:16.916] Imported new potential chain segment     number=6583 hash=7f58a6..3bf586 blocks=1 txs=0 mgas=0.000 elapsed=11.172ms mgasps=0.000 triediffs=1.68MiB triedirty=18.25MiB
INFO [06-01|16:24:16.916] Chain head was updated                   number=6583 hash=7f58a6..3bf586 root=179b85..5b2a3c elapsed="75.886µs"
INFO [06-01|16:24:17.944] Starting work on payload                 id=0x036680e1ff232af4
INFO [06-01|16:24:17.948] Updated payload                          id=0x036680e1ff232af4 number=6584 hash=86198a..009bb3 txs=0 withdrawals=0 gas=0 fees=0 root=179b85..5b2a3c elapsed=3.870ms
INFO [06-01|16:24:17.949] Stopping work on payload                 id=0x036680e1ff232af4 reason=delivery
WARN [06-01|16:24:17.965] {"level":"warn","msg":"Slow block","block":{"number":6584,"hash":"0x86198a44af37e15d8eaddccf2df0ceaee7342568fe10994b42ba0d85d3009bb3","gas_used":0,"tx_count":0},"timing":{"execution_ms":0.040911,"state_read_ms":9.558078,"state_hash_ms":0.009986,"commit_ms":2.481728,"total_ms":17.151811},"throughput":{"mgas_per_sec":0},"state_reads":{"accounts":4,"storage_slots":0,"code":0,"code_bytes":0},"state_writes":{"accounts":0,"accounts_deleted":0,"storage_slots":0,"storage_slots_deleted":0,"code":0,"code_bytes":0},"cache":{"account":{"hits":0,"misses":4,"hit_rate":0},"storage":{"hits":0,"misses":0,"hit_rate":0},"code":{"hits":0,"misses":0,"hit_rate":0,"hit_bytes":0,"miss_bytes":0}}}
INFO [06-01|16:24:17.965] Imported new potential chain segment     number=6584 hash=86198a..009bb3 blocks=1 txs=0 mgas=0.000 elapsed=17.409ms   mgasps=0.000 triediffs=1.68MiB triedirty=18.25MiB
INFO [06-01|16:24:17.966] Chain head was updated                   number=6584 hash=86198a..009bb3 root=179b85..5b2a3c elapsed="58.543µs"
INFO [06-01|16:24:18.990] Starting work on payload                 id=0x03ebc8615a905bd5
INFO [06-01|16:24:19.014] Updated payload                          id=0x03ebc8615a905bd5 number=6585 hash=a219ab..a0464c txs=0 withdrawals=0 gas=0 fees=0 root=179b85..5b2a3c elapsed=23.906ms
INFO [06-01|16:24:19.015] Stopping work on payload                 id=0x03ebc8615a905bd5 reason=delivery
WARN [06-01|16:24:19.022] {"level":"warn","msg":"Slow block","block":{"number":6585,"hash":"0xa219ab4deafd2ee59e208196a1a120343594b30d3ac34d7b37e6279742a0464c","gas_used":0,"tx_count":0},"timing":{"execution_ms":0.050726,"state_read_ms":6.668477,"state_hash_ms":0.010795,"commit_ms":0.171563,"total_ms":7.140573},"throughput":{"mgas_per_sec":0},"state_reads":{"accounts":4,"storage_slots":0,"code":0,"code_bytes":0},"state_writes":{"accounts":0,"accounts_deleted":0,"storage_slots":0,"storage_slots_deleted":0,"code":0,"code_bytes":0},"cache":{"account":{"hits":0,"misses":4,"hit_rate":0},"storage":{"hits":0,"misses":0,"hit_rate":0},"code":{"hits":0,"misses":0,"hit_rate":0,"hit_bytes":0,"miss_bytes":0}}}
INFO [06-01|16:24:19.022] Imported new potential chain segment     number=6585 hash=a219ab..a0464c blocks=1 txs=0 mgas=0.000 elapsed=7.394ms    mgasps=0.000 triediffs=1.68MiB triedirty=18.25MiB
INFO [06-01|16:24:19.022] Chain head was updated                   number=6585 hash=a219ab..a0464c root=179b85..5b2a3c elapsed="77.987µs"
INFO [06-01|16:24:19.067] Submitted contract creation              hash=0xac1ee7a3f6c4d84d28023f2fe32e57ee4c43e91c43d5dd041f84c8b9622cb3d1 from=0xf39Fd6e51aad88F6F4ce6aB8827279cffFb92266 nonce=2007 contract=0x0e6b9C62DED986A80992214e267EF0AE96414FB0 value=0
INFO [06-01|16:24:19.067] Submitted transaction                    hash=0x20c53447fa32f786e9678ff83d47547666a3d7a5ce93a98fa5c30bec937e91c6 from=0xf39Fd6e51aad88F6F4ce6aB8827279cffFb92266 nonce=2008 recipient=0x54893D78EF0C1d2c79F597C334F64650dc089644 value=78,000,000
INFO [06-01|16:24:20.035] Starting work on payload                 id=0x0387f6c2e942d49d
INFO [06-01|16:24:20.089] Updated payload                          id=0x0387f6c2e942d49d number=6586 hash=cfd91f..95ad0f txs=2 withdrawals=0 gas=86852 fees=5.21112e-13 root=cb18f9..61c008 elapsed=54.394ms
INFO [06-01|16:24:20.089] Stopping work on payload                 id=0x0387f6c2e942d49d reason=delivery
WARN [06-01|16:24:20.120] {"level":"warn","msg":"Slow block","block":{"number":6586,"hash":"0xcfd91f5a9698fe95054a674e0eb3bab1242c5887cd26fc83bf32e4c5d195ad0f","gas_used":86852,"tx_count":2},"timing":{"execution_ms":0.110004,"state_read_ms":20.989899,"state_hash_ms":3.231843,"commit_ms":5.067356,"total_ms":30.909176},"throughput":{"mgas_per_sec":2.809909911542126},"state_reads":{"accounts":11,"storage_slots":0,"code":0,"code_bytes":0},"state_writes":{"accounts":3,"accounts_deleted":0,"storage_slots":0,"storage_slots_deleted":0,"code":1,"code_bytes":157},"cache":{"account":{"hits":6,"misses":5,"hit_rate":54.54545454545454},"storage":{"hits":0,"misses":0,"hit_rate":0},"code":{"hits":0,"misses":0,"hit_rate":0,"hit_bytes":0,"miss_bytes":0}}}
INFO [06-01|16:24:20.121] Imported new potential chain segment     number=6586 hash=cfd91f..95ad0f blocks=1 txs=2 mgas=0.087 elapsed=31.164ms   mgasps=2.787 triediffs=1.36MiB triedirty=18.35MiB
INFO [06-01|16:24:20.121] Chain head was updated                   number=6586 hash=cfd91f..95ad0f root=cb18f9..61c008 elapsed="176.254µs"
INFO [06-01|16:24:21.088] Submitted transaction                    hash=0x8cc250922b316f3533f64fec5bb731d207f2dea82d50de9dd2799fe90629e483 from=0x54893D78EF0C1d2c79F597C334F64650dc089644 nonce=0    recipient=0x0e6b9C62DED986A80992214e267EF0AE96414FB0 value=0
INFO [06-01|16:24:21.129] Starting work on payload                 id=0x0348d22cc45dabcb
INFO [06-01|16:24:21.352] Updated payload                          id=0x0348d22cc45dabcb number=6587 hash=4d9e80..2952a1 txs=1 withdrawals=0 gas=5,900,240 fees=3.540144e-11 root=94f0bb..b5862a elapsed=222.476ms
INFO [06-01|16:24:21.352] Stopping work on payload                 id=0x0348d22cc45dabcb reason=delivery
WARN [06-01|16:24:21.497] {"level":"warn","msg":"Slow block","block":{"number":6587,"hash":"0x4d9e80895bfd8f1c2dc135a2b29786562cecb15cdc3d1a0d430e41937c2952a1","gas_used":5900240,"tx_count":1},"timing":{"execution_ms":116.228435,"state_read_ms":18.03386,"state_hash_ms":9.226169,"commit_ms":0.796549,"total_ms":144.711888},"throughput":{"mgas_per_sec":40.77232410926737},"state_reads":{"accounts":107,"storage_slots":258,"code":101,"code_bytes":2957},"state_writes":{"accounts":2,"accounts_deleted":0,"storage_slots":0,"storage_slots_deleted":0,"code":0,"code_bytes":0},"cache":{"account":{"hits":10,"misses":97,"hit_rate":9.345794392523365},"storage":{"hits":25,"misses":233,"hit_rate":9.689922480620156},"code":{"hits":101,"misses":0,"hit_rate":100,"hit_bytes":2957,"miss_bytes":0}}}
INFO [06-01|16:24:21.497] Imported new potential chain segment     number=6587 hash=4d9e80..2952a1 blocks=1 txs=1 mgas=5.900 elapsed=144.939ms   mgasps=40.708 triediffs=1.36MiB triedirty=18.35MiB
INFO [06-01|16:24:21.497] Chain head was updated                   number=6587 hash=4d9e80..2952a1 root=94f0bb..b5862a elapsed="116.225µs"
INFO [06-01|16:24:22.104] Submitted transaction                    hash=0x152eb63b9371e72e0cd614b4849aa95a8212c399dd53e5020345920e92aeac08 from=0x54893D78EF0C1d2c79F597C334F64650dc089644 nonce=1    recipient=0xf39Fd6e51aad88F6F4ce6aB8827279cffFb92266 value=1,044,880
INFO [06-01|16:24:22.516] Starting work on payload                 id=0x03ea000b5502611e
INFO [06-01|16:24:22.531] Updated payload                          id=0x03ea000b5502611e number=6588 hash=c68316..d85a43 txs=1 withdrawals=0 gas=21000     fees=2.1e-14      root=0caa08..80783e elapsed=14.954ms
INFO [06-01|16:24:22.531] Stopping work on payload                 id=0x03ea000b5502611e reason=delivery
WARN [06-01|16:24:22.548] {"level":"warn","msg":"Slow block","block":{"number":6588,"hash":"0xc6831695da8c8225982a54875430aef1c2fb84b9ad0073707630ded4eed85a43","gas_used":21000,"tx_count":1},"timing":{"execution_ms":0.070346,"state_read_ms":10.454929,"state_hash_ms":4.715178,"commit_ms":0.931306,"total_ms":16.353276},"throughput":{"mgas_per_sec":1.2841463692045556},"state_reads":{"accounts":6,"storage_slots":0,"code":0,"code_bytes":0},"state_writes":{"accounts":2,"accounts_deleted":0,"storage_slots":0,"storage_slots_deleted":0,"code":0,"code_bytes":0},"cache":{"account":{"hits":2,"misses":4,"hit_rate":33.33333333333333},"storage":{"hits":0,"misses":0,"hit_rate":0},"code":{"hits":0,"misses":0,"hit_rate":0,"hit_bytes":0,"miss_bytes":0}}}
INFO [06-01|16:24:22.548] Imported new potential chain segment     number=6588 hash=c68316..d85a43 blocks=1 txs=1 mgas=0.021 elapsed=16.530ms    mgasps=1.270  triediffs=1.36MiB triedirty=18.35MiB
INFO [06-01|16:24:22.548] Chain head was updated                   number=6588 hash=c68316..d85a43 root=0caa08..80783e elapsed="84.274µs"
