WARN [06-01|16:29:39.410] Unknown config environment variable      envvar=GETH_PBT_BIN
WARN [06-01|16:29:39.410] Unknown config environment variable      envvar=GETH_UBT_BIN
INFO [06-01|16:29:39.421] Starting Geth on Ethereum mainnet...
INFO [06-01|16:29:39.423] Maximum peer count                       ETH=0 total=0
INFO [06-01|16:29:39.424] Smartcard socket not found, disabling    err="stat /run/pcscd/pcscd.comm: no such file or directory"
WARN [06-01|16:29:39.427] Option --miner.etherbase is deprecated as the etherbase is set by the consensus client post-merge
INFO [06-01|16:29:39.430] Set global gas cap                       cap=50,000,000
INFO [06-01|16:29:40.218] Using developer account                  address=0xf39Fd6e51aad88F6F4ce6aB8827279cffFb92266
INFO [06-01|16:29:40.260] Using pebble as the backing database
INFO [06-01|16:29:40.260] Allocated cache and file handles         database=/mnt/state_expiry_vol_data/ubt-vs-pbt-dbs/ubt/geth/chaindata cache=2.00GiB handles=262,144
INFO [06-01|16:29:40.487] Opened ancient database                  database=/mnt/state_expiry_vol_data/ubt-vs-pbt-dbs/ubt/geth/chaindata/ancient/chain readonly=true
INFO [06-01|16:29:40.487] Opened Era store                         datadir=/mnt/state_expiry_vol_data/ubt-vs-pbt-dbs/ubt/geth/chaindata/ancient/chain/era
INFO [06-01|16:29:40.495] Initializing the KZG library             backend=gokzg
INFO [06-01|16:29:40.496] Allocated trie memory caches             clean=614.00MiB dirty=1.00GiB
INFO [06-01|16:29:40.506] Using pebble as the backing database
INFO [06-01|16:29:40.506] Allocated cache and file handles         database=/mnt/state_expiry_vol_data/ubt-vs-pbt-dbs/ubt/geth/chaindata cache=2.00GiB handles=262,144
INFO [06-01|16:29:40.729] Opened ancient database                  database=/mnt/state_expiry_vol_data/ubt-vs-pbt-dbs/ubt/geth/chaindata/ancient/chain readonly=false
INFO [06-01|16:29:40.729] Opened Era store                         datadir=/mnt/state_expiry_vol_data/ubt-vs-pbt-dbs/ubt/geth/chaindata/ancient/chain/era
INFO [06-01|16:29:40.736] State scheme set to already existing     scheme=path
INFO [06-01|16:29:40.736] Initialising Ethereum protocol           network=1337 dbversion=9
WARN [06-01|16:29:40.736] Sanitizing invalid node buffer size      provided=1.00GiB updated=256.00MiB
INFO [06-01|16:29:40.737] Load database journal from file          path=/mnt/state_expiry_vol_data/ubt-vs-pbt-dbs/ubt/geth/triedb/verkle.journal
INFO [06-01|16:29:40.993] Opened ancient database                  database=/mnt/state_expiry_vol_data/ubt-vs-pbt-dbs/ubt/geth/chaindata/ancient/state_verkle readonly=false
INFO [06-01|16:29:40.995] State snapshot generator is not compatible
INFO [06-01|16:29:40.995] Initialized path database                triecache=614.00MiB statecache=409.00MiB buffer=256.00MiB state-history="last 90000 blocks" journal-dir=/mnt/state_expiry_vol_data/ubt-vs-pbt-dbs/ubt/geth/triedb verkle=true
INFO [06-01|16:29:40.995] 
INFO [06-01|16:29:40.995] ---------------------------------------------------------------------------------------------------------------------------------------------------------
INFO [06-01|16:29:40.995] Chain ID:  1337 (unknown)
INFO [06-01|16:29:40.995] Consensus: unknown
INFO [06-01|16:29:40.995] 
INFO [06-01|16:29:40.995] Pre-Merge hard forks (block based):
INFO [06-01|16:29:40.995]  - Homestead:                   #0       
INFO [06-01|16:29:40.995]  - Tangerine Whistle (EIP 150): #0       
INFO [06-01|16:29:40.995]  - Spurious Dragon/1 (EIP 155): #0       
INFO [06-01|16:29:40.995]  - Spurious Dragon/2 (EIP 158): #0       
INFO [06-01|16:29:40.995]  - Byzantium:                   #0       
INFO [06-01|16:29:40.995]  - Constantinople:              #0       
INFO [06-01|16:29:40.995]  - Petersburg:                  #0       
INFO [06-01|16:29:40.995]  - Istanbul:                    #0       
INFO [06-01|16:29:40.995]  - Berlin:                      #0       
INFO [06-01|16:29:40.995]  - London:                      #0       
INFO [06-01|16:29:40.995]  - Arrow Glacier:               #0       
INFO [06-01|16:29:40.995]  - Gray Glacier:                #0       
INFO [06-01|16:29:40.995] 
INFO [06-01|16:29:40.995] Merge configured:
INFO [06-01|16:29:40.995]  - Total terminal difficulty:  0
INFO [06-01|16:29:40.995]  - Merge netsplit block:       #0       
INFO [06-01|16:29:40.995] 
INFO [06-01|16:29:40.995] Post-Merge hard forks (timestamp based):
INFO [06-01|16:29:40.995]  - Shanghai:                    @0         
INFO [06-01|16:29:40.995]  - Cancun:                      @0          blob: (target: 3, max: 6, fraction: 3338477)
INFO [06-01|16:29:40.996]  - Prague:                      @0          blob: (target: 6, max: 9, fraction: 5007716)
INFO [06-01|16:29:40.996]  - Osaka:                       @0          blob: (target: 6, max: 9, fraction: 5007716)
INFO [06-01|16:29:40.996]  - UBT:                         @0          blob: (nil)
INFO [06-01|16:29:40.996] 
INFO [06-01|16:29:40.996] All fork specifications can be found at https://ethereum.github.io/execution-specs/src/ethereum/forks/
INFO [06-01|16:29:40.996] 
INFO [06-01|16:29:40.996] ---------------------------------------------------------------------------------------------------------------------------------------------------------
INFO [06-01|16:29:40.996] 
INFO [06-01|16:29:40.997] Loaded most recent local block           number=6765 hash=59720f..210d43 age=3s
INFO [06-01|16:29:40.997] Loaded most recent local finalized block number=6752 hash=cf969b..2a6df2 age=25s
INFO [06-01|16:29:40.998] Initialized transaction indexer          range="last 2350000 blocks"
INFO [06-01|16:29:40.998] Initialized log indexer                  firstblock=0 lastblock=6765 firstmap=0 lastmap=0 headindexed=true
INFO [06-01|16:29:41.056] Enabled full-sync                        head=6765 hash=59720f..210d43
INFO [06-01|16:29:41.057] Unprotected transactions allowed
INFO [06-01|16:29:41.057] Gasprice oracle is ignoring threshold set threshold=2
INFO [06-01|16:29:41.058] Registered sync override service
WARN [06-01|16:29:41.058] You are running Geth in --dev mode. Please note the following:
WARN [06-01|16:29:41.058] 
WARN [06-01|16:29:41.058]   1. This mode is only intended for fast, iterative development without assumptions on
WARN [06-01|16:29:41.058]      security or persistence.
WARN [06-01|16:29:41.058]   2. The database is created in memory unless specified otherwise. Therefore, shutting down
WARN [06-01|16:29:41.058]      your computer or losing power will wipe your entire block data and chain state for
WARN [06-01|16:29:41.058]      your dev environment.
WARN [06-01|16:29:41.058]   3. A random, pre-allocated developer account will be available and unlocked as
WARN [06-01|16:29:41.058]      eth.coinbase, which can be used for testing. The random dev account is temporary,
WARN [06-01|16:29:41.058]      stored on a ramdisk, and will be lost if your machine is restarted.
WARN [06-01|16:29:41.058]   4. Mining is enabled by default. However, the client will only seal blocks if transactions
WARN [06-01|16:29:41.058]      are pending in the mempool. The miner's minimum accepted gas price is 1.
WARN [06-01|16:29:41.058]   5. Networking is disabled; there is no listen-address, the maximum number of peers is set
WARN [06-01|16:29:41.058]      to 0, and discovery is disabled.
WARN [06-01|16:29:41.058] 
INFO [06-01|16:29:41.058] Starting peer-to-peer node               instance=Geth/v1.17.3-unstable/linux-amd64/go1.24.9
WARN [06-01|16:29:41.058] P2P server will be useless, neither dialing nor listening
INFO [06-01|16:29:41.090] IPC endpoint opened                      url=/mnt/state_expiry_vol_data/ubt-vs-pbt-dbs/ubt/geth.ipc
ERROR[06-01|16:29:41.090] Unavailable modules in HTTP API list     unavailable=[personal] available="[admin debug web3 eth txpool miner net dev testing]"
INFO [06-01|16:29:41.091] New local node record                    seq=1,780,289,665,078 id=c084d8867e8cc127 ip=127.0.0.1 udp=0 tcp=0
INFO [06-01|16:29:41.091] Started P2P networking                   self=enode://ed0ccbffbfc0dc9f1b0f8e55d585ad3e61215b1974f32d9388e7ae53563e3ebe0172c21d754fa202c3a63f95bef3ff3ea24339ffdabd0115c47ec5b8d33136a9@127.0.0.1:0
INFO [06-01|16:29:41.091] HTTP server started                      endpoint=127.0.0.1:8545 auth=false prefix= cors= vhosts=localhost
INFO [06-01|16:29:41.091] WebSocket enabled                        url=ws://127.0.0.1:8546
INFO [06-01|16:29:41.559] Loaded local transaction journal         transactions=4649 dropped=0
INFO [06-01|16:29:42.336] Started log indexer
INFO [06-01|16:29:42.386] Starting work on payload                 id=0x03f85040e8c32022
INFO [06-01|16:29:42.406] Updated payload                          id=0x03f85040e8c32022 number=6766 hash=398d0c..5630b1 txs=0 withdrawals=0 gas=0 fees=0 root=0e2411..4151a1 elapsed=19.147ms
INFO [06-01|16:29:42.406] Stopping work on payload                 id=0x03f85040e8c32022 reason=delivery
WARN [06-01|16:29:42.414] {"level":"warn","msg":"Slow block","block":{"number":6766,"hash":"0x398d0c063c0f9445ec2fb957d6854556144e53230f591d5aff87140f965630b1","gas_used":0,"tx_count":0},"timing":{"execution_ms":0.040403,"state_read_ms":7.399076,"state_hash_ms":0.016979,"commit_ms":0.276419,"total_ms":8.026504},"throughput":{"mgas_per_sec":0},"state_reads":{"accounts":4,"storage_slots":0,"code":0,"code_bytes":0},"state_writes":{"accounts":0,"accounts_deleted":0,"storage_slots":0,"storage_slots_deleted":0,"code":0,"code_bytes":0},"cache":{"account":{"hits":0,"misses":4,"hit_rate":0},"storage":{"hits":0,"misses":0,"hit_rate":0},"code":{"hits":0,"misses":0,"hit_rate":0,"hit_bytes":0,"miss_bytes":0}}}
INFO [06-01|16:29:42.414] Imported new potential chain segment     number=6766 hash=398d0c..5630b1 blocks=1 txs=0 mgas=0.000 elapsed=8.437ms  mgasps=0.000 triediffs=1.36MiB triedirty=18.48MiB
INFO [06-01|16:29:42.415] Chain head was updated                   number=6766 hash=398d0c..5630b1 root=0e2411..4151a1 elapsed="97.695µs"
INFO [06-01|16:29:43.427] Starting work on payload                 id=0x0347114c33204fa5
INFO [06-01|16:29:43.440] Updated payload                          id=0x0347114c33204fa5 number=6767 hash=267766..124455 txs=0 withdrawals=0 gas=0 fees=0 root=0e2411..4151a1 elapsed=13.486ms
INFO [06-01|16:29:43.441] Stopping work on payload                 id=0x0347114c33204fa5 reason=delivery
WARN [06-01|16:29:43.462] {"level":"warn","msg":"Slow block","block":{"number":6767,"hash":"0x26776622737db90e27a4e1fa2d9958a39fb9a3576238cc06d991d25318124455","gas_used":0,"tx_count":0},"timing":{"execution_ms":0.02542,"state_read_ms":20.949867,"state_hash_ms":0.001989,"commit_ms":0.157363,"total_ms":21.276388},"throughput":{"mgas_per_sec":0},"state_reads":{"accounts":4,"storage_slots":0,"code":0,"code_bytes":0},"state_writes":{"accounts":0,"accounts_deleted":0,"storage_slots":0,"storage_slots_deleted":0,"code":0,"code_bytes":0},"cache":{"account":{"hits":0,"misses":4,"hit_rate":0},"storage":{"hits":0,"misses":0,"hit_rate":0},"code":{"hits":0,"misses":0,"hit_rate":0,"hit_bytes":0,"miss_bytes":0}}}
INFO [06-01|16:29:43.462] Imported new potential chain segment     number=6767 hash=267766..124455 blocks=1 txs=0 mgas=0.000 elapsed=21.459ms   mgasps=0.000 triediffs=1.36MiB triedirty=18.48MiB
INFO [06-01|16:29:43.462] Chain head was updated                   number=6767 hash=267766..124455 root=0e2411..4151a1 elapsed="54.785µs"
INFO [06-01|16:29:44.415] Submitted contract creation              hash=0xda6448d53de56763baed8a7b975431348fbfef55a5988fd9f28efb640423abfd from=0xf39Fd6e51aad88F6F4ce6aB8827279cffFb92266 nonce=2069 contract=0x993630d22d60ef03b10DC0d82BEA5Aa71Eb66ea2 value=0
INFO [06-01|16:29:44.416] Submitted transaction                    hash=0x389e0fefd53306a0a2f527f2eeac42800e9f884005fd4e085e4de6e85a477205 from=0xf39Fd6e51aad88F6F4ce6aB8827279cffFb92266 nonce=2070 recipient=0x94cd9cabb6Bc7626a391B1b98BeC3381c538e559 value=78,000,000
INFO [06-01|16:29:44.486] Starting work on payload                 id=0x03cb397c8cf6a3a2
INFO [06-01|16:29:44.530] Updated payload                          id=0x03cb397c8cf6a3a2 number=6768 hash=6f24fa..9ae609 txs=2 withdrawals=0 gas=86840 fees=5.2104e-13 root=0e680a..a658dc elapsed=43.887ms
INFO [06-01|16:29:44.530] Stopping work on payload                 id=0x03cb397c8cf6a3a2 reason=delivery
WARN [06-01|16:29:44.562] {"level":"warn","msg":"Slow block","block":{"number":6768,"hash":"0x6f24fa9727f354ae1edcfd00fb3b80e7a6ea5da50a931dfe15d6eff33d9ae609","gas_used":86840,"tx_count":2},"timing":{"execution_ms":0.139313,"state_read_ms":21.440825,"state_hash_ms":5.295272,"commit_ms":4.955383,"total_ms":32.067976},"throughput":{"mgas_per_sec":2.7079975362336555},"state_reads":{"accounts":11,"storage_slots":0,"code":0,"code_bytes":0},"state_writes":{"accounts":3,"accounts_deleted":0,"storage_slots":0,"storage_slots_deleted":0,"code":1,"code_bytes":157},"cache":{"account":{"hits":5,"misses":6,"hit_rate":45.45454545454545},"storage":{"hits":0,"misses":0,"hit_rate":0},"code":{"hits":0,"misses":0,"hit_rate":0,"hit_bytes":0,"miss_bytes":0}}}
INFO [06-01|16:29:44.562] Imported new potential chain segment     number=6768 hash=6f24fa..9ae609 blocks=1 txs=2 mgas=0.087 elapsed=32.335ms   mgasps=2.686 triediffs=1.37MiB triedirty=18.48MiB
INFO [06-01|16:29:44.563] Chain head was updated                   number=6768 hash=6f24fa..9ae609 root=0e680a..a658dc elapsed="232.672µs"
INFO [06-01|16:29:45.429] Submitted transaction                    hash=0xc8a1a3ed47140f4f31e93daed366053cf09fc6bec87cb5da329f86474c115fb8 from=0x94cd9cabb6Bc7626a391B1b98BeC3381c538e559 nonce=0    recipient=0x993630d22d60ef03b10DC0d82BEA5Aa71Eb66ea2 value=0
INFO [06-01|16:29:45.569] Starting work on payload                 id=0x0328247338275960
INFO [06-01|16:29:45.710] Updated payload                          id=0x0328247338275960 number=6769 hash=35bbc3..091d0f txs=1 withdrawals=0 gas=5,900,023 fees=3.5400138e-11 root=5ccf78..9795d2 elapsed=140.929ms
INFO [06-01|16:29:45.710] Stopping work on payload                 id=0x0328247338275960 reason=delivery
WARN [06-01|16:29:45.843] {"level":"warn","msg":"Slow block","block":{"number":6769,"hash":"0x35bbc3eed69bed98d57fc98e88d3ac7d3e7cce8ed39674e565924e9d8d091d0f","gas_used":5900023,"tx_count":1},"timing":{"execution_ms":102.952406,"state_read_ms":18.542615,"state_hash_ms":9.857012,"commit_ms":0.619456,"total_ms":132.370918},"throughput":{"mgas_per_sec":44.571897582518844},"state_reads":{"accounts":263,"storage_slots":259,"code":257,"code_bytes":7325},"state_writes":{"accounts":2,"accounts_deleted":0,"storage_slots":0,"storage_slots_deleted":0,"code":0,"code_bytes":0},"cache":{"account":{"hits":93,"misses":170,"hit_rate":35.361216730038024},"storage":{"hits":97,"misses":162,"hit_rate":37.45173745173745},"code":{"hits":257,"misses":0,"hit_rate":100,"hit_bytes":7325,"miss_bytes":0}}}
INFO [06-01|16:29:45.843] Imported new potential chain segment     number=6769 hash=35bbc3..091d0f blocks=1 txs=1 mgas=5.900 elapsed=132.591ms   mgasps=44.498 triediffs=1.37MiB triedirty=18.48MiB
INFO [06-01|16:29:45.843] Chain head was updated                   number=6769 hash=35bbc3..091d0f root=5ccf78..9795d2 elapsed="106.006µs"
INFO [06-01|16:29:46.446] Submitted transaction                    hash=0xe43154832a105542c96e1baed09f1b89ca2af4a6889a726561afb6288d05e89e from=0x94cd9cabb6Bc7626a391B1b98BeC3381c538e559 nonce=1    recipient=0xf39Fd6e51aad88F6F4ce6aB8827279cffFb92266 value=1,047,701
INFO [06-01|16:29:46.855] Starting work on payload                 id=0x03f6cb6eac71966e
INFO [06-01|16:29:46.881] Updated payload                          id=0x03f6cb6eac71966e number=6770 hash=87c5d6..fbd0b8 txs=1 withdrawals=0 gas=21000     fees=2.1e-14       root=7e5a1b..94770d elapsed=25.352ms
INFO [06-01|16:29:46.881] Stopping work on payload                 id=0x03f6cb6eac71966e reason=delivery
WARN [06-01|16:29:46.898] {"level":"warn","msg":"Slow block","block":{"number":6770,"hash":"0x87c5d6d969caa94f5d141a38369244b99c992cca1282405f6de75a586cfbd0b8","gas_used":21000,"tx_count":1},"timing":{"execution_ms":0.073455,"state_read_ms":12.154021,"state_hash_ms":3.50666,"commit_ms":0.615953,"total_ms":16.824116},"throughput":{"mgas_per_sec":1.2482082268096582},"state_reads":{"accounts":6,"storage_slots":0,"code":0,"code_bytes":0},"state_writes":{"accounts":2,"accounts_deleted":0,"storage_slots":0,"storage_slots_deleted":0,"code":0,"code_bytes":0},"cache":{"account":{"hits":2,"misses":4,"hit_rate":33.33333333333333},"storage":{"hits":0,"misses":0,"hit_rate":0},"code":{"hits":0,"misses":0,"hit_rate":0,"hit_bytes":0,"miss_bytes":0}}}
INFO [06-01|16:29:46.898] Imported new potential chain segment     number=6770 hash=87c5d6..fbd0b8 blocks=1 txs=1 mgas=0.021 elapsed=17.015ms    mgasps=1.234  triediffs=1.36MiB triedirty=18.48MiB
INFO [06-01|16:29:46.898] Chain head was updated                   number=6770 hash=87c5d6..fbd0b8 root=7e5a1b..94770d elapsed="69.575µs"
