WARN [06-01|16:22:19.200] Unknown config environment variable      envvar=GETH_PBT_BIN
WARN [06-01|16:22:19.200] Unknown config environment variable      envvar=GETH_UBT_BIN
INFO [06-01|16:22:19.210] Starting Geth on Ethereum mainnet...
INFO [06-01|16:22:19.212] Maximum peer count                       ETH=0 total=0
INFO [06-01|16:22:19.213] Smartcard socket not found, disabling    err="stat /run/pcscd/pcscd.comm: no such file or directory"
WARN [06-01|16:22:19.216] Option --miner.etherbase is deprecated as the etherbase is set by the consensus client post-merge
INFO [06-01|16:22:19.218] Set global gas cap                       cap=50,000,000
INFO [06-01|16:22:20.020] Using developer account                  address=0xf39Fd6e51aad88F6F4ce6aB8827279cffFb92266
INFO [06-01|16:22:20.064] Using pebble as the backing database
INFO [06-01|16:22:20.064] Allocated cache and file handles         database=/mnt/state_expiry_vol_data/ubt-vs-pbt-dbs/ubt/geth/chaindata cache=2.00GiB handles=262,144
INFO [06-01|16:22:20.288] Opened ancient database                  database=/mnt/state_expiry_vol_data/ubt-vs-pbt-dbs/ubt/geth/chaindata/ancient/chain readonly=true
INFO [06-01|16:22:20.288] Opened Era store                         datadir=/mnt/state_expiry_vol_data/ubt-vs-pbt-dbs/ubt/geth/chaindata/ancient/chain/era
INFO [06-01|16:22:20.295] Initializing the KZG library             backend=gokzg
INFO [06-01|16:22:20.296] Allocated trie memory caches             clean=614.00MiB dirty=1.00GiB
INFO [06-01|16:22:20.306] Using pebble as the backing database
INFO [06-01|16:22:20.306] Allocated cache and file handles         database=/mnt/state_expiry_vol_data/ubt-vs-pbt-dbs/ubt/geth/chaindata cache=2.00GiB handles=262,144
INFO [06-01|16:22:20.514] Opened ancient database                  database=/mnt/state_expiry_vol_data/ubt-vs-pbt-dbs/ubt/geth/chaindata/ancient/chain readonly=false
INFO [06-01|16:22:20.514] Opened Era store                         datadir=/mnt/state_expiry_vol_data/ubt-vs-pbt-dbs/ubt/geth/chaindata/ancient/chain/era
INFO [06-01|16:22:20.520] State scheme set to already existing     scheme=path
INFO [06-01|16:22:20.521] Initialising Ethereum protocol           network=1337 dbversion=9
WARN [06-01|16:22:20.521] Sanitizing invalid node buffer size      provided=1.00GiB updated=256.00MiB
INFO [06-01|16:22:20.521] Load database journal from file          path=/mnt/state_expiry_vol_data/ubt-vs-pbt-dbs/ubt/geth/triedb/verkle.journal
INFO [06-01|16:22:20.837] Opened ancient database                  database=/mnt/state_expiry_vol_data/ubt-vs-pbt-dbs/ubt/geth/chaindata/ancient/state_verkle readonly=false
INFO [06-01|16:22:20.842] State snapshot generator is not compatible
INFO [06-01|16:22:20.842] Initialized path database                triecache=614.00MiB statecache=409.00MiB buffer=256.00MiB state-history="last 90000 blocks" journal-dir=/mnt/state_expiry_vol_data/ubt-vs-pbt-dbs/ubt/geth/triedb verkle=true
INFO [06-01|16:22:20.842] 
INFO [06-01|16:22:20.842] ---------------------------------------------------------------------------------------------------------------------------------------------------------
INFO [06-01|16:22:20.842] Chain ID:  1337 (unknown)
INFO [06-01|16:22:20.842] Consensus: unknown
INFO [06-01|16:22:20.842] 
INFO [06-01|16:22:20.842] Pre-Merge hard forks (block based):
INFO [06-01|16:22:20.842]  - Homestead:                   #0       
INFO [06-01|16:22:20.842]  - Tangerine Whistle (EIP 150): #0       
INFO [06-01|16:22:20.842]  - Spurious Dragon/1 (EIP 155): #0       
INFO [06-01|16:22:20.842]  - Spurious Dragon/2 (EIP 158): #0       
INFO [06-01|16:22:20.842]  - Byzantium:                   #0       
INFO [06-01|16:22:20.842]  - Constantinople:              #0       
INFO [06-01|16:22:20.842]  - Petersburg:                  #0       
INFO [06-01|16:22:20.842]  - Istanbul:                    #0       
INFO [06-01|16:22:20.842]  - Berlin:                      #0       
INFO [06-01|16:22:20.842]  - London:                      #0       
INFO [06-01|16:22:20.842]  - Arrow Glacier:               #0       
INFO [06-01|16:22:20.842]  - Gray Glacier:                #0       
INFO [06-01|16:22:20.842] 
INFO [06-01|16:22:20.842] Merge configured:
INFO [06-01|16:22:20.842]  - Total terminal difficulty:  0
INFO [06-01|16:22:20.842]  - Merge netsplit block:       #0       
INFO [06-01|16:22:20.842] 
INFO [06-01|16:22:20.842] Post-Merge hard forks (timestamp based):
INFO [06-01|16:22:20.842]  - Shanghai:                    @0         
INFO [06-01|16:22:20.842]  - Cancun:                      @0          blob: (target: 3, max: 6, fraction: 3338477)
INFO [06-01|16:22:20.842]  - Prague:                      @0          blob: (target: 6, max: 9, fraction: 5007716)
INFO [06-01|16:22:20.842]  - Osaka:                       @0          blob: (target: 6, max: 9, fraction: 5007716)
INFO [06-01|16:22:20.842]  - UBT:                         @0          blob: (nil)
INFO [06-01|16:22:20.842] 
INFO [06-01|16:22:20.842] All fork specifications can be found at https://ethereum.github.io/execution-specs/src/ethereum/forks/
INFO [06-01|16:22:20.842] 
INFO [06-01|16:22:20.842] ---------------------------------------------------------------------------------------------------------------------------------------------------------
INFO [06-01|16:22:20.842] 
INFO [06-01|16:22:20.845] Loaded most recent local block           number=6520 hash=685f5b..df97d3 age=3s
INFO [06-01|16:22:20.845] Loaded most recent local finalized block number=6496 hash=6d839c..c1e55c age=47s
INFO [06-01|16:22:20.845] Initialized transaction indexer          range="last 2350000 blocks"
INFO [06-01|16:22:20.846] Initialized log indexer                  firstblock=0 lastblock=6520 firstmap=0 lastmap=0 headindexed=true
INFO [06-01|16:22:20.887] Enabled full-sync                        head=6520 hash=685f5b..df97d3
INFO [06-01|16:22:20.888] Unprotected transactions allowed
INFO [06-01|16:22:20.888] Gasprice oracle is ignoring threshold set threshold=2
INFO [06-01|16:22:20.888] Registered sync override service
WARN [06-01|16:22:20.888] You are running Geth in --dev mode. Please note the following:
WARN [06-01|16:22:20.888] 
WARN [06-01|16:22:20.888]   1. This mode is only intended for fast, iterative development without assumptions on
WARN [06-01|16:22:20.888]      security or persistence.
WARN [06-01|16:22:20.888]   2. The database is created in memory unless specified otherwise. Therefore, shutting down
WARN [06-01|16:22:20.888]      your computer or losing power will wipe your entire block data and chain state for
WARN [06-01|16:22:20.888]      your dev environment.
WARN [06-01|16:22:20.888]   3. A random, pre-allocated developer account will be available and unlocked as
WARN [06-01|16:22:20.888]      eth.coinbase, which can be used for testing. The random dev account is temporary,
WARN [06-01|16:22:20.888]      stored on a ramdisk, and will be lost if your machine is restarted.
WARN [06-01|16:22:20.888]   4. Mining is enabled by default. However, the client will only seal blocks if transactions
WARN [06-01|16:22:20.888]      are pending in the mempool. The miner's minimum accepted gas price is 1.
WARN [06-01|16:22:20.888]   5. Networking is disabled; there is no listen-address, the maximum number of peers is set
WARN [06-01|16:22:20.888]      to 0, and discovery is disabled.
WARN [06-01|16:22:20.888] 
INFO [06-01|16:22:20.888] Starting peer-to-peer node               instance=Geth/v1.17.3-unstable/linux-amd64/go1.24.9
WARN [06-01|16:22:20.888] P2P server will be useless, neither dialing nor listening
INFO [06-01|16:22:20.929] New local node record                    seq=1,780,289,665,036 id=c084d8867e8cc127 ip=127.0.0.1 udp=0 tcp=0
INFO [06-01|16:22:20.930] Started P2P networking                   self=enode://ed0ccbffbfc0dc9f1b0f8e55d585ad3e61215b1974f32d9388e7ae53563e3ebe0172c21d754fa202c3a63f95bef3ff3ea24339ffdabd0115c47ec5b8d33136a9@127.0.0.1:0
INFO [06-01|16:22:20.931] IPC endpoint opened                      url=/mnt/state_expiry_vol_data/ubt-vs-pbt-dbs/ubt/geth.ipc
ERROR[06-01|16:22:20.932] Unavailable modules in HTTP API list     unavailable=[personal] available="[admin debug web3 eth txpool miner net dev testing]"
INFO [06-01|16:22:20.933] HTTP server started                      endpoint=127.0.0.1:8545 auth=false prefix= cors= vhosts=localhost
INFO [06-01|16:22:20.933] WebSocket enabled                        url=ws://127.0.0.1:8546
INFO [06-01|16:22:21.470] Loaded local transaction journal         transactions=4481 dropped=0
INFO [06-01|16:22:22.138] Started log indexer
INFO [06-01|16:22:22.194] Starting work on payload                 id=0x03a5bf6bfc25810d
INFO [06-01|16:22:22.213] Updated payload                          id=0x03a5bf6bfc25810d number=6521 hash=5c5cf5..e4f8eb txs=0 withdrawals=0 gas=0 fees=0 root=401925..727550 elapsed=18.403ms
INFO [06-01|16:22:22.213] Stopping work on payload                 id=0x03a5bf6bfc25810d reason=delivery
WARN [06-01|16:22:22.222] {"level":"warn","msg":"Slow block","block":{"number":6521,"hash":"0x5c5cf59d220a6b2a57cac80b4fee19a76e67327df6823490050d934202e4f8eb","gas_used":0,"tx_count":0},"timing":{"execution_ms":0.056184,"state_read_ms":3.266231,"state_hash_ms":0.0029,"commit_ms":0.303004,"total_ms":8.160461},"throughput":{"mgas_per_sec":0},"state_reads":{"accounts":4,"storage_slots":0,"code":0,"code_bytes":0},"state_writes":{"accounts":0,"accounts_deleted":0,"storage_slots":0,"storage_slots_deleted":0,"code":0,"code_bytes":0},"cache":{"account":{"hits":0,"misses":4,"hit_rate":0},"storage":{"hits":0,"misses":0,"hit_rate":0},"code":{"hits":0,"misses":0,"hit_rate":0,"hit_bytes":0,"miss_bytes":0}}}
INFO [06-01|16:22:22.222] Imported new potential chain segment     number=6521 hash=5c5cf5..e4f8eb blocks=1 txs=0 mgas=0.000 elapsed=8.464ms  mgasps=0.000 triediffs=5.18MiB triedirty=17.20MiB
INFO [06-01|16:22:22.222] Chain head was updated                   number=6521 hash=5c5cf5..e4f8eb root=401925..727550 elapsed="84.7µs"
INFO [06-01|16:22:23.233] Starting work on payload                 id=0x0381568c24b1f68e
INFO [06-01|16:22:23.248] Updated payload                          id=0x0381568c24b1f68e number=6522 hash=217433..3c5825 txs=0 withdrawals=0 gas=0 fees=0 root=401925..727550 elapsed=15.283ms
INFO [06-01|16:22:23.248] Stopping work on payload                 id=0x0381568c24b1f68e reason=delivery
WARN [06-01|16:22:23.271] {"level":"warn","msg":"Slow block","block":{"number":6522,"hash":"0x217433ebb465257e8e8706979c94686dd25d9b21cc47b505ee58f376cb3c5825","gas_used":0,"tx_count":0},"timing":{"execution_ms":0.036124,"state_read_ms":21.910498,"state_hash_ms":0.002232,"commit_ms":0.15326,"total_ms":22.311834},"throughput":{"mgas_per_sec":0},"state_reads":{"accounts":4,"storage_slots":0,"code":0,"code_bytes":0},"state_writes":{"accounts":0,"accounts_deleted":0,"storage_slots":0,"storage_slots_deleted":0,"code":0,"code_bytes":0},"cache":{"account":{"hits":0,"misses":4,"hit_rate":0},"storage":{"hits":0,"misses":0,"hit_rate":0},"code":{"hits":0,"misses":0,"hit_rate":0,"hit_bytes":0,"miss_bytes":0}}}
INFO [06-01|16:22:23.271] Imported new potential chain segment     number=6522 hash=217433..3c5825 blocks=1 txs=0 mgas=0.000 elapsed=22.558ms mgasps=0.000 triediffs=5.18MiB triedirty=17.20MiB
INFO [06-01|16:22:23.271] Chain head was updated                   number=6522 hash=217433..3c5825 root=401925..727550 elapsed="29.967µs"
INFO [06-01|16:22:24.288] Starting work on payload                 id=0x0390cae8bfa47636
INFO [06-01|16:22:24.309] Updated payload                          id=0x0390cae8bfa47636 number=6523 hash=082147..753f5a txs=0 withdrawals=0 gas=0 fees=0 root=401925..727550 elapsed=20.693ms
INFO [06-01|16:22:24.309] Stopping work on payload                 id=0x0390cae8bfa47636 reason=delivery
INFO [06-01|16:22:24.316] Submitted contract creation              hash=0x90608b1d722c8bd662a3bca0daa68b1800196d519d1bdfab81c26751004dc487 from=0xf39Fd6e51aad88F6F4ce6aB8827279cffFb92266 nonce=1985 contract=0x72325cd72936Cf944BDf0CA6B624C8b1944A80Ab value=0
INFO [06-01|16:22:24.316] Submitted transaction                    hash=0x76b4aa8d9a4a4a70c197da0e9e6c06aeb8e820d9f626cc3e6060826502044a16 from=0xf39Fd6e51aad88F6F4ce6aB8827279cffFb92266 nonce=1986 recipient=0x7c7E38e3cecA36e9a0FB7f908d29287432a4fAee value=78,000,000
WARN [06-01|16:22:24.322] {"level":"warn","msg":"Slow block","block":{"number":6523,"hash":"0x082147b8ed3f9d72c54f3110aed3c50d056a6857b7dc1b5cc6b7ce5826753f5a","gas_used":0,"tx_count":0},"timing":{"execution_ms":0.033367,"state_read_ms":12.420881,"state_hash_ms":0.002709,"commit_ms":0.151534,"total_ms":12.751653},"throughput":{"mgas_per_sec":0},"state_reads":{"accounts":4,"storage_slots":0,"code":0,"code_bytes":0},"state_writes":{"accounts":0,"accounts_deleted":0,"storage_slots":0,"storage_slots_deleted":0,"code":0,"code_bytes":0},"cache":{"account":{"hits":0,"misses":4,"hit_rate":0},"storage":{"hits":0,"misses":0,"hit_rate":0},"code":{"hits":0,"misses":0,"hit_rate":0,"hit_bytes":0,"miss_bytes":0}}}
INFO [06-01|16:22:24.322] Imported new potential chain segment     number=6523 hash=082147..753f5a blocks=1 txs=0 mgas=0.000 elapsed=12.925ms   mgasps=0.000 triediffs=5.18MiB triedirty=17.20MiB
INFO [06-01|16:22:24.322] Chain head was updated                   number=6523 hash=082147..753f5a root=401925..727550 elapsed="205.081µs"
INFO [06-01|16:22:25.338] Starting work on payload                 id=0x0380a235240c5a3f
INFO [06-01|16:22:25.376] Updated payload                          id=0x0380a235240c5a3f number=6524 hash=06cb09..cd5156 txs=2 withdrawals=0 gas=86852 fees=5.21112e-13 root=3f8c22..57c96b elapsed=37.429ms
INFO [06-01|16:22:25.376] Stopping work on payload                 id=0x0380a235240c5a3f reason=delivery
WARN [06-01|16:22:25.413] {"level":"warn","msg":"Slow block","block":{"number":6524,"hash":"0x06cb099683356b0bec2b53f6d2be1c91d7c8964e7badf3b618bdac7689cd5156","gas_used":86852,"tx_count":2},"timing":{"execution_ms":0.150598,"state_read_ms":18.950651,"state_hash_ms":10.65305,"commit_ms":5.661802,"total_ms":36.587268},"throughput":{"mgas_per_sec":2.373831246432502},"state_reads":{"accounts":11,"storage_slots":0,"code":0,"code_bytes":0},"state_writes":{"accounts":3,"accounts_deleted":0,"storage_slots":0,"storage_slots_deleted":0,"code":1,"code_bytes":157},"cache":{"account":{"hits":6,"misses":5,"hit_rate":54.54545454545454},"storage":{"hits":0,"misses":0,"hit_rate":0},"code":{"hits":0,"misses":0,"hit_rate":0,"hit_bytes":0,"miss_bytes":0}}}
INFO [06-01|16:22:25.413] Imported new potential chain segment     number=6524 hash=06cb09..cd5156 blocks=1 txs=2 mgas=0.087 elapsed=36.781ms    mgasps=2.361 triediffs=4.87MiB triedirty=17.29MiB
INFO [06-01|16:22:25.413] Chain head was updated                   number=6524 hash=06cb09..cd5156 root=3f8c22..57c96b elapsed="183.693µs"
INFO [06-01|16:22:26.333] Submitted transaction                    hash=0xc1593383dc1a8741cc9ed81041e208615c04511fe3af20707e4e612355dc9137 from=0x7c7E38e3cecA36e9a0FB7f908d29287432a4fAee nonce=0    recipient=0x72325cd72936Cf944BDf0CA6B624C8b1944A80Ab value=0
INFO [06-01|16:22:26.419] Starting work on payload                 id=0x03fe56a14be5a392
INFO [06-01|16:22:26.641] Updated payload                          id=0x03fe56a14be5a392 number=6525 hash=9f2e3e..8f05e5 txs=1 withdrawals=0 gas=5,900,140 fees=3.540084e-11 root=c83861..135386 elapsed=221.953ms
INFO [06-01|16:22:26.641] Stopping work on payload                 id=0x03fe56a14be5a392 reason=delivery
WARN [06-01|16:22:26.798] {"level":"warn","msg":"Slow block","block":{"number":6525,"hash":"0x9f2e3e67450f3cd8d90f5eaeeba08a572ad2291094cb1ab307d482f2ec8f05e5","gas_used":5900140,"tx_count":1},"timing":{"execution_ms":125.738816,"state_read_ms":18.103322,"state_hash_ms":7.328298,"commit_ms":1.408553,"total_ms":156.776285},"throughput":{"mgas_per_sec":37.63413580057723},"state_reads":{"accounts":17,"storage_slots":258,"code":11,"code_bytes":437},"state_writes":{"accounts":2,"accounts_deleted":0,"storage_slots":0,"storage_slots_deleted":0,"code":0,"code_bytes":0},"cache":{"account":{"hits":6,"misses":11,"hit_rate":35.294117647058826},"storage":{"hits":42,"misses":216,"hit_rate":16.27906976744186},"code":{"hits":11,"misses":0,"hit_rate":100,"hit_bytes":437,"miss_bytes":0}}}
INFO [06-01|16:22:26.798] Imported new potential chain segment     number=6525 hash=9f2e3e..8f05e5 blocks=1 txs=1 mgas=5.900 elapsed=156.997ms   mgasps=37.581 triediffs=4.87MiB triedirty=17.29MiB
INFO [06-01|16:22:26.798] Chain head was updated                   number=6525 hash=9f2e3e..8f05e5 root=c83861..135386 elapsed="76.721µs"
INFO [06-01|16:22:27.349] Submitted transaction                    hash=0xbeef8c0a0c9a5dd2a1bf70cbe3f9a291702a99104737611311f5ed447ad4107b from=0x7c7E38e3cecA36e9a0FB7f908d29287432a4fAee nonce=1    recipient=0xf39Fd6e51aad88F6F4ce6aB8827279cffFb92266 value=1,046,180
INFO [06-01|16:22:27.822] Starting work on payload                 id=0x03242eafdee4430a
INFO [06-01|16:22:27.846] Updated payload                          id=0x03242eafdee4430a number=6526 hash=060d3d..3e4226 txs=1 withdrawals=0 gas=21000     fees=2.1e-14      root=26dd9c..7f07d8 elapsed=23.909ms
INFO [06-01|16:22:27.846] Stopping work on payload                 id=0x03242eafdee4430a reason=delivery
WARN [06-01|16:22:27.869] {"level":"warn","msg":"Slow block","block":{"number":6526,"hash":"0x060d3dc8c1f50fe6653676fbeaff0017989e90182b7c528e89d9844d003e4226","gas_used":21000,"tx_count":1},"timing":{"execution_ms":0.076475,"state_read_ms":13.176343,"state_hash_ms":8.275181,"commit_ms":0.649876,"total_ms":22.347452},"throughput":{"mgas_per_sec":0.9397044459475739},"state_reads":{"accounts":6,"storage_slots":0,"code":0,"code_bytes":0},"state_writes":{"accounts":2,"accounts_deleted":0,"storage_slots":0,"storage_slots_deleted":0,"code":0,"code_bytes":0},"cache":{"account":{"hits":2,"misses":4,"hit_rate":33.33333333333333},"storage":{"hits":0,"misses":0,"hit_rate":0},"code":{"hits":0,"misses":0,"hit_rate":0,"hit_bytes":0,"miss_bytes":0}}}
INFO [06-01|16:22:27.869] Imported new potential chain segment     number=6526 hash=060d3d..3e4226 blocks=1 txs=1 mgas=0.021 elapsed=22.492ms    mgasps=0.934  triediffs=4.86MiB triedirty=17.29MiB
INFO [06-01|16:22:27.869] Chain head was updated                   number=6526 hash=060d3d..3e4226 root=26dd9c..7f07d8 elapsed="50.64µs"
