WARN [06-01|16:52:41.243] Unknown config environment variable      envvar=GETH_PBT_BIN
WARN [06-01|16:52:41.243] Unknown config environment variable      envvar=GETH_UBT_BIN
INFO [06-01|16:52:41.253] Starting Geth on Ethereum mainnet...
INFO [06-01|16:52:41.255] Maximum peer count                       ETH=0 total=0
INFO [06-01|16:52:41.256] Smartcard socket not found, disabling    err="stat /run/pcscd/pcscd.comm: no such file or directory"
WARN [06-01|16:52:41.259] Option --miner.etherbase is deprecated as the etherbase is set by the consensus client post-merge
INFO [06-01|16:52:41.262] Set global gas cap                       cap=50,000,000
INFO [06-01|16:52:42.055] Using developer account                  address=0xf39Fd6e51aad88F6F4ce6aB8827279cffFb92266
INFO [06-01|16:52:42.099] Using pebble as the backing database
INFO [06-01|16:52:42.099] Allocated cache and file handles         database=/mnt/state_expiry_vol_data/ubt-vs-pbt-dbs/ubt/geth/chaindata cache=2.00GiB handles=262,144
INFO [06-01|16:52:42.329] Opened ancient database                  database=/mnt/state_expiry_vol_data/ubt-vs-pbt-dbs/ubt/geth/chaindata/ancient/chain readonly=true
INFO [06-01|16:52:42.329] Opened Era store                         datadir=/mnt/state_expiry_vol_data/ubt-vs-pbt-dbs/ubt/geth/chaindata/ancient/chain/era
INFO [06-01|16:52:42.336] Initializing the KZG library             backend=gokzg
INFO [06-01|16:52:42.338] Allocated trie memory caches             clean=614.00MiB dirty=1.00GiB
INFO [06-01|16:52:42.347] Using pebble as the backing database
INFO [06-01|16:52:42.348] Allocated cache and file handles         database=/mnt/state_expiry_vol_data/ubt-vs-pbt-dbs/ubt/geth/chaindata cache=2.00GiB handles=262,144
INFO [06-01|16:52:42.557] Opened ancient database                  database=/mnt/state_expiry_vol_data/ubt-vs-pbt-dbs/ubt/geth/chaindata/ancient/chain readonly=false
INFO [06-01|16:52:42.557] Opened Era store                         datadir=/mnt/state_expiry_vol_data/ubt-vs-pbt-dbs/ubt/geth/chaindata/ancient/chain/era
INFO [06-01|16:52:42.564] State scheme set to already existing     scheme=path
INFO [06-01|16:52:42.564] Initialising Ethereum protocol           network=1337 dbversion=9
WARN [06-01|16:52:42.564] Sanitizing invalid node buffer size      provided=1.00GiB updated=256.00MiB
INFO [06-01|16:52:42.565] Load database journal from file          path=/mnt/state_expiry_vol_data/ubt-vs-pbt-dbs/ubt/geth/triedb/verkle.journal
INFO [06-01|16:52:42.962] Opened ancient database                  database=/mnt/state_expiry_vol_data/ubt-vs-pbt-dbs/ubt/geth/chaindata/ancient/state_verkle readonly=false
INFO [06-01|16:52:42.964] State snapshot generator is not compatible
INFO [06-01|16:52:42.964] Initialized path database                triecache=614.00MiB statecache=409.00MiB buffer=256.00MiB state-history="last 90000 blocks" journal-dir=/mnt/state_expiry_vol_data/ubt-vs-pbt-dbs/ubt/geth/triedb verkle=true
INFO [06-01|16:52:42.964] 
INFO [06-01|16:52:42.964] ---------------------------------------------------------------------------------------------------------------------------------------------------------
INFO [06-01|16:52:42.964] Chain ID:  1337 (unknown)
INFO [06-01|16:52:42.964] Consensus: unknown
INFO [06-01|16:52:42.964] 
INFO [06-01|16:52:42.964] Pre-Merge hard forks (block based):
INFO [06-01|16:52:42.964]  - Homestead:                   #0       
INFO [06-01|16:52:42.964]  - Tangerine Whistle (EIP 150): #0       
INFO [06-01|16:52:42.964]  - Spurious Dragon/1 (EIP 155): #0       
INFO [06-01|16:52:42.964]  - Spurious Dragon/2 (EIP 158): #0       
INFO [06-01|16:52:42.964]  - Byzantium:                   #0       
INFO [06-01|16:52:42.964]  - Constantinople:              #0       
INFO [06-01|16:52:42.964]  - Petersburg:                  #0       
INFO [06-01|16:52:42.964]  - Istanbul:                    #0       
INFO [06-01|16:52:42.964]  - Berlin:                      #0       
INFO [06-01|16:52:42.964]  - London:                      #0       
INFO [06-01|16:52:42.964]  - Arrow Glacier:               #0       
INFO [06-01|16:52:42.964]  - Gray Glacier:                #0       
INFO [06-01|16:52:42.964] 
INFO [06-01|16:52:42.964] Merge configured:
INFO [06-01|16:52:42.964]  - Total terminal difficulty:  0
INFO [06-01|16:52:42.964]  - Merge netsplit block:       #0       
INFO [06-01|16:52:42.964] 
INFO [06-01|16:52:42.964] Post-Merge hard forks (timestamp based):
INFO [06-01|16:52:42.964]  - Shanghai:                    @0         
INFO [06-01|16:52:42.964]  - Cancun:                      @0          blob: (target: 3, max: 6, fraction: 3338477)
INFO [06-01|16:52:42.964]  - Prague:                      @0          blob: (target: 6, max: 9, fraction: 5007716)
INFO [06-01|16:52:42.964]  - Osaka:                       @0          blob: (target: 6, max: 9, fraction: 5007716)
INFO [06-01|16:52:42.964]  - UBT:                         @0          blob: (nil)
INFO [06-01|16:52:42.964] 
INFO [06-01|16:52:42.964] All fork specifications can be found at https://ethereum.github.io/execution-specs/src/ethereum/forks/
INFO [06-01|16:52:42.964] 
INFO [06-01|16:52:42.964] ---------------------------------------------------------------------------------------------------------------------------------------------------------
INFO [06-01|16:52:42.964] 
INFO [06-01|16:52:42.965] Loaded most recent local block           number=7551 hash=55c901..267867 age=3s
INFO [06-01|16:52:42.965] Loaded most recent local finalized block number=7520 hash=472a57..871f13 age=58s
INFO [06-01|16:52:42.966] Initialized transaction indexer          range="last 2350000 blocks"
INFO [06-01|16:52:42.966] Initialized log indexer                  firstblock=0 lastblock=7551 firstmap=0 lastmap=0 headindexed=true
INFO [06-01|16:52:42.997] Enabled full-sync                        head=7551 hash=55c901..267867
INFO [06-01|16:52:42.998] Unprotected transactions allowed
INFO [06-01|16:52:42.998] Gasprice oracle is ignoring threshold set threshold=2
INFO [06-01|16:52:42.999] Registered sync override service
WARN [06-01|16:52:42.999] You are running Geth in --dev mode. Please note the following:
WARN [06-01|16:52:42.999] 
WARN [06-01|16:52:42.999]   1. This mode is only intended for fast, iterative development without assumptions on
WARN [06-01|16:52:42.999]      security or persistence.
WARN [06-01|16:52:42.999]   2. The database is created in memory unless specified otherwise. Therefore, shutting down
WARN [06-01|16:52:42.999]      your computer or losing power will wipe your entire block data and chain state for
WARN [06-01|16:52:42.999]      your dev environment.
WARN [06-01|16:52:42.999]   3. A random, pre-allocated developer account will be available and unlocked as
WARN [06-01|16:52:42.999]      eth.coinbase, which can be used for testing. The random dev account is temporary,
WARN [06-01|16:52:42.999]      stored on a ramdisk, and will be lost if your machine is restarted.
WARN [06-01|16:52:42.999]   4. Mining is enabled by default. However, the client will only seal blocks if transactions
WARN [06-01|16:52:42.999]      are pending in the mempool. The miner's minimum accepted gas price is 1.
WARN [06-01|16:52:42.999]   5. Networking is disabled; there is no listen-address, the maximum number of peers is set
WARN [06-01|16:52:42.999]      to 0, and discovery is disabled.
WARN [06-01|16:52:42.999] 
INFO [06-01|16:52:42.999] Starting peer-to-peer node               instance=Geth/v1.17.3-unstable/linux-amd64/go1.24.9
WARN [06-01|16:52:42.999] P2P server will be useless, neither dialing nor listening
INFO [06-01|16:52:43.017] IPC endpoint opened                      url=/mnt/state_expiry_vol_data/ubt-vs-pbt-dbs/ubt/geth.ipc
ERROR[06-01|16:52:43.018] Unavailable modules in HTTP API list     unavailable=[personal] available="[admin debug web3 eth txpool miner net dev testing]"
INFO [06-01|16:52:43.019] HTTP server started                      endpoint=127.0.0.1:8545 auth=false prefix= cors= vhosts=localhost
INFO [06-01|16:52:43.019] WebSocket enabled                        url=ws://127.0.0.1:8546
INFO [06-01|16:52:43.020] New local node record                    seq=1,780,289,665,212 id=c084d8867e8cc127 ip=127.0.0.1 udp=0 tcp=0
INFO [06-01|16:52:43.021] Started P2P networking                   self=enode://ed0ccbffbfc0dc9f1b0f8e55d585ad3e61215b1974f32d9388e7ae53563e3ebe0172c21d754fa202c3a63f95bef3ff3ea24339ffdabd0115c47ec5b8d33136a9@127.0.0.1:0
INFO [06-01|16:52:43.595] Loaded local transaction journal         transactions=5185 dropped=0
INFO [06-01|16:52:44.266] Started log indexer
INFO [06-01|16:52:44.320] Starting work on payload                 id=0x035931446b4075a3
INFO [06-01|16:52:44.335] Updated payload                          id=0x035931446b4075a3 number=7552 hash=d2d889..8611af txs=0 withdrawals=0 gas=0 fees=0 root=ae1575..b729b0 elapsed=14.496ms
INFO [06-01|16:52:44.335] Stopping work on payload                 id=0x035931446b4075a3 reason=delivery
WARN [06-01|16:52:44.356] {"level":"warn","msg":"Slow block","block":{"number":7552,"hash":"0xd2d889af5062dcf8109cae25e830345e44d9acc4d74363614c9a68dfd38611af","gas_used":0,"tx_count":0},"timing":{"execution_ms":0.04766,"state_read_ms":20.303608,"state_hash_ms":0.002652,"commit_ms":0.15929,"total_ms":20.712709},"throughput":{"mgas_per_sec":0},"state_reads":{"accounts":4,"storage_slots":0,"code":0,"code_bytes":0},"state_writes":{"accounts":0,"accounts_deleted":0,"storage_slots":0,"storage_slots_deleted":0,"code":0,"code_bytes":0},"cache":{"account":{"hits":0,"misses":4,"hit_rate":0},"storage":{"hits":0,"misses":0,"hit_rate":0},"code":{"hits":0,"misses":0,"hit_rate":0,"hit_bytes":0,"miss_bytes":0}}}
INFO [06-01|16:52:44.356] Imported new potential chain segment     number=7552 hash=d2d889..8611af blocks=1 txs=0 mgas=0.000 elapsed=21.044ms mgasps=0.000 triediffs=2.90MiB triedirty=28.86MiB
INFO [06-01|16:52:44.356] Chain head was updated                   number=7552 hash=d2d889..8611af root=ae1575..b729b0 elapsed="81.799µs"
INFO [06-01|16:52:45.374] Starting work on payload                 id=0x0349751e54e56b02
INFO [06-01|16:52:45.381] Updated payload                          id=0x0349751e54e56b02 number=7553 hash=405a06..9c13c6 txs=0 withdrawals=0 gas=0 fees=0 root=ae1575..b729b0 elapsed=6.985ms
INFO [06-01|16:52:45.381] Stopping work on payload                 id=0x0349751e54e56b02 reason=delivery
WARN [06-01|16:52:45.395] {"level":"warn","msg":"Slow block","block":{"number":7553,"hash":"0x405a067d6a381159b6f781f0b37daa090066956cc6dafb7335d2520df29c13c6","gas_used":0,"tx_count":0},"timing":{"execution_ms":0.033207,"state_read_ms":11.945006,"state_hash_ms":0.002449,"commit_ms":0.13309,"total_ms":12.287743},"throughput":{"mgas_per_sec":0},"state_reads":{"accounts":4,"storage_slots":0,"code":0,"code_bytes":0},"state_writes":{"accounts":0,"accounts_deleted":0,"storage_slots":0,"storage_slots_deleted":0,"code":0,"code_bytes":0},"cache":{"account":{"hits":0,"misses":4,"hit_rate":0},"storage":{"hits":0,"misses":0,"hit_rate":0},"code":{"hits":0,"misses":0,"hit_rate":0,"hit_bytes":0,"miss_bytes":0}}}
INFO [06-01|16:52:45.395] Imported new potential chain segment     number=7553 hash=405a06..9c13c6 blocks=1 txs=0 mgas=0.000 elapsed=12.494ms   mgasps=0.000 triediffs=2.90MiB triedirty=28.86MiB
INFO [06-01|16:52:45.396] Chain head was updated                   number=7553 hash=405a06..9c13c6 root=ae1575..b729b0 elapsed="57.336µs"
INFO [06-01|16:52:46.301] Submitted contract creation              hash=0x5e4ad41f34b3932b9432836c421dfd76abb4736dd813bf65e967a758453f57d3 from=0xf39Fd6e51aad88F6F4ce6aB8827279cffFb92266 nonce=2337 contract=0xF407ed1303e3AE63a0e277AB7817A79A152e86Ef value=0
INFO [06-01|16:52:46.301] Submitted transaction                    hash=0x6b0db552876fc30daaaaa8ab8e06a1fe733defa2eea455bbb3b73669d956bee0 from=0xf39Fd6e51aad88F6F4ce6aB8827279cffFb92266 nonce=2338 recipient=0xCe0F9736Cef5aCd9556D08A4088bf4830486A030 value=78,000,000
INFO [06-01|16:52:46.415] Starting work on payload                 id=0x0369a63948a139ba
INFO [06-01|16:52:46.464] Updated payload                          id=0x0369a63948a139ba number=7554 hash=940eb7..c897d1 txs=2 withdrawals=0 gas=91710 fees=5.5026e-13 root=9a64ae..9b1fad elapsed=49.061ms
INFO [06-01|16:52:46.464] Stopping work on payload                 id=0x0369a63948a139ba reason=delivery
WARN [06-01|16:52:46.498] {"level":"warn","msg":"Slow block","block":{"number":7554,"hash":"0x940eb76c4f8c7e4d4f2c4dddb0c37d105e35c3bbd608d7ca36ff95d5f1c897d1","gas_used":91710,"tx_count":2},"timing":{"execution_ms":0.139595,"state_read_ms":23.039229,"state_hash_ms":4.836308,"commit_ms":5.099607,"total_ms":33.384119},"throughput":{"mgas_per_sec":2.7471145786414195},"state_reads":{"accounts":11,"storage_slots":0,"code":0,"code_bytes":0},"state_writes":{"accounts":3,"accounts_deleted":0,"storage_slots":0,"storage_slots_deleted":0,"code":1,"code_bytes":305},"cache":{"account":{"hits":5,"misses":6,"hit_rate":45.45454545454545},"storage":{"hits":0,"misses":0,"hit_rate":0},"code":{"hits":0,"misses":0,"hit_rate":0,"hit_bytes":0,"miss_bytes":0}}}
INFO [06-01|16:52:46.498] Imported new potential chain segment     number=7554 hash=940eb7..c897d1 blocks=1 txs=2 mgas=0.092 elapsed=33.565ms   mgasps=2.732 triediffs=2.88MiB triedirty=28.87MiB
INFO [06-01|16:52:46.498] Chain head was updated                   number=7554 hash=940eb7..c897d1 root=9a64ae..9b1fad elapsed="167.661µs"
INFO [06-01|16:52:47.314] Submitted transaction                    hash=0x7b2afe9a7eb67d6d312cc5676cd54ea8b4aa8d2a88f60451c313ed4025a780f0 from=0xCe0F9736Cef5aCd9556D08A4088bf4830486A030 nonce=0    recipient=0xF407ed1303e3AE63a0e277AB7817A79A152e86Ef value=0
INFO [06-01|16:52:47.519] Starting work on payload                 id=0x03d84fa7967bfe3e
INFO [06-01|16:52:47.700] Updated payload                          id=0x03d84fa7967bfe3e number=7555 hash=c47d19..ce76eb txs=1 withdrawals=0 gas=5,920,754 fees=3.5524524e-11 root=e93784..6b0030 elapsed=181.337ms
INFO [06-01|16:52:47.700] Stopping work on payload                 id=0x03d84fa7967bfe3e reason=delivery
WARN [06-01|16:52:47.797] {"level":"warn","msg":"Slow block","block":{"number":7555,"hash":"0xc47d19f9619e6b4f2b054dacef2d464cd336f4f1e617428a63493c18a9ce76eb","gas_used":5920754,"tx_count":1},"timing":{"execution_ms":53.743539,"state_read_ms":24.414303,"state_hash_ms":14.207039,"commit_ms":2.097044,"total_ms":96.947788},"throughput":{"mgas_per_sec":61.07157390739023},"state_reads":{"accounts":107,"storage_slots":785,"code":101,"code_bytes":3105},"state_writes":{"accounts":11,"accounts_deleted":0,"storage_slots":77,"storage_slots_deleted":0,"code":0,"code_bytes":0},"cache":{"account":{"hits":19,"misses":88,"hit_rate":17.75700934579439},"storage":{"hits":196,"misses":589,"hit_rate":24.96815286624204},"code":{"hits":101,"misses":0,"hit_rate":100,"hit_bytes":3105,"miss_bytes":0}}}
INFO [06-01|16:52:47.798] Imported new potential chain segment     number=7555 hash=c47d19..ce76eb blocks=1 txs=1 mgas=5.921 elapsed=97.159ms    mgasps=60.939 triediffs=2.97MiB triedirty=28.87MiB
INFO [06-01|16:52:47.798] Chain head was updated                   number=7555 hash=c47d19..ce76eb root=e93784..6b0030 elapsed="120.753µs"
INFO [06-01|16:52:48.330] Submitted transaction                    hash=0x769b34d432273a231874b76c5a60a91d0c95998c662f10318ea53016b531ba1e from=0xCe0F9736Cef5aCd9556D08A4088bf4830486A030 nonce=1    recipient=0xf39Fd6e51aad88F6F4ce6aB8827279cffFb92266 value=778,198
INFO [06-01|16:52:48.811] Starting work on payload                 id=0x03886a029fdfbfb5
INFO [06-01|16:52:48.835] Updated payload                          id=0x03886a029fdfbfb5 number=7556 hash=3e5ce8..353f1f txs=1 withdrawals=0 gas=21000     fees=2.1e-14       root=af5acb..a61f9e elapsed=23.370ms
INFO [06-01|16:52:48.835] Stopping work on payload                 id=0x03886a029fdfbfb5 reason=delivery
WARN [06-01|16:52:48.862] {"level":"warn","msg":"Slow block","block":{"number":7556,"hash":"0x3e5ce8c81b222e0a296ddb1659461c4e1208f6a960096cfd4f60a436a0353f1f","gas_used":21000,"tx_count":1},"timing":{"execution_ms":0.063548,"state_read_ms":6.557788,"state_hash_ms":15.97955,"commit_ms":0.715196,"total_ms":27.115258},"throughput":{"mgas_per_sec":0.7744717015047395},"state_reads":{"accounts":6,"storage_slots":0,"code":0,"code_bytes":0},"state_writes":{"accounts":2,"accounts_deleted":0,"storage_slots":0,"storage_slots_deleted":0,"code":0,"code_bytes":0},"cache":{"account":{"hits":2,"misses":4,"hit_rate":33.33333333333333},"storage":{"hits":0,"misses":0,"hit_rate":0},"code":{"hits":0,"misses":0,"hit_rate":0,"hit_bytes":0,"miss_bytes":0}}}
INFO [06-01|16:52:48.862] Imported new potential chain segment     number=7556 hash=3e5ce8..353f1f blocks=1 txs=1 mgas=0.021 elapsed=27.271ms    mgasps=0.770  triediffs=2.97MiB triedirty=28.88MiB
INFO [06-01|16:52:48.863] Chain head was updated                   number=7556 hash=3e5ce8..353f1f root=af5acb..a61f9e elapsed="86.811µs"
