WARN [06-01|16:46:36.106] Unknown config environment variable      envvar=GETH_PBT_BIN
WARN [06-01|16:46:36.106] Unknown config environment variable      envvar=GETH_UBT_BIN
INFO [06-01|16:46:36.116] Starting Geth on Ethereum mainnet...
INFO [06-01|16:46:36.118] Maximum peer count                       ETH=0 total=0
INFO [06-01|16:46:36.119] Smartcard socket not found, disabling    err="stat /run/pcscd/pcscd.comm: no such file or directory"
WARN [06-01|16:46:36.122] Option --miner.etherbase is deprecated as the etherbase is set by the consensus client post-merge
INFO [06-01|16:46:36.125] Set global gas cap                       cap=50,000,000
INFO [06-01|16:46:36.957] Using developer account                  address=0xf39Fd6e51aad88F6F4ce6aB8827279cffFb92266
INFO [06-01|16:46:37.001] Using pebble as the backing database
INFO [06-01|16:46:37.001] Allocated cache and file handles         database=/mnt/state_expiry_vol_data/ubt-vs-pbt-dbs/ubt/geth/chaindata cache=2.00GiB handles=262,144
INFO [06-01|16:46:37.240] Opened ancient database                  database=/mnt/state_expiry_vol_data/ubt-vs-pbt-dbs/ubt/geth/chaindata/ancient/chain readonly=true
INFO [06-01|16:46:37.240] Opened Era store                         datadir=/mnt/state_expiry_vol_data/ubt-vs-pbt-dbs/ubt/geth/chaindata/ancient/chain/era
INFO [06-01|16:46:37.248] Initializing the KZG library             backend=gokzg
INFO [06-01|16:46:37.250] Allocated trie memory caches             clean=614.00MiB dirty=1.00GiB
INFO [06-01|16:46:37.258] Using pebble as the backing database
INFO [06-01|16:46:37.258] Allocated cache and file handles         database=/mnt/state_expiry_vol_data/ubt-vs-pbt-dbs/ubt/geth/chaindata cache=2.00GiB handles=262,144
INFO [06-01|16:46:37.480] Opened ancient database                  database=/mnt/state_expiry_vol_data/ubt-vs-pbt-dbs/ubt/geth/chaindata/ancient/chain readonly=false
INFO [06-01|16:46:37.480] Opened Era store                         datadir=/mnt/state_expiry_vol_data/ubt-vs-pbt-dbs/ubt/geth/chaindata/ancient/chain/era
INFO [06-01|16:46:37.486] State scheme set to already existing     scheme=path
INFO [06-01|16:46:37.489] Initialising Ethereum protocol           network=1337 dbversion=9
WARN [06-01|16:46:37.490] Sanitizing invalid node buffer size      provided=1.00GiB updated=256.00MiB
INFO [06-01|16:46:37.490] Load database journal from file          path=/mnt/state_expiry_vol_data/ubt-vs-pbt-dbs/ubt/geth/triedb/verkle.journal
INFO [06-01|16:46:38.113] Opened ancient database                  database=/mnt/state_expiry_vol_data/ubt-vs-pbt-dbs/ubt/geth/chaindata/ancient/state_verkle readonly=false
INFO [06-01|16:46:38.115] State snapshot generator is not compatible
INFO [06-01|16:46:38.115] Initialized path database                triecache=614.00MiB statecache=409.00MiB buffer=256.00MiB state-history="last 90000 blocks" journal-dir=/mnt/state_expiry_vol_data/ubt-vs-pbt-dbs/ubt/geth/triedb verkle=true
INFO [06-01|16:46:38.115] 
INFO [06-01|16:46:38.115] ---------------------------------------------------------------------------------------------------------------------------------------------------------
INFO [06-01|16:46:38.115] Chain ID:  1337 (unknown)
INFO [06-01|16:46:38.115] Consensus: unknown
INFO [06-01|16:46:38.115] 
INFO [06-01|16:46:38.115] Pre-Merge hard forks (block based):
INFO [06-01|16:46:38.115]  - Homestead:                   #0       
INFO [06-01|16:46:38.115]  - Tangerine Whistle (EIP 150): #0       
INFO [06-01|16:46:38.115]  - Spurious Dragon/1 (EIP 155): #0       
INFO [06-01|16:46:38.115]  - Spurious Dragon/2 (EIP 158): #0       
INFO [06-01|16:46:38.115]  - Byzantium:                   #0       
INFO [06-01|16:46:38.115]  - Constantinople:              #0       
INFO [06-01|16:46:38.115]  - Petersburg:                  #0       
INFO [06-01|16:46:38.115]  - Istanbul:                    #0       
INFO [06-01|16:46:38.115]  - Berlin:                      #0       
INFO [06-01|16:46:38.115]  - London:                      #0       
INFO [06-01|16:46:38.115]  - Arrow Glacier:               #0       
INFO [06-01|16:46:38.115]  - Gray Glacier:                #0       
INFO [06-01|16:46:38.115] 
INFO [06-01|16:46:38.115] Merge configured:
INFO [06-01|16:46:38.115]  - Total terminal difficulty:  0
INFO [06-01|16:46:38.115]  - Merge netsplit block:       #0       
INFO [06-01|16:46:38.115] 
INFO [06-01|16:46:38.115] Post-Merge hard forks (timestamp based):
INFO [06-01|16:46:38.115]  - Shanghai:                    @0         
INFO [06-01|16:46:38.115]  - Cancun:                      @0          blob: (target: 3, max: 6, fraction: 3338477)
INFO [06-01|16:46:38.115]  - Prague:                      @0          blob: (target: 6, max: 9, fraction: 5007716)
INFO [06-01|16:46:38.115]  - Osaka:                       @0          blob: (target: 6, max: 9, fraction: 5007716)
INFO [06-01|16:46:38.115]  - UBT:                         @0          blob: (nil)
INFO [06-01|16:46:38.115] 
INFO [06-01|16:46:38.115] All fork specifications can be found at https://ethereum.github.io/execution-specs/src/ethereum/forks/
INFO [06-01|16:46:38.115] 
INFO [06-01|16:46:38.115] ---------------------------------------------------------------------------------------------------------------------------------------------------------
INFO [06-01|16:46:38.115] 
INFO [06-01|16:46:38.115] Loaded most recent local block           number=7360 hash=95aa33..95bb35 age=4s
INFO [06-01|16:46:38.115] Loaded most recent local finalized block number=7360 hash=95aa33..95bb35 age=4s
INFO [06-01|16:46:38.116] Initialized transaction indexer          range="last 2350000 blocks"
INFO [06-01|16:46:38.116] Initialized log indexer                  firstblock=0 lastblock=7360 firstmap=0 lastmap=0 headindexed=true
INFO [06-01|16:46:38.152] Enabled full-sync                        head=7360 hash=95aa33..95bb35
INFO [06-01|16:46:38.152] Unprotected transactions allowed
INFO [06-01|16:46:38.152] Gasprice oracle is ignoring threshold set threshold=2
INFO [06-01|16:46:38.153] Registered sync override service
WARN [06-01|16:46:38.153] You are running Geth in --dev mode. Please note the following:
WARN [06-01|16:46:38.153] 
WARN [06-01|16:46:38.153]   1. This mode is only intended for fast, iterative development without assumptions on
WARN [06-01|16:46:38.153]      security or persistence.
WARN [06-01|16:46:38.153]   2. The database is created in memory unless specified otherwise. Therefore, shutting down
WARN [06-01|16:46:38.153]      your computer or losing power will wipe your entire block data and chain state for
WARN [06-01|16:46:38.153]      your dev environment.
WARN [06-01|16:46:38.153]   3. A random, pre-allocated developer account will be available and unlocked as
WARN [06-01|16:46:38.153]      eth.coinbase, which can be used for testing. The random dev account is temporary,
WARN [06-01|16:46:38.153]      stored on a ramdisk, and will be lost if your machine is restarted.
WARN [06-01|16:46:38.153]   4. Mining is enabled by default. However, the client will only seal blocks if transactions
WARN [06-01|16:46:38.153]      are pending in the mempool. The miner's minimum accepted gas price is 1.
WARN [06-01|16:46:38.153]   5. Networking is disabled; there is no listen-address, the maximum number of peers is set
WARN [06-01|16:46:38.153]      to 0, and discovery is disabled.
WARN [06-01|16:46:38.153] 
INFO [06-01|16:46:38.153] Starting peer-to-peer node               instance=Geth/v1.17.3-unstable/linux-amd64/go1.24.9
WARN [06-01|16:46:38.153] P2P server will be useless, neither dialing nor listening
INFO [06-01|16:46:38.171] IPC endpoint opened                      url=/mnt/state_expiry_vol_data/ubt-vs-pbt-dbs/ubt/geth.ipc
ERROR[06-01|16:46:38.171] Unavailable modules in HTTP API list     unavailable=[personal] available="[admin debug web3 eth txpool miner net dev testing]"
INFO [06-01|16:46:38.171] New local node record                    seq=1,780,289,665,175 id=c084d8867e8cc127 ip=127.0.0.1 udp=0 tcp=0
INFO [06-01|16:46:38.171] Started P2P networking                   self=enode://ed0ccbffbfc0dc9f1b0f8e55d585ad3e61215b1974f32d9388e7ae53563e3ebe0172c21d754fa202c3a63f95bef3ff3ea24339ffdabd0115c47ec5b8d33136a9@127.0.0.1:0
INFO [06-01|16:46:38.172] HTTP server started                      endpoint=127.0.0.1:8545 auth=false prefix= cors= vhosts=localhost
INFO [06-01|16:46:38.172] WebSocket enabled                        url=ws://127.0.0.1:8546
INFO [06-01|16:46:38.705] Loaded local transaction journal         transactions=5037 dropped=0
INFO [06-01|16:46:39.307] Started log indexer
INFO [06-01|16:46:39.360] Starting work on payload                 id=0x0342067f8e64ea6a
INFO [06-01|16:46:39.377] Updated payload                          id=0x0342067f8e64ea6a number=7361 hash=d5635b..83b30e txs=0 withdrawals=0 gas=0 fees=0 root=52a6b3..f39ac1 elapsed=16.478ms
INFO [06-01|16:46:39.377] Stopping work on payload                 id=0x0342067f8e64ea6a reason=delivery
WARN [06-01|16:46:39.398] {"level":"warn","msg":"Slow block","block":{"number":7361,"hash":"0xd5635b10e085518ea3232f5c1fdccf15876f64fce07db3b46161fab84383b30e","gas_used":0,"tx_count":0},"timing":{"execution_ms":0.041245,"state_read_ms":20.136109,"state_hash_ms":0.002949,"commit_ms":0.220043,"total_ms":20.669428},"throughput":{"mgas_per_sec":0},"state_reads":{"accounts":4,"storage_slots":0,"code":0,"code_bytes":0},"state_writes":{"accounts":0,"accounts_deleted":0,"storage_slots":0,"storage_slots_deleted":0,"code":0,"code_bytes":0},"cache":{"account":{"hits":0,"misses":4,"hit_rate":0},"storage":{"hits":0,"misses":0,"hit_rate":0},"code":{"hits":0,"misses":0,"hit_rate":0,"hit_bytes":0,"miss_bytes":0}}}
INFO [06-01|16:46:39.398] Imported new potential chain segment     number=7361 hash=d5635b..83b30e blocks=1 txs=0 mgas=0.000 elapsed=21.016ms mgasps=0.000 triediffs=36.24MiB triedirty=21.57MiB
INFO [06-01|16:46:39.398] Chain head was updated                   number=7361 hash=d5635b..83b30e root=52a6b3..f39ac1 elapsed="81.282µs"
INFO [06-01|16:46:40.415] Starting work on payload                 id=0x030ec09e6d6ffbba
INFO [06-01|16:46:40.420] Updated payload                          id=0x030ec09e6d6ffbba number=7362 hash=25bdc4..9b318a txs=0 withdrawals=0 gas=0 fees=0 root=52a6b3..f39ac1 elapsed=4.495ms
INFO [06-01|16:46:40.420] Stopping work on payload                 id=0x030ec09e6d6ffbba reason=delivery
WARN [06-01|16:46:40.429] {"level":"warn","msg":"Slow block","block":{"number":7362,"hash":"0x25bdc4ee0e17b0dc1cbf82df59431915f213a10dd505e14625d7fd47d89b318a","gas_used":0,"tx_count":0},"timing":{"execution_ms":0.037167,"state_read_ms":8.691674,"state_hash_ms":0.010125,"commit_ms":0.215948,"total_ms":9.117095},"throughput":{"mgas_per_sec":0},"state_reads":{"accounts":4,"storage_slots":0,"code":0,"code_bytes":0},"state_writes":{"accounts":0,"accounts_deleted":0,"storage_slots":0,"storage_slots_deleted":0,"code":0,"code_bytes":0},"cache":{"account":{"hits":0,"misses":4,"hit_rate":0},"storage":{"hits":0,"misses":0,"hit_rate":0},"code":{"hits":0,"misses":0,"hit_rate":0,"hit_bytes":0,"miss_bytes":0}}}
INFO [06-01|16:46:40.429] Imported new potential chain segment     number=7362 hash=25bdc4..9b318a blocks=1 txs=0 mgas=0.000 elapsed=9.343ms    mgasps=0.000 triediffs=36.24MiB triedirty=21.57MiB
INFO [06-01|16:46:40.430] Chain head was updated                   number=7362 hash=25bdc4..9b318a root=52a6b3..f39ac1 elapsed="69.036µs"
INFO [06-01|16:46:41.454] Starting work on payload                 id=0x03cfef4245fdf0cd
INFO [06-01|16:46:41.455] Updated payload                          id=0x03cfef4245fdf0cd number=7363 hash=b65d98..cd5653 txs=0 withdrawals=0 gas=0 fees=0 root=52a6b3..f39ac1 elapsed="822.771µs"
INFO [06-01|16:46:41.455] Stopping work on payload                 id=0x03cfef4245fdf0cd reason=delivery
WARN [06-01|16:46:41.461] {"level":"warn","msg":"Slow block","block":{"number":7363,"hash":"0xb65d987c99c7c4696d551a7a4c56d26c6e128352ef6c71fea69c8fa218cd5653","gas_used":0,"tx_count":0},"timing":{"execution_ms":0.03826,"state_read_ms":5.734826,"state_hash_ms":0.001848,"commit_ms":0.13507,"total_ms":6.066739},"throughput":{"mgas_per_sec":0},"state_reads":{"accounts":4,"storage_slots":0,"code":0,"code_bytes":0},"state_writes":{"accounts":0,"accounts_deleted":0,"storage_slots":0,"storage_slots_deleted":0,"code":0,"code_bytes":0},"cache":{"account":{"hits":0,"misses":4,"hit_rate":0},"storage":{"hits":0,"misses":0,"hit_rate":0},"code":{"hits":0,"misses":0,"hit_rate":0,"hit_bytes":0,"miss_bytes":0}}}
INFO [06-01|16:46:41.461] Imported new potential chain segment     number=7363 hash=b65d98..cd5653 blocks=1 txs=0 mgas=0.000 elapsed=6.272ms     mgasps=0.000 triediffs=36.24MiB triedirty=21.57MiB
INFO [06-01|16:46:41.462] Chain head was updated                   number=7363 hash=b65d98..cd5653 root=52a6b3..f39ac1 elapsed="61.693µs"
INFO [06-01|16:46:42.082] Submitted contract creation              hash=0x34bacd304f4ce8f86331870f27d18854c1c73e6614b9d79bfd58677ad7ef9dba from=0xf39Fd6e51aad88F6F4ce6aB8827279cffFb92266 nonce=2263 contract=0x70574EDaee049E3cccAe88Fea0F7e521a9Ac1Be9 value=0
INFO [06-01|16:46:42.082] Submitted transaction                    hash=0xf9b7800f4011b614ccb53aa7cbd23a429bf1708d57310446c81c90e185fe38a4 from=0xf39Fd6e51aad88F6F4ce6aB8827279cffFb92266 nonce=2264 recipient=0x40de5c4d0f2942478a71464f6DfF73EC2AB875ad value=78,000,000
INFO [06-01|16:46:42.473] Starting work on payload                 id=0x039b183fd76a0cf8
INFO [06-01|16:46:42.523] Updated payload                          id=0x039b183fd76a0cf8 number=7364 hash=052bc8..4d9cf3 txs=2 withdrawals=0 gas=91678 fees=5.50068e-13 root=e7de35..a872ba elapsed=49.593ms
INFO [06-01|16:46:42.523] Stopping work on payload                 id=0x039b183fd76a0cf8 reason=delivery
WARN [06-01|16:46:42.572] {"level":"warn","msg":"Slow block","block":{"number":7364,"hash":"0x052bc8bd5a5d8c48ce60e7ec5c89a6ea02ec5cb72fe29fa0533ac3df314d9cf3","gas_used":91678,"tx_count":2},"timing":{"execution_ms":0.168961,"state_read_ms":28.317765,"state_hash_ms":8.35095,"commit_ms":5.748297,"total_ms":48.571895},"throughput":{"mgas_per_sec":1.8874701100296787},"state_reads":{"accounts":11,"storage_slots":0,"code":0,"code_bytes":0},"state_writes":{"accounts":3,"accounts_deleted":0,"storage_slots":0,"storage_slots_deleted":0,"code":1,"code_bytes":303},"cache":{"account":{"hits":5,"misses":6,"hit_rate":45.45454545454545},"storage":{"hits":0,"misses":0,"hit_rate":0},"code":{"hits":0,"misses":0,"hit_rate":0,"hit_bytes":0,"miss_bytes":0}}}
INFO [06-01|16:46:42.572] Imported new potential chain segment     number=7364 hash=052bc8..4d9cf3 blocks=1 txs=2 mgas=0.092 elapsed=48.764ms    mgasps=1.880 triediffs=35.61MiB triedirty=21.74MiB
INFO [06-01|16:46:42.572] Chain head was updated                   number=7364 hash=052bc8..4d9cf3 root=e7de35..a872ba elapsed="156.979µs"
INFO [06-01|16:46:43.102] Submitted transaction                    hash=0x2016e6867ec3e974dd7fd3eab44616ec18b6704cef409250c7eab8d924ea943b from=0x40de5c4d0f2942478a71464f6DfF73EC2AB875ad nonce=0    recipient=0x70574EDaee049E3cccAe88Fea0F7e521a9Ac1Be9 value=0
INFO [06-01|16:46:43.577] Starting work on payload                 id=0x03375fd7465f042d
INFO [06-01|16:46:43.737] Updated payload                          id=0x03375fd7465f042d number=7365 hash=72c2cf..f72376 txs=1 withdrawals=0 gas=5,911,513 fees=3.5469078e-11 root=072d5b..fd583b elapsed=160.189ms
INFO [06-01|16:46:43.738] Stopping work on payload                 id=0x03375fd7465f042d reason=delivery
WARN [06-01|16:46:43.840] {"level":"warn","msg":"Slow block","block":{"number":7365,"hash":"0x72c2cf8c353bee20a18d5acf8271f3ca326943358e34c1b3d43c0833fdf72376","gas_used":5911513,"tx_count":1},"timing":{"execution_ms":71.742149,"state_read_ms":14.057177,"state_hash_ms":12.231238,"commit_ms":0.945397,"total_ms":102.430004},"throughput":{"mgas_per_sec":57.71270886604671},"state_reads":{"accounts":8,"storage_slots":638,"code":2,"code_bytes":331},"state_writes":{"accounts":3,"accounts_deleted":0,"storage_slots":96,"storage_slots_deleted":0,"code":0,"code_bytes":0},"cache":{"account":{"hits":0,"misses":8,"hit_rate":0},"storage":{"hits":122,"misses":516,"hit_rate":19.122257053291534},"code":{"hits":2,"misses":0,"hit_rate":100,"hit_bytes":331,"miss_bytes":0}}}
INFO [06-01|16:46:43.840] Imported new potential chain segment     number=7365 hash=72c2cf..f72376 blocks=1 txs=1 mgas=5.912 elapsed=102.630ms   mgasps=57.600 triediffs=35.63MiB triedirty=21.74MiB
INFO [06-01|16:46:43.841] Chain head was updated                   number=7365 hash=72c2cf..f72376 root=072d5b..fd583b elapsed="83.282µs"
INFO [06-01|16:46:44.116] Submitted transaction                    hash=0x67f14f54be8b60d3e7a7ba480d00e6088599579b897fc1d7dee4506f983cb7d5 from=0x40de5c4d0f2942478a71464f6DfF73EC2AB875ad nonce=1    recipient=0xf39Fd6e51aad88F6F4ce6aB8827279cffFb92266 value=898,331
INFO [06-01|16:46:44.886] Starting work on payload                 id=0x0320b19a09a6c117
INFO [06-01|16:46:44.906] Updated payload                          id=0x0320b19a09a6c117 number=7366 hash=a466c4..5eb838 txs=1 withdrawals=0 gas=21000     fees=2.1e-14       root=c08345..311471 elapsed=19.899ms
INFO [06-01|16:46:44.906] Stopping work on payload                 id=0x0320b19a09a6c117 reason=delivery
WARN [06-01|16:46:44.923] {"level":"warn","msg":"Slow block","block":{"number":7366,"hash":"0xa466c48cf7be88470838b44f9da0cd72b0cb7309644952de605396abf45eb838","gas_used":21000,"tx_count":1},"timing":{"execution_ms":0.081577,"state_read_ms":2.102894,"state_hash_ms":12.756662,"commit_ms":0.733408,"total_ms":16.287251},"throughput":{"mgas_per_sec":1.2893520214061907},"state_reads":{"accounts":6,"storage_slots":0,"code":0,"code_bytes":0},"state_writes":{"accounts":2,"accounts_deleted":0,"storage_slots":0,"storage_slots_deleted":0,"code":0,"code_bytes":0},"cache":{"account":{"hits":2,"misses":4,"hit_rate":33.33333333333333},"storage":{"hits":0,"misses":0,"hit_rate":0},"code":{"hits":0,"misses":0,"hit_rate":0,"hit_bytes":0,"miss_bytes":0}}}
INFO [06-01|16:46:44.923] Imported new potential chain segment     number=7366 hash=a466c4..5eb838 blocks=1 txs=1 mgas=0.021 elapsed=16.499ms    mgasps=1.273  triediffs=35.63MiB triedirty=21.75MiB
INFO [06-01|16:46:44.923] Chain head was updated                   number=7366 hash=a466c4..5eb838 root=c08345..311471 elapsed="173.645µs"
