WARN [06-01|16:21:37.010] Unknown config environment variable      envvar=GETH_PBT_BIN
WARN [06-01|16:21:37.010] Unknown config environment variable      envvar=GETH_UBT_BIN
INFO [06-01|16:21:37.027] Starting Geth on Ethereum mainnet...
INFO [06-01|16:21:37.029] Maximum peer count                       ETH=0 total=0
INFO [06-01|16:21:37.031] Smartcard socket not found, disabling    err="stat /run/pcscd/pcscd.comm: no such file or directory"
WARN [06-01|16:21:37.033] Option --miner.etherbase is deprecated as the etherbase is set by the consensus client post-merge
INFO [06-01|16:21:37.037] Set global gas cap                       cap=50,000,000
INFO [06-01|16:21:37.862] Using developer account                  address=0xf39Fd6e51aad88F6F4ce6aB8827279cffFb92266
INFO [06-01|16:21:37.910] Using pebble as the backing database
INFO [06-01|16:21:37.910] Allocated cache and file handles         database=/mnt/state_expiry_vol_data/ubt-vs-pbt-dbs/ubt/geth/chaindata cache=2.00GiB handles=262,144
INFO [06-01|16:21:38.145] Opened ancient database                  database=/mnt/state_expiry_vol_data/ubt-vs-pbt-dbs/ubt/geth/chaindata/ancient/chain readonly=true
INFO [06-01|16:21:38.145] Opened Era store                         datadir=/mnt/state_expiry_vol_data/ubt-vs-pbt-dbs/ubt/geth/chaindata/ancient/chain/era
INFO [06-01|16:21:38.153] Initializing the KZG library             backend=gokzg
INFO [06-01|16:21:38.154] Allocated trie memory caches             clean=614.00MiB dirty=1.00GiB
INFO [06-01|16:21:38.162] Using pebble as the backing database
INFO [06-01|16:21:38.162] Allocated cache and file handles         database=/mnt/state_expiry_vol_data/ubt-vs-pbt-dbs/ubt/geth/chaindata cache=2.00GiB handles=262,144
INFO [06-01|16:21:38.382] Opened ancient database                  database=/mnt/state_expiry_vol_data/ubt-vs-pbt-dbs/ubt/geth/chaindata/ancient/chain readonly=false
INFO [06-01|16:21:38.382] Opened Era store                         datadir=/mnt/state_expiry_vol_data/ubt-vs-pbt-dbs/ubt/geth/chaindata/ancient/chain/era
INFO [06-01|16:21:38.389] State scheme set to already existing     scheme=path
INFO [06-01|16:21:38.392] Initialising Ethereum protocol           network=1337 dbversion=9
WARN [06-01|16:21:38.392] Sanitizing invalid node buffer size      provided=1.00GiB updated=256.00MiB
INFO [06-01|16:21:38.393] Load database journal from file          path=/mnt/state_expiry_vol_data/ubt-vs-pbt-dbs/ubt/geth/triedb/verkle.journal
INFO [06-01|16:21:38.709] Opened ancient database                  database=/mnt/state_expiry_vol_data/ubt-vs-pbt-dbs/ubt/geth/chaindata/ancient/state_verkle readonly=false
INFO [06-01|16:21:38.711] State snapshot generator is not compatible
INFO [06-01|16:21:38.711] Initialized path database                triecache=614.00MiB statecache=409.00MiB buffer=256.00MiB state-history="last 90000 blocks" journal-dir=/mnt/state_expiry_vol_data/ubt-vs-pbt-dbs/ubt/geth/triedb verkle=true
INFO [06-01|16:21:38.711] 
INFO [06-01|16:21:38.711] ---------------------------------------------------------------------------------------------------------------------------------------------------------
INFO [06-01|16:21:38.711] Chain ID:  1337 (unknown)
INFO [06-01|16:21:38.711] Consensus: unknown
INFO [06-01|16:21:38.711] 
INFO [06-01|16:21:38.711] Pre-Merge hard forks (block based):
INFO [06-01|16:21:38.711]  - Homestead:                   #0       
INFO [06-01|16:21:38.711]  - Tangerine Whistle (EIP 150): #0       
INFO [06-01|16:21:38.711]  - Spurious Dragon/1 (EIP 155): #0       
INFO [06-01|16:21:38.711]  - Spurious Dragon/2 (EIP 158): #0       
INFO [06-01|16:21:38.711]  - Byzantium:                   #0       
INFO [06-01|16:21:38.711]  - Constantinople:              #0       
INFO [06-01|16:21:38.711]  - Petersburg:                  #0       
INFO [06-01|16:21:38.711]  - Istanbul:                    #0       
INFO [06-01|16:21:38.711]  - Berlin:                      #0       
INFO [06-01|16:21:38.711]  - London:                      #0       
INFO [06-01|16:21:38.711]  - Arrow Glacier:               #0       
INFO [06-01|16:21:38.711]  - Gray Glacier:                #0       
INFO [06-01|16:21:38.711] 
INFO [06-01|16:21:38.711] Merge configured:
INFO [06-01|16:21:38.711]  - Total terminal difficulty:  0
INFO [06-01|16:21:38.711]  - Merge netsplit block:       #0       
INFO [06-01|16:21:38.711] 
INFO [06-01|16:21:38.711] Post-Merge hard forks (timestamp based):
INFO [06-01|16:21:38.711]  - Shanghai:                    @0         
INFO [06-01|16:21:38.711]  - Cancun:                      @0          blob: (target: 3, max: 6, fraction: 3338477)
INFO [06-01|16:21:38.711]  - Prague:                      @0          blob: (target: 6, max: 9, fraction: 5007716)
INFO [06-01|16:21:38.711]  - Osaka:                       @0          blob: (target: 6, max: 9, fraction: 5007716)
INFO [06-01|16:21:38.711]  - UBT:                         @0          blob: (nil)
INFO [06-01|16:21:38.711] 
INFO [06-01|16:21:38.711] All fork specifications can be found at https://ethereum.github.io/execution-specs/src/ethereum/forks/
INFO [06-01|16:21:38.711] 
INFO [06-01|16:21:38.711] ---------------------------------------------------------------------------------------------------------------------------------------------------------
INFO [06-01|16:21:38.711] 
INFO [06-01|16:21:38.712] Loaded most recent local block           number=6497 hash=7532a0..640463 age=4s
INFO [06-01|16:21:38.712] Loaded most recent local finalized block number=6496 hash=6d839c..c1e55c age=5s
INFO [06-01|16:21:38.712] Initialized transaction indexer          range="last 2350000 blocks"
INFO [06-01|16:21:38.713] Initialized log indexer                  firstblock=0 lastblock=6497 firstmap=0 lastmap=0 headindexed=true
INFO [06-01|16:21:38.756] Enabled full-sync                        head=6497 hash=7532a0..640463
INFO [06-01|16:21:38.757] Unprotected transactions allowed
INFO [06-01|16:21:38.757] Gasprice oracle is ignoring threshold set threshold=2
INFO [06-01|16:21:38.757] Registered sync override service
WARN [06-01|16:21:38.757] You are running Geth in --dev mode. Please note the following:
WARN [06-01|16:21:38.757] 
WARN [06-01|16:21:38.757]   1. This mode is only intended for fast, iterative development without assumptions on
WARN [06-01|16:21:38.757]      security or persistence.
WARN [06-01|16:21:38.757]   2. The database is created in memory unless specified otherwise. Therefore, shutting down
WARN [06-01|16:21:38.757]      your computer or losing power will wipe your entire block data and chain state for
WARN [06-01|16:21:38.757]      your dev environment.
WARN [06-01|16:21:38.757]   3. A random, pre-allocated developer account will be available and unlocked as
WARN [06-01|16:21:38.757]      eth.coinbase, which can be used for testing. The random dev account is temporary,
WARN [06-01|16:21:38.757]      stored on a ramdisk, and will be lost if your machine is restarted.
WARN [06-01|16:21:38.757]   4. Mining is enabled by default. However, the client will only seal blocks if transactions
WARN [06-01|16:21:38.757]      are pending in the mempool. The miner's minimum accepted gas price is 1.
WARN [06-01|16:21:38.757]   5. Networking is disabled; there is no listen-address, the maximum number of peers is set
WARN [06-01|16:21:38.757]      to 0, and discovery is disabled.
WARN [06-01|16:21:38.757] 
INFO [06-01|16:21:38.757] Starting peer-to-peer node               instance=Geth/v1.17.3-unstable/linux-amd64/go1.24.9
WARN [06-01|16:21:38.757] P2P server will be useless, neither dialing nor listening
INFO [06-01|16:21:38.795] IPC endpoint opened                      url=/mnt/state_expiry_vol_data/ubt-vs-pbt-dbs/ubt/geth.ipc
ERROR[06-01|16:21:38.795] Unavailable modules in HTTP API list     unavailable=[personal] available="[admin debug web3 eth txpool miner net dev testing]"
INFO [06-01|16:21:38.795] New local node record                    seq=1,780,289,665,032 id=c084d8867e8cc127 ip=127.0.0.1 udp=0 tcp=0
INFO [06-01|16:21:38.795] Started P2P networking                   self=enode://ed0ccbffbfc0dc9f1b0f8e55d585ad3e61215b1974f32d9388e7ae53563e3ebe0172c21d754fa202c3a63f95bef3ff3ea24339ffdabd0115c47ec5b8d33136a9@127.0.0.1:0
INFO [06-01|16:21:38.796] HTTP server started                      endpoint=127.0.0.1:8545 auth=false prefix= cors= vhosts=localhost
INFO [06-01|16:21:38.796] WebSocket enabled                        url=ws://127.0.0.1:8546
INFO [06-01|16:21:39.276] Loaded local transaction journal         transactions=4465 dropped=0
INFO [06-01|16:21:39.939] Started log indexer
INFO [06-01|16:21:39.992] Starting work on payload                 id=0x0363fb26a10aed37
INFO [06-01|16:21:40.012] Updated payload                          id=0x0363fb26a10aed37 number=6498 hash=08080b..e6c9e9 txs=0 withdrawals=0 gas=0 fees=0 root=d806a6..9d70d5 elapsed=19.816ms
INFO [06-01|16:21:40.012] Stopping work on payload                 id=0x0363fb26a10aed37 reason=delivery
WARN [06-01|16:21:40.020] {"level":"warn","msg":"Slow block","block":{"number":6498,"hash":"0x08080b812475557cce7dc0991999185c8d92ce6110591b6cae51a6cdc5e6c9e9","gas_used":0,"tx_count":0},"timing":{"execution_ms":0.067175,"state_read_ms":3.435846,"state_hash_ms":0.008496,"commit_ms":4.029777,"total_ms":7.860841},"throughput":{"mgas_per_sec":0},"state_reads":{"accounts":4,"storage_slots":0,"code":0,"code_bytes":0},"state_writes":{"accounts":0,"accounts_deleted":0,"storage_slots":0,"storage_slots_deleted":0,"code":0,"code_bytes":0},"cache":{"account":{"hits":0,"misses":4,"hit_rate":0},"storage":{"hits":0,"misses":0,"hit_rate":0},"code":{"hits":0,"misses":0,"hit_rate":0,"hit_bytes":0,"miss_bytes":0}}}
INFO [06-01|16:21:40.020] Imported new potential chain segment     number=6498 hash=08080b..e6c9e9 blocks=1 txs=0 mgas=0.000 elapsed=8.211ms  mgasps=0.000 triediffs=6.46MiB triedirty=16.81MiB
INFO [06-01|16:21:40.020] Chain head was updated                   number=6498 hash=08080b..e6c9e9 root=d806a6..9d70d5 elapsed="58.397µs"
INFO [06-01|16:21:41.030] Starting work on payload                 id=0x035fb7528d9d1f00
INFO [06-01|16:21:41.048] Updated payload                          id=0x035fb7528d9d1f00 number=6499 hash=b1ae4b..73024b txs=0 withdrawals=0 gas=0 fees=0 root=d806a6..9d70d5 elapsed=16.982ms
INFO [06-01|16:21:41.048] Stopping work on payload                 id=0x035fb7528d9d1f00 reason=delivery
WARN [06-01|16:21:41.052] {"level":"warn","msg":"Slow block","block":{"number":6499,"hash":"0xb1ae4b19ba98dd6b5b8c95ab1f3e409869f441053232d5ae8efb3d629f73024b","gas_used":0,"tx_count":0},"timing":{"execution_ms":0.027913,"state_read_ms":3.704223,"state_hash_ms":0.002108,"commit_ms":0.19456,"total_ms":4.119423},"throughput":{"mgas_per_sec":0},"state_reads":{"accounts":4,"storage_slots":0,"code":0,"code_bytes":0},"state_writes":{"accounts":0,"accounts_deleted":0,"storage_slots":0,"storage_slots_deleted":0,"code":0,"code_bytes":0},"cache":{"account":{"hits":0,"misses":4,"hit_rate":0},"storage":{"hits":0,"misses":0,"hit_rate":0},"code":{"hits":0,"misses":0,"hit_rate":0,"hit_bytes":0,"miss_bytes":0}}}
INFO [06-01|16:21:41.052] Imported new potential chain segment     number=6499 hash=b1ae4b..73024b blocks=1 txs=0 mgas=0.000 elapsed=4.336ms    mgasps=0.000 triediffs=6.46MiB triedirty=16.81MiB
INFO [06-01|16:21:41.052] Chain head was updated                   number=6499 hash=b1ae4b..73024b root=d806a6..9d70d5 elapsed="61.453µs"
INFO [06-01|16:21:42.077] Starting work on payload                 id=0x0338929e65de58fa
INFO [06-01|16:21:42.098] Updated payload                          id=0x0338929e65de58fa number=6500 hash=2b852a..7580b8 txs=0 withdrawals=0 gas=0 fees=0 root=d806a6..9d70d5 elapsed=20.895ms
INFO [06-01|16:21:42.098] Stopping work on payload                 id=0x0338929e65de58fa reason=delivery
WARN [06-01|16:21:42.102] {"level":"warn","msg":"Slow block","block":{"number":6500,"hash":"0x2b852a1bee7af99503087c4546b308ff7b7bd164f272011d903dfb80d67580b8","gas_used":0,"tx_count":0},"timing":{"execution_ms":0.031828,"state_read_ms":3.581272,"state_hash_ms":0.00213,"commit_ms":0.165295,"total_ms":3.968541},"throughput":{"mgas_per_sec":0},"state_reads":{"accounts":4,"storage_slots":0,"code":0,"code_bytes":0},"state_writes":{"accounts":0,"accounts_deleted":0,"storage_slots":0,"storage_slots_deleted":0,"code":0,"code_bytes":0},"cache":{"account":{"hits":0,"misses":4,"hit_rate":0},"storage":{"hits":0,"misses":0,"hit_rate":0},"code":{"hits":0,"misses":0,"hit_rate":0,"hit_bytes":0,"miss_bytes":0}}}
INFO [06-01|16:21:42.102] Imported new potential chain segment     number=6500 hash=2b852a..7580b8 blocks=1 txs=0 mgas=0.000 elapsed=4.170ms    mgasps=0.000 triediffs=6.46MiB triedirty=16.81MiB
INFO [06-01|16:21:42.103] Chain head was updated                   number=6500 hash=2b852a..7580b8 root=d806a6..9d70d5 elapsed="96.958µs"
INFO [06-01|16:21:42.111] Submitted contract creation              hash=0x6be8726d18009ffd6d718f688ed2583ab53335f7285abfa3955c332a8eeff7d5 from=0xf39Fd6e51aad88F6F4ce6aB8827279cffFb92266 nonce=1977 contract=0x39931140F7e58d83c534b62Ab0a6F950c546dF92 value=0
INFO [06-01|16:21:42.111] Submitted transaction                    hash=0xb0ffa221b5f91fa3f7d24e0910ab48333cfd50ded2f6eb900b21f6c3c054bced from=0xf39Fd6e51aad88F6F4ce6aB8827279cffFb92266 nonce=1978 recipient=0x50C4A7EBa620f61EFB5f0CCFfB5750E7543736C7 value=78,000,000
INFO [06-01|16:21:43.112] Starting work on payload                 id=0x031d63b3bd9e0e1b
INFO [06-01|16:21:43.161] Updated payload                          id=0x031d63b3bd9e0e1b number=6501 hash=2f3d1e..a6a394 txs=2 withdrawals=0 gas=86852 fees=5.21112e-13 root=80ebbd..f9a6dc elapsed=49.239ms
INFO [06-01|16:21:43.162] Stopping work on payload                 id=0x031d63b3bd9e0e1b reason=delivery
WARN [06-01|16:21:43.204] {"level":"warn","msg":"Slow block","block":{"number":6501,"hash":"0x2f3d1ef8e8ee8cd8a4e7b09e943d1f6101e4eb4e55e63f2660231ac8b0a6a394","gas_used":86852,"tx_count":2},"timing":{"execution_ms":0.194423,"state_read_ms":25.352038,"state_hash_ms":5.917606,"commit_ms":4.257113,"total_ms":41.980953},"throughput":{"mgas_per_sec":2.0688429821971885},"state_reads":{"accounts":11,"storage_slots":0,"code":0,"code_bytes":0},"state_writes":{"accounts":3,"accounts_deleted":0,"storage_slots":0,"storage_slots_deleted":0,"code":1,"code_bytes":157},"cache":{"account":{"hits":6,"misses":5,"hit_rate":54.54545454545454},"storage":{"hits":0,"misses":0,"hit_rate":0},"code":{"hits":0,"misses":0,"hit_rate":0,"hit_bytes":0,"miss_bytes":0}}}
INFO [06-01|16:21:43.204] Imported new potential chain segment     number=6501 hash=2f3d1e..a6a394 blocks=1 txs=2 mgas=0.087 elapsed=42.221ms   mgasps=2.057 triediffs=6.15MiB triedirty=16.90MiB
INFO [06-01|16:21:43.204] Chain head was updated                   number=6501 hash=2f3d1e..a6a394 root=80ebbd..f9a6dc elapsed="143.448µs"
INFO [06-01|16:21:44.130] Submitted transaction                    hash=0x348c5fb93ef0876bef0d67d70d6cb79fae4454e0941a6cc8f99b9f9fbe90071f from=0x50C4A7EBa620f61EFB5f0CCFfB5750E7543736C7 nonce=0    recipient=0x39931140F7e58d83c534b62Ab0a6F950c546dF92 value=0
INFO [06-01|16:21:44.218] Starting work on payload                 id=0x03b05e659ad25c38
INFO [06-01|16:21:44.469] Updated payload                          id=0x03b05e659ad25c38 number=6502 hash=52c623..459aa9 txs=1 withdrawals=0 gas=5,900,140 fees=3.540084e-11 root=a7a3a5..a51014 elapsed=251.203ms
INFO [06-01|16:21:44.469] Stopping work on payload                 id=0x03b05e659ad25c38 reason=delivery
WARN [06-01|16:21:44.615] {"level":"warn","msg":"Slow block","block":{"number":6502,"hash":"0x52c6234fba8c8b6e98bb8b4a372434f9525b3cf1325ffbeaf7d1bf4297459aa9","gas_used":5900140,"tx_count":1},"timing":{"execution_ms":115.011759,"state_read_ms":14.634285,"state_hash_ms":11.972941,"commit_ms":0.813641,"total_ms":145.443861},"throughput":{"mgas_per_sec":40.566442333375626},"state_reads":{"accounts":17,"storage_slots":258,"code":11,"code_bytes":437},"state_writes":{"accounts":2,"accounts_deleted":0,"storage_slots":0,"storage_slots_deleted":0,"code":0,"code_bytes":0},"cache":{"account":{"hits":3,"misses":14,"hit_rate":17.647058823529413},"storage":{"hits":12,"misses":246,"hit_rate":4.651162790697675},"code":{"hits":11,"misses":0,"hit_rate":100,"hit_bytes":437,"miss_bytes":0}}}
INFO [06-01|16:21:44.615] Imported new potential chain segment     number=6502 hash=52c623..459aa9 blocks=1 txs=1 mgas=5.900 elapsed=145.676ms   mgasps=40.502 triediffs=6.15MiB triedirty=16.90MiB
INFO [06-01|16:21:44.616] Chain head was updated                   number=6502 hash=52c623..459aa9 root=a7a3a5..a51014 elapsed="109.489µs"
INFO [06-01|16:21:45.144] Submitted transaction                    hash=0x0d7e954af210e78b5a24ff82ec197e1c214633ffc400b68463ae2e3b4c4b08da from=0x50C4A7EBa620f61EFB5f0CCFfB5750E7543736C7 nonce=1    recipient=0xf39Fd6e51aad88F6F4ce6aB8827279cffFb92266 value=1,046,180
INFO [06-01|16:21:45.623] Starting work on payload                 id=0x030c4e01d4b81f86
INFO [06-01|16:21:45.651] Updated payload                          id=0x030c4e01d4b81f86 number=6503 hash=ad6703..fe3d0a txs=1 withdrawals=0 gas=21000     fees=2.1e-14      root=123751..84d14f elapsed=27.965ms
INFO [06-01|16:21:45.651] Stopping work on payload                 id=0x030c4e01d4b81f86 reason=delivery
WARN [06-01|16:21:45.678] {"level":"warn","msg":"Slow block","block":{"number":6503,"hash":"0xad6703edf81ab8063770cd786056bf9068506c1bead0af1b9d6e43efc8fe3d0a","gas_used":21000,"tx_count":1},"timing":{"execution_ms":0.097457,"state_read_ms":9.580259,"state_hash_ms":15.798161,"commit_ms":0.728622,"total_ms":26.396032},"throughput":{"mgas_per_sec":0.7955741226560114},"state_reads":{"accounts":6,"storage_slots":0,"code":0,"code_bytes":0},"state_writes":{"accounts":2,"accounts_deleted":0,"storage_slots":0,"storage_slots_deleted":0,"code":0,"code_bytes":0},"cache":{"account":{"hits":2,"misses":4,"hit_rate":33.33333333333333},"storage":{"hits":0,"misses":0,"hit_rate":0},"code":{"hits":0,"misses":0,"hit_rate":0,"hit_bytes":0,"miss_bytes":0}}}
INFO [06-01|16:21:45.678] Imported new potential chain segment     number=6503 hash=ad6703..fe3d0a blocks=1 txs=1 mgas=0.021 elapsed=26.557ms    mgasps=0.791  triediffs=6.14MiB triedirty=16.90MiB
INFO [06-01|16:21:45.678] Chain head was updated                   number=6503 hash=ad6703..fe3d0a root=123751..84d14f elapsed="66.831µs"
