WARN [06-01|16:30:21.407] Unknown config environment variable      envvar=GETH_PBT_BIN
WARN [06-01|16:30:21.407] Unknown config environment variable      envvar=GETH_UBT_BIN
INFO [06-01|16:30:21.421] Starting Geth on Ethereum mainnet...
INFO [06-01|16:30:21.423] Maximum peer count                       ETH=0 total=0
INFO [06-01|16:30:21.424] Smartcard socket not found, disabling    err="stat /run/pcscd/pcscd.comm: no such file or directory"
WARN [06-01|16:30:21.426] Option --miner.etherbase is deprecated as the etherbase is set by the consensus client post-merge
INFO [06-01|16:30:21.431] Set global gas cap                       cap=50,000,000
INFO [06-01|16:30:22.287] Using developer account                  address=0xf39Fd6e51aad88F6F4ce6aB8827279cffFb92266
INFO [06-01|16:30:22.330] Using pebble as the backing database
INFO [06-01|16:30:22.330] Allocated cache and file handles         database=/mnt/state_expiry_vol_data/ubt-vs-pbt-dbs/ubt/geth/chaindata cache=2.00GiB handles=262,144
INFO [06-01|16:30:22.569] Opened ancient database                  database=/mnt/state_expiry_vol_data/ubt-vs-pbt-dbs/ubt/geth/chaindata/ancient/chain readonly=true
INFO [06-01|16:30:22.569] Opened Era store                         datadir=/mnt/state_expiry_vol_data/ubt-vs-pbt-dbs/ubt/geth/chaindata/ancient/chain/era
INFO [06-01|16:30:22.577] Initializing the KZG library             backend=gokzg
INFO [06-01|16:30:22.578] Allocated trie memory caches             clean=614.00MiB dirty=1.00GiB
INFO [06-01|16:30:22.588] Using pebble as the backing database
INFO [06-01|16:30:22.588] Allocated cache and file handles         database=/mnt/state_expiry_vol_data/ubt-vs-pbt-dbs/ubt/geth/chaindata cache=2.00GiB handles=262,144
INFO [06-01|16:30:22.820] Opened ancient database                  database=/mnt/state_expiry_vol_data/ubt-vs-pbt-dbs/ubt/geth/chaindata/ancient/chain readonly=false
INFO [06-01|16:30:22.820] Opened Era store                         datadir=/mnt/state_expiry_vol_data/ubt-vs-pbt-dbs/ubt/geth/chaindata/ancient/chain/era
INFO [06-01|16:30:22.826] State scheme set to already existing     scheme=path
INFO [06-01|16:30:22.830] Initialising Ethereum protocol           network=1337 dbversion=9
WARN [06-01|16:30:22.830] Sanitizing invalid node buffer size      provided=1.00GiB updated=256.00MiB
INFO [06-01|16:30:22.831] Load database journal from file          path=/mnt/state_expiry_vol_data/ubt-vs-pbt-dbs/ubt/geth/triedb/verkle.journal
INFO [06-01|16:30:23.083] Opened ancient database                  database=/mnt/state_expiry_vol_data/ubt-vs-pbt-dbs/ubt/geth/chaindata/ancient/state_verkle readonly=false
INFO [06-01|16:30:23.084] State snapshot generator is not compatible
INFO [06-01|16:30:23.085] Initialized path database                triecache=614.00MiB statecache=409.00MiB buffer=256.00MiB state-history="last 90000 blocks" journal-dir=/mnt/state_expiry_vol_data/ubt-vs-pbt-dbs/ubt/geth/triedb verkle=true
INFO [06-01|16:30:23.085] 
INFO [06-01|16:30:23.085] ---------------------------------------------------------------------------------------------------------------------------------------------------------
INFO [06-01|16:30:23.085] Chain ID:  1337 (unknown)
INFO [06-01|16:30:23.085] Consensus: unknown
INFO [06-01|16:30:23.085] 
INFO [06-01|16:30:23.085] Pre-Merge hard forks (block based):
INFO [06-01|16:30:23.085]  - Homestead:                   #0       
INFO [06-01|16:30:23.085]  - Tangerine Whistle (EIP 150): #0       
INFO [06-01|16:30:23.085]  - Spurious Dragon/1 (EIP 155): #0       
INFO [06-01|16:30:23.085]  - Spurious Dragon/2 (EIP 158): #0       
INFO [06-01|16:30:23.085]  - Byzantium:                   #0       
INFO [06-01|16:30:23.085]  - Constantinople:              #0       
INFO [06-01|16:30:23.085]  - Petersburg:                  #0       
INFO [06-01|16:30:23.085]  - Istanbul:                    #0       
INFO [06-01|16:30:23.085]  - Berlin:                      #0       
INFO [06-01|16:30:23.085]  - London:                      #0       
INFO [06-01|16:30:23.085]  - Arrow Glacier:               #0       
INFO [06-01|16:30:23.085]  - Gray Glacier:                #0       
INFO [06-01|16:30:23.085] 
INFO [06-01|16:30:23.085] Merge configured:
INFO [06-01|16:30:23.085]  - Total terminal difficulty:  0
INFO [06-01|16:30:23.085]  - Merge netsplit block:       #0       
INFO [06-01|16:30:23.085] 
INFO [06-01|16:30:23.085] Post-Merge hard forks (timestamp based):
INFO [06-01|16:30:23.085]  - Shanghai:                    @0         
INFO [06-01|16:30:23.085]  - Cancun:                      @0          blob: (target: 3, max: 6, fraction: 3338477)
INFO [06-01|16:30:23.085]  - Prague:                      @0          blob: (target: 6, max: 9, fraction: 5007716)
INFO [06-01|16:30:23.085]  - Osaka:                       @0          blob: (target: 6, max: 9, fraction: 5007716)
INFO [06-01|16:30:23.085]  - UBT:                         @0          blob: (nil)
INFO [06-01|16:30:23.085] 
INFO [06-01|16:30:23.085] All fork specifications can be found at https://ethereum.github.io/execution-specs/src/ethereum/forks/
INFO [06-01|16:30:23.085] 
INFO [06-01|16:30:23.085] ---------------------------------------------------------------------------------------------------------------------------------------------------------
INFO [06-01|16:30:23.085] 
INFO [06-01|16:30:23.085] Loaded most recent local block           number=6790 hash=5e5c78..ef5baf age=3s
INFO [06-01|16:30:23.085] Loaded most recent local finalized block number=6784 hash=e7abf6..9cce0c age=10s
INFO [06-01|16:30:23.086] Initialized transaction indexer          range="last 2350000 blocks"
INFO [06-01|16:30:23.086] Initialized log indexer                  firstblock=0 lastblock=6790 firstmap=0 lastmap=0 headindexed=true
INFO [06-01|16:30:23.141] Enabled full-sync                        head=6790 hash=5e5c78..ef5baf
INFO [06-01|16:30:23.141] Unprotected transactions allowed
INFO [06-01|16:30:23.141] Gasprice oracle is ignoring threshold set threshold=2
INFO [06-01|16:30:23.142] Registered sync override service
WARN [06-01|16:30:23.142] You are running Geth in --dev mode. Please note the following:
WARN [06-01|16:30:23.142] 
WARN [06-01|16:30:23.142]   1. This mode is only intended for fast, iterative development without assumptions on
WARN [06-01|16:30:23.142]      security or persistence.
WARN [06-01|16:30:23.142]   2. The database is created in memory unless specified otherwise. Therefore, shutting down
WARN [06-01|16:30:23.142]      your computer or losing power will wipe your entire block data and chain state for
WARN [06-01|16:30:23.142]      your dev environment.
WARN [06-01|16:30:23.142]   3. A random, pre-allocated developer account will be available and unlocked as
WARN [06-01|16:30:23.142]      eth.coinbase, which can be used for testing. The random dev account is temporary,
WARN [06-01|16:30:23.142]      stored on a ramdisk, and will be lost if your machine is restarted.
WARN [06-01|16:30:23.142]   4. Mining is enabled by default. However, the client will only seal blocks if transactions
WARN [06-01|16:30:23.142]      are pending in the mempool. The miner's minimum accepted gas price is 1.
WARN [06-01|16:30:23.142]   5. Networking is disabled; there is no listen-address, the maximum number of peers is set
WARN [06-01|16:30:23.142]      to 0, and discovery is disabled.
WARN [06-01|16:30:23.142] 
INFO [06-01|16:30:23.142] Starting peer-to-peer node               instance=Geth/v1.17.3-unstable/linux-amd64/go1.24.9
WARN [06-01|16:30:23.142] P2P server will be useless, neither dialing nor listening
INFO [06-01|16:30:23.196] New local node record                    seq=1,780,289,665,082 id=c084d8867e8cc127 ip=127.0.0.1 udp=0 tcp=0
INFO [06-01|16:30:23.196] Started P2P networking                   self=enode://ed0ccbffbfc0dc9f1b0f8e55d585ad3e61215b1974f32d9388e7ae53563e3ebe0172c21d754fa202c3a63f95bef3ff3ea24339ffdabd0115c47ec5b8d33136a9@127.0.0.1:0
INFO [06-01|16:30:23.196] IPC endpoint opened                      url=/mnt/state_expiry_vol_data/ubt-vs-pbt-dbs/ubt/geth.ipc
ERROR[06-01|16:30:23.196] Unavailable modules in HTTP API list     unavailable=[personal] available="[admin debug web3 eth txpool miner net dev testing]"
INFO [06-01|16:30:23.197] HTTP server started                      endpoint=127.0.0.1:8545 auth=false prefix= cors= vhosts=localhost
INFO [06-01|16:30:23.197] WebSocket enabled                        url=ws://127.0.0.1:8546
INFO [06-01|16:30:23.683] Loaded local transaction journal         transactions=4665 dropped=0
INFO [06-01|16:30:24.444] Started log indexer
INFO [06-01|16:30:24.494] Starting work on payload                 id=0x03f41b1615cdcae3
INFO [06-01|16:30:24.511] Updated payload                          id=0x03f41b1615cdcae3 number=6791 hash=55fab8..ee4d49 txs=0 withdrawals=0 gas=0 fees=0 root=c9b2bc..900697 elapsed=16.834ms
INFO [06-01|16:30:24.511] Stopping work on payload                 id=0x03f41b1615cdcae3 reason=delivery
WARN [06-01|16:30:24.519] {"level":"warn","msg":"Slow block","block":{"number":6791,"hash":"0x55fab801595e0aaaeed01b23a3938ae1e9fcbcd64ca0a0e63e0a988d45ee4d49","gas_used":0,"tx_count":0},"timing":{"execution_ms":0.092116,"state_read_ms":6.095099,"state_hash_ms":0.002587,"commit_ms":0.987261,"total_ms":7.705945},"throughput":{"mgas_per_sec":0},"state_reads":{"accounts":4,"storage_slots":0,"code":0,"code_bytes":0},"state_writes":{"accounts":0,"accounts_deleted":0,"storage_slots":0,"storage_slots_deleted":0,"code":0,"code_bytes":0},"cache":{"account":{"hits":0,"misses":4,"hit_rate":0},"storage":{"hits":0,"misses":0,"hit_rate":0},"code":{"hits":0,"misses":0,"hit_rate":0,"hit_bytes":0,"miss_bytes":0}}}
INFO [06-01|16:30:24.519] Imported new potential chain segment     number=6791 hash=55fab8..ee4d49 blocks=1 txs=0 mgas=0.000 elapsed=8.189ms  mgasps=0.000 triediffs=1.36MiB triedirty=18.49MiB
INFO [06-01|16:30:24.520] Chain head was updated                   number=6791 hash=55fab8..ee4d49 root=c9b2bc..900697 elapsed="98.478µs"
INFO [06-01|16:30:25.543] Starting work on payload                 id=0x0332678a13dd2a27
INFO [06-01|16:30:25.567] Updated payload                          id=0x0332678a13dd2a27 number=6792 hash=22b39e..d4525f txs=0 withdrawals=0 gas=0 fees=0 root=c9b2bc..900697 elapsed=24.439ms
INFO [06-01|16:30:25.567] Stopping work on payload                 id=0x0332678a13dd2a27 reason=delivery
WARN [06-01|16:30:25.590] {"level":"warn","msg":"Slow block","block":{"number":6792,"hash":"0x22b39e53218935d22050ae1357547d3253610fbb9ba21cad0038db4487d4525f","gas_used":0,"tx_count":0},"timing":{"execution_ms":0.031624,"state_read_ms":21.575915,"state_hash_ms":0.002375,"commit_ms":0.12664,"total_ms":21.985374},"throughput":{"mgas_per_sec":0},"state_reads":{"accounts":4,"storage_slots":0,"code":0,"code_bytes":0},"state_writes":{"accounts":0,"accounts_deleted":0,"storage_slots":0,"storage_slots_deleted":0,"code":0,"code_bytes":0},"cache":{"account":{"hits":0,"misses":4,"hit_rate":0},"storage":{"hits":0,"misses":0,"hit_rate":0},"code":{"hits":0,"misses":0,"hit_rate":0,"hit_bytes":0,"miss_bytes":0}}}
INFO [06-01|16:30:25.590] Imported new potential chain segment     number=6792 hash=22b39e..d4525f blocks=1 txs=0 mgas=0.000 elapsed=22.187ms   mgasps=0.000 triediffs=1.36MiB triedirty=18.49MiB
INFO [06-01|16:30:25.590] Chain head was updated                   number=6792 hash=22b39e..d4525f root=c9b2bc..900697 elapsed="37.644µs"
INFO [06-01|16:30:26.448] Submitted contract creation              hash=0x6dea8911fd0843ed57900cec9a0e899d12e349a3b5d31d85815d9a4205d2335c from=0xf39Fd6e51aad88F6F4ce6aB8827279cffFb92266 nonce=2077 contract=0x02e2F86748f46AB043D82C464f0F51147F2B52d3 value=0
INFO [06-01|16:30:26.448] Submitted transaction                    hash=0x5b7635e7f1324c827a19d16a294dc3f1213e7ee6a06a320a4af3eb85c4bdafb6 from=0xf39Fd6e51aad88F6F4ce6aB8827279cffFb92266 nonce=2078 recipient=0xb205bEDB7b41dC67B585d2B69d1E667A4d16fA78 value=78,000,000
INFO [06-01|16:30:26.608] Starting work on payload                 id=0x0371f513f00d17dc
INFO [06-01|16:30:26.659] Updated payload                          id=0x0371f513f00d17dc number=6793 hash=9c8486..ac93f8 txs=2 withdrawals=0 gas=86840 fees=5.2104e-13 root=086bf3..507fff elapsed=50.808ms
INFO [06-01|16:30:26.659] Stopping work on payload                 id=0x0371f513f00d17dc reason=delivery
WARN [06-01|16:30:26.694] {"level":"warn","msg":"Slow block","block":{"number":6793,"hash":"0x9c8486412933f577ec2fbda533ac1876a16b159030e0aac7d2af57c486ac93f8","gas_used":86840,"tx_count":2},"timing":{"execution_ms":0.184837,"state_read_ms":13.076814,"state_hash_ms":9.669781,"commit_ms":5.092345,"total_ms":35.490993},"throughput":{"mgas_per_sec":2.446817985622437},"state_reads":{"accounts":11,"storage_slots":0,"code":0,"code_bytes":0},"state_writes":{"accounts":3,"accounts_deleted":0,"storage_slots":0,"storage_slots_deleted":0,"code":1,"code_bytes":157},"cache":{"account":{"hits":5,"misses":6,"hit_rate":45.45454545454545},"storage":{"hits":0,"misses":0,"hit_rate":0},"code":{"hits":0,"misses":0,"hit_rate":0,"hit_bytes":0,"miss_bytes":0}}}
INFO [06-01|16:30:26.695] Imported new potential chain segment     number=6793 hash=9c8486..ac93f8 blocks=1 txs=2 mgas=0.087 elapsed=35.692ms   mgasps=2.433 triediffs=1.36MiB triedirty=18.49MiB
INFO [06-01|16:30:26.695] Chain head was updated                   number=6793 hash=9c8486..ac93f8 root=086bf3..507fff elapsed="142.783µs"
INFO [06-01|16:30:27.461] Submitted transaction                    hash=0xb9a62d10449b8adc6d8d9e337fbe01b25b690cc215aa0aeb0a39222c84d6473e from=0xb205bEDB7b41dC67B585d2B69d1E667A4d16fA78 nonce=0    recipient=0x02e2F86748f46AB043D82C464f0F51147F2B52d3 value=0
INFO [06-01|16:30:27.707] Starting work on payload                 id=0x03ce5efbfe952b3c
INFO [06-01|16:30:27.856] Updated payload                          id=0x03ce5efbfe952b3c number=6794 hash=d8b744..172ab6 txs=1 withdrawals=0 gas=5,900,023 fees=3.5400138e-11 root=98e255..3b6596 elapsed=148.583ms
INFO [06-01|16:30:27.856] Stopping work on payload                 id=0x03ce5efbfe952b3c reason=delivery
WARN [06-01|16:30:27.991] {"level":"warn","msg":"Slow block","block":{"number":6794,"hash":"0xd8b7442629c40547dfc7182713fbc998cd50bb2a891ea4391bffc333de172ab6","gas_used":5900023,"tx_count":1},"timing":{"execution_ms":101.281841,"state_read_ms":23.715555,"state_hash_ms":8.151877,"commit_ms":0.77307,"total_ms":134.289361},"throughput":{"mgas_per_sec":43.93514836964635},"state_reads":{"accounts":263,"storage_slots":259,"code":257,"code_bytes":7325},"state_writes":{"accounts":2,"accounts_deleted":0,"storage_slots":0,"storage_slots_deleted":0,"code":0,"code_bytes":0},"cache":{"account":{"hits":80,"misses":183,"hit_rate":30.418250950570343},"storage":{"hits":75,"misses":184,"hit_rate":28.957528957528954},"code":{"hits":257,"misses":0,"hit_rate":100,"hit_bytes":7325,"miss_bytes":0}}}
INFO [06-01|16:30:27.991] Imported new potential chain segment     number=6794 hash=d8b744..172ab6 blocks=1 txs=1 mgas=5.900 elapsed=134.558ms   mgasps=43.847 triediffs=1.36MiB triedirty=18.49MiB
INFO [06-01|16:30:27.991] Chain head was updated                   number=6794 hash=d8b744..172ab6 root=98e255..3b6596 elapsed="102.286µs"
INFO [06-01|16:30:28.475] Submitted transaction                    hash=0x7642740360ebf7f17837578ecd4f8fb9131ce94506fda593025475ae0fbec02a from=0xb205bEDB7b41dC67B585d2B69d1E667A4d16fA78 nonce=1    recipient=0xf39Fd6e51aad88F6F4ce6aB8827279cffFb92266 value=1,047,701
INFO [06-01|16:30:29.013] Starting work on payload                 id=0x03392f2fa4922625
INFO [06-01|16:30:29.028] Updated payload                          id=0x03392f2fa4922625 number=6795 hash=30b004..1eff72 txs=1 withdrawals=0 gas=21000     fees=2.1e-14       root=1e16e5..5c5d0d elapsed=14.737ms
INFO [06-01|16:30:29.028] Stopping work on payload                 id=0x03392f2fa4922625 reason=delivery
WARN [06-01|16:30:29.057] {"level":"warn","msg":"Slow block","block":{"number":6795,"hash":"0x30b0041534abd7546108d3da51afeee2fe900452123d3bee645f7f6de01eff72","gas_used":21000,"tx_count":1},"timing":{"execution_ms":0.082476,"state_read_ms":12.105701,"state_hash_ms":15.767579,"commit_ms":0.527778,"total_ms":28.68012},"throughput":{"mgas_per_sec":0.7322145095627215},"state_reads":{"accounts":6,"storage_slots":0,"code":0,"code_bytes":0},"state_writes":{"accounts":2,"accounts_deleted":0,"storage_slots":0,"storage_slots_deleted":0,"code":0,"code_bytes":0},"cache":{"account":{"hits":2,"misses":4,"hit_rate":33.33333333333333},"storage":{"hits":0,"misses":0,"hit_rate":0},"code":{"hits":0,"misses":0,"hit_rate":0,"hit_bytes":0,"miss_bytes":0}}}
INFO [06-01|16:30:29.057] Imported new potential chain segment     number=6795 hash=30b004..1eff72 blocks=1 txs=1 mgas=0.021 elapsed=28.843ms    mgasps=0.728  triediffs=1.36MiB triedirty=18.50MiB
INFO [06-01|16:30:29.057] Chain head was updated                   number=6795 hash=30b004..1eff72 root=1e16e5..5c5d0d elapsed="50.41µs"
