WARN [06-01|08:34:28.679] Unknown config environment variable      envvar=GETH_PBT_BIN
INFO [06-01|08:34:28.691] Starting Geth on Ethereum mainnet...
INFO [06-01|08:34:28.693] Maximum peer count                       ETH=0 total=0
INFO [06-01|08:34:28.694] Smartcard socket not found, disabling    err="stat /run/pcscd/pcscd.comm: no such file or directory"
WARN [06-01|08:34:28.699] Option --miner.etherbase is deprecated as the etherbase is set by the consensus client post-merge
WARN [06-01|08:34:28.701] Snap sync requested, resetting --cache.snapshot
INFO [06-01|08:34:28.701] Set global gas cap                       cap=50,000,000
INFO [06-01|08:34:29.523] Using developer account                  address=0xf39Fd6e51aad88F6F4ce6aB8827279cffFb92266
INFO [06-01|08:34:29.561] Using pebble as the backing database
INFO [06-01|08:34:29.561] Allocated cache and file handles         database=/mnt/state_expiry_vol_data/ubt-vs-pbt-dbs/pbt/geth/chaindata cache=16.00MiB handles=262,144
INFO [06-01|08:34:29.764] Opened ancient database                  database=/mnt/state_expiry_vol_data/ubt-vs-pbt-dbs/pbt/geth/chaindata/ancient/chain readonly=true
INFO [06-01|08:34:29.764] Opened Era store                         datadir=/mnt/state_expiry_vol_data/ubt-vs-pbt-dbs/pbt/geth/chaindata/ancient/chain/era
INFO [06-01|08:34:29.772] Initializing the KZG library             backend=gokzg
INFO [06-01|08:34:29.774] Allocated trie memory caches             clean=0.00B dirty=0.00B
INFO [06-01|08:34:29.783] Using pebble as the backing database
INFO [06-01|08:34:29.783] Allocated cache and file handles         database=/mnt/state_expiry_vol_data/ubt-vs-pbt-dbs/pbt/geth/chaindata cache=16.00MiB handles=262,144
INFO [06-01|08:34:30.028] Opened ancient database                  database=/mnt/state_expiry_vol_data/ubt-vs-pbt-dbs/pbt/geth/chaindata/ancient/chain readonly=false
INFO [06-01|08:34:30.028] Opened Era store                         datadir=/mnt/state_expiry_vol_data/ubt-vs-pbt-dbs/pbt/geth/chaindata/ancient/chain/era
INFO [06-01|08:34:30.033] State scheme set to already existing     scheme=path
INFO [06-01|08:34:30.043] Initialising Ethereum protocol           network=1337 dbversion=9
INFO [06-01|08:34:30.043] Load database journal from file          path=/mnt/state_expiry_vol_data/ubt-vs-pbt-dbs/pbt/geth/triedb/verkle.journal
INFO [06-01|08:34:30.157] Opened ancient database                  database=/mnt/state_expiry_vol_data/ubt-vs-pbt-dbs/pbt/geth/chaindata/ancient/state_verkle readonly=false
INFO [06-01|08:34:30.159] State snapshot generator is not compatible
INFO [06-01|08:34:30.159] Initialized path database                triecache=0.00B statecache=0.00B buffer=0.00B state-history="last 90000 blocks" journal-dir=/mnt/state_expiry_vol_data/ubt-vs-pbt-dbs/pbt/geth/triedb verkle=true
INFO [06-01|08:34:30.159] 
INFO [06-01|08:34:30.159] ---------------------------------------------------------------------------------------------------------------------------------------------------------
INFO [06-01|08:34:30.159] Chain ID:  1337 (unknown)
INFO [06-01|08:34:30.159] Consensus: unknown
INFO [06-01|08:34:30.159] 
INFO [06-01|08:34:30.159] Pre-Merge hard forks (block based):
INFO [06-01|08:34:30.159]  - Homestead:                   #0       
INFO [06-01|08:34:30.159]  - Tangerine Whistle (EIP 150): #0       
INFO [06-01|08:34:30.159]  - Spurious Dragon/1 (EIP 155): #0       
INFO [06-01|08:34:30.159]  - Spurious Dragon/2 (EIP 158): #0       
INFO [06-01|08:34:30.159]  - Byzantium:                   #0       
INFO [06-01|08:34:30.159]  - Constantinople:              #0       
INFO [06-01|08:34:30.159]  - Petersburg:                  #0       
INFO [06-01|08:34:30.159]  - Istanbul:                    #0       
INFO [06-01|08:34:30.159]  - Berlin:                      #0       
INFO [06-01|08:34:30.159]  - London:                      #0       
INFO [06-01|08:34:30.159]  - Arrow Glacier:               #0       
INFO [06-01|08:34:30.159]  - Gray Glacier:                #0       
INFO [06-01|08:34:30.159] 
INFO [06-01|08:34:30.159] Merge configured:
INFO [06-01|08:34:30.159]  - Total terminal difficulty:  0
INFO [06-01|08:34:30.159]  - Merge netsplit block:       #0       
INFO [06-01|08:34:30.159] 
INFO [06-01|08:34:30.159] Post-Merge hard forks (timestamp based):
INFO [06-01|08:34:30.159]  - Shanghai:                    @0         
INFO [06-01|08:34:30.159]  - Cancun:                      @0          blob: (target: 3, max: 6, fraction: 3338477)
INFO [06-01|08:34:30.159]  - Prague:                      @0          blob: (target: 6, max: 9, fraction: 5007716)
INFO [06-01|08:34:30.159]  - Osaka:                       @0          blob: (target: 6, max: 9, fraction: 5007716)
INFO [06-01|08:34:30.159]  - UBT:                         @0          blob: (nil)
INFO [06-01|08:34:30.159] 
INFO [06-01|08:34:30.159] All fork specifications can be found at https://ethereum.github.io/execution-specs/src/ethereum/forks/
INFO [06-01|08:34:30.159] 
INFO [06-01|08:34:30.159] ---------------------------------------------------------------------------------------------------------------------------------------------------------
INFO [06-01|08:34:30.159] 
INFO [06-01|08:34:30.159] Loaded most recent local block           number=1859 hash=9d2e2b..04a162 age=4s
INFO [06-01|08:34:30.159] Loaded most recent local finalized block number=1856 hash=3e8dc0..fd4d0a age=7s
INFO [06-01|08:34:30.160] Initialized transaction indexer          range="last 2350000 blocks"
INFO [06-01|08:34:30.161] Initialized log indexer                  firstblock=0 lastblock=1859 firstmap=0 lastmap=0 headindexed=true
INFO [06-01|08:34:30.180] Enabled full-sync                        head=1859 hash=9d2e2b..04a162
INFO [06-01|08:34:30.180] Unprotected transactions allowed
INFO [06-01|08:34:30.180] Gasprice oracle is ignoring threshold set threshold=2
INFO [06-01|08:34:30.181] Registered sync override service
WARN [06-01|08:34:30.181] You are running Geth in --dev mode. Please note the following:
WARN [06-01|08:34:30.181] 
WARN [06-01|08:34:30.181]   1. This mode is only intended for fast, iterative development without assumptions on
WARN [06-01|08:34:30.181]      security or persistence.
WARN [06-01|08:34:30.181]   2. The database is created in memory unless specified otherwise. Therefore, shutting down
WARN [06-01|08:34:30.181]      your computer or losing power will wipe your entire block data and chain state for
WARN [06-01|08:34:30.181]      your dev environment.
WARN [06-01|08:34:30.181]   3. A random, pre-allocated developer account will be available and unlocked as
WARN [06-01|08:34:30.181]      eth.coinbase, which can be used for testing. The random dev account is temporary,
WARN [06-01|08:34:30.181]      stored on a ramdisk, and will be lost if your machine is restarted.
WARN [06-01|08:34:30.181]   4. Mining is enabled by default. However, the client will only seal blocks if transactions
WARN [06-01|08:34:30.181]      are pending in the mempool. The miner's minimum accepted gas price is 1.
WARN [06-01|08:34:30.181]   5. Networking is disabled; there is no listen-address, the maximum number of peers is set
WARN [06-01|08:34:30.181]      to 0, and discovery is disabled.
WARN [06-01|08:34:30.181] 
INFO [06-01|08:34:30.181] Starting peer-to-peer node               instance=Geth/v1.17.3-unstable/linux-amd64/go1.24.9
WARN [06-01|08:34:30.181] P2P server will be useless, neither dialing nor listening
INFO [06-01|08:34:30.211] IPC endpoint opened                      url=/mnt/state_expiry_vol_data/ubt-vs-pbt-dbs/pbt/geth.ipc
ERROR[06-01|08:34:30.211] Unavailable modules in HTTP API list     unavailable=[personal] available="[admin debug web3 eth txpool miner net dev testing]"
INFO [06-01|08:34:30.211] New local node record                    seq=1,780,292,694,450 id=972c5cc0b2a1895c ip=127.0.0.1 udp=0 tcp=0
INFO [06-01|08:34:30.212] Started P2P networking                   self=enode://16ec6c0bde109d66472afe00ec8fee3d30718d830d1acf0829842abca89b82afff8a454636cde3b26d700f98647938c6f23e7bee3027caca0d7f19e4b3725e13@127.0.0.1:0
INFO [06-01|08:34:30.212] HTTP server started                      endpoint=127.0.0.1:8545 auth=false prefix= cors= vhosts=localhost
INFO [06-01|08:34:30.212] WebSocket enabled                        url=ws://127.0.0.1:8546
INFO [06-01|08:34:30.384] Loaded local transaction journal         transactions=1577 dropped=0
INFO [06-01|08:34:31.229] Started log indexer
INFO [06-01|08:34:31.264] Starting work on payload                 id=0x039b0623661d0f5e
INFO [06-01|08:34:31.270] Updated payload                          id=0x039b0623661d0f5e number=1860 hash=e2a0af..d56660 txs=0 withdrawals=0 gas=0 fees=0 root=552991..51540a elapsed=6.127ms
INFO [06-01|08:34:31.270] Stopping work on payload                 id=0x039b0623661d0f5e reason=delivery
WARN [06-01|08:34:31.279] {"level":"warn","msg":"Slow block","block":{"number":1860,"hash":"0xe2a0af4b0875d102779a9d0f872aa9f58bb84585984929726e3b7bec88d56660","gas_used":0,"tx_count":0},"timing":{"execution_ms":0.042471,"state_read_ms":7.996165,"state_hash_ms":0.00239,"commit_ms":0.194857,"total_ms":8.415009},"throughput":{"mgas_per_sec":0},"state_reads":{"accounts":4,"storage_slots":0,"code":0,"code_bytes":0},"state_writes":{"accounts":0,"accounts_deleted":0,"storage_slots":0,"storage_slots_deleted":0,"code":0,"code_bytes":0},"cache":{"account":{"hits":0,"misses":4,"hit_rate":0},"storage":{"hits":0,"misses":0,"hit_rate":0},"code":{"hits":0,"misses":0,"hit_rate":0,"hit_bytes":0,"miss_bytes":0}}}
INFO [06-01|08:34:31.279] Imported new potential chain segment     number=1860 hash=e2a0af..d56660 blocks=1 txs=0 mgas=0.000 elapsed=8.808ms mgasps=0.000 triediffs=7.82MiB triedirty=0.00B
INFO [06-01|08:34:31.280] Chain head was updated                   number=1860 hash=e2a0af..d56660 root=552991..51540a elapsed="89.307µs"
INFO [06-01|08:34:32.285] Starting work on payload                 id=0x03462d4c227c55a0
INFO [06-01|08:34:32.299] Updated payload                          id=0x03462d4c227c55a0 number=1861 hash=aa20e3..2b1d5b txs=0 withdrawals=0 gas=0 fees=0 root=552991..51540a elapsed=14.167ms
INFO [06-01|08:34:32.299] Stopping work on payload                 id=0x03462d4c227c55a0 reason=delivery
WARN [06-01|08:34:32.303] {"level":"warn","msg":"Slow block","block":{"number":1861,"hash":"0xaa20e3ac3c79182563689fdcd14b9ce75cfbbc7ee2f000b8d7bf4305062b1d5b","gas_used":0,"tx_count":0},"timing":{"execution_ms":0.041126,"state_read_ms":3.447137,"state_hash_ms":0.001984,"commit_ms":0.192284,"total_ms":3.923393},"throughput":{"mgas_per_sec":0},"state_reads":{"accounts":4,"storage_slots":0,"code":0,"code_bytes":0},"state_writes":{"accounts":0,"accounts_deleted":0,"storage_slots":0,"storage_slots_deleted":0,"code":0,"code_bytes":0},"cache":{"account":{"hits":0,"misses":4,"hit_rate":0},"storage":{"hits":0,"misses":0,"hit_rate":0},"code":{"hits":0,"misses":0,"hit_rate":0,"hit_bytes":0,"miss_bytes":0}}}
INFO [06-01|08:34:32.303] Imported new potential chain segment     number=1861 hash=aa20e3..2b1d5b blocks=1 txs=0 mgas=0.000 elapsed=4.146ms    mgasps=0.000 triediffs=7.82MiB triedirty=0.00B
INFO [06-01|08:34:32.304] Chain head was updated                   number=1861 hash=aa20e3..2b1d5b root=552991..51540a elapsed="69.025µs"
INFO [06-01|08:34:33.307] Starting work on payload                 id=0x0396e7ee46234ce4
INFO [06-01|08:34:33.322] Updated payload                          id=0x0396e7ee46234ce4 number=1862 hash=aeff93..ea2cc1 txs=0 withdrawals=0 gas=0 fees=0 root=552991..51540a elapsed=15.019ms
INFO [06-01|08:34:33.323] Stopping work on payload                 id=0x0396e7ee46234ce4 reason=delivery
WARN [06-01|08:34:33.326] {"level":"warn","msg":"Slow block","block":{"number":1862,"hash":"0xaeff93150cd1e3c4cdfa73503121821ddda64d2e67185f8e4e947006e1ea2cc1","gas_used":0,"tx_count":0},"timing":{"execution_ms":0.035651,"state_read_ms":2.983227,"state_hash_ms":0.00516,"commit_ms":0.128167,"total_ms":3.348908},"throughput":{"mgas_per_sec":0},"state_reads":{"accounts":4,"storage_slots":0,"code":0,"code_bytes":0},"state_writes":{"accounts":0,"accounts_deleted":0,"storage_slots":0,"storage_slots_deleted":0,"code":0,"code_bytes":0},"cache":{"account":{"hits":0,"misses":4,"hit_rate":0},"storage":{"hits":0,"misses":0,"hit_rate":0},"code":{"hits":0,"misses":0,"hit_rate":0,"hit_bytes":0,"miss_bytes":0}}}
INFO [06-01|08:34:33.326] Imported new potential chain segment     number=1862 hash=aeff93..ea2cc1 blocks=1 txs=0 mgas=0.000 elapsed=3.569ms    mgasps=0.000 triediffs=7.82MiB triedirty=0.00B
INFO [06-01|08:34:33.326] Chain head was updated                   number=1862 hash=aeff93..ea2cc1 root=552991..51540a elapsed="32.366µs"
INFO [06-01|08:34:33.698] Submitted contract creation              hash=0x20d9805ee5b7629864a37ff32652f6ca17000eb617b72cede31861c38e2d7274 from=0xf39Fd6e51aad88F6F4ce6aB8827279cffFb92266 nonce=533 contract=0xfc073209b7936A771F77F63D42019a3a93311869 value=0
INFO [06-01|08:34:33.698] Submitted transaction                    hash=0x2afc0ad915fc0df9138ba6fd413d283a0f06ad750f098b7d53ec8a495d4272a7 from=0xf39Fd6e51aad88F6F4ce6aB8827279cffFb92266 nonce=534 recipient=0x9cfcE6c3c475811e58460C8158c321F8B2224634 value=78,000,000
INFO [06-01|08:34:34.331] Starting work on payload                 id=0x03bf14cd4a044159
INFO [06-01|08:34:34.368] Updated payload                          id=0x03bf14cd4a044159 number=1863 hash=d37513..55c4fc txs=2 withdrawals=0 gas=86906 fees=5.21436e-13 root=8a6eb6..44b744 elapsed=37.564ms
INFO [06-01|08:34:34.368] Stopping work on payload                 id=0x03bf14cd4a044159 reason=delivery
INFO [06-01|08:34:34.402] Paused snapshot generation
WARN [06-01|08:34:34.403] {"level":"warn","msg":"Slow block","block":{"number":1863,"hash":"0xd37513d16d85fcc7773be097f5018136aab18a0a634e657c9ed41258b755c4fc","gas_used":86906,"tx_count":2},"timing":{"execution_ms":0.100524,"state_read_ms":26.150996,"state_hash_ms":2.701446,"commit_ms":4.761415,"total_ms":34.018677},"throughput":{"mgas_per_sec":2.5546554911585773},"state_reads":{"accounts":11,"storage_slots":0,"code":0,"code_bytes":0},"state_writes":{"accounts":3,"accounts_deleted":0,"storage_slots":0,"storage_slots_deleted":0,"code":1,"code_bytes":163},"cache":{"account":{"hits":6,"misses":5,"hit_rate":54.54545454545454},"storage":{"hits":0,"misses":0,"hit_rate":0},"code":{"hits":0,"misses":0,"hit_rate":0,"hit_bytes":0,"miss_bytes":0}}}
INFO [06-01|08:34:34.403] Imported new potential chain segment     number=1863 hash=d37513..55c4fc blocks=1 txs=2 mgas=0.087 elapsed=34.272ms   mgasps=2.536 triediffs=7.48MiB triedirty=0.00B
INFO [06-01|08:34:34.403] Chain head was updated                   number=1863 hash=d37513..55c4fc root=8a6eb6..44b744 elapsed="152.346µs"
WARN [06-01|08:34:34.429] Snapshot generation is not permitted
INFO [06-01|08:34:34.712] Submitted transaction                    hash=0xf00eaccd97c6ce64bf36233fce0b8ab9db8ba00d2749fe6ec0aa35c3c0554a8a from=0x9cfcE6c3c475811e58460C8158c321F8B2224634 nonce=0   recipient=0xfc073209b7936A771F77F63D42019a3a93311869 value=0
INFO [06-01|08:34:35.407] Starting work on payload                 id=0x030c6a35adc713a7
INFO [06-01|08:34:35.446] Updated payload                          id=0x030c6a35adc713a7 number=1864 hash=54181b..e97811 txs=1 withdrawals=0 gas=5,908,615 fees=3.545169e-11 root=22f699..308c29 elapsed=38.111ms
INFO [06-01|08:34:35.446] Stopping work on payload                 id=0x030c6a35adc713a7 reason=delivery
INFO [06-01|08:34:35.486] Paused snapshot generation
WARN [06-01|08:34:35.487] {"level":"warn","msg":"Slow block","block":{"number":1864,"hash":"0x54181bd4e928c3f21031af93da69727537d8d39153590eab1e3d270f12e97811","gas_used":5908615,"tx_count":1},"timing":{"execution_ms":10.608163,"state_read_ms":24.722951,"state_hash_ms":3.600831,"commit_ms":1.718186,"total_ms":40.83065},"throughput":{"mgas_per_sec":144.7102850432212},"state_reads":{"accounts":8,"storage_slots":751,"code":2,"code_bytes":191},"state_writes":{"accounts":3,"accounts_deleted":0,"storage_slots":197,"storage_slots_deleted":0,"code":0,"code_bytes":0},"cache":{"account":{"hits":3,"misses":5,"hit_rate":37.5},"storage":{"hits":125,"misses":626,"hit_rate":16.644474034620508},"code":{"hits":2,"misses":0,"hit_rate":100,"hit_bytes":191,"miss_bytes":0}}}
INFO [06-01|08:34:35.487] Imported new potential chain segment     number=1864 hash=54181b..e97811 blocks=1 txs=1 mgas=5.909 elapsed=41.013ms    mgasps=144.065 triediffs=7.52MiB triedirty=0.00B
INFO [06-01|08:34:35.487] Chain head was updated                   number=1864 hash=54181b..e97811 root=22f699..308c29 elapsed="114.817µs"
WARN [06-01|08:34:35.509] Snapshot generation is not permitted
INFO [06-01|08:34:35.726] Submitted transaction                    hash=0x02613c929ef9d526e1b433e3e11c3f223d16a3b9cb737657b846e4c84a441c65 from=0x9cfcE6c3c475811e58460C8158c321F8B2224634 nonce=1   recipient=0xf39Fd6e51aad88F6F4ce6aB8827279cffFb92266 value=936,005
INFO [06-01|08:34:36.498] Starting work on payload                 id=0x039b76d0b4bd47c7
INFO [06-01|08:34:36.513] Updated payload                          id=0x039b76d0b4bd47c7 number=1865 hash=f236ec..505c5c txs=1 withdrawals=0 gas=21000     fees=2.1e-14      root=59102f..9460e6 elapsed=14.493ms
INFO [06-01|08:34:36.513] Stopping work on payload                 id=0x039b76d0b4bd47c7 reason=delivery
INFO [06-01|08:34:36.536] Paused snapshot generation
WARN [06-01|08:34:36.537] {"level":"warn","msg":"Slow block","block":{"number":1865,"hash":"0xf236ec6f2ae1a028b985eff58d9bd3f6a6c90d5c00914402fb25a242f8505c5c","gas_used":21000,"tx_count":1},"timing":{"execution_ms":0.065972,"state_read_ms":7.567391,"state_hash_ms":15.144683,"commit_ms":0.626119,"total_ms":23.569101},"throughput":{"mgas_per_sec":0.8909970728200451},"state_reads":{"accounts":6,"storage_slots":0,"code":0,"code_bytes":0},"state_writes":{"accounts":2,"accounts_deleted":0,"storage_slots":0,"storage_slots_deleted":0,"code":0,"code_bytes":0},"cache":{"account":{"hits":2,"misses":4,"hit_rate":33.33333333333333},"storage":{"hits":0,"misses":0,"hit_rate":0},"code":{"hits":0,"misses":0,"hit_rate":0,"hit_bytes":0,"miss_bytes":0}}}
INFO [06-01|08:34:36.537] Imported new potential chain segment     number=1865 hash=f236ec..505c5c blocks=1 txs=1 mgas=0.021 elapsed=23.717ms    mgasps=0.885   triediffs=7.52MiB triedirty=0.00B
INFO [06-01|08:34:36.537] Chain head was updated                   number=1865 hash=f236ec..505c5c root=59102f..9460e6 elapsed="56.983µs"
WARN [06-01|08:34:36.561] Snapshot generation is not permitted
