WARN [06-01|08:31:19.193] Unknown config environment variable      envvar=GETH_PBT_BIN
INFO [06-01|08:31:19.203] Starting Geth on Ethereum mainnet...
INFO [06-01|08:31:19.205] Maximum peer count                       ETH=0 total=0
INFO [06-01|08:31:19.206] Smartcard socket not found, disabling    err="stat /run/pcscd/pcscd.comm: no such file or directory"
WARN [06-01|08:31:19.211] Option --miner.etherbase is deprecated as the etherbase is set by the consensus client post-merge
WARN [06-01|08:31:19.213] Snap sync requested, resetting --cache.snapshot
INFO [06-01|08:31:19.213] Set global gas cap                       cap=50,000,000
INFO [06-01|08:31:20.016] Using developer account                  address=0xf39Fd6e51aad88F6F4ce6aB8827279cffFb92266
INFO [06-01|08:31:20.052] Using pebble as the backing database
INFO [06-01|08:31:20.052] Allocated cache and file handles         database=/mnt/state_expiry_vol_data/ubt-vs-pbt-dbs/pbt/geth/chaindata cache=16.00MiB handles=262,144
INFO [06-01|08:31:20.254] Opened ancient database                  database=/mnt/state_expiry_vol_data/ubt-vs-pbt-dbs/pbt/geth/chaindata/ancient/chain readonly=true
INFO [06-01|08:31:20.254] Opened Era store                         datadir=/mnt/state_expiry_vol_data/ubt-vs-pbt-dbs/pbt/geth/chaindata/ancient/chain/era
INFO [06-01|08:31:20.262] Initializing the KZG library             backend=gokzg
INFO [06-01|08:31:20.263] Allocated trie memory caches             clean=0.00B dirty=0.00B
INFO [06-01|08:31:20.271] Using pebble as the backing database
INFO [06-01|08:31:20.271] Allocated cache and file handles         database=/mnt/state_expiry_vol_data/ubt-vs-pbt-dbs/pbt/geth/chaindata cache=16.00MiB handles=262,144
INFO [06-01|08:31:20.452] Opened ancient database                  database=/mnt/state_expiry_vol_data/ubt-vs-pbt-dbs/pbt/geth/chaindata/ancient/chain readonly=false
INFO [06-01|08:31:20.452] Opened Era store                         datadir=/mnt/state_expiry_vol_data/ubt-vs-pbt-dbs/pbt/geth/chaindata/ancient/chain/era
INFO [06-01|08:31:20.457] State scheme set to already existing     scheme=path
INFO [06-01|08:31:20.457] Initialising Ethereum protocol           network=1337 dbversion=9
INFO [06-01|08:31:20.457] Load database journal from file          path=/mnt/state_expiry_vol_data/ubt-vs-pbt-dbs/pbt/geth/triedb/verkle.journal
INFO [06-01|08:31:20.597] Opened ancient database                  database=/mnt/state_expiry_vol_data/ubt-vs-pbt-dbs/pbt/geth/chaindata/ancient/state_verkle readonly=false
INFO [06-01|08:31:20.599] State snapshot generator is not compatible
INFO [06-01|08:31:20.599] Initialized path database                triecache=0.00B statecache=0.00B buffer=0.00B state-history="last 90000 blocks" journal-dir=/mnt/state_expiry_vol_data/ubt-vs-pbt-dbs/pbt/geth/triedb verkle=true
INFO [06-01|08:31:20.599] 
INFO [06-01|08:31:20.599] ---------------------------------------------------------------------------------------------------------------------------------------------------------
INFO [06-01|08:31:20.599] Chain ID:  1337 (unknown)
INFO [06-01|08:31:20.599] Consensus: unknown
INFO [06-01|08:31:20.599] 
INFO [06-01|08:31:20.599] Pre-Merge hard forks (block based):
INFO [06-01|08:31:20.599]  - Homestead:                   #0       
INFO [06-01|08:31:20.599]  - Tangerine Whistle (EIP 150): #0       
INFO [06-01|08:31:20.599]  - Spurious Dragon/1 (EIP 155): #0       
INFO [06-01|08:31:20.599]  - Spurious Dragon/2 (EIP 158): #0       
INFO [06-01|08:31:20.599]  - Byzantium:                   #0       
INFO [06-01|08:31:20.599]  - Constantinople:              #0       
INFO [06-01|08:31:20.599]  - Petersburg:                  #0       
INFO [06-01|08:31:20.599]  - Istanbul:                    #0       
INFO [06-01|08:31:20.599]  - Berlin:                      #0       
INFO [06-01|08:31:20.599]  - London:                      #0       
INFO [06-01|08:31:20.599]  - Arrow Glacier:               #0       
INFO [06-01|08:31:20.599]  - Gray Glacier:                #0       
INFO [06-01|08:31:20.599] 
INFO [06-01|08:31:20.599] Merge configured:
INFO [06-01|08:31:20.599]  - Total terminal difficulty:  0
INFO [06-01|08:31:20.599]  - Merge netsplit block:       #0       
INFO [06-01|08:31:20.599] 
INFO [06-01|08:31:20.599] Post-Merge hard forks (timestamp based):
INFO [06-01|08:31:20.599]  - Shanghai:                    @0         
INFO [06-01|08:31:20.599]  - Cancun:                      @0          blob: (target: 3, max: 6, fraction: 3338477)
INFO [06-01|08:31:20.599]  - Prague:                      @0          blob: (target: 6, max: 9, fraction: 5007716)
INFO [06-01|08:31:20.599]  - Osaka:                       @0          blob: (target: 6, max: 9, fraction: 5007716)
INFO [06-01|08:31:20.599]  - UBT:                         @0          blob: (nil)
INFO [06-01|08:31:20.599] 
INFO [06-01|08:31:20.599] All fork specifications can be found at https://ethereum.github.io/execution-specs/src/ethereum/forks/
INFO [06-01|08:31:20.599] 
INFO [06-01|08:31:20.599] ---------------------------------------------------------------------------------------------------------------------------------------------------------
INFO [06-01|08:31:20.599] 
INFO [06-01|08:31:20.601] Loaded most recent local block           number=1737 hash=fec54b..ad3063 age=3s
INFO [06-01|08:31:20.601] Loaded most recent local finalized block number=1728 hash=e0e7de..50505c age=16s
INFO [06-01|08:31:20.602] Initialized transaction indexer          range="last 2350000 blocks"
INFO [06-01|08:31:20.602] Initialized log indexer                  firstblock=0 lastblock=1737 firstmap=0 lastmap=0 headindexed=true
INFO [06-01|08:31:20.623] Enabled full-sync                        head=1737 hash=fec54b..ad3063
INFO [06-01|08:31:20.623] Unprotected transactions allowed
INFO [06-01|08:31:20.623] Gasprice oracle is ignoring threshold set threshold=2
INFO [06-01|08:31:20.624] Registered sync override service
WARN [06-01|08:31:20.624] You are running Geth in --dev mode. Please note the following:
WARN [06-01|08:31:20.624] 
WARN [06-01|08:31:20.624]   1. This mode is only intended for fast, iterative development without assumptions on
WARN [06-01|08:31:20.624]      security or persistence.
WARN [06-01|08:31:20.624]   2. The database is created in memory unless specified otherwise. Therefore, shutting down
WARN [06-01|08:31:20.624]      your computer or losing power will wipe your entire block data and chain state for
WARN [06-01|08:31:20.624]      your dev environment.
WARN [06-01|08:31:20.624]   3. A random, pre-allocated developer account will be available and unlocked as
WARN [06-01|08:31:20.624]      eth.coinbase, which can be used for testing. The random dev account is temporary,
WARN [06-01|08:31:20.624]      stored on a ramdisk, and will be lost if your machine is restarted.
WARN [06-01|08:31:20.624]   4. Mining is enabled by default. However, the client will only seal blocks if transactions
WARN [06-01|08:31:20.624]      are pending in the mempool. The miner's minimum accepted gas price is 1.
WARN [06-01|08:31:20.624]   5. Networking is disabled; there is no listen-address, the maximum number of peers is set
WARN [06-01|08:31:20.624]      to 0, and discovery is disabled.
WARN [06-01|08:31:20.624] 
INFO [06-01|08:31:20.624] Starting peer-to-peer node               instance=Geth/v1.17.3-unstable/linux-amd64/go1.24.9
WARN [06-01|08:31:20.624] P2P server will be useless, neither dialing nor listening
INFO [06-01|08:31:20.648] IPC endpoint opened                      url=/mnt/state_expiry_vol_data/ubt-vs-pbt-dbs/pbt/geth.ipc
ERROR[06-01|08:31:20.648] Unavailable modules in HTTP API list     unavailable=[personal] available="[admin debug web3 eth txpool miner net dev testing]"
INFO [06-01|08:31:20.648] New local node record                    seq=1,780,292,694,431 id=972c5cc0b2a1895c ip=127.0.0.1 udp=0 tcp=0
INFO [06-01|08:31:20.648] Started P2P networking                   self=enode://16ec6c0bde109d66472afe00ec8fee3d30718d830d1acf0829842abca89b82afff8a454636cde3b26d700f98647938c6f23e7bee3027caca0d7f19e4b3725e13@127.0.0.1:0
INFO [06-01|08:31:20.648] HTTP server started                      endpoint=127.0.0.1:8545 auth=false prefix= cors= vhosts=localhost
INFO [06-01|08:31:20.648] WebSocket enabled                        url=ws://127.0.0.1:8546
INFO [06-01|08:31:20.780] Loaded local transaction journal         transactions=1501 dropped=0
INFO [06-01|08:31:21.637] Started log indexer
INFO [06-01|08:31:21.682] Starting work on payload                 id=0x032da2779522a4e5
INFO [06-01|08:31:21.694] Updated payload                          id=0x032da2779522a4e5 number=1738 hash=d5bb07..a976c1 txs=0 withdrawals=0 gas=0 fees=0 root=a99647..d6a9ff elapsed=11.150ms
INFO [06-01|08:31:21.694] Stopping work on payload                 id=0x032da2779522a4e5 reason=delivery
WARN [06-01|08:31:21.698] {"level":"warn","msg":"Slow block","block":{"number":1738,"hash":"0xd5bb0767f60fa1cca1dd8e26bb777771cf087ed1bd5fbd30184d6f8f45a976c1","gas_used":0,"tx_count":0},"timing":{"execution_ms":0.037276,"state_read_ms":2.900093,"state_hash_ms":0.001461,"commit_ms":0.21739,"total_ms":3.401737},"throughput":{"mgas_per_sec":0},"state_reads":{"accounts":4,"storage_slots":0,"code":0,"code_bytes":0},"state_writes":{"accounts":0,"accounts_deleted":0,"storage_slots":0,"storage_slots_deleted":0,"code":0,"code_bytes":0},"cache":{"account":{"hits":0,"misses":4,"hit_rate":0},"storage":{"hits":0,"misses":0,"hit_rate":0},"code":{"hits":0,"misses":0,"hit_rate":0,"hit_bytes":0,"miss_bytes":0}}}
INFO [06-01|08:31:21.698] Imported new potential chain segment     number=1738 hash=d5bb07..a976c1 blocks=1 txs=0 mgas=0.000 elapsed=3.691ms  mgasps=0.000 triediffs=9.88MiB triedirty=0.00B
INFO [06-01|08:31:21.698] Chain head was updated                   number=1738 hash=d5bb07..a976c1 root=a99647..d6a9ff elapsed="159.804µs"
INFO [06-01|08:31:22.704] Starting work on payload                 id=0x031e199ad373a477
INFO [06-01|08:31:22.722] Updated payload                          id=0x031e199ad373a477 number=1739 hash=908dd8..da6799 txs=0 withdrawals=0 gas=0 fees=0 root=a99647..d6a9ff elapsed=18.411ms
INFO [06-01|08:31:22.722] Stopping work on payload                 id=0x031e199ad373a477 reason=delivery
WARN [06-01|08:31:22.726] {"level":"warn","msg":"Slow block","block":{"number":1739,"hash":"0x908dd8f5acbf037a959ccbfce0be940ee7921948b7503e3c9dec7e37c7da6799","gas_used":0,"tx_count":0},"timing":{"execution_ms":0.036041,"state_read_ms":3.014055,"state_hash_ms":0.001582,"commit_ms":0.154107,"total_ms":3.420642},"throughput":{"mgas_per_sec":0},"state_reads":{"accounts":4,"storage_slots":0,"code":0,"code_bytes":0},"state_writes":{"accounts":0,"accounts_deleted":0,"storage_slots":0,"storage_slots_deleted":0,"code":0,"code_bytes":0},"cache":{"account":{"hits":0,"misses":4,"hit_rate":0},"storage":{"hits":0,"misses":0,"hit_rate":0},"code":{"hits":0,"misses":0,"hit_rate":0,"hit_bytes":0,"miss_bytes":0}}}
INFO [06-01|08:31:22.726] Imported new potential chain segment     number=1739 hash=908dd8..da6799 blocks=1 txs=0 mgas=0.000 elapsed=4.052ms     mgasps=0.000 triediffs=9.88MiB triedirty=0.00B
INFO [06-01|08:31:22.727] Chain head was updated                   number=1739 hash=908dd8..da6799 root=a99647..d6a9ff elapsed="51.679µs"
INFO [06-01|08:31:23.731] Starting work on payload                 id=0x0394e2f6c331d0d3
INFO [06-01|08:31:23.738] Updated payload                          id=0x0394e2f6c331d0d3 number=1740 hash=631ea7..a8fe07 txs=0 withdrawals=0 gas=0 fees=0 root=a99647..d6a9ff elapsed=6.801ms
INFO [06-01|08:31:23.738] Stopping work on payload                 id=0x0394e2f6c331d0d3 reason=delivery
WARN [06-01|08:31:23.742] {"level":"warn","msg":"Slow block","block":{"number":1740,"hash":"0x631ea76f34e822e6eb362a1d4b41fc0c93a1b6e99afab3269db543ca16a8fe07","gas_used":0,"tx_count":0},"timing":{"execution_ms":0.031652,"state_read_ms":2.947986,"state_hash_ms":0.003229,"commit_ms":0.130289,"total_ms":3.369301},"throughput":{"mgas_per_sec":0},"state_reads":{"accounts":4,"storage_slots":0,"code":0,"code_bytes":0},"state_writes":{"accounts":0,"accounts_deleted":0,"storage_slots":0,"storage_slots_deleted":0,"code":0,"code_bytes":0},"cache":{"account":{"hits":0,"misses":4,"hit_rate":0},"storage":{"hits":0,"misses":0,"hit_rate":0},"code":{"hits":0,"misses":0,"hit_rate":0,"hit_bytes":0,"miss_bytes":0}}}
INFO [06-01|08:31:23.742] Imported new potential chain segment     number=1740 hash=631ea7..a8fe07 blocks=1 txs=0 mgas=0.000 elapsed=3.607ms     mgasps=0.000 triediffs=9.88MiB triedirty=0.00B
INFO [06-01|08:31:23.743] Chain head was updated                   number=1740 hash=631ea7..a8fe07 root=a99647..d6a9ff elapsed="28.927µs"
INFO [06-01|08:31:24.185] Submitted contract creation              hash=0xe48b2e0e9c55229844ac3de38a6caf840e570f0e42d8970f0da49e1c31c1c254 from=0xf39Fd6e51aad88F6F4ce6aB8827279cffFb92266 nonce=495 contract=0xce830DA8667097BB491A70da268b76a081211814 value=0
INFO [06-01|08:31:24.185] Submitted transaction                    hash=0x0495bafb22bcedd4f900a03edcecbb837beaa16d8ce12a6f91d4481dee41db51 from=0xf39Fd6e51aad88F6F4ce6aB8827279cffFb92266 nonce=496 recipient=0x3033a23F9A8d3b9d8e770c8d2990e72Ae5DF70FA value=78,000,000
INFO [06-01|08:31:24.747] Starting work on payload                 id=0x0326debd1152937b
INFO [06-01|08:31:24.786] Updated payload                          id=0x0326debd1152937b number=1741 hash=62f857..b15e07 txs=2 withdrawals=0 gas=86120 fees=5.1672e-13 root=412bdd..54cd07 elapsed=38.941ms
INFO [06-01|08:31:24.786] Stopping work on payload                 id=0x0326debd1152937b reason=delivery
INFO [06-01|08:31:24.808] Paused snapshot generation
WARN [06-01|08:31:24.809] {"level":"warn","msg":"Slow block","block":{"number":1741,"hash":"0x62f857586716c6a96bad5fcd34bcdfb33ce4eeb2470fc0cf19fcf60b17b15e07","gas_used":86120,"tx_count":2},"timing":{"execution_ms":0.122162,"state_read_ms":3.431519,"state_hash_ms":13.336852,"commit_ms":4.947312,"total_ms":21.993151},"throughput":{"mgas_per_sec":3.9157645032310286},"state_reads":{"accounts":11,"storage_slots":0,"code":0,"code_bytes":0},"state_writes":{"accounts":3,"accounts_deleted":0,"storage_slots":0,"storage_slots_deleted":0,"code":1,"code_bytes":155},"cache":{"account":{"hits":5,"misses":6,"hit_rate":45.45454545454545},"storage":{"hits":0,"misses":0,"hit_rate":0},"code":{"hits":0,"misses":0,"hit_rate":0,"hit_bytes":0,"miss_bytes":0}}}
INFO [06-01|08:31:24.809] Imported new potential chain segment     number=1741 hash=62f857..b15e07 blocks=1 txs=2 mgas=0.086 elapsed=22.196ms    mgasps=3.880 triediffs=9.79MiB triedirty=0.00B
INFO [06-01|08:31:24.809] Chain head was updated                   number=1741 hash=62f857..b15e07 root=412bdd..54cd07 elapsed="193.993µs"
WARN [06-01|08:31:24.829] Snapshot generation is not permitted
INFO [06-01|08:31:25.197] Submitted transaction                    hash=0x143764e509e6f0ac4f95f3d799d1f70d715cd75d647f6d8c6344c9215efa6925 from=0x3033a23F9A8d3b9d8e770c8d2990e72Ae5DF70FA nonce=0   recipient=0xce830DA8667097BB491A70da268b76a081211814 value=0
INFO [06-01|08:31:25.829] Starting work on payload                 id=0x0322649d9323e0fb
INFO [06-01|08:31:25.950] Updated payload                          id=0x0322649d9323e0fb number=1742 hash=cb71a0..d48aba txs=1 withdrawals=0 gas=5,900,406 fees=3.5402436e-11 root=51c97c..762edd elapsed=121.113ms
INFO [06-01|08:31:25.953] Stopping work on payload                 id=0x0322649d9323e0fb reason=delivery
INFO [06-01|08:31:26.094] Paused snapshot generation
WARN [06-01|08:31:26.094] {"level":"warn","msg":"Slow block","block":{"number":1742,"hash":"0xcb71a0b2fa4ef75a6917246cf3ca7dcbcbc8100cc60dd8fdb65a9b3cccd48aba","gas_used":5900406,"tx_count":1},"timing":{"execution_ms":131.883243,"state_read_ms":8.430629,"state_hash_ms":2.399197,"commit_ms":0.608168,"total_ms":143.500189},"throughput":{"mgas_per_sec":41.1177576915944},"state_reads":{"accounts":8,"storage_slots":258,"code":2,"code_bytes":183},"state_writes":{"accounts":2,"accounts_deleted":0,"storage_slots":0,"storage_slots_deleted":0,"code":0,"code_bytes":0},"cache":{"account":{"hits":0,"misses":8,"hit_rate":0},"storage":{"hits":35,"misses":223,"hit_rate":13.565891472868216},"code":{"hits":2,"misses":0,"hit_rate":100,"hit_bytes":183,"miss_bytes":0}}}
INFO [06-01|08:31:26.094] Imported new potential chain segment     number=1742 hash=cb71a0..d48aba blocks=1 txs=1 mgas=5.900 elapsed=143.748ms   mgasps=41.047 triediffs=9.80MiB triedirty=0.00B
INFO [06-01|08:31:26.095] Chain head was updated                   number=1742 hash=cb71a0..d48aba root=51c97c..762edd elapsed="116.836µs"
WARN [06-01|08:31:26.119] Snapshot generation is not permitted
INFO [06-01|08:31:26.210] Submitted transaction                    hash=0xc8b5691da9f3337b8307aa618fa0edba5b459fc2851a78f3a4163b2ec239a91a from=0x3033a23F9A8d3b9d8e770c8d2990e72Ae5DF70FA nonce=1   recipient=0xf39Fd6e51aad88F6F4ce6aB8827279cffFb92266 value=1,042,722
INFO [06-01|08:31:27.115] Starting work on payload                 id=0x03147a2c4ae3a257
INFO [06-01|08:31:27.121] Updated payload                          id=0x03147a2c4ae3a257 number=1743 hash=f784df..e7c112 txs=1 withdrawals=0 gas=21000     fees=2.1e-14       root=f9bce2..a06194 elapsed=5.865ms
INFO [06-01|08:31:27.121] Stopping work on payload                 id=0x03147a2c4ae3a257 reason=delivery
INFO [06-01|08:31:27.137] Paused snapshot generation
WARN [06-01|08:31:27.137] {"level":"warn","msg":"Slow block","block":{"number":1743,"hash":"0xf784df42fd632506e1765089539247f65cf25d342645400b4c6ecdaccee7c112","gas_used":21000,"tx_count":1},"timing":{"execution_ms":0.061188,"state_read_ms":12.308409,"state_hash_ms":2.368578,"commit_ms":0.703069,"total_ms":15.635422},"throughput":{"mgas_per_sec":1.343104138794591},"state_reads":{"accounts":6,"storage_slots":0,"code":0,"code_bytes":0},"state_writes":{"accounts":2,"accounts_deleted":0,"storage_slots":0,"storage_slots_deleted":0,"code":0,"code_bytes":0},"cache":{"account":{"hits":2,"misses":4,"hit_rate":33.33333333333333},"storage":{"hits":0,"misses":0,"hit_rate":0},"code":{"hits":0,"misses":0,"hit_rate":0,"hit_bytes":0,"miss_bytes":0}}}
INFO [06-01|08:31:27.137] Imported new potential chain segment     number=1743 hash=f784df..e7c112 blocks=1 txs=1 mgas=0.021 elapsed=15.772ms    mgasps=1.331  triediffs=9.79MiB triedirty=0.00B
INFO [06-01|08:31:27.139] Chain head was updated                   number=1743 hash=f784df..e7c112 root=f9bce2..a06194 elapsed="52.756µs"
WARN [06-01|08:31:27.157] Snapshot generation is not permitted
